Michael Yurukov | None
John Flores | None
Barry Klasson | None
Jennifer Lecointe | None
Chris | None
Holly | None
Jennifer | None
Joe Green | None
Hannah Kearney | None
Ben Hall | None
Craig Pilks | None
Joe Green | None
Nicothodes Cory | None
Michael Nelson | None
Katie Kennedy | None
Leah Miller | None
Andrew Kim | None
Mace Leonard | None
Austin Ping | None
Joe Green | None
Stacey Arbuckle | None
Jason Meaders | None
Brendan Moore | None
Haley Caldwell | None
Jack Pasi | None
Jared Seals | None
Dilyara Montoya | None
Evan Watson | None
Jimmy Escobar | None
Brianna Duserick | None
Danielle Esper | None
Kevin Ngo | None
Mallard Jr. Charles | None
Mary Bullard | None
Maddie Chiffor | None
Liz Oswick | None
Moshe Smolarcik | None
Maryna Whelan | None
Justin Jenicke | None
Victor Corona | None
Weston Walker | None
Tanner Lauka | None
Andrea Zick | None
Brielle Laliberte | None
Dilyara (aitbakiyeva) Montoya | None
Osbrink, Luke | None
Bryan | None
Dawn Mann | None
Nemo Patton | None
Mannah Charles | None
Ryan Carr | None
Sinan Hurmuzlu | None
Angela Christensen | None
Jeffrey Innis | None
Maryna Whelan | None
Chelsea Phillips | None
Cara | None
Lindsey Eastwood | None
Evan | None
Thatyane | None
Thais | None
Fernanda | None
Amanda | None
Drew | None
Mark | None
Sean Collins | None
Justin | None
Katie Monus | None
Austin | None
Leah Hudson | None
Joe Seltz | None
Mike Wilson | None
Rachael Lyon | None
Mason Smith | None
Pavel | None
Luke | None
Gabe | None
Lia | None
Leah Hudson | None
David Ly | None
Anna Morgan | None
Ingrid Castillo | None
Garrett Mathison | None
Nicole Crosby | None
Kayla Fjelstul | None
Allison Grandbois | None
Alex Wainstein | None
Josh Rhodes | None
Janelle Murray | None
Alec Matus | None
Brian | None
Kyle Conaboy | None
Jordan | None
Geo Daguer | None
Katz, Brian | None
Sami Dikmessalim | None
Martinov, Craig | None
Mark Ouellette | None
Paul Teneck | None
Randall Rubenstein | None
Gentry Webb | None
Haley Scott | None
Cayden Ihrig | None
Demo Lenny | None
Craig Pilks | None
Morgan | None
Craig | None
Dbt Sapiens | None
Gianna Prosperi | None
Mark | None
Danny Im | None
Mark Passinetti | None
Aurelie | None
Mathew Adami | None
Diego M. Osorio | None
Chelsea | None
Mary | None
Jill | None
Daniel | None
Cameron Kyle | None
Helena Bailey | None
Cameron Kyle | None
Camille | None
Jennifer | None
Hannah | None
Melissa | None
Elizabeth | None
Jeffrey | None
Kallie | None
Mimi Ilieva | None
Jeremy | None
Nicholas | None
Daily, John | None
Rachel Hogan | None
Heyliger, Hailey | None
Jordan | None
Kelly Clark | None
Chris Scialo | None
Mark Ecal | None
John Glenn | None
Raymond Touchstone | None
Alysha Biemolt | None
Amy Knox | None
Madison Colvin | None
Andrea Sepúlveda Villar | None
Shani Dahan | None
Danielle Chitty | None
Hillary Kells | None
Brendon More | None
Trisant Evans | None
Joseph Rems | None
Ivis Torres Turley | None
Jenna Roman | None
Jo,rita | None
Paula Cardona | None
Robert Half Technology | None
Landberg, Angeline | None
Hannah Erickson (kearney) | None
Ceilldh | None
Omar | None
Kirk Schuster-southern | None
Garrett | None
Mark Sylvester | None
Ben Zawacki | None
Jonathan Jurgensmeyer | None
William | None
Cullen Martel | None
Nichole Mccollum | None
Chris Willhite | None
Tayler Bogan | None
Stephen Gherardi | None
Ivan Lingat | None
Laura Simpson | None
Reagan Ryder Hendrix | None
Yanina Drosi | None
Yen Nguyen | None
Meaghan Graham | None
Ken Doll | None
Marissa Morris | None
Colby Lawson | None
Reid Gormly | None
Josh Mills | None
Kelly Zupan | None
Tyler Bogan | None
Kimberly Wheeler | None
Elizabeth Hocking | None
Damon | None
Travis Roberts | None
Thomas Vick | None
Preston Johnson | None
Ricky Escobar | None
Kyle Parbel | None
Tony Perrigo | None
Bill See | None
Nancy Mckinney | None
Chris Bardwell | None
Neil Savage | None
Ally Meize | None
Coel Bliss | None
Lucas Watson | None
Kristen | None
Morgan Komatick | None
Thais Carrino | None
Thatyanne Carvalho | None
Amanda Clowers | None
James Lampke | None
Michael Russo, Itil | None
Tristan Evans | None
Marcus Mazzaferri | None
Benjamin Taylor | None
Stephanie Sherlock | None
Chris Luther | None
Ryan Roulston | None
Brette Hooker | None
Sarah Chandler | None
Brain Farrell | None
Emma Lines | None
Brian Farrell | None
Joe Smith | None
Shaun Johnson | None
Alyssa Fritzke | None
Kayla | None
Grant Materna | None
Cassidy Brod | None
Thomas Matt | None
Hailee Gerwitz | None
Christopher Oaks | None
Will Walker | None
Taylor Levingston | None
Gabriela Reichlin | None
Madison L. Mcclintock | None
Scott Crowther | None
Liz Boston | None
Trisha Trevino Barnett | None
Thomas Vick | None
Brooke Green | None
Abi | None
Jordan North | None
Joseph Sipocz | None
Veo Gladun | None
Nathen Emmeet | None
Crystal Harvey | None
Wes Cutler | None
Rebecca Steciw | None
Jerry Fink | None
Sloane Boozer | None
Troy Jackson | None
Bailey Budka | None
Casmir Zollicoffer | None
Derrick Freligh | None
Artis Yara | None
Aaron Mcmanus | None
Shelby Sewell | None
Heather Inskeep | None
Monique | None
Andrew Schuster | None
Chris | None
Taylar Martin | None
Lacie | None
Emille Antony | None
Taylor Mccuen | None
Mason Hart | None
Zack Whalen | None
Mitch Hagen | None
Berggren Laura | None
Nate Bagby | None
Chris | None
Adriel Aponte | None
Drake Olson | None
Geoffrey King | None
Sally | None
Suman Sandhu | None
Josh Kelley | None
Hannah Erickson | None
Robert Gardner | None
Trupti Deshpande | None
David Bernard | None
Brent Pozza | None
Martha Dyda | None
Nic | None
Zabdiel | None
Ted | None
Brian | None
Dylan | None
Tucker | None
Macey Miller | None
Dan | None
Ban Blaha | None
John Erwin | None
Gaway Young | None
Santina Wood | None
Lisa Berube | None
More… Harrison Pham | None
Harrison Pham | None
Derek Feldshuh | None
Carrie Denger | None
Carrie Danger | None
Sam Rothery | None
Jennifer Komos | None
Micah Ralph | None
Kyle Nussberger | None
Brianna Snider | None
Maizey Cardy-powell | None
Quinn Marzolf | None
Tyler Bogan | None
Paige Liberski | None
Bo Ballard | None
Kieran Costello | None
Matthew Roy | None
Albina Suhail | None
Sara Pileski | None
Brett Thompson | None
Chané Booysen | None
Victoria Debrase | None
Christy Stevens | None
Bryan Moore | None
Haily Martine | None
Mara Mureddu | None
Michael Martinez | None
Samuel Schiro | None
John Hall | None
Michael Mason | None
Bridget Hill | None
Jackie Tabraham | None
Meaghan Graham | None
Alyssa Montgomery | None
Kim Jane | None
Peter J. Wright | None
Devin Hemmerich | None
Andrew Evans | None
Christie Shell | None
Rick | None
Steve Dove | None
Brooke Payne | None
Craig Kurtzman | None
Ryan Flannelly | None
Angelica Avalos-traylor | None
Megan Mullee | None
Erin | None
Dyda, Martha | None
Rafel | None
Sivan Nahshon Reznik | None
Daine Calder | None
Taylor Parker | None
Kelly | None
Lia Fannin | None
Heather Potokar | None
Heather Potokar | None
Andrea Zick | None
Bryan Kyle Everett J.d | None
Brianna Duserick | None
Brendan Moore | None
Olson Drake | None
Moshe | None
Elie Mam | None
Jeremy Lampkin | None
Brad | None
Tabitha Scarbrough | None
Sasha Saghbazarian | None
Anderw | None
Walter Sherwood | None
Walter Sherwood | None
Collin Brown | None
Danielle Griffis | None
Jack A. Pasi | None
Sean Reiterman | None
Nicole Crosby | None
Peter J. Wright | None
Lily Dawson | None
Richard Denoncourt | None
Valerie Montoya | None
Brendan Steele | None
Megan Hohl | None
Lenny | None
Raphael Coleman | None
Cameron Collins | None
Monica Mcnamara | None
Daniel Kolic | None
Bryan Meyer, Cpa, Mba | None
Meggie | None
John | None
Leah Hudson | None
Katelyn Kuniak | None
David Sheehan | None
Merry Cariaga | None
Tom Lund | None
Jordan | None
Cris | None
Matthew Thoms | None
Thomas | None
Brittany | None
Luke | None
Josh Kelley | None
Robert Gardner | None
Katrina Franck | None
Joe Dipaola | None
David | None
Lizzie Kim | None
Abigail White | None
Stacey Arbuckle | None
Frank Criniti | None
Blair | None
Hannah Duran | None
Nick Morrissey | None
Joel Bohorquez | None
Brooke Gallant | None
Rachel Hogan | None
Corey Iuculano | None
Devin | None
Lori Bernhardt | None
David Sheehan (lion) | None
Kristina | None
Geoffrey King | None
Karol | None
Anthony | None
Abby Brauning | None
Amber Griffin | None
Kyle | None
Noelle Coates | None
Ben Pelland | None
Dawn Futia | None
Jillian Porter | None
Lauren Fotta | None
Bryan O’guin | None
Renée Gonzalez | None
Mia Ciardi | None
Nathan | None
Timothy O'shea | None
Sergio Esquivel | None
Rj Martinez | None
Adam Abdelaal | None
Jhera Woods | None
Benjamin Nooan | None
Alex Jury | None
Christopher Bateman | None
Justin Johnson | None
Hannah Joy | None
Glenn Bozant | None
Nicholas Sharkey | None
Christine Conrado Staskiewicz | None
Daniel Gillon | None
Grant Emslie | None
Drey | None
Blake Pummill | None
Grant Emslie | None
Nate | None
Nick Moss | None
Daniel | None
Jeanette Tuplano | None
John | None
Anupam | None
Tamika Richardson | None
Matthew Ousley | None
Angela Brown 2038 | None
Lori Henning | None
Jason | None
Lisa | None
Lisa | None
Tom | None
Nevin | None
Santosh | None
Himanshu | None
Chad Robertson | None
Irene Castro | None
Archie | None
Anupam | None
Ashish | None
Jacob | None
Scott | None
Ram | None
Amanda | None
Jeremy | None
Amanda Hague | None
Lori S | None
Keshav | None
Amit | None
Cassidy | None
Raymond Greer | None
Melanie Delaney | None
Brett Roth | None
Nicole Tripp | None
Staci Johnson | None
Derek Bickle | None
Laura Fulayter | None
John Johns | None
Jason Pennington | None
Kristin Leonardi | None
Lee Ann Hind | None
Sarah Kelly | None
Lee Ann Hind | None
Leslie Ball | None
Rick Lewis | None
Rick | None
Beth Carden-hyman | None
Harriette Maderazo Bayona | None
Chessan Rosila | None
Ali Balais | None
Caleb | None
Micah | None
Dina Dy | None
Pauline Dale Quierrez | None
Genesis De Leon | None
Hovie Enriquez | None
Roam | None
Cherry | None
Roger Polak | None
Scott Robertson | None
Patrick Fox | None
Kirah Fifield | None
Andrew Macmillan | None
Elinor Valero | None
Michael Lovera | None
Steven Yim | None
Tom Welke | None
Puneet | None
Bill Coder | None
Ryan Anderson | None
Bob Hadick | None
Dennis Laughlin | None
Fenil Jani | None
Christopher Lowstuter | None
Sara Tucker | None
Alexis Griffin | None
James Reilman | None
Brian Luibel | None
Kristin Durham | None
Doug Cottengim | None
Andrew Siers | None
Stephanie Carrick | None
Allison | None
Amit Dixit | None
Taryn Endick | None
Kevin Skettini | None
Allison Webster | None
Chris | None
Fenil.jani | None
Ross Rosner | None
Rik Yerzik | None
Julian Lu | None
Jamaica Carcedo | None
Sofia Panzica | None
Sam | None
Christina Matt | None
Ian | None
Tara | None
Tara Leach | None
Tyler Sands | None
Trent Bedingfield | None
Daniel Gemert | None
Michael Brennan | None
Jess Zhu | None
Kyle Howard | None
Maya Kono | None
Lazaro Calderin | None
Ryan Zoellick | None
Anna Leszczynski | None
Molly Kopera | None
Henry | None
Jordan | None
Nikki Lopez | None
Taylor Giaratano | None
Daniel Van Gemert | None
John Fitzgerald | None
Brandon Jeter | None
Hannah Price | None
Alex Salow | None
Anaelisse Aponte | None
Gary Prestipino | None
Joseph Paolozzi | None
Talyn Scarbrough | None
Kyle Sloane | None
Lydia Lawrence | None
Dana Neuman | None
Dana Neuman | None
Dana Neuman | None
Dana Neuman | None
Catrina Stagnato | None
- | None
Tina Johnson | None
Tony.s L.i.o.n | None
Pushpak Kumar | None
Bvijay | None
Matthew Rinehart | None
Steve Rawlings | None
Patrick Keeley | None
Catie S | None
Ana Umanzor | None
Albina Keetch | None
Christie | None
Alexandra Carrier | None
Jesse Araiza | None
Duwayne James Carelse | None
Lauren Rula | None
Kristanielle | None
Lanthing Chalamvah | None
James Leonard | None
Cyril | None
Anthony | None
Ron | None
Amber Escalante | None
Chessan Sweet Rosila | None
Kathy Reilly | None
doug edwards | None
Jeff Kaye | None
Michael J. Bower, CPC | None
Paul Feeney | None
Yenisse Roberts | None
Jason Vu | None
Jason Vu | None
Claire Volis | None
Jason Vu | None
PJ LeDorze | None
Jessica Ohmer | None
Josh Lee | None
Eric Bates | None
Eric Bates | None
sarvan | None
David Gascoigne | None
EJ Debowski | None
Max Bunch | None
Ana Grace | None
Kristin Beverly | None
Torben Espensen | None
Nancy Oliver | None
Bill O'Donovan | None
Abby Creager | None
Joe Hirlinger | None
Stacey Anderson | None
Danielle | None
Noah Wenger | None
Toni Saenz | None
Paul Muzik | None
Mitch Clem | None
Greg | None
Syed | None
Christopher | None
Joana Correia | None
Laurie Hobbs | None
Donna Schuback | None
Saralee | None
Jimmy Bradley | None
Jimmy Bradley | None
Pat Ziapour | None
Marquis | None
Marquis | None
Hod Rabino | None
Mary Drew | None
Jonhllery Reyes | None
Ivan kalaw | None
Nicole Rene | None
Aiah Fevina Umali | None
Ivan Kalw | None
Max Meshkovoy | None
Rebecca | None
Juan Aranzamendez | None
Rebecca Ott | None
Mark Nazareth | None
Kleah Joyce | None
Jam Swinton | None
Julia | None
Max Berezhok | None
Max Berezhok | None
Jules H. Knyazev | None
Emily | None
Mickey Babek | None
Austin Lux | None
Seth Balls | None
Tristin Sweeney | None
Tristin Sweeney | None
Robert Schaffner | None
Jeremy J. Racicot | None
Daniel Williams | None
Nicole | None
Toy | None
Jon | None
Aaron | None
Susan | None
Tyler J. Hagstrom | None
Meg Lusty | None
Chip Clarke | None
Meghan Lusty | None
Brandon | None
Katrina Miamis | None
Ellen Holcomb | None
Clarissa Holleman | None
Amy Krodel | None
Mark Krodel | None
Koren Marie | None
Charles Onglao | None
Scott | None
David Young | None
Tamica Sears | None
John Herd | None
Lauren Claffey | None
Jeannie Harrington | None
Jake Martin | None
Mike McKenna | None
Sarit Ellinge | None
John | None
Kevin | None
Ashley | None
Alex | None
Alex Caskie | None
Nicole Salamone | None
Anna Yegorova | None
Ryan McConnell | None
Nathan K. Campbell | None
Kathleen Griffiths | None
Collin Neel | None
Emily LaFleur | None
Adam mayer | None
Jamison Horn | None
Missy McCormick | None
Kate Weisner | None
Steve Clarke | None
Jeremy | None
Mike Stinson | None
Kyrstyn Dean | None
Daniel Bernardino | None
Zach Zabel | None
James Mitchinson | None
Katheirne Williams | None
Mason | None
Alan Murphy | None
Hayden Woods | None
Isabella Ramer | None
Courtney Pearce | None
Tracy Smith Morris | None
Kenneth Valva | None
Ben Glover | None
Michael Perozzi | None
Larissa Glover | None
Christy Coleman | None
Jordan Boyd | None
Rachel Pagtolingan | None
Paul Gamble | None
Whitney Smith | None
Caroline | None
Sara | None
Siena | None
Melisa | None
Lauren | None
Devendra Salve | None
Kati Hall | None
Heena Thakur | None
Jessica Cooper | None
Sarah Hyde | None
Michael Rancont | None
Sara Campbell | None
José Rivera | None
Carolyne K. | None
Ashley Pagano | None
Kevin | None
Carolyne K. | None
Jincy Greene | None
Carolyne K | None
Tristan Young | None
Chris Clinard | None
Dalton Skinner | None
Derrick Banks | None
Jack Dawson | None
Britani Morgan | None
Hailey Heyliger | None
Michael McClure | None
Vasyl Khomyk | None
Priscilla Josephine Antony | None
godwin | None
- | None
Mathew | None
Steven Saunders | None
Bethany | None
Renee Ricketts | None
Catherine Miller | None
Aejay Conte | None
Novatus Mpota | None
Luckson Mwangosi | None
Ayesha | None
Haoua | None
Luckson Mwangosi | None
Bobojon Isoqov | None
Jeff Gray | None
Mike | None
ServerLogic Corporation | None
Hema Ayyagari | None
Daniel waite | None
Meghna | None
Neena | None
Tanya Lawhorn | None
Ajay | None
Ruchitha | None
Abhishek | None
Joseph Quagliariello | None
Jim Murphy | None
Mark Barril | None
Sarah Jane Leaño | None
Faye Fuentes | None
SHIELA PAULINO | None
ALDRIN SALVACION | None
Edvan Lasangue | None
Angelica Pambid | None
Ann Lasay | None
Jean | None
KEVIN PAUL GARCIA | None
Andrew C. Hiponia | None
Marc Kirschenbaum | None
Susan Fleming | None
Marc | None
Chris Cordone | None
Jessica McCracken | None
Michael Jorgensen | None
Maria Calidonna | None
Samantha | None
Omokayode Enigbokan | None
Jared Slaton | None
Sherry | None
tuhina | None
anthony | None
Thomas Estrella | None
Sarah Lempicki | None
Michael Mande | None
Summer Getz | None
Fernando Hayipanteli | None
Chinelle Clarke | None
Clarisa Del Bosque | None
Spencer Mathews | None
Spencer Mathews | None
Spencer Mathews | None
Trevor Sweet | None
Dennis Wortham | None
Dennis Wortham | None
Curtis Wegfahrt | None
Richard | None
tyler lee | None
Eric Wegfahrt | None
Tim Kraner | None
Fari Sawal | None
Jamey Levin | None
kraner | None
Jason Garton | None
Carl Noel | None
Eric Wegfahrt | None
Eric Wegfahrt, | None
Todd Talbert | None
Sam Phillips | None
Ginger Shell, | None
Cyndy Roman | None
Navneet | None
Roni Taylor | None
Kristy Watt | None
Merlin Rose | None
Himanshu Rawat | None
Amanda Kramer | None
Deborah Katz | None
Deborah Katz | None
Marc SFP | None
Norm Shulman | None
Valerie Fernandes | None
Jon Janco | None
Jon Janco | None
Pat LaCivita | None
Mike Germain | None
Jeff Sprague | None
Michael St. Germain | None
Brad Shushman | None
Dan Deaton | None
Kevin Martin | None
kramer | None
Robin Campbell | None
murphy | None
Terri Robbins | None
Abbie | None
Hiren Donepudi | None
Susan R. Busch | None
Carol Summerfield | None
Scott Landsman | None
Lisa Barton | None
Christopher Hein | None
Paige Klohn | None
Alexis Quicksell | None
Eva Rodriguez | None
Morales, Stephany | None
anderson | None
stone | None
ferrer | None
Robert Cornelio | None
fennelly | None
Christa Fifer | None
Dylan Whiting | None
Paige Harroff | None
Peyton Alexander | None
Andrew Taragano | None
Taylor Liniger | None
Todd Shoenfield | None
Kristen Dahlstrom | None
Haley Abraham | None
Jeremy Lowell | None
Jacob | None
Brett Forrest | None
James Kinney | None
Olivia Krumholz | None
ALexa | None
Mark | None
Niko Cappola | None
Riley Hill | None
Chase Murray | None
Tyler Thibault | None
Doyle Colin | None
Baker Jacob | None
Joe | None
Karli Paci | None
Josh Haber | None
Canaan Freeman | None
Jeff Rogers | None
Michael Mascolino | None
Franchesca Paña | None
Stormy Phillips | None
Kayla Marcotte | None
Doug | None
Rafael | None
Olivia 'Ollie' Field | None
Mac | None
Jean Timothy | None
Zachary Peaco | None
Matt Weber | None
AnnaRose Borrelli | None
Brady Eason | None
Gabrielle | None
olopez | None
Afder | None
Jacob Spiess | None
Scott Roberson | None
Thomas Royer | None
Brent | None
Jason | None
Janie Holland | None
Robert Gensinger | None
Mitchell Tapley | None
Derrick Maynard | None
Kaitlan Seier | None
Cameron abderhalden | None
Aimee Castillon | None
Paul | None
Davis | None
Alex Pfeiff | None
Nicolle | None
Colin | None
Christian Magee | None
Kane Smith | None
Madeline Cleary | None
Gary | None
Mackenzie Leonard | None
Destiny Mickell | None
Wesley Pheifer | None
Alexis Rajanen | None
Robert Harrington | None
Jared | None
Andres Oselio | None
Tommy Digan | None
Maddie McMullin | None
Alyssa Stelman | None
Hunter Weldon | None
Bethany | None
Matthew Davie | None
Nicky Halvatzis | None
Austin Roden | None
Theresa Virginia | None
Marge Meyer | None
Andrea Hirsch | None
Amy Denen | None
stephanie | None
andrea hirsch | None
david | None
Brian Wiseltier | None
Jill Jeffrey | None
Billy DeLay | None
Wendy Joe | None
Amy Roman Denenberg | None
Alisa Silverberg | None
Kerrie Gelnaw | None
Jinell Howard | None
Mary Johnston | None
Ryan Wagner | None
Jon Feinberg | None
Joanna | None
Jon Feinberg | None
Mike Goldstein | None
Beverly Mills | None
Vijay | None
John Kofka | None
Jonathan Essig | None
Aditya Sharma | None
Parul | None
Amber Delozier | None
Melissa Grover | None
nick | None
Jeanine | None
Stacye | None
ashley rawlings | None
Sheryll smith | None
Autumn | None
Autumn | None
Adianez | None
Charles Kane | None
Marc Saul | None
Taylor als | None
Corine Lingenfelter | None
Jara | None
Pooya Zahedani | None
Natalie Ortega | None
Brian Harris | None
Ariana Mera | None
Uwie Etuk | None
Nicole Peruso | None
Caleb Hutcherson | None
Daniela | None
Matt | None
Bre | None
Janay | None
Kailin Britton | None
Charles Behr | None
Kevin | None
Autumn | None
Annie Zaske | None
Ian Davies | None
Sumeet rana | None
Rebecca | None
Tim joseph | None
Jack | None
Karuna | None
Annie Jarvis | None
Dedipya | None
Jason Brandon | None
Ivan Alston | None
Elizabeth Beattie | None
JR Guarnes | None
Evan Weiss | None
Kevin Inman | None
Matthew Strassberg | None
Blessy Fernandez | None
Jordan Remer | None
Cortney Killian | None
Tyler | None
Jerry Sermon | None
Heather Colvin | None
Ana Durell | None
Kriston | None
John | None
Jackie Falch | None
Paul | None
Shelly Udell | None
Gary Rada | None
Dennis | None
Christine | None
Scott Nash | None
Carrie Stanulov | None
Andreia | None
Jessica | None
Rick | None
Bill Markham | None
Alexandria Hill | None
Cheryl Pounders | None
Rob Plang | None
Alex Vitale | None
Erika Recinos-Barrientos | None
Jon | None
Matthew Armintrout | None
Matthew Zuhn | None
Oliver Flores | None
Troy Hawkins | None
Conner Putman | None
Jenna (Camphouse) Ferrante | None
Heather Gomez | None
Rachael Maldonado | None
Jeff Whitesides | None
Lori Ford | None
Dina Harris | None
Paul | None
Eda | None
Josh | None
mike | None
ron | None
Dennis | None
Brad Perry | None
KC Cook | None
Nancy Sutton | None
Linda | None
Jessie Smith | None
Frank Robinson | None
Robby Stewart | None
Justin Rice | None
Destiny Churnovic | None
Taylor Dec | None
Bryan Campbell | None
Crew | None
Ben | None
David | None
Tanner Roe | None
Crew Langlois | None
Jamie | None
Ryan Burrill | None
Joshua Weaver | None
Jason K. | None
Chris | None
Kenneth | None
Natalie Siggins | None
Emma Hayes | None
Gregory Amerault | None
Misty | None
Shawn Prasala | None
Roshaan Ahmed | None
Glenn John Malvery | None
Ayana Sajan | None
Abid | None
Violet Arocha | None
Dan | None
Ansub Naveed | None
Vaddepalli | None
Ayana Sajan | None
Danish Laeeq | None
Melanie | None
Nidhi Sheth | None
Arthur Lockley | None
Damon Faigle | None
Kari Cooper | None
Amanda Bingman | None
Shireen Khimani | None
Viviana Monreal | None
Marcelo Gonzalez | None
LAURA MARTINEZ | None
Karim Fakrawala | None
Zeeshan Ahmed Magsi | None
Dave Miller | None
Maurine Mercer | None
Jincy Shanmugam | None
Maxwell | None
Tony Jones | None
Gabriel Anderson | None
Jim Barnett | None
Basker E. Samuel | None
Ajantha | None
Dean McGowan | None
Andrew | None
Lauren Massey | None
Justin Wasserberg | None
Thomas Estrella | None
Keith Sharpley | None
Mark Manse | None
Spencer Honeycutt | None
Kellen Jenkins | None
Preston Akromis | None
Thias Comenale | None
Irina Belova | None
Preston Akromis | None
Nick Sodaro | None
Benito | None
Hakim Vanderburg | None
Lee Nash | None
Alex Miller | None
Ryan | None
Justin | None
Hakim Vanderburg | None
Steve | None
James Easley | None
Joan Andrews | None
Tara Sweeney | None
Kristiana McCambridge | None
Ashley Lester | None
Andrew Jones | None
Carly Thomas | None
Michael Redler | None
Joshua Arno | None
Matt Buckley | None
Patrick Dean | None
Steve Bryan | None
Michael Guberman | None
Ken Stahovish | None
Chris Proulx | None
Katie Sharron | None
Josh | None
Emma Blahut | None
Stacy Kemp | None
Caitlyn Donahue | None
Michelle Scarabaggio | None
Andrew Jones | None
Stephen Stalcup | None
Taylor | None
Robert | None
James Belmas | None
Kristen Militello | None
Rakesh Mukadam | None
Jeff Riedy | None
Jeff Riedy | None
adam johnson | None
Michael LaCause | None
Michael Rava | None
Tanya Duelm | None
Rhonda Galloway | None
Hannah Childers | None
DANIEL REISKIN | None
Jana (Levinson) Glaser | None
Clare Christovao | None
Denton White | None
Ryan | None
Kevin McCartney | None
levine | None
Nicole Frangione | None
Lorenny Acosta | None
Benjamin Altman | None
Samantha Jacobs | None
Chris Matters | None
Carrie Allen | None
Morgan Kahane | None
Ricardo Santos | None
Eileen Marie (Nallen) Walsh | None
Melaina Ricks | None
lester | None
-- | None
Carol | None
Krishna Pandey | None
Alana Capone | None
Thomas Cannatello | None
Rowena Grace Garcia Leyva | None
Samantha Jacobs | None
Dawn Badia | None
Morgan Kahane | None
Carrie Allen | None
Matthew Gierl | None
Lance Oyer | None
Michelle Linnen | None
Eileen Marie Walsh | None
Jessica Harman | None
Lou Messercola | None
Amanda | None
Laura | None
Greg Eudaley | None
Moises Calderon | None
Emily Anderson | None
Emily Anderson | None
Lexi | None
Caroline Krull | None
Sterling | None
Christine Schier | None
Kristin Sewell | None
Kendra Jones | None
Jolene | None
Trisha | None
Kristy Ninfo | None
Veronica Overton | None
Alan I. Ehrlich | None
Sabrina Spontek | None
Nichole Carlyle | None
Ashley Yates | None
linda | None
Shon Wilson | None
amanda martin | None
Scott | None
Chris Lewis | None
Kevin Gregory | None
Emily Anderson | None
Mark Kingman | None
Hary Hary | None
Alexandra Hacker | None
Marty Hendricks | None
Ariel | None
Brittney Reynolds | None
Paul smith | None
Alison Mack | None
Joseph Marchky | None
Rosemary Wiedeman | None
Denice Ramirez | None
Ben | None
Amanda May | None
Sarah Frank | None
Brad | None
Jason Starck | None
Blake Brownstein | None
Sharath | None
Mariya Carpenter | None
Jill Wallsmith | None
Jordan Davidson | None
Katie (Lyons) Schuck | None
Steve Kennedy | None
Dustin Bowman | None
Zoe | None
Krystal Mann | None
Brian Barbieri | None
Nick | None
Damon | None
Tom | None
Joned David | None
Kevin | None
Jordan Clement | None
Shakara Rose | None
Sebastian | None
Bianca | None
Miriam | None
Denisa | None
Daniela | None
Cara Beth Hewitt | None
Wendy | None
Bogdan | None
Amalia | None
Jennifer | None
Gabriel | None
Ashley Offerman | None
Diana Cardillo | None
Robert H. | None
Frankie Pham | None
Bob Clarkson | None
Morgan Senn | None
Morgan Senn | None
Justine Bledsoe | None
Josh Hampton | None
Ashley reyes | None
Jasmine Johnson | None
Chinelle Clarke | None
Rachel Everly | None
Gary Cavaluzzo | None
Gary Cavaluzzo | None
Greg | None
Michael Wisniewski | None
Jaye Shotts | None
Nicolle Gray | None
Rich Lambert | None
Ryan | None
Jeffrey Thomas | None
Zach Zotter | None
Teju | None
Nick | None
Alex | None
William | None
Andy Adler | None
Brenton Anderson | None
Michael McDonald | None
Jessica Garretson | None
Hideki Kubota | None
Gowthami | None
Aaron Lowman | None
Davesh | None
Sparkitt Com | None
SHANAZ JALEEL | None
Hima | None
980) 270-5636 | None
Bryan gates | None
Jack Davenport | None
Brenton Anderson | None
Alessia Torrini | None
Kaylee Nabors | None
Jeremy Schulman | None
Brian | None
Joe Maynard | None
Jeremy Schulman | None
Jeremy Schulman | None
Durga Venkat | None
Lisa Turner | None
Pete Mackin | None
Macy | None
Daryl | None
Alina David | None
tony Ruiz | None
Steve | None
Mirali Darji | None
Stephanie | None
Sahil | None
Erica Saubert | None
Adrien | None
Palak Manocha | None
Meg Peterson | None
Vinay Vallepu | None
Asya McClelland | None
Grace Homsi | None
Sarah Gurganus | None
Derian Boch | None
Vijay | None
Tyler Moyer | None
Jackie Raimondi | None
Jinil Krishna | None
Austin Latz | None
Yuri | None
Wilma Herron | None
Jakob Lagerstedt | None
Lucas Edmisten | None
Raymond Martinez | None
Jared Gerow | None
Lesley Socha | None
Sean Ward | None
Nisha Shah | None
David Greenberg | None
Tiffany Suarez | None
Caitlin | None
Parker Cowan | None
erin hitler | None
Kari Carter | None
Madeline McClain | None
Caroline Martin | None
Mckean | None
Owens | None
Wagner | None
Penn | None
Lammas | None
Kristen Laney | None
Ashok Durga | None
marie magnelli | None
Marie | None
Daphney Legrand | None
Ranga & Daphney | None
Scott Andersen | None
Holly Peterson | None
Warren Markowsky | None
Alexa Bedell | None
Alexa Bedell | None
Amanda Curtin | None
Mike | None
Mike Parisi | None
Jennifer Quintal | None
Jen Quintal | None
Kathy | None
Mike Parisi | None
Scott Anderson | None
Alex Cartier | None
Sean Johnston | None
Charles Zoller | None
Paul Bennett | None
karena chichester | None
Marco Barrera | None
Stanislav Pozhvaniuk | None
Maria Andrushchakevich | None
Alina Gazarova | None
Michael Engels | None
Richa | None
saurab | None
Dushyant Sharma | None
Andrew | None
Michael | None
John Renals | None
Ssi | None
Sachin | None
Pradeep | None
Karuppaiah | None
Amit | None
Melvin Marshall | None
Clifford Riddick | None
Aaron Gerring | None
Jennifer Patria | None
Devon Zopfi | None
sydney keller | None
Mike holtz | None
Chris Davis | None
Jackie Cwik | None
Julian Hicks | None
Joy Merrill | None
Tim Farrar | None
Lissa Antoinette | None
Kisa Kearney | None
Mason Foster | None
AI Rooker | None
Tim Abel | None
Josh | None
Tiffany | None
Harley Sherrer | None
PATRICK MACKAY | None
kairen person | None
Aaron Rendon | None
Michael James | None
Burt Black | None
Darren Clepper | None
Deborah Laster | None
Sushil Joshi | None
Pamela Pace | None
Sujeet Salver | None
Prasad | None
Ehtesham Shaikh | None
Cliff | None
Emma | None
Mike Tischler | None
Sujeet | None
Ron Witcher | None
Ron Witcher | None
Ryan Kesler | None
Jennifer Cianciosi Kares | None
Melissa | None
Gabriella | None
Cheryl | None
Jennifer | None
Aisha Gataani | None
Sunnie Carrico | None
Selen Asar | None
Levi | None
Dana Kruger | None
Noah Jacobsen | None
Koulee | None
Cameron Carpenter | None
Shawn Veillon | None
Dan Wilson | None
Jesse Karmin | None
Jyothi Muralidhar | None
Javier Vivanco | None
Jessica Delaney | None
Alexander Thetford | None
Philura Shavers | None
Armando Flores | None
Nykyta Arnold | None
Jane Mederos | None
Marc Kohel | None
Jay Sarmiento | None
Ryan Pollard | None
Lonevel | None
Isaac Castelan | None
caree | None
Tony Noukhay | None
Paul Duke | None
Dill | None
Ben Martin | None
Shawn Marsh | None
Tara Shelton | None
John Clark | None
Neelam Malviya | None
aabouelkhir | None
Shahan | None
Rob Shaw | None
Mark Sangherian | None
Helen | None
Bethany Evans | None
Nancy Martini | None
Joe Bains | None
Megan Oudine | None
Brittany Bender | None
Thomas | None
Steven Spinner | None
Eric Balis | None
Justin Barbee | None
David Maxwell | None
William | None
Randy | None
Steve Brown | None
Giardy Babila | None
DENMARK ORITA | None
Algie | None
Mardie | None
Rob | None
Muan | None
Ma. Hyacinth C. Estidola | None
Shiela Paulino | None
Shiela Paulino | None
CYNTHIA NICOLAS | None
SHIELA PAULINO | None
Joseph Sullivan | None
Nupur Srivastava | None
Awood | None
Chad Norris | None
Richard Vafiadou | None
Brooke Pumo | None
Gigi | None
Nicholas Pagliarulo | None
Bryant | None
Ryan Mintz | None
Aditi Carman | None
John Sweeny | None
Anthony | None
Anthony | None
Nick Ferrer | None
Freddie | None
Calee Fussell | None
Daniel Long | None
Frank Anderson | None
Tyler Tejeda | None
Jared Rabbito | None
Steven | None
Cristina Bajandas | None
Tim Baron | None
AL | None
Tamy | None
Bary | None
Nicolas | None
Tyler Tejeda | None
Barry Tejeda | None
tyler tejeda | None
Tyler Giaratano | None
Willie Guzman | None
Adriana Duque | None
Heather | None
Jillian Sinkula | None
Kacey | None
Christine Welty | None
Dulcinea Gavelli | None
Lex Daniels | None
Kathleen Alleman | None
Laura Gribbins | None
Shirley Rice | None
Tom McManus | None
Darren Hoch | None
Emily Sanner | None
Ryan Gallardo | None
Kara Scott | None
Catherine Lehman | None
Andy Gurbal | None
Lauren Johnson | None
Adam Rangel | None
Rebecca Walker | None
Ashley Fuller | None
Elisha Gower | None
Tiana Jones | None
Caitlin Richmond | None
Jonathan Amador | None
trey | None
Chelsey Brant | None
cheyene | None
Ashley | None
Hailey | None
Haley | None
Cody Tough | None
Paige Michel | None
Corey Vernon | None
Alexandria Burke | None
Cara Zucker | None
Maggie Ketner | None
Ashley Pierre | None
Matthew Petersen | None
Kyle Pepper | None
Jordan Noil | None
Rachel Carter | None
Bentley Smith | None
Coralia Wolff | None
Kendyll Monroe | None
Rachel Christopher | None
Jose Retana | None
Megan Slater | None
George Carmo | None
Connor | None
Kailey Bova | None
Jazmond | None
Annette Grigsby | None
Jonathan Jones | None
Michael Amos | None
Julia Colello | None
Rachel | None
Alex Yurchukonis | None
Emily Canup | None
MacLean Pfister | None
Lynette Smith | None
Devonte Johnson | None
Christy Sjoquist | None
Aatlanta | None
Melissa Gentry, | None
Afolabi Fagbohun | None
Faith A. Chaskes | None
Dara Bialow | None
Sam Sodano | None
Patti Lalley | None
alisa Michaels | None
Ian Brown | None
Anna Higgins | None
James Canosa | None
Margo Hohsfield | None
Sean Park-Davies | None
Stuart Thomas | None
Ryan Hill | None
Stuart | None
Patrick Hindmarsh | None
Andrew Verdin | None
Amanda Kassdikian | None
Channing Muldrew | None
Tammy S | None
Daniel Parrillo | None
Ericka | None
Paul | None
Katherine Lattier | None
keith | None
Mike Berg | None
Steve | None
Mae Smith | None
Matt Cellar | None
Brandan | None
John | None
Daren | None
Carm | None
Eric Miller | None
Liz Cotte | None
Anjali | None
Ashley Adair | None
Darren Guion | None
Hunter Murphy | None
Riken | None
Rick Foor | None
Justin Farmer | None
Scott | None
Liz Cotte | None
Sumeet Muchandi | None
Traci Glenn | None
Corey Rennie | None
Gabrielle Connelly | None
Lindsay | None
Norma Rivas | None
Cathy Grant | None
Shweta | None
Karthik Reddy | None
Matthew Kosch | None
Cathy Robbins | None
Anju Kapoor | None
Victoria | None
Logan Jorden | None
Amie | None
Steven Armstrong | None
Channell Mascaro | None
Adriana Bell | None
Christine Slater | None
Tim Aguilar | None
Erika Alminas | None
Wayne Wilks | None
Wendy | None
Molly Celestini | None
Katha | None
paul jourdan | None
Nick Cavazos | None
Marsek | None
Brian DiCianni | None
Heather Mortan | None
Jurgita | None
Joselyn E | None
Eileen Pailes | None
Nick Cavazos | None
Erik Johnson | None
Ruta Pladaite | None
Cole Ehrsam | None
Heather Morton | None
Marjo Able | None
Johnnie K | None
Tara Castaneda | None
Ken Fiveash | None
Kimberly Arnesen | None
Lindsey Copeland | None
Lindsey Copeland | None
LIZ COTTE | None
Matt Manning | None
Joy C | None
Erika Evans | None
Angelica | None
Todd | None
Katie | None
Patrick Gudknecht | None
Jordan | None
Carlos | None
Jamie Newkirk | None
Telicia McGee | None
Bryan Barber | None
Janet Rapacz | None
Pauline Mooney | None
Pauline Mooney | None
Joseph Oelke | None
Joseph Oelke | None
Janet Rapacz | None
Monica Koushik | None
Joseph | None
Rhonda Sheptock | None
Pauline Mooney | None
Carol Williams | None
Alexa Anderson | None
Drew Wade | None
Dave Hampton | None
Grant Till | None
Jake | None
Omar | None
Richard Howarth | None
Lisa | None
Artemis Mazzini | None
Michelle Cohen | None
Kathy Maskery | None
Alaina Branco | None
Kathleen Campbell | None
Cal Ledbetter | None
Matt Bennett | None
Matt _ Bennett | None
Jesse | None
peyton flowers | None
Peyton Flowers | None
Mark Blitzer | None
Gilbert Anderson | None
Brennan Stieber | None
Antonio | None
Valentin | None
Reece Morrison | None
LINDSAY NORCOM | None
Travis Miller | None
Katie Wilkerson | None
Ray Stovall | None
MATTHEW MACESICH | None
Jose Lomas | None
Rachel Kuenstler | None
Aaron Binder | None
lauren | None
Matt Moore | None
Andrew Gray | None
Kristina Desenberg | None
Janet Rapacz | None
Janet Rapacz | None
Kristi | None
Angela Routsis | None
Angela Routsis | None
Elise Peterson | None
Eva | None
Kaytlin Balyeat | None
Madeline Garcia | None
Corey | None
Jackie | None
Cameron | None
Tiffany | None
Dave Primak | None
Paul Sumrall | None
Sandy | None
Melvin Abraham Thomas | None
Ron | None
Melissa | None
Sandy Huang | None
Rebekah | None
Terrell Nicole Lowery | None
Lisa | None
David L. Burchette | None
Alyssa Douglas | None
Alyssa Douglas | None
Chris Munguia | None
Dan Kelsey | None
Stevie Sullivan | None
Scott Cyr | None
Kristen McCowat | None
Christian Ostrowski | None
Bryan | None
Barber | None
Eryn Foust | None
Collen | None
Collen | None
Christopher Gomes | None
Emily Sanchez | None
Nickolas Aspromonte | None
Kara Suda | None
Melinda Carrion | None
BRIAN | None
Fe Fernandez | None
Reynold Rubin | None
Angela Vincent | None
Ashley Park | None
Nathan | None
Kyle Rutledge | None
Yesenia Rivera | None
carly Hasso | None
Ajla Huseinovic | None
Mackenzie Nagle | None
Paul Wolfe | None
John Aylward | None
Alexis Tansey | None
lisa bartha | None
Lindsey | None
Laura Satterlee | None
Kyla | None
Jennifer Reichmuth | None
Kevin Kozil | None
Patrick Perring | None
Kaley Berens | None
Julius Claybron | None
James Hay | None
Cole Schaaf | None
Mark Siwa | None
Keenan Lieb | None
cas | None
Eli | None
Deidra Thomas Richards | None
Liza | None
Lucas | None
Logan | None
Iryna Zakharchenko | None
Ayman Syed | None
Shanaz Jaleel | None
Kavita Krishnaswamy | None
Cindy Rockwell | None
Kate D'Alessandro | None
Sean Tien | None
Matt Hall | None
Noel Thomas | None
armand Hadley | None
Nyasia Turpin | None
John Melone | None
James Eppich | None
Bryan | None
Amy Frillman | None
Monica Brand | None
James Green | None
lia.guagliardo | None
Troy Walker | None
Judy Battocletti | None
Sharon Scoby | None
Zander scheetz | None
Steve Winchester | None
Lia Guagliardo | None
James True | None
Steve Winchester | None
Jordan | None
Melissa King | None
Kevin May | None
Neil Walker | None
Jeff Burton | None
Julia | None
sevidal patrica | None
Aly Roman | None
Chris Laswell | None
3256004676 | None
Heath Hawker | None
Lisa Hamett | None
Jessi Wielock | None
Rebecca Kerr Andrejczyk | None
Erin Hoke | None
John Sipes | None
Moses Peter | None
Rupal Gupta | None
Varul Rawal | None
Siddharth Shastri | None
Neha Singh | None
Parimal | None
Tanu | None
kendall rogers | None
Ankit Joshi | None
Priyanka Verma | None
Saad Farooque | None
Elizabeth Labno | None
Margie Butler | None
Bonnie Nge | None
Jon Emehiser | None
Margie Butler | None
Gavin Gallagher | None
Danielle Warner | None
Seth | None
Ed Radford | None
Doug Lambert | None
Steven Skene | None
Mike Loll | None
Vanessa (Princi) Jikovski | None
Jenna Carpenter | None
Christy Cifreo | None
Rebecca Blackler | None
Danielle Reeves | None
April Wallen | None
Madison Jinks | None
Tanisha | None
Sam Katz | None
Julia Nelligan | None
Hembree Monk | None
Kama Chavis | None
Hunter Smith | None
Carlos Pinzon | None
Todd E. Jones | None
Joseph H | None
Rebecca Berry | None
Denise | None
Denis | None
Christy Cifreo | None
Trixie Aballa | None
Darby Morgan | None
Megan Nolan | None
Galvin Emesibe | None
Doug Ross | None
Megan Nolan | None
Mikayla Weiner | None
Cassidy Dias | None
Melissa Viejo | None
Annette Fraga | None
Juan Penagos | None
Michael Maher | None
Apoline Ferrao | None
Apoline Ferrao | None
Megan | None
Irvens Andre | None
Heather Masongsong | None
Melissa Blanche | None
Cindy Randall | None
David Parker | None
Andy | None
PVD | None
Jeffrey L. Givens | None
Tracy Ratdavong | None
Cathy Rodger | None
bsmoot | None
Jim Sommers | None
Jim Sommers | None
Brad Rosenthal | None
Mike Scott | None
Mike Scott | None
Melissa | None
Jennifer Breedlove | None
Sam | None
Tate Godwin | None
Gráinne Harte | None
Colton Tucker | None
Paul Ziter | None
Cody Hazen | None
Andy Clinkman | None
Anthony Manuel | None
Justin Robertson | None
Justin Robertson | None
Veronica G. | None
Anthony Manuel | None
Rebecca Schoonover | None
Anthony Manuel | None
Connor Bickford | None
Jordan Davis | None
Danielle Thomas | None
Michael Groves | None
Ryan Watson | None
Alex | None
Michael Rea | None
Steve | None
Kali Kacher | None
Jack Dobronz | None
Bethany Black | None
Devon White | None
Mike Kozikoski | None
Stephen Karepalli | None
Bill Hickey | None
Wade | None
Daniel | None
Alan Perez | None
Lisa | None
Meg Tinsley | None
Morgan | None
sorlut | None
Ryan | None
Tony Tye | None
Ashwini | None
Lisa (Weltz) Armstrong | None
Bobby | None
Robert Swift | None
Mike McKeon | None
Colin Reposa | None
Colin | None
Lucas Davis | None
Morgan Feddersen | None
April Cook | None
Dianna Kaye Granados | None
dbold | None
Vald Shigidin | None
Bill | None
Bill | None
Usman c | None
Sofia | None
Val | None
Usman | None
vlad | None
Val Barsky | None
Ben | None
ben g | None
Muhammad Usman (Chodry) | None
Lola | None
Dolly Bold-Erdene | None
Ben Golub | None
Lola | None
Usman Chodry | None
Sunny Rais | None
Team | None
Sunny | None
Sunny | None
Lola Majensky | None
Val Barsky | None
Richard Starski | None
Len Smirnoff | None
Victoria True | None
Olufunke Majekodunmi | None
Lewis | None
Jeevan Lobo | None
Laurie DeGange | None
Gary Jose | None
kathy williams | None
Laura J. O'Connor | None
Chandra Phan | None
Shafique Mohammed | None
Matt McDill | None
Paul Daniel | None
Timothy Brinton | None
Christine Hunter | None
Jay Barrett | None
Ky Lincoln | None
Alessandra D'Abbieri | None
Kamron Cox | None
Kamron Cox | None
Rick Thompson | None
Amy Moran | None
Tony Clark | None
Ram | None
Christina Johnson | None
Vince | None
James | None
Stephanie | None
Dhruv Rohera | None
Tamanna Kamal | None
Melisaa | None
Freddie Holland | None
Kevin Schaffartzik | None
Anthony Campos | None
Joseph Huang | None
Cheng Saefong | None
Veronica Puru | None
Joseph Huang | None
Hepciba | None
Rick Scott | None
Naney Rivera- Perez | None
Bert Munk | None
Craig Savage | None
Lynn | None
Vin Majeski | None
Christine Genek | None
Rob Schilk | None
Jay | None
Lawrence McCray | None
Rob Schilk | None
Beth Verman | None
Elvira Albao | None
deepak | None
Cori Barr | None
Bob Alexander | None
Kelli Corbett | None
Michelle Lussier | None
Michelle Lussier | None
Carrie Rico | None
Rahul sharma | None
Kevin Goldson | None
Seth Yeack | None
John Usher | None
Larry Pfaff | None
Chris | None
April Rosendhal | None
Justin planco | None
Bethlehem Demissie | None
Kumar | None
Blake Ruwali | None
John Pierce | None
Nazish Janjooa | None
Matt Leider | None
Andrew Zaloom | None
Madison Rosen | None
Adam Deutsch | None
Peter Grazul | None
John Higgins | None
Brian Samela | None
John Lattanzi | None
Dominick Pierre | None
Charlie Isham | None
Chris F | None
Jack Plunkett | None
Bethany Arnold | None
Grant Kiefaber | None
Lida McHugh | None
Nicolette Kombouras | None
Lacey Collins | None
Madeline Stalter | None
Justin | None
Tonya | None
Erin Crider | None
Dylan Cohen | None
Sam Lee | None
Albert Vazquez | None
Christina | None
Marc White | None
Casey Menter | None
Jessica Leads | None
Jennifer | None
Conner Berg | None
- | None
Mandy Willis | None
Ashton McGee | None
Caroline Taylor | None
Susan LaSalle Sergeant, | None
Jacqueline Cohen | None
Lea Zaiter | None
Kayla Golanka | None
Grant Tufto | None
Jennifer Sekevitch | None
Sushil Ray | None
Zabeeh | None
Tarik Khaana | None
Robert Waldner | None
Jyoti Jaiswal | None
rhea | None
rick | None
Dylan Cohen | None
jason pho | None
Ralph Rivas | None
Chris | None
Alvin Ray | None
Mills Bergmann | None
Cheyenne Yost | None
Milda Lamin | None
Megha | None
Daryl | None
Charmagne Faules-Traye | None
Johnny Magagnini | None
Cheryl Flores | None
Bryan Kline | None
Travis | None
Michael | None
Victoria | None
Michael | None
Michael | None
Jon | None
Gaurav Bhardwaj | None
Dionne Melo | None
Meghan Weaver | None
Debi | None
Anne Lachance | None
Rob McClure | None
Moe | None
Piyush | None
Nate.winters | None
christine jonsson | None
James Martin | None
Eugene Pollock | None
Trueman Muhrer-Irwin | None
Sally Martin | None
Patricia Cravatta | None
Veronica Kneifel | None
Debanjan Koley | None
Naveenk | None
Marvin | None
Astha | None
Violetta Stemasova | None
Alexia Dupre | None
Henry Boulos | None
unger | None
imagee | None
Becky Piro | None
Frank | None
Sean | None
Michelle | None
Richele | None
William Lopez | None
Lillian Raftopoulos | None
Karen Garach | None
Lee Marsh | None
Kyle Wehrhahn | None
LAUREN NABUT | None
Jason | None
Becky Brainerd | None
Rebecca Brainerd | None
Michele Gorman | None
Jason | None
will redmond | None
Rich Drennen | None
Rebecca Smith | None
Rebecca Smith | None
Denis | None
Victoria Tanchak | None
Mike Watkins | None
Frank M | None
dan | None
Larry Elliott | None
Kirk Walton | None
Shaina | None
bill | None
Stefan | None
Lisa | None
Kong | None
Dave Shapiro | None
Zach Romanelli | None
matthew | None
David Loban | None
Larry | None
Satya Sripada | None
Larry Nguyen | None
Larry Nguyen | None
kimo | None
Zimiroski | None
John Cassandra | None
Gayle | None
Mary Crager | None
baugusta | None
Patrick | None
Alexandra Hall | None
Matthew Low | None
Rashmi | None
Laura | None
Flynn | None
Gunjan Hada | None
Vivek Singh | None
Rui | None
Michael Milligan | None
Jake Rudman | None
Kristie | None
Srividya C | None
Pat Miller | None
Brandon McCann | None
Catherine Morie | None
Kerry hall | None
Adam Hartman | None
Kelly | None
Kayla Jadwin | None
Kayla Jadwin | None
Bill Courtney | None
Mark Tucker | None
Kerry Weber | None
Jerry | None
Jerry | None
Rich Bradely | None
Amy | None
Brandon | None
Lexi Schlafer | None
Anna Hazen | None
Anna | None
Jensyn (Gillies) Larson | None
kiesch | None
Jacob Duncalf | None
Gary Rada | None
Kayla Quick | None
Holly Hartman | None
Meena Ganesan | None
Jessie Nordness | None
Palmer | None
Gary Rada | None
Premal | None
Kaustubh | None
Krystal Mires | None
Lesstar | None
Heimon Nongtdu | None
Cooper Nongkhlaw | None
Willbert Marbaniang | None
Cathy L. Heck | None
Tony Balistrieri | None
Mariella Blasco | None
Sharon Misamen | None
Mukesh Kolaria | None
Prem Kadiyala | None
Harris | None
Robert Collins | None
John Kinstler | None
Rakesh Devulapelli | None
Chris Maser | None
Prasad N | None
Stephanie Alvarez | None
Varun | None
Gloria Nuckols | None
Akki | None
Ashley | None
Ana Kirby | None
Rex Kemp | None
manzoor | None
Robert Reed | None
Ragini Sharma | None
Julian DeMarco | None
Kevin Strokes | None
Sapna RanSap | None
Sumit Singh | None
Steve Simmons | None
Nikhil | None
kelly | None
Lindsay Hendrzak | None
Michael Santoleri | None
Daniel Glazewski | None
Jon Hargis | None
De’Sean Hubbard | None
Chris DiSciullo | None
Rachel Bell | None
Britany | None
Christopher Butler | None
Trey Carr | None
Joseph Lee | None
Cierra Davis | None
Rainier Guyer | None
Karly | None
Jennifer Lewis | None
Joe Burno | None
Bill Keiser | None
Rene | None
Sherri L. Gallup | None
Jerod schoentheler | None
Milda lamin | None
Clevering Stone Kharnylla | None
Barihun Syiemlieh | None
Peter Joy Elohim | None
Sam | None
Chase Childers | None
Kim Morden Oliver | None
Joseph Edwards | None
Sam | None
Sandeep | None
Tony | None
Junior Trujillo | None
Bianca | None
Hamdy Abdou | None
Kris Balderrama | None
Hannah Micayabas | None
Mitch Foster | None
Matt O’Brien | None
Nathan Mc Culley | None
Stuart | None
Lex | None
Sarah Perez | None
Emer Leonard | None
Jenny | None
Joeselee Balin | None
Gerald Tan Mallari | None
Ma. Bernadette Correen C. Napiza | None
Allyn Viva | None
Cindy Mack | None
Ella Blank | None
Molli | None
Richard Knox | None
Tim Abel | None
Scott MacKinnon | None
Adam | None
Lekenzey | None
joe | None
Christopher Killian | None
Nicholas punal | None
Joe Towslee | None
Jeff Anderson | None
Jeffrey Conley | None
Willie Johnson | None
Scott Clary | None
Heather Hornsby | None
Carter Sibley | None
kendall Gillians | None
Frank Laghezza | None
Branden | None
Adrian Gomez | None
Clary Heredia | None
Drew | None
alis | None
Bianca Santos | None
Josh | None
Hannah Micayabas | None
Hegson Rapozo | None
Fe Fernandez | None
Lucy Barredo | None
Ron Ferreira | None
Mark | None
frank miller | None
David | None
Joseph | None
Jack Bencroft | None
Kevin | None
Martin | None
NikhilTej K | None
Brennan | None
Mike Jette | None
Korky Holton | None
Michael Jette | None
Subfirms M Jette | None
Anna Terrenal | None
Brittany Mueller | None
Brittany | None
Nicole Field | None
Jordan | None
Alyssa Hall | None
Matt | None
Carman | None
Jean Lavilla | None
Tony Cheng | None
Marja Barba | None
Amy Dunn Comiskey | None
Mark Goodman | None
James T. Hall | None
Sydney Samuels | None
Cristina | None
Jack Hayes | None
Janeen Frever | None
sari | None
Kelly Gray | None
Lucille | None
Scott Baldwin | None
Brian Akers | None
Tom McManus | None
Scott Baldwin | None
Sharon Martis | None
Brendon Eling | None
Michelle M | None
JOB Application | None
renil cervante | None
Kleah Joyce Cornejo | None
john | None
Angela Arellano | None
Anjela | None
Aureo Capiral | None
Jaena Lim | None
Angela | None
Lucy Barredo | None
Michelle | None
Aureo Capiral | None
Angela Arellano | None
Sean Godfrey | None
Sara | None
Jim Huelskamp | None
Daralyn | None
Lisa | None
David | None
Emily | None
Greg | None
Rebecca Rodriguez | None
Daniel Ehramjian | None
Rob Adams | None
Nicholas | None
Christopher | None
Kathy Arias | None
Gary Norwood | None
Roberto Sosa Cooper | None
Eric Weinrach | None
sara | None
Mona Liang | None
Marielle Toribio | None
Pooja Karkhanis | None
Mildred Cudiamat | None
Bill Hudspeth | None
Isaiah Arellano | None
Patrick | None
Isaiah Arellano | None
Jeff Agbuggo | None
Oksana | None
Sherwin Don | None
Jerrica Taguan | None
jeff a | None
Alex | None
Clarillette Heredia | None
Oscar Gonzalez | None
Michelle (Harger) Boyd | None
Lynn Rodens | None
Lori Oberlander | None
Lori Oberlander | None
JOSEPH NAZOA | None
Daniel Faulkner | None
Ricky Lyall | None
Gia Lewis | None
Greg Gardner | None
Alice | None
Doug | None
john | None
Melanie Gillot | None
Michelle Brown | None
Andrew | None
Andrew Gualtieri | None
Samantha | None
Sunny Bamzai | None
Calvin ford | None
Samantha Allison | None
Melanie Gillot | None
David Riley | None
Melanie Gillot | None
Andrew Gualtieri | None
Samantha Allison | None
Melanie Gillot | None
Cecilia Mendieta | None
Joshua Brossmann | None
Jarod Fyler | None
Hunter Chotovinsky | None
Will Summers | None
Bryan Barragan | None
McCaylah Clifford | None
Kristen Wells | None
Jason Farbman | None
Coel Bliss | None
Justin Ravit | None
Andy Danos | None
James Trommer | None
Brian Scutero | None
Jose Perilla | None
Brett Fitelson | None
Josh Milletary | None
Taylor Alford | None
William Rush | None
Rachael Macarty | None
Michelet Cimeus | None
Tatianne DeAraujo | None
Jenae McDonald | None
Rebecca Fontaine | None
Gayla Booth | None
Bretton Jolley | None
Benjamin | None
Alexis Harvey | None
Sierra Queen | None
Dylan Hughes | None
Nicole Guffy | None
Kim Hayes | None
Ashton D. L. McMillan | None
Emily Conaway | None
Russ Burnham | None
Randy | None
Parker Osterink | None
Jonathan Elliott | None
David Keisler | None
Danielle LeBlanc | None
Hannah Petkovsky | None
Ali | None
Matt Siemer | None
Andrew Guilbault | None
Danielle Wobschall | None
Kyle | None
Taryn | None
Joseph Minier | None
Dax Hundelt | None
Mary Mundorf | None
Jessica Rottmann | None
Armando J. Serrano | None
Dakota Lopez | None
Andy Roger | None
Arun Chauhan | None
Sheri Nielson | None
Mary | None
Brandon Byram | None
Clifford Riddick | None
Mike Sanchez | None
Jay Kington | None
Josh Milletary | None
Jenna Rose | None
Kristin Lester | None
Fred Engel | None
Mallori (Petakas) Kennedy | None
Evan Maviglia | None
Miguel Libman | None
gary d. thampson | None
Andre Penny | None
Patrick Wooten | None
Emily De Matos | None
David Weiss | None
Claudette R. Graham, | None
Adam Springborn | None
Ryan Richman | None
Brandon Blanco | None
William | None
Abby | None
Jacob Masters | None
andrea | None
Kara Newman | None
Simone | None
Brian | None
Grace Ede | None
Jeremy Davis | None
Brian Fitch | None
Robert Blake | None
Mihyon | None
Chris Clinard | None
Ross Hopper | None
Angelica | None
Nicole Godino | None
Jayme Chapin | None
Christina Ison | None
Rosie Steele | None
Jacqueline Edwards | None
Madeline Adams | None
Kelsey Woodling | None
Maddy Sell | None
William French | None
Kaitlin Campbell | None
Danielle Ostronic | None
Lauren Blanco | None
Mallorie Gerwitz | None
Emma LePere | None
Goldinger, Tyler | None
Jenae McDonald | None
Nicole Kiko | None
Dylan Stoops | None
Elisa Small | None
Lauren Zaring | None
Alexa Nguyen | None
Sarah Keen | None
Juan German | None
Christine Erskine | None
Jared Schlicht | None
Jonathan Castillo | None
Kaaela Jones | None
Jordan Ward | None
Graciela Lowe | None
Jennifer Mullings | None
Joshua Nevius | None
Amanda Beaver | None
Amanda O’Dell | None
Lewin, Griffin | None
Devonte Davis | None
Brett Bower | None
Ashley | None
Alex Arce | None
Cesar Diaz | None
Jenny Kistner | None
Kierstyn Boling | None
John Nunn | None
Drew Norton | None
Jaime Toolan | None
Kelly (Carabine) Daugherty | None
Maria Cristina Archilla | None
Presley | None
Taylor | None
Brianna | None
Tikia | None
Alyssa Pacione | None
Nally | None
Lauren | None
Ashley Kaiser | None
Brigid | None
Sammie Olson | None
Lizzy Swann | None
McKenzie Miller | None
Jefferson Morris | None
Julia Kenny | None
Hayden Hurst | None
Olivia L. | None
Tom Stack | None
Skylee Holliday | None
sellers | None
graham | None
Bohmaker, Hailey | None
Justin Skwierawski | None
Kevin Doyle | None
Amanda Criscuolo | None
Alexandrea Rumsey | None
Danielle Baustien | None
Jasmine Bogart-Falbo | None
Holly | None
Anthony Posimato | None
Nick | None
Dunagin Zachary | None
James Kieran | None
Gabrielle Blanco | None
Trevor | None
Jeff Sawhill | None
Kevin | None
Michael Spence | None
Elisa Iglesias | None
Eli Harkey | None
Kayla Moore | None
Angie | None
Andrea | None
Lopez, Cesar | None
Alexis Zello | None
Jacob Poehler | None
Brandon Sheppard | None
Wade Wilson | None
Khan Mohammed | None
Mark | None
Scott M | None
Taylor | None
Tawny | None
Abby Jeffries | None
Anna Rallo | None
Karla Weissenfluh | None
Bob Lawlor | None
Tammy Kirksey-Myrah | None
Mohammad | None
Patrick Stearns | None
Aline Mayorga | None
Eduardo Villeda | None
Sandy Molina | None
Rebeca Sanchez | None
Luisa Leon | None
Henry Lee | None
christine | None
joe | None
carlos | None
Timothy Holt | None
Courtney Capers | None
Ellen Holcomb | None
Meghan Johnson | None
Douglas Charick | None
Rebecca Smith | None
Jared Cross | None
jared | None
Jessica Wherry | None
Alex | None
Brandee Backus | None
Rick Webb | None
Teresa Wamsley | None
scott keeton | None
Jennifer Yoon | None
Rick | None
Reid Smetzer | None
alexis tribble | None
mira tribble | None
Amanda hollum | None
leslie benz | None
Vance Gaddis | None
Rob Mueller | None
Austin Achtelik | None
Benjamin Holden | None
Rob | None
Vince | None
Justin Ross | None
Mat | None
test_contact_person | None
Vikramm | None
Vikramm | None
Addy | None
Ryan Murphy | None
Dan Walter | None
Tom McCann | None
Sarah | None
Jesse | None
Diana Romero | None
Austin Conner | None
Steven Eichhorn | None
Rachel | None
Jeff Monteleone | None
Erin Stilwell | None
Dawn | None
Gogo Ndara | None
Jay Canessa | None
Loreen Dinkelacker | None
Melissa Simone | None
Joe Centrella | None
Melissa Simone | None
Leanne Kelly | None
Kevin Jarry | None
Kevin Jarry | None
Leanne Kelly | None
Chuck | None
Chuck | None
Bryan Cedorchuk | None
debby willis | None
Debby Willis | None
Jessica Gorant | None
Jillian Kirk | None
Edward Guariglia | None
Lexis Bort | None
John Yoo | None
Daniel Schock | None
Mark Zaino | None
Amanda | None
Kathryn Guerra | None
Kelly Andrews | None
Sharon Gill | None
Jennifer | None
TJ | None
Steve | None
Jeff | None
MV Gupta | None
Alina Ceruto Hills | None
Heeral | None
Mark McComis | None
Jennifer Plumer Jannone | None
John Galindo | None
Sean McCoy | None
Nagesh | None
Allison Cox | None
Maranada | None
Jaymes Nowicki, | None
renee andrus | None
Allison | None
Brendan | None
Matt Adams | None
Jaymes Nowicki | None
Colin Genthert | None
Allison Cox | None
Carrie Forrest | None
Kari Stadler | None
Todd Krum | None
Jamie Burchell | None
Michael Kane | None
Liz | None
Gayle Steuckrath | None
Phil | None
Liz | None
kari cipriani | None
jennifer taylor | None
Rachel Jacobsen | None
Brittany Burke | None
Jaime Chisolm | None
Christina Byrne | None
Anthony Gutierrez | None
Erin | None
Kaylee Jones | None
Mark Kischko | None
Mark Kischko | None
Julie | None
Kyle Brady | None
Julie Henderson | None
Scott Marchesi | None
Mark Kischko | None
Alexandra Hall | None
Mitchell Boothman | None
Michael Conroy | None
Christine Scanlon | None
Francis Steinkrauss | None
rebbika tower | None
Sarah Morganelli | None
Patti Richards | None
Rick Bien | None
Sue McLean | None
Pattie Tsivouras | None
Jackie Connors | None
Pattie Tsivouras | None
Tricia Sentinella | None
Rob Peters | None
Dana Sommers | None
David Evans | None
Leah | None
Lawrence Schmidt | None
Val Labuguen | None
Max Ramos | None
Max | None
The Creative Group | None
Ashley Murphy | None
lisa wickham | None
Alex Ramsay | None
Sarah Sterling | None
Jess Burnside | None
Justin Gallagher | None
Jeff | None
Nicole Sims | None
Kieran Poirier | None
Mitch Lyons | None
Erika Pifer | None
Andrew Serven | None
Kestrel Carson | None
Evan Glasser | None
Paige Breedlove | None
Kayla | None
Bryan Moore | None
Jen McKee Drescher | None
Will Drescher | None
Avery Hoven | None
Erica Brockway | None
Quenton Foster | None
Quenton Foster | None
Michael | None
Mackenzie Kriebel | None
Mackinzie | None
Jonathan Jurgensmeyer | None
Kyle | None
Rachel Russell | None
cameron | None
Alex Skinner | None
Jessica | None
Paige | None
Cole | None
Justin Dato | None
Alex Skinner | None
David J. Sforza | None
Juli Gordon | None
Juli Gordon | None
Dyllan | None
Michelle | None
Meredith | None
Audrey Aucoin | None
Janet | None
Jim Fry | None
Kevin Marroquin | None
Katie Palmer | None
Daniel | None
Tia | None
Ray | None
Michael | None
Brett | None
Michael Schroeder | None
Amanda DeClerico | None
Ryan Mickley | None
Arielle Gremling | None
Stephen | None
Cole Minard | None
Gene Dvoretsky | None
Lisa Anderson | None
Brook King | None
Zoe Walker | None
Tim McAndrews | None
Jesirie Tuazon | None
Josh Matthews | None
Olesya Pavelchak | None
Michelle Love | None
Kurt Nelson | None
Tricia Demosthene | None
Andrew | None
Mitch Foster | None
Stuart Schwartz | None
Ella | None
Nancy | None
Cindy | None
Matthew Longo | None
Bryan Luther | None
Matt O'Brien | None
Leila Budavari | None
Chris Vacca | None
Joshua Geer | None
Amy Cosgrove | None
Kevin Shuster | None
Diane | None
Daniele DeMaio | None
Heather Medina | None
Gabrielle Randazzo | None
Paige | None
Kevin Hayes | None
Josh | None
Donald | None
sean.lawrence | None
Derek | None
Robert Young | None
Brianna | None
Sam | None
Bryson | None
Chris | None
Michael | None
Dayron Perez | None
Chrys Warford | None
Domenic Primerano | None
Devin Arrabito | None
Brianna Cabanas | None
Jannett avalos | None
Regan McKinney | None
Devin Arrabito | None
Adam Montilla | None
Kody Kuhl | None
Brianna Cabanas | None
jannett avalos | None
Logan Histed | None
Paige Barry | None
David Mortham | None
Josh Stock | None
tessa | None
Sean Uetz | None
Jonbonne Bacchus | None
Jason Hitchen | None
Ashley Ellis | None
Paul Kassab | None
Jillian Valentin | None
Paige Marie Benedict | None
Ryka Zand | None
Josh Wollschlager | None
Kristina Andrews | None
Paige Benedict | None
Tyler Wilhoite | None
Sherreice Abrams | None
Jason Racanelli | None
Joel handry | None
Joel Hendry | None
Steve Chiarello | None
Irene | None
Bridgette | None
Bridgette | None
Brooks Israel | None
Christopher Underwood | None
hannah | None
Craig Patterson | None
Renee Holder | None
Lori Lankford | None
Kate Aycock | None
Christina Grimes | None
Cassidy Smith | None
Monica Smiderle | None
Mary Catherine Price | None
Mary Catherine Price | None
Todd Reeves | None
Scott Courville | None
Michelle O'Keefe | None
Megan Harris | None
Wendy Nuncio | None
Amelia Roden | None
Mark Cherne | None
Patrick Stephens | None
Carole Lindsey | None
Mary Fox | None
Misti Mayo | None
Gazelle Medina | None
Kelly Arenas | None
Andrea Saunders | None
Tim Nusbaum | None
David Jones | None
Jennifer Hoch | None
Brittany Brown | None
Brandon Matthews | None
Fre Gebrieal | None
Ashleigh Mayer | None
Chloe Marcano | None
Chris Boydston | None
Kala Lewis | None
Kyle | None
Tiffany | None
martin girling | None
Barbara Mendoza Avila | None
Tiffany Allen | None
Scott Gormly | None
Phillip Crawford | None
Brian Woolfrey | None
Liz Barnes | None
Andi Weers | None
Lauren O'Brien | None
Platz | None
Nathan Baker | None
Jake Beeson | None
Caitlin | None
Gabe Borg | None
Cameron | None
Charlie Vann | None
Kate Sprenger | None
Michael Sam | None
Neveen Rashad | None
Anthony Laboriel | None
Nichole | None
Jordan Cortinas | None
Brad | None
Stetson | None
cody | None
Dave | None
Tiana Burgess | None
Avika Parlecha | None
Lyndsay Watson | None
Gabrielle Lewis | None
Bryan | None
Melissa | None
Jack | None
Joe Schuh | None
Kingsley Strong | None
Brenna Erickson | None
Gabby Smith | None
Keenan | None
Jamie Cohen | None
David | None
Carol Daly | None
Jaynia Cotman | None
Sanna Pothu | None
Carol Daly | None
Ashley Massie | None
Alexa Lloyd | None
John | None
Rozina Khanal | None
Judy | None
Ashutosh tyagi | None
Allison Yanar | None
Christopher Hindle | None
ABCD | None
Joe | None
Derick | None
Jamesha S Bennett | None
Jared Giorgio | None
Deepansha | None
Bhuwan Pant | None
Yasmeen H Khawaja | None
Amanda Wesson | None
Mackenzie Keefe | None
Christopher Weigl | None
Evan Modec | None
Evan Modec | None
Samantha Rymanowski | None
Lauren | None
AnnaMarie Giuliano | None
Mark | None
Debra Luan | None
Marnnie | None
Ashley N. Bierman | None
Julia Rocca | None
Brooke | None
Caroline E. Cristini | None
Laura Coker | None
Jonathan | None
Hannah Fisher | None
Sanghamitra | None
Brandon Bailey | None
Hannah | None
Kevin | None
jason | None
Robert Hoffner | None
Puneet Nehi | None
Jake | None
Jennifer Hallberg | None
Christian Wirick | None
Britany Courts | None
Christopher | None
Prasun | None
Twinkle Shukla | None
M. Cameron Christoff | None
Ellie | None
Parth Jain | None
Connor Beasty | None
Aubree Flores | None
Trent | None
Daniel Doan | None
Samantha Medina | None
SHUVAM RAO | None
Charlie Caulfield | None
Eric Morton | None
Angel | None
Pushpa | None
Krista Gledhill | None
Katelyn Melo | None
Evans | None
Rohan Kumar | None
Misty Kozekwa | None
Joseph Mora | None
Lauren | None
Jyoti Sharma, | None
Ashley Glover | None
Zachary Alwais | None
Brandon Green | None
Jared Rosdal | None
Matthew Vassillion | None
Sydney Thorsen | None
Walter Sill, | None
Lauren Saide | None
Grace Moran | None
Darby | None
Jonathan Jean | None
Mallory Langendorf | None
Aaron Lane | None
Devon Owen | None
Katie Lomjaria | None
Christopher Leahy | None
Timothy Hunt | None
Brad catania | None
Jesse Stenbroten | None
David H Crandall | None
Garrett Van Schaick | None
Olivia H. Brown | None
Brooke Conwell | None
Juan Homs | None
Philip Oppenheim | None
Tahra Kukuk | None
Quincy | None
Quincy Christian | None
Sky | None
Ricky Ragab | None
Eric Meltzer | None
Jason Allen | None
Kristina | None
Victoria K | None
Jason | None
Rache | None
Robert | None
Robert Hoffner | None
George Hamedani | None
Dennis Walsh | None
Cindy | None
Nick Battista | None
Lisa K. Yensen | None
Shane McGinley | None
Kris Jones | None
Qamar | None
Varsha Aggarwal | None
Molly | None
Jason Allen | None
Eric J. Bryant | None
Quincy Christian | None
Andrea Frank | None
Garrett Van Schaick | None
Quincy Christian | None
Monika Mishra | None
Pallavi Gupta | None
Pallavi Gupta | None
Amanda | None
Dawn Ard | None
Peggy Wells | None
Kristin Jennings | None
Lokesh | None
Bryan M. Rebhahn | None
Cavaleri | None
Vibhash Mishra | None
Yazmin Sepulveda | None
aaron | None
Jan Johannsen | None
Anshu | None
Merin | None
adil | None
Mcloughlin | None
akshi | None
Shane McGinley | None
Tucker Dunn | None
Tom Becker | None
Clyde Curry | None
Logan Dyer | None
Kristin | None
Pat | None
Vipin-CH | None
Anthony Castellucci | None
Patrick | None
maybrier | None
Ryan Modi | None
Taylor | None
Austin Issette | None
Craig Hamilton | None
Troy R. Wolfe | None
Kevin J Clancy | None
Tom Bodensteiner | None
Angelo Melchiorre | None
Paige Raszl | None
Kerri McNiven | None
Samuel Burt | None
Haley Caldwell | None
Casey | None
Lee glass | None
Charles Orozco | None
Shreya Shriyam | None
Benjamin Monaghan | None
Mali Davila | None
Peggy wells | None
Kerri Hall | None
Yash Verma | None
Sean Connelly | None
Charles | None
Eddy Flores | None
Connor McClare | None
James | None
Scott | None
Kevin | None
Ryan Kronberger | None
Joy Provenzano | None
Anthony S. | None
Nicole Fraley | None
Denee' Dillon | None
Paul Rooney | None
Tracey Slominski | None
James Cabral | None
Brittany Neef | None
Terry Prieto | None
Kimberly Lisun | None
Lasha Baker | None
Jason Fernandes | None
Michelle Xavier | None
Joseph Kuo | None
Cody Hall | None
Christopher Cerni | None
Charlie McShane | None
John Goetchius | None
Michael Ellershaw | None
Tara Neigenfind | None
Melanie Sudell | None
Brittany Neef | None
Jordan Walther | None
Dmitriy Kulikov | None
Neha Kunwar | None
Guillermo Vargas | None
Kevin Darnsteadt | None
daniel macatee | None
Britani Morgan | None
andrew blundell | None
Alaina Christensen | None
Pat | None
Rosana Flores | None
Ken Jones | None
Drew Evans | None
nichole | None
Nick Aaro | None
Charles Curcio | None
Pat Gormley | None
Sabreena Tressler | None
Rubal | None
Laura Curci | None
Julia Novack | None
Olivia Todd | None
Jessica Walsh | None
Mark | None
Michelle Shelton | None
Megan Sasso | None
Joseph Pedone | None
Jan Johannsen | None
Linda Winter | None
Leila Pomales | None
Kaitlyn Schuette | None
Jan Johannsen | None
Hannah Carlberg | None
Katie McDermott | None
Kevin Gorence | None
Richard Lair | None
Arthur Johnson | None
Brad Judge | None
Bradley Giletto | None
Travis Kauffmann | None
Lauren Eltringham | None
Jonathan Pillow | None
Elana G | None
Emily Callen | None
Gavin Cunningham | None
Courtney Ferreira | None
Doug Henning | None
Jill Storey | None
meridith dicicco | None
Kevin McQueeney | None
Christopher Hutchins | None
Daniel Macatee | None
Katelyn Trevino | None
Amber Cano | None
Kelsey Frank | None
Austin Landwerlen | None
Keenan Boyd | None
Bryan Doyle | None
Gabriel Lane | None
Bryan Doyle | None
Rosana | None
Sean | None
Tom Bennett | None
Kristina | None
Nicole | None
Todd | None
schmitz | None
albanese | None
kramme | None
Tom VonTanhausen | None
Ryan S. Tinari | None
Bakeoven | None
Michael A. Glinter | None
Melody Romeo | None
Cody O'Neal | None
Chadd | None
Laura | None
Hillary DeLeon | None
Alexx Sites | None
Sahiba Saifi | None
Danielle | None
Jamal Haider | None
Dennis | None
Eric Kee | None
Anshu Pal | None
Kerri | None
James Cunningham | None
Travis McElvain | None
Jessica | None
Alex Cartier | None
Robert Belchic | None
thongkham | None
Lav | None
Lav | None
Lenny A Almanzar | None
Alexx Sites, MS | None
Richard Bower | None
Justin M. Gearhart | None
Justin M. Gearhart | None
Brian K. Kubiak | None
Kris Jones | None
Kristen Dunlevy | None
Neha Tiwari | None
Anna Ibrahim | None
Shweta Agarwal | None
John Tordini | None
Shane McGinley | None
Erik Boerma | None
Ashish Srivastava | None
Derek Conine | None
Rob Girling | None
Edward Dempsey | None
Stephen Parker | None
Lily Kraft | None
Dustin J. LaGrand | None
Jennifer E. Murray | None
Anthony P. Cuadrado | None
James Cunningham | None
Kristin Jennings | None
Justin Doerner | None
Michael Calise | None
Kristen E. Dunlevy | None
Edward dempsey | None
Brad Voss | None
Christian M. George | None
Mitchell Cohen | None
Andrew Solimeo | None
Danielle Allen | None
Michael Buontempo | None
Garrett J. Van Schaick | None
Matt Lawandales | None
Angelo Melchiorre | None
Abhinav Raj | None
Alexander Bruno | None
Rohit Negi | None
Brad Gabriel | None
Rajat Jain | None
Brad P. Gabriel | None
Morgan Geary | None
Jake Mason | None
Andrew C. Walsh | None
Bryan Rebhahn | None
Mili Proia | None
Melody Georgiou | None
Justin G | None
Taji Mixon | None
Bryan M. Rebhahn | None
Kyle Svenkeson | None
Shane P. Gavin | None
Brian Thibodeau | None
Kayla J. Henry | None
Kevin Roach | None
Adam Sandilands | None
Christopher R. Donham | None
Rachael Ann | None
Eric J. Bryant | None
Haley Johnson | None
Shane Gavin | None
Megan Romanowski | None
Morgan Gutwein | None
Lise Thorup | None
Alex Lytwyn | None
Ross McGinley | None
Maribel Cannella | None
Michael Streeter | None
John Briggs | None
Erik Gunderson | None
Catherin Lee | None
Robert | None
Evan | None
Amanda L. Massad | None
Jim Cunningham | None
Brian J. Blasko | None
Camden Sauls | None
Anastasia G. Shimanis | None
Ashley Shissler | None
Jake Mason | None
Jeremiah U Delgado | None
Kyle Svenkeson | None
Thad K. MadZelonka | None
Ross McGinley | None
Vivek Singh | None
Aaron Real | None
Melayna Currie | None
Derek Coine | None
Josh Leshner | None
Cindy Lucarella | None
Bharat Upadhyay | None
Daksh Taneja | None
Eric | None
Chase Jennewine | None
Troy Wolfe | None
R. Kelly Barrymore | None
Lauren M. Berry | None
Clyde Curry | None
Molly Zorn | None
Vladimir Demin | None
Leila Pomales | None
Richard Webb | None
Britani L Morgan | None
Mohd Rehan Siddiqui | None
Danah Han | None
Kerri A. Hall | None
Ken Jones | None
Collin | None
Nicoletta Turano | None
Crissy | None
tristi | None
Chadd D. Kelly | None
Jonathan Jean | None
Richard Webb | None
sanjeev | None
Douglas Brown | None
Jules Conti | None
Animesh Maity | None
Pat | None
Brad Voss | None
Melissa Spindler | None
Lauren | None
Lauren Whitehead | None
Kaitlyn Hunt | None
Bobby Rivera | None
Eric O'Rourke | None
Kaitlyn Dhindsa | None
FRANCIS MARTIN | None
Deborah | None
WANDA RAMIREZ | None
Indhira | None
Mark Olthoff | None
Sydney Savoy | None
Jayme Gagne | None
Ceara Dowell | None
Rob Roney Jr | None
Jaime Sklar | None
Michael Connolly | None
Tracy Powers | None
Kim Boyko, | None
Amy Gomillion | None
Julia | None
Robert Foree | None
Kim Boyko | None
Tracey Rezapour | None
Kristina Bailey | None
Trevor Sniffin | None
erica | None
juli | None
Sara | None
Linda Mezzullo | None
Erin Barkasy | None
Von Goesling | None
Peter | None
MEGHA PATHAK | None
Chirs Tracy | None
Neha Gaba | None
Tim Chou | None
Tarek Amrouch | None
Anthony Hayes | None
Marquita Gonzalez | None
Cheryl Black | None
Erica Rose | None
Cheryl Black | None
Zach | None
Brooke Douglas | None
Molly O'Reilly-Pol | None
Peter Jaquez | None
Justin Wilson | None
Jin Lim | None
Peter Jaquez | None
Tricia | None
Tricia Scanlon | None
Kendell Brumley | None
Kimber Andress | None
Justin Payne | None
Aradhana Mehta | None
Andy Recard | None
Tim Dotterweich | None
Tim | None
Patti Cusack | None
Ian | None
jenny tran | None
nikki renaud | None
louren sommers | None
emily bredthauer | None
Erin Hogenson | None
Deider Meyer | None
Michael Russo | None
Delsin Grubbs | None
Sarah Espe | None
Charlotte Bonilla | None
Daniel Stapleton | None
Kristen Nardone | None
Charles Battersby | None
Leonard Bellezza | None
Dan James | None
Leonard Bellezza | None
Melanie Giancola | None
Julien Tapia | None
Rosanne Mangano | None
Mariela Rojas | None
Michaela Nelson | None
Nicholas De Young | None
Nicholas De Young | None
Kaitlin O'Brien | None
Emily Shokrian | None
Matthew Sarson | None
Amy (Bywater) Moehlman | None
Amy (Bywater) Moehlman | None
Justin william | None
Lance Klem | None
Dan Egleston | None
Seneca Quellos | None
Michael Sapanaro | None
Lilia Huda | None
John | None
Joe Conners | None
Jim | None
Matt | None
Erik | None
Lily | None
Carlton Henry | None
Jim Biles | None
Jordan | None
Ellen | None
KC Morton | None
Joe Conners | None
Kari Hanna | None
Jason Nicholson | None
Ray | None
Robert | None
Randy Neuringer | None
Abigail | None
Max Bunch | None
Timothy Neary | None
Catherine Gallager | None
Matt | None
Meagan Jerome | None
Chris Meadows | None
Jae Cho | None
Casey Caras | None
Arman Joseph Lee-Al Alegre | None
James Oliver | None
Doug | None
Paul martino | None
Barton Bromley | None
Marissa Nix | None
Robert James | None
Denis | None
Hannah Berry | None
Kathleen Griffiths | None
Matt | None
CJ | None
Chris | None
brad | None
Jon Hill | None
Jordan Nagle | None
Madison Farfour | None
Dylan Snider | None
Rudy Baez | None
Katie Northcutt | None
Jason | None
Nejla | None
Rachel | None
Mere | None
Corey | None
Michael | None
Chris Issa | None
Sonya | None
Bethany | None
Amanda Thomas | None
Luciano Romano | None
Kelie | None
Alexandra | None
Jason Kennedy | None
Andrew Lumley | None
Matt Thomas | None
Brooke Ray | None
Brooke Ray | None
Anna Fisher | None
Collin Wohlfert | None
Katherine Schneider | None
Michaela Wall | None
Alisha Deshwal | None
brooke ray | None
Brook Ray | None
Rida Baharia | None
Amanda Prahl | None
Shelby (Bickel) MacNaughton | None
Andrew Lumley | None
Wyatt Ladd | None
Raquel Lozano-Hazlett | None
Lauren Early | None
Paige Hauser | None
Raina Takabatake | None
Jordan Nagle | None
James Mitchinson | None
Mike Murphy | None
Chris Issa | None
Abby Patrick | None
Sam Lee | None
Ashton Tyler | None
Brooke Ray | None
Taylor Bethea | None
Katherine Schneider | None
Josh Souza | None
Amanda Landry | None
Katie Northcutt | None
Alexander Fisher | None
Michael | None
Maxwell McHugh | None
Jamie Dimon | None
Leah | None
Elena Zang | None
Jon | None
Timothy | None
Lauren | None
Kelsey Chaney | None
Kayla | None
Thivya | None
Eric | None
Andre | None
Mike Murphy | None
James D'Urso | None
Matt Koren | None
Lexi Villanova | None
Sarah Horton | None
Scott Dungey | None
Michael Sims | None
Matt Prosser | None
lara | None
Carla | None
Drew | None
Bill Hill | None
Michael Rodriguez | None
Lesley Frohman | None
Lesley Frohman | None
Casey Menter | None
Elisa Garcia | None
Elisa Garcia | None
Daymari | None
Maikel Marrero | None
Stacy Pennington | None
Elisa Garcia | None
Shubham Sharma | None
Greg | None
Kevin Foster | None
Michael Henige | None
Naomi Bamber | None
Alyssa D’Attilio | None
Melissa Houck | None
Ellen Tanquay | None
Tracy Misner | None
Sharyn Blicht | None
Brendan Kelly | None
Floriana Collica | None
Mike Dillingham | None
Brienne Smith | None
Paul | None
Elissa Salinger | None
Lisa Vago | None
RJ Sabol | None
Mae Earman | None
Neil Shaw | None
RJ Sabol | None
Vaishnavi Kulkarni | None
Anna | None
Lisa | None
J Sabol | None
Namalhi Hall | None
Namalhi Hall | None
Deepkannoju | None
Anna Kessler | None
Jacquelyn Parks | None
Dhee Ocampo | None
Brian Rider | None
Austin Cochran | None
Steve | None
Nella Rosas | None
Ramyasree | None
kiran | None
Ramyasree | None
Lauren Rightmire | None
Brent Brown | None
Paul Cosgrove | None
Katey Wellman | None
Tom Dalessandro | None
Ian Dam | None
Rick Kobza | None
Jason Manning | None
Jami Crouch | None
Katie Ryan | None
Zach McLean | None
Jami L Crouch | None
Mike Oddo | None
Linda Condon | None
Harry | None
Aaron McCrary | None
Linda Dick | None
Tyler | None
Keith Clements | None
Jennifer Lynch | None
Tom Condon | None
Tara Brenneman | None
Khero Witey | None
Andrew Cano | None
John Zawlocki | None
arthur | None
Kyle | None
Erica | None
Seth | None
Hari | None
Isra | None
Jhoanna Mendoza | None
Daryn Gerson | None
Connor Webb | None
jordan | None
Chelsea | None
Alexanra | None
Matt Perlmutter | None
Brian Idarraga | None
Steve Prongay | None
Maya Pillsbury | None
Rachael Feuer | None
Phil Tucker | None
Kevin Fanning | None
Makenzie Moore | None
Lesa Tomaselli | None
Kathryn Dennis | None
Ashley Kim | None
BARNABAS LEE | None
Katrina Koomey | None
Benjamin | None
Tassen Manzoor | None
Tami Gold | None
Tyler Blanchette | None
Daniel Neil | None
Daniel Neil | None
Jana Liston | None
Kelly Naughton | None
Tyler Blanchette | None
Margaret Paul | None
Emily Rickson | None
Justin Vreeland | None
Robin Rowland | None
Stephanie | None
Brandon Becker | None
Kishan Patel | None
Aman | None
Karl Becker | None
Keri | None
Sue | None
Jake | None
Michelle | None
Amy Thompson | None
Casey Ryan | None
Joanna | None
Erik Olson | None
Holly Avery | None
Nicholas | None
Rich Baxendell | None
Kim Kilgoar | None
Ashley Wetzel | None
Megan Jowers | None
Lanceton Pettie | None
Peter | None
Lexi Dolby | None
Michael Nelson | None
bailey | None
Anna Fischer | None
Mara DiTullio | None
Farredeh Pippin | None
Jonathan Webster | None
Linda Hagen Grote | None
Joann Thompson | None
Johanna Erickson | None
adam kleckner | None
Devon Walker | None
Devon Walker | None
Adam Kleckner | None
Kris Rides | None
Chrissie Wootton | None
Niraj Tiwari | None
Mike Prendergast | None
DJ Prusell | None
Kevin | None
Katrina | None
Jeffery Koppin | None
Bethany Rosseau | None
Lydia | None
Dana Perigo | None
Jeanhel | None
Jackie Flynn | None
JOE HAMPI | None
Tom Trese | None
Valerie Scarsellato | None
Kristy Loos | None
Lon McCarter | None
Tanya Murphy | None
Daniel Chechile | None
Dan | None
Apeaksha | None
Greg Zazzarino | None
Jim Lennox | None
Joe Fiorillo | None
Megan Sally | None
Alexa Scalzi | None
Shana Nelson | None
Anne Lachance | None
Caitlyn Andres | None
Dana Kochba | None
Cassandra Wisley | None
Sofia | None
michael millikin | None
Randall Reed | None
Julie | None
Jay applebaum | None
Stephanie Treichel | None
Scott Anderson | None
Nicole | None
Dan Zenick | None
Ryan Smith | None
Nicholas Vitale | None
Rob McClure | None
Karyn Jacobs | None
Tim Baker | None
Naveen Soomro | None
Nicole Piscopo | None
William Collins | None
Patrick McGuire | None
Jon Tschudin | None
Jonathan Reardon | None
Kenny Pilanski | None
Patrick Bruen | None
Joseph | None
Kevin | None
Gav’von Johnson | None
Andy Jones | None
Johnson | None
Jeff Melendi | None
Michael Carideo | None
Jon Rose | None
Jerry Holder | None
prashanth | None
Paola | None
William Hoff | None
Pepper Furukawa | None
Jim | None
shawn | None
Paul T | None
Alvin K | None
Pepper Furukawa | None
Tiffanie Papich | None
Patrick Walker | None
Mark Prince | None
Rachel Brandenburg | None
Jorge | None
Mary | None
Marcus Frazier | None
Lucas Dawson | None
Brian Shaver | None
Jake Heinrich | None
Mary | None
John | None
Cynthia | None
Gina Crook | None
Jamie Lee | None
Paul Bozek | None
GEORGIA VELISSAROPOULOS | None
Karen DuVall | None
Mary Bove | None
Kyle Schulte | None
Holly Hendrix | None
Diane Dillon | None
Julia Braham | None
Will | None
Shilpi (Agarwal) Basu | None
Jordan | None
Jessica Zalewski | None
Justine Ewald | None
Mike Viso | None
Indu Sharma | None
Casey Taranella | None
Ryan Schnell | None
Trevor Patten | None
Vinita Kurani | None
Josh Clay | None
kim | None
Katie Grady | None
Benjamin Sheffield | None
Heather Moore | None
Jessica Hariharan | None
Abigail Peterson | None
Will Swift | None
Nikki Scarpelli | None
Jason Beck | None
keith green | None
Mark | None
John Sturgeleski | None
John Sturgeleski | None
Mark | None
Trebor | None
tracey | None
Charlie | None
Troy Schmidt | None
Kevin Porter | None
Jeff Roodhouse | None
Greg Browning | None
Jeffrey Morris | None
Andre Borges | None
Doug Tringali | None
Deirdre Volk | None
Wyatt Dempsie | None
Sarah | None
Marissa Vore | None
Kenneth Moon | None
emily node | None
brady reed | None
madison adrian | None
Brenda Geisler | None
Melissa Houck | None
Brady Reed | None
Ryan Osborn | None
Jim Erhard | None
Erik Blubaugh | None
Brian Hodge | None
Scott Strough | None
Mason | None
Kenn Moon | None
Michael Zika | None
Caitlin Brown | None
Roger S. Greco | None
Solomon Keith | None
Rekha | None
Matthew Snyder | None
Joe Infant | None
Mark | None
Rekha Thakur | None
Eric Lane | None
Lingaa | None
Bala | None
Charlotte Sequeira | None
Christian Bradley | None
David Ma | None
Gwendolyn Wood | None
Gwendolyn Wood | None
Steve Adelstein | None
Gwendolyn Wood | None
Amy Jaimes | None
Laura Sweeney | None
Erika Jackson | None
Tim Mason | None
Ayanna Moore | None
Sean Archard | None
Linda Cavanaugh | None
Laura Sweeney | None
Jordan Butler | None
Augustine | None
Prasun Lo | None
Victor | None
Alex Embuscado | None
Rodrigo Jr. Bendijo | None
Tisha Dorsey | None
Melissa Lord | None
Jack Smith | None
Joel Deppen | None
Steven Castleberry | None
Ishie Oduegwu | None
Joshua Turner | None
Cooper Latimer | None
Masha Demiani | None
Jerod Schoenthaler | None
Bradley Bader | None
Mark Chen | None
Daniel Hill | None
Kara Miller | None
Mark Lebresco | None
Lex Bruno | None
Shanna Holmes | None
Jill Martinelli | None
Will Hernon | None
Lauren | None
Erika | None
Kim | None
Mike Allen | None
daniel George | None
rob | None
Eric Oliveira | None
Jerry Solar | None
Tori Badecker | None
Trey | None
Patrick Dotter | None
Gagan sharma | None
Junaid Mohammed | None
Michael Gaydos | None
Anushka A | None
Prashanti | None
Joshua Diaz | None
Damon Nicholls | None
Alexandra Simkins | None
Alec | None
Ser Whitaker | None
KATIE HUNTER | None
Daniel Mapstone | None
Steven | None
Niraj Tiwari | None
Shekhar | None
Dan | None
Ozzie Osmonson | None
Mike "Ozzie" Osmonson | None
Henry Cooke | None
Ryan Pope | None
Michael Bissell | None
Chris Berchock | None
Betsy Murray | None
Bridget Watson | None
Nick | None
Sean | None
Diane | None
Jillian Kirk | None
Diana Eriksen | None
Casey Quinn | None
William Lopez | None
Thomas | None
Honor Holloway | None
George Hamedani | None
Manu Kaur | None
Patrick Jin | None
Patrick Smith | None
Robyn Gold | None
Rebecca Hou | None
Joe Apoldo | None
Jordan Kessler | None
Kevin Grant | None
Nunzio Belfiore | None
Sean Gabrin | None
Meghan Hehir | None
Craig Manara | None
Jerome Espiritu | None
Darren Aristorenas | None
Eric Scheinberg | None
Stephanie Frieri | None
Jordan Kessler | None
Christopher | None
Mitchell Crespo | None
Mhia Veliz | None
Leo Guevara | None
Harry | None
Montana Ragosta | None
Nick | None
Trish | None
Patrick Cooper | None
James Watson | None
Janice Toscano | None
Denisse Boneta | None
Louis Ray | None
Jennifer McNaughton | None
Jaerene Medeiros | None
Jaerene Medeiros | None
Justin Parker | None
Melissa Lecznar | None
Katriina Tilly | None
Heather Crichton | None
Tim Hendrickson | None
Victoria Ferrary | None
Thor MacLennan | None
Vit Kanesh | None
Gaytri | None
Jesica | None
mack | None
Michelle Linares | None
Dany Lopez | None
Christian Cardenas | None
Anthony D'Angio | None
Hassen Issa | None
Amy Wong | None
Christian Borthwick | None
Caroline Phelan | None
Ryan Betts | None
Simon Flom | None
Josh Loffredo | None
James | None
Anna Budchenko | None
Erin | None
chris | None
david | None
Joshua Miller | None
Dan Price | None
Regina Bari | None
Brandon Becker | None
Kia Reichel | None
Chris Jones | None
Scott Quinn | None
Jim | None
Tyler Blanchette | None
Sunnie Carrico | None
Tiffany Gunter | None
Rudy Rissinger | None
Kathleen R | None
Jeffrey | None
Angela Choe | None
Tiffany | None
Matt | None
Ryan Crossin | None
Kara Winther | None
Christina Schreiber | None
Adam | None
gunter | None
Brian Organtini | None
Sean Hertzsch | None
Joe Davis | None
Julia Zolotarev | None
Mitch Galligan | None
Rosie Shanks | None
Lauren Carew | None
katie | None
Mike | None
Lauren Rodriguez | None
Marie Juntilla | None
Todd Martin | None
Robert Dragonette | None
Ellen Rider | None
Flavia Stanton | None
Flavia Stanton | None
Kevin King | None
Nicholas DeSario | None
Greg Workman | None
Cynthia Henderson | None
Amy Bates Strayhorn | None
Caroline Dybala | None
john melone | None
Steve Wamser | None
Kara Moe | None
Helen Reinstein | None
Shagun Sachdeva | None
Pat Collins | None
Justin Mehdizadeh | None
Katherine Bernardoni | None
Emily Heightman | None
Marielle Inocentes | None
More… Sarah Chandler | None
Elizabeth Engle | None
Rachel Maxcy | None
Annnya | None
Alex | None
Wcole | None
edwords | None
515-556-9327 | None
Saundra Geng | None
Jason Francis | None
Davina Houchins | None
John | None
Vinod | None
Lynsi Morrow | None
Deborah Sedillo | None
Stephanie Alvarez | None
Alex Horti | None
Stephen Poh | None
Stanly | None
Chris Culter | None
Noah Tuttle | None
James Monastra | None
Rebekah Netzorg | None
Britt Bodie | None
Michael Charron | None
Michael Charron | None
Jessica | None
Alex Battard | None
Paul Risman | None
Laura S. Dancovici | None
Lisa Rossetti | None
Madhu | None
Aaron W. Putnam | None
Brandon Tse | None
Alexie Reite | None
Michelle Hurd | None
Maddy | None
Lori Kwan | None
Alan | None
Rebecca | None
Dani | None
Alex Galasso | None
Bryan | None
Keeley Hernandez | None
Brandon Tse | None
Drake Heubach | None
Alexie | None
Masha Demiani | None
Ashley K. | None
Dani Salcido | None
Ashley K | None
Caroline Pierce | None
Maddy | None
Kylie | None
Michael Leon | None
Madeline Heuer | None
Kelly Clawson | None
Alexie Reiter | None
Garrett Jeffcoat | None
Aron | None
Cindy Won | None
Sunil | None
Jennifer Guevara | None
Donna Scott | None
Linnea Biggs | None
Jayde Dulany | None
NICOLE | None
Karina Collazo | None
Karina Collazo | None
Raj Bharath | None
Pavan | None
Uttej Y | None
TJ | None
Crystal | None
Amy | None
Imran | None
vincent fallon | None
Mike Crotty | None
Fahad | None
Ray | None
Dolly Debbarma | None
Brad Rowley | None
Brittany Greco | None
Matt Driggers | None
David | None
Georgie Armstrong | None
Jennifer Mims | None
Dereck | None
Bayli Anderson | None
ani | None
MARY HANNAH LOTT | None
Julia Jasko | None
Megan Clark | None
Kylie More | None
Claudia Trimbach | None
Drew Stein | None
Barry Fleming | None
Aaron Wolfe | None
Edward Chadd | None
Joy Das | None
John | None
Melanie Martinez | None
Charlie Bowen | None
Wendy Beaumont | None
Michelle Trueblood | None
Lindsey | None
Matt | None
Jara Larsson | None
Erin Dennis | None
Cozette Linneman | None
Jodi Fugate | None
Nicholas Pridonoff | None
Keri | None
Joseph Edwards | None
Molly Eiswerth | None
Michelle Long | None
Brian Shoumaker | None
Chris Classic | None
Trae Hughes | None
Hannah Wesselman | None
KImberly Rutland | None
Tiffany Brown | None
Gabriel Martinez | None
Molly Snyder | None
Anthony McClarnon | None
Mahdi Hosseini | None
Lerin Merry | None
Sally Christopher | None
cate | None
Sami O’Brien | None
Vincent Pietro | None
Kyle Allen | None
Julianna Cinnella | None
Caleb Myers | None
Ben Cherry | None
Julie Andol | None
Eric Gunn | None
Andy Johnson | None
Thomas Jhonson | None
Diana Lo | None
Vince Walch | None
Nick Palacios | None
Brendan Horan | None
Lauren Jessup | None
Lauren Jessup | None
Kimi | None
Thomas | None
Jenny Schneider | None
Dustin | None
Andrew Luna | None
Diane Tabulog | None
Christina Miller | None
Angela Williams | None
Reece McCrea | None
Molly Eiswerth | None
Craig Martinav | None
Aaron W. | None
Kristin | None
Greg Scerbo | None
Widner Agenor | None
Holly Stage | None
Rama | None
Kathleen | None
Temuka Dashzeveg | None
kelly | None
Katie | None
- | None
Nicole | None
Erin | None
Temuka Dashzeveg | None
Temuka Dashzeveg | None
Angela Sheets | None
KAte | None
Heidi | None
Anglena | None
Jillian | None
Claire Mathiowetz | None
Joshua A. Hill, | None
Eric | None
Anna | None
Anji | None
andrea | None
Andrew Owen | None
Mary Lavin | None
Brandon McIntire | None
Charlie Baumann | None
ANDY POLING | None
Marcus Groop | None
Jon Woolley | None
Robert Jones | None
Robert Jones | None
Thomas Saxton | None
Gary Mathur | None
Annie Storey | None
Joy | None
Tom | None
Ben | None
Allison Hanzel | None
Johnallen Richards | None
Gabe | None
Chris Sondgeroth | None
Nivetha | None
Venila | None
Justeen | None
Berkmans Clinton | None
Michael | None
Mehre | None
Rishi | None
Christopher Heath | None
Debaleena correa | None
Amity Calhoun | None
Derek | None
Preeti | None
Mike Chonko | None
Noreen | None
Dennis Busel | None
Nikki Grant | None
Bill Hibler | None
MAGGIE daronco | None
Maggie | None
Tamara Dawn | None
sam | None
Samuel Thomas | None
Robert | None
Justin Patrick | None
Justin | None
Tiffany Smallback | None
Synthia | None
Adrian Parish | None
Benett Tomandl | None
Josh Longmore | None
Elliot Jones | None
Michael | None
Gabrielle Harrison | None
Janie | None
Jennifer Toal | None
Nanette | None
Nicolette Stock | None
Kenny Kulesz | None
Bobby Ingram | None
John Rayhan | None
Sean Halloran | None
Marjorie Cheatham | None
Diana Cardillo | None
Ashley Reyes | None
Terri Connor | None
Carly McCoy | None
Diane Mortland | None
Kathleen Frisina | None
Janell | None
Tammi | None
Sharyn Glowatz | None
Emily Owen | None
Subha Hari | None
Ian Freeman | None
Brandon Mimes | None
Matthew Allen | None
Clare | None
Sadaba | None
Matthew | None
Ian | None
Deepa | None
Nick | None
James | None
Jenny Blazsek | None
Laurn | None
Anju | None
Madeline | None
Chris Hollins | None
Madeline Turriff | None
Thomas Miller | None
Zane.Montague | None
Nicole Buck | None
Tripti | None
Sophia Nesbitt | None
Catherine Perrin | None
Jenny | None
Thomas | None
Catherine Perrin | None
Matthew Allen | None
Zane | None
Tristen Gonder | None
Malon Thomas | None
tari | None
kali | None
Leonte Leflore | None
Eve Malamova | None
Eve Malamova2 | None
Patrick Lim | None
Jeanhel Acuba | None
kail | None
Henry Ladia | None
Steven | None
Royce | None
Sheryl Samson | None
Brennan Rugg | None
J Makohon | None
David Cassese | None
Kevin Brown | None
Kyle Lee | None
Veterans Sourcing Group | None
Brian Haggerty | None
Mathew Cassese | None
Sid Parker | None
Annie Fernandes | None
Frank Minutola | None
Tracy Solano | None
David Viani | None
Torrance Laugle | None
Amanda Ricci | None
Megan Sohl | None
Natalie Viani | None
Jamie Satchell | None
River Anders | None
Tom | None
Mike Waldron | None
Johnnie McIntyre | None
Brittany Heckenberg | None
aroos@vincentbenjamin.com | None
Brandon Fujii | None
Angela Lim | None
Charlie Rice | None
Myrna Romero | None
Nikka Lao | None
Alex Germond | None
Andrew Mills | None
Adam hurst | None
Jerry Eberly | None
John Wolff | None
Maria | None
Sheery Kimura | None
Rigoverto Alvarado | None
Danielle | None
Megan Taylor | None
Matthew Lambert | None
Robert | None
Fionna Connar | None
Lou Hazim | None
David Blair | None
Ryan Pat | None
Jeison Bedoya Zapata | None
Tom Weiland | None
Senthil Govindan | None
Jayakumar | None
Daniel Sifen | None
Dilli Ganesh | None
Amin Shaikh | None
Bharani Dharan | None
Menan Mohan | None
Sekar Thulasi | None
Sajid Shaikh | None
Sabarinathan Appusamy | None
Devakumar S | None
Sara | None
Jay | None
Clarissa Heaney | None
Emily Houston | None
Rose Gramme | None
Porter Johnson | None
CASEY CHESKEY | None
Anna Soyke | None
Sean Noonan | None
Shawn Vsiontek | None
Tyler | None
Ally | None
Eric Hampton | None
Doug Henderson | None
Lauren (Weeks) Barahona | None
Kalyn Kolaski | None
Ray Stack | None
Maxine Biddie | None
Todd | None
David K. Paulsen | None
Kyle Good | None
Peyton Kirkland | None
Brooke Wommack | None
Stephanie Holtzapfel (Jergel) | None
Becky (Maki) Quesada | None
Jana Huff | None
Elizabeth Naraine | None
Jana Huff | None
Paige Tanner | None
Eric Hampton | None
Jarae Comstock | None
Lauren (Martin) Larkey | None
Kristina Passavanti | None
Sidney Spivey | None
Lukas | None
courtney | None
Lindsay McCarty | None
Lauren (Martin) Larkey | None
Travis Howard | None
Laura Dreuth | None
Kahti Motley | None
Mike Miller | None
Victor Ross | None
Ben Reynolds | None
Sandy Montini | None
Levi J. Arguelles | None
Savanna Allen | None
Robin Posser | None
Sarah | None
Vanessa Wise | None
Sharon Collett | None
Levi | None
Sharaon | None
Kayla Lockett | None
Sarah lizausaba | None
Kayla | None
Craig Meyer | None
Melissa Redmon | None
Melissa Kahl | None
Camille | None
Karalie | None
Melissa Kahl | None
Melissa A. Redmon | None
Marina Marshall | None
tetiana shyrina | None
phoebe Turner | None
Aaron Mccade | None
Marina Marshall | None
michael | None
Marina Baliuk | None
Alina Schwartz | None
katherine | None
Matt Sampson | None
Anastasia.Stein | None
Jay Goldberg | None
Jane Sorrel | None
Erika Bunton | None
Kristina Vincent | None
tanya oseledko | None
Matt Sampson | None
Andrew Stadler | None
Mike Maxfield | None
Valerie Brons | None
Team | None
anna | None
Mark Sober | None
Tim Chirkov | None
Karina Nash | None
Julia Peterson | None
Vera Noris | None
Selda Orton | None
Tania Kobzar | None
Alexis Zimmer | None
Ron Goodman | None
Irene Hula | None
Alexander Servin | None
Alicia Carter | None
Daria Kulik | None
Tania Lane | None
Natalie Sazon | None
Nika Lewis | None
Angela Konen | None
Nika Levis | None
Dan White | None
Anna Conrad | None
Anastasia Green | None
Tim Chirkov | None
Nina Maksymenko | None
Liz Lavrushko | None
Vera Norris | None
Krystal Estrada | None
Alexander Bond | None
571-998-5359 | None
Helen | None
Ben Parker | None
Stacey Molinar | None
Kim Aherne | None
Alison Keefer | None
Madeline | None
Cindy McCool | None
Cindy McCool | None
Marcus Olivera | None
Jamie Brough | None
Ingrid Adecer | None
Ashley Felten | None
Sara Byron | None
Angie Le | None
Cindy McCool | None
Becky | None
Matthias Riese | None
Andrew | None
Nicollette Tomseth | None
Atika Kermele | None
Nicole Lounsbury | None
Lourdes Carstensen | None
Eddy Reyna | None
Katie Beach | None
Christina Ramsey | None
Carrie Peterson | None
Phani | None
Melissa OHalloran | None
Linda Tatum | None
Matt Haltom | None
Gary Cosentino | None
Kara Selsman | None
Janet Sinton | None
Casey Lewinter | None
Zelie | None
Zoe Muehleip | None
Austin Browning | None
Kalen Kelley | None
MASEEM | None
Jayla Harlan | None
Robbie Dale | None
Bari Pritchett | None
Cathy kuratko | None
Matthew Reynolds | None
Elisha Ndlovu | None
Andreia L Evola | None
Justin Reynolds | None
Andreia Lage Evola | None
Brandon Waring | None
Gironda | None
Ben Arasi | None
Patricia | None
Lorie Gironda | None
Navaneetha | None
Randall Deutscher II | None
Kalie Vaughn | None
Maria Aguirre | None
Jasmine Castrejon | None
Mara | None
Jorrit Wit | None
Anastasiia Cotura | None
Samatha | None
Bill Rosato | None
ken rosato | None
jEFF | None
Nisarg Raval | None
Gaurav | None
Kamran | None
Niraj Tiwari | None
Anita Maxwell | None
Heri Gosai | None
Alvin | None
Vijay | None
Marco Noceja | None
Jam Loberial | None
Jason Babbitt | None
Jovie Solmoro | None
Kiarra Luarca | None
Kiarra Luarca | None
Joviedel Diane Solmoro | None
Rica Mañalac | None
Monica DeJager | None
Rica Manalac | None
Rajwinder Kaur | None
Chris Hardy | None
Hussain Adenwala | None
Jovie Solomoro | None
Kevin Apczynski | None
Jeff Decena | None
JM Sauro | None
Jeff Decena | None
Holly Handley | None
Jameka Brachel | None
Tim Dacey | None
Jackie Hertzler | None
David Reich | None
Joviedel Diane Solmoro | None
Joviedel Diane Solmoro | None
Ailene Magallanes | None
JEFF Decna | None
Kevin Christian | None
Rica Mañalac | None
Kevin Christian | None
Kevin Christian | None
Brittany Park | None
c hard | None
k apz | None
Bill | None
Clyde | None
Stacey Sieber | None
J decena | None
Divina Gayapanao | None
Laura Grifka | None
Arpit Doshi | None
Jasmine Fernando | None
Dipal Contractor | None
Anjali Baburaj | None
Daniel Francisco | None
rathod | None
Philip | None
Rajarajan | None
Bhumika Vora | None
June Vie Costan | None
JP Panda | None
Vandana | None
Kaitlin Hazle | None
Vineet Jha | None
John Paul | None
Yash Bhoot | None
Angel Gamas | None
Ana Operio | None
Jovidel Diane | None
Andrew Banal | None
Ronnie | None
Selena | None
Patrick | None
Bhanupratap? Singh Rajput | None
Wesley White | None
Claire Underwood | None
Camila Ceballos | None
Katherine Solomon | None
Arnold | None
Haley Martin | None
Haley | None
Nick Calisi | None
Amy Lowe | None
Tanu Basu | None
Danielle | None
tifany | None
Denise White | None
Brian Key | None
Emily Carbone | None
Greg Walker | None
Stefanie Rekuta | None
Jeff Resta | None
Gabrielle Litwin | None
Delaney TUITE | None
Alexis Cardile | None
Liz McBride | None
Sneha Alagappan | None
Cara Hoang | None
Ellie Morin | None
Jenney Szeto | None
Shawn Johnsen | None
Dennis Clark | None
Prestin sherry | None
Christina Shipe | None
deprisco | None
Drew Angers | None
kaitlyn owen | None
Peter Moren | None
Jeff | None
Mete Tuzcu | None
Mark Navarra | None
Mark Melzl | None
Jamie Bayuk | None
Timothy Wheeler | None
Caroline More | None
Travis Butler | None
Patricia Simpson | None
Torben Espensen | None
Wendy Spina | None
Gregg Flecke | None
John Pham | None
Michael Grafton | None
Amanda | None
Michael Carmody | None
Molly MacNeill | None
Tyler Balzarini | None
Sergio Demachado | None
Darla J. Miele | None
Chris Diaferio | None
Michael Servatius | None
Jia Cartin | None
Brooke Samios-Uy | None
Heather Kuhn | None
Greg Bernstein | None
Chris Lillemoe | None
Brooke Samios | None
Tim Dodson | None
Dustin | None
Albert Borja | None
kory | None
Jack Hinchcliffe | None
James | None
John Sang | None
Domenic Malara | None
Alanna Tierson | None
Torben Espensen | None
Ken | None
Rob Haddon | None
Michelle Brady | None
Steve | None
Eric Beauford | None
Darly | None
Reina Bangug | None
Jason Taussig | None
Jairrah Mae Salazar | None
Phil Staples | None
Deanna Johnson | None
Kelsey Hallmon | None
Ernest Rock | None
Jaime Santoro | None
Ryan | None
Vicki Clinton | None
Sean Dowling | None
Kelli McGrath | None
Inshia Lakhia | None
Nicole | None
Ben Hicks | None
balavender | None
Jill MacInnes | None
John Hogan | None
Sonia Torretta | None
Brian Porrell | None
Rae Sanders | None
Callie Adam | None
Palloma Jovita | None
Katie Karter | None
Shilpa Kondadasula | None
tavares | None
ben learned | None
Sarah Terlaga | None
Jill MacInnes | None
Thuy Ngo | None
Lizzie Pugatch | None
Sarah (Smith) Connors | None
Jessica Tavares | None
Katarzyna "Kate" Rokos | None
Meghan (McFee) Balavender | None
Dani | None
Marisa | None
Cory | None
Theresa | None
Haley | None
Lisa | None
Chris Mitchell | None
Bob Alsop | None
Mike Griffin | None
Mark Huff | None
Patricia Coffey | None
Kyle Vergauwen | None
Brian Barrera | None
Danny | None
John | None
Melissa Rosenthal | None
Noor Sabhan | None
Wayne Wlodawsky | None
Rachel | None
Katherine | None
Christiana | None
Chris Ramirez | None
Alejandro Castano | None
David Zand | None
Kaci Railey | None
Maddy Klayman | None
abby | None
Amanda | None
PAUL SCOTT | None
Amanda Nguyen | None
Dave Inman | None
Chase | None
Mary | None
Adrianne | None
paul park | None
Caitlin Flatley | None
Taylor Dignan | None
caitlin johnson | None
work with protech | None
Brittney | None
Elery Bermudez | None
Taylor Stucke | None
Inez Lee | None
Aiden Moriarty | None
Samuel Maldonado | None
Daniel Kelleher | None
Justin Jackson | None
Stephanie-Marie Alterio | None
Veronica LaPierr | None
Erick Nunez | None
Dylan Phoenix | None
Oliver Belkin | None
Brittney Jurek | None
Amanda Moore | None
Shea Allen | None
Sarah Mark | None
mitch wagner | None
Christopher Walek | None
Christopher Walek | None
Jessie Miller | None
Denis Mikush | None
Taylor Poiry | None
Annie Vallace | None
Cindy Vaquera | None
Destiny Kuczak | None
Courtney Hughes | None
Jason Weiss | None
Michael Montpas | None
Esteban Medina | None
Gavin Malloy | None
Sarha | None
Emily | None
Mahesh | None
Rk | None
Laura | None
Nandy | None
Chris | None
Srilekha | None
Malika Neerudi | None
Cristy B | None
Natalee Johnson | None
Kristen Peninger | None
Robert L. Hutchinson | None
Julien Carmel | None
John Wilson | None
arlene alcala | None
arlene | None
Mick Barry | None
John Fox | None
Carrie Huntley | None
Emmanuel JOy | None
Everett Zornes | None
stephani | None
Julie | None
Alex | None
Trey | None
Matt | None
Brianna Lohse | None
Celia Holubar | None
Laura Yates | None
Ryan Dunkley | None
William Sumit Gore | None
Saubhagya Singh | None
Anand Singh | None
Moshe Horesh | None
Eric Lieo | None
jeff | None
Dempsey | None
Timothy Marston | None
Christine Scanlon | None
Christine Scanlon | None
Naseer Khan | None
Evan Samuels | None
Meighan Brodkey | None
Adrik Jordan | None
Janie Brown | None
Jeremy Tinnel | None
Jennnife k | None
Julia Gerrits | None
Alissa Cauley | None
Allison Sass | None
Courtney Foster | None
Bonnie Odell | None
joseph | None
Christine | None
Michelle Dorrell | None
Caroline Poroski | None
Joe Byrnes | None
Jaime Pabin | None
Beth Yanovitz | None
Siddhu | None
Ravi | None
Autumn | None
rudy reyes | None
Valerie Littleton | None
Autumn | None
Adianez Perez | None
Liz Flores-Perez | None
Veronica Mora | None
Christi Lindemann | None
Julia Hardcastle | None
Jenny Bernal | None
SAM | None
Elizabeth Victor | None
Alex Pena | None
Nitu | None
Felecia Elzie | None
James Tessier | None
Jessica | None
ALBERT PENICHE | None
John | None
Jackson Wollan | None
Patrick Dunford | None
Mark S. Griszell | None
TAMMY RODRIGUEZ | None
Leticia | None
Leticia | None
caroline golomb | None
Charles Watts | None
John | None
Alysia Abate | None
Elaine Y | None
Matt Graton | None
Jason N Clark | None
Rupal Patel | None
Liz Fox | None
Joshua Guthrie | None
Jeremy Turner | None
Janet Burris | None
Kyle Jordan | None
Marina Bokserman | None
Scott Bennekemper | None
Rob Shaw | None
Hunter Beal | None
Shahan Avedian | None
Shannon Paz | None
Greg Damiano | None
Sean McGarrity | None
HUNTER BEAL | None
William Jackson | None
Charles Okane | None
Teresa Wamsley | None
Katherine Volpe | None
Christian Rahman | None
Payal Goel | None
Ambreen Imran | None
Mark Sagherian | None
Jason Wegiel | None
Rob | None
Amanda | None
Angelica | None
Cameron | None
LAUREN IANDOLI | None
Briannen Holloway | None
Lisa | None
Emily Melton | None
Kyle | None
Sean Rodriguez | None
Lewis Mashman | None
Marc Levine | None
Kim | None
Jeremy Cowlishaw | None
Emily Melton | None
Jennifer | None
Cliff | None
Angela | None
Andria Armato | None
Will Carter | None
Wendy Katz | None
Jason Wegiel | None
Rudy Aguinaga | None
Neelam Malviya | None
Becky | None
Hayley | None
Kim | None
Lisa | None
Jaime | None
Nelson D’Costa | None
Kevin J. Roccio | None
Kimberly | None
Mark | None
Jacque | None
Natalie | None
Andria | None
Scott | None
Tina | None
Kalie | None
Yannette Bohlander | None
Rory Smith | None
Taji Mixon | None
Diana Allen | None
RANDY CARELLI | None
Cynthia | None
Mona sharma | None
jane usatiuk | None
Sebastian | None
Jason N Clark | None
Kate Keck | None
Jason Clark | None
Bryan Steiner | None
Scott | None
Alycia Gotthold | None
Nancy Cuba | None
MARY | None
Krista Roddy-Barner | None
kELLY | None
Hana | None
Nicole | None
Lopes | None
Matthew Malvese | None
Katie Mackie | None
Kate Keck | None
Daniel Gish | None
Marjorie Ricks | None
Nelson DCosta | None
Anisha Patel | None
Ed Cusack | None
Korey Boyd | None
Terry Gogets | None
Edwyn Pierre | None
Brian | None
Ryan Gau | None
Daniel F. Meredith | None
Thomas Kazanjian | None
Komal Narayan | None
Chell Watkins | None
Victor Smith | None
Alec Robertson | None
Brady Westart | None
Scott Smith | None
Brady Westart | None
Asher Mintzer | None
Nora Kramer | None
Gogo Nyadze Ndara | None
Amy Biegert | None
Dwight Mills | None
Andrew Turner | None
Rachel Johnson | None
Rachel Haselwander | None
Matthew Bozoian | None
Abby Keelan | None
Gogo Nyadze Ndara | None
Amy | None
Barb | None
Max Manders | None
Nicole Jaglo | None
Rachel Haselwander | None
Cody Wood | None
Kenzie Torpy | None
Bree | None
Jessica Goiffon | None
jake | None
Tom | None
barb | None
Barb | None
Dayna | None
Colin Monk | None
Nick Miller | None
Amber | None
Michael | None
Dianna Nguye | None
Victoria Johnson | None
Michael Davis | None
Trace Bolstad | None
Cullen Eidem | None
Kyle O'Mara | None
Brynn Sheehan | None
Amy Kilcoyne | None
Kellen Schmitz | None
Jessica | None
Jessica Hall | None
Dianna | None
Karlee Klinkhammer | None
Jasmine Liev | None
Ambuja Goswami | None
Amy Aho | None
Maggie | None
Carmelo | None
Dylan | None
Caitlin Waters | None
Grant Espeseth | None
Vanessa | None
Rose Man | None
Jill | None
Mahesh Singh | None
Raghvendra Singh | None
Harris Gul | None
Yelena Bet | None
Jason | None
Kyle Wise | None
Jacob Simmons | None
Nick Wright | None
Ruthie Rivera | None
Ruth Rivera | None
Maria (Pizzolorusso) Scalley | None
Cindy Raleigh | None
Chris | None
Megan Rutlen | None
Mark Berry | None
Gary Coleman | None
Haley | None
Hannah Howell | None
jordan | None
Shahin Dizadji | None
Tanner Fellows | None
Brandon Jackson | None
Sebastian Mathews | None
Spencer Jensen | None
John Bianchi | None
shirin Kudsiya | None
Koyi Ragha | None
Shelby G | None
Shelby | None
Praveena Praveen | None
Shelby Garfield | None
Shelby Garfield | None
Ruby Kapadia | None
Michelle A. Cook | None
Annette Erdozaincy | None
Maria Lopez | None
Mike Romain | None
Sayani | None
Omar Siordia | None
Daniella | None
Richard Calhoun | None
Chris | None
Jordan Boyd | None
Trent | None
Andrew Rini | None
Brendan Pinto | None
kaylan | None
Janeen Frever | None
Melissa Zinnecker | None
David Steele | None
Bill Greig | None
Karli Zinnecker | None
Joe Brooks | None
Jack Shud | None
Mary K | None
Chanthou | None
Sarah | None
Sonu | None
Adam Byers | None
KRISTY MINTON | None
Joseph | None
Nancy | None
Darell | None
Dennis | None
Richard | None
Chantal | None
Sydney E Crimmin | None
Patrick Ryan | None
Jennifer Inman | None
Chantal | None
Whitney Carpenter | None
Kelly Parsons | None
Edward Allen | None
Chase Lyle | None
Point of Contacts | None
Saritha Ranga | None
DANA | None
Randy Johnson | None
Austin | None
Rikki Trimpe | None
Ronnie DiMartino | None
Steve Kerr | None
Tanner Rose | None
Mindy Mihajlov | None
Brian | None
Jamie Olberding | None
Kara Hughes | None
Keith McGee | None
Mark Apruzzese | None
Ashley Madrid | None
Alicia Bearden | None
Ernie Young | None
Linda Hartman | None
Teresa Lussier | None
Kelly Jensen | None
Steve Kowaleski | None
Nicole | None
DAVE HELBING | None
Jamison | None
Kris Muth | None
Debbie Spero | None
Jyoti | None
Manisha Kuril | None
Gunjan Kumar | None
Francisco Arostegui | None
Max Levitan | None
David Navarro | None
Bric Rowan | None
Laura Bingham | None
Abby Bynum | None
Chris | None
Joseph Eramo | None
Anne Ashley Harrison | None
Corrie Hagens | None
Eunice Pinto | None
Felpie | None
Mirtes Lobaito | None
Mohammed Aqueel | None
Santosh Kumar | None
Vince | None
Irina Rozenberg | None
Malai Annamalai | None
James Hoffman | None
Brendon Cody | None
Davids Achonu | None
Dean McDowall | None
JACK | None
Maribel | None
Jeff Nevez | None
Lisa Paolini | None
Dolly | None
Sara Bukhari | None
Shanna Verduin | None
Emmily Logan | None
Mariano | None
Lenny Burke | None
Brianna | None
Kevin Brotherson | None
Margo | None
Lisa | None
Adam | None
Criss Brient | None
Emily Brient | None
Gabriella Williams | None
Joe McQuillen | None
Kimberly Spicer | None
Melissa McNally | None
Pamela Mills | None
Patrick | None
Ryan Pustilnik | None
Stefanie | None
nichole Thompson | None
Mariz Arroyo | None
Linda Montogomery | None
Jan Graves | None
Tim Bauer | None
Andrew | None
Andrew Sigesmun | None
Andrew Sigesmund | None
Felicia Larion | None
Jessi | None
Mark | None
Paul | None
Anthony | None
Tracey Allen | None
CLARK SALOT | None
Nick Schatko | None
Rob Tinkle | None
Rodney | None
Shaan Husain | None
Mohammed Ahmed | None
vinay | None
cassie | None
Corey Smith | None
Ian McNabb | None
Julie Delgadillo | None
Robert | None
Sarah | None
Sarah Zamani | None
Michael | None
Butler | None
Kendall Carr | None
Mariana Ferham | None
Lauren | None
Jon Meredith | None
Richard Mazzola | None
Ben | None
Ajay Khanduja | None
Richard | None
Loila Mongas | None
Carrie Gunn | None
Aparna Ghosh | None
James Duplantis | None
Jane Soguilon | None
Belem Lopez | None
Michael Hammer | None
Nelson Hernandez | None
Emily Almani | None
Heather | None
Michelle Arakaki | None
Gauthaman | None
Jessica Hopwood | None
Nisar Ahmad | None
Diane Rafferty | None
Steve Di Lorenzo | None
Darin Boots | None
Jim Doud | None
Nate Shipman | None
Guillermo | None
Donna Sanchez | None
Kelly Butler | None
Mara | None
Alexey | None
Dipti Biswas | None
Karen Garach | None
Ginette Koeck | None
Jeffrey Gibson | None
Nenette | None
Brandon Laria | None
BRIAN POLL | None
Caz A. Zyks | None
Dominic Rowley | None
Gabby Stevens | None
haley | None
Hannah Seegers | None
Jacob Sanders | None
John | None
Lauren | None
Lindsay Walsh | None
Madeline | None
Molly MacNeill | None
Nathan | None
Patrick | None
Peyton Spooner | None
Rod Salas | None
Shannon Fahey | None
Trisha Brookhart | None
April Perez | None
Aaron | None
Craig Wagner | None
Leslie | None
Tyler Erickson | None
Mariah Wagner | None
Thomas D. Ferris | None
Abier Nupen | None
Lauren Wilson | None
Jim Deely | None
Anya B. Hanley | None
Adeel | None
Edward Grzasko | None
Sarah Williams | None
Jorge Lopez | None
Jorge Lopez | None
Maximillian Bukovich | None
Kelly | None
Abby Kleinberg | None
Liam Stott | None
Ryan | None
Tom | None
Luke Deterding | None
Igor Kanda | None
Susanah | None
Angela Hardemon | None
Eric Scrivner | None
Hailey Pacha | None
jshen | None
Kimie Hutchinson | None
Perry | None
Kristi Brewster-Pont | None
Margie Collins | None
Chris Ingalls | None
Ingalls | None
Jack Sullivan | None
Todd Unrein | None
Brendan Ross | None
Julia Rukavina | None
Alexis Quenneville | None
amanda | None
Anna | None
Brandon Small | None
Jack Duke | None
Joe Dougherty | None
Josh Franstad | None
Lauren Vanderhorst | None
Lindsey | None
Mackenzie | None
Madisyn Mitchell | None
Michael Abbattista | None
Olivia Johnson | None
Taylor Davis | None
Christy White | None
Brett Roberson | None
Chris Karaces | None
Nicole Restivo | None
Simon Maxwell | None
Bryan Derenthal | None
Trent Lyons | None
Susan Zide | None
Tracey Hawes Lee | None
Brian Hannah | None
Chris Cattano | None
Jon McKeever | None
Michael Prainito | None
Michael Strelzik | None
Niko McCardle | None
Tom | None
Tom Quinn | None
Vincent DeMarinis | None
DON MANDELL | None
Justin Parviainen | None
Martin J. Gallagher | None
Tina Dudrey | None
Nikal | None
Amelia Ellicott | None
ben | None
Boomer | None
Israel Rodriguez | None
Robert Love | None
Courtney Martin | None
Joe Destro | None
Tony Yosco | None
David | None
Donna Held | None
Wendi Reuter | None
Anthony Carney | None
Will Carter | None
Bill Babik | None
Andy | None
Gabrielle Cuadrado | None
Kilea Coleman | None
Kylee Smiley | None
Shacoya High | None
Tony Williams | None
Anne Wilmoth | None
Rob Stover | None
Dianna Santos | None
Jason | None
Josue Lopez | None
Kara Kremer | None
Leathers, Ashley | None
Deepti | None
SUZIE WHEELER | None
Mary | None
Susie Schmidt | None
Bill Hart | None
Jen Sims | None
Jay Kernes | None
JustinCorder | None
Brittney Stephenson | None
joan domnick | None
Kari Chikaraishi | None
Katie Kohner | None
Meilani Gonzales | None
Nathan Emmett | None
John Casciano | None
Jim Clancy | None
Jane Wachnin | None
brad | None
Aaron Lawrence | None
Adam | None
Adyant | None
Amanda Corbett | None
Corey Bouvier | None
Dan Feeney | None
Dave | None
Erik Faass | None
Eva Notter | None
Gregory Ralls | None
kevin | None
Michael Ludwig | None
Mika Guillen | None
Tim McGeown | None
John Jimomi | None
Jim Carlson | None
Kristin Blake-Thomas | None
Angela Firlit | None
Chris Carter | None
Sam Gorak | None
Frank de Carvalho | None
William Markham | None
Andrew Lincoln | None
Ellen Burgermeister | None
Pamela chapman | None
Arielle Brown | None
Shawn Isaacson | None
Robert Sefack | None
mike milton | None
Wendi meiser | None
Jason Hogan | None
Samantha Walsh | None
Jimmy Anigabor | None
Jason Stevens | None
Lori | None
Sugan Saran | None
Christian Zawadzki | None
Lauren (LoPrimo) Turbiak | None
Lisa Wong | None
Rachel Lau | None
Raven Taylor | None
Suzanne P. Nelson | None
Turner | None
Yvonne Humphries | None
Jamie | None
Emmalee | None
Jennifer Olmstead | None
Helen Lewis | None
John Spencer | None
Grace Xu | None
James Russel | None
Nathan | None
Sean Mullen | None
Jim Tilton | None
Cory Deschner | None
Angela Kelsey | None
Bridget Berg | None
Dianna Takeuchi | None
Ellen Rusal | None
Ingrid Navarro | None
Jared Mills | None
Josh Lauritzen | None
Karley Herbst | None
Michael | None
Nazreen Allie | None
Nicole Bojanowski | None
Paul Luna | None
Sean Hennigan | None
Sean McGowan | None
Steve smith | None
Steven Harp | None
Angelina Peixoto | None
Arjun | None
Brian Anderson | None
Denise | None
Dominick French | None
Eric | None
Rita DeLosa | None
Shruti | None
Smita | None
Bryan Benabe | None
Clifford Goldberg | None
Jason Jager | None
Rodney Brooks | None
Allen Smith | None
Wendy | None
Marjo Able | None
Boyd Foust | None
Scott Fernandez | None
Henry Faust | None
Jeff Singer | None
Ryan | None
William P. Kardias | None
Mark Farrow | None
Brian Hacker | None
Pitz Samayavong | None
DEREK BERGER | None
Michael | None
Pradeep Kumar | None
Sadie | None
Bruce Makowsky | None
Jazmyn Hawkins | None
Rachel Shelton | None
Emily Wheeler | None
Jason Ashton | None
Becky Fields | None
Kay | None
Kaitlyn France | None
KAY ODENWELDER | None
Beverly Mullikin | None
Courtney Williams | None
Kip Baer | None
Steven Williams | None
Kyle | None
Rick | None
Tom Nolan | None
Dorie Isaacson | None
Julie Barnhill | None
nathaniel white | None
Patrick Bard | None
Christopher Vittitoe | None
Meet | None
Ranjeet | None
craig | None
Tony Sherwood | None
Brian Borsa | None
Mary | None
Robb Norris | None
Adam Butterfield | None
Cassidy Flynn | None
Nick Carlson | None
Angela Fagin | None
Gary Sappington | None
John Vu | None
Chad Taylor | None
Adam | None
Linda Lindsay | None
sweta | None
Frantz Pierre-Canel | None
Jacqueline (Erpa) Taschler | None
Stan Blackwell | None
Ana Bartlett | None
Jon Samolis | None
Megan | None
Meredith Furtado | None
Keegan McCool | None
Joshua Green | None
Steve Askew | None
Alex Averhoff | None
Alexander Averhoff | None
Cindy | None
Michael | None
Will C. Thomas | None
Lloyd Ramirez | None
Dan Hoglund | None
Donna Servideo | None
Jason Prough | None
Lisa Grubb | None
sHAWN | None
Christopher Bollettieri | None
Brian Tarsi | None
Geri Firth | None
William Barry | None
David | None
Christopher Vittitoe | None
Nikki Chambers | None
Pete Strickland | None
Michael Lane | None
Brian Massman | None
Kathy McHugh | None
Todd Busza | None
Mark Powers | None
Sabrina | None
Jay Crawley | None
Jeremy Skinner | None
Al Roper | None
Ashly | None
Carlo Flores | None
Doron.Semaza | None
Eric Jones | None
Heckle Tulab | None
Henry | None
Ivy Española | None
Jeanine | None
Jeanine Hastings | None
MARIA FE NAVARRO | None
Melissa | None
Rachelle | None
Tim | None
Andrea Rachelle Strege | None
Maria Upton | None
Jerry | None
Aaron Goldblatt | None
Adam Barron | None
Andrew | None
Brian | None
Jeffery | None
Todd Wallace | None
Patty Shinn | None
Felix | None
Ruth Marks | None
Alex R. De Zeeuw | None
Eross | None
Bill Peek | None
Kara | None
Kara Daniel | None
Korynn Bohn Stark | None
Nathan M. Pigza | None
Adam | None
Angela Choe | None
Ben Crosby | None
Dipesh | None
John Pearce | None
Kevin McCarron | None
Marisa Donatello | None
Matthew Reed | None
Michael A Perozzi | None
Paula Poeta | None
Branden Lodato | None
John Keller | None
Roger Pawa | None
Tia Sharma | None
Mark Krusinski | None
Jackie | None
Kyle | None
Nicci Sharp | None
Sonia | None
Neil | None
Jake Bjork | None
Neelam Swami | None
Shveta Kapoor | None
Mary Menet | None
Jaya | None
Chris Fernandes | None
Daniel D’Souza | None
Nina Chen | None
Swathi N | None
Nicholas Donovan | None
Rashi | None
Shruti | None
Abigail Niven | None
Bethany | None
Jason Barrett | None
Kyle J. Tavares | None
Tim | None
Christy Critelli | None
Danielle Randazzo | None
Andy Williams | None
Erin Hildebrandt | None
Mattias Carosella | None
Jim Loftus | None
Amy C. | None
Anthony Pavelski | None
Rob | None
Jennifer | None
Sara Refaat | None
Carlos Acosta | None
Frey | None
Helene Barnett | None
Jerry Holt | None
Rian Viquiera | None
Jacqueline P | None
Kelly | None
Trish (Patty) Kowalchyk | None
Aryn Mason | None
Debbie Bishop | None
Haley Coppes | None
Rose Chu | None
Akhil Garlapally | None
Cathleen | None
Corey Grove | None
David | None
Dawn Dellavecchia | None
Jude Rene | None
Kathy Ford | None
Melissa | None
Paul Harris | None
Rich Janecek | None
Samantha | None
Grace Sullivan | None
Howard Maniloff | None
Rich Doherty | None
Andrea Rozo | None
Diane Mabry | None
Erin Bittner | None
Halarcon | None
Lisa Birney | None
Liz Jacobs | None
Mike | None
Rob Snar | None
Steven Vandenabeele | None
Alex | None
Chuck O'Kane | None
Marikate O'Toole | None
Sebastian Nemoy | None
Zack Adams | None
Nicole Fleming | None
Norm Fleming | None
Joseph Musa | None
Paola Ziegenhirt | None
Riley Spraggs | None
Ross | None
Ross Falik | None
Mary Angela Rajan | None
Ashley Falkenberg | None
Bri | None
Mary Nugent | None
Jeff Heimann | None
Judy Schreck | None
Diana | None
Lily jacosalem | None
Myka | None
Shawn Coker | None
John Gonzalez | None
Moire | None
Ryan Alden | None
Thomas Aiden | None
Yeager, John | None
Darren Greif | None
Kristen | None
Andy Lalli | None
Chris | None
Angel Rivera, | None
David Dias | None
Erin Gallagher | None
Jenny | None
Joe Maruggi | None
Laura Noce | None
Mike Kuras | None
Rick Harper | None
Shannon Willis | None
Brent Tullius | None
Stephanie Bartone | None
Luis Castillo | None
Engle | None
Greg Baggett | None
Justin Gattis | None
Paul Baker | None
Adrian | None
Jeevan Pinto | None
Maki | None
Tyler | None
eric peterson | None
Greg Contos | None
Ma'Tasha Favers | None
Mega | None
Tayo Olayinka | None
Chris Nolan | None
Laura | None
Traci Simon | None
Dave Cannon | None
Seema Kumari | None
sobhit | None
Johna Rogers | None
Sam Gephart | None
Joe | None
Debbie Woods | None
Debbie | None
kristi | None
Homer | None
Eva Donaque | None
Jelena pantic | None
Josh Prudden | None
Mel Warden | None
Hema | None
Randy J. Hitchcock | None
Bob Patrick | None
Fred Wachtel | None
John | None
Max Wright | None
Paula Bryant | None
Jason Zentner | None
Nicole Vrabel | None
Sabrina | None
Mark Jones | None
Ted Lambert | None
Joshua Schoenhardt | None
Allison Waldron | None
Nicholas | None
Autumn Ortenzi | None
Chris | None
Colleen Shea | None
Heather Maturin | None
Inga Sinneck | None
Kyle | None
Erica Walker | None
Neil McCole | None
Eric Bancroft | None
Kevin Maxwell | None
Scott Moore | None
shaiyna shariff | None
Angela Sorbino | None
Adrik Jordan | None
Thomas Simpson | None
Benjamin Reynolds | None
Christopher Talamas | None
TAMARA CHAMBLESS | None
wells | None
Peter Edward | None
Tuan Nguyen | None
DONNIE SWANN | None
Brad | None
Tyler Rawlings | None
Ean Matthew Sullivan | None
Erick Bosquez | None
Anurag Jaitly | None
Naresh Soma | None
Daisy Murphy | None
Martin J. | None
Savio D'Cunha | None
Sharice Minter | None
Nick Broom | None
Jennifer Pinto | None
Mohan | None
Robin Kirby-Cole | None
Kimberly Phillips | None
Ally Rodbell | None
Brian Healy | None
jeff malek | None
Sharon Olzerowicz | None
Grace Barker | None
Megan Ward | None
Kurt Tuszynski | None
Matt Schwope | None
Nathan Wyatt | None
Nathan Parker | None
Sherry jordan | None
Joe Luna | None
elisa | None
Patricia Wood | None
Jaffrey Blanks | None
Robert | None
Arun | None
Bibek | None
Jacob | None
Brian Pearson | None
Hakan Pekkan | None
Val Taylor | None
Peggy Sundquist | None
Tara | None
Shelton Dowd | None
Cindy Jackson | None
Anthony Bafaro | None
Tom martin | None
Ben Gillitzer | None
Blair | None
Chelsea Johnson | None
Cody Williams | None
Danielle Lopez | None
Erika | None
Hayden Melkerson | None
Jacqueline Koelsch | None
John P. Cornuke | None
Kamryn Haiber | None
Kate Gabaldon | None
Loren Seitz | None
Mackenzie Koch | None
Olivia | None
Victor M. Ruiz | None
Will McDonald | None
Dona Riles | None
Sean Eiler | None
Michael Brahn | None
scott rollins | None
Tal | None
Bitahi | None
David Lavielle | None
Alison Pomfret | None
Karen Linfante | None
Kathleen Sullivan | None
Matt Lock | None
Sergio Otaegui | None
Gabriella Ciemny | None
Tony Maffei | None
Susmita sahu | None
Scott Miller | None
Mary Loney Bichell | None
Krishna | None
Ellen Daneluzzi | None
James Shanab | None
Anna Riley | None
Gloria | None
Julia McDonald, | None
Monika DuVarney | None
Ritchie Gridley | None
Disney | None
Jemima | None
Benjamin Byrne | None
Abigail Jokela | None
Abigail Whiting | None
Alex | None
Ali | None
Annie Mast | None
Ashley | None
Belle Banta | None
Blake Torgerson | None
Bret Neiderreither | None
Brett | None
Brienna Henegan | None
Bryan Gage | None
Cade | None
Carlie Fleming | None
Caroline Sweeny | None
Caroline Teal | None
Carolyn Smith | None
Colin Easterbrook | None
Daniella Ericson | None
Delaney Cron | None
Dylan Mather | None
Emily Collard | None
Emma | None
Gianna | None
Jacob Shalov | None
Jillian Boyle | None
Jolie | None
Jordan Davey | None
Kori | None
Kory (Ogden) Nybo | None
Lauren Migliorino | None
Madison | None
Maham | None
Marissa Cozzolino | None
Meredith Courtright | None
Michael Gross | None
Morgan Batesole | None
Morgan Roese | None
Nicolle Fotopoulos | None
Olivia Gandy | None
Robert | None
Samantha Salcedo | None
Shayna Jehs | None
Sofia Gomez | None
Stacy (Aaron) Gonzalez | None
Steven Acosta | None
Sydney | None
Taylor Kalter | None
Triona Cuddy | None
Aaron R. Shoop | None
Asim | None
Jeffrey | None
Jeffrey Baik | None
Robert Schnitzlein | None
Stacy Manfredini | None
Carolyn Ellis | None
Daniel | None
Suzette Zaragoza | None
Daniel stokes | None
Elizabeth Smith | None
John | None
Matt Brogan | None
Braun Galisewski | None
Lynn | None
Steve Fleischner | None
Jason Denmark | None
KEVIN SMITH | None
Brian | None
Travyn Schoening | None
Vanessa | None
Brent o,Hara | None
Cari Polit | None
Diann Markovic | None
Felice Ehrlich | None
Samina | None
Wally Markovic | None
Dana Krinstad | None
JoAnn Williams | None
Carolyn | None
linda | None
Fernando | None
Jill | None
Julie Westhoff | None
Brian Schupp | None
Briana Reginelli | None
Sheetal | None
Robert | None
Arnold | None
colin | None
Dave Lim | None
Hannah Xu | None
Nicollette | None
Russell Wolf | None
Joy | None
beri | None
Anand | None
Autumn Chandler | None
Kevin Peters | None
sam | None
Stephanie Adams | None
Rupa | None
Sofia Metaxas | None
Melissa Jeska | None
Chase Scottland | None
Jon Joseph | None
Enon Rice | None
Kevin Yost | None
Carmen Beasley | None
Lily | None
Shalini Jerath | None
liz krasten | None
Cindy Mita | None
Joan Tannenbaum | None
Eric Wrisley | None
stephen | None
Kelsey Pepin | None
Andrew | None
Cherie Lavin | None
Inzul Motiwala | None
Jessica Jackson | None
Kelly Taylor | None
Michael Lamson | None
Victoria Castillo | None
Jeffrey Tecson | None
Joy Simon | None
Phil Shipos | None
Kate Brown | None
Trevor Leigh | None
Gary Walkar | None
Kyle Barlics | None
Johnson | None
Raymond Thomas | None
Susie Mattingly | None
Charlie Horn | None
Greg Williams | None
Amy Dougherty | None
Miguel (Mike) Cruz | None
Patrick | None
Tina | None
Will | None
kathy | None
Kelly Jiang | None
Nora Howard-Cooper | None
Brad Hensley | None
Matthew Allen, | None
Alexus Jennings | None
Allison Long | None
Amanda Burgess | None
ANDRE ANDERSON | None
Andrew Lanoue | None
ANDREW REYNOLDS | None
ASHLEY SNEADE | None
BIANCA SALTER | None
CASEY BIRDSALL | None
Cory | None
Dan Woodson | None
Demetrius | None
ERICA JOHNS | None
John | None
JOSEPH SVIRBELY | None
kaylee deluga | None
Magan O'Reilly | None
MEGHAN BASCIO | None
Michael | None
Natalie Beruvides | None
Ozzie Durand | None
Pierce Giurintano | None
Tanya Saurez | None
Travis Brown | None
William Todd | None
YAMA HAZHEER | None
Maggi | None
Paul Doray | None
Cory Welky | None
Pierina | None
Tony McGehee | None
Dave Aronofsky | None
simon | None
Scott Bradey | None
Rupashree | None
Kristina | None
Luis Martinez | None
Ricardo Oliveira | None
Amita Tatiparti | None
Kathy Dibari | None
Valerian D’Cunha | None
John Tansey | None
Vikki Whitefoot | None
Dan Darragh | None
Edgar Unthank | None
Josh Zeloyle | None
katie | None
Paul | None
Tony Ventresca | None
Katherine Landeros | None
Emily Fossey | None
Joe Sibio | None
Molly Kopera | None
gary prestipino | None
Jessica Mema | None
Lazaro Calderin | None
Ebi | None
Jessi | None
Raman Arora | None
Lisa Farless | None
Alan Velazquez | None
Lisa Hall | None
Edgar Sotelo | None
Tony Chu | None
Chad Price | None
Anthony Ferranti | None
Anuradha Arora | None
Austin Landwerlen | None
Dana Carroll | None
Jonathan Ho | None
Nicholas Foster | None
Stephani | None
Tim Barbosa | None
Paul Fernandes | None
Brent Dobsen. | None
Marc Swenson | None
Jon Garner | None
DARRYL MAYO | None
Kim | None
Cody Verge | None
Garrett Saparnis | None
Gigi Issa | None
Nagarathna (Nagu) Kondajji | None
Michele McDonald | None
Casey CARTER | None
Jack Cole | None
Jessica Speer | None
Rudy Arce | None
Zajkowski | None
Alexandra Davis | None
Leonardo Dimarumba | None
Rafael | None
Sandeep Vattipalli | None
Tara Dickinson | None
Varsha | None
Aaron Ma | None
Deja Delton | None
Ivy Raduka | None
Anthony | None
Kevin Oill | None
Tony Blanco | None
Krishna Rao | None
Chris Gedgoudas | None
Barry Reimer | None
Neil Johal | None
RJ Sabol | None
Abigail Adams | None
Beth Lins | None
Sally | None
Justin Severino | None
Kristie Odom | None
RoseAnn Garcia | None
Nina Schindler | None
Bruce Ormond | None
Erica Martinez | None
Fernando Alicea | None
Kristen DeMartino | None
Marisol Santana | None
Henry | None
Max Pogreba | None
Rachel Murray | None
Heather | None
Ronn Kravitz | None
Maria | None
Allison | None
Austin Craig | None
Sarah | None
Sarah Gregg | None
Tony Greene | None
Cesar Linares | None
esme | None
Esme Sosa | None
Eunice | None
Janet Miranda | None
Lia Lorena Mercedes | None
linda | None
Kirsten Muhaw | None
Crystal Rehling | None
Richard Schmeiss | None
Dev | None
Onalia Gyamera | None
Vera Etinger | None
Zach | None
Azure Erdman | None
Jason DiPietro | None
Joel Polin | None
Akriti Mangalam | None
Andra | None
Andy | None
barbara | None
Brenda Golden-Mitchell | None
Brooke Jenkins | None
Carmen Mora | None
David Reaves | None
dennis Homick | None
Hannah McSherry | None
Hema | None
Jason Epstein | None
Jessica Houdek | None
Joshua | None
Krysti Ellis | None
Luis Martir | None
MaryKate | None
Michael | None
Nick S. | None
Nusba | None
Pratiksha | None
Rebecca Woods | None
scott berman | None
Silky | None
soma | None
Stephanie Lister | None
Steven parker | None
Steven Ward | None
Suma daravath | None
Teena Kalra | None
Thomas McCarthy | None
Vasim Ramjan | None
Zane | None
Matthew Rugg | None
George Antolik | None
Joe Murphy | None
Thomas watt | None
Daniel Byrnes | None
Dionne | None
Josh Hansen | None
Lucy Pin | None
Tariq | None
Calvin | None
Lori Krydick | None
Timothy Holt | None
chimango | None
Nicole | None
Lesley Woodsmith | None
Melody Gingrich | None
Christine Knight | None
Marcele Miguel | None
Ian Harris | None
Paul | None
Mel M | None
Jamie Callahan | None
Mary Kay DeRoche | None
Maricely Marroquín Izaguirre | None
Jonson Sebastian | None
Julie Covington | None
Kenneth Hays | None
Will Thomas III | None
Jim Ihasz | None
beth | None
Chaz Rowan | None
Amy B.Tillman | None
Chris | None
Mary Ann Brown | None
Paul Turner | None
Rajeev | None
Ahyli Montserrat Aguilar | None
Rosy Contreras | None
Sultan | None
Yusin | None
Candice | None
Marc Byers | None
Mark Brown | None
Anne Sherwin | None
Wesley White | None
Stephanie | None
Annie Harriman | None
Carolyn | None
John Ferrie | None
Ryan Sweson | None
Chelsea | None
James Hinchey | None
Julien Jeantet | None
Ryan Prescott | None
Ashlee | None
Christa Stefanicki | None
Cody Hawk | None
Kyle Newman | None
Brian | None
Latha Pai | None
Paul Soderlind | None
Eric Meinster | None
Ashley Riedesel | None
Diana Gjuraj | None
Chris | None
Shelby | None
Salma | None
Karen Rodgers | None
Brian | None
David Sims | None
Ryan McClanahan | None
Shely | None
Taylor Zacarias | None
Alana I. Govan | None
Sarah Andaverde | None
Steven | None
Bob | None
Brittney Muzik | None
Ella | None
Jade Jahner | None
Robert (Bob) Carlson | None
Rose Valerio | None
Robert Richter | None
David Conrique | None
Anthony rocco | None
Catherine Sherry | None
Diane Fink | None
Jermaine Daley | None
Sean McGarrity | None
Carol Granger | None
Jared Shapiro | None
Kyle | None
Mason McMillion | None
Steve | None
Vince Carnevale | None
Jessica Leads | None
Courtney Matthew | None
Tim Gunter | None
Zachary Reeves | None
Aaron Edward | None
David | None
Abel L | None
Hunter Mitchem | None
Allison Searles | None
Lucas | None
Nicole Roeske | None
Ray | None
Chris Blair | None
Chris Giles | None
Patrick Donovan | None
Hunter | None
Tom Petersen | None
Andre Hardowin | None
Sanjay Khatri | None
Robert Marino | None
Jordan Jurkowitz | None
Larry Williams | None
Scott Murray | None
Bill Dotson | None
Michael Zika | None
Bryce Colston | None
Kelsey Miller | None
Mirza Muhamedagic | None
Bob Cooper | None
Gus Truhn | None
Roberto Abreu | None
Deborah Keller | None
Paul DePiano | None
Raechele Damschen | None
Christiaan | None
Jason McDaid | None
Lauren Niekamp | None
Franco Burgos | None
Bryan Volek | None
Tice bain | None
Adrienne Vaultz | None
Tom Morgan | None
CJ Henieke | None
David Hitt | None
Fred George | None
greg | None
Eric | None
Stephen | None
Frank Kozar | None
Sarah Khan | None
Devin Carter | None
Tony | None
Valerie | None
Valerie Baggett | None
John S Lotwick | None
Brett Beinke | None
Thor | None
Brian Dodd | None
Emily D'Amato Johnson | None
Robert Bunker | None
Nyambura (Nyams) Gathoga | None
Cindy Adler | None
Amrita Baliga | None
Brandon Petty | None
Brien Harmon | None
Chris | None
Daniel Bigelow | None
Inshia Lakhia | None
Janice Kwok | None
kelli | None
Mark Huff | None
Meghan | None
Mike Griffin | None
Nicole | None
Shilpa | None
Tim | None
Deborah | None
Matt Stevenson | None
Kristin Barton | None
Joel Keller | None
Kristin Ahern | None
Rashika Sharma | None
Ruchita Jain | None
Sumana Sharmin | None
Susan Kouzmanoff, | None
Andrew Houston | None
Glenn | None
Jen Tubbesing | None
Tanis | None
Tina Thornton | None
Patrikke Lynn | None
Roel Villadelrey Paulme | None
Bill Stevens | None
Jeanhel Acuba | None
Lori Sklarski | None
Andrea Roscoe | None
Joe Goul | None
Todd Chamberlain | None
Mark Zahour | None
Ciaran Moore | None
Cody Sloan | None
Eric | None
Heidi Nestler-Cleary | None
Nick | None
dbanik@pdsinc.com | None
Joe Green | None
Ryan Spaulding | None
Rylan Blackmore | None
Stacey Dwyer | None
Mayra | None
Raquel Marenco | None
Anna Kim | None
BRENT LYLES | None
Derek | None
Eyvanna | None
Heath | None
Michael Furstman | None
Sergio Ortiz | None
Terese | None
TJ Liolios | None
Tom | None
Alex Dimitriades | None
Kim Reid | None
Marshall Weiss | None
Navita Sethi | None
Patrice Johnson | None
John Peitzman | None
Jayashree Chakrapani | None
Alex | None
Brittany | None
Hannah | None
Jim Martin | None
Kelly Wetter | None
Kuchmeister Lillian | None
Kyle | None
Kyle T Hill | None
MaGuire, Beth | None
Michelle Moore | None
Nayan Das | None
Webster Jackson | None
John Huenecke | None
Laura Pluchinsky | None
Lisa Oster | None
Armando Anderson | None
Steve Tommingo | None
Jeanine Flournoy | None
Jessica | None
yeshmin | None
Samantha | None
Elias Cobb | None
Jim Wick | None
Kristin Murphy | None
Jason Vana | None
Roger Polak | None
Carrie | None
Rick Martinez | None
Shannon Helms | None
Travis Russell | None
David Curry | None
Ralph Clark | None
Alan Dooley | None
Alex Cartier | None
amy gonzales | None
Bob Nunan | None
Carlos Betancurt | None
Dilan Nazhat | None
Holly Schilling | None
Pamela | None
Tyler Ryan | None
Chandler Godette | None
Victor Araromi | None
Will | None
Vince Girardi | None
Jennifer Brockman | None
Olivia Milam | None
Jason | None
Amanda Dometrovich | None
Amanda Alexander | None
Seema Jhala | None
Alex Upton Agerholm | None
Eddie Allegretto | None
Michael McCabe | | None
Rachel Jensen | None
Raj Subbaram | None
Andrew Nguyen | None
Bahir eley | None
Hugo Stanley | None
Jess | None
Loretta Roslund | None
Tom Nacnodovitz | None
Emmanuel Forty | None
John Gironalista | None
Selina Nicolosi | None
Dustin | None
Eddie | None
Juan Jimenez | None
Cory Millar | None
Juan Serna | None
Kuenzi Young | None
Paige Sparks | None
Tom Wilson | None
Russell Watkins | None
John Boyd | None
Kevin Patterson | None
Amy Teague | None
Gregg | None
Tony Dalmau | None
Amy Jacques-Biggers | None
Craig Johnson | None
Robyn Honquest | None
Steven Delvalle | None
Jim | None
John Mussatto | None
ivan | None
Francis Xavier J | None
Janette Crispi | None
Ken Mosbergen | None
Kristen (Redd) Nardone | None
Joshua Lyons | None
Brendan Kaye | None
Ikechi Okonya | None
Javid Lateef | None
Jill H. Doidge | None
Matthew Meek | None
Richard Hubbard | None
Sharyar Ali | None
Orett McKoy | None
tammy | None
Peter Gomes | None
Samuel Jones | None
Almaree Owens | None
Pon Palani | None
Brad | None
Reina Bangug | None
Daniela De la Torre Álvarez | None
Aaron Campbell | None
Aaron Jenkins | None
Aaron Zupan | None
Aayushi Jain | None
April Holland | None
Sabrina Dahl | None
Abhinav Kandere | None
Abby Webster | None
Mary Abraham | None
Ace Tovar | None
Adam Howarth | None
Adam Moore | None
Rose Adams | None
Aditya Kumar | None
Adrianne Dias | None
Adrianne Keeler | None
Alan Naroden | None
Ahmed Abouzaid | None
Ahmed Jamal Khan | None
Ailén Serrano | None
Aimee Hiebert | None
Aimee Madrigrano | None
Uday Kumar | None
Alanna Ross | None
Alec Thomas | None
Alex Khan | None
Alex Maroney | None
Alex Tannis | None
Alex Upton-Agerholm | None
Alex Wessel | None
Andrew Cloonan | None
Alexandra White | None
Alexis Dunbar | None
Alicia Benefield | None
Alicia Brady | None
Alina Paskhaver | None
Alisha Maity | None
Alivia Encizo | None
Alka S | None
Allison Harris | None
Allison Hicklen | None
Ally Hacker | None
Ally Lee | None
Allyson Counsman | None
Allyson Wendel | None
Talent Alma Allen | None
Alyse Worley | None
Alyssa Bortono | None
Amanda Dometrovich | None
Amanda Woods | None
Alex Waugh | None
Anthony Mengarelli | None
Anthony Petrelli | None
Davy Nance | None
Anuradha Mahanand | None
Arlo Quinn | None
Arshia Mehra | None
Ashley Andreasen | None
Ashley Burt | None
Ashley Endres | None
Ashley Gruning | None
Ashley Merritt | None
Aubree Parker | None
Austin Allemeier | None
Avery Cooper | None
Barbara Bailey | None
David Baio | None
Harriette Bayona | None
Bella Angiolini | None
Ben Wimpling | None
--- | None
Bettina Jones | None
Chaz Gerads | None
Bhavanesh Eamani | None
Bienel Lluisma | None
Birgul Acanngul | None
Blake McDermott | None
Jared Blind | None
Bonnie Burk | None
Jenny Bour | None
Bowsiya Begam | None
Brad Fisch | None
Bradley Mann | None
Brandan Saa | None
Brandon Becker | None
Brandon Jackson | None
Brenda Pring | None
Brendan Casserly | None
Brennan Stieber | None
Andrew McKeon | None
Brooke N. Ly | None
Katie Archer | None
Jason Sabet | None
Christine Torres | None
Bryan Sullivan | None
Dermot Cadogan | None
Caitlin Gentry | None
Callan Wichowsky | None
Callie Smallwood | None
Camila Centurion | None
Camille Fuller | None
Cara Bertucci | None
Cara Kilcullen | None
Caree Johnson | None
Carina Ramos | None
Carl Williams | None
Carlo Felicilda | None
Carlos Fernando | None
Taylor Carlson | None
Carney Papo | None
Carol Donnelly | None
Carolyn Komminsk | None
Carolyn Russell | None
Carolyn Tingle | None
Leasha Carpenter | None
Casey Jordan | None
Casey Larson | None
Cassidy Garrick | None
Cathy Sands | None
Cedric Ceballo | None
Bowsiya Begam | None
Brad Fisch | None
Brad Hensley | None
Brad Rosenthal | None
Kyle Martyn | None
Brien Harmon | None
Britt Sutton | None
Caree Johnson | None
Kathy McGonigle | None
Bhavdip Patel | None
Dalpat Prajapati | None
Dan Shannon | None
Dana Fox | None
Dan Moriarty | None
Daniel Perez | None
Danielle Cunningham | None
Danielle Rossi | None
Danielle Wilson | None
Danny Cohen | None
Dante’ Lawson | None
Darline DelaVega | None
Daryll Estabillo | None
David Howlett | None
David St. Peter | None
David Williamson | None
Nelson D’Costa | None
Laura DelCoiro | None
Denilson Silva | None
Denise Madrid | None
Dennis Homick | None
Lindsay DesRochers | None
Devon Moschella | None
Luca Fadel | None
Dina Pantelis | None
Mike Louer | None
Elisha Knott | None
Elle Leigh | None
Emanuele Faja | None
Emily Cole | None
Emily Hobbs | None
Emily Kolbow | None
Emily Parson | None
Emily Thom | None
Emma Bernstein | None
Emma Farshi | None
Emme Jacob | None
Eric Read | None
Eric Short | None
Erich Ryser | None
Ericka Miller | None
Erika Fisher | None
Erin Hamilton | None
Evelyn Griffin Collins | None
Everett Mercado | None
Filomena Salzano | None
Fiona Donovan | None
Fitzroy Folkes | None
Michelle Flores | None
Francis Allwin | None
Frank Kernan | None
Franklin Daniel | None
Jort Gaartman | None
Gabby DaRonco | None
Gary Kaufman | None
Gavin Stephens | None
George Castorena | None
Gezim Marina | None
Maer Gillespie | None
Gina Torres | None
Giovanni Villicana | None
Gonzalo Velasquez | None
Grace Pierce | None
Janel Grangroth | None
Greg Johnston | None
Griffin Reber | None
Haley Rickard | None
Hannah Bohle | None
Hannah Organ | None
Laura Hargis | None
Mia Harpster | None
Tiffany Harris | None
Harrison Pickett | None
Harry Banyard | None
Harry Egginton | None
Kathleen Harvey | None
Haylee Ricci | None
Jaya Nejati-Seosahai | None
Heather Lopez | None
Heather Marshall | None
Heidi Marchionda | None
Heidi Roberts | None
Herbin Berreondo | None
Hiro Kawahara | None
Holloway Bird | None
Holly Herrera | None
Holly Schumm | None
Tom Honeyman | None
Grant Hutchens | None
Ignacio Loyola | None
Ilene Brooks | None
Ingwon Chae | None
Irene Markantonis | None
Jack Kinneally | None
Jackie Elliott | None
Jacob Hanlin | None
Jacob Simmons | None
Jacquelyn Worthington | None
Jaeger Larson | None
Jalen Randolph | None
James Cowan | None
James Heller | None
James Lohmann | None
James Scott | None
Jamie Zaborsky | None
Jamie Zogaric | None
Jan Foryszewski | None
Jane Bautista | None
Janet Intravaia | None
Janet Pope | None
Janit Kapil | None
Jason Takhar | None
Jay Lucas | None
Jean-Christophe Moch | None
Jeannie Caputo | None
Jeff Panning | None
Jeffrey Santos | None
Jeishka Varon | None
Jen Dawson | None
Jen Renneker | None
Jency Cheadle | None
Jenifer A | None
Jenn Prowse | None
Jennifer Hawkins | None
Jennifer O’Connell | None
Jennifer Tejada | None
Jeremy Dixon | None
Jessica Barbosa | None
Jessica Barrios | None
Jessica Del Grosso | None
Jessica Hurley | None
Jessica Meilleur | None
Jessica Rabban | None
Jessica Radell | None
Jessica Tighe | None
Jessica Volkman | None
Jillian Sherrard | None
Jim Linsey | None
Joan Kuhn | None
Robert Jordan | None
Joe Tenbeth | None
Joseph Tocco | None
John Scovell | None
John Williams | None
Jon Tabor | None
Jordan Brookshier | None
Jordan Willson | None
Josele Quejadas | None
Sarah McGowan | None
Josh Matthews | None
Julia Kupin | None
Julian Biglow | None
Julian Wicker | None
Julie Coyne | None
Julie Gasper | None
Justin Drew | None
Justin Jackson | None
Kait Kerman | None
Kaitlyn Loeven | None
Joe Kalnas | None
Bev Berry | None
Kara Jewett | None
Karen Ilardi-Lowy | None
Kari Edwards | None
Karolina Barzyk | None
Käryn D. Bacon | None
Wyatt Bartholomew | None
Kasey Lee | None
Kate Krantz | None
Ben Williams | None
Kate Lorack | None
Kate Mata | None
Kate McHugh | None
Katelyn Young | None
Katharina Exner | None
Katherine Blake | None
Kathryn Platt | None
Kathy Jansen | None
Katie McCann | None
Katie Russel | None
Kay Talanova | None
Kayla Gulley | None
Kayla Maniak | None
Kayla Schrank | None
Kayla Tocco | None
Kaylin Roback | None
Keegan McCool | None
Keith Olejnik | None
Kelby Cakim | None
Kellie Robillard | None
Kelly Crego | None
Kelly Gerritse | None
Kelly Sinclair | None
Kelsey Davies | None
Kelsey Goncalves | None
Kelsey Wenzel | None
Kelsy Wade | None
Kendall Martin | None
Kendra Alvarado | None
Kenneth Kidd | None
Keon Paulino | None
Kerry DiFilippo | None
Kerry Palmer | None
Kevin Apczynski | None
Kevin Linville | None
Khrystyna Vivsyana | None
Kiersten Kiene | None
Kim Berlioz | None
Kim Doey | None
Kim McKenzie | None
Kimberly Cook | None
Kimberly Graf | None
Kimberly Zanatta | None
Kimi Kulacic | None
Kimra Stone | None
Kishore Ralla | None
Klaudia Pieróg-Zberaz | None
Koree Phillips | None
Kori Miller | None
Lorie DuBasky | None
Armen Kourkounian | None
Kori Tidwell | None
Kris Kurcoba | None
Krista Fisher | None
Krista Joy | None
Archie Williamson | None
Kristen Kibbee | None
Kristen Stewart | None
Kristie Magafas | None
Kristin Walt | None
Kristine Tsirigotis | None
Kristy Harmann | None
Krystal McGraw | None
Kyle Kiper | None
Kyle Marrocco | None
Lacy Phillips | None
LaShawnna Shively | None
Laura M. Atherton | None
Laura Boby | None
Laura Hoodack | None
Laura Mayo | None
Lauren Bogner | None
Lauren (Geerken) Coberly | None
Lauren Connell | None
Lauren Diamond | None
Lauren Fortson | None
Lauren Monteverde | None
Lauren Mulroy | None
Lauren Roepcke | None
Lauren Scholl | None
Lauryn Kingma | None
Tripti Shukla | None
Diane Law | None
Leanna Sherwin | None
Leanne Rodd | None
Leanne Weiner | None
Lee | None
Edward Allen | None
Leena Berde | None
Leigh Ann Beier | None
Katelynn Graf | None
Chris Lepore | None
Leslie McDonald | None
Lillian Schonewise | None
Lindsay Dolan | None
Lindsay Rawls | None
Linh Nguyen | None
Lisa Recupero | None
Lisa Stokes | None
- | None
Kristin Lockwood | None
Lori Fair | None
Lori Richardson | None
Lorna Starman | None
Vanessa Losch | None
Lovneet Otal | None
Lucas Feinstein | None
Lucinda Contreras | None
Lucy (Priyanka Moyila) | None
Lynsie Topolski | None
Maci Pantoja | None
Mackenzie Boye | None
Mackenzie Northburg | None
Madalina Carp | None
Madeline Nelson | None
Laura Kelly | None
Madison Ferguson | None
Madison Jinks | None
Maggie Allman | None
Maggie Chisum | None
Maggie Gussoni | None
Malcolm Miles | None
Malik Moffett | None
Malina Giurgiu | None
Arya Sharma | None
Manoranjan Biswal | None
Margaret Paul | None
Margie Butler | None
Maria Lazareva | None
Carlo Marino | None
Marion Fennell | None
Marisol Acosta | None
Mark Cerretani | None
Mark Maher | None
Mark Lee | None
Mark Whitcomb | None
Marta Villafania | None
Marvalyn Morris | None
Maryam Khalid | None
Mat Abdul | None
Mathew Jameson | None
Matt Ippolito | None
Matt Keillor | None
Matthew Lange | None
Matt Moore | None
Matt Rose | None
Matt Wells | None
Matthew Burns | None
Maurice Bradford | None
Maurice Minnis | None
Morgan Hill | None
Max Davies | None
Maya Naaman | None
Alison McAvoy | None
Ryan | None
Megan Luxford | None
Megan Saar | None
Melisa Godinez | None
Melissa Clampffer | None
Melissa Masse | None
Melissa Musser | None
Melissa Villoch | None
Melissa Zizzi | None
Kalie Meramo | None
Michael Cooper | None
Michael De Sa | None
Michael Eberhardt | None
Michael Jorgensen | None
Michael Krueger | None
Michael Rodriguez | None
Michael Sabo | None
Michael Scallan | None
Michele Seiffert | None
Michelle Andrade | None
Michelle Marquez | None
Michelle McClure | None
Mike Burn | None
Mike Shilling | None
Rachelle Caramagno | None
Mike Snavely | None
Mike Solanki | None
Mike Turk | None
Matt Janes | None
Mitch Campos | None
Margo Maresca | None
Mohit Prabhat Tyagi | None
Monica Smith | None
Morgan Gardner | None
Mohammed Wahajuddin | None
Amanda Myrkle | None
Nadja Schrepfer | None
Natalie Friedman | None
Natalie Kelley | None
Natalie Rubenstein | None
Candace Bush | None
Neil Brogan | None
Neil Mansfield | None
Nelson D’Costa | None
Nicholas Daniels | None
Nick Caputo | None
Nick Demling | None
Nick Douglas | None
Nicole Javorski | None
Oliver Ingram | None
Olivia Joseph | None
OP Service | None
Orlando Williams | None
Jean Padilla | None
Paige Guide | None
Paige Kappes | None
Palak Agrawal | None
Parveen Sultana | None
Patricia Karam | None
Patrick Marks | None
Kurt Patterson | None
Patricia Cravatta-Davis | None
Paul Erdner | None
Paul Gagnon | None
Pauline Chatel | None
Mia S. Hayward | None
Pavan Varma | None
Payton Johnson | None
Amy Pelton | None
Pete Kelly | None
Phil Roldan | None
Philip Regalado | None
Pooja Verma | None
Poonam Varma | None
Pratiksha Kale | None
Reagan Knightstep | None
April Reed | None
Reena Setya | None
Catie Rensink | None
Reshma Patel | None
Lazarus A | None
Amir AL-Ajooz | None
Rhea Dewan | None
Richa Doshi | None
Richa Srivastava Prasad | None
Richard Robbins | None
Ridha Lachhab | None
Rob Cleland | None
Rob Tomlinson | None
Robert Llaurador | None
Robert Mihalyi | None
Jake Roché | None
Rocky Ottley | None
Farrell Roland | None
Afroz S | None
Ron Gionta | None
Ronee Stout | None
Rosalyn Greeley | None
Rosemary Chavez | None
Tom M. Ross | None
Ruben Martinez | None
Ruth Miller | None
Ryan B | None
Ryan Brown | None
Kimberly Simpson | None
Ryan Olmstead | None
Katrina Rydstedt | None
Sagaya Raj | None
Sam Adams | None
Samantha Birdsall | None
Samantha Clements | None
Samantha Collins | None
Samantha Kastenmeier | None
Sandy Medley | None
Saqlain Haider | None
Sarah Kalepp | None
Sarah Sheridan | None
Saravanan Ilangovel | None
Sasha Nino | None
Savitha Naidu | None
Scarlet Harrod | None
William Schoof | None
Scott Barden | None
Scott Bickel | None
Sean Martin | None
Sean Bui | None
Sean Cruise | None
Sean Donovan | None
Sean Yarrison | None
Yvette Serrato | None
Seve Tombrink | None
Shailza | None
Shambhavi Khare | None
Shane Doughty | None
Shannon Longworth | None
Shannon Schiavino | None
Sheetal Mehta | None
Sonia Sheffield | None
Sheila NeSmith | None
Shellie Swecker | None
Ilya Musicante | None
Sheri Cordingley | None
Sherrine Garland | None
Shilpa Khandelwal | None
Shilpy Singh | None
Shivani Yadav | None
Shubha Upadhya | None
Julia Simenz | None
Simmie Colson | None
Sirisha Indupalli | None
Sitash | None
Skip Williams | None
Sloane Bartley | None
Bree Collinsworth Smith | None
Matt Smith | None
Sofie Kreisz | None
Sonal Mehra | None
Soujanya Gudla | None
Andrew Lumley | None
Stacey Kostue | None
Stacie Shelley | None
Stacy Forsyth | None
Stacy Mann | None
Ashlynn E. Stead (Hubert) | None
Stefy Voss | None
Stephanie Barbarino | None
Stephanie Keene | None
Stephen Dance | None
Kate Stevens | None
Stormy S. Gaines | None
Meagan P. Strong | None
Sumeet Saini | None
Susan McNulty | None
Susie Johansen | None
Sutamra Bhattacharya | None
Suzy Carlson | None
Swati Singh | None
Swetha Bommina Jaiswal | None
Sylvia Bier | None
Taanisha Kashyap | None
Trisha Johnson | None
Turron Nelson | None
Tushar Wasson | None
Tyler Mombach | None
Tyler Tekac | None
Jake Vacanti | None
Valerie Meyers | None
Levi Van Lerberghe | None
Vandita Singh | None
Vanessa R. Mazurek | None
Vanessa Rivas | None
Vannessa Doyon | None
Karina Varian | None
Oswaldo Velasquez | None
Venkatesh K | None
Kunal Verma | None
Veronica Yalung | None
Vianca-Lee Frias | None
Victoria Angelone | None
Vidhi Kundalia | None
Vijaya Ratnam | None
Viktoriia Kulinich | None
Vinayak Rawal | None
Virginia Brewster | None
Westly Tyrrell | None
Christina White-Keller | None
Raymond Wise | None
Sienna Wuorinen | None
Yasemin Ahmadi | None
Rajat Jain | None
Yvonne Miller | None
Zach Foreman | None
Zach Walsh | None
Holly Zanella | None
Abby Charbonneau | None
Barb Heath | None
Divya Sharma | None
Faraz Shafaqqat | None
Annie Schoppe | None
David Denick | None
Adeen | None
Fardeen | None
Alex Krahl | None
Eric Silverman | None
Brighid Dinan | None
Jon Amador | None
Todd Koch | None
Seamus Hogan | None
Jordan McIntyre | None
Joe Cartwright | None
Margaret (Maggie) Ford | None
Rolando Fernandez | None
Chris Lester | None
Todd N. Marinelli | None
Brittany N. Evans | None
Maddie (Madeline Aldrich) | None
Edmund Walker | None
Jayde Dawson-Gordon | None
Callum Steadman | None
Red Austria | None
Jeff Singer | None
Stacy Wilkins | None
RAJA REDDY | None
Aditya Sharma | None
Deja Jones | None
Sarah Jolitz | None
Mathieu Prichonnet | None
Jeff Brown | None
Jason Roy | None
Ryan Collins | None
Aditi Narayan | None
Christian Gil | None
Julian Nejaime | None
Bethany Davis | None
Anthony De Stefano | None
Kyle Bahr | None
Heidi Sullivan | None
Paul Villena | None
Ella Francis | None
Miles Savage | None
Greg Taffet | None
Guillermo Pier Inda | None
Chris Hayes | None
Ashley Rodriguez | None
Marcus Rice | None
Connor Perry | None
Namratha Sankuratri | None
Charlsie Murphy | None
Ivette Campos | None
Cindi T Schnetzka | None
Chinmai Rath | None
Mohammed Amer Khan | None
Aaron Thomas | None
Chelsea Gomez | None
Robert Schnitzlein | None
Sonia Delu | None
Brian Martin | None
Adolfo Cruz | None
Catherine Benne | None
Tanya Loaiza | None
Robin Alvarado | None
Jerry Vale | None
Eric Carmody | None
Siva Rama Krishna Chembuli | None
Hope Sanford | None
Ryan Harding | None
Kerrie Gomes | None
Roderick Bethune | None
Amelia Miranda | None
Chelsea Akers | None
Paul Wildfeir | None
Annie Crawford | None
Darcie Covington | None
Michelle Gurung | None
Chris Patten | None
Dakota Dvorak | None
Natalie Woggon | None
Shilpi Basu | None
Christine Knight | None
Brad Lankford | None
Tina M | None
Yanna Garlit | None
Sean Anderson | None
Gage Lamfers | None
Nikita Larson | None
Anita Gupta | None
Allen Olsen | None
Kenneth Aldridge | None
Nam Anh Nguyen | None
Paul Duplantis | None
Hiro Kawahara | None
Faizan Shaikh | None
Arvind Ahirrao | None
Hardik Rana | None
Jaydeep Chauhan | None
Tim Hoey | None
Jon Lutz | None
Randy McKay | None
Tim Ratcliff | None
Pamela Newhouse | None
Rick Maddock | None
Aidan Jebson | None
Corey T. Dupuis | None
Jodi Lipon | None
Sarah M. Smith | None
Michael Perozzi | None
Chris Dawson | None
Joseph Grzeda | None
Susan Buerck | None
Mark Wallace | None
Ann Lodberg | None
Deeksha Anchan | None
Ron Gallagher | None
Libby Hale | None
Denise Pino | None
Ravi Kumar Singh | None
Nick Paolillo | None
Mahesh Seetha | None
Pooja Peddi | None
Murali Krishna Channa | None
Rustina Knutzon | None
David Richards | None
Josh Meyers | None
Sheri Cordingley | None
Rivo Ian Merardo Pamaran | None
Sophia Nesbitt | None
Mark Johnson | None
Mark Sagherian | None
Rory Kuenn | None
Cathy Bauer | None
Avani Hariani | None
Manav Anand | None
Mark Evans | None
Jim Ball | None
Anumeha Bardaiyar | None
Nazreen Wahab | None
Priti Kulkarni | None
Sheetal Agarwal | None
Sumit Ghild | None
Vijay | None
Shriniwas | None
Vijaya Swamy | None
Durga Prasad | None
Gaurav (Gary) Chaudhary | None
Varsha Nikam | None
Gauri Awasthi | None
Phalguni Swaro | None
Monika Sharma | None
Shivalee Shukla | None
Dinesh Sai | None
Preeti Sehgal | None
Tanmay Buroy | None
Tanu Sharma | None
Tushar Wasson | None
Suresh Reddy Chaduvu | None
Nikhil Kumar Saxena | None
Adiba Rizvi | None
Sai Sandeep | None
Salman Saeed | None
Lalith Kumar | None
Nida Fatima | None
R.V. Ramya | None
Salome Grace | None
Saravanan Palani | None
Jyothi Kotta | None
Gaurav Naidu | None
Syed Efa | None
Pedro Rodriguez | None
Suvarna | None
Kirti Surana | None
Parul Gupta | None
Ankit Bhardwaj | None
Aastha Jain | None
Aayush Pandey | None
Manik Gupta | None
Renu Dhingra | None
Adithya Sastrulavari | None
Sandeep | None
Divya Kethavath | None
Lakshmi Jogu | None
Balaji Biradar | None
Allen Ngo | None
Faraaz Ansari | None
Prashant Das | None
Abbey Kearney | None
Raju Reddy | None
Brad Blankenberg | None
Crystal Hollywood-Rodriguez | None
Danielle Tupper | None
Divya Bhandari | None
Elaine Lini | None
Eric Marmion | None
Florence Su | None
Fiona Gonsalvez | None
Kelly Maw | None
Alexandra Barrientos Segura | None
Himaja Kuruvada | None
Vikas Rawat | None
Joshua Aguero | None
Brian Stephens | None
Peter McCree | None
Jason Clark | None
Archie K | None
Mohammed Aaqil | None
Jho Ann Reyes | None
Pallabi Pal | None
Patrick Fairon | None
Pete Lehrman | None
Raj Gill | None
James Shanab | None
Rick Forrest | None
Usha Sarin | None
Aaron Manio | None
Aaron Schwander | None
Andrew Sokol | None
Anu Kundra | None
Ari Kaufman | None
Belle Rivera | None
Brandi Katz | None
Caroline Doherty | None
Casey Craven | None
Cassie Slater | None
Cem Farsak | None
Charles Payne | None
Chelsea Hardaway | None
Daniel Free | None
David | None
Awantika Dubey | None
Erika Silva | None
Greyson Oglesby | None
Harold Otis | None
Daud Haseeb | None
Jaclyn Beyers | None
Jeff Armand | None
Jesintha Noeline | None
Jessica Couch | None
Joanna Hendrick | None
Jonary Villero | None
Joselito Macapañas Jr. | None
Joe Kohlhorst | None
Jyron Antony Syril | None
Karyn Mahler | None
Kelli Perfetti | None
Kelsey Hoff | None
Kyle Ricketts | None
Leandro Reveredo | None
LeRone M. Logan | None
Leslie J. Morrison | None
Malik Khan | None
Mark Burton | None
Nosheen Alvi | None
Philip M. Lough | None
Phillip Vaillancourt | None
Jason Pierse | None
Beth Razook | None
Becca Green | None
Rick Hults | None
Salim Powell | None
Sean DeAvila | None
Shell Lal | None
Stuart Swift | None
Suraj Patkari | None
Kevin Tricarick | None
Lisa Wible | None
Jose Renato Dos Santos | None
Shaun Needle | None
Mihir Roy | None
Jamie Smith | None
Sujata Rajput | None
Renée W. McHenry | None
Kristen Wells | None
Jeff Vervlied | None
Alfie Matthews | None
Owen Farber | None
Anthony Piatt | None
Deidre Hues | None
James Carroll | None
Rachele Little | None
Kathleen Sullivan | None
Pradeep Darbhe | None
Saketh Gowerneni | None
Peter Carollo | None
Alpana Deka | None
Nathan G. Harlan | None
Jacob Nicker | None
Chris Irwin | None
Shoan Salve | None
Brian Ward | None
Sharmila A | None
Aaron James | None
Ben Sanders | None
Carlos Rivera | None
Dan Dungy | None
Faith Thomas | None
Ellie Bond | None
Paula Brock | None
Justin Reach | None
Kari Kravish | None
Preeti Shriyan | None
Karen Ahrens | None
Kunal Dave | None
Noel Wolf | None
Paul Ciurdas | None
Paul Sember | None
Scott W. Long | None
Shahan Avedian | None
Vanessa Vallador | None
POC Name | None
Ed Moran | None
Brian Robertson | None
Aaron Acker | None
Aaron Morgan | None
Aaron Stone | None
Abbey Walker | None
Abby Richardson | None
Abhishek Agarwal | None
Abigail Reynolds | None
Amedina | None
Adam Civinskas | None
Adam Northrop | None
Penny Read | None
Adarsh Modi | None
Walt Reeves | None
Janeen Welsh | None
V Flahaven | None
Andrea Ahearn | None
Kara Ahern | None
Aidan Clemence | None
George Gramling | None
Ajai DeBose | None
Katherine Martin | None
Alanna Hernandez | None
Alex Chiarolanzio | None
Alex Raphael | None
Jody Alexander | None
Alex Vitols | None
Alfonso M. Tenebruso | None
Ali Dunlay | None
Abbas Ali | None
Alice Rafalko | None
Alicia Fols | None
Jeanette Alleman | None
Allie Ahern | None
Allie Bennis | None
Allie McCartney | None
Allison A Bloomfield | None
Allison Dod | None
Allison Feldman | None
Allison Keyes | None
Allison Warner | None
Allison Wynn | None
Allyson Pate | None
Mathew Palardy | None
Alyson Kaye | None
Alyson Miller | None
Alyssa Bautista | None
Alyssa Delsignore | None
Alyssa Guzman | None
Alyssa James Mynderse | None
Alyssa O'Rourke | None
Francis James | None
Tom Friederich | None
Amanda Cucinotti | None
Amanda Gagnon | None
Amanda Hughes | None
Amanda Medina | None
Amanda Symens | None
Amani Logan | None
Amber Lee | None
Amy McElwain | None
Amy Monroe | None
Amy Zbaren | None
Anabel Meldrum | None
Andra Padgett | None
Andrew Brueggeman | None
Andrew Connor | None
Matt Shea | None
Andy Oliver | None
Andrew Tessier | None
Andrew Thompson | None
Andrew Keith | None
Andy Duke | None
Andy McKinstry | None
Angel Connally | None
Angie Garimella | None
Angela Jirsa | None
Angela Pegram | None
Christina Impellizeri | None
Ann Berberich | None
Anna Brantner | None
Anna Cronmiller | None
Anna Wigman | None
Annamarie Stark | None
Anne Beyer | None
Anne Erpenbeck | None
Anne Reesor | None
Patrick Sazama | None
Anthony Forest | None
Lindsey Gunther | None
April Holland | None
April Valentino | None
Arash Mobayen | None
Chris Archibald | None
Ariana Atega | None
Juliet Vahos | None
Ashley Cigolotti | None
Ashley Darling | None
Ashley Ervin | None
Ashley Hernandez | None
Ashley Kelly | None
Ashley Knob | None
Ashley MacCallum | None
Ashley Mainini | None
Ashley Parvin | None
Ashley Windom | None
Ashlin Grant | None
Ashlyn Sims | None
Ashton Burke | None
Audriana Garcia | None
Austin Conner | None
Austin Hays | None
Ava Thornton | None
Ava Wright | None
Bailey Edwards | None
Bailey Tompkins | None
Baker Hatcher | None
Baljit Gill | None
Elicia Bansuelo | None
Alex Barron | None
Bella Teta | None
Clint Bellm | None
Linda Belzer | None
Michelle Bryant | None
Ben Horsey | None
Ben Miller | None
Collins Collins | None
Benjamin Stephenson | None
Beth Garvey | None
Beth Ward | None
Bethany Smith | None
Betiel Micael | None
Sharon Bilu | None
Kabir Bindra | None
Susan Bing | None
John Bischoff | None
David Bizub | None
Blair Bender | None
Blake Nollenberger | None
Heidi Blakely | None
Bob Alsop | None
Boyd A Kelly | None
Brad Fisch | None
Brad Giometti | None
Bradford Powers | None
Bradie Schoemehl | None
Bradley Thornton | None
Jyonne Brantley | None
Brendan Fiorani | None
Brennan Canada | None
Brent Alfalla | None
Brett Harney | None
Brett Schuber | None
Bri Shaffer | None
Brian Miller | None
Brian Scheffer | None
Briana Kucis | None
Brianne Dahl | None
Britt Carr | None
Brittany Bankes | None
Brittany Dankworth | None
Brittany Gross | None
Brittany Ponsoda | None
Brittley Deaton | None
Brittna Valenzuela | None
Brittney Moore | None
Jessica Britton Cantrell | None
Bruce Schumikowski | None
Brandon Bulldis | None
Molly Butters | None
Caitlin Antosz | None
Caitlin Grady | None
Caitlin Wazynski | None
Callie Dunn | None
Callie McAdams | None
Callie Smith | None
Cam Toole | None
Camryn Mastel | None
Craig Cancro | None
Candace Crispo | None
Caren Cohen | None
Madison Carey | None
Carl Painter Jr | None
Carli Wilson | None
Chad Carlisle | None
Carly Budd | None
Carly Lumpp | None
Carly Montague | None
Carney Rubbelke | None
Caroline Snowden | None
Haylee Ackerman | None
Aidan Clemence | None
Ajai DeBose | None
Allie Kolb | None
Alyson Kaye | None
Alyssa Mynderse | None
Kristin Moore | None
Andre Campagna | None
Andrea Kielblock | None
Andrew Berling | None
Angelina Frappier | None
Anita Roberti | None
Anne Erpenbeck | None
Arjana Sanfilippo | None
Athena Parker | None
Aubree Uhl | None
Audra Lincoln | None
Dan Bentivenga | None
Britney Wambold | None
Brittany (Cowan) Haddow | None
Brittany (Tigerina) Lesce | None
Carly Thomas | None
Caroline Terry | None
Carrie Kuppart | None
Carson Sineni | None
Casandra Valencia | None
Hannah Schippers | None
Casey Oliver | None
Casie Schuppe | None
Cassady Williams | None
Cassandra Swaney (LaFonte) | None
Catie Brooks | None
Catie Fitzgerald | None
Lindsey Ceane | None
Cecelia Milner | None
Sunny Cerelejia | None
Chad DiLella | None
Sahana Chakravarty | None
Chaley Ray | None
Chandler Moore | None
Charlotte Carter | None
Chelsie Walsh | None
Akanksha Chopra | None
Chrissy Vo | None
Autumn (Causey) Haskett | None
Christina Renshaw | None
Christina Ross | None
Christina Wassef | None
Christopher Lopez | None
Christy Howington | None
Chuck Erickson | None
Claire Wood | None
Clare Rosenberg | None
Claudia Brzezinski | None
Brandi Alexander Clark | None
Clay Blackwell | None
Clayton Jackson | None
Colby Charles | None
Cole Sundquist | None
Justin Collins | None
Lina Colon | None
Billy Dunlap | None
Brad Cooper | None
Corey Ryser | None
Corina Fusco | None
Emily Corr | None
Emily Costello | None
Courtney Kantor | None
Courtney McCracken | None
Courtney Ulmer | None
Tad Covey | None
Craig Manchio | None
Crystal Sanchez | None
Cydney Black | None
Dan Rohan | None
Dana Bohman | None
Danah vanReuth | None
Daniel Benninghoff | None
Daniel Brown | None
Daniel Florer | None
Daniel Silverstein | None
Danielle Bolick | None
Danielle Goldsmith | None
Danielle Rizzo | None
Danielle Rourke | None
Sonia Román Bretaña | None
Beth Peterson | None
Darin DeGrand | None
Dave Molski | None
David Pentico | None
David Suggs | None
David Tyburski | None
Lauren Davies | None
Dean Stewart | None
Deb Forman | None
Dee Barrows | None
Jackie Dees | None
Deirdre Lyons | None
Delaney Truelove | None
Delani Williams | None
Gabrielle J Dennison | None
Derek Shipes | None
Derek Tippetts | None
Devin (Madsen) Wool | None
Devon Hilderbrandt | None
Maggie Diamond | None
Diana Langro | None
Diana Petrizzo | None
Domingo Valdez | None
Douglas Herling | None
Darius Douglas | None
Lisa M. Dowland | None
Rachel Downer | None
Kim Dukes | None
Jeff DuPont | None
Dustin Finley | None
Dylan Hogan | None
Ed Kavanagh | None
Edwin Baker | None
Daen Ekpa | None
Steve Weber | None
Elena Epidy | None
Elise Marie Ferron | None
Elizabeth Crenshaw | None
Elizabeth Herbstreit | None
Elizabeth Manheimer | None
Elle Armistead | None
Elle Leigh | None
Emilee Speer | None
Emily Anderson | None
Emily Kadas | None
Emily Meyer | None
Emily Odato | None
Max O’Connor | None
Emma Hamilton | None
Tom Enright | None
Eric Palmer | None
Eric Ryals | None
Erica Tejeda | None
Erin Lester | None
Errick V. Davis | None
Meetra Esfahani | None
Kenneth Eterno | None
Ethan | None
Evan DePotter | None
Jessica Evans | None
Eve Jackson | None
Ewa Augustyniak | None
Tucker Ewing | None
Fiona McEvoy | None
Gina Foody | None
Jon Foster | None
Frank Waite | None
Gabby Sells | None
Gabriella A. Bertoldi | None
Jamie Gaffke | None
Clayton Gammill | None
Elizabeth Garley | None
Gensui Imamura | None
Georgianna Kuelbs | None
Gerard McGirr | None
Gianna Verzillo | None
Gina Truex | None
Grace Brzozowski | None
Grace Llojaj | None
Grace Ronayne | None
Dayna Gray | None
Tim Greulich | None
Greyson Knepp | None
Steve Hagmaier | None
Haley Sutliff | None
Hannah Shteyn | None
Hannah Walsh | None
Emily Hanson | None
Erin Harney | None
Jasmine Harris | None
Caitlin Harty | None
Hayley Michael | None
Heather Griggs | None
Heather Kalks | None
Heather Kolter | None
Helen Heston | None
Laura Helm | None
Jared Hinton | None
Cindy Hitchens | None
Claudia Holley | None
David Holman | None
Brian Howard | None
Brandi Hutchinson | None
Ian Robinson | None
Irene Ruiz | None
Isabella Nolen | None
Ivy Española | None
Jack Salmon | None
Jack Shanahan | None
Jackie Hafele | None
Jacob Dorsey | None
Jacqueline Glade | None
Jacqueline Knauer | None
Jagrit Jhunjhunwala | None
Jake Rudd | None
James Albert | None
James Cacace | None
James Mignon | None
James Mitchell | None
James Noland | None
Jimmy Sabia | None
Jamie Donnelly | None
Jamil Moore | None
Jan Seele | None
Jasmattie Johnson | None
Jason Edgarton | None
Jason Jordi | None
Jason Wolff | None
Danny Rodriguez | None
Jayme Berkowsky | None
Jean Marie Portocarrero | None
Elizabeth Tran | None
Jeff Irvin | None
Jeff Thomas | None
Jennifer Easley | None
Jennifer Elliott | None
Jennifer F. | None
Jen Hankes | None
Jennifer Jacobsen | None
Jennifer Ryan | None
Jennifer Viray | None
Jenny Buchanan | None
Jesse Rangel | None
Jessica Elkin | None
Jessica Hand | None
Jessica Macandog | None
Jillian Tirone | None
Joanne Rodriguez | None
Nolan Carney | None
Jocelyn Fallon | None
Andrew Jochems | None
Jody L. Couch | None
Joe Denning | None
Joe McDonald | None
Joel Murphy | None
Dee Lane James | None
Tweeny Sparks | None
John Falco | None
John Imperial | None
Brittany Black | None
Steve Loreti | None
John Williams | None
Johnny Martinez | None
Jon P. Giles | None
Jonathan Anderson | None
Ed Shaw | None
Jordan Gambill | None
Jordan Saunders | None
Kristen Rodriguez | None
Jose Ruiz | None
Florence Clement | None
Josh Ganzelli | None
Josh Howell | None
Emily Pusic | None
Juan Hernandez | None
Jules Clayton | None
Julia Barajas | None
Julia Bosso | None
Julia Head | None
Julia Le | None
Julia Rogers | None
Liz Miseyko | None
Lanie Zimmerman | None
Juliana Pellegrino | None
Meghan Thesing | None
Erlin Golubski | None
Julie Voight | None
Kaitlin Jennings | None
Kaitlyn Coffey | None
Jillian LaRosa | None
Kaitlyn Katt | None
Kaitlyn Kirby | None
Kaitlyn Zupko | None
Kaitlynne Hope | None
Kaleigh McNamara | None
Rand Booth | None
Kalyn Richardson | None
Kara Hudgins Gappa | None
Kara Matkins | None
Kara Newman | None
Kara Robertson | None
Brett Good | None
Karen DeLise | None
Kasey Lile | None
Kassie Dunn | None
Kate Goldinger | None
Kate Iaria | None
Kate Loughlin | None
Kate Morelli | None
Betsy Walton | None
Kate Valianos (Glotfelty) | None
Sam Tudgay | None
William Sparks | None
Katherine Gilson | None
Michelle Iantosca | None
Laura Markwell | None
Kat Trant | None
Kathi Hubbard | None
Kathryn W. Kohl | None
Katie Rosone | None
Stephanie Broughton | None
Katie Hillary | None
Katie Kelley | None
Katie Mooney | None
Katie Pearson | None
Katie Tansey | None
Katie Wasko | None
Katy Sissine | None
Karla Kaus | None
Kay Ring | None
P. Ferreras | None
Kayla Graser | None
Kayla McDougal | None
Bretlyn Morales | None
Kayleigh Watson | None
Kayleigh Wilson | None
Jennifer Gordon | None
Keaton Elders | None
Dawit Kebede | None
Katie Keeter | None
Zach Ledoux | None
Kevin O’Connor | None
Kellie Ghilain | None
Kelly Baglioni | None
Kelly Cronin | None
Kelly Viveiros | None
Kelsey Hardey | None
Kelsey Hopkins | None
Mia Cozzo | None
Christen (Economos) Starnes | None
Mitch Snyder | None
Kemmer Ifft | None
Ken Cole | None
Kendall Yanez | None
Kendra Farole | None
Kendra Igoe | None
Kennedy Fricks | None
Kennedy Neal | None
Kenneth Htet | None
Kerry Chaney | None
Katie Weatherill | None
Michelle Nordstrom | None
Joe Bonfiglio | None
Kevin Dhuicque | None
Kevin Killingsworth | None
Kevin Laraia | None
Kristina Shryock | None
Kevin MacLean | None
Kevin Olson | None
Angela Wayner | None
Patrick Okello | None
Kimberly Wade | None
Cory | None
Kristen Myers | None
Amanda Pierami | None
Cassie Behm | None
Kristen Swartz | None
Barbie Barta | None
Kristin Cresswell | None
Kristin Martin | None
Kiya Means | None
Claire Francis | None
Reid Stokes | None
Kristi Lindman | None
Kristina Ruta | None
Scott Giancarli | None
Leslie Kulvicki | None
Vipin Kumar | None
Kurt Mulder | None
Kyla Duffey | None
Drew Kunkel | None
David Morrow | None
Kylin Clardy | None
L.E. Evans | None
Lara Kleinman | None
Larry Ferguson | None
Drew Peck | None
Lynn Bierling | None
Latrice Bigelow | None
Laura Aldred | None
Laura Carmer | None
Kylie Lekich | None
Laura Thomas | None
Lauren Antongiovanni Watts | None
Mackenzie Burros | None
Madeleine Orrico | None
Lauren Clark | None
Lauren Clem | None
Lauren Elser | None
Lauren Engelhart | None
Anthony Capozzola | None
Lauren Hall | None
Lauren Konchan | None
Lauri Ann Plante | None
Laurie Salmo | None
José Lazo Rivera | None
C. Lazzar | None
Ava Haritos | None
Leah Parentela | None
Leanne Seelow | None
Patrick Femia | None
Leigh Stacy | None
Kevin Cunanan | None
Amani Moss | None
Kelly Medina | None
Robert Hubbard | None
Leslie Polgar | None
Samantha | None
Brett Hall | None
Lily Boettcher | None
Nate Suidan | None
Jessica Lincoln | None
Lindsay Costa | None
Lindsay Heller | None
Lindsay Maldonado | None
Lindsey Huck | None
Lindsey Darling | None
Lindsey Paskvan | None
Lindzi Cox | None
Lisa Bukowski | None
Lisa Rey | None
Hanna Garlets | None
Katherine Sumner | None
Steve Fiala | None
Andrew Loehwing | None
Tyler Howell | None
Logan Macgill | None
Usua Lopez-Areal | None
Eddie Harhai | None
Charlotte Thoren | None
Lucas Jeng | None
Riley Geiger | None
Jeff Grande | None
Kevin Ludwig | None
Luis Morales | None
Juan Delgado | None
Meagan Milligan | None
Luke Sears | None
Luke Whetham | None
Lynn Danen | None
Lynzie Fogarty | None
Lindsey Macha | None
Mackenzie Spaes | None
Mackenzie Ussery | None
Efra Madera | None
Madie Miles | None
Madison Caird | None
Madison Cole | None
Madison Damron | None
Anne Magalski | None
Patrick Kane | None
Maggie Bussey | None
Maggie Piazzi | None
Mahayla Roscoe | None
Malcolm Duncan | None
Malia Graham | None
Mandy Hay | None
Coury Manley | None
Craig Warner | None
Kayce Moore | None
Cody Fishel | None
Marie Nance | None
Aaron Smith | None
Marisa May | None
Marisa Simmons | None
Marissa Bollinger | None
John Gray | None
Mark Saddic | None
Colin Waitt | None
Martha Insley Churchill | None
Monica | None
Mary K. Grimm | None
Jenna Shuck | None
Matt Barnes | None
Josh Tonge | None
Matthew Bussmann | None
Matthew Combs | None
Kirby Collins | None
Matthew Phelan | None
Mattison Walker | None
Jeff Matvienko | None
Lindsey May | None
Maya Gorobtsova | None
Cory McCollum | None
Nicolette Conte | None
Caitlin Shawver | None
Kara McKevitt | None
Alex McNulty | None
Meagan Garnett | None
Meagan Wilson | None
Megan Drew | None
Megan Hall | None
Megan Kane | None
Megan Mullaney | None
Gillian Turman | None
Joey Ricci | None
Abby Everly | None
Meghan Freeman | None
Meghan Steinberg | None
Melissa Dugan | None
Tanuj Mehta | None
Melanie Hunt | None
Melanie Wasmund | None
Meredith Barcelo | None
Melissa Ruby | None
E. Kenyon | None
Annie Mergens | None
Michael Barile | None
Michael Canavari | None
Michael Collins | None
Michael A. Jones | None
Michael Sardella | None
Michael Tedesco | None
Michael Wagner | None
Stephie Riley | None
Michael Zlonkevicz | None
Michelle Gould | None
Michelle Nicolaus | None
Mike Crosby | None
Mike Davis | None
Mike Melville | None
Mike Petrarca | None
Mike Whitehouse | None
Mimi Dowdell | None
Mimi Yen | None
Miranda Hartje | None
Miranda Hildreth | None
Miranda Pickering | None
Mitch Hohn | None
Darius Moghadam | None
David Gilmore | None
Molly Kalinowski | None
Kim Ayers | None
Michelle Nordstrom | None
Natalie Starrenburg | None
Molly Thompson | None
Monique Gomez | None
Nathan Austin | None
Breena Telfer | None
Ashlee Moore | None
Morgan Forbes | None
Morgan Kalish | None
Julianna Riggitano | None
Morgan Murphey | None
Morgan Westerhoff | None
Bryan Morris | None
Danae Morris | None
Blake C Morrison | None
Teresa Moseley | None
Denise Moulton | None
Nadia Mckay | None
Doreen Nakigudde | None
Nancy Mullen | None
Naresh Ramola | None
Nathaniel Roderick | None
Frenk Nebiu | None
Nicholas Billingham | None
Nicholas Childers | None
Danielle Raisi | None
Nick Clemens | None
Nick Doerrig | None
Nick Rubino | None
Nicky Disborough | None
Nicole Acton | None
Nicole Cyranoski | None
Emily Powell | None
Nicole Hurst | None
Nicole Prekop | None
Nicolette Degrassi | None
Nicolette Kelly | None
Nikki Costantino | None
Nikki Ehlers | None
Nikola Andjelic | None
Grace Nnabue | None
Sam Rikess | None
Lauren O'Keefe | None
Ashley Asquith | None
Olivia Brown | None
Olivia Graffham | None
Olivia Pearson | None
Olivia Skaates | None
Oscar Rozanski | None
Blake Vernam | None
Paige Santos | None
Kriss Long | None
Ruby Pandit | None
Amit Panwar | None
Erin Parker | None
Patricia Tinder | None
Patrick Conroy | None
Patrick Conway | None
Patrick Hunter | None
J. Burkhardt | None
Mike Cellitti | None
Patrick Zimmerman | None
Payton Norcia | None
Kelly Pease | None
Erick Villalobos | None
Pete Olsson | None
Pete Van Scoy | None
Peter Herms | None
Peter Sullivan | None
Mahir Ahmed | None
John Peto | None
Peyton Neubaum | None
Philip Bieg | None
PJ Petracek | None
Pocket | None
Bailey Roach | None
Pooja Kumar | None
Gabriella Horowitz | None
Priscilla Bawor | None
Priscilla Waechter | None
Brian Denton | None
Quinn McGinley | None
Quinton Courteau | None
Aliza Moore | None
Rachel Enstrom | None
Rachel Morrison | None
Rae Sanders | None
Raj Patel | None
Rakeb Getnet | None
Sahil Bhatia | None
Amanda Reznik | None
Anthony Cap | None
Randy Sieg | None
Raquelle DeSimone | None
Ray Schoonmaker | None
Rebecca Dehaven | None
Rebecca Ruttenberg | None
Rebecca Seidel | None
Regan McCall | None
Reilly Schmalfeldt | None
Rebecca Zion | None
Taylor Bogdahn | None
Danny Reyes | None
Rhett Hull | None
Brittnie Rhodes | None
Robert Aguh | None
Michelle Richard | None
Tracy Richey | None
Anne-Marie Richter | None
Paul Polito | None
Riki Nehez | None
Riley Maracich | None
Riley Sanders | None
Conner Riley | None
Rob Colombo | None
Roberta Fried | None
Robin Sanders | None
Christopher Rogers | None
LaRee Meade | None
Jake Ruhling | None
Ryan Burton | None
Ryan Finch | None
Ryan Flowers | None
Eric Johnston | None
Lisa Zimmerli | None
Zannie Mandola | None
Zachary MacDonald | None
Lauren Terraglio | None
Xander Bradley | None
Cliff Weinstein | None
Steven Wodecki | None
Erica Kiger | None
William Rush | None
Whitney Doelp | None
Fleur Werkhoven | None
Tricia Wells | None
Dave Watts | None
Todd Boling | None
Soniyaz Sk | None
Sashidhar D | None
Monica Kapoor | None
Kilea Coleman | None
Gigi Burton | None
Butame | None
Xavier Christopher | None
Tarun Thakur | None
Alan | None
Corinne Brown | None
Soumya Singh | None
Jordan Belanger | None
Victor Sams | None
Melissa Zizzi | None
Tameem | None
Kaci Railey | None
Melissa Bonales | None
Sainath Reddipalli | None
ADI TONANGI | None
Sri | None
Rahul Pathak | None
Anand Kumar | None
Deepak Kumar | None
Bhasker | None
Ram Kumar | None
Shailesh Pandey | None
Vignesh LS | None
Sajjad A | None
Hussain | None
Reema Yagnik | None
Stephanie Witowski | None
Aman Mishra | None
Melvin Shuler | None
Rahul | None
Akhil Dhar | None
Kevin L | None
Aaron | None
John Hiatt | None
John | None
Rosalie Tacasa | None
Jordan Webb | None
Salman K | None
Lauren Mebel | None
Scott Werland | None
Claire Edwards | None
Tray Prewitt | None
Ayushi Raizada | None
Melissa Schneider | None
Monica Johnson | None
Brian Cernosek | None
Sandeep | None
Lisa Adams | None
Jennifer Wargo | None
Hanish Singh | None
Sandy | None
Jacinta Nunes | None
P Johnson | None
Humera Fatima | None
Melissa Zizzi | None
Mary Ross | None
Denissa De Leos | None
Yashu S | None
Brenna Belardinelli | None
Gideon | None
Comptech Associates | None
Lakhbir Singh | None
Marla Stein | None
Juli Ierulli | None
Nancy | None
Jesse Caudill | None
Priyatham Kumar | None
Caitlin Barker | None
Carrie Van Loon | None
Grace Ede | None
Kelly Spencer | None
Marysa Conrad | None
Michelle Carrasco | None
Brian Romancak | None
Daniel Neil | None
Mackenzie Blankenship | None
Zane Grieve-Fitzell | None
Henry Draper | None
Jordyn Adler | None
Amanda B. Neiser | None
Jady Akhigbe | None
Daniel Fink | None
Kelly Wetter | None
Kolbe Nguyen | None
Pete Neja | None
Phil Shipos | None
Brenda Tennyson | None
Adam Robles | None
Stephan Siebold | None
Patrick McMullen | None
Aaron Williamson | None
Adam Engleman | None
Adam Rindosh | None
Alicia Bearden | None
Amaury Loaiza E. | None
Andy Wilson | None
Anna LoMonaco | None
Arissa Camel | None
Ashley Woods | None
Beau Brummel | None
Bethany DeRado | None
Brad Santoro | None
Leah McManus | None
Justin Manger | None
Amanda Sparks | None
Maham Oneil | None
Thomas Nacnodovitz | None
Coellen Camat | None
Adrianna Wurtz | None
Sydney Cain | None
Matthew Horist | None
tdaley@denovo-us.com | None
Erica Albert | None
Varun Mishra | None
Samantha Owen | None
Darcy Carpenter | None
dave.aronofsky@sapphire.com; daronofsky@bluebridgepeople.com; dave61284@yahoo.com | None
chris.byrd@byrdpros.com; crbyrd@msn.com | None
pat.munday@divurgent.com | None
ernest.culp@redoaktech.com | None
andrew.nguyen@redoaktech.com | None
tom.nacnodovitz@redoaktech.com; jerseytom23@yahoo.com | None
+1 248-854-5076 | None
mayamjacobo@gmail.com | None
coellencamat@spherion.com; coellencamat03@gmail.com | None
drianna@strategysourcellc.com; adriannawurtz@optomi.com; adriannawurtz@gmail.com; adriannawurtz@hotmail.com | None
scain2018@fau.edu; scain@stevendouglas.com | None
RFried@planet-technology.com | None
gciemny@bu.edu; gciemny@ics4.com; gciemny@gmail.com | None
gwieneke@buchanan.com; grw1@hotmail.com | None
kgiltner@misoenergy.org; kyle.giltner@yahoo.com | None
kevine@energizerec.com | None
molliebrown@optomi.com | None
karolina.bartos@sniconsulting.net | None
pat.munday@divurgent.com | None
ufishka@actalentservices.com; wendyf@corgta.com; wendyfishka@gmail.com; wendyfishka@hotmail.com | None
kgiltner@misoenergy.org; kyle.giltner@yahoo.com | None
kyle.clack@bowheadsupport.com | None
andrea@g2i.co | None
courtney.fahrun@loreal.com; cfahrun@gmail.com | None
paul@libertyjobs.com; paulsyaeger@gmail.com | None
tyler@vertexsolutionsinc.com | None
kroberts@matlensilver.com | None
albert@fueltalent.com | None
johnny.cail@curatepartners.com; b7rennsport4@gmail.com | None
sdelvalle@requesttechnology.com | None
mroscoe@medasource.com | None
Centurion | None
Robert Half | None
mokonski@iriscc.com | None
liam@hirephaze.com | None
msnider@hcr.ca | None
jesse.santo@residexsoftware.com | None
Christopher@genesysonline.com | None
sdelvalle@requesttechnology.com | None
tyler@vertexsolutionsinc.com | None
molliebrown@optomi.com | None
karolina.bartos@sniconsulting.net | None
kevine@energizerec.com | None
ted@abramstech.com | None
alex@techtrueup.com | None
tiffinyl@spiperstaffing.com | None
josephatuel@workgenius.com | None
david.knapp@roberthalf.com | None
bmorgan@albanosystems.com | None
sgormly@theintersectgroup.com | None
gilan.moussa@riospartners.com | None
Jess Schuler | None
Scott Gormly | None
Nikki Holter | None
Liam Higgins | None
Matthew Snider | None
Laura Mayo | None
Alyssa Delis | None
Chris O’Connor | None
Michael Hughes | None
Erica Franzen | None
Mike Rhodes | None
Thomas Sredl | None
Arslan Qureshi | None
Smartbridge | None
Experis | None
Summit Group Solutions | None
Silvus Technologies | None
QRC Group | None
TF Holdings | None
THC LLC | None
Marchon Partners | None
Visual Comfort | None
Talent Retriever | None
Ocean Blue Corp | None
Socode | None
Chipton Ross | None
SSG Resume | None
Mainsail Group | None
TalentAmp | None
TalentAmp | None
— | None
— | None
Corgta | None
Edison Smart | None
Walker Healthforce | None
— | None
Insight Global | None
Insight Global | None
Robert Half / Creative Group | None
— | None
GDH Inc | None
— | None
TalentFish | None
Paul May Associates | None
NextPath CP | None
OakTree Staffing | None
Summit Tech Partners | None
Jlewis | None
cforsyth@eaginc.com | None
Gabriele & Company | None
+1 646-518-4004 | None
varun.mishra@cov-technologies.com; varunlinkedin01@gmail.com; gauravmishrasit@gmail.com | None
twilson@revolutiontechnologies.com; traneisewilson1@gmail.com; traneisewilson1@yahoo.com; aliwln0002@gmail.com; wt@revolutiontechnologies.com; w@revolutiontechnologies.com; tw@revolutiontechnologies.com; teew@revolutiontechnologies.com; tee@revolutiontechnologies.com | None
denice.galeas@initiatesolutions.com | None
aphariss@paradigminfoservices.com; aaronphariss@gmail.com | None
rjackson@campbellhealth.org | None
paul@paulmayassociates.com | None
jadkins@nextpathcp.com | None
aprokopov@oaktreestaffing.com | None
rfriedman@summittechpartners.com; rfriedman1974@yahoo.com | None
cforsyth@eaginc.com; curtisforsyth@webtv.net; curtis@4syth.net | None
(603)-785-0355 | None
cameron.bowie@conspicuous.com | None
jboudreau@j-galt.com | None
paul.soderlind@procomservices.com; paul_soderlind@yahoo.com | None
chris@pure-ra.com | None
kelly.rush@vaco.com; kellyarush@gmail.com | None
gianna.battaglia@insightglobal.com; giannamb21@gmail.com | None
ashley.aust@hays.com | None
jim@techperm.com | None
elliotspudmom@yahoo.com | None
fadib@horizonmedia.com; farah.adib12@gmail.com | None
+1 503-960-7721 | None
kninfo@solutechnology.com | None
pstemarie82@gmail.com; phils@corgta.com | None
jlewis@magnitudeit.com; jeffreylewis12@gmail.com | None
izzy@sysmgmtinc.com | None
cconwell@columbiaadvisory.com | None
anilamoledina@soaltech.com; amoledina@ameritrade.com | None
mysteen.chiong@vsolvit.com; perfecteve24@yahoo.com | None
matthew.kinsman@pandesco.com | None
fabair@chcb.org; mn2608@comcast.net | None
+44 7590 074913 | None
nikki.holter@trusummitsolutions.com | None
ignacio@outdefine.com; ignacholoyola@gmail.com; jawir93@hotmail.com; ignacholoyola@hotmail.com | None
mohit.tiwari@technovion.com | None
shannon.person@empiric.com | None
josh.rainier@catapultsg.com | None
jhouston@itgllc.net | None
dmintz@jsginc.com | None
(936)-215-5722 | None
agualtieri@consultingsolutions.com | None
(214)-996-9413 | None
+81 50-5546-8082 | None
jplumer@baergroup.com | None
678-633-9451 | None
brian.stebar@cfa-supply.com | None
— | None
Horizon Media | None
Catapult SG | None
Insight Global | None
EngineHires | None
Mission Staffing | None
Insight Global | None
Hukari | None
Hukari | None
The Provato Group | None
Catapult SG | None
Experis | None
Experis | None
Experis | None
Global IT Resources | None
Experis | None
CHCB | None
CFA Supply | None
BGSF | None
BravoTech | None
Zinovo | None
CPS Comtech | None
Instant Alliance | None
Genesis10 | None
MyVisium | None
— | None
C5MI | None
Cisco | None
Procter & Gamble | None
TesoroCo | None
Robert Half | None
Kforce | None
Revolution Technologies | None
Initiate Government Solutions | None
Paradigm Info Services | None
Campbell Health | None
Insight Global | None
Vaco | None
Maryb | None
— | None
— | None
Lorien Global | None
Lorien Global | None
Lorien Global | None
— | None
TeamGTN | None
— | None
F2 Onsite | None
Culture Fits | None
— | None
Robert Half | None
Robert Half | None
Robert Half | None
Walker Healthforce | None
Walker Healthforce | None
— | None
Brooksource | None
— | None
— | None
The Intersect Group | None
— | None
TalentTap Staffing | None
Central Point Partners | None
Central Point Partners | None
Prime8 Consulting | None
Technologent | None
Delan Associates | None
Orveon Global | None
EXOS | None
Westray Capital | None
Zegna | None
— | None
BCS MIS | None
— | None
IPM | None
MARS Solutions Group | None
— | None
TMS LLC | None
TechTrueUp | None
PCG International | None
TalentPro Consulting | None
Data Society | None
ATR International | None
TTSI Global | None
— | None
The DropUp Agency | None
— | None
Concepta Innovation | None
— | None
— | None
Technovion | None
TA Process Whisperer | None
aolejnik@nescoresource.com | None
james.marsden@lombard-tech.io | None
ricardooliveira23@yahoo.com | None
rabbott@actionstaffing-group.com | ryandabbott1@gmail.com | None
grayson.collins@compass-usa.com | gcc1942@gmail.com | None
rachel@avenue45info.com | rachelmarie1686@yahoo.com | fbrcpf2@aol.com | None
mswanson@bartechgroup.com | mswanson@bartechinc.net | mswan24@aol.com | None
erica@capetalent.com | None
mrhodes38@gmail.com | apaz2879@gmail.com | None
thomas.sredl@clearancejobs.com | tomsredl@me.com | None
alyssa.eilers@healthcareitleaders.com | None
brad@nspired.io | bradmaclean@yahoo.com | bradley.maclean@charter.net | bradleymaclean@aol.com | None
julie.melendez@ex1holding.com | None
mdebastiani@walkerhealthforce.com | None
bruce@i-pharmgxp.com | rbbursey@yahoo.com | None
602-926-7320 | None
julian.zarate@lumicity.io | None
courtney.gillis@pellera.com | None
Paul Murphy Associates | None
CCI Worldwide | None
The Midtown Group | None
Vaco | None
Insight Global | None
Mitchell Martin | None
Solpart | None
Robert Half | None
RHMR | None
Hunter Harris | None
The Connors Group | None
Trick Dog Technology | None
Insight Global | None
Insight Global | None
I-Pharm GxP | None
Lumicity | None
Pellera | None
Medix | None
Luna Data Solutions | None
Brooksource | None
Testa Search Partners | None
Allied Consultants | None
Glotel | None
DNJ Recruitment Partners | None
DNJ Recruitment Partners | None
Lombard Tech | None
— | None
Action Staffing Group | None
Compass | None
Avenue 45 | None
Bartech | None
Dualna | None
— | None
ProSearch IT | None
Forgent Power | None
PMTS Incorporated | None
IA Consulting | None
Meridian Technologies | None
ProTalent Finders | None
Stanton House | None
Ryan Pags | None
Matt Vazzano | None
Marlen Vasquez | None
Matthew Labriola | None
Joshua Novekoff | None
Tristan Schulz | None
Madeline Brady | None
Pricilla Santana | None
Duane Hill | None
Madi Mitchell | None
Bethany Crabtree | None
Brent Kempster | None
Robert Schnitzlein | None
Haley D’Aprile | None
Sirisha Potluri | None
Alan Thomas | None
Madison Silverstein | None
Mackie McManes | None
Robert Schnitzlein | None
Audrey Harris | None
Hina Edrisy | None
Rick Binder | None
Gianna Battaglia | None
Kathryn Jackson | None
Jimmy Lucas | None
Sean Devin | None
Jorge Castillo | None
Gogo Nyadze Ndara | None
Megan Holstine | None
Catalina Bayger McNeely | None
Susi Hajeski | None
Kasey Paxton | None
Ari Helfman | None
Matthew Berney | None
Ashley Darling | None
Gabrielle Miller | None
Tyra Tally | None
Emma Simmons | None
Amanda McPhee Romero | None
Mike Rhodes | None
Adrianna Wurtz | None
Alyssa Eilers | None
Brad MacLean | None
Julie Melendez | None
Adam Pritcher | None
Laura Fadely Warren | None
Rachel Parsons | None
Cierra Patterson | None
Claire Requet | None
Gracie Carlson | None
Michelle Rodriguez | None
Madison di Zerega | None
Lisa Coté | None
Alex Cameron | None
Mansoor Qureshi | None
Row Similar | None
Hailey Lucia | None
Nick Palmer | None
Lorie Gironda | None
Abigail Applegate | None
David Ban | None
Bryan Volek | None
Paige Pippin | None
Max Cohler | None
Jose Luis Valverde | None
David Vieregge | None
Andrea Lee | None
Ryan Partlan | None
Devon Apel | None
Gabrielle Lewis | None
WP Dailey | None
Steve Tommingo | None
Rocio Bonilla | None
Laura Davis | None
Elaine Cardenas | None
— | None
Ashley Elliott | None
Maria Trevino | None
Jonathon Swartout | None
Mackenzie Huemoeller | None
Jose Sucupira | None
James Hatheway | None
Stephanie Kiley | None
Jermaine Jones | None
Taylor Fikes | None
Tristan Schulz | None
Ken Zinchiak | None
Courtney Powell | None
Rachel Howard | None
Dennis Ruggeri | None
Carly Grover | None
Jyoti Pandya | None
Troy Kettwick | None
Rachel Parsons | None
SynergyBC | None
Insight Global | None
Div Urgent | None
Local World Inc | None
Technology Navigators | None
PIXIE Services | None
ProSync | None
ProSync | None
Jarvis Recruiting | None
TEKsystems | None
Intellectual Capitol (ICAP) | None
Horizontal Talent | None
Matlen Silver | None
Eames Consulting | None
Horizontal Talent | None
TCWGlobal | None
Red Oak Technologies | None
Wimmer Solutions | None
RED Global | None
Inspyr Solutions | None
Unknown | None
Hukari | None
PTS Advance | None
GavinHeath | None
Unknown | None
GavinHeath | None
OmniForce Solutions | None
IT Connect USA | None
Vaco | None
Robert Half | None
Refactor Talent | None
Allied Resources | None
Unknown | None
TalentFish | None
Div Urgent | None
Market Street Talent | None
Market Street Talent | None
Robert Half | None
Ursus | None
InterEx Group | None
On Demand Group | None
Clarity Innovates | None
Zoom Internet | None
Yahoo | None
Robert Half | None
Unknown | None
On Demand Group | None
On Demand Group | None
Unknown | None
Plexlane | None
Allyon | None
Staffing Technologies | None
Custom IT | None
Owens Corning | None
Goto EIS | None
Talent Groups | None
SPS Consulting | None
Comtello | None
Avery Partners | None
Crystal Equation | None
Alpha Consulting Corp. | None
PM Solutions | None
TEKsystems | None
Tenthpin | None
TeamSoft | None
Trick Dog Technology | None
Cox Little | None
ESG Consulting | None
Sterling Engineering | None
Harnham | None
Innovum | None
KBR | None
RED Global | None
Provisions Group | None
Provisions Group | None
HeartCentrix | None
TEKsystems | None
Lawrence Harvey | None
BCT Corp | None
Endava | None
Insight Global | None
Source Technology | None
Alvinpaul1111 | None
ITMMI | None
The Judge Group | None
Sharp Decisions | None
Hikinex | None
NextSource | None
Catapult Solutions Group | None
American Contract Group | None
Selectek Staffing | None
Vanloq | None
Rylem | None
PGM Tek | None
Ascendum Solutions | None
Total-Dyn | None
TEKsystems | None
Venteon / HireTalent1 | None
Elevate Digital | None
Capaciteam | None
ProSync | None
Angela_Haskell | None
Catapult Solutions Group | None
Resolution Technologies | None
SMS | None
Consol Partners | None
Aquarius Staffing | None
Aquarius Staffing | None
Advantis Global | None
Quadrant Inc | None
Staff Smart Inc | None
CoRSource | None
Labur | None
Old Dominion Freight Line | None
Gazalv33 | None
Chamberlain Staffing | None
Odyssey Information Services | None
— | None
joshcarlos0@gmail.com; alvinpaul1111@gmail.com | None
sanjana.vunnam@itmmi.com | None
sbehrens@judge.com; spenserbehrens@gmail.com; spenser_behrens@icloud.com | None
— | None
Amanda.Pierami@insightglobal.com | None
— | None
— | None
amckissock@csicompanies.com | None
vannis.smith@insightglobal.com; vmann1234@gmail.com | None
— | None
— | None
linsei.harmon@endurance-it.com | None
pippa.susskind@hireorbitt.com | None
— | None
hbarnett@estaffllc.com | None
Laney.Aarant@insightglobal.com | None
debbie@f2onsite.com | None
michael@stone-search.com | None
jay_an@bayforce.com | None
diane.calder@roberthalf.com | None
justin.berg@rht.com | None
heather.young@roberthalf.com | None
brad@neteffects.com | None
clarissa.madajewski@codereport.com | None
ergriffi@teksystems.com | None
bolson@iriscc.com | None
— | None
sarah.barnosky@rsc.com | None
— | None
codyh@concero.com; codyheisel@yahoo.com | None
ryan.clingman@randstadusa.com | None
Cindy.Ottens@randstadusa.com | None
rcook@synergishr.com | None
Dreeves@synergishr.com | None
rjank@pcifederal.com | None
cg@tuerengroup.com | None
adrianna.parks@capstonec.com | None
— | None
owen@osiengineering.com | None
b.silva@catapultsg.com | None
mikhail.memedovich@cellainc.com | None
skarimova@stealth-staffing.com | None
iokonya@revolutiontechnologies.com | None
abigail@enginehires.com | None
matt.sweeney@tenthpin.com | None
— | None
— | None
rrediger@nextsource.com | None
shanecmcginley@gmail.com | None
rourke.flynn@catapultsg.com | None
anna.higgins@stottandmay.com | None
kevin@americancontractgroup.com; kevin@voyagerpower.com | None
cjohnson@bct-corp.com | None
cstaffing@selectek.com | None
sean@vanloq.com | None
kevinp@pgmtek.com | None
chuck.delorean@ascendum.com | None
ritchie@inoltra.co | None
michele@total-dyn.com | None
duchurch@teksystems.com | None
— | None
nick.aide@insightglobal.com | None
— | None
gndara@hollstadt.com | None
lmartinez@firstpointgroup.com | None
— | None
clark@oceanbluecorp.com | None
— | None
cmackzum@medasource.com | None
paige.pippin@capstonec.com | None
tmoya@peoplecaddie.com | None
victoria.mao@roberthalf.com | None
bthomas@chamberlainstaffing.com | None
aduz@vitaver.com | None
frankie@silversearchinc.com | None
amckissock@csicompanies.com | None
jeremae.acapulco@ondemandgroup.com | None
jgattis@gdhinc.com | None
btennyson@theintersectgroup.com | None
kimberlee.williams@visionairepartners.com | None
s.janosz@cellainc.com | None
jack.macaluso@insightglobal.com | None
— | None
cs b ushorr@yahoo.com; chris@coxlittle.com | None
lbrennan@esginc.com | None
rudy@odysseyis.com | None
crogers@brooksource.com | None
afroeschke@crystalequation.com | None
— | None
sdowling@planet-technology.com | None
laney.aarant@insightglobal.com | None
jered@addmoregroup.com | None
gianna.battaglia@insightglobal.com; giannamb21@gmail.com | None
ian.brown@stottandmay.com | None
lelser@brooksource.com | None
cmorgan@hctec.com | None
jgattis@gdhinc.com | None
bryan.blair@gqr.com | None
mj.terranova@pt-corp.com | None
chris.bricker@appliedrg.com | None
stephanie@itrgroup.com | None
sarahhiggins@premierstaffingpartners.com | None
s.logan@brunel.net | None
josephmorrison@pentaconsulting.com | None
corourke@capaciteam.com | None
aaketel@prosync.us | None
ellend@cci-worldwide.com | None
awesomedudeomg5@gmail.com | None
info@paulmurphyassociates.com | None
david@themidtowngroup.com | None
— | None
cierra.patterson@gqr.com | None
bbenabe@conv.com | None
kbarham@trickdogtechnology.com | None
jt.driscoll@trickdogtechnology.com | None
shanelewis@hiretalent1.com | None
steve@elevate-digital.com | None
matt.mcgovern@trickdogtechnology.com | None
Alex Jury | None
Tony Kluck | None
R Demer | None
S B Bennekemper | None
Nicolas Coles | None
Teresa Tolsen | None
Joe Maynard | None
Bobbi Williams | None
Niko Antushevich | None
Soul Newel | None
Patrick Waites | None
Lorenzo Asnaghi | None
Christine Welty | None
Catrina Hairston | None
Jim Goldfarb | None
Keeley Lesch | None
Aman Padam | None
Allison Jorgensen | None
Chris Colla | None
Tom Reichwein | None
Scott Roberson | None
Jason Green | None
Jeremy Blough | None
Amy Lovelace | None
Tyler Voller | None
Jonathan Kim | None
Christa Bando | None
Ian Rockers | None
Judi Baldini | None
Lucca Giannini | None
James Friesen | None
Shelley Casino | None
Daniel Sullivan | None
Scott Reagan | None
Stephanie Prattson | None
Kyle Vyas | None
Kim Cohen | None
Chris Mullen | None
Michael Hammer | None
Laura King | None
Felipe Cabrera | None
Lori Wohl | None
Taylor Jensen | None
Ashley Bender | None
Margaret Sherman | None
Wanda Melendez | None
Zarine Omran | None
Katrina Jackson | None
TJ Hazinsky | None
Chelsea Russo | None
Justin Jurgensen | None
Daniel | None
Leah L | None
Rachel Harris | None
Sarah Higgins | None
Clayton Jackson | None
Greta Hazer | None
Wendy Pearce | None
Marisa Brady | None
Ella Blank | None
Megan McCann | None
Gabrielle Bell | None
Bill Engel | None
Angelica Carroll | None
Brandy Todd | None
Theresa Sanchez | None
Miranda Ferrara | None
Alyssa R | None
Camille Fabre | None
Lindsey Rardin | None
Joel Moore | None
Amy Caffrey | None
Dave Aronofsky | None
Courtney Greer | None
Lara Schramm | None
Thomas Phillips | None
Erin Voigt | None
Scott Smith | None
Kristin Zeigler | None
Shaye Fata | None
Michael Nazarian | None
Jenny Baek | None
Mark Smith | None
Cristian Molina | None
Bill Carroll | None
Stephanie Gustafson | None
Gabrielle Miller | None
Jack Massion | None
Kara Anzaldua | None
Sal Nicosia | None
Penny | None
Reghan Amoroso | None
Elizabeth Ambrose | None
Simran Kour | None
Chris Randall | None
Hollyn R | None
Anita Olejnik | None
Scott W Hause | None
Adi Perez-Galindo | None
Gabriella Ciemny | None
Dee Song | None
Daniel Pockat | None
Ali Provos | None
Brian | None
Jeff Williams | None
Morgan Sagan | None
Jubin Sherwin | None
Leah Martinez | None
Katie Reij | None
Lucie B | None
Andrew Clinkman | None
Dhylan | None
Sarah Manning | None
Jodi Cupo | None
Frances Burke | None
Nick Averna | None
Jim Loizzi | None
Tanuka Mustafi | None
Carlton Eccleston | None
Porter Johnson | None
Rick Maddock | None
Jeremy Skinner | None
Ebrahim Sulaiman | None
Ryan Hinterleiter | None
Brittany Kirkpatrick | None
Daniel Hauser | None
Sadie Guest | None
Cheryl DeSomma | None
Lorraine Dispensa | None
Kyli Streppa | None
Holly Pickering | None
Brigid Kelly | None
Tyson S | None
Wayne Federation | None
Tommy Lambert | None
Gary L | None
Ted Ko | None
Chase Lovett | None
Jennifer Nickell | None
Carli Powell | None
Christopher Horoschak | None
Kit Puls | None
Kara Cooper | None
Jack Courtney | None
Geena Toscano | None
Dave Bloomquist | None
Andy Gurbal | None
Heidi Dalibor | None
Byron Hutchinson | None
Georgianna Downing | None
Brian S | None
Denise Santos | None
Alex Vargas | None
Aubrey Laverty | None
Kennon Golden | None
Haley Coppes | None
Eva Bonsey | None
Connor Austin | None
Davy Nance | None
Monique Dorset | None
Darren Fleming | None
Jasmine Ang | None
Ryan Sloan | None
Scott Tener | None
Mike Vass | None
Christine Peak | None
Marlene Bauer | None
Catherine Williams | None
Geoff Smith | None
Jessica Weizer | None
Shannon Kennedy | None
Leo Oliveira | None
Katelyn Hubbard | None
Victoria Glunt | None
Megan Stewart | None
Zack Belk | None
Cathy Cartwright | None
Caroline Pendley | None
Myra DeLuca | None
Mariana Ham | None
Doug Bodel | None
Jordan Guttridge | None
Kevin Godfroy | None
Matt McGovern | None
Drew Hansen | None
Heidi Bauman | None
Jeffrey Schleyer | None
Sarah Unowsky | None
Denise Eder | None
Martin Metz | None
John Escobedo | None
Kelly Ludlow | None
Alyssa Mastrangelo | None
Aly Reinhard | None
Michele Smith | None
Megan Meek | None
Chris Simmons | None
Jonathan Brainard | None
Brad Mackey | None
Stacey Spezzano | None
Ellen Lerner | None
Joseph Morrison | None
Cathryn Villanueva | None
Jay Singh | None
Eric Peterson | None
Liz Walker | None
Jenna Rimland | None
Adrianna Hailey | None
Melissa Witt-Werner | None
Name | None
Kaitlin Gearin | None
Garrett Saparnis | None
Kellie Thompson-Weber | None
Link jonathan.brainard@speridian.com   518... by Yatin Rawat | None
efasyed@techtammina.com | None
+13217651334  ggluck@captivatestaffing.com ... by Yatin Rawat | None
+12028874747   dstefan@themidtowngroup.com ... by Yatin Rawat | None
dwstefan@gmail.com | None
davidstefan@gmail.com | None
malayadas@hire-score.com   malayadas@gmail.... by Yatin Rawat | None
malayadas@gmail.com | None
vzait@techlink.org | None
martin.strazdins@pacificdataintegrators.com | None
jacquiv@emergentstaffing.net | None
kelly.cirella@fticonsulting.com | None
wintersnate189@gmail.com Link nate.winters@... by Yatin Rawat | None
nate.winters@techead.com   +16103089436   Nathaniel Winters | None
kathy.goncalves@adecco.com | None
+19293499773       David Walsh      Limelight       david@limelighthq.com | None
david.walsh@ucd.ie | None
djwalsh4@gmail.com | None
craig.jocher@centricconsulting.com     jon@... by Yatin Rawat | None
jon@bluecloudinnovation.com | None
kim.mordenoliver23@gmail.com | None
+1 917-363-0180  alan.farhi@dppit.com Link ... by Yatin Rawat | None
alanfarhi@hotmail.com  Alan Farhi | None
+1 336-473-3608      Rabun Enterprise Solutions     Thomas M       thomas.marshall@rabunenterprisesolutions.com | None
Shane Sasnow        shane@enginehires.com | None
mjtgarcia@ledgent.com | None
jk@sbscreatix.com   msjackiekim@gmail.com  ... by Yatin Rawat | None
msjackiekim@gmail.com | None
clunsford@psrassociates.com     Link collin... by Yatin Rawat | None
collinlunsford@gmail.com   +18283906988 | None
ashlee.larkin@nextovation.com Primary Busin... by Yatin Rawat | None
+1 309-830-6858  lindsay.heaton@insightglob... by Yatin Rawat | None
+1 309-830-6858  lindsay.heaton@insightglobal.com  Lindsay Heaton | None
+16467727515  Angela Adriana Ramirez   +13476706079      angela.ramirez@chubb.com | None
+1 817-225-0678    lizadgtol@gmail.com  Li... by Yatin Rawat | None
kate.lay@vc5consulting.com | None
kate.l@rekruitersjobs.com | None
maugustinsky@partners-consulting.com     mi... by Yatin Rawat | None
michele2337@gmail.com | None
Rachel S------ Senior Techncial Recruiter   Access Data Consulting Corporation rsheridan@adcc.com +1 (720) 800-4112 | None
+15712500972   Joseph Paez   joseph_paez@oxfordcorp.com | None
gabe.godbe@kestait.com | None
austin.vaughan@pulsesystemsinc.com | None
Ally McKissock  amckissock@csicompanies.com... by Yatin Rawat | None
Ally McKissock  amckissock@csicompanies.com  +1 248-535-7300 | None
Mika Guillen  Sales Associate  mguillen@cle... by Yatin Rawat | None
+14084729964   dmfierros@gmail.com Link mdo... by Yatin Rawat | None
tony.williams@catapultsg.com | None
Gainwell Technologies	Holly Claymon	 	Holly.Claymon@GainwellTechnologies.com	509-331-5874 | None
ktboo330@gmail.com kaitlynmccoy15@yahoo.com... by Yatin Rawat | None
kaitlynmccoy15@yahoo.com | None
shannash@hotmail.com | None
kaitlynnicholas@michaelpage.com Kaitlyn Nicholas | None
bmacpalmyra@gmail.com brad.mackey@dataquest... by Yatin Rawat | None
bradlee.mackey@cai.io | None
brad_mackey@compaid.com Brad Mackey | None
Jim  Bright  Jim Bright    jim.bright@gtnte... by Yatin Rawat | None
Jim  Bright  Jim Bright    jim.bright@gtntechnicalstaffing.com  (214) 996-9423 | None
hwilson@consultrcg.com Primary Business・So... by Yatin Rawat | None
jbright@teamgtn.com by Yatin Rawat | None
+15103876296 ttai@arlo.com    Link Trent Ta... by Yatin Rawat | None
mjacobo@beaconhillstaffing.com   mayamjacob... by Yatin Rawat | None
mayamjacobo@gmail.com   +17737825097      Mayam Jacobo | None
elizabeth_fitzpatrick@live.com     +1703888... by Yatin Rawat | None
+12037464159 Ashley Andreasen ashley@crossfireconsulting.com | None
+15514977356   Stephen Spazante     sspazante@draftpointinc.com | None
sjs18221@gmail.com | None
sspazante@yahoo.com | None
+19513336339  Valerie Montoya    Robert Half Technology valerie.montoya@rht.com  Valerie M    valerie.montoya@roberthalf.com | None
+18109310454  Thomas Walsh    twalsh@staffordgray.com        Stafford Gray, LLC | None
Kelly Rush  kelly.rush@vaco.com; kellyarush... by Yatin Rawat | None
thammack@pomeroy.com,Timothy Hammack +18602... by Yatin Rawat | None
+19197868497 Michelle Phan   michelle.phan@insightglobal.com | None
Direct: 781-997-5272   mburke@grgc.com | None
kmarion@compri.com,Kristen Marion   3363106... by Yatin Rawat | None
Merry Cariaga  Robert Half  merry.cariaga@r... by Yatin Rawat | None
+16097758585   joanne.piscopo@centurio ncg ... by Yatin Rawat | None
+16097758585   joanne.piscopo@centurioncg.com  Joanne Piscopo | None
erin.jenkins@insightglobal.com | None
tyler.wagner@motionrecruitment.com,Tyler Wa... by Yatin Rawat | None
Elizabeth Smith  Allied Resources  esmith@a... by Yatin Rawat | None
Daniel Stewart Executive Recruiter   CyberCoders dan.stewart@cybercoders.com +1 (424) 276-8046 | None
Oliver Shaw Recruitment Consultant - DevOps & Cloud   Lorien oliver.shaw@lorienglobal.com +44 7494 596334 | None
Lila.seirsdale@gravityitresources.com | None
+18018425262  Christian Hicks    christian.hicks@turnerstaffing.com | None
Link percy@aprhr.com    Percy Divine      ... by Yatin Rawat | None
gina@mvpconsultingplus.com, Gina    +1508... by Yatin Rawat | None
james.green@envision.com | None
SheRecruits Katrina Jackson kjackson@sher... by Yatin Rawat | None
wslawson42b3j@gmail.com | None
mrjzn@msn.com | None
catlubey@yahoo.com | None
shaune.recruiter@startechnetworks.com     L... by Yatin Rawat | None
sbstartechnetworks@gmail.com      Shaune Recruiter | None
+13013319242  Link kellie.thompson-weber@21... by Yatin Rawat | None
Joseph Morrison  josephmorrison@pentaconsul... by Yatin Rawat | None
Jenna Rimland at J.rimland@firstproinc.com... by Yatin Rawat | None
+15617665840 Link adrianna.hailey@oscar-re... by Yatin Rawat | None
Angelo Giannini Manager and Teacher  Disqualified   Lucca Italian School angelo@luccaitalianschool.com +39 377 108 8936 | None
dbgmichele@gmail.com | None
joshea@dewintergroup.com | None
mmckeon@dewintergroup.com | None
Kara Selsman    kselsman@vortexconsulting.n... by Yatin Rawat | None
SHR Talent Mackie McManes mackie@shrtalen... by Yatin Rawat | None
+15133102407    christine_peak@oxfordcorp... by Yatin Rawat | None
mkbauer92@gmail.com | None
luvgrvytunz@yahoo.com | None
Convergenz Cliff Goldberg   cgoldberg@con... by Yatin Rawat | None
Harrison Clarke Leo Oliveira   leo@harris... by Yatin Rawat | None
jclayton@technicalsource.com     jordanclay... by Yatin Rawat | None
jordanclayton704@gmail.com | None
Erika Alminas ealminas@strategicstaff.com... by Yatin Rawat | None
Matt McGovern  matt.mcgovern@trickdogtechno... by Yatin Rawat | None
Radnor Consulting  David Curry    david@rad... by Yatin Rawat | None
CRG LaShawnna Shively Lshively@getcrg.com... by Yatin Rawat | None
CRG Search	Ty Miller	 	tmiller@getcrg.com	937.681.5061 | None
Albert Strong | None
Brian Samela | None
Email | None
mel.shaver@primetherapeutics.com | None
arielle.manzo@stottandmay.com | None
bgravelsins@mainsailgroup.com | None
marissa.rosner@zebra.com | None
joy@staff-tech.net | None
melanie.gillot@tek-connexion.com | None
stephanie.kiley@insightglobal.com | None
abarragan@horizontal.com | None
mhay@horizontal.com | None
rhelsel@horizontal.com | None
laney.aarant@insightglobal.com | None
doug.irwin@delawareconsulting.com | None
mstoner@hollstadt.com | None
jessica.barrios@gts-ts.com | None
nlock@kforce.com | None
mcalkins@marketstreettalent.com | None
akash.pandey@pyramidci.com | None
gurvir.singh@turnberrysolutions.com | None
natalie.dewitt@motionrecruitment.com | None
jrives@workforce-connections.com | None
tbertalot@apexsystemsinc.com | None
lglennon@blocglobal.com | None
nathaniel.white@curatepartners.com | None
kwallace@vaco.com | None
kallen@vaco.com | None
awilkinson@vaco.com | None
tmullins@guidehouse.com | None
davidf@colaberry.com | None
tom@unicohire.com | None
alexa.pautrat@gravityitresources.com | None
lana.buchbinder@mondo.com | None
crobbins@strategicstaff.com | None
arielle.manzo@stottandmay.com | None
kim.griffin@systemone.com | None
16102852246 | None
19032713431 | None
12157963748 | None
4632307720 | None
nlock@kforce.com | None
16177338332 | None
15185774771 | None
12482196354 | None
ross@itsmsolutions.co.uk | None
jeremychavis1@yahoo.com | None
14847160498 | None
steven@sabrhub.com | None
7814643610 | None
18037678653 | None
18124558917 | None
abailey@bfiverecruiting.com | None
tmullins@guidehouse.com | None
17143290166 | None
katelynn.ramos@birkenstock.com | None
cree@cayusetechnologies.com | None
19725678814 | None
17634286393 | None
giardy.babila@hcmscg.com | None
robert.schilk@gstiusa.com | None
cscott@cos-kc.com | None
16308532589 | None
18054502540 | None
12153807687 | None
bwilliams@senecahq.com | None
12676145384 | None
12142543945 | None
19097285420 | None
amanda.creech@hays.com | None
14049899271 | None
15639200338 | None
sglowatz@yahoo.com | None
lburkle@strategicstaff.com | None
ciaranbrown@harnham.com | None
mvargas@axiompath.com | None
19407351000 | None
19085203918 | None
15025092509 | None
19256992932 | None
jdhoffman@outlook.com | None
18135245599 | None
15038058828 | None
cameron.roussel@brightedge.com | None
tcamara@bayforce.com | None
14348322405 | None
16464274736 | None
19132005448 | None
14234044312 | None
14342588492 | None
18174489208 | None
stacey@amarx.com | None
jeff@southsix.com | None
rsubramanya@belcan.com | None
19044129362 | None
16614686097 | None
18016383034 | None
mike.haake@anser.org | None
9177406840 | None
19416262430 | None
shannonm@thefountaingroup.com | None
17372093370 | None
16109276655 | None
spebbles@imaginestaffing.net | None
17863676615 | None
15164242249 | None
areluzco@tpgnyc.com | None
tom.cowan@eamesconsulting.com | None
17576457806 | None
caleraby@optomi.com | None
keenan.george@turnberrysolutions.com | None
skouz@prairieinc.com | None
16462207469 | None
19738689367 | None
8783021231 | None
melindadurr@gmail.com | None
benji.rountree@cloudstaffingpro.com | None
15073292097 | None
kathy.landeros@loginconsult.com | None
jyu@dewintergroup.com | None
alex.clayton@lingatech.com | None
azarlengo@cypresshcm.com | None
jvetter@consultnet.com | None
brooke.meyers@lingatech.com | None
ruth.lozano@tandymgroup.com | None
kmcgrath@inceed.com | None
aretzlaff@brooksource.com | None
nmartens@inceed.com | None
ndavenport@inceed.com | None
kgrenger@brooksource.com | None
brett@archonresources.com | None
kmcmillan@inceed.com | None
mscott@brooksource.com | None
lgraves@inceed.com | None
stacey.moore@systemoneservices.com | None
bcatania@delphi-us.com | None
abroughton@delphi-us.com | None
14013674760 | None
ssperry@delphi-us.com | None
16328348434 | None
connor.ness@nicollcurtin.com | None
14046001163 | None
12032324186 | None
jasonz@globalsourceit.com | None
karyn.elrich@randstaddigital.com | None
ngeocaris@epitec.com | None
jhopwood@atrilogy.com | None
eric@districtpartnersllc.com | None
lshields@epitec.com | None
hkirkpatrick@gsquaredgroup.com | None
Benjamin Haymaker | None
Kristen McGrath | None
Teri Rivers | None
Jessica Fuleky | None
Joey Dhillon | None
Drew Stewart | None
Karsen Pierce | None
Shayne Medina | None
Keaton Baker | None
Adelyn Rose | None
Heidi Duffin | None
Gina Matteson | None
Cyndi Gravelsins | None
Tiffany Thomasson | None
Lewis Thompson | None
Dee Smith | None
Scott Barden | None
Joshua Molina | None
Courtney Wells | None
Christian Quibuyen | None
Colby Powers | None
Brad Swanger | None
Tara Carr | None
Pippa Susskind | None
Kimberly Krug | None
Lindsey Daniels | None
Natalie Inchiosa | None
Josh Novekoff | None
Charlotte Bening | None
Paul Miller | None
Robert Della Porta | None
Nadia Di Giulio | None
Beth Lins | None
Michelle B | None
John Carey | None
Coellen Camat | None
Nick Kroll | None
Lisa Murtha | None
Liz Cogliano | None
Alex Stokes | None
Mary Gallian | None
Kyle Johnson | None
Shelli Mixson | None
Christina S | None
Liesl Coates | None
Antony Paul | None
Ryan Palmer | None
Steven Diez | None
Meredith Szrom | None
Mackenzie Coats | None
CJ Shonnard | None
Dave Van Conant | None
Kayla Rupp | None
Elise Kohnke | None
Veronica Clerveau | None
Brad Vande Kieft | None
Chris Chomic | None
Brandon Johnson | None
Jillian Myers | None
Lindsey Zuzich | None
Frank Cobo | None
Grady Matter | None
Stephanie Collins | None
John Briggs | None
Cindy Yara | None
Ted Tang | None
Tony Chin | None
Michael Moore | None
Kennady Spurrier | None
Tyler Zarbo | None
Andrew Marestaing | None
Scott Weber | None
Sophie Romano | None
Sara Giergielewicz | None
John Carbone | None
James Toribio | None
Courtney Goodwin | None
Ian Zweigle | None
Kimberly Cook | None
Cameron Little | None
rabbott@actionstaffing-group.com | None
gciemny@ics4.com | None
+1 (678) 436-3428 | None
cblack@makopros.com | None
rviquiera@estaffllc.com | None
jweber@matlensilver.com | None
dorian.mastrogany@growthassistant.com | None
EScrivner@BravoTech.com | None
tyler.wagner@motionrecruitment.com | None
sejal@tekniforce.com | None
garrett.ortega@scalian.com | None
Richard@Oriongrps.com | None
jon@oriongrps.com | None
c.okane@firstproinc.com | None
labsolom@redglobal.com | None
cokane@alliedresourcesstaffing.com | None
13096575309 | None
sweeney@pmsolutions.com | None
maggie@harrisonpaint.com | None
jgoodwin@csahartford.com | None
17699262353 | None
kwilliamsmueller@creativecircle.com | None
e.nolan@interex-group.com | None
17026300471 | None
alice.soloman@creospan.com | None
alice@istellarpro.com | None
+1 218-769-7160 | None
+1 734-945-5617 | None
17042301706 | None
andys@globalsourcecollective.com | None
+1 (612) 512-7935 | None
pgwabbe@gmail.com | None
16122328978 | None
cdavis@redglobal.com | None
hcapstick@inceed.com | None
kschneider@strategicstaff.com | None
laura.hagan@systemone.com | None
daniel.falk@myskysys.com | None
14156649901 | None
15717306512 | None
12182594315 | None
bnava@wheelersp.com | None
18486684043 | None
16036371466 | None
16037722700 | None
hheyliger@senecahq.com | None
bfoti@accoy.com | None
12158318778 | None
michaeldevita@harnham.com | None
krupp@brooksource.com | None
lorraine@itrgroup.com | None
medwards@provisionsgroup.com | None
mupton@ecommquest.com | None
jmanalel@naylor.com | None
Huzaif.syed@intellibus.com | None
810-919-2191 | None
alfie@tact-it.co.uk | None
tmixon@formotiv.com | None
oscar.saadet@lafosse.com | None
shardat@teemagroup.com | None
12024687367 | None
610-704-8663 | None
15072734173 | None
larry.williams@pt-corp.com | None
bjones@matlensilver.com | None
sales@candttech.com | None
13034385774 | None
ryan.robinson@insightglobal.com | None
19143092363 | None
14802758700 | None
12535148130 | None
nicole@neteffects.com | None
sclements@planet-technology.com | None
19018287851 | None
julies@isoftstone.com | None
taylor.johnson@kellymitchell.com | None
rhoffner@judge.com | None
12154104239 | None
talh552@kellyservices.com | None
devon.tirella@mondo.com | None
lchambers@avtcgroup.com | None
juanj@redsky-consulting.com | None
19015811111 | None
mhuerkamp@mmdtech.com | None
15106905455 | None
sharrell@inceed.com | None
morganbrown@searchbizathletes.com | None
khaag@continuumhit.com | None
labsolom@redglobal.com | None
jlewis@marathonts.com | None
18014327514 | None
drew.caplan@alpinesolves.com | None
14084838809 | None
niko@cgcsinc.net | None
ndelima@techlinksystems.com | None
johanna.t@element-staffing.com | None
recruit20@cube-hub.com | None
paul.cauthen@nttdata.com | None
17742192901 | None
16106536605 | None
billee.krupnick@tandymgroup.com | None
thill@medasource.com | None
kgrenger@brooksource.com | None
peter.matuszak@akkodisgroup.com | None
luke.vaughn@roberthalf.com | None
mike.moenter@baldwin.com | None
mbaldwin@geologics.com | None
kkiper@eliassen.com | None
gyovan@eliassen.com | None
dhiller@eliassen.com | None
fperkins@delphi-us.com | None
suzanne.davis@swipejobs.com | None
blerma@pavetalent.com | None
melkins@ettaingroup.com | None
rdellaporta@judge.com | None
diane.vogel@tekstream.com | None
abeatty@genuent.com | None
april.beatty@ebsrecruiting.com | None
rachel.dopson@state.mn.us | None
rachel.frumkin@systemone.com | None
ddibella@24seveninc.com | None
jessica.viola@mondo.com | None
jack.scott@cloudhive.ai | None
ana.feltrin@libri.works | None
jgattis@gdhinc.com | None
kevin.morse@pomeroy.com | None
alexa@cgcsinc.net | None
bgranger@profocustechnology.com | None
agaravaglia@creativecircle.com | None
17136648869 | None
ariel@atstaffing.net | None
j.matthews@thex4group.com | None
samanthakozak@gmail.com | None
l.thorpe@x4engineering.com | None
bbloom@eliassen.com | None
michael.foley@gdit.com | None
sean.merryman@rewardstyle.com | None
Bob Turek | None
gauri.razdan@docker.com | None
Company | None
Randstad USA | None
Heartland | None
Turnberry Solutions | None
OpTech | None
ProRec Resource Solutions | None
Inceed | None
A-Staff | None
Open Systems Technologies | None
Landing Point | None
GTN Technical Staffing | None
Altamira Corp | None
Sciata | None
Tactacam | None
ITR Group | None
Milestone Technologies | None
Experis | None
Visionaire Partners | None
Women Impact Tech | None
Chipton Ross | None
Neos Consulting | None
Curate Partners | None
Dahl Consulting | None
KellyMitchell | None
CBTS / Vernovis | None
Talent International | None
Brooksource | None
Insight Global | None
Visionaire Partners | None
Experis | None
Stratfield Consulting | None
Peoplelink Staffing | None
Optomi | None
Swoon Staffing | None
Redbock | None
CB Burnet | None
CB Burnet | None
Franklin Fitch | None
Brooksource | None
Honeywell | None
Insight Global | None
Intelliforce-IT Solutions Group | None
Horizontal Talent | None
Magnitude Technology Services | None
Convey | None
Turnbridge Technical Solutions | None
MTech Systems | None
Monicacoulter15 | None
ECS Limited | None
Vacaré Group | None
Robert Half Technology | None
Experis | None
MY RECRUE | None
Optomi | None
Impact to Health | None
Insight Global | None
Experis | None
Applied Digital | None
The Phoenix Group | None
320 Staffing | None
Dahl Consulting | None
Brixton | None
System One | None
New Resources Consulting | None
Kansys Staffing Group | None
Brooksource | None
Innovien | None
ConsultNet | None
Korn Ferry | None
Asponte Technology | None
Wiverse | None
The Gathering Spot | None
Convey Health Solutions | None
Converge Technology Solutions | None
Entegee | None
Stack Builders | None
Method360 | None
Magnitude IT | None
Eliassen Group | None
SimVentions | None
Peoplelink Staffing | None
Workflow Resources | None
Spencer Ogden | None
Redbock | None
TechLink Systems | None
TechLink Systems | None
DraftPoint | None
Storage Asset Management | None
Carnival Cruise Line | None
BMark ITS | None
Visionaire Partners | None
Klearlink | None
Insight Global | None
New York Technology Partners | None
GSquared Group | None
PSI | None
Kforce | None
Catapult Staffing | None
Procom Services | None
Vega Consulting Solutions | None
NTT Data | None
Insight Recruitment | None
Red Oak Technologies | None
Robert Half | None
IDI Consulting | None
Harnham | None
Solving IT | None
Creative Information Technology | None
Camblin Steel Service | None
The Judge Group | None
Spherion | None
Protingent | None
Franklin Fitch | None
Per Scholas | None
Piper Companies | None
SGA | None
Strata FSC | None
SGA | None
Quest Defense | None
frank.kozar@pinnakle.net | None
Craft Solutions, Inc | None
SMX Services & Consulting, Inc. | None
Aero_027 | None
Randstad Digital | None
Calculated Hire | None
Comm Tech MSP Inc | None
Kforce | None
Lafayette Group | None
NREC | None
Vaco | None
Bechtel | None
OtterBase | None
Mphasis | None
Kavaliro | None
DataStaff | None
Motion Recruitment | None
Roth Staffing | None
Kse24 | None
Aquent | None
The Fountain Group | None
Brooksource | None
Brooksource | None
System One | None
Goldman WMS | None
SkillStorm | None
Archon Resources | None
InSync Staffing | None
TM Floyd & Company | None
TM Floyd & Company | None
Bartech Staffing | None
Primary Talent Partners | None
Allied Resources Technical Consultants | None
Jwerner1956 | None
CRB Workforce | None
Cynthia_Reason | None
Eliassen Group | None
Gebbs Consulting | None
Seneca Resources | None
M&S Consulting | None
Kinetix | None
The Planet Group | None
IntePros | None
Flex Employee Services | None
Consulting Solutions | None
12142156205 | None
Collabera | None
EPITEC | None
Randstad Digital | None
SMX USA | None
Randstad Digital | None
Optomi | None
The Planet Group | None
Agility Partners | None
Allied OneSource | None
Whitehall Resources | None
Optomi | None
Airswift | None
Brooksource | None
Cresset Capital | None
Prosource IT | None
18048405866 | None
Primary Talent Partners | None
Gravity IT Resources | None
Motion Recruitment | None
DeWinter Group | None
18183470049 | None
firstPRO, Inc | None
A-Line Staffing | None
NextDeavor | None
LABB | None
Insight Global | None
Trevorrohlman | None
SMX Services & Consulting, Inc. | None
Comm Tech MSP Inc | None
Lafayette Group | None
Doug King | None
Judy Mackesy | None
Letícia Pereira | None
Clayton D | None
Lauren Forte | None
Zach Layer | None
Andie VonHandorf | None
Kayla Stiles | None
Juliann Cruikshank | None
Eric S | None
Winston Joseph | None
Bradley Granger | None
Alexis Abbott | None
Al Wolf | None
Peter | None
Atef Ben Said | None
Brendan Duffy | None
Preslie Bruce | None
Cheryl Hanes | None
Lauren Wilson | None
Annie Martyn | None
Hunter Courson | None
Jordan Orlando | None
David Ho | None
Christopher Diaz-Carini | None
Laura VanWingerden | None
Dan Hauser | None
Haley McGurk | None
Brennan Lantz | None
Ashley Harmon | None
Adriel Cohen | None
Amelia Weishahn | None
Olivia Wendel | None
Taylor Gates | None
Adrian Young | None
James Palubinski | None
Elizabeth Florido | None
Calvin Bates | None
Kyle Stock | None
Mia Harpster | None
Megan Mazzo | None
Ben Farsolas | None
Abbey Boardman | None
Sam Judeh | None
Savannah Mansfield | None
slee@emergentinc.com | None
kalafghani2001@gmail.com | None
benmckenzie@hydrogengroup.com | None
lucy@qualstaffresources.com | None
cwelky229@gmail.com | None
joshuajgraham3@gmail.com | None
aortiz@tekpartners.com | None
nicole@lrsolutions.net | None
abbey.boardman@talentgroups.com | None
bewald@cfstaffing.com | None
selahboughner@optomi.com | None
plushk@synerqeticsww.com | None
tahrens@missionstaff.com | None
sidney.stanger@tgfederal.com | None
ali.osija@santcore.com | None
lmooney@troy-consulting.com | None
ccoons@madisondavis.com | None
cwitham@daviscos.com | None
bcatubay@apcinc.com | None
jobrien@opensystemstech.com | None
17036628201 | None
+1 610-246-4980 | None
17325010615 | None
liana.rubinstein@idexx.com.br | None
19147991450 | None
dentons@cdw.com | None
dschmid@madisondavis.com | None
kdowd@aerotek.com | None
tsharma@joineei.com | None
abby@truteamstaffing.com | None
17033093096 | None
mary.schadler@mondo.com | None
17702963117 | None
lauren.mulroy@letitshinenow.com | None
ccritelli@joineei.com | None
joanne@centurioncg.com | None
kristin.raymond@gravityitresources.com | None
17852203833 | None
glory@lussotech.com | None
andre@mault.ai | None
gabe.godbe@kestait.com | None
ayadav@citi-us.com | None
jfriedman@daleyaa.com | None
bryce.law@pomeroy.com | None
aly.agbada@agilitypartners.io | None
hkadron@guildmortgage.net | None
lily.amoroso@brooksource.com | None
rmccarrick@abacusgroupllc.com | None
ngathoga@pixie-services.com | None
melissa@tricomgroup.com | None
agrant@cypresshcm.com | None
jbenson@accoy.com | None
rveltri@bluomega.com | None
erika.ham@aptonet.com | None
celeste@pmopartners.com | None
smerriman@digitalprospectors.com | None
mlove@evolversgroup.com | None
jbloom@cyperusgroup.com | None
calvara@calstart.org | None
rjank@pcifederal.com | None
bjones@matlensilver.com | None
lisa@connecttalentsolutions.com | None
james@everestkc.net | None
nrenkema@fuse3solutions.com | None
brittany.brown@kellyservices.com | None
briansmith@optomi.com | None
15183686076 | None
l.olney@execusource.com | None
j.pidgeon@execusource.com | None
jacobr@gygaforce.com | None
dsierra@avservices.net | None
c.shotter@franklinfitch.com | None
b.makepeace@franklinfitch.com | None
craig.mccollum@cerecore.net | None
christine@viragosearch.com | None
jacks@div-sol.com | None
mmegery@beaconhillstaffing.com | None
ritasha@crescentstaffing.ca | None
max.pawela@outlook.com | None
tommy@bridgeviewit.com | None
rrende@brightedge.com | None
max.galipeau@akkodis.com | None
l.parkinson@franklinfitch.com | None
mtoohey@contractstaffingrecruiters.com | None
kpare@24seveninc.com | None
justin@bridgeviewit.com | None
daniel@alphasearchadvisor.com | None
zack.ward@ic-resources.com | None
kboone@eccoselect.com | None
dnicklas@sbscreatix.com | None
adam@techhuman.com | None
rtoscano@theintersectgroup.com | None
tamt@jeffreym.com | None
tdavis@alinestaffing.com | None
c.adams@huxley.com | None
cwhite@bgsf.com | None
mcasey@verigent.com | None
kelly.tuck@pmtsincorporated.com | None
craig@craigruhland.com | None
loui.cowles@vividresourcing.com | None
james@fuseglobal.com | None
tchu@mbg.com | None
niroshan@georgiait.com | None
cbeasty@judge.com | None
ryan.armstrong@stottandmay.com | None
cprizler@omniforcesolutions.com | None
rflemmer@revolutiontechnologies.com | None
christopher.pierce@infiniasearch.com | None
dpacheco@isystechnologies.com | None
sdelvalle@requesttechnology.com | None
habiba_shaikh@steris.com | None
taylor.marshall@roberthalf.com | None
mechazarreta@actalentservices.com | None
peyton.anderson@concordusa.com | None
kmcgrath@mavericktechpartners.com | None
andreasen@crossfireconsulting.com | None
miket@staffingtechnologies.com | None
mbuck@madisondavis.com | None
christine.harshman@mbopartners.com | None
kelcey.sneed@oldmissioncapital.com | None
amiranda@ledgent.com | None
mmier@ledgent.com | None
charushila.nerurkar@nttdata.com | None
jeberly@xcelocloud.com | None
hope@alldus.com | None
jellis@gotoagile.com | None
nadia.giulio@beaconhillstaffing.com | None
tthornton@triumphjobs.com | None
kelly@associated-staffing.com | None
wwilson@opensystemstech.com | None
craig.small@coderedpartners.com | None
courtneynixon@equivapartners.com | None
michael.leizear@centurioncg.com | None
savannah@enginehires.com | None
gwood@trilliumprofessional.com | None
agoswami@yorksolutions.net | None
zkeller@prg-usa.com | None
cody.heisel@concero.com | None
hcardwell@pipercompanies.com | None
shelly.morrow@systemoneservices.com | None
kg@libertyjobs.com | None
daniella.ericson@insightglobal.com | None
jlewis@elanpartners.com | None
cbumgarner@recru.us | None
daniel.downes@next-ventures.com | None
vidhi.kundalia@kellyit.com | None
zack.hernandez@redoaktech.com | None
celeste@pmopartners.com | None
zack.ward@ic-resources.com | None
austin.owens@sstjobs.com | None
pat.munday@divurgent.com | None
jason.leonard@eliostalent.com | None
cnbrown1215@limestone.edu | None
chrisk@bullcitytalent.com | None
mgubser@crystalequation.com | None
abby@truteamstaffing.com | None
— | None
— | None
ccritelli@joineei.com | None
kristin.raymond@gravityitresources.com | None
selahboughner@optomi.com | None
skouz@prairieinc.com | None
pamb@synigent.com | None
kelly.singer@viecure.com | None
— | None
jjones@atriumstaff.com | None
jfriedman@daleyaa.com | None
bryce.law@pomeroy.com | None
aly.agbada@agilitypartners.io | None
hkadron@guildmortgage.net | None
lily.amoroso@brooksource.com | None
rmccarrick@abacusgroupllc.com | None
ngathoga@pixie-services.com | None
melissa@tricomgroup.com | None
agrant@cypresshcm.com | None
jbenson@accoy.com | None
rveltri@bluomega.com | None
erika.ham@aptonet.com | None
kcreehan@syntax.com | None
salzanos@hypergeninc.com | None
hkennedy@flextekresources.com | None
mcrnogorac@bluesignal.com | None
patti@theconnorsgroup.com | None
hheyliger@senecahq.com | None
kpalmer@adcc.com | None
bldarmy@outlook.com | None
svea.meyer@rgp.com | None
sam@itrgroup.com | None
bnielson@criadvantage.com | None
dkringstad@iriscc.com | None
jhawkins@kforce.com | None
amy.hsueh@joyent.com | None
emily.ebbert@css-tec.com | None
tina.dudrey@capstonec.com | None
mdoyal@mageeresource.com | None
awinkle@horizontal.com | None
mgephart@geologics.com | None
inavarro@consultnet.com | None
scorwin@resolutetech.com | None
egrzasko@blackdiamondnet.com | None
bhicks2@epitec.com | None
bourgeois@atrinternational.com | None
aknutson@theabkgroup.com | None
mcarr@gqstaffing.com | None
joel.p@zolon.com | None
mmirabella@eliassen.com | None
dsefcik@wheelersp.com | None
leslie.koch@altitudestaffing.com | None
jonathan.jones@blueskyrs.com | None
thenderson@strategicstaff.com | None
jwindham@sri-hq.com | None
johnny.cail@curatepartners.com | None
stephanie.ruggiero@arctiq.com | None
michael.woods@akkodis.com | None
mm@fastdolphin.com | None
kmarion@compri.com | None
rcard@ccpace.com | None
l.bashota@alexanderchapmanltd.com | None
j.muncey@thex4group.com | None
debbie.luan@prosum.com | None
charis.rundle@meetlifesciences.com | None
pgross@bravotech.com | None
sean.mullen@csetalent.com | None
janderson@technical-link.com | None
ashley.allen@twentyai.com | None
tom.cowan@eamesconsulting.com | None
dmitriy@hirecaddie.ai | None
dapel@alinestaffing.com | None
joe.mattuch@americanworkforcesolutions.com | None
neil@nesasolutions.com | None
kathy@stratitechservices.com | None
wthane@guidehouse.com | None
rrussell@wcstexas.com | None
cheryl.black@themidtowngroup.com | None
ashley.aust@hays.com | None
kbarham@trickdogtechnology.com | None
jorge.lopez@bstonetech.com | None
robert@bisongroupusa.com | None
michael.matranga@cellainc.com | None
bruna@1872consulting.com | None
mnugent@forbestc.com | None
debra.kernop@catalisgov.com | None
nmager@alku.com | None
amy@unisonsystems.com | None
ravi.singhvi@elevantapartners.com | None
rdoherty@fastswitch.com | None
jcaudill@ledgenttech.com | None
karen.wilson@amdocs.com | None
jodi@masisprofessional.com | None
laura.hacker@procomservices.com | None
mdepari@seahillconsulting.com | None
moira.camporino@vitaver.com | None
tom.nacnodovitz@redoaktech.com | None
axanthos@scu.edu | None
jrives@workforce-connections.com | None
agries@kellerschroeder.com | None
r.crumpler@acclaimtechnical.com | None
tyrat@redtech.com | None
pj@zello.com | None
doug.irwin@delawareconsulting.com | None
chayes@digitalrealty.com | None
aurelie@elevenrecruiting.com | None
sydney@ellawayblues.com | None
michael@stone-search.com | None
khaag@continuumhit.com | None
young_tracie@arsiem.com | None
hhenderson@belcan.com | None
matthew@docme360.com | None
andrew.owen@vanderhouwen.com | None
Moveatech Group | None
Work Trust Solutions | None
Ho‘oilina Foundation | None
Jasonmacq | None
VetCentric Tech | None
Iron River Consulting | None
Gridiron IT | None
Real Staffing | None
Agile Resources, Inc. | None
Insight Global | None
NTT DATA | None
Vaco by Highspring | None
RightHire-IT | None
York Solutions | None
Varicent | None
Verigent | None
CyberMed Corporation | None
IDR Inc. | None
Jiggslayton | None
DP Professionals | None
Manifest Corp | None
The Fountain Group | None
SYSTEMTEC | None
Software Resources | None
SpectrumCareers | None
Conquest Tech Solutions | None
The Momba Group | None
Beacon Hill Staffing | None
Primetime Recruiting LLC | None
Roc Search | None
ICON Consultants | None
The HT Group | None
Lorien Global | None
Jmularski | None
ALTA IT Services | None
Robert Half | None
Agility Partners | None
Gravitas Group | None
Robert Half | None
VR Della | None
TechYard AI | None
Matlen Silver | None
LABUR | None
Focus GTS | None
SNI Technology | None
Contra | None
Aquinas Consulting | None
Aequor | None
Synergy Direct LLC | None
Chipton-Ross | None
Forbes Technical Consulting | None
Tier4 Group | None
VerSprite Security | None
WorkGenius | None
CDW | None
Insurance Techies | None
ComResource | None
TekPartners | None
Tier4 Group | None
Strategic Staffing | None
Myticas Consulting | None
Insure Technology | None
Insure Technology | None
Allied Resources Staffing | None
ConsultNet | None
Jobot | None
Optomi | None
SRX | None
JSG | None
DP Professionals | None
KellyMitchell Group | None
The Intersect Group | None
Select Solutions Group | None
Insight Global | None
CEI America | None
Manifest Technology | None
Resolution Technologies | None
Resolution Technologies | None
KSA Integration | None
Software Resources | None
A-Line Staffing | None
The ABK Group | None
Compri | None
Nadia Brika | None
Integreon | None
Jobot | None
TPA Technologies / Intepros | None
Bull City Talent | None
Beacon Hill Technologies | None
BCG | None
Epitec | None
Calance | None
Optomi LLC | None
Pivotal Consults | None
Synergistic IT | None
Healthcare IT Leaders | None
Rackspace | None
M9 Solutions | None
The Judge Group | None
Career Management Group | None
Entarian (formerly Sev1Tech) | None
ConsultNet | None
D4M International / Veteran Talent Advisors | None
InterEx Group | None
FirstPro Inc. | None
Virgin Galactic | None
Workbrew | None
Talent Groups | None
Bluebird Staffing | None
Insight Global | None
Robert Half | None
Aston Tech | None
The Structures Company LLC | None
Link Tech Consulting | None
Healthcare IT Leaders | None
Matlen Silver | None
Tundra Technical | None
Medasource | None
Alta IT | None
SBS Creatix | None
Abile Group Inc. | None
Ledgent | None
Brooksource | None
Hays | None
Gygaforce | None
Andiamogo | None
The Planet Group | None
Access Data Consulting Corporation | None
Aptonet Inc. | None
Pivotal Solutions | None
QATOS Enterprise Agile | None
Insight Global | None
Open Systems Technologies | None
Luna Data Solutions | None
HeartCentrix Solutions | None
Blackspire Advisors | None
Avery Partners | None
Beacon Hill Staffing | None
Synergis Creative | None
ASU | None
Ursus | None
Praxis USA | None
Shulman Fleming & Partners | None
SilverSearch Inc. | None
Experis / ManpowerGroup | None
Osprey Software | None
Shulman Fleming & Partners | None
MMD Services | None
TalentFish | None
Game Seven Staffing | None
Hive&Co | None
SMSI | None
Liberty Jobs | None
Horizontal | None
Seneca Resources | None
Seneca Resources | None
Accumatch Consulting | None
CRG | None
HCMS CG | None
Axiom Path | None
Insight Global | None
Tandy M Group | None
The Planet Group | None
Hydrogen Group | None
Innovar Group | None
Blue Frog | None
Entech | None
Delaware Consulting | None
Westfield, New Jersey | None
Associate Staffing | None
iTemp Inc. | None
The Intersect Group | None
Heartland | None
Atrium Staff | None
The Blu Peak | None
Robert Half | None
Imagine Staffing | None
The Midtown Group | None
Curate Partners | None
Launch Consulting Group | None
Dockyard | None
Seneca Resources | None
Motus Recruiting | None
United Global Technologies | None
EGS Partners | None
Optomi | None
The Fountain Group | None
Smart Synergies Inc. | None
XD Innovation | None
Brooksource | None
Glocomms / Selby Jennings | None
Kforce Inc. | None
hatch I.T. | None
Forshay | None
Epitec | None
SGA Inc. | None
Questeq | None
PTS Advance | None
Kforce Inc. | None
BlueAlly | None
Alexander Technology Group | None
J. Ziemann Associates Inc. | None
HeartCentrix Solutions | None
Wayne Technologies | None
Client Resources Inc. | None
Vaco | None
Collective Intelligence Inc. | None
Select Group | None
TrustingUs.net | None
Elite Technical | None
Collective Intelligence Inc. | None
NETbuilder | None
Soni Resources | None
Optimal Computer Aided Engineering Inc. | None
Brooksource | None
The Planet Group | None
iGotAnOffer | None
Capital One | None
Prodigy Recruiting | None
Axiom Path | None
Ramona Optics | None
Insight Global | None
The Double M Group | None
Ryzen | None
Employment Enterprises Inc. | None
Continuum Recovery Network | None
The Tek Chix | None
Strategic Management Solutions LLC (SMSI) | None
Glint Tech Solutions | None
Concero | None
Turn2Partners | None
Changeis | None
GTN | None
Robertson & Company Ltd. | None
Work Email | None
Personal Email | None
Edu Email | None
Brad | None
Kathleen Harvey | None
Hiro Kawahara | None
Holloway Bird | None
Holly Schumm | None
Ingwon Chae | None
Jaeger Larson | None
Jalen Randolph | None
Jane Bautista | None
Khrystyna Vivsyana | None
Reshma Patel | None
Jake Roché | None
Sandy Medley | None
Sean Yarrison | None
Shannon Longworth | None
Vianca-Lee Frias | None
Jon Amador | None
Bethany Davis | None
Ella Francis | None
Chris Hayes | None
Robert Schnitzlein | None
Adolfo Cruz | None
Tanya Loaiza | None
Darcie Covington | None
Chris Patten | None
Christine Knight | None
Daniel Fink | None
Kelly Wetter | None
Thomas Nacnodovitz | None
dave.aronofsky@sapphire.com; daronofsky@bluebridgepeople.com; dave61284@yahoo.com | None
kgiltner@misoenergy.org; kyle.giltner@yahoo.com | None
ufishka@actalentservices.com; wendyf@corgta.com; wendyfishka@gmail.com; wendyfishka@hotmail.com | None
kgiltner@misoenergy.org; kyle.giltner@yahoo.com | None
kyle.clack@bowheadsupport.com | None
courtney.fahrun@loreal.com; cfahrun@gmail.com | None
mokonski@iriscc.com | None
liam@hirephaze.com | None
Christopher@genesysonline.com | None
sdelvalle@requesttechnology.com | None
tyler@vertexsolutionsinc.com | None
molliebrown@optomi.com | None
karolina.bartos@sniconsulting.net | None
kevine@energizerec.com | None
ted@abramstech.com | None
alex@techtrueup.com | None
tiffinyl@spiperstaffing.com | None
david.knapp@roberthalf.com | None
bmorgan@albanosystems.com | None
gilan.moussa@riospartners.com | None
Jess Schuler | None
Scott Gormly | None
Laura Mayo | None
Mike Rhodes | None
Arslan Qureshi | None
— | None
— | None
twilson@revolutiontechnologies.com; traneisewilson1@gmail.com; traneisewilson1@yahoo.com; aliwln0002@gmail.com; wt@revolutiontechnologies.com; w@revolutiontechnologies.com; tw@revolutiontechnologies.com; teew@revolutiontechnologies.com; tee@revolutiontechnologies.com | None
denice.galeas@initiatesolutions.com | None
rjackson@campbellhealth.org | None
kninfo@solutechnology.com | None
pstemarie82@gmail.com; phils@corgta.com | None
jlewis@magnitudeit.com; jeffreylewis12@gmail.com | None
mysteen.chiong@vsolvit.com; perfecteve24@yahoo.com | None
matthew.kinsman@pandesco.com | None
mohit.tiwari@technovion.com | None
shannon.person@empiric.com | None
josh.rainier@catapultsg.com | None
jhouston@itgllc.net | None
dmintz@jsginc.com | None
agualtieri@consultingsolutions.com | None
— | None
— | None
— | None
— | None
Brooksource | None
— | None
— | None
— | None
— | None
— | None
— | None
— | None
— | None
— | None
james.marsden@lombard-tech.io | None
grayson.collins@compass-usa.com | gcc1942@gmail.com | None
rachel@avenue45info.com | rachelmarie1686@yahoo.com | fbrcpf2@aol.com | None
mrhodes38@gmail.com | apaz2879@gmail.com | None
thomas.sredl@clearancejobs.com | tomsredl@me.com | None
julie.melendez@ex1holding.com | None
bruce@i-pharmgxp.com | rbbursey@yahoo.com | None
courtney.gillis@pellera.com | None
Tristan Schulz | None
Robert Schnitzlein | None
Robert Schnitzlein | None
Kathryn Jackson | None
Ashley Darling | None
Gabrielle Miller | None
Adrianna Wurtz | None
Rachel Parsons | None
Jermaine Jones | None
Taylor Fikes | None
Tristan Schulz | None
Jyoti Pandya | None
Rachel Parsons | None
Lawrence Harvey | None
Insight Global | None
Sharp Decisions | None
Hikinex | None
Catapult Solutions Group | None
Shelley Casino | None
Michael Hammer | None
TJ Hazinsky | None
Rachel Harris | None
Wendy Pearce | None
Marisa Brady | None
Ella Blank | None
Brandy Todd | None
Theresa Sanchez | None
Amy Caffrey | None
Gabriella Ciemny | None
Jeff Williams | None
Leah Martinez | None
Lucie B | None
Jeremy Skinner | None
Ryan Hinterleiter | None
Brittany Kirkpatrick | None
Daniel Hauser | None
Cheryl DeSomma | None
Caroline Pendley | None
Kevin Godfroy | None
Jeffrey Schleyer | None
Sarah Unowsky | None
Alyssa Mastrangelo | None
Aly Reinhard | None
Megan Meek | None
Brian Samela | None
arielle.manzo@stottandmay.com | None
arielle.manzo@stottandmay.com | None
katelynn.ramos@birkenstock.com | None
areluzco@tpgnyc.com | None
alfie@tact-it.co.uk | None
rhoffner@judge.com | None
blerma@pavetalent.com | None
ana.feltrin@libri.works | None
alexa@cgcsinc.net | None
Brooksource | None
Honeywell | None
Insight Global | None
Intelliforce-IT Solutions Group | None
Horizontal Talent | None
Magnitude Technology Services | None
Convey | None
Turnbridge Technical Solutions | None
MTech Systems | None
ECS Limited | None
Vacaré Group | None
Robert Half Technology | None
Experis | None
MY RECRUE | None
Optomi | None
Impact to Health | None
Insight Global | None
Experis | None
Applied Digital | None
The Phoenix Group | None
320 Staffing | None
Kansys Staffing Group | None
Eliassen Group | None
SimVentions | None
Peoplelink Staffing | None
Workflow Resources | None
Spencer Ogden | None
Redbock | None
TechLink Systems | None
TechLink Systems | None
Storage Asset Management | None
Carnival Cruise Line | None
New York Technology Partners | None
GSquared Group | None
Kforce | None
Vega Consulting Solutions | None
Insight Recruitment | None
Red Oak Technologies | None
Robert Half | None
Harnham | None
Solving IT | None
Camblin Steel Service | None
The Judge Group | None
Spherion | None
Piper Companies | None
SGA | None
SGA | None
Quest Defense | None
SMX Services & Consulting, Inc. | None
Comm Tech MSP Inc | None
Lafayette Group | None
Kavaliro | None
Motion Recruitment | None
Brooksource | None
CRB Workforce | None
Seneca Resources | None
Insight Global | None
SMX Services & Consulting, Inc. | None
Comm Tech MSP Inc | None
Lafayette Group | None
James Palubinski | None
Kyle Stock | None
kdowd@aerotek.com | None
lily.amoroso@brooksource.com | None
rmccarrick@abacusgroupllc.com | None
l.olney@execusource.com | None
jacobr@gygaforce.com | None
Agile Resources, Inc. | None
Vaco by Highspring | None
Roc Search | None
Forbes Technical Consulting | None
TPA Technologies / Intepros | None
Bull City Talent | None
BCG | None
Epitec | None
Pivotal Consults | None
Synergistic IT | None
The Judge Group | None
Career Management Group | None
Bluebird Staffing | None
Insight Global | None
Robert Half | None
Aston Tech | None
The Structures Company LLC | None
Link Tech Consulting | None
Tundra Technical | None
Medasource | None
Alta IT | None
Ledgent | None
Brooksource | None
Hays | None
Gygaforce | None
Andiamogo | None
Pivotal Solutions | None
Blackspire Advisors | None
Avery Partners | None
Beacon Hill Staffing | None
Synergis Creative | None
ASU | None
Praxis USA | None
Shulman Fleming & Partners | None
SilverSearch Inc. | None
Osprey Software | None
TalentFish | None
SMSI | None
Liberty Jobs | None
Horizontal | None
Seneca Resources | None
Accumatch Consulting | None
CRG | None
Axiom Path | None
Tandy M Group | None
The Planet Group | None
Hydrogen Group | None
Heartland | None
Atrium Staff | None
The Blu Peak | None
Robert Half | None
Imagine Staffing | None
The Midtown Group | None
Curate Partners | None
Launch Consulting Group | None
Dockyard | None
Motus Recruiting | None
EGS Partners | None
Optomi | None
The Fountain Group | None
Smart Synergies Inc. | None
XD Innovation | None
BlueAlly | None
Client Resources Inc. | None
Vaco | None
Collective Intelligence Inc. | None
Select Group | None
Elite Technical | None
Collective Intelligence Inc. | None
NETbuilder | None
Soni Resources | None
Optimal Computer Aided Engineering Inc. | None
Brooksource | None
The Planet Group | None
iGotAnOffer | None
Capital One | None
Prodigy Recruiting | None
Axiom Path | None
Ramona Optics | None
Insight Global | None
The Double M Group | None
Ryzen | None
Employment Enterprises Inc. | None
Continuum Recovery Network | None
The Tek Chix | None
Strategic Management Solutions LLC (SMSI) | None
Glint Tech Solutions | None
Concero | None
Turn2Partners | None
Changeis | None
GTN | None
Reshma Patel | None
Jake Roché | None
Sandy Medley | None
Sean Yarrison | None
Shannon Longworth | None
Vianca-Lee Frias | None
Jon Amador | None
Bethany Davis | None
Ella Francis | None
Chris Hayes | None
Robert Schnitzlein | None
Adolfo Cruz | None
Tanya Loaiza | None
Darcie Covington | None
Chris Patten | None
Christine Knight | None
Daniel Fink | None
Kelly Wetter | None
Thomas Nacnodovitz | None
dave.aronofsky@sapphire.com; daronofsky@bluebridgepeople.com; dave61284@yahoo.com | None
kgiltner@misoenergy.org; kyle.giltner@yahoo.com | None
ufishka@actalentservices.com; wendyf@corgta.com; wendyfishka@gmail.com; wendyfishka@hotmail.com | None
kgiltner@misoenergy.org; kyle.giltner@yahoo.com | None
kyle.clack@bowheadsupport.com | None
courtney.fahrun@loreal.com; cfahrun@gmail.com | None
mokonski@iriscc.com | None
liam@hirephaze.com | None
Christopher@genesysonline.com | None
sdelvalle@requesttechnology.com | None
tyler@vertexsolutionsinc.com | None
molliebrown@optomi.com | None
karolina.bartos@sniconsulting.net | None
kevine@energizerec.com | None
ted@abramstech.com | None
alex@techtrueup.com | None
tiffinyl@spiperstaffing.com | None
david.knapp@roberthalf.com | None
bmorgan@albanosystems.com | None
gilan.moussa@riospartners.com | None
Jess Schuler | None
Scott Gormly | None
Laura Mayo | None
Mike Rhodes | None
Arslan Qureshi | None
— | None
— | None
twilson@revolutiontechnologies.com; traneisewilson1@gmail.com; traneisewilson1@yahoo.com; aliwln0002@gmail.com; wt@revolutiontechnologies.com; w@revolutiontechnologies.com; tw@revolutiontechnologies.com; teew@revolutiontechnologies.com; tee@revolutiontechnologies.com | None
denice.galeas@initiatesolutions.com | None
rjackson@campbellhealth.org | None
kninfo@solutechnology.com | None
pstemarie82@gmail.com; phils@corgta.com | None
jlewis@magnitudeit.com; jeffreylewis12@gmail.com | None
mysteen.chiong@vsolvit.com; perfecteve24@yahoo.com | None
matthew.kinsman@pandesco.com | None
mohit.tiwari@technovion.com | None
shannon.person@empiric.com | None
josh.rainier@catapultsg.com | None
jhouston@itgllc.net | None
dmintz@jsginc.com | None
agualtieri@consultingsolutions.com | None
— | None
— | None
— | None
— | None
Brooksource | None
— | None
— | None
— | None
— | None
— | None
— | None
— | None
— | None
— | None
james.marsden@lombard-tech.io | None
grayson.collins@compass-usa.com | gcc1942@gmail.com | None
rachel@avenue45info.com | rachelmarie1686@yahoo.com | fbrcpf2@aol.com | None
mrhodes38@gmail.com | apaz2879@gmail.com | None
thomas.sredl@clearancejobs.com | tomsredl@me.com | None
julie.melendez@ex1holding.com | None
bruce@i-pharmgxp.com | rbbursey@yahoo.com | None
courtney.gillis@pellera.com | None
Tristan Schulz | None
Robert Schnitzlein | None
Robert Schnitzlein | None
Kathryn Jackson | None
Ashley Darling | None
Gabrielle Miller | None
Adrianna Wurtz | None
Rachel Parsons | None
Jermaine Jones | None
Taylor Fikes | None
Tristan Schulz | None
Jyoti Pandya | None
Rachel Parsons | None
Lawrence Harvey | None
Insight Global | None
Sharp Decisions | None
Hikinex | None
Catapult Solutions Group | None
Shelley Casino | None
Michael Hammer | None
TJ Hazinsky | None
Rachel Harris | None
Wendy Pearce | None
Marisa Brady | None
Ella Blank | None
Brandy Todd | None
Theresa Sanchez | None
Amy Caffrey | None
Gabriella Ciemny | None
Jeff Williams | None
Leah Martinez | None
Lucie B | None
Jeremy Skinner | None
Ryan Hinterleiter | None
Brittany Kirkpatrick | None
Daniel Hauser | None
Cheryl DeSomma | None
Caroline Pendley | None
Kevin Godfroy | None
Jeffrey Schleyer | None
Sarah Unowsky | None
Alyssa Mastrangelo | None
Aly Reinhard | None
Megan Meek | None
Brian Samela | None
arielle.manzo@stottandmay.com | None
arielle.manzo@stottandmay.com | None
katelynn.ramos@birkenstock.com | None
areluzco@tpgnyc.com | None
alfie@tact-it.co.uk | None
rhoffner@judge.com | None
blerma@pavetalent.com | None
ana.feltrin@libri.works | None
alexa@cgcsinc.net | None
Brooksource | None
Honeywell | None
Insight Global | None
Intelliforce-IT Solutions Group | None
Horizontal Talent | None
Magnitude Technology Services | None
Convey | None
Turnbridge Technical Solutions | None
MTech Systems | None
ECS Limited | None
Vacaré Group | None
Robert Half Technology | None
Experis | None
MY RECRUE | None
Optomi | None
Impact to Health | None
Insight Global | None
Experis | None
Applied Digital | None
The Phoenix Group | None
320 Staffing | None
Kansys Staffing Group | None
Eliassen Group | None
SimVentions | None
Peoplelink Staffing | None
Workflow Resources | None
Spencer Ogden | None
Redbock | None
TechLink Systems | None
TechLink Systems | None
Storage Asset Management | None
Carnival Cruise Line | None
New York Technology Partners | None
GSquared Group | None
Kforce | None
Vega Consulting Solutions | None
Insight Recruitment | None
Red Oak Technologies | None
Robert Half | None
Harnham | None
Solving IT | None
Camblin Steel Service | None
The Judge Group | None
Spherion | None
Piper Companies | None
SGA | None
SGA | None
Quest Defense | None
SMX Services & Consulting, Inc. | None
Comm Tech MSP Inc | None
Lafayette Group | None
Kavaliro | None
Motion Recruitment | None
Brooksource | None
CRB Workforce | None
Seneca Resources | None
Insight Global | None
SMX Services & Consulting, Inc. | None
Comm Tech MSP Inc | None
Lafayette Group | None
James Palubinski | None
Kyle Stock | None
kdowd@aerotek.com | None
lily.amoroso@brooksource.com | None
rmccarrick@abacusgroupllc.com | None
l.olney@execusource.com | None
jacobr@gygaforce.com | None
Agile Resources, Inc. | None
Vaco by Highspring | None
Roc Search | None
Forbes Technical Consulting | None
TPA Technologies / Intepros | None
Bull City Talent | None
BCG | None
Epitec | None
Pivotal Consults | None
Synergistic IT | None
The Judge Group | None
Career Management Group | None
Bluebird Staffing | None
Insight Global | None
Robert Half | None
Aston Tech | None
The Structures Company LLC | None
Link Tech Consulting | None
Tundra Technical | None
Medasource | None
Alta IT | None
Ledgent | None
Brooksource | None
Hays | None
Gygaforce | None
Andiamogo | None
Pivotal Solutions | None
Blackspire Advisors | None
Avery Partners | None
Beacon Hill Staffing | None
Synergis Creative | None
ASU | None
Praxis USA | None
Shulman Fleming & Partners | None
SilverSearch Inc. | None
Osprey Software | None
TalentFish | None
SMSI | None
Liberty Jobs | None
Horizontal | None
Seneca Resources | None
Accumatch Consulting | None
CRG | None
Axiom Path | None
Tandy M Group | None
The Planet Group | None
Hydrogen Group | None
Heartland | None
Atrium Staff | None
The Blu Peak | None
Robert Half | None
Imagine Staffing | None
The Midtown Group | None
Curate Partners | None
Launch Consulting Group | None
Dockyard | None
Motus Recruiting | None
EGS Partners | None
Optomi | None
The Fountain Group | None
Smart Synergies Inc. | None
XD Innovation | None
BlueAlly | None
Client Resources Inc. | None
Vaco | None
Collective Intelligence Inc. | None
Select Group | None
Elite Technical | None
Collective Intelligence Inc. | None
NETbuilder | None
Soni Resources | None
Optimal Computer Aided Engineering Inc. | None
Brooksource | None
The Planet Group | None
iGotAnOffer | None
Capital One | None
Prodigy Recruiting | None
Axiom Path | None
Ramona Optics | None
Insight Global | None
The Double M Group | None
Ryzen | None
Employment Enterprises Inc. | None
Continuum Recovery Network | None
The Tek Chix | None
Strategic Management Solutions LLC (SMSI) | None
Glint Tech Solutions | None
Concero | None
Turn2Partners | None
Changeis | None
GTN | None
Brad | None
Kathleen Harvey | None
Hiro Kawahara | None
Holloway Bird | None
Holly Schumm | None
Ingwon Chae | None
Jaeger Larson | None
Jalen Randolph | None
Jane Bautista | None
Khrystyna Vivsyana | None
Reshma Patel | None
Jake Roché | None
Sandy Medley | None
Sean Yarrison | None
Shannon Longworth | None
Vianca-Lee Frias | None
Jon Amador | None
Bethany Davis | None
Ella Francis | None
Chris Hayes | None
Robert Schnitzlein | None
Adolfo Cruz | None
Tanya Loaiza | None
Darcie Covington | None
Chris Patten | None
Christine Knight | None
Daniel Fink | None
Kelly Wetter | None
Thomas Nacnodovitz | None
dave.aronofsky@sapphire.com; daronofsky@bluebridgepeople.com; dave61284@yahoo.com | None
kgiltner@misoenergy.org; kyle.giltner@yahoo.com | None
ufishka@actalentservices.com; wendyf@corgta.com; wendyfishka@gmail.com; wendyfishka@hotmail.com | None
kgiltner@misoenergy.org; kyle.giltner@yahoo.com | None
kyle.clack@bowheadsupport.com | None
courtney.fahrun@loreal.com; cfahrun@gmail.com | None
mokonski@iriscc.com | None
liam@hirephaze.com | None
Christopher@genesysonline.com | None
sdelvalle@requesttechnology.com | None
tyler@vertexsolutionsinc.com | None
molliebrown@optomi.com | None
karolina.bartos@sniconsulting.net | None
kevine@energizerec.com | None
ted@abramstech.com | None
alex@techtrueup.com | None
tiffinyl@spiperstaffing.com | None
david.knapp@roberthalf.com | None
bmorgan@albanosystems.com | None
gilan.moussa@riospartners.com | None
Jess Schuler | None
Scott Gormly | None
Laura Mayo | None
Mike Rhodes | None
Arslan Qureshi | None
— | None
— | None
twilson@revolutiontechnologies.com; traneisewilson1@gmail.com; traneisewilson1@yahoo.com; aliwln0002@gmail.com; wt@revolutiontechnologies.com; w@revolutiontechnologies.com; tw@revolutiontechnologies.com; teew@revolutiontechnologies.com; tee@revolutiontechnologies.com | None
denice.galeas@initiatesolutions.com | None
rjackson@campbellhealth.org | None
kninfo@solutechnology.com | None
pstemarie82@gmail.com; phils@corgta.com | None
jlewis@magnitudeit.com; jeffreylewis12@gmail.com | None
mysteen.chiong@vsolvit.com; perfecteve24@yahoo.com | None
matthew.kinsman@pandesco.com | None
mohit.tiwari@technovion.com | None
shannon.person@empiric.com | None
josh.rainier@catapultsg.com | None
jhouston@itgllc.net | None
dmintz@jsginc.com | None
agualtieri@consultingsolutions.com | None
— | None
— | None
— | None
— | None
Brooksource | None
— | None
— | None
— | None
— | None
— | None
— | None
— | None
— | None
— | None
james.marsden@lombard-tech.io | None
grayson.collins@compass-usa.com | gcc1942@gmail.com | None
rachel@avenue45info.com | rachelmarie1686@yahoo.com | fbrcpf2@aol.com | None
mrhodes38@gmail.com | apaz2879@gmail.com | None
thomas.sredl@clearancejobs.com | tomsredl@me.com | None
julie.melendez@ex1holding.com | None
bruce@i-pharmgxp.com | rbbursey@yahoo.com | None
courtney.gillis@pellera.com | None
Tristan Schulz | None
Robert Schnitzlein | None
Robert Schnitzlein | None
Kathryn Jackson | None
Ashley Darling | None
Gabrielle Miller | None
Adrianna Wurtz | None
Rachel Parsons | None
Jermaine Jones | None
Taylor Fikes | None
Tristan Schulz | None
Jyoti Pandya | None
Rachel Parsons | None
Lawrence Harvey | None
Insight Global | None
Sharp Decisions | None
Hikinex | None
Catapult Solutions Group | None
Shelley Casino | None
Michael Hammer | None
TJ Hazinsky | None
Rachel Harris | None
Wendy Pearce | None
Marisa Brady | None
Ella Blank | None
Brandy Todd | None
Theresa Sanchez | None
Amy Caffrey | None
Gabriella Ciemny | None
Jeff Williams | None
Leah Martinez | None
Lucie B | None
Jeremy Skinner | None
Ryan Hinterleiter | None
Brittany Kirkpatrick | None
Daniel Hauser | None
Cheryl DeSomma | None
Caroline Pendley | None
Kevin Godfroy | None
Jeffrey Schleyer | None
Sarah Unowsky | None
Alyssa Mastrangelo | None
Aly Reinhard | None
Megan Meek | None
Brian Samela | None
arielle.manzo@stottandmay.com | None
arielle.manzo@stottandmay.com | None
katelynn.ramos@birkenstock.com | None
areluzco@tpgnyc.com | None
alfie@tact-it.co.uk | None
rhoffner@judge.com | None
blerma@pavetalent.com | None
ana.feltrin@libri.works | None
alexa@cgcsinc.net | None
Brooksource | None
Honeywell | None
Insight Global | None
Intelliforce-IT Solutions Group | None
Horizontal Talent | None
Magnitude Technology Services | None
Convey | None
Turnbridge Technical Solutions | None
MTech Systems | None
ECS Limited | None
Vacaré Group | None
Robert Half Technology | None
Experis | None
MY RECRUE | None
Optomi | None
Impact to Health | None
Insight Global | None
Experis | None
Applied Digital | None
The Phoenix Group | None
320 Staffing | None
Kansys Staffing Group | None
Eliassen Group | None
SimVentions | None
Peoplelink Staffing | None
Workflow Resources | None
Spencer Ogden | None
Redbock | None
TechLink Systems | None
TechLink Systems | None
Storage Asset Management | None
Carnival Cruise Line | None
New York Technology Partners | None
GSquared Group | None
Kforce | None
Vega Consulting Solutions | None
Insight Recruitment | None
Red Oak Technologies | None
Robert Half | None
Harnham | None
Solving IT | None
Camblin Steel Service | None
The Judge Group | None
Spherion | None
Piper Companies | None
SGA | None
SGA | None
Quest Defense | None
SMX Services & Consulting, Inc. | None
Comm Tech MSP Inc | None
Lafayette Group | None
Kavaliro | None
Motion Recruitment | None
Brooksource | None
CRB Workforce | None
Seneca Resources | None
Insight Global | None
SMX Services & Consulting, Inc. | None
Comm Tech MSP Inc | None
Lafayette Group | None
James Palubinski | None
Kyle Stock | None
kdowd@aerotek.com | None
lily.amoroso@brooksource.com | None
rmccarrick@abacusgroupllc.com | None
l.olney@execusource.com | None
jacobr@gygaforce.com | None
Agile Resources, Inc. | None
Vaco by Highspring | None
Roc Search | None
Forbes Technical Consulting | None
TPA Technologies / Intepros | None
Bull City Talent | None
BCG | None
Epitec | None
Pivotal Consults | None
Synergistic IT | None
The Judge Group | None
Career Management Group | None
Bluebird Staffing | None
Insight Global | None
Robert Half | None
Aston Tech | None
The Structures Company LLC | None
Link Tech Consulting | None
Tundra Technical | None
Medasource | None
Alta IT | None
Ledgent | None
Brooksource | None
Hays | None
Gygaforce | None
Andiamogo | None
Pivotal Solutions | None
Blackspire Advisors | None
Avery Partners | None
Beacon Hill Staffing | None
Synergis Creative | None
ASU | None
Praxis USA | None
Shulman Fleming & Partners | None
SilverSearch Inc. | None
Osprey Software | None
TalentFish | None
SMSI | None
Liberty Jobs | None
Horizontal | None
Seneca Resources | None
Accumatch Consulting | None
CRG | None
Axiom Path | None
Tandy M Group | None
The Planet Group | None
Hydrogen Group | None
Heartland | None
Atrium Staff | None
The Blu Peak | None
Robert Half | None
Imagine Staffing | None
The Midtown Group | None
Curate Partners | None
Launch Consulting Group | None
Dockyard | None
Motus Recruiting | None
EGS Partners | None
Optomi | None
The Fountain Group | None
Smart Synergies Inc. | None
XD Innovation | None
BlueAlly | None
Client Resources Inc. | None
Vaco | None
Collective Intelligence Inc. | None
Select Group | None
Elite Technical | None
Collective Intelligence Inc. | None
NETbuilder | None
Soni Resources | None
Optimal Computer Aided Engineering Inc. | None
Brooksource | None
The Planet Group | None
iGotAnOffer | None
Capital One | None
Prodigy Recruiting | None
Axiom Path | None
Ramona Optics | None
Insight Global | None
The Double M Group | None
Ryzen | None
Employment Enterprises Inc. | None
Continuum Recovery Network | None
The Tek Chix | None
Strategic Management Solutions LLC (SMSI) | None
Glint Tech Solutions | None
Concero | None
Turn2Partners | None
Changeis | None
GTN | None
Eric | None
Kohlden | None
Jaime | None
Rebecca | None
William | None
Mark | None
John | None
Cathy | None
Benjamin | None
Jaime | None
Paul | None
Lindsay | None
Angela | None
Emily | None
Liana | None
Todd | None
Brandon | None
James | None
Christine | None
Brian | None
Andrew | None
Andres | None
Caroline | None
Christian | None
Jon | None
Jim | None
Margo | None
Molly | None
Kenneth | None
Deena | None
Ty | None
Gina | None
Victor | None
Patrick | None
Cristina | None
Mayra | None
Jeff | None
Dustin | None
Ted | None
Jason | None
Brad | None
Jonathan | None
Thomas | None
Ken | None
Garret | None
Bryan | None
Julie | None
Jason | None
Jonathan | None
Madison | None
patrick | None
Michelle | None
Lara | None
Jack | None
Claire | None
Chanel | None
Joe | None
jesintha | None
jennifer | None
Jaimie | None
Jenny | None
Jesintha | None
Caitlin | None
Christopher | None
Ash Payami | None
Vickie Taylor | None
Jaimie C. | None
Jesse McGannon | None
Kian Sarreshteh | None
Jessica DAngelo | None
Bruna Moore | None
Nick Sullivan | None
Wade | None
Sara | None
Lorenz | None
Brittany | None
Jon | None
Cortland | None
Daniel | None
Dirk | None
Erik | None
Ihsan | None
Jack | None
Steven | None
Ben | None
Diane | None
Kellen | None
Nick | None
Jennifer | None
Rachel | None
Asrar | None
Steve | None
Lorraine | None
Nick | None
Kellen | None
Jody | None
Ben | None
Kyle | None
Kyle | None
Sherin | None
Sam | None
David | None
Tim | None
Wanyoung | None
Latonya | None
Cheryl | None
Michael | None
Christianne | None
Nancy | None
Kellie | None
José | None
Fernando | None
Christopher | None
Anna | None
Faizan | None
Gabrielle | None
Megan | None
Brad | None
Grace | None
Matt | None
Sheridan | None
Marc | None
Shelby | None
Natalie | None
Matt | None
Todd | None
Leah | None
Jessica | None
Jaclyn | None
Hannah | None
Daisy | None
Celeste | None
Catherine | None
Adrienne | None
Marykate | None
Amanda | None
Chad | None
Jen | None
David | None
Diego | None
Erica | None
Jaclyn | None
Katelyn | None
Lauren | None
Lizzette | None
Mackenzie | None
Melissa | None
Molly | None
Nicole | None
Peggy | None
Rachel | None
Rianne | None
Richard | None
Courtney | None
Daisy | None
Cory | None
Catherine | None
Jesse | None
Jodie | None
Lanie | None
Lauren | None
Lizzette | None
Mackenzie | None
Michelle | None
Mishaal | None
Molly | None
Ololade | None
Richard | None
Stefanie | None
Yasmin | None
Avalon | None
Bianca | None
Christine | None
Taylor | None
Steven | None
Stefanie | None
Kamil | None
Alice | None
Ann | None
Cindy | None
Freida | None
Jennica | None
Junel | None
Katrina | None
Tina | None
Mona | None
Steve | None
Ryan | None
Jeanette | None
Julieann | None
jaclyn | None
katie | None
kelly | None
katie | None
makena | None
Alana | None
michelle | None
monica | None
morgan | None
natalie | None
nicole | None
fiona | None
michelle | None
erica | None
Briana | None
christie | None
catherine | None
anique | None
andrea | None
alissa | None
alex | None
tammy | None
Nicholas | None
christina | None
Sherri | None
Megan | None
Maria | None
Bri | None
Alfie | None
cristina | None
todd | None
valerie | None
vanessa | None
Anique | None
Michelle | None
Kinsley | None
Bridget | None
Christina | None
Stefania | None
Melissa | None
McKinzie | None
Nicole | None
Hallie | None
Rachel | None
Adrianna | None
Kate | None
Jennifer | None
Morgan | None
Keighly | None
Meghan | None
Jacqueline | None
Calvin | None
Kimberley | None
Samantha | None
Monica | None
Thom | None
zoe | None
ADRIENNE | None
Aleya | None
Christie | None
Christina | None
Christine | None
Diego | None
Kanika | None
Martin | None
Rachel | None
Sherri | None
Troy | None
Teddy | None
David | None
Christine | None
Meeka | None
Amelia | None
Natalie | None
Taylor | None
Leah | None
Amanda | None
janet | None
Cassandra | None
Maryhelen | None
Katharine | None
Jim | None
Jeff | None
Makenzie | None
Harjit | None
Terence | None
Caleb | None
Shaina | None
Michelle | None
Linda | None
Ryan | None
Taylor | None
Heather | None
Celeste | None
Melissa | None
SaTyrra | None
Jake | None
Kimberly | None
Sarah | None
Amanda | None
Joe | None
Michelle | None
Thomas | None
Heather | None
Ingrid | None
Lindsay | None
Zach | None
Daniel | None
Cole | None
Larry | None
Lindsay | None
Rob | None
Daniel | None
Cole | None
Kate | None
Larry | None
Jackson | None
Channell | None
Heather | None
Zach | None
Day | None
heather | None
Richard | None
Erin | None
Carlye | None
Erin | None
Anthony | None
Allison | None
Danny | None
Dylan | None
Elisha | None
Kate | None
Martha | None
Patrick | None
Elisha | None
Courtney | None
rosa | None
kim | None
kevin | None
Sarah | None
Stephen | None
Abigail | None
Day | None
Sydney | None
Chris | None
Marie | None
Blair | None
Meredith | None
Sarah | None
Devin | None
Jason | None
Jackson | None
Dylan | None
Lisa | None
Anthony | None
Rob | None
Danny | None
Jacob | None
Elaine | None
Thomas | None
Ruth | None
Abigail | None
Baker | None
Heath | None
Brandon | None
Preethi | None
Elisha | None
Kayla | None
Jason | None
Kim | None
Tessa | None
Richard | None
Preethi | None
Channell | None
David | None
Lyndsay | None
Jose | None
Lanre | None
Troy | None
Patrick | None
MaryBeth | None
Day | None
Christopher | None
ROSA | None
Allison | None
Ron | None
carlye | None
Paige | None
Sayeed | None
Amiena | None
Bill | None
Elida | None
Kate | None
Noel | None
Riedhor | None
Emil | None
Amiena | None
Emil | None
Gabriel | None
Narasimhalu | None
Riedhor | None
Yolanda | None
Mustafa | None
Denise | None
Sharmila | None
Phil | None
Tom | None
Mike | None
Gokul | None
Fazal | None
Kanthi | None
Kailas | None
jith | None
Bryan | None
Glen | None
Ranjan | None
Griffin | None
Santhosh | None
Diwakar | None
Joey | None
Kavitha | None
Michael | None
Kumar | None
Matthew | None
Kadiyala | None
Alex | None
Nanda | None
Austin | None
Stormy | None
Steve | None
Shyla | None
Tracy | None
Lisa | None
Thilina | None
Meghan | None
Lilly | None
Jay | None
Sue | None
Emily | None
Geordan | None
Karlen | None
Izzat | None
Alex | None
Amy | None
Paul | None
Ashlee | None
Joshua | None
Karla | None
Dayna | None
Erin | None
griffin | None
Jaquelyn | None
Lorena | None
Carter | None
Stacey | None
Morgan | None
Nathan | None
Ruth | None
Taylor | None
Daniel | None
marco | None
Cristian | None
Mike | None
Amanda | None
Hayley | None
Alicia | None
Jasmin | None
Isaac | None
Michael | None
Stephanie | None
Margaret | None
Ebony | None
Pete | None
Kendra | None
Arnetia | None
Destanie | None
Ana | None
Margaret | None
Celeste | None
Daniel | None
Allison | None
Ana | None
Kareem | None
Bella | None
Cristal | None
Sidney | None
Jadniel | None
Karan | None
Alisse | None
Maro | None
Peter | None
Crystal | None
Crystal | None
Alisse | None
Austin | None
Tyrell | None
Irina | None
Natalia | None
Bryan | None
Tori | None
Mike | None
Laurence | None
Daniel | None
Kenny | None
Tom | None
Aled | None
Harry | None
Bryn | None
Scott | None
Aneesa | None
Erin | None
Luke | None
Arnaud | None
Joshua | None
Karl | None
Joe | None
Humayun | None
Isaac | None
Umardraz | None
Cindi | None
Jessica | None
Rashmi | None
Akshata | None
Sourabh | None
Alex | None
Megan | None
Molly | None
Sukhjit | None
Emily | None
Julia | None
Zoya | None
Gurwinder | None
Mitch | None
Maria | None
Carrie | None
Scott | None
Jaime | None
Garrett | None
Olivia | None
Akshata | None
Vanessa | None
Summer | None
Jeff | None
Briana | None
Joshua | None
Lidia | None
Michał | None
Marta | None
Katarzyna | None
Patrycja | None
Natalia | None
Regina | None
Monika | None
Vishesh | None
Joshua | None
Gina | None
Katarzyna | None
Joanna | None
Tiffani | None
Payal | None
Karolina | None
Agnieszka | None
Lidia | None
Patrycja | None
Gabriela | None
Klaudia | None
Karolina | None
Ayushi | None
Anna | None
Asia | None
Monika | None
Stanisław | None
Mateusz | None
Amar | None
Max | None
Jeanne | None
Mette | None
Lise | None
Joanna | None
Vishesh | None
Michał | None
Natalia | None
Justyna | None
Karolina | None
Dawid | None
Marta | None
Paulina | None
Agnieszka | None
Katarzyna | None
Justyna | None
Mateusz | None
Uliana | None
Max | None
Karolina | None
Frederikke | None
Klaudia | None
Stanisław | None
Stine | None
Monika | None
Emilia | None
Katarzyna | None
Maja | None
Tiffani | None
Dominik | None
Anna | None
Monika | None
Marta | None
Micaela | None
Brian | None
Don | None
Dwayne | None
Don | None
William | None
Dave | None
Jim | None
Brian | None
Jose | None
Dave | None
Michael | None
William | None
sophie | None
Derrick | None
Bill | None
Jim | None
Kevin | None
Carina | None
Gilbert | None
Dwayne | None
Ray | None
Michael | None
Charlotte | None
Taumara | None
William | None
Ram | None
Amelia | None
Dena | None
Kamrul | None
Marlon | None
Ram | None
Samantha | None
Taylor | None
Casey | None
Alex | None
Connor | None
Anna | None
Katie | None
Anna | None
Isabella | None
Milen | None
Liz | None
Tish | None
Jonathon | None
Andrew | None
Rajeswari | None
Anika | None
Palash | None
Abigail | None
Sarah | None
Evan | None
Keith | None
Michael | None
Alexander | None
Emma | None
Stewart | None
Kevin | None
Mike | None
Luke | None
Kristin | None
Jenny | None
Eryn | None
Grecia | None
Martin | None
Ashley | None
Benjamin | None
Jacob | None
Hunter | None
Shane | None
Jackson | None
Emma | None
Irvin | None
Nick | None
Elliott | None
Holly | None
Kelly | None
Dolf | None
Reed | None
Tony | None
Katherine | None
Alyssa | None
Liz | None
Michael | None
Kalie | None
Parker | None
Ashley | None
Stephen | None
Anthony | None
Stephanie | None
Rachel | None
Jaclyn | None
Marni | None
Ellie | None
Leslie | None
Brian | None
Meghan | None
Annika | None
Erin | None
Alicia | None
Liz | None
Tyler | None
Matthew | None
Andrew | None
Jana | None
Ken | None
Katarina | None
Jacqueline | None
Anshul | None
Yenifer | None
Chrissy | None
Jacob | None
Anna | None
Benjamin | None
Michael | None
Nick | None
Dedeepya | None
Andre | None
Haley | None
Courtney | None
Anthony | None
Kristen | None
Andrew | None
Daniel | None
Tyler | None
Katelyn | None
Alexis | None
Armando | None
Roxana | None
Dominique | None
Mariza | None
Joshua | None
Vanessa | None
Gabby | None
Vasha | None
Andy | None
Michael | None
Anh | None
Miranda | None
Erin | None
Morís | None
Isabella | None
Ana | None
Josh | None
Oscar | None
Kylie | None
Bianca | None
Jose | None
Luke | None
Jonathan | None
Ahmet | None
Jeremy | None
Andrew | None
Christopher | None
Chris | None
Richard | None
Ronnie | None
Trinity | None
Tanner | None
Jay | None
Gabriel | None
Jediah | None
Patricia | None
Alex | None
Steve | None
Matt | None
alex | None
Jeremy | None
Alex | None
Trinity | None
Ahmet | None
Anuj | None
Heather | None
Alex | None
Chris | None
John | None
Richard | None
Brian | None
Steve | None
Andy | None
Andy | None
Brian | None
Corey | None
Rachel | None
Katie | None
Alfredo | None
Miranda | None
Laura | None
Roxanne | None
David | None
Isabella | None
John | None
Branden | None
Roxanne | None
Team | None
Ryan | None
Jenise | None
Allison | None
Marc | None
Isabella | None
Abigail | None
Laura | None
Christina | None
Jon | None
Devon | None
Ray | None
Raven | None
Andrew | None
Austin | None
Bailey | None
Ashley | None
Susan | None
Sawyer | None
Marc | None
Kimberly | None
Melissa | None
Roxanne | None
Ray | None
David | None
Anxhela | None
Joan | None
Steven | None
Seth | None
Rob | None
Cinthia | None
Corrin | None
Charles | None
Jenise | None
Mari | None
Treaver | None
Brandon | None
Samantha | None
Loren | None
Verlin | None
Sarah | None
Lindsay | None
Omar | None
David | None
Roxanne | None
Heather | None
Mike | None
Michael | None
Brandon | None
Jon | None
Sarah | None
David | None
Chin | None
Stephanie | None
Damian | None
Heather | None
Steven | None
Rebecca | None
Shay | None
Kyle | None
Corrin | None
Joshua | None
Omeed | None
Jared | None
Katherine | None
Alliston | None
Lindsay | None
Mike | None
Daniel | None
Rob | None
Izzy | None
David | None
Jonathan | None
Breanna | None
Roxanne | None
Cinthia | None
Sawyer | None
Arely | None
Sydney | None
Brady | None
Sayed | None
Miranda | None
Silvana | None
NaVia | None
Pamela | None
Katherine | None
Joshua | None
Gregory | None
Elizabeth | None
Jared | None
Sayed | None
Dan | None
Brandon | None
Olivia | None
Stephanie | None
Omeed | None
Joshua | None
Ashley | None
Sawyer | None
Jared | None
Michelle | None
Ryan | None
Shay | None
Stephanie | None
Sayed | None
Cinthia | None
Mike | None
Abigail | None
Jon | None
David | None
Luke | None
Michael | None
Silvana | None
Verlin | None
Kylie | None
Lindsay | None
Katherine | None
Marco | None
Michelle | None
Heather | None
Abigail | None
Mike | None
NaVia | None
austin | None
bailey | None
damian | None
david | None
derek | None
madison | None
Mari | None
michelle | None
molly | None
roxanne | None
Cameron | None
Jenise | None
Isabella | None
Devon | None
Day | None
Roxanne | None
mitch | None
Luke | None
Janet | None
Carolyn | None
Andrew | None
Robin | None
Thomas | None
Dave | None
Darren | None
John | None
Liz | None
Bryan | None
Leandra | None
Andy | None
Darren | None
Christopher | None
Carolyn | None
Debra | None
Joshua | None
Liz | None
Gregory | None
Branden | None
Jason | None
David | None
Zachary | None
Lindsay | None
Austin | None
Mark | None
Wiley | None
Tracy | None
Joe | None
Simon | None
Vilma | None
Dan | None
Dmytro | None
Bill | None
Scott | None
Victor | None
Anna | None
Madison | None
Julia | None
Madison | None
Randy | None
Jeremey | None
James | None
Esther | None
Ardith | None
Brian | None
Elvis | None
Esther | None
James | None
Alan | None
Andrew | None
Christopher | None
Elias | None
Dustin | None
Denise | None
Daniel | None
Cody | None
Christopher | None
Chris | None
Aimee | None
Brandon | None
Angel | None
Allison | None
James | None
Shannon | None
Jessica | None
John | None
Bryan | None
Jay | None
Joseph | None
Jeffrey | None
Jeff | None
Joshua | None
Kamaria | None
Kirsten | None
Krystina | None
Lindsay | None
Logan | None
Luke | None
Marie | None
Norma | None
Ryan | None
Sahailie | None
Ken | None
Shannon | None
Shantel | None
Shayna | None
Shelby | None
Terry | None
Tonya | None
Vony | None
Warner | None
Jim | None
Joey | None
Sean | None
Lewis | None
Kelly | None
Kelly | None
Jasmine | None
Jonathan | None
Joe | None
Halle | None
Karleigh | None
Lindsay | None
Nichole | None
Marquita | None
Matthew | None
Michelle | None
Nick | None
Norris | None
Theresa | None
Zachary | None
Dolly | None
Erika | None
Lindsey | None
Lisa | None
Demetrius | None
Allen | None
Cynthia | None
Belinda | None
Derek | None
Aden | None
Toria | None
Citlalli | None
Gage | None
Curtis | None
Kelly | None
CJ | None
matthew | None
Daniella | None
Christie | None
Demetrius | None
Brenda | None
Jonathon | None
Aimee | None
Allen | None
Angela | None
Anne | None
Cheryl | None
Christie | None
Colleen | None
Lisa | None
Livingstone | None
Alice | None
Scott | None
Rameen | None
Sam | None
Jennifer | None
Erika | None
Benjamin | None
Jordan | None
Ivan | None
Lindsey | None
Dolly | None
Claude | None
CJ | None
Otis | None
Curtis | None
Broderick | None
Travis | None
Traci | None
Ryan | None
Jennifer | None
Brady | None
Sheree | None
Rafael | None
Lindsay | None
Nichole | None
Kim | None
Brittney | None
Tammy | None
Colleen | None
Jordan | None
Kamal | None
Amanda | None
Nishat | None
Jonathan | None
Vicky | None
Connor | None
Gage | None
Robert | None
Michelle | None
Larry | None
Pamela | None
Travis | None
Norris | None
Collin | None
Lisa | None
Michael | None
Andre | None
Helen | None
Unnamed Recruiter | None
Raymond | None
Joseph | None
Deddy | None
David | None
Paul | None
Shotaro | None
Rohit | None
Ian | None
Nicholas | None
Steve | None
Takaya | None
Jacob | None
Jackson | None
Shinya | None
Abhimanyu | None
Pritesh | None
Grant | None
Joshua | None
Connor | None
Brooke | None
Ken | None
Nicholas | None
Leo | None
Felipe | None
Shashank | None
Gisele | None
John | None
Shellie | None
Angela | None
Olumese | None
Riley | None
Jackson | None
Shohei | None
Lisa | None
Kentaro | None
Yuki | None
Helen | None
Yoshifumi | None
Matt | None
Jack | None
Takayuki | None
Somphol | None
Payton | None
Cindy | None
Leanne | None
Dylan | None
Marianne | None
Mei | None
Koji | None
William | None
Takehiro | None
Steve | None
Luisa | None
Tatsuya | None
Takayuki | None
Erika | None
Katie | None
Hidenobu | None
Kris | None
Donna | None
John | None
Jeff | None
Cary | None
Alan | None
Ashley | None
Michael | None
Cary | None
Jennifer | None
Stacey | None
Josh | None
Jessica | None
Suzanne | None
Michelle | None
John | None
John | None
Mary | None
Nicole | None
Sabrina | None
Samantha | None
Nicole | None
Dan | None
John | None
Suzanne | None
Sabrina | None
Jennifer | None
Namrata | None
Maxwell | None
Patrick | None
Jackie | None
Susie | None
Carla | None
Britney | None
Nicolette | None
Leo | None
Ashton | None
Alexander | None
Anastasia | None
Lorraine | None
Susanna | None
Helio | None
Jenis | None
Lori | None
Alexis | None
Sheridan | None
Mia | None
Holli | None
Marcia | None
Michael | None
Stacy | None
Greg | None
Olivia | None
Nicolette | None
Patrick | None
Stacy | None
Britney | None
Anastasia | None
Gabriela | None
Ayrton | None
Oliver | None
Max | None
Dan | None
Danielle | None
Olly | None
Thomas | None
Katie | None
Jess | None
Max | None
Alexander | None
Connor | None
Charlotte | None
Dominik | None
Joe | None
Tia | None
Armin | None
Tia | None
Danielle | None
Austen | None
Katie | None
Yani | None
Dan | None
James | None
Thomas | None
George | None
Andrew | None
Charlotte | None
Danny | None
Sydney | None
George | None
Armin | None
Connor | None
Sydney | None
Seoung | None
Daniel | None
Heath | None
Larry | None
Tony | None
David | None
Mitzi | None
Michael | None
Kimberly | None
Kathy | None
Michael | None
James | None
Stephanie | None
Arvin | None
Gabriel | None
Eli | None
Johann | None
Richromulus | None
Tim | None
Ellie | None
Tamara | None
Erin | None
Robbie | None
Kunmar | None
Al | None
phillip | None
Kathy | None
Jeanette | None
Meagan | None
Rocke | None
Roger | None
Stuart | None
Tabitha | None
Tom | None
Lance | None
Andrea | None
Domenique | None
Brett | None
Bradley | None
Andrew | None
Amy | None
Amy | None
kay | None
Timlin | None
Brenda | None
Shannon | None
SHANI | None
Craig | None
John | None
Daksha | None
Randy | None
mike | None
Aiyana | None
Aiyana | None
Jennifer | None
Rose | None
Richard | None
Oscar | None
Melissa | None
David | None
Ramana | None
Charles | None
Rakesh | None
Chad | None
John | None
Ashley | None
Kristopher | None
Miranda | None
Phil | None
Aaron | None
Michelle | None
Andrew | None
Matt | None
Hector | None
Branden | None
Mandy | None
Heather | None
Patrick | None
Drew | None
Ally | None
Josh | None
Joani | None
Sue | None
Robbie | None
Riley | None
LQ | None
Curt | None
Paula | None
MELISSA | None
Billie | None
Kari | None
Muhittin | None
Alex | None
Alicia | None
Ashley | None
Jamison | None
Kelly | None
Kristopher | None
Troy | None
Joe | None
Carrie | None
Laura | None
Alex | None
Jessie | None
Alex | None
Carly | None
Amanda | None
Amy | None
Corey | None
Joe | None
Andrew | None
Nikki | None
Ravikanth | None
Gregg | None
Amy | None
Gemmalyn | None
Gene | None
Jean | None
John | None
Grace | None
Rodney | None
Katrina | None
Amdie | None
Elaine | None
Amy | None
Isabella | None
Neel | None
Finlay | None
Adam | None
Christina | None
Marisa | None
Laura | None
Christine | None
Nathan | None
Mirsha | None
Heidi | None
Mahesh | None
Neha | None
Priyanka | None
Michele | None
Christine | None
Steve | None
Jenna | None
Kerry | None
Lisa | None
Rachel | None
Mirtes | None
Joseph | None
Shailaja | None
Julia | None
Janna | None
Dese | None
James | None
Julia | None
Joseph | None
Reddy | None
Ren | None
Sabrina | None
Harry | None
Nathalie | None
Lindsey | None
Renu | None
Mohammed | None
Lindsey | None
Jennifer | None
avi | None
jennifer | None
priyanka | None
Ashley | None
Brittany | None
Santosh | None
James | None
Sindhu | None
Jessica | None
Tom | None
Jay | None
Kayla | None
Paul | None
Owen | None
Jason | None
Audra | None
Mark | None
Michael | None
Katie | None
Kerri | None
Wes | None
Michael | None
Andrew | None
Mike | None
Thomas | None
Marcus | None
Brendan | None
Jack | None
Daren | None
Ethan | None
Marcus | None
Srini | None
Mike | None
Andrew | None
Quinn | None
Brian | None
Hideki | None
Brian | None
Nish | None
Jeremy | None
Matt | None
Jonathan | None
Sam | None
Thomas | None
Jarett | None
Darryl | None
Corey | None
Matt | None
Kacey | None
Ryan | None
Eric | None
Rikita | None
Will | None
Jen | None
William | None
Steven | None
Brandon | None
Bucky | None
Angel | None
Justin | None
Rachel | None
James | None
Nathan | None
Andy | None
Kyle | None
Nicole | None
David | None
Bob | None
Rita | None
Joe | None
Matthew | None
Ernest | None
Anna | None
Tony | None
John | None
Randy | None
Ross | None
Jarvis | None
Sunil | None
Dane | None
Matt | None
Marco | None
Takahiro | None
Joe | None
Keith | None
David | None
Francis | None
Keith | None
Zac | None
Edward | None
Matt | None
Jordan | None
Justin | None
Elvin | None
Scott | None
Alex | None
Malek | None
Mike | None
Penny | None
Russell | None
Beau | None
Satbir | None
Darren | None
Brett | None
Isabella | None
Jonathan | None
Tim | None
Adrienne | None
Eric | None
Rafe | None
Brian | None
Patrick | None
David | None
Don | None
Donie | None
Alessandro | None
Kyle | None
Ray | None
James | None
Michael | None
Jim | None
Ryan | None
Matthew | None
Ken | None
Mark | None
Matthew | None
Sean | None
Frank | None
Britt | None
Nathan | None
Steve | None
Aileen | None
Josh | None
Tom | None
Daniel | None
Matthew | None
Karl | None
Ranjani | None
Michael | None
Steven | None
Vincent | None
Thad | None
Don | None
Sal | None
Jason | None
Dean | None
Jason | None
Robert | None
Stephen | None
Bandhan | None
Brian | None
Jaime | None
Gregory | None
Phil | None
Derek | None
Mollie | None
Allison | None
Erik | None
Andrew | None
Jason | None
Justin | None
Daniel | None
Justin | None
Abhinav | None
Brian | None
Nicholas | None
Mohit | None
Peter | None
Ashwarya | None
Dan | None
Meryl | None
Devanshu | None
Andrew | None
Jon | None
Rachel | None
Sheena | None
Kari | None
Brandon | None
Michael | None
Daniel | None
Cole | None
Amber | None
Kyle | None
John | None
Scott | None
Mike | None
Beth | None
Tim | None
Brad | None
Rebecca | None
Arthur | None
Caroline | None
Nick | None
Katie | None
Mark | None
Thomas | None
Joseph | None
John | None
Neil | None
Nawazuddin | None
Tristian | None
Ravi | None
Mitchell | None
Sachin | None
Josh | None
Ryan | None
Mugilan | None
Jamey | None
Dan | None
Eddie | None
Daniel | None
Sourav | None
Michael | None
Brandon | None
Jamy | None
Lauren | None
Scott | None
John | None
Grant | None
Michael | None
Jason | None
Laurent | None
Jennifer | None
Mac | None
Greg | None
Teresa | None
Johnny | None
Andy | None
Kim | None
Jason | None
Jeff | None
Neil | None
Sander | None
Brian | None
Dave | None
Felix | None
Adam | None
Drew | None
Scott | None
Dwayne | None
Taylor | None
Joshua | None
James | None
Eric | None
John | None
Joseph | None
Shane | None
Milton | None
Brooks | None
Daniel | None
Adam | None
Richard | None
Todd | None
Mark | None
Jody | None
Thad | None
Brian | None
Jason | None
Alan | None
Andrew | None
Eric | None
Randy | None
Matt | None
Erfan | None
Ben | None
Winston | None
Jennifer | None
Christopher | None
Mark | None
Katie | None
Lauren | None
Jay | None
Jeff | None
Jim | None
Clayton | None
Jon | None
Ethan | None
Justin | None
Lance | None
Morgan | None
Chris | None
Vikas | None
Jim | None
Jordan | None
Karly | None
Zach | None
Robert | None
Marc | None
Wynne | None
David | None
Jeff | None
Arpit | None
Urvashi | None
Rajesh | None
Allison | None
James | None
Nitish | None
Kayla | None
Brent | None
Jeff | None
Nicole | None
Debsmita | None
Rick | None
Paul | None
Donielle | None
Kabir | None
Steve | None
Josh | None
Brittany | None
Jewel | None
Shivani | None
Griscelda | None
Jeremy | None
Ben | None
Hannah | None
John | None
Amandeep | None
Rohit | None
Manan | None
Sumit | None
Kenneth | None
Sean | None
John | None
Bhavitt | None
Laura | None
Sharad | None
Sparsh | None
Drew | None
Joseph | None
Sheikh | None
Amit | None
Karan | None
Mukesh | None
Sagar | None
Pratap | None
Rohit | None
Ramesh | None
Abhishek | None
Gaurav | None
Ranjith | None
Robin | None
Manmehak | None
Harrison | None
Madison | None
Riquesha | None
Nathan | None
Steve | None
Sachin | None
Soumya | None
Ankita | None
Aakash | None
Brian | None
Harshita | None
Sarabjeet | None
Justin | None
Jitendra | None
Mayank | None
Nitin | None
Carri | None
Ashish | None
Melissa | None
Rajan | None
Avinesh | None
Amarbir | None
Ross | None
Gyan | None
Sandeep | None
Venkat | None
McKenzie | None
Kayla | None
Roger | None
Mike | None
Rob | None
Mohammad | None
Heidi | None
McKenzie | None
Alex | None
Rosemary | None
Cyndy | None
Mario | None
Shipra | None
Cristian | None
Aiden | None
Manpreet | None
Akanksha | None
Shreya | None
Kanchi | None
Krisette | None
Laurie | None
Robbie | None
Kadri | None
Pablo | None
Colin | None
Heather | None
Reinier | None
Marielle | None
Sarah | None
Sarabjeet | None
Danish | None
Nate | None
Shannon | None
Brian | None
Ashish | None
Aakash | None
Bailey | None
Priya | None
Elissa | None
Bhavitt | None
Akanksha | None
Parul | None
Diksha | None
Manpreet | None
Rupali | None
Shreya | None
Anthony | None
Julia | None
Nick | None
Amber | None
Carli | None
Abbey | None
Anirudh | None
Vijender | None
Lisha | None
Randall | None
Dalton | None
Jeremy | None
Kyle | None
Patrick | None
Jason | None
Brian | None
Glen | None
Todd | None
Christopher | None
Rachel | None
Bill | None
Jim | None
Marv | None
Reem | None
Mark | None
David | None
Brett | None
Brian | None
Shane | None
Sergio | None
Nick | None
Ryan | None
Steven | None
Daniel | None
Ryan | None
Erica | None
Sam | None
Laurie | None
Brian | None
Jim | None
Page | None
Liz | None
Matthew | None
Jason | None
Bridgid | None
Ryan | None
Ryan | None
Priyanka | None
Brian | None
Brian | None
Matthew | None
Aimee | None
Craig | None
Nathan | None
Peter | None
Nick | None
Tony | None
Rob | None
Sean | None
Paul | None
Matthew | None
Matthew | None
Shayne | None
Aishwarya | None
Erin | None
George | None
Dmitriy | None
Frank | None
Andrew | None
Anshika | None
Priyanka | None
Manjesh | None
Ravi | None
Rahat | None
Shawn | None
Sahhil | None
Stacey | None
Keanan | None
Jason | None
Vinod | None
Danish | None
SimranJeet | None
Prashant | None
Clark | None
Saurabh | None
Vinayak | None
Niharika | None
Carol | None
Ben | None
Omnia | None
Steve | None
Michael | None
Wally | None
Matthew | None
Corey | None
Robert | None
Ryan | None
Jeremy | None
Michael | None
Michael | None
Alex | None
Quentin | None
Michael | None
Meredith | None
Jason | None
Erin | None
Shawn | None
Sabry | None
Sarah | None
Jenny | None
Todd | None
Teffany | None
Laura | None
Deepanshu | None
Samuel | None
Jessica | None
Madison | None
Jessica | None
Samuel | None
Hans | None
Nick | None
John | None
Nathan | None
Paresh | None
Kevin | None
Collin | None
Michael | None
Derek | None
Flavia | None
James | None
Heather | None
Michael | None
Kendall | None
Matt | None
Carly | None
Tom | None
Sean | None
Grace | None
Suzanne | None
Rich | None
Anthony | None
McKenzie | None
Hanna | None
Cheyne | None
Bill | None
Adam | None
Jeremy | None
Thomas | None
Chris | None
Joel | None
Tom | None
Chris | None
Mark | None
Tony | None
Hysam | None
Alan | None
David | None
David | None
Nicholas | None
Joel | None
Ahmed | None
Roxanne | None
Emma | None
Steve | None
Mike | None
Michael | None
Scott | None
Matthew | None
Dan | None
Rishi | None
Andy | None
Matt | None
Daniel | None
Cooper | None
Thomas | None
Justin | None
Luke | None
Jake | None
Nick | None
Andrew | None
Matt | None
Ricardo | None
Will | None
Jonathan | None
Ryan | None
Michael | None
Michael | None
Greg | None
Renee | None
Connor | None
Brian | None
Donavan | None
Michael | None
Emmy | None
Adrian | None
Ben | None
Gregory | None
Matt | None
Jason | None
Greg | None
Steven | None
Christian | None
Brenden | None
Matt | None
Kevin | None
Denis | None
Stephen | None
Angelo | None
Michael | None
Diego | None
Sidney | None
David | None
Brijeet | None
Casey | None
Anthony | None
Andy | None
Joseph | None
Ralph | None
William | None
Stephen | None
Tim | None
Joshua | None
Zach | None
Melody | None
Richard | None
Ian | None
Lee | None
Julie | None
Brooks | None
Jason | None
Scott | None
Benjamin | None
Dan | None
Alyssa | None
Cory | None
Michael | None
Malinda | None
Nathan | None
Noah | None
Zach | None
Shea | None
Sophia | None
Amanda | None
Brian | None
Truman | None
June | None
Dawn | None
Owen | None
Devanjan | None
Kevin | None
Cleasha | None
Angela | None
Ryan | None
Matt | None
Ty | None
Katherine | None
Alexis | None
Shreya | None
Elissa | None
Paige | None
Ashley | None
Oriyomi | None
Shannon | None
Chad | None
Matthew | None
David | None
Kimberly | None
Joshua | None
Amanda | None
Michelle | None
Amanda | None
Bailey | None
Reinier | None
Shannon | None
Shelby | None
Ryan | None
Lauren | None
Christopher | None
Jonathan | None
Kendra | None
Kayla | None
Kaleigh | None
Tiana | None
Anjali | None
Tajai | None
Abbey | None
Nick | None
Brian | None
Prasruthi | None
Dan | None
Catherine | None
Matt | None
Mike | None
Yon | None
Henry | None
Bill | None
Stacey | None
Alyssa | None
Ryan | None
Chris | None
Ryan | None
Derek | None
Christopher | None
Elise | None
Greg | None
Jessie | None
Paula | None
Hannah | None
Jefferson | None
Eric | None
Mike | None
Brian | None
Courtney | None
Stephen | None
Heather | None
Rebecca | None
Houda | None
Jessica | None
Danny | None
Jennifer | None
Tera | None
JJ | None
Cathy | None
Martin | None
Ryan | None
Joshua | None
Paul | None
Mark | None
Carl | None
Trinity | None
Kay | None
Laura | None
Alex | None
Bryan | None
Maggie | None
Rachael | None
Tracey | None
LeeAnne | None
Lacey | None
Dannie | None
David | None
Derek | None
Elena | None
Frank | None
Grant | None
Jacqueline | None
Jennifer | None
Jim | None
Jim | None
Kristen | None
Lianne | None
Sue | None
Terri | None
Vince | None
Aaron | None
David | None
Lê | None
Henry | None
John | None
Joel | None
Jim | None
Janice | None
Jacqueline | None
Hillary | None
Hayley | None
Grant | None
Peter Franggos | None
Kevin McCloskey | None
Chris Letares | None
Yasin Ahmad | None
Aaron Ritter | None
Wilfred Henderson | None
Marisa Ritter | None
Taylor Bussiere | None
Douglas Quinn | None
James Reich | None
Wilfred | None
James | None
Chris | None
Alex | None
Aaron | None
Taylor | None
Peter | None
Shelby | None
taylor | None
Brian | None
dan | None
eliot | None
haily | None
John | None
Katie | None
kyle | None
leah | None
megan | None
Sam | None
Scott | None
Jose | None
Alex | None
Zilonka | None
William | None
Trevor | None
tony | None
taylor | None
Clifton | None
Tahnee | None
Clare | None
Alicia | None
McKaila | None
Katie | None
Nikhila | None
Maxwell | None
Lauren | None
Clare | None
Devon | None
Mike | None
Mikaela | None
Alectra | None
Anderson | None
Rory | None
Anthony | None
Austin | None
Benjamin | None
Bockas | None
Campbell | None
Carly | None
Anthony | None
Davids | None
Teodora | None
Eyeh | None
Alisha | None
Aina | None
Juliana | None
Dylan | None
Kristina | None
Devon | None
Luis | None
Beverly | None
Tori | None
Mauser | None
Austin | None
Charlotte | None
Theodore | None
Jack | None
Levi | None
Alex | None
Kayla | None
Alex | None
Connor | None
Kasey | None
Kaileigh | None
Leah | None
Kirishika | None
Zack | None
Michael | None
Emily | None
Ryan | None
Delaney | None
Michael | None
James | None
Matthew | None
Zack | None
Jack | None
Kelly | None
Taylor | None
Olivia | None
Erica | None
Max | None
Courtney | None
Greyson | None
Ava | None
Kayla | None
Meghan | None
James | None
Avery | None
Carolyn | None
Carly | None
Kyra | None
Camilla | None
Brian | None
John | None
Brennan | None
Mackenzie | None
Cheyenne | None
Ellie | None
Henry | None
Gabriel | None
Colby | None
Luke | None
Connor | None
Logan | None
Jordan | None
Zane | None
Nina | None
Markie | None
Andrew | None
Justin | None
Samantha | None
Kelsea | None
Megan | None
Andre | None
Micaela | None
Lauren | None
Hope | None
Ella | None
Ashley | None
Alex | None
Angelina | None
Patty | None
Tarah | None
Lisa | None
Jackie | None
Effie | None
Benjamin | None
Angel | None
Haley | None
Michael | None
Jack | None
Wil | None
Liz | None
Dan | None
Ryan | None
Tiffany | None
Carolynn | None
Sebastian | None
Nathan | None
Eddie | None
Taylor | None
Matthew | None
Nathan | None
Nicholas | None
Kyle | None
Michelle | None
Emily | None
Aaron | None
Ryann | None
Julianna | None
Patrick | None
Michael | None
Mohammad | None
Allyson | None
Jack | None
Michael | None
David | None
Vincent | None
Keldara | None
Brian | None
Emma | None
Ryan | None
Amy | None
Samuel | None
Caleigh | None
Cameron | None
Bradley | None
Ryan | None
Hannah | None
Justin | None
Molly | None
Emma | None
Amanda | None
Skyler | None
Bryan | None
Tara | None
Sidora | None
Anna | None
Jack | None
Michael | None
Nicholas | None
Lauren | None
Kayla | None
Gabriel | None
sean | None
Lilly | None
Nicholas | None
Alison | None
Dylan | None
Maria | None
Caitlin | None
Shannon | None
Thomas | None
Noel | None
Carlie | None
Brooke | None
Marley | None
Madelyn | None
Holly | None
Nick | None
Tripp | None
Maya | None
Abigail | None
Jenna | None
Anna | None
Patrick | None
Madison | None
Katherine | None
Alexis | None
Byren | None
Aidan | None
Angelidi | None
Luke | None
Favour | None
Dyllan | None
Jessica | None
Gaston | None
Jack | None
Kaitlyn | None
Nicholas | None
Izzy | None
Isaiah | None
Dominique | None
Dylan | None
Benjamin | None
Reid | None
Nevaeh | None
Kim | None
Connor | None
Wyatt | None
Kayla | None
Andrew | None
Jessica | None
Jen | None
Jeffrey | None
Jason | None
Jake | None
Jacqueline | None
Jacob | None
Isabelle | None
Isabella | None
Ian | None
Hayley | None
Hannah | None
Haley | None
German | None
Gabriela | None
Emily | None
Dylan | None
Desiree | None
Dax | None
Dax | None
Dawson | None
Jessica | None
Joseph | None
Josh | None
Benjamin | None
Patty | None
Onora | None
Micayla | None
Micah | None
Meghan | None
Matthew | None
Matt | None
Mary | None
Macy | None
Luke | None
David | None
Logan | None
Leigh | None
Kristina | None
Kelly | None
Katrina | None
Katherine | None
Kaleigh | None
Kaitlynn | None
Justin | None
Julia | None
Julia | None
Lindsey | None
Phoebe | None
Danielle | None
Daniel | None
Sophia | None
Nick | None
Luke | None
Kerrin | None
Kayla | None
Kaitlyn | None
Jade | None
Emily | None
Michelle | None
Brendan | None
Akeem | None
Jonathan | None
John | None
Hallel | None
Lucas | None
Harley | None
Haley | None
Maximilian | None
Rachel | None
Julia | None
Carolyn | None
Samantha | None
Steven | None
Tommy | None
Adam | None
Daniel | None
D'Andre | None
Courtney | None
Connor | None
Connor | None
Chris | None
Charles | None
Cassandra | None
Carolynn | None
Caroline | None
Daniel | None
Cara | None
Caleb | None
Bridget | None
Anthony | None
Anthony | None
Anthony | None
Anastasia | None
Alyssa | None
Alexis | None
Alexcea | None
Alec | None
Callen | None
Ryan | None
Joshua | None
Ryann | None
Jason | None
Ryan | None
Dan | None
Thomas | None
Hannah | None
Nick | None
Darby | None
Sam | None
Patrick | None
Gabriella | None
Bryan | None
Jeanine | None
Bob | None
Delaney | None
James | None
Samantha | None
Nick | None
Jocelyn | None
Tyson | None
Kris | None
Jacob | None
Austin | None
Devin | None
Larissa | None
Kayla | None
Andrew | None
Adam | None
Emma | None
Sarah | None
Caree | None
Yousra | None
Ben | None
Maximillian | None
Daniel | None
Michael | None
Taylor | None
Alexander | None
Lindsay | None
Kyle | None
Ryan | None
Daniel | None
Alexa | None
Gabrielle | None
Tyler | None
Cam | None
Will | None
Caroline | None
Jenn | None
Sarah | None
Hannah | None
Nicholas | None
Devon | None
Jon | None
Shana | None
Sidora | None
Sofia | None
Stephanie | None
Theresa | None
Zach | None
Jhoom | None
Zoe | None
Dayne | None
Katie | None
Cameron | None
Adam | None
Andrew | None
Camden | None
Tyler | None
Zerinee | None
Stephanie | None
Tyler | None
Dennis | None
Erika | None
Thomas | None
Corrine | None
Brendan | None
Connor | None
Bri | None
Tyler | None
Kristina | None
William | None
Courtney | None
Viju | None
Gabriella | None
Ivone | None
Briana | None
Sarah | None
Metasebia | None
Mae | None
Preetha | None
CJ | None
Sarah | None
Metasebia | None
Emily | None
Bonnie | None
Kimberly | None
Brittni | None
Lottie | None
Melissa | None
Criss | None
Dana | None
Crystal | None
Jennifer | None
Cathy | None
Jeff | None
Lakshmi | None
Hilton | None
Ivone | None
Kimberly | None
Emily | None
Mistura | None
Briana | None
Chaithanya | None
Joey | None
Beth | None
Alina | None
Kim Baggerly | None
Kimberly Albarano Spicer | None
Bonnie Wells | None
Jennifer Paul | None
Jennifer Smith | None
Pramila A. | None
Carrie Reed | None
Janet | None
Jeff | None
Joseph | None
Kathryn | None
Letitia | None
Lundyn | None
Mary | None
Jasmeen | None
Samantha Nystrom | None
Dana O'Hara | None
Amanda | None
Ari | None
Brenda | None
Daniel | None
del | None
Natalie | None
Ty Rivas | None
Nick | None
Stefanie | None
sunita | None
Tricia | None
Varalakshmi | None
Latonya | None
Donna | None
renne | None
Colleen | None
Dennis | None
Diego | None
Joseph | None
Adam | None
Alexandra | None
Sabine | None
Adam | None
Tunde | None
Christine | None
Jordan | None
Dana | None
Michael | None
Viju | None
Ryan | None
Tracy | None
Tierra | None
Tania | None
Maria | None
Ivone | None
Christopher | None
Trevor | None
Debbie | None
Brian | None
Brittni | None
Fas | None
Iesha | None
Janet | None
Jazzmine | None
Jordanna | None
Kimberly | None
Natalia | None
LinkedIn | None
Stefanie | None
Patti | None
Melanie | None
Aafia | None
Phil | None
Usen | None
Rhonda | None
Vu | None
Erin | None
Julianna | None
Cherie | None
Criss | None
Patrick | None
Dennis | None
Cheryl | None
Ryan | None
Zac | None
Aafia | None
Viju | None
Gabriella | None
Pamela | None
Desiree | None
Zac | None
Crystal | None
Brittni | None
Colleen | None
John | None
Patrick | None
Emily | None
Pramila | None
Jill | None
Christopher | None
Cherie | None
Tom | None
Cathy | None
Reggie | None
Carolyn | None
Bonnie | None
Alisha | None
Jacques | None
Patty | None
Scott | None
Michael | None
Nestor | None
Jennifer | None
Dan | None
Edward | None
Kelly | None
Brian | None
Brett | None
Connie | None
Tammy | None
Arnold | None
Cody | None
Michael | None
Sana | None
Juliet | None
Jay | None
Dinh | None
Don | None
April | None
Timothy | None
Alex | None
Travis | None
J. | None
Chris | None
Lauren | None
Lauren | None
Edward | None
Robert | None
Alex | None
Christopher | None
Charly | None
Robert | None
Irina | None
Jay | None
Emmanuel | None
Connie | None
Thomas | None
Kelly | None
Patty | None
Lisa | None
James | None
Robert | None
Jaime | None
Ricardo | None
Tammy | None
Jelani | None
Jeffrey | None
Michael | None
Vikas | None
Carla | None
Anthony | None
Monty | None
Josh | None
Ashley | None
Shannon | None
Savannah | None
Joe | None
Michael | None
Emma | None
Brian | None
Karen | None
Matu | None
Steven | None
John | None
Todd | None
Toni | None
Danielle | None
Anthony | None
Mark | None
Enrique | None
Russell | None
Deanna | None
Christopher | None
Monique | None
Camille | None
Cheryl | None
Blake | None
Shelly | None
Carlyle | None
Keith | None
Theresa | None
Stephanie | None
Chelsey | None
Chantal | None
D. | None
Molly | None
Hisham | None
Tobin | None
Johny | None
Tyler | None
Bryan | None
Timothy | None
Christa | None
George | None
Joseph | None
Katie | None
Jenny | None
Jill | None
Darin | None
Travis | None
Lauren | None
Tara | None
TiJana | None
Kallie | None
Clayton | None
Patrick | None
Michelle | None
Pamela | None
Christina | None
Mary | None
Valeria | None
Elizabeth | None
Pamela | None
Thyla | None
Joyce | None
Will | None
Yesenia | None
Marc | None
Melanie | None
Jessica | None
Wes | None
DJ | None
Melina | None
Stacy | None
Taylor | None
Aleesha | None
Lynn | None
Amanda | None
Christina | None
Katelyn | None
Karen | None
Stephanie | None
Diane | None
Jennifer | None
Martin | None
Megan | None
T'oyashima | None
Gabrielle | None
Heather | None
Nolan | None
Manar | None
Sabrina | None
Neeharika | None
Nyerra | None
Anthony | None
Sarah | None
Allison | None
Meghan | None
Courtany | None
Kristine | None
Meg | None
Brian | None
Epiphany | None
Julia | None
Asia | None
Croswell | None
Paige | None
Gricinda | None
Leah | None
Thu | None
A. | None
Tina | None
Chris | None
Matthew | None
Kseniya | None
Sandip | None
Kyle | None
Dimaris | None
Tyler | None
Shannon | None
Jenna | None
Alex | None
Theresa | None
Lisa | None
Kimberly | None
Chris | None
Lisa | None
Kari | None
Candace | None
Kiber | None
Kilie | None
Clyde | None
Anila | None
Julianna | None
David | None
Luis | None
Lauren | None
Courtney | None
Kristin | None
Sonia | None
Laura | None
Desmyn | None
Kimberly | None
Michelle | None
Amanda | None
Ami | None
Priscilla | None
Katie | None
Catherine | None
Marci | None
Nicole | None
Patricia | None
Brian | None
Michael | None
Ingrid | None
Sheirman | None
Brent | None
Todd | None
Garth | None
Nikkey | None
Brandon | None
Ryan | None
Jeff | None
Haley | None
Chris | None
Danielle | None
TJ | None
Robert | None
Sherell | None
Brittany | None
Shannon | None
Jeffrey | None
Rachel | None
Ailona | None
Marinelly | None
Kathleen | None
Meredith | None
Matt | None
Jay | None
Dana | None
Kelly | None
Lance | None
Meagan | None
Hillary | None
Mary | None
Carlos | None
Dekergai | None
Sharon | None
Jennifer | None
Andrea | None
Brooke | None
Michael | None
Megan | None
Sheetal | None
Lana | None
Ryan | None
Claire | None
Katie | None
Shawn | None
Shelbie | None
Samantha | None
Vanessa | None
Jaclyn | None
Kevin | None
Jason | None
Karely | None
Angie | None
Robert | None
Michelle | None
Moriah | None
Lisa | None
Mason | None
Stephen | None
Samuel | None
Duane | None
Jessica | None
Beth | None
Kimberly | None
JUSTIN | None
Mandy | None
Colleen | None
Emily | None
Valeska | None
Tyler | None
Raye | None
Joseph | None
Alexis | None
Sarah | None
Juliana | None
Tracie | None
Hannah | None
Tiah | None
Triet | None
Beth | None
Lauren | None
Semsa | None
Taryn | None
Alejandra | None
Josh | None
Brad | None
Nick | None
Leah | None
Elizabeth | None
Jill | None
Ashley | None
Andy | None
Jami | None
Betsy | None
Sarah | None
Georgia | None
Debra | None
Pamela | None
Sarah | None
Kari | None
Rachael | None
Akhadj | None
Amare | None
Erika | None
Mallory | None
Nicole | None
Kirsten | None
Tucker | None
Arielle | None
Payton | None
Jesse | None
Katy | None
Arielle | None
Avena | None
Adeana | None
Jennifer | None
Aaliyah | None
Jaionne | None
Claudia | None
Tara | None
Jill | None
Phillip | None
Amberly | None
Heather | None
Joelle | None
Karolyn | None
Janie | None
Krisie | None
Bailey | None
Angelina | None
Chizoma | None
Patty | None
Kalimir | None
Inna | None
Sarah | None
Carol | None
Angela | None
Kelsey | None
Jeff | None
Gala | None
Melissa | None
Jasmine | None
Dom | None
Thomas | None
Erin | None
Jennifer | None
Neil | None
Melanie | None
Jill | None
Cassie | None
Chasity | None
Corey | None
Rosalinda | None
Kevin | None
Krisann | None
Gabriella | None
Rob | None
Shane | None
Candice | None
Lindsay | None
Marisa | None
Shane | None
Tomya | None
Travion | None
Deirdre | None
Jana | None
Amanda | None
Courtney | None
Adam | None
Kate | None
Lauren | None
Dylan | None
Becky | None
Kaitlin | None
Shannon | None
Christopher | None
Roxie | None
Natalie | None
Demi | None
Sheryl | None
Jada | None
Derek | None
Blake | None
Kristen | None
Brooke | None
Shelly | None
Ismail | None
Deanna | None
Bianca | None
Aziz | None
Marisa | None
Melissa | None
Randy | None
Conner | None
Rachel | None
Robyn | None
Kristen | None
Jen | None
James | None
Bryant | None
Chris | None
Jill | None
Ruth | None
Susie | None
Cynthia | None
Kimberley | None
Xiomara | None
Tahja | None
Tolu | None
Christopher | None
Sean | None
Carol | None
Kendrick | None
Estefany | None
Christine | None
Francisco | None
Lucas | None
Corrine | None
Kali | None
Sergio | None
Ken | None
Paige | None
Victorya | None
Montrell | None
Brittany | None
Jill | None
Lisette | None
Alexa | None
Ralph | None
Caleb | None
Julie | None
Jessica | None
Parker | None
Michele | None
Fatima | None
Rachel | None
Marlon | None
Omar | None
Brittney | None
Jessica | None
Ashley | None
Cody | None
Cody | None
Sarah | None
Beth | None
Kristen | None
Allison | None
Gillian | None
Rhonda | None
Trevor | None
Eleni | None
Emma | None
Jennifer | None
Esther | None
Stan | None
James | None
Nathan | None
Viktoria | None
Zachary | None
Chris | None
Jena | None
Zachary | None
Aaliyah | None
Malcolm | None
Johnnie | None
Rob | None
Taylor | None
Casey | None
Amanda | None
Tammy | None
Sara | None
Davin | None
Derrick | None
Alexis | None
Andrea | None
Marnie | None
Kristi | None
Jean | None
Jamie | None
Devin | None
Erik | None
Michael | None
Nina | None
Crystal | None
Alex | None
Jennifer | None
Ripu | None
Sade | None
Alicia | None
Brandi | None
Stephanie | None
Nancy | None
Ruchi | None
Mara | None
Collin | None
Miranda | None
Sarah | None
Stacey | None
Kaylee | None
Kellee | None
Katie | None
Arianna | None
Nicholas | None
Shayne | None
Candace | None
Lexus | None
Jackie | None
Paige | None
Kara | None
Cartonia | None
Elizabeth | None
Tereasa | None
Chelsea | None
Tina | None
Tanner | None
Julie | None
Wendy | None
Patti | None
Karla | None
Cara | None
Rhiannon | None
Samantha | None
Haley | None
Ose | None
Vrishali | None
Christina | None
Steph | None
Stephanie | None
Ashley | None
Caitlin | None
Erin | None
Maxine | None
Kiara | None
Sarah | None
Sara | None
Riva | None
Allison | None
Brandon | None
Frank | None
Matt | None
Elex | None
Jonathan | None
Julie | None
Adam | None
Hannah | None
Ryan | None
Teresa | None
Sabrina | None
Vance | None
Humberto | None
Krystle | None
Chelsea | None
Julie | None
Ananya | None
Jessica | None
Ryan | None
Luis | None
Kendall | None
Donnisha | None
Audrey | None
Kimberly | None
Jenny | None
Ashley | None
Eliza | None
Katie | None
Farrell | None
David | None
Emily | None
Kristina | None
Liz | None
Wendy | None
Christina | None
Zack | None
Greg | None
Chris | None
Lamberto | None
Diana | None
Emily | None
Karly | None
Travis | None
Kimberly | None
Gordon | None
Chris | None
Shay | None
Michelle | None
Brianah | None
Lindsey | None
Nina | None
Nancy | None
Kendra | None
Layla | None
Keith | None
Heather | None
Reid | None
Rebecca | None
Renee | None
Renee | None
Renate | None
Rebecca | None
Renay | None
Rebekah | None
cody | None
Jennifer | None
Kéary | None
Andrea | None
Ross | None
Chris | None
Jen | None
Kristen | None
Megan | None
Patricia | None
Telana | None
Tony | None
Milan | None
Christopher | None
Karen | None
Rachel | None
Maile | None
Krynda | None
Kris | None
David | None
Karen | None
Molly | None
Theresa | None
Jennifer | None
Michael | None
Jana | None
Jeremy | None
Michael | None
Marissa | None
Dawn | None
Mele | None
Todd | None
Audrey | None
Charlotte | None
Lainie | None
David | None
Anthony | None
Jeremy | None
Michelle | None
Danielle | None
AnnaBelle | None
Taryn | None
Shana | None
Isaiah | None
Jaclyn | None
Megan | None
Samantha | None
Natasha | None
Elsa | None
Mick | None
Teri | None
Amanda | None
Alaina | None
Karina | None
Stephanie | None
Raeven | None
Faven | None
Topaz | None
Sinead | None
Alexander | None
Leigh | None
Lauren | None
Lauren | None
Miller | None
Matthew | None
Tonia | None
Haleigh | None
Courtney | None
Lisa | None
Brenna | None
Sabrina | None
Tyrone | None
Whitney | None
Steven | None
Melissa | None
Kelly | None
Courtney | None
Jenna | None
Andrea | None
Sathya | None
Kari | None
Bailey | None
Theresa | None
Kinzie | None
Kevin | None
Todd | None
Kevin | None
Nicholas | None
Killian | None
Amy | None
Bianca | None
Jeff | None
Tiffany | None
Sarah | None
Damian | None
Kelly | None
LaRett | None
Cristina | None
Pilar | None
Jace | None
Christopher | None
Kristlee | None
Louis | None
Shakema | None
John | None
Jennifer | None
Madeline | None
Julia | None
Erich | None
Kevin | None
Elizabeth | None
Amber | None
Brian | None
Tonya | None
Hiyasmin | None
Robyn | None
Jennifer | None
Beth | None
Roger | None
Sierra | None
Jahmar | None
Bob | None
Jonya | None
Nicole | None
Audrie | None
Emily | None
MaryRose | None
Victoria | None
Kaila | None
Becky | None
Kyla | None
Terrance | None
Griselmarie | None
Bethany | None
Brian | None
Jonathan | None
Lucy | None
Ryan | None
Melissa | None
Elizabeth | None
Kalie | None
Djavar | None
Elena | None
Lindsay | None
Lois | None
Michelle | None
Karly | None
Jessica | None
Charles | None
Kayla | None
Melissa | None
Becca | None
Elena | None
Kurt | None
Shannon | None
DoMonique | None
Jim | None
Michael | None
Victoria | None
Brittany | None
Tiffaney | None
Peter | None
Kaylee | None
Emily | None
Sahar | None
Luvan | None
Giovanni | None
Alicia | None
Lance | None
James | None
Meghan | None
Jamie | None
Gabriel | None
Joshua | None
Amber | None
Beenish | None
Telana | None
Matt | None
Michael | None
Travis | None
Mandy | None
Corey | None
Kristin | None
Emily | None
Varsha | None
Amy | None
Anmol | None
Abigail | None
Cecilia | None
James | None
Rosie | None
Tonia | None
Freya | None
Cecilia | None
Luke | None
Mila | None
Dustin | None
Loran | None
Beenish | None
Heidi | None
Chris | None
Kimberly | None
Brandi | None
Tamara | None
Kiara | None
Loren | None
Taryn | None
Jack | None
Annecorette | None
Brent | None
Chelsey | None
Lisbel | None
Brittany | None
Justin | None
Daniel | None
Jennifer | None
Alaina | None
Tiffany | None
Kevin | None
Kéary | None
Katie | None
Katheryne | None
Kara | None
Joshua | None
Jocelyn | None
Jesse | None
Jeffrey | None
Kimberly | None
Jeannie | None
Gabriel | None
Frank | None
Erica | None
Tyler | None
Gabriella | None
Grace | None
James | None
Jamie | None
Jasmine | None
Henry | None
Krisha | None
Kyle | None
Leah | None
Rob | None
Rhianna | None
Renee | None
Angie | None
Raina | None
Polikowski | None
Oladimeji | None
Nolan | None
Nicole | None
Nichole | None
Nicholas | None
Neil | None
Michael | None
Michael | None
Meghan | None
Marty | None
Mandy | None
Mahin | None
Madeline | None
Lisa | None
Lisa | None
Jeff | None
Jill | None
Jillian | None
John | None
Brett | None
Brent | None
Brandon | None
Beenish | None
Ashley | None
Ashley | None
Ashley | None
April | None
Antoine | None
Logan | None
Loren | None
David | None
Kyle | None
Matt | None
Todd | None
Alex | None
Alexander | None
Aliza | None
Amy | None
Anthony | None
Angie | None
Brian | None
Ryan | None
Brice | None
Chris | None
Josh | None
Justin | None
Morgan | None
Layce | None
Dustin | None
Diaz | None
Dianna | None
Diana | None
Devin | None
Dawn | None
Dawn | None
David | None
Danielle | None
Dajha | None
Cynthia | None
Cynthia | None
Corbin | None
Clayton | None
Cj | None
Cinda | None
Christina | None
Bronwyn | None
Samantha | None
Andrea | None
Shay | None
Tavia | None
Tanairi | None
Steven | None
Shawn | None
Samantha | None
Katrina | None
Christopher | None
Amanda | None
Brigitte | None
Kyle | None
Linda | None
Felicia | None
Summer | None
Grant | None
Bryan | None
Alexandra | None
PJ | None
PJ | None
Mark | None
Jose | None
Adam | None
Jesse | None
Lindsey | None
Chris | None
Chris | None
Bianca | None
Deb | None
Jason | None
Patrick | None
Sam | None
Ron | None
Michael | None
Larry | None
Karen | None
Heather | None
Lewis | None
Eric | None
Mike | None
Randy | None
Todd | None
Larry | None
Leslie | None
Sam | None
Kerri | None
Michael | None
Robert | None
Ron | None
Scott | None
Cornelius | None
Karen | None
Candia | None
David | None
C. | None
Jerry | None
Aaron | None
Matvey | None
Victor | None
Neil | None
Megan | None
Tom | None
Eric | None
Ashley | None
Erika | None
Mary | None
Jon | None
Tina | None
Alicia | None
Amanda | None
Mikayla | None
Heather | None
Brandon | None
Kathy | None
Shannon | None
Anita | None
Rachel | None
Ella | None
Mike | None
Kerri | None
Agnieszka | None
Debbie | None
Jeannee | None
Harry | None
Taryn | None
Shacquerra | None
Parker | None
Trevor | None
Cecily | None
Lea | None
Awen | None
Crystal | None
Jessica | None
Terry | None
Elena | None
Lauren | None
Abbie | None
Jessmar | None
Princess | None
Hyacinth | None
Lyka | None
Michael | None
Leane | None
Rosa | None
Jorge | None
Enrico | None
Drei | None
Zayra | None
Francisco | None
Carrie | None
Kaye | None
Darryl | None
Heidi | None
Erol | None
Erica | None
Millen | None
Princess | None
Vanessa | None
Linda | None
Vinod | None
Paolo | None
Connor | None
Example | None
Emma | None
Jennifer | None
Ashish | None
Kiralee | None
Prabhat | None
Giselle | None
Nisha | None
Chesca | None
Claudia | None
Scott | None
Sanjay | None
Christopher | None
Katrina | None
Czar | None
Daniel | None
Mary | None
Debra | None
David | None
Chelsie | None
rosa | None
noemi | None
Scott | None
Divine | None
Irhon | None
Jacqueline | None
Jessica | None
Keval | None
Kiralee | None
may | None
emanuel | None
May | None
Michelle | None
Preeti | None
Gil | None
Avi | None
Aldrin | None
Lynn | None
Deborah | None
Kendall | None
Annie | None
Randy | None
Don | None
Joe | None
Steven | None
Paul | None
Nancy | None
Christine | None
Joanne | None
Paul | None
Sherry | None
Lonna | None
Shae | None
Kate | None
Denise | None
Brian | None
Gracie | None
Deborah | None
Gracie | None
Annie | None
Shae | None
Steve | None
Deborah | None
Kendall | None
Sukhi | None
Steve | None
Madeline | None
Laura | None
Catherine | None
Ked | None
Barbara | None
Donna | None
Kevin | None
Mel | None
KP | None
Ritika | None
Devesh | None
Puja | None
Suraj | None
Abhishek | None
Kulpreet | None
Ekula | None
Charanjeet | None
Ram | None
Bhavna | None
Prasanjeet | None
Kevin | None
Praveen | None
Brendan | None
Anuj | None
Keith | None
Amanda | None
Tina | None
Sukhmani | None
Ashish | None
Priyanka | None
Sarah | None
Felipe | None
Iryna | None
Megan | None
Prabhat | None
Jack | None
David | None
Shaantanu | None
Priyank | None
Shane | None
Aakarsh | None
Ritwick | None
Gunjan | None
Akash | None
Sanya | None
Deepak | None
Payal | None
Jitender | None
Mark | None
Melissa | None
Natalie | None
Nathaniel(Nat) | None
Nick | None
Stacy | None
Richard | None
Sarah | None
Tyler | None
Wenda | None
Keith | None
Patrick | None
Jessica | None
Ariel | None
Elizabeth | None
Jad | None
Mary | None
Paul | None
Adrienne | None
Jennifer | None
Amanda | None
Allyson | None
Brandon | None
Carissa | None
Christal | None
David | None
Tracie Young | None
Sunnie | None
Ed | None
Adriana | None
Andreina | None
Hanyia | None
Paola | None
Luis | None
Eudy | None
Abhijeet | None
Parul | None
Maria | None
Ashish | None
Nicole | None
Ritik | None
Olivera | None
Yuqing | None
Chandler | None
Recruiting | None
Chandler | None
Elias | None
Luke | None
Yuqing | None
Wenjia | None
Harry | None
Carolyn | None
Michael | None
Merve | None
Elias | None
Stacy | None
Jeff | None
Samantha | None
Siera | None
Paige | None
Mallory | None
Hannah | None
Nora | None
Joselyn | None
Carlos | None
Penny | None
Adam | None
Chris | None
Laura | None
Jesse | None
Bria | None
Jack | None
Kilhwa | None
Amanda | None
Richard | None
Jennifer | None
Christian | None
Shannon | None
Michael | None
Nekia | None
Charlotte | None
Frey | None
Paris | None
Erik | None
Audrey | None
Mitchelle | None
Leon | None
Melissa | None
David | None
Laura | None
Valerie | None
James | None
Brystal | None
Russ | None
Dalana | None
Leslie | None
Reagan | None
La'Nita | None
Jessica | None
Jason | None
Christopher | None
Paul | None
Kailee | None
Jennifer | None
Kayla | None
Kaytlin | None
Rob | None
Kimberly | None
Da'Janai | None
Saevon | None
Gloria | None
Samuel | None
Sandra | None
Ally | None
Jessica | None
Maria | None
Christina | None
Kwadwo | None
Michael | None
Rocky | None
Mustafa | None
Isaiah | None
Hannah | None
Elijah | None
Corrie | None
Stephanie | None
Kyle | None
Connor | None
Whitney | None
Christopher | None
Jessica | None
Leah | None
Mike | None
Mollie | None
Aleman | None
Carney | None
Taylor | None
Jordyn | None
Adrienne | None
Billie | None
Marlo | None
Tracey | None
Vanessa | None
Lacey | None
Joan | None
Jill | None
Tracy | None
Swanza | None
Marcel | None
Christopher | None
Ashley | None
Colby | None
Kelly | None
Michael | None
Kristen | None
Luda | None
Francisco | None
Chris | None
Jorge | None
Carly | None
Charlotte | None
Anthony | None
Scott | None
Whitney | None
lacey | None
Amy | None
Vanessa | None
Michaela | None
Glenn | None
Hemalatha | None
Pam | None
Reena | None
Adam | None
Mollie | None
Tracey | None
Chris | None
Chaitanya | None
Katelyn | None
Shaveta | None
Susan | None
Melvin | None
Brett | None
Allison | None
Shanky | None
Jennifer | None
Vanessa | None
Jorge | None
Terrence | None
Sandy | None
Karen | None
Anthony | None
Alexis | None
Elizabeth | None
Thomas | None
Amy | None
Pam | None
Heather | None
Cameron | None
Janice | None
Heather | None
Michaela | None
Lauren | None
AJ | None
Jessica | None
Karen | None
Regis | None
Erin | None
Kimberly | None
Aaron | None
Jenn | None
Michael | None
Scott | None
Taylor | None
Phillip | None
Carl | None
Caleb | None
Holly | None
Reena | None
Nicholas | None
Nicholas | None
Chris | None
Oscar | None
Christopher | None
Francisco | None
Alex | None
Kristen | None
Maria | None
Chris | None
Karen | None
Charlotte | None
Lauren | None
Kaan | None
Jaysson | None
Cameron | None
Heather | None
Cameron | None
Charles | None
Kailey | None
Heather | None
Adam | None
Ryan | None
Tracy | None
Oscar | None
Kelly | None
Elizabeth | None
Mike | None
Tracey | None
Swanza | None
Alex | None
Christopher | None
Marcel | None
Ashley | None
Colby | None
Vanessa | None
Jordyn | None
Michael | None
Maria | None
Marian | None
Kristina | None
Pinky | None
Billie | None
Thomas | None
Kristina | None
Morgan | None
Tonya | None
Lauren | None
Lasheira | None
Teresa | None
Sierra | None
Shanna | None
Natalia | None
Kelly | None
Jeffrey | None
Avery | None
ATC | None
Sara | None
Rowland | None
janet | None
Rita | None
Nathalia | None
Melissa | None
April | None
Marvin | None
Efrain | None
Ashley | None
Gueisha | None
Jessica | None
Taylor | None
Hyrold | None
Emily | None
Diane | None
Audrey | None
Ashley | None
Melissa | None
Logan | None
Jessica | None
Sophia | None
Kelsi | None
Roshauud | None
Lucille | None
Cuong | None
Ritika | None
Liz | None
Eugenia | None
Dana | None
Danielle | None
Darren | None
Dee | None
Delicia | None
Edward | None
Genni | None
Victor | None
Alexandria | None
victoria | None
Lexee | None
Shereka | None
Sue | None
Valerie | None
Viviana | None
Alexis | None
Avni | None
Cai | None
Daisy | None
Alexander | None
Elizabeth | None
Emily | None
Laura | None
Van | None
Abdul | None
Kendra | None
Karen | None
Kara | None
Jessica | None
Jen | None
Gloria | None
Evelyn | None
Esther | None
James | None
Anna | None
Faiz | None
Sultankhan | None
Preston | None
Elizabeth | None
Ina | None
Kristen | None
Eunice | None
Anju | None
Viviana | None
Danielle | None
Kasee | None
Lexee | None
Evelyn | None
Alayna | None
KRISHNA | None
Kelsie | None
Kimberly | None
Ranjith | None
Renae | None
Beatriz | None
Shane | None
Jared | None
Tim | None
CD | None
Diana | None
Lucas | None
Lucy | None
Mikayla | None
KRISHNA | None
Sultankhan | None
Jeishka | None
Anna | None
Preety | None
Kate | None
Karwan | None
Josh | None
Jordan | None
Jennifer | None
jenifer | None
Jeishka | None
Jack | None
Idrisha | None
Hilary | None
Grayson | None
Napoleon | None
Nick | None
Nicole | None
Patrick | None
Preston | None
Rosey | None
Padma | None
Alexandria | None
Alena | None
Thomas | None
Michael | None
Amanda | None
James | None
Beatriz | None
Faiz | None
Deep | None
Laura | None
Naysa | None
Ron | None
Justin | None
Rosalle | None
Sarah | None
Lecrecia | None
Balajee | None
Kasee | None
Megan | None
Linda | None
Jeanette | None
Preston | None
Amanda | None
Casey | None
Kelly | None
Lisa | None
Anurag | None
Pankaj | None
Bianca | None
Charles | None
Judith | None
Shweta | None
Rohit | None
Laura | None
Naysa | None
Meredith | None
Lucas | None
Anna | None
Lexee | None
Emily | None
Sharmistha | None
Alexander | None
Jared | None
Laura | None
Megan | None
Alexis | None
Janie | None
Carson | None
Aileen | None
Howell | None
Ian | None
Kelly | None
Michael | None
Lawrence | None
Victor | None
Thomas | None
Janice | None
Yash | None
Shweta | None
Van | None
Anju | None
Casey | None
Brett | None
Kent | None
Evelyn | None
Ina | None
Meghan | None
Stephanie | None
Melissa | None
Preston | None
Rebecca | None
Amanda | None
Renae | None
kaise | None
Alexandria | None
Shelby | None
Natalie | None
Eunice | None
James | None
Michael | None
Othello | None
Cuong | None
Matthew | None
Liz | None
Elizabeth | None
Nick | None
Kristen | None
Kayci | None
Ralph | None
Peter | None
Nick | None
Laura | None
Kyle | None
Danny | None
Samantha | None
Stefanie | None
Kaz | None
Echo | None
Jason | None
Bill | None
Ron | None
Matt | None
Victor | None
Adam | None
Adam | None
Alan | None
Alec | None
Reema | None
Lea | None
Alvin | None
Andrew | None
Andy | None
Austin | None
Brian | None
Chelsea | None
Ian | None
Nathan | None
Crystal | None
Jocelyn | None
Patrick | None
Rita | None
Doug | None
Tammy | None
Yurii | None
Ivan | None
Sheila | None
Chad | None
Kylie | None
William | None
Erin | None
Melodie | None
Ryan | None
Nick | None
Tina | None
Samuel | None
Patrick | None
Joseph | None
Cory | None
Robert | None
Ray | None
Steven | None
Kyle | None
Marcus | None
Antonio | None
Anthony | None
Fernando | None
Tonya | None
Andrew | None
Anthony | None
Kendra | None
Michael | None
Anthony | None
Bill | None
Servando | None
Marlon | None
Adam | None
Robert | None
Alex | None
Tiffany | None
Eric | None
Ray | None
Patrick | None
Kenny | None
Kelly | None
Aryana | None
Justin | None
Kevin | None
Harry | None
Sarah | None
Julius | None
William | None
Callie | None
Jonathan | None
Brian | None
Ariel | None
Chris | None
Jeremy | None
Phillip | None
Stephen | None
Brynna | None
Isaiah | None
Jim | None
Sara | None
Kimberly | None
Ivan | None
Dani | None
Derrick | None
Rebecca | None
John-Paul | None
Gale | None
Alexandra | None
Marisa | None
Diana | None
Jae | None
Ethan | None
Mark | None
Joe | None
Dave | None
venu | None
sean | None
scott | None
mark | None
Elly | None
Shalaka | None
Praveen | None
Payal | None
Madhus | None
Laddie | None
Jon | None
Farah | None
Deep | None
Arti | None
Neelu | None
Divas | None
Sam | None
Laddie | None
Deepa | None
Evan | None
Keegan | None
Brian | None
Melissa | None
Sydney | None
Dianne | None
Nancy | None
Nathan | None
Caitlin | None
Rebecca | None
Swamy | None
John | None
John | None
Judy | None
Khareena | None
Shelby | None
Timothy | None
Richard | None
Lori | None
Kevin | None
Kelli | None
Emily | None
Dipika | None
Anna | None
Alanna | None
Rukmini | None
Md | None
Shelby | None
Aaron | None
Alex | None
Alfred | None
Allen | None
Amanda | None
Ashley | None
Brian | None
Carol | None
Stella | None
Misty | None
Neeraj | None
Misty | None
Randy | None
Kelly | None
Crystal | None
Leeza | None
Amanda | None
Sandra | None
Roy | None
Anthony | None
Brian | None
Divya | None
Emily | None
James | None
Kevin | None
Kyle | None
Mark | None
Martin | None
Nikhat | None
Megan | None
Mike | None
Dan | None
Stephanie | None
Daniel | None
Zack | None
Sarah | None
Sandra | None
Samuel-Steve | None
Mohammed | None
Samantha | None
Richard | None
Rhonda | None
Renee | None
Sean | None
Reena | None
Zyril | None
Raj | None
Peter | None
Peter | None
Paul | None
Patricia | None
Pamela | None
Neeharika | None
Randy | None
Shahbaaz | None
Shane | None
Matthew | None
Zach | None
Vince | None
Victor | None
Tina | None
Dennis | None
Divya | None
Hannah | None
Hayden | None
Henry | None
James | None
Jane | None
Janette | None
Julia | None
Karen | None
Katrina | None
Kenneth | None
Kim | None
Manoj | None
Marilyn | None
Denise | None
John | None
Misty | None
Rebecca | None
Swamy | None
Neeraj | None
Henry | None
Matthew | None
Megan | None
Kevin | None
Kyle | None
Zach | None
Mike | None
James | None
Reena | None
Nathan | None
Janette | None
Amanda | None
Hannah | None
Neeharika | None
Zack | None
Hayden | None
Stewart | None
Rukmini | None
Patricia | None
Divya | None
Sunil | None
Stewart | None
Stan | None
Spencer | None
Sony | None
April | None
Joel | None
Mark | None
Anthony | None
Vikram | None
Saira | None
Rebecca | None
Alyssa | None
Brian | None
Mary | None
Stella | None
Sara | None
Sean | None
Greg | None
Samantha | None
Tina | None
Katrina | None
Denise | None
Shelly | None
Paul | None
Diana | None
Selina | None
Pamela | None
Marilyn | None
Shane | None
Stella | None
Alfred | None
Shelby | None
Allen | None
Mary | None
Kim | None
Shahbaaz | None
Emily | None
Spencer | None
Julia | None
Sheldon | None
Alanna | None
Alyssa | None
Vanessa | None
Aaron | None
James | None
Sirisha | None
Shelly | None
Shelly | None
Santosh | None
Sindhu | None
Sam | None
Jane | None
Shelly | None
Sonia | None
Sohel | None
Khareena | None
Sameer | None
Anna | None
Nicole | None
Tina | None
Karen | None
Tina | None
Sri | None
Arun | None
Ashmi | None
Katie | None
Jo-Ellen | None
Preetish | None
Elizabeth | None
Harleen | None
Katherine | None
Kavir | None
Robbie | None
Tara | None
Peter | None
David | None
Siva | None
Liv | None
Brian | None
Marco | None
Stacy | None
Mark | None
Carly | None
Carson | None
Ryo | None
Michael | None
David | None
Zafeer | None
Michael | None
Alyson | None
Simon | None
Aaron | None
TJ | None
Adrian | None
Kyle | None
Leon | None
Alakh | None
Vijay | None
Matt | None
Philip | None
Ashish | None
David | None
Adam | None
William | None
Cameron | None
Ankit | None
Chloe | None
Michael | None
Zafeer | None
Alyson | None
Ellen | None
Mark | None
Noha | None
Simon | None
Kyle | None
Alakh | None
Philip | None
Stacy | None
David | None
Michael | None
Vijay | None
Peter | None
Arun | None
Robbie | None
Tavleen | None
Adrian | None
Carly | None
Matt | None
Ryo | None
Brian | None
William | None
Marco | None
Jonathan | None
Shiva | None
Leon | None
Roger | None
David | None
Thomas | None
Shawn | None
Jim | None
Kate | None
Vamsee | None
Carrie | None
Eptisam | None
Kavir | None
Carlos | None
Bridget | None
Ashish | None
NICOLE | None
Annie | None
Jeff | None
Jordan | None
Juliana | None
Corben | None
Easwar | None
Kevin | None
Scott | None
Mark | None
Phillip | None
Azriel | None
Rui | None
Peter | None
Allan | None
Danny | None
Andrew | None
Anthony | None
Chris | None
Harold | None
Bart | None
Hiring | None
Liam | None
Garrett | None
Carl | None
Jenn | None
MaeLynn | None
Amanda | None
John | None
Jessica | None
John | None
Traci | None
Kalysa | None
John | None
Carrie | None
Naniiya | None
Reuben | None
Aaron | None
Jonathan | None
David | None
Stacey | None
Robert | None
Scott | None
Anthony | None
Joshua | None
Caleb | None
Cara | None
Kalysa | None
Robert | None
Michael | None
Alexander | None
Ana | None
Keith | None
Estefany | None
Ronald | None
Bryan | None
Ramon | None
Ana | None
Janill | None
Gerardo | None
Andrew | None
Victor | None
Aaron | None
Lisa | None
Ronald | None
Gerardo | None
Aaron | None
Prateek | None
Juliet | None
Estefany | None
Brittany | None
Ramon | None
Ana | None
Julie | None
Mimelfy | None
Lisa | None
Estefany | None
Janill | None
Ramón | None
Kim | None
Nector | None
Alexa | None
Camila | None
Alexander | None
Ravi | None
Casey | None
Kalen | None
Kimberly | None
Katie | None
Jacquelyn | None
Missy | None
Syeda | None
Krish | None
Ashley | None
John | None
Lori | None
Megan | None
Parker | None
Heather | None
ruichong | None
parris | None
michael | None
mercedes | None
megan | None
lee | None
jacinthe | None
robert | None
ellie | None
elizabeth | None
dickson | None
dane | None
corey | None
brallan | None
attilio | None
em | None
Sandhiya | None
Charla | None
Beena | None
Rosanna | None
Abigail | None
Julia | None
Greg | None
Todd | None
Candace | None
Suresh | None
pooja | None
Andrea | None
Alexandra | None
Sasha | None
Karthikeyan | None
Indukala | None
Priya | None
Crystal | None
Lara | None
Jadyn | None
Arun | None
Jayakumar | None
Jake | None
Sarah | None
Alan | None
Daniel | None
Sowbiya | None
Parameswari | None
Baskar | None
Sundayah | None
Sarah | None
Kenia | None
Elizabeth | None
Afnan | None
Poojitha | None
Nicole | None
Dianne | None
Karen | None
Shaniel | None
Tom | None
Jason | None
Marc | None
Sean | None
Jessica | None
Ashley | None
Shawn | None
Timothy | None
Jim | None
Kelly | None
Claire | None
Cameron | None
Margie | None
Amber | None
Kimberly | None
Ahlam | None
Roger | None
Becky | None
Bailey | None
Spencer | None
Lanee' | None
Alexis | None
Cara | None
vinothini | None
Anika | None
Deborah | None
Franchesca | None
Kayla | None
Rick | None
Matthew | None
Rosie | None
Sofia | None
Anand | None
Ann | None
Christian | None
Megan | None
Clayton | None
Melissa | None
Jeff | None
Nikita | None
Mitch | None
Tamara | None
Salma | None
Ronald | None
James | None
Brad | None
Rey | None
Jack | None
Elly | None
Hannah | None
Zakaria | None
Kelly | None
Kirstie | None
Karthik | None
Sam | None
Grace | None
Timothy | None
Kirstie | None
Mindy | None
Kristy | None
Ashley | None
Jonathan | None
Janelle | None
Ashley | None
Branden | None
Allie | None
Charles | None
Rebeca | None
Khadasia | None
Ryan | None
Carmen | None
Ali | None
Heidi | None
Cody | None
Sayeh | None
Joshua | None
Lisa | None
Meghan | None
Paige | None
Dana | None
Taylor | None
Erik | None
Jennifer | None
Faiad | None
Faye | None
Brendan | None
yasmin | None
william | None
toyin | None
rebecca | None
ramona | None
melissa | None
melanie | None
maria | None
krystal | None
kristopher | None
jennie | None
gwen | None
erica | None
cassie | None
candice | None
bridgette | None
ashley | None
Jazmine | None
Vanessa | None
Kisha | None
Oliver | None
Brian | None
Owen | None
Amanda | None
Connor | None
Rhianna | None
Stella | None
Noah | None
Cheryl | None
Ehud | None
Rachel | None
Camille | None
Ashley | None
Dave | None
Jessica | None
Jarrod | None
John | None
Alexandra | None
Ericka | None
Kathryn | None
Zach | None
Michelle | None
Matt | None
Karli | None
Kelly | None
Rima | None
Archie | None
Webb | None
Patrick | None
Bryan | None
Claire | None
Curtis | None
Harmony | None
Samantha | None
Kara | None
Philip | None
Anh | None
Lynnette | None
Dominique | None
Ryan | None
Brandy | None
Jamal | None
Jennifer | None
Margo | None
Marvin | None
Tarah | None
Shauna | None
Malorie | None
Grace | None
Stephanie | None
Stephanie | None
Alina | None
Willie | None
Mia | None
Krista | None
Mark | None
Shashi | None
Archie | None
Kristine | None
Eric | None
Jessica | None
Diana | None
Lynnette | None
Stephanie | None
Miguel | None
Yasmin | None
Melissa | None
Andrea | None
Rodney | None
Kyle | None
Jason | None
Hannah | None
Ericka | None
Dustin | None
Annabelle | None
Ryan | None
Jamie | None
Veronica | None
Prasan | None
Deepak | None
Yesha | None
Linda | None
Samuel | None
Jody | None
Mariia | None
Rachel | None
Yesha | None
Ashley | None
Ashley | None
Beth | None
Bethany | None
Jan | None
Kerry | None
Kevin | None
Veronica | None
Greetings | None
Mili | None
Joseph | None
Deepak | None
Timur | None
Krista | None
Jim | None
Ashley | None
Dan | None
Lauren | None
Deepak | None
Joseph | None
Julie | None
Phillip | None
Tanya | None
Dan | None
Jim | None
Edward | None
Valerie | None
Prasan | None
Vickee | None
Steve | None
Timothy | None
Mariia | None
Greetings | None
Phillip | None
Michele | None
Mariia | None
Jan | None
Kelly | None
Kelly | None
Krista | None
Althea | None
Mindy | None
alevin | None
Julie | None
Emma | None
Nakia | None
Jonathan | None
Heather | None
Gonul | None
Gary | None
Gail | None
Chanel | None
Brad | None
John | None
Jazmyn | None
Nicole | None
Roberto | None
Praneeth | None
Raghu | None
Raj | None
Ram | None
Reddy | None
Thomas | None
Srikanth | None
Sunitha | None
Vadthyavath | None
Venu | None
Naresh | None
Roopali | None
Narendra | None
Jessie | None
Mike | None
Devender | None
David | None
Anil | None
Joe | None
Saikiran | None
Praveen | None
Karan | None
Vikram | None
Debasish | None
Roice | None
Alan | None
Monika | None
Vinny | None
Babu | None
Megan | None
Joseph | None
Courtney | None
Tanya | None
Lisa | None
Vicki | None
Autumn | None
Loren | None
Meg | None
Kathy | None
Lillian | None
Ernie | None
Shari | None
Camille | None
Kyle | None
Dan | None
Katie | None
Joy | None
Dawn | None
Kara | None
Cassie | None
Brandon | None
Alissa | None
Joslyn | None
Gabrielle | None
Cori | None
Evan | None
Heather | None
Holly | None
Bear | None
Paula | None
Audrey | None
John | None
Lauren | None
Breanna | None
Dishell | None
Ann | None
Anirudh | None
Ashley | None
Trisha | None
David | None
Simon | None
Ricardo | None
Russ | None
Amanda | None
Penny | None
Thomas | None
Lauren | None
Kyle | None
William | None
Christine | None
Karann | None
Veronica | None
Haley | None
Mark | None
Stephanie | None
Eddie | None
Richard | None
Kamalesh | None
Sean | None
Karishma | None
Lindsay | None
Chip | None
Reagan | None
Asad | None
Bram | None
Garima | None
Jennifer | None
Lindsay | None
Erin | None
Mark | None
Stephanie | None
Blair | None
Shannon | None
Kenny | None
sabrina | None
ralph | None
megan | None
lindsay | None
matt | None
lauren | None
davina | None
georgia | None
deborah | None
david | None
cindy | None
bumi | None
beth | None
jessica | None
anna | None
Samantha | None
Amy | None
Brianna | None
yaritsa | None
Shane | None
Alisha | None
Andrew | None
Christen | None
Leigh | None
Carolina | None
Tzadde | None
Tori | None
Meredith | None
Kristy | None
Kathryn | None
Katherine | None
Justin | None
Jerome | None
Grace | None
Gabby | None
Elizabeth | None
Amy | None
Alexa | None
Alexa | None
Alejandra | None
Alex | None
alan | None
Cameron | None
Christopher | None
Sara | None
Marissa | None
Alissa | None
Cassandra | None
victoria | None
Katherine | None
Jacob | None
Daniel | None
Ava | None
Lucie | None
Amanda | None
Christopher | None
Ma-Trice | None
Leticia | None
Esperanza | None
Kara | None
Esperanza | None
Cindy | None
Buddy | None
Ariel | None
Ana | None
Abigail | None
Megan | None
Brandon | None
Danielle | None
Kevin | None
Nate | None
Kasandra | None
anne | None
julie | None
marc | None
sandipan | None
sarah | None
tracey | None
Martha | None
Jay | None
Alex | None
Rija | None
Aishwarya | None
Natalie | None
Neelabh | None
Priya | None
Anuj | None
Ram | None
Esha | None
Kajal | None
Alok | None
Akansha | None
Leigh | None
Leisha | None
Avleen | None
Melinda | None
Aman | None
Soni | None
Deidre | None
Devesh | None
Ahmad | None
Laura | None
Mansi | None
Priya | None
David | None
Asad | None
Lauren | None
Sumit | None
Disha | None
Mayank | None
Purvakshi | None
Andi | None
Kritika | None
Inderdeep | None
Saumyashree | None
Swarangi | None
Sakshi | None
Rohit | None
John | None
Yash | None
Rohit | None
Shalini | None
Anubhav | None
Jennifer | None
Nupur | None
Kunal | None
LaShaunda | None
Saumya | None
Melissa | None
Andi | None
Elizabeth | None
Shawna | None
Terri | None
Vaishnavi | None
Neha | None
Nicole | None
Leah | None
Marlen | None
Cheryl | None
Kelly | None
D | None
Staci | None
Chiranjeev | None
Chelsea | None
Lorrain | None
Ishika | None
Saurabh | None
Haley | None
Puja | None
Stephanie | None
Atul | None
Kritika | None
Junaid | None
Rashmi | None
Nishant | None
Jalesa | None
Mayank | None
Sabyasachi | None
Vaishali | None
Sharon | None
Kaushal | None
Smita | None
Ankita | None
AG | None
Abhishek | None
Iryna | None
Akanksha | None
Jasnira | None
Sohail | None
Saurav | None
Nathan | None
Gurmeet | None
Mary | None
Keeyon | None
Mitra | None
COURTNEY | None
Melanie | None
Virginia | None
Jay | None
Deepti | None
Prerna | None
Shrey | None
Rishita | None
Ashutosh | None
Namrata | None
Chris | None
Staci | None
Kelly | None
Kristina | None
Shelly | None
Gregory | None
Kim | None
Sunil | None
Nikita | None
Nicole | None
Chad | None
Shikha | None
Rachael | None
Anshu | None
Bradley | None
Andrew | None
Carlo | None
Brenda | None
Josh | None
Naveen | None
Sean | None
Manish | None
Pinkey | None
Sonam | None
Utkarsh | None
Mayank | None
Aanchal | None
Shrey | None
Devansh | None
Disha | None
Niharika | None
Saurabh | None
Amit | None
Shweta | None
Granth | None
Dhruv | None
Shekhar | None
Megan | None
Divya | None
Vivek | None
Vishwa | None
Saurabh | None
Ritambhara | None
Rishav | None
Vishal | None
Faraz | None
Shoaib | None
Ashish | None
Nitin | None
Adil | None
Bhawana | None
Raghvendra | None
Gurjot | None
Bittu | None
Nitish | None
Divya | None
Khyati | None
Bobby | None
Grant | None
Sam | None
Sebastian | None
Glenn | None
Seong-Kwan | None
Chase | None
Mason | None
Justyna | None
Andrea | None
Annie | None
Anthony | None
Arlynda | None
Ben | None
Brian | None
Carly | None
Celeste | None
Charlie | None
Christian | None
Christian | None
Cyril | None
Dakota | None
Eric | None
Evan | None
Holly | None
Jasmine | None
Mackenzie | None
Luke | None
Katie | None
Kate | None
Kaleb | None
Kacie | None
Analiese | None
Derek | None
Alexander | None
Daniela | None
Rob | None
Lejla | None
Nicole | None
Paige | None
Tyler | None
John | None
Megan | None
Mary | None
Anthony | None
Glekeria | None
Jonathan | None
Kyle | None
Albert | None
Luke | None
Wilson | None
Grace | None
Abigayle | None
Eugenia | None
Bianca | None
Anthony | None
Quyen | None
Ally | None
Zachary | None
Diamond | None
Jonathan | None
Mark | None
Philip | None
Matthew | None
Clark | None
Nicole | None
Maria | None
Nicholas | None
Jennifer | None
Alexander | None
Abby | None
Courtney | None
Ashley | None
Mikaela | None
Kyle | None
Kyndall | None
Alex | None
Joe | None
Alex | None
Mallory | None
Ryan | None
Kimberly | None
Scott | None
Christina | None
Mike | None
Shirley | None
Grace | None
Kiran | None
Amber | None
Parker | None
Claire | None
Erion | None
Anna | None
Kate | None
Jonathan | None
Molly | None
Mariah | None
Taylor | None
Evan | None
Connor | None
Parker | None
Tiara | None
Will | None
Evan | None
Nolan | None
Kefil | None
Shayfer | None
Mason | None
Tom | None
Zach | None
Jonathan | None
Chris | None
Seth | None
Venkata | None
Ducheley | None
Trey | None
Savannah | None
Cassandra | None
Ahmed | None
Kyle | None
Christopher | None
Roland | None
Paul | None
christian | None
Cat | None
Tessa | None
Levore | None
Chase | None
Courtney | None
Todd | None
Trenton | None
Katy | None
Eliot | None
Stephanie | None
Kristen | None
Miguel | None
Odessa | None
Harrison | None
Alt | None
Tofpi | None
Connor | None
Ryan | None
Greg | None
Tiana | None
Christine | None
Blaine | None
Jamille | None
Heather | None
Cindy | None
Alexander | None
Cody | None
Frankie | None
Payton | None
Oliver | None
Reidy | None
LaMonica | None
Mahlke | None
Peery | None
Gass | None
Nunes | None
Anneliese | None
Woong | None
Kut | None
King | None
Stephenson | None
Quan | None
Moss | None
Harris | None
Villarreal | None
William | None
Matthew | None
Stan | None
Joseph | None
Theresa | None
Tom | None
Longa | None
Rachel | None
Eloise | None
Jay | None
Nick | None
Joseph | None
Ashley | None
Brody | None
Jesus | None
Mickala | None
Isabella | None
Evan | None
Emma | None
Genevieve | None
Daniel | None
Savannah | None
Ryan | None
Madison | None
Lindsay | None
Amy | None
Robert | None
Amy | None
Kim | None
Brennan | None
Tracy | None
Chandthru | None
Alex | None
Bria | None
Carson | None
Marc | None
Aaron | None
Jacob | None
Shane | None
Noah | None
Ryan | None
Ryan | None
Sabina | None
Sae | None
Shannon | None
Wil | None
Malik | None
Calle | None
Gentry | None
Natalie | None
Lamonte | None
Brock | None
Phil | None
Andy | None
Zach | None
Becca | None
Michael | None
William | None
Erika | None
David | None
Amanda | None
Olivia | None
Zuleika | None
Matt | None
Tyler | None
Charlie | None
Reyes | None
Guise | None
Ashley | None
Andrew | None
Jessie | None
Hailee | None
Kendall | None
Alex | None
Chris | None
Allison | None
Landen | None
Jannet | None
LaMark | None
Sebastian | None
Morgan | None
Nicki | None
Cyndi | None
Vicky | None
Rachel | None
Paul | None
Parker | None
Rachel | None
Ralph | None
Josh | None
Jason | None
Zachary | None
Emily | None
Lauren | None
Choonsoo | None
Nevin | None
Marcus | None
Marissa | None
Mallary | None
Luke | None
Nickolas | None
Robby | None
Rebecca | None
Carli | None
Amanda | None
Cory | None
Peyton | None
Scott | None
Alicia | None
Avery | None
Roy | None
Jordan | None
Natalie | None
Gabriella | None
Myles | None
Trent | None
Nadia | None
Emerson | None
Daniel | None
Candace | None
Tara | None
Annika | None
Jessica | None
Harshita | None
Victor | None
Adam | None
Melanie | None
Heather | None
Juel | None
Ryann | None
Russell | None
Logan | None
Evan | None
Caroline | None
Jacob | None
Melissa | None
Christian | None
Kristina | None
Brey | None
Kellie | None
Ashley | None
Justin | None
Taft | None
Kylie | None
Taylor | None
Tucker | None
Melissa | None
Megan | None
Celeste | None
Zachary | None
Tatyanna | None
Brandon | None
Carolina | None
Sierra | None
Melissa | None
Eric | None
Michael | None
Davis | None
Matthew | None
Stephen | None
Emily | None
Claudia | None
Kiley | None
Travis | None
Jessie | None
Emily | None
Jaisa | None
William | None
Kassandra | None
Nicholas | None
Peyton | None
Catherine | None
Cora | None
Keith | None
Sravya | None
Luana | None
Kyle | None
Nicholas | None
Max | None
Lucas | None
Joey | None
Jose | None
Bianca | None
Alexander | None
Matthew | None
Harrison | None
Karli | None
Grace | None
Julia | None
Sara | None
Jordan | None
Grant | None
Onyeka | None
Miguel | None
Amber | None
Ruairi | None
Qayshia | None
Dominik | None
Robbie | None
Helia | None
Jack | None
Corey | None
Kai | None
Chantelle | None
Heather | None
Katelyn | None
Luis | None
Kathryn | None
Rachel | None
Sarah | None
Alyssa | None
Jayde | None
Danielle | None
Jacob | None
Gabriela | None
Daniel | None
Heeral | None
Brian | None
Weston | None
Jordan | None
Adrian | None
Ashley | None
Yashar | None
Deidra | None
Kacie | None
Walter | None
Sarah | None
Jackson | None
Mark | None
Ramon | None
Christian | None
Cassidy | None
Laura | None
Nathaly | None
Morgan | None
Stephanie | None
Tania | None
Jennifer | None
Quyen | None
Laura | None
Justin | None
Adam | None
Paul | None
Estefania | None
Tintin | None
Joshua | None
Richard | None
Anthony | None
Travis | None
Frankie | None
Halle | None
Lauren | None
Michelle | None
Mona | None
Jenn | None
Krystal | None
Marco | None
Farrell | None
Robert | None
Domingo | None
Zakry | None
Brandon | None
Molly | None
Dee | None
Janae | None
Sam | None
Matt | None
Lesley | None
Evan | None
Blake | None
Darryl | None
Marcos | None
Bayley | None
Karlie | None
Sean | None
Olivia | None
Callye | None
Stephen | None
Ridge | None
Diana | None
Taylor | None
Rhandy | None
Robert | None
Savannah | None
Mark | None
Daniel | None
Ella | None
Kira | None
Anthony | None
Robert | None
Brea | None
Blanca | None
Kurt | None
Alonzo | None
Shaquille | None
Justine | None
Hailee | None
Haley | None
Zuleika | None
Shelby | None
Brittany | None
Noah | None
Gentry | None
Jesus | None
Lauren | None
Ashley | None
Ashley | None
Chris | None
Ethan | None
Andrew | None
Nate | None
Heather | None
Joseph | None
Jordyn | None
Carly | None
Ashley | None
Chanel | None
Jackson | None
Amy | None
Katelyn | None
Phoebe | None
Parth | None
Nicole | None
Abbi | None
Haley | None
Miranda | None
Lee | None
Marilyn | None
Paul | None
Robert | None
Bryce | None
Justin | None
Achilles | None
Jody | None
Sanny | None
Joseph | None
Gabriel | None
Cooper | None
Caitlin | None
Oscar | None
Mikaela | None
Estefani | None
Lyndi | None
Luke | None
Olivia | None
Mallary | None
Alejandro | None
Christy | None
Kylie | None
Kiran | None
Anna | None
Alexandria | None
Elizabeth | None
Claire | None
Chase | None
Nils | None
Zachary | None
Jared | None
Chad | None
Natalie | None
Lauryn | None
Emily | None
Jennifer | None
Matt | None
Dominic | None
Carly | None
Betsy | None
Marcus | None
Helen | None
Erika | None
Zachary | None
Brandon | None
Lexie | None
Madison | None
Andy | None
Kylie | None
Darius | None
Coral | None
Luke | None
Kendall | None
Sarah | None
Davis | None
Diana | None
Chris | None
Raegan | None
Maureen | None
Kristin | None
Jordan | None
Sebastian | None
Spencer | None
Tedra | None
Madison | None
Matt | None
Chris | None
Megan | None
Carson | None
Olivia | None
Justin | None
Luciana | None
Gabi | None
Gabriela | None
Nick | None
Lauren | None
Catherine | None
Ryan | None
Landon | None
Eric | None
Gabriella | None
Elizabeth | None
Jason | None
Mitchell | None
Sarah | None
Michael | None
Megan | None
Lillie | None
Ashley | None
Kendall | None
James | None
Jammie | None
Mason | None
Maura | None
Jacob | None
Mollie | None
James | None
Jessica | None
Jeff | None
Ryan | None
Megan | None
Trey | None
Zachary | None
Hunter | None
Mindy | None
Jordan | None
Abigail | None
Logan | None
Michael | None
Asmin | None
Sean | None
Richard | None
David | None
Aaron | None
Leila | None
Denise | None
Matthew | None
Casey | None
Jared | None
Taylor | None
Connor | None
Sean | None
Meredith | None
Patrick | None
Nikkolette | None
Christopher | None
Mikaela | None
Nick | None
Grace | None
Daria | None
Abby | None
Nicole | None
Nick | None
Samantha | None
Ashley | None
Alex | None
Savannah | None
Anneliese | None
Stan | None
Megan | None
Madison | None
Kim | None
Sara | None
Manjot | None
Ryan | None
Chandler | None
Angelina | None
Matthew | None
Jessica | None
Jake | None
Matthew | None
Natalie | None
Tracy | None
Ellie | None
Robert | None
Lindsee | None
Lindsay | None
Alison | None
Joshua | None
Corinne | None
Armando | None
Steven | None
Mohammad | None
Molly | None
Zak | None
David | None
Sam | None
Braden | None
Marshall | None
AJ | None
Carson | None
Lisa | None
Max | None
Christopher | None
Sarah | None
Kevin | None
Chris | None
Kalista | None
Nicholas | None
Bill | None
Jessica | None
Kristian | None
Jacob | None
Tio | None
Barton | None
Lena | None
Davonte | None
Kaylee | None
Alex | None
Brian | None
Matthew | None
Tina | None
Ben | None
Haley | None
Michelle | None
Jerika | None
Cole | None
Ethan | None
Kyndall | None
Austin | None
Margaret | None
Matthew | None
Taylor | None
Brian | None
Wes | None
Donte | None
William | None
Matt | None
Holden | None
Franco | None
Morgan | None
Grace | None
Luke | None
Nicole | None
Jeff | None
Brittany | None
Casey | None
Kerry | None
Bladen | None
Julia | None
Jacob | None
Adan | None
Edward | None
Joshua | None
Emily | None
Marcus | None
Tobie | None
Aristote | None
Adrian | None
Matt | None
John | None
Mercedes | None
John | None
Justin | None
Parker | None
Sandra | None
Steven | None
Melissa | None
Ricardo | None
Jakob | None
Anna | None
Ross | None
Brad | None
Jessica | None
Oscar | None
Alan | None
Cornelius | None
Elif | None
Christopher | None
Riley | None
RJ | None
Ryan | None
Christopher | None
Jessica | None
Naomi | None
Timber | None
TJ | None
Ariel | None
Nikki | None
Jonah | None
Joey | None
NJ | None
Peyton | None
Matthew | None
Ben | None
Matt | None
Dane | None
Scott | None
Brian | None
Elizabeth | None
Hannah | None
Samantha | None
Clayton | None
Elizabeth | None
Jessica | None
Maddison | None
Maggie | None
Dominique | None
Jane | None
Alexander | None
George | None
Macy | None
Zach | None
Lisa | None
Mike | None
Sadie | None
Kevin | None
Jerry | None
Rebekah | None
Sean | None
Thad | None
Roland | None
Keagan | None
Emily | None
Shase | None
Amanda | None
Mitchell | None
Craig | None
Parker | None
Taylor | None
Blaine | None
Michael | None
Tanner | None
Andy | None
Allie | None
Maja | None
Camryn | None
Kenzie | None
Jimmy | None
Jake | None
Katelyn | None
Jacob | None
Wesley | None
Andrew | None
Sam | None
Andrea | None
Emily | None
Kacie | None
Renee | None
Shannon | None
Laura | None
Natalie | None
Matt | None
Justyna | None
Vinny | None
Kaleb | None
Lauren | None
Jessica | None
Jessica | None
Luke | None
Julia | None
Kirk | None
Ilijah | None
Shane | None
Arlynda | None
Andrew | None
Tom | None
Virgil | None
Angela | None
Hannah | None
Dalyn | None
Hanna | None
Noelle | None
Jordan | None
Kim | None
Ian | None
Kaitlyn | None
Nathan | None
Isabella | None
Amanda | None
Cragin | None
Nicholas | None
Amanda | None
Alyssa | None
Mimi | None
Grace | None
Becky | None
Erica | None
Brad | None
Shannon | None
Derek | None
Mark | None
Evan | None
Max | None
Caitlin | None
Kentaurus | None
Tanya | None
Nicholas | None
Grant | None
Tori | None
Kayla | None
Brent | None
Justin | None
Joe | None
Peighton | None
Dane | None
Lauren | None
Amie | None
Jonathan | None
Lindsey | None
Brian | None
Brad | None
Rasheed | None
Sneha | None
Casey | None
Meredith | None
John | None
Colton | None
Jennifer | None
Carter | None
Cade | None
Aaliyah | None
Mickey | None
Jonathan | None
Ryan | None
Angela | None
Kelsey | None
Catherine | None
Nick | None
Joe | None
Kyle | None
Richard | None
Brooks | None
Breckyn | None
Maddie | None
Hayley | None
Letty | None
Zac | None
Malyn | None
Haley | None
Christian | None
Addie | None
Brody | None
Isabella | None
Sarah | None
Blake | None
Sheena | None
Taylor | None
Addison | None
Devon | None
Nick | None
Cleo | None
Kane | None
Brooks | None
Chad | None
Adam | None
Abi | None
Jase | None
Jalen | None
Xavier | None
Jerry | None
Jacob | None
Mackenzie | None
Jena | None
Kevin | None
AJ | None
Katera | None
Paul | None
Beverly | None
Jason | None
Paityn | None
Alex | None
Brittany | None
Aaron | None
Sam | None
Will | None
Taylor | None
Meredith | None
Chelsea | None
Joe | None
Cassidy | None
Zachary | None
Molly | None
Madeline | None
Bron | None
Hunter | None
Kylie | None
Parker | None
Justin | None
Trevor | None
Chelsea | None
Mary | None
Karena | None
Jarek | None
Nathan | None
Dante | None
Ally | None
Danielle | None
Daniel | None
Jacob | None
Brian | None
J | None
Joselin | None
Kayla | None
Jamie | None
Ben | None
Josh | None
Grace | None
Cody | None
Olivia | None
Colin | None
Jessica | None
Kirby | None
Darin | None
Bryan | None
Kim | None
Phil | None
Nolan | None
Connor | None
Ciara | None
Weston | None
Brianna | None
Leo | None
Blake | None
Kimberly | None
Kenna | None
Clay | None
Zach | None
Nicholas | None
Andrew | None
Brandy | None
Matthew | None
Louisa | None
Catherine | None
Kevin | None
Connor | None
Quinn | None
Maggie | None
Paul | None
Rebecca | None
Andrew | None
Caleb | None
Jacki | None
Kelly | None
Amanda | None
Mike | None
Clint | None
Olivia | None
Matilda | None
Joe | None
Leah | None
Rachel | None
Carly | None
Lao | None
Tyler | None
Ryan | None
Sydney | None
Luke | None
Graham | None
Kevin | None
Kristin | None
Andrea | None
Lauren | None
Mariam | None
Tony | None
Conor | None
Nick | None
Chris | None
Apeksha | None
Michael | None
Michael | None
Michael | None
Shelby | None
Karissa | None
Katharine | None
Melissa | None
Dylan | None
Laura | None
Jalin | None
Lucas | None
Jac | None
Haley | None
Kyle | None
Jake | None
Victoria | None
Julia | None
Samantha | None
Amelia | None
Greg | None
Daniel | None
Katie | None
Addison | None
Anna | None
Nicholas | None
Keanna | None
Kevin | None
Lauren | None
Patricio | None
Henry | None
Marco | None
Scott | None
Andy | None
Layne | None
David | None
Taylor | None
Hanna | None
Staci | None
Alex | None
Rebecca | None
Paul | None
Bill | None
Greg | None
Scott | None
Rachel | None
Johann | None
Rebekah | None
Nate | None
Matthew | None
Nick | None
Amy | None
Kaitlin | None
Kacy | None
Jason | None
Cameron | None
Isabel | None
Marty | None
Kyle | None
Chris | None
Amy | None
Emily | None
Celeste | None
Rianna | None
Kymberly | None
Camille | None
Eduardo | None
Ashley | None
Anthony | None
Catherine | None
Vincent | None
Jack | None
Dakota | None
Sue | None
Trenton | None
Tayo | None
Charlie | None
Amy | None
Katarina | None
Jeff | None
Maya | None
Steven | None
Tom | None
Robby | None
Whitney | None
Lauren | None
Luke | None
Mary | None
Lorri | None
Christina | None
Savannah | None
Emma | None
Kyra | None
Shae | None
Chloee | None
Holly | None
Taylor | None
Anna | None
Lauren | None
Colin | None
Ben | None
Zach | None
Neil | None
Connor | None
Samantha | None
Alicia | None
Drew | None
Keith | None
Micah | None
Brianna | None
Ashley | None
Aubrey | None
Jordy | None
Julia | None
Matthew | None
Kelly | None
Rob | None
Antoinette | None
Erin | None
Kevin | None
Chelsea | None
Joseph | None
Michael | None
Brendan | None
Paige | None
Pierre | None
Tony | None
Maxwell | None
Michael | None
Fernando | None
Drew | None
Peyton | None
Nicole | None
Madeleine | None
Ryan | None
Mike | None
Dan | None
Ryan | None
Tyler | None
Anne | None
Matt | None
Eisen | None
Gabriella | None
Monique | None
Jonathan | None
Keyana | None
Charlie | None
Sean | None
Brandon | None
Brie | None
Steve | None
Amber | None
Ryan | None
Gabrielle | None
Michaela | None
Brad | None
Aaron | None
Andy | None
Randy | None
Ethan | None
Kole | None
Marisa | None
Trenton | None
Emma | None
Olympia | None
Tynan | None
Courtney | None
Meredith | None
Annie | None
TJ | None
Emily | None
Chris | None
Luke | None
Jackie | None
Will | None
Joseph | None
Peter | None
Megan | None
Jonathan | None
Carrie | None
Leena | None
Glekeria | None
Kacie | None
Nicholas | None
Laura | None
Damon | None
Zach | None
Tarran | None
Adam | None
Alison | None
Jeremy | None
Justin | None
Joseph | None
Jaegar | None
Brandon | None
Dan | None
Lacy | None
Frank | None
Chris | None
Chloe | None
Kathleen | None
Odessa | None
Justin | None
Christina | None
Dana | None
Logan | None
Michael | None
Jenna | None
Anthony | None
Nick | None
Alicia | None
Kyle | None
Andrew | None
Harley | None
Jasmine | None
Sophia | None
Levon | None
Ethan | None
Zach | None
Nathan | None
Caroline | None
Noah | None
Abigail | None
Mallory | None
Kade | None
Emily | None
Aaron | None
Houston | None
Jacob | None
Jake | None
Loren | None
Jack | None
Evan | None
Tim | None
Sarah | None
Nolan | None
Chaney | None
Parker | None
Jon | None
Seth | None
Justin | None
Kayla | None
Chase | None
Rachel | None
Monica | None
Rashmitha | None
Kathleen | None
Amber | None
Paige | None
Cameron | None
Julia | None
Ke'Shaun | None
Haynes | None
Stephanie | None
Kelsey | None
Heather | None
Maxwell | None
Bridget | None
Jacob | None
Ryann | None
Jacob | None
Gavin | None
Steven | None
Sydney | None
Laura | None
Elizabeth | None
Laney | None
Phil | None
Jenna | None
Ashley | None
Annie | None
Megan | None
Jack | None
Andrew | None
Thomas | None
Jackie | None
Jaclyn | None
Anne | None
Sebastian | None
Janeisha | None
Nicholas | None
Evan | None
Roman | None
Kelsey | None
Russell | None
Michael | None
Reid | None
Nolan | None
Zach | None
Christian | None
Juel | None
Logan | None
Nathan | None
Morgan | None
Chris | None
Mickala | None
Alicia | None
Lauren | None
Ryan | None
Rachael | None
Taylor | None
Paul | None
Jennifer | None
Erica | None
Renee | None
Jeff | None
Kevin | None
Amanda | None
Adam | None
Emma | None
John | None
Mark | None
Justin | None
Darren | None
Derek | None
Daniel | None
Kyle | None
Ryan | None
Ann | None
Abbey | None
Justin | None
Elan | None
Brian | None
Martina | None
Erica | None
Christina | None
Kelsey | None
Jim | None
Casey | None
Traci | None
Billy | None
Monica | None
Chris | None
Madison | None
Mireya | None
Nina | None
Krystal | None
Michael | None
Terran | None
Kristin | None
Miguel | None
Shannon | None
John | None
Valentina | None
Rita | None
Justin | None
Brandon | None
Christa | None
Mike | None
Sean | None
Mauree | None
Shannon | None
Darren | None
Ashley | None
Kevin | None
Briana | None
Natalie | None
Christopher | None
Meme | None
Matthew | None
John | None
Danielle | None
Jordan | None
Abigail | None
Dominic | None
Daniella | None
Samuel | None
Zachary | None
Thomas | None
Jackie | None
Aaron | None
Tobie | None
Analiese | None
Julissa | None
Kedar | None
Cindy | None
Rachel | None
Scott | None
Michelle | None
Miriam | None
Houston | None
Adam | None
Kari | None
Michael | None
Craig | None
Franchesca | None
Ric | None
Eric | None
Charlie | None
Melissa | None
Sofia | None
Emily | None
Paul | None
Lance | None
Anthony | None
Eric | None
Giuliana | None
Chris | None
James | None
Vanessa | None
Kyle | None
P.J. | None
Paige | None
John | None
Shane | None
Arthur | None
Sean | None
Timothy | None
Lindsay | None
Gerard | None
Rebecca | None
Rance | None
Mark | None
Mike | None
Ryan | None
Oliver | None
Benjamin | None
Molly | None
Brooke | None
Ryan | None
Mike | None
Olivia | None
Kayla | None
Kirsten | None
Erica | None
Sarah | None
Isabelle | None
Cody | None
Randy | None
Al | None
Boone | None
Deborah | None
Dolan | None
Bradford | None
Anthony | None
Joshua | None
Nate | None
Tiffany | None
Lance | None
Matthew | None
Scot | None
Kevin | None
Jacob | None
Patrick | None
Kyle | None
Elle | None
Karen | None
Ella | None
Dustin | None
Becca | None
Jack | None
Al | None
Tom | None
Mark | None
Brent | None
Grace | None
Tori | None
Parrish | None
Laura | None
Darien | None
Bri | None
Greg | None
Tyler | None
Teddy | None
Meg | None
Jason | None
Aaron | None
Rachel | None
Kyle | None
John | None
Dylan | None
Patrick | None
Harrison | None
Landen | None
Mark | None
Cyndi | None
Diana | None
Madeline | None
Mark | None
Drew | None
Tyler | None
Vincenzo | None
Rachel | None
Alex | None
Amy | None
Nick | None
Paige | None
Malik | None
Andrew | None
William | None
Reagan | None
Zachary | None
Megan | None
Sadiqa | None
Ronald | None
Neil | None
Kelsey | None
Jason | None
Jason | None
Vicky | None
Sujey | None
Sebastian | None
Will | None
Pedro | None
Victoria | None
Ross | None
Jerome | None
Lucy | None
Paul | None
Spenser | None
Drake | None
Pete | None
Claire | None
Kimberly | None
Victoria | None
Hannah | None
Samantha | None
Haley | None
TJ | None
Katherine | None
Kyle | None
Chris | None
Peter | None
Lisa | None
Caitlyn | None
Joe | None
Paul | None
Cherelle | None
Bryan | None
Erin | None
Deion | None
Madeline | None
Mariana | None
Sarah | None
Bree | None
Abby | None
Ron | None
Christopher | None
Joey | None
Nahitza | None
Kyle | None
Joseph | None
Parker | None
Josh | None
Nicole | None
Meghan | None
Neil | None
Deion | None
Bryan | None
Kelsey | None
Caitlyn | None
Mariana | None
Joe | None
Carlos | None
Jake | None
Frank | None
Missy | None
Kyle | None
Sarah | None
Chandler | None
Mark | None
Victoria | None
Sammi | None
Jake | None
Jason | None
Ronald | None
Sujey | None
Nick | None
Isabel | None
Jason | None
Cameron | None
Drew | None
Tzyy | None
Abby | None
William | None
Zachary | None
Christopher | None
Mark | None
Sidney | None
Zoe | None
Paul | None
Paul | None
Erica | None
Victoria | None
Cindy | None
Leena | None
Bianca | None
Fiorella | None
Madison | None
Mariah | None
Patric | None
Matthew | None
Erick | None
Sonya | None
Richard | None
Amanda | None
Anthony | None
Aliyah | None
Ally | None
Nicki | None
Joe | None
Cameron | None
Bamaro | None
Melissa | None
Amanda | None
Brad | None
Mike | None
Gabriela | None
Matt | None
Dalyn | None
Paul | None
Elizabeth | None
Becky | None
Kim | None
Ryan | None
Garrett | None
Cody | None
Tiffany | None
Morgan | None
John | None
Ian | None
Cameron | None
Michael | None
CJ | None
Megan | None
Owen | None
Anna | None
Breanna | None
Luke | None
Shaun | None
Madison | None
Matthew | None
Daniella | None
Laura | None
Tyler | None
Shirley | None
Alexandra | None
Caitlyn | None
Vicky | None
Teagan | None
Anna | None
Brody | None
Daniel | None
Michael | None
James | None
Myles | None
Alejandra | None
Carolina | None
Julius | None
Kristina | None
Melissa | None
Sierra | None
Melissa | None
Todd | None
Matthew | None
Nick | None
Sravya | None
Elisabeth | None
Molly | None
Jordan | None
Melissa | None
Keith | None
Caleb | None
Faith | None
Fiorella | None
Nicci | None
Jake | None
Haley | None
Devin | None
Zach | None
Kassidi | None
Ashley | None
Brent | None
Nate | None
Emily | None
Ashley | None
Trevin | None
Jenny | None
Olivia | None
Steve | None
Kieran | None
Dustin | None
John | None
Tyler | None
Meghan | None
Jack | None
Eddie | None
Matthew | None
Robert | None
Rachel | None
Mackenzie | None
Kristen | None
Mia | None
Dallas | None
Katherine | None
Jessica | None
Allan | None
Alevia | None
Sydney | None
Zach | None
Mike | None
Sapna | None
Nicholas | None
Victoria | None
Zachary | None
Shameer | None
Matthew | None
Allison | None
Morgan | None
Jason | None
Kevin | None
David | None
Matt | None
Ben | None
Nick | None
Ashley | None
Andrew | None
Nadia | None
Luke | None
Megan | None
Maria | None
Matthew | None
Ryann | None
Victor | None
Kyle | None
Bailey | None
Isaac | None
Rakeim | None
Ariana | None
Ali | None
Ryan | None
Courtney | None
Landon | None
Jackson | None
Jason | None
Mark | None
Lynn | None
Sidney | None
Emilee | None
Jay | None
Emma | None
Lucas | None
Dedra | None
Melissa | None
Billy | None
Natalie | None
Taylor | None
Leah | None
Grant | None
Annika | None
Claudia | None
Melanie | None
Kassandra | None
Mary | None
Zach | None
Kyle | None
Emerson | None
Jessie | None
Shane | None
Benjamin | None
Emily | None
Mark | None
Parker | None
Harrison | None
Adam | None
Caroline | None
Dan | None
Justin | None
Kellie | None
Anna | None
Jessica | None
Emily | None
Elizabeth | None
Kiley | None
Evan | None
Roy | None
Daniel | None
Divyaruban | None
Gabriella | None
Davis | None
Michaela | None
Ariana | None
Cora | None
Brandon | None
Handy | None
Martin | None
Michael | None
Samira | None
Kristen | None
Ida | None
Alizé | None
Michelle | None
Naischela | None
Kate | None
Dominic | None
Jim | None
Thomas | None
Paxton | None
Nicole | None
Chris | None
Rachael | None
Joseph | None
Alex | None
Kassidy | None
Hannah | None
Hannah | None
Ryan | None
Fernando | None
Laura | None
Alfredo | None
Hellem | None
Anthony | None
Erion | None
Salam | None
Christian | None
Brendan | None
Devin | None
Richard | None
Katy | None
Carson | None
Brian | None
Andy | None
Megan | None
Walt | None
Bethany | None
Tim | None
Mayar | None
Chad | None
Jamie | None
Jacquelin | None
John | None
Karen | None
Amy | None
Greg | None
Crystal | None
Adam | None
Jazelle | None
Gabriela | None
Alex | None
Jason | None
Cody | None
Levi | None
Amber | None
Colin | None
Dana | None
Sarah | None
Daniel | None
Nicholas | None
David | None
Melissa | None
Geremy | None
Stephen | None
Anthony | None
Rachel | None
Kristen | None
Chris | None
Megan | None
Karl | None
Nicole | None
Leigh-Ann | None
Louis | None
Ian | None
Jill | None
Joseph | None
Louis | None
Mackenzie | None
Tara | None
Nicky | None
Ritchie | None
Thomas | None
Daniel | None
Cassie | None
Gavin | None
Nicole | None
Ashley | None
Morgan | None
Christa | None
Mariah | None
Ben | None
Joseph | None
Madison | None
Terrell | None
Sarah | None
David | None
Kyle | None
Brianne | None
Andrew | None
Victoria | None
Quincy | None
Jenna | None
Jared | None
Sara | None
Dominic | None
Joseph | None
Nicole | None
Cristin | None
Jennifer | None
Scott | None
Kiana | None
Ramsay | None
Nicole | None
Daniel | None
Tyler | None
Alexis | None
Isabella | None
Amy | None
Crystal | None
Sierra | None
Tyler | None
Jeremy | None
Eric | None
Michael | None
Kisha | None
Brandon | None
Joseph | None
Caleb | None
Juan | None
Michael | None
Christian | None
Emily | None
Audra | None
Cameron | None
Anthony | None
Patrick | None
Kathryn | None
Evan | None
Brad | None
John | None
Jamie | None
Sree | None
Tom | None
Kailey | None
Emma | None
Patrick | None
Cathlin | None
Jeff | None
Sean | None
Ryan | None
Emily | None
Amy | None
Longa | None
Bria | None
Dylan | None
Nathan | None
Dara | None
Stephanie | None
William | None
Kamari | None
Asha | None
Erica | None
Abbey | None
Carson | None
Claire | None
Sebastian | None
Albert | None
Devin | None
Daniel | None
Phillip | None
Jake | None
Olivia | None
Rachel | None
Karina | None
Ashley | None
Nick | None
Ileana | None
Marv | None
Althea | None
Andria | None
Jennifer | None
Keith | None
Katie | None
Melea | None
Mike | None
Bruce | None
Aakanksha | None
Pawan | None
Ankita | None
Ronnie | None
Roshan | None
Roger | None
Jamie | None
John | None
Keiichiro | None
Hearnden | None
Michael | None
Jaylun | None
Dominique | None
Brooklyn | None
Heidi | None
Vivek | None
Tamanna | None
Mellacheruvu | None
Sonya | None
Sergio | None
Sanyell | None
Rubina | None
MD | None
Kristen | None
Jason | None
Ahsan | None
Beth | None
Breanna | None
Kami | None
Dave | None
Douglas | None
LaToya | None
Dana | None
Felix | None
Imogen | None
Gabrielle | None
Ann | None
Ana | None
Russ | None
Leonor | None
Andrea | None
Kelsey | None
Ashley | None
Cristian | None
Kyle | None
Roy | None
Monika | None
Andrea | None
Jess | None
Jake | None
Chelsea | None
Brian | None
Amy | None
Amy | None
Alison | None
Mike | None
Kara | None
Patrick | None
Samuel | None
Ronald | None
David | None
Vipul | None
Dev | None
Kim | None
Stacy | None
Bonnie | None
Jodi | None
Brian | None
Stacey | None
Jourdan | None
Will | None
Ben | None
Dorigan | None
Reece | None
Angela | None
Mya | None
Noah Mackeprang | None
Sam | None
James | None
Matt | None
Connor | None
maisie | None
Vuyyuru | None
Mackenzie | None
Laurel Abbott | None
Debbie | None
Graeme | None
Jamie Banham | None
Jack Gilbert | None
Matt Pryor | None
Matt Cassell | None
James McKeon | None
Francesca Torsiello | None
Pierre Sylvain Jr. | None
Sam Marsh | None
Dean Bonning | None
Laurel | None
John | None
Jamie | None
Trin | None
Josh | None
Marc | None
Jack | None
Noah | None
Christian | None
Kieran | None
Tyler | None
Louie | None
Mya Begg | None
Dean | None
Charlie | None
Harrison | None
Brian | None
Elysia | None
Daniel | None
Matt | None
Wezley | None
Bradley | None
Rachel | None
Francesca | None
Zannie | None
Melanie | None
Ben | None
James | None
Krystal | None
Jeremy | None
Julia | None
Cheryl | None
Brandon | None
Jessie | None
Whitney | None
Julia | None
Elizabeth | None
Gabrielle | None
Kristin | None
Shane | None
John | None
Lauren | None
Cheryl | None
Nicholas | None
Chad | None
Kim | None
Krystal | None
Ben | None
Matt | None
Lisa | None
Brent | None
Jessie | None
Dane | None
Dustin | None
Darren | None
Cynthia | None
Matt | None
Melanie | None
Nick | None
Shane | None
Thomas | None
Tim | None
Whitney | None
Elizabeth | None
Lauren | None
Zannie | None
Erica | None
Chad | None
Anita | None
Nicholas | None
Nikki | None
Erica | None
Mary | None
Scott | None
Matthew | None
Audrey | None
Victoria | None
Brian | None
Kim | None
Rachel | None
Raul | None
Mike | None
Tiphanie | None
Anita | None
Lisa | None
Nick | None
Tim | None
Lindsay | None
Mike | None
Quinton | None
Sarah | None
Trenton | None
Alexandra | None
Nikki | None
Gabrielle | None
Dane | None
Brent | None
Brandon | None
Ben | None
Anita | None
Andy | None
Andrew | None
Kyle | None
Krystal | None
John | None
Zannie | None
Brad | None
Ashley | None
Alora | None
Abigail | None
CJ | None
Brandon | None
Joe | None
Jeremy | None
CJ | None
Corey | None
Denker | None
Jamie | None
Jax | None
Jenny | None
Jenny | None
Andy | None
Jonathan | None
Laura | None
Drake | None
Ty | None
Ramzi | None
Muhammad | None
Taha | None
Greg | None
Talha | None
Iqra | None
Garrett | None
Matt | None
Calvin | None
Jessica | None
Kati | None
Kevin | None
Laura | None
Mary | None
Shelley | None
Zawish | None
Umer | None
Erick | None
Steve | None
Jeanie | None
Sean | None
Damon | None
Lauren | None
Gary | None
Anissa | None
Stansha | None
Lauren | None
Gary | None
Anissa | None
fian | None
Madelyn | None
Mia | None
Alanna | None
Ritika | None
Rachel | None
Mary | None
Tahreem | None
Sarah | None
Lindsey | None
Juliet | None
Shannon | None
Kailey | None
Kyle | None
Erin | None
Tim | None
Justin | None
Amanda | None
Skylar | None
Ellen | None
Nikki | None
Meghan | None
Emily | None
Mikaela | None
Casey | None
Michael | None
Jodi | None
Dana | None
Savannah | None
Bridget | None
Stephen | None
McAyla | None
Angie | None
Tim | None
Kelly | None
Jacqueline | None
Joseph | None
Nick | None
Andrew | None
Emily | None
Christopher | None
Leah | None
Agathe | None
Jane | None
Kati | None
Maddy | None
Jessica | None
Michael | None
Emily | None
Megan | None
Michael | None
Jeff | None
Matt | None
Olivia | None
quaina | None
mallory | None
hannah | None
derek | None
collette | None
carlene | None
bryan | None
Nancy | None
Sean | None
Phil | None
Edgar | None
Marvis | None
Shawn | None
Kayne | None
Kelly | None
Nicole | None
Daniel | None
Jamie | None
Christopher | None
sara | None
Diane | None
Tony | None
McAyla | None
Terri | None
Riley | None
Zack | None
Mara | None
Katie | None
Meghan | None
Matt | None
Riley | None
Martha | None
Angela | None
Misty | None
Len | None
Stephanie | None
Neisa | None
Mycah | None
Gabrielle | None
Blake | None
Laura | None
Andrew | None
Capucine | None
Cori | None
Annie | None
JOANN | None
Larry | None
Chris | None
Kim | None
Terry | None
Carmelita | None
Tom | None
Kennedy | None
Cedric | None
Banafsheh | None
Kaitlen | None
Juan | None
Mia | None
Clare | None
Vana | None
Morgan | None
Gabrielle | None
Sharee | None
Shelby | None
sidney | None
Amy | None
Alexandra | None
Nichelle | None
Patrick | None
Samantha | None
Sarah | None
Sarah | None
shelby | None
Tiffany | None
Veronica | None
Victoria | None
Alexa | None
Alexandria | None
Alexandria | None
David | None
Emily | None
Hailey | None
Hannah | None
Hannah | None
Jordan | None
Kahla | None
Kaleb | None
Mackenzie | None
Madeleine | None
Nora | None
Sarah | None
Sarah-Kate | None
Chelsea | None
Jackson | None
Ryan | None
Meredith | None
Megan | None
Britnee | None
Marissa | None
Jordan | None
Jordan | None
Johnny | None
Jennifer | None
Jay | None
Jatin | None
Helaina | None
Hannah | None
Gabbie | None
Evan | None
Emma | None
Emily | None
Courtney | None
Chelsea | None
Chelcy | None
Catherine | None
Carolyn | None
Brooke | None
Brittany | None
Bob | None
Ashley | None
Ashley | None
Angelina | None
Katie | None
Laura | None
Laura | None
Lauren | None
Manda | None
Maximilian | None
Marel | None
Jennifer | None
Karen | None
Megan | None
Stacy | None
Harry | None
SYED | None
Summer | None
Sophie | None
Jessica | None
Katie | None
Ollie | None
Chanelle | None
Jenny | None
Adan | None
Kayleigh | None
Ben | None
Nick | None
James | None
Joseph | None
Hannah | None
Simon | None
Brett | None
Lucy | None
Jerry | None
William | None
Busayo | None
Otu | None
Kathlene | None
Danny | None
Mary | None
Andon | None
Nathalie | None
Tshering | None
Sheila | None
Samuel | None
Pleiades | None
Bilal | None
Mary | None
Kevin | None
Katarina | None
Emily | None
Danny | None
Bilal | None
Kevin | None
Lindsay | None
Joel | None
LinkedIn | None
Stephen | None
Owolabby | None
Kevin | None
Chantal | None
Renee | None
Margo | None
David | None
Alvin | None
Lauren | None
Hylton | None
Sheila | None
Dinith | None
Marie | None
Alan | None
Bhushan | None
Dan | None
Moshe | None
Robert | None
Jered | None
Mike | None
Dante | None
Katarina | None
Michael | None
Emily | None
Emelyn | None
Tshering | None
Pleiades | None
Samuel | None
Lena | None
Esther | None
Kevin | None
Kamille | None
Maria | None
Benjamin | None
Michael | None
Alyssa | None
Megan | None
Kamille | None
Chris | None
Rochelle | None
Manni | None
Barbara | None
Jennifer | None
wendy | None
Rachel | None
Armando | None
Shawn | None
Bridget | None
Jennifer | None
Alyssa | None
Sheneka | None
Sandra | None
Lindsay | None
Marisela | None
Arlene | None
Sean | None
Karen | None
Debbie | None
Shonna | None
Carmen | None
Barbara | None
Kim | None
Selena | None
Carolina | None
Sara | None
Malisa | None
Leslie | None
Kimberly | None
Brittany | None
Adam | None
Tiffany | None
Raul | None
Matthew | None
Kyle | None
Justin | None
David | None
Brittany | None
Stephany | None
Andrina | None
Stephanie | None
William | None
Kerrie | None
Beatriz | None
James | None
Meme | None
Stephanie | None
Ashley | None
Terry | None
Matt.w | None
Kim | None
Barbara | None
Nicoletti | None
Yang | None
Matthew | None
Samantha | None
Michael | None
Fahmida | None
Shlomo | None
Holly | None
Aditya | None
Akanksha | None
Dev | None
Aman | None
Matin | None
Dheeraj | None
Ayushi | None
Rauf | None
ARCHITA | None
Muskan | None
Anshu | None
Nandini | None
Priyank | None
Amita | None
Hardik | None
Saurabh | None
Dr.Sunil | None
Tarun | None
Priyanka | None
Palak | None
Rajat | None
Ashfak | None
Pranati | None
Prashant | None
Rahul | None
Zeba | None
Shefali | None
Amit | None
Sayashree | None
Porus | None
Riya | None
Jo | None
Manjunath | None
Shalinie | None
Deepu | None
TEJASWINI | None
Prabhakar | None
Sourav | None
Geetha | None
Kruthika | None
Veenum | None
Vijayamahantesh | None
Akshata | None
Nisha | None
Darshan | None
Aishwarya | None
Pratham | None
MANYA | None
Akanksha | None
Prisca | None
Yash | None
Nehal | None
Ashish | None
Stephen | None
Rahul | None
Kriti | None
Kavish | None
Razia | None
Dipanjal | None
Junaid | None
Kiran | None
Divya | None
Dushyant | None
Henrik | None
ashutosh | None
Aayush | None
Jenny | None
Jinse | None
Meghna | None
Laxmi | None
Swati | None
Seema | None
Faranaz | None
Cristy | None
Amulya | None
Prajeeth | None
Manisha | None
Pothan | None
Carissa | None
Pavan | None
Karin | None
Kris | None
Vishal | None
John | None
Vishali | None
Mari | None
Jeff | None
Omar | None
Christina | None
Evan | None
Ed | None
Abhishek | None
Niharika | None
Laxmi | None
raviteja | None
Asha | None
Mahalaxmi | None
Tabitha | None
Fabien | None
Mohan | None
Azizeh | None
Farina | None
Praful | None
Nooh | None
Bharath | None
Dimpul | None
Babar | None
Philis | None
Archana | None
Yug | None
Gauurav | None
Dhruvi | None
Sweety | None
Gaurav | None
Anil | None
Dalaino | None
Nishanth | None
Anirudh | None
Prasanna | None
Aruna | None
Sumin | None
Venkata | None
Veena | None
Sonica | None
Nabila | None
Nirmal | None
Abhay | None
Aneesh | None
Surendar | None
Debarati | None
Shreya | None
MOHAMMED | None
Sachin | None
Sahiba | None
Rajesh | None
Darshan | None
Sudesh | None
Tanisha | None
Ginni | None
Keerthana | None
Gagana | None
venu | None
Naveen | None
Debasmita | None
Vijaya | None
Priyam | None
Mohamed | None
Deepak | None
Sunil | None
Divya | None
Lipsa | None
Shakila | None
Prasul | None
Arun | None
Priyanka | None
Firoz | None
navya | None
Fathima | None
Anisha | None
Ramna | None
Ritu | None
Madhan | None
Rathan | None
Kalpana | None
Monalisa | None
Sneha | None
Drishti | None
Kiffa | None
Antara | None
Anusha | None
Smrita | None
Sheba | None
Aravind | None
Pritha | None
John | None
Srihari | None
Kessler | None
Shruthi | None
Srinivasan | None
Amrutha | None
Vignaja | None
Satyajit | None
Rohith | None
Moumita | None
Sayyed | None
Maria | None
Kanchan | None
Ramesh | None
Bhargava | None
Abdul | None
Madiha | None
Annapurna | None
Shirina | None
Maddy | None
Shabitha | None
Jogi | None
Christina | None
Chaandan | None
Yashaswini | None
Rahul | None
carmelita | None
SUNNY | None
Shashwat | None
Divya | None
Vara | None
S | None
Neha | None
Mohit | None
Sanchitha | None
Arun | None
Jevin | None
Tanisha | None
Javeriya | None
Savitha | None
Kavya | None
Mounika | None
Soumya | None
Omar | None
Gratmila | None
Imli | None
Dilip | None
Chandra | None
Sakshi | None
Nida | None
Kanwal | None
Junaid | None
Shakshi | None
Manoj | None
Kiran | None
john | None
Mohammed | None
Jawahar | None
Deepak | None
Santosh | None
Sureshkumar | None
shivakumar | None
Shazim | None
Kajal | None
Tarun | None
Sanjay | None
Zeenath | None
Ishfaq | None
Satyajit | None
Vipul | None
Anshu | None
Puja | None
Rahul | None
Mamita | None
Sanskriti | None
Paula | None
Chanda | None
Anusha | None
Rodrigo | None
Giselle | None
Shanna | None
Niccole | None
Allison | None
Allison | None
Devon | None
Avinash | None
Megan | None
Kelsey | None
Emily | None
Jami | None
William | None
Rossana | None
Macarena | None
Avinash | None
Christopher | None
John | None
Jazmin | None
Jose | None
Sasha | None
Camila | None
Christopher | None
Ysabel | None
Gabriel | None
Ignacio | None
Ellen | None
Francisco | None
Juan | None
Kavya | None
Hayley | None
Ally | None
Ana | None
Domenica | None
Melissa | None
Eliana | None
Niccole | None
Daniela | None
Juan | None
Cory | None
Adele | None
Adam | None
Mamatha | None
Vineeth.K | None
Hemanth.B | None
Jon | None
Sam | None
Melissa | None
Jason | None
Christina | None
Jenny | None
Victoria | None
Stephanie | None
Amanda | None
Gloria | None
Tamara | None
Zachary | None
Corey | None
Nellie | None
Toni | None
Dianne | None
Mavida | None
Jessica | None
Andrew | None
James | None
Ashley | None
Keith | None
Zach | None
Andre | None
Stacy | None
La | None
Shelby | None
Dina | None
Morgan | None
Kristen | None
Devin | None
Betsy | None
Jonathan | None
Samantha | None
Sydney | None
Lucas | None
Cheryl | None
Rich | None
Kenya | None
Lior | None
Jason | None
Mindy | None
Julia | None
Beth | None
Kalilah | None
Darchelle | None
Nick | None
Bridgette | None
Brooke | None
Chris | None
Colleen | None
Debbie | None
Netta | None
Jenna | None
Katrina | None
Keith | None
Lauren | None
Terry | None
Nicole | None
Shane | None
Shelly | None
Heather | None
Elisabeth | None
Bryan | None
Ankit | None
Kara | None
Kelli | None
Sara | None
Stacy | None
Pranali | None
Dhruv | None
Krishna | None
Vaishnav | None
Shivani | None
Elaine | None
Tom | None
Tamaira | None
Jerry | None
Frank | None
Ron | None
Akash | None
Sandra | None
Sonya | None
Bob | None
Cheryl | None
Mike | None
Mike | None
Charlie | None
Becca | None
Caitlin | None
Allyson | None
Britton | None
Dr. | None
Haley | None
Maggie | None
Mykevia | None
Natalie | None
Wendy | None
Olivia | None
Robert | None
Michelle | None
Ryan | None
Susan | None
Drew | None
Sarah | None
Joey | None
Kay | None
Susan | None
Megan | None
Grace | None
Maggie | None
Patrick | None
Annagrace | None
Clint | None
Susan | None
Haley | None
Colin | None
Cassidy | None
Edgar | None
Grant | None
Harvey | None
Jake | None
Sarah | None
Susan | None
Patrick | None
Kyle | None
Jon | None
Kara | None
Adam | None
Robert | None
Kate | None
Aaron | None
James | None
Robbie | None
Tori | None
Sam | None
shabrina | None
Vanessa | None
Sophia | None
Jacqueline | None
Matthew | None
Holly | None
Margaret | None
Wil | None
LeAnn | None
Heather | None
Katie | None
James | None
Le | None
Haley | None
anna | None
Ben | None
Brandon | None
Brooke | None
Brian | None
Cody | None
Emily | None
Jen | None
Jesse | None
Chloe | None
Neil | None
Caren | None
Gina | None
Eric | None
Jonathan | None
derrick | None
anthony | None
carrie | None
damarys | None
deborah | None
eileen | None
elaine | None
phillip | None
Shelly | None
alex | None
Lavanya | None
Glynn | None
Lola | None
shell | None
Becky | None
Felicia | None
Laavannya | None
Emily | None
Patrick | None
Anita | None
Debbie | None
Lillian | None
Brian | None
Michael | None
Brian | None
Connie | None
Priscilla | None
Brian | None
Chuck | None
Bill | None
susan | None
Karen | None
Aramis | None
John | None
John | None
Jose | None
Juliana | None
Kat | None
Kevin | None
Lasonda | None
Leslie | None
Linda | None
Mary | None
Matthew | None
Megan | None
Risa | None
Scott | None
Wendy | None
Jade | None
Grisel | None
Elaine | None
Daniela | None
Carol | None
Christopher | None
Gloria | None
Jacob | None
Melissa | None
Peter | None
Rodney | None
veronica | None
Ryan | None
Brian | None
Jeff | None
Sean | None
Andrew | None
Caroline | None
Chris | None
Cindy | None
Angelina | None
Preeti | None
Steve | None
Sarah | None
Amy | None
Naim | None
Maria | None
Pamela | None
Janna | None
Scott | None
George | None
Ashley | None
Danielle | None
Julie | None
Sandy | None
cindy | None
Tina | None
Brian | None
Luke | None
Cynthia | None
Sara | None
Sequoyah | None
Anthony | None
Andrew | None
Anthony | None
Anthony | None
Caroline | None
Linda | None
Lorraine | None
Rachel | None
Phil | None
David | None
Tammi | None
Monica | None
Joby | None
Carrie | None
Daniel | None
YAEL | None
Laura | None
Ahmar | None
Sandy | None
Daniela | None
Deborah | None
Jaclyn | None
Carrie | None
Cheryl | None
Fred | None
Risa | None
Brittany | None
Tony | None
William | None
Corey | None
Andrea | None
Bryan | None
Megan | None
Chip | None
Jeff | None
Sarah | None
Seth | None
Felipe | None
Denise | None
Crystal | None
Sean | None
Jamie | None
Saucedo | None
Mike | None
Jason | None
Heather | None
MarkAnthony | None
Chloe | None
Stephanie | None
Ryan | None
Michelle | None
Sheri | None
Priyanka | None
Roger | None
David | None
Richard | None
Adam | None
Laura | None
Kris | None
Kimberlee | None
Kelly | None
Kari | None
Gloria | None
Kaitlin | None
Jennifer | None
Lola | None
Kathleen | None
Mark | None
Sean | None
Michael | None
Michelle | None
Priscilla | None
Rocio | None
Scott | None
Sharonda | None
Vicki | None
Yaw | None
Fred | None
Mary | None
Eric | None
Jacqueline | None
Danielle | None
Andrea | None
Ashley | None
Carrie | None
Cheryl | None
Connie | None
Daniel | None
Janna | None
Denise | None
Sara | None
Tammi | None
Jose | None
Sheri | None
Chloe | None
Andrew | None
Brigid | None
Austin | None
Caroline | None
Angela | None
Yaw | None
Daniel | None
Sheryl | None
Ansh | None
Jawanna | None
Joy | None
Michael | None
Lorraine | None
Ken | None
Haley | None
Henish | None
Kayleigh | None
Deric | None
Emma | None
Tina | None
Devanshi | None
Patrick | None
Alisha | None
Crystal | None
Adam | None
Adriana | None
Alexandra | None
Ali | None
Amanda | None
Andrew | None
chris | None
April | None
Gokulesh | None
Kevin | None
Manish | None
Maddie | None
Ravisha | None
Kunal | None
James | None
Wora | None
Richard | None
Bharat | None
Karan | None
Erica | None
Kyle | None
Samuel | None
Samantha | None
Nicole | None
Janhvi | None
Dan | None
Audrey | None
Banks | None
Lia | None
Mercy | None
Michael | None
Morgan | None
Olivia | None
Renae | None
Korey | None
Sam | None
Shandra | None
Taylor | None
Taylor | None
Tyler | None
Tyler | None
Hannah | None
Sergio | None
Bailey | None
Kimberly | None
KC | None
Bill | None
Brandon | None
Bryan | None
Chamine | None
Chris | None
Christy | None
Kevin | None
Crystal | None
Daniela | None
David | None
Deshon | None
Garrett | None
Joanna | None
Jose | None
Daniel | None
kesha | None
Candace | None
Shanawaz | None
Cole | None
Brian | None
Chell | None
Ashleigh | None
Mario | None
Alex | None
Mary | None
Candace | None
Chrissy | None
Corina | None
David | None
Flynn | None
Julia | None
Kenneth | None
Carly | None
Lia | None
Keenan | None
Ellie | None
Jasmine | None
Hailey | None
Julia | None
Blake | None
Elizabeth | None
Erin | None
Crystal | None
Eva | None
Tevin | None
Thomas | None
Caroline | None
Skylee | None
Katelyn | None
Eric | None
Kathirynn | None
Madeline | None
Destiny | None
Melissa | None
Kamil | None
Devanshi | None
Morgan | None
Charlie | None
Mark | None
Mary | None
Anna | None
Wyatt | None
Scott | None
Amanda | None
Maharlika | None
James | None
McKenna | None
Payton | None
Peter | None
Tina | None
Richard | None
Samantha | None
Nick | None
Michael | None
Sarah | None
Tevin | None
Will | None
Wora | None
Sam | None
Crystal | None
Siomara | None
Hailey | None
Deana | None
Kunal | None
Jennifer | None
Morgan | None
John | None
Idelys | None
Nicolette | None
Leo | None
Scott | None
Taryn | None
Gregg | None
Jenny | None
McKenna | None
Elizabeth | None
Breanna | None
Andrew | None
Kristen | None
Sofia | None
Deana | None
Michael | None
Flynn | None
Wora | None
Matt | None
Katherine | None
Jarret | None
Jason | None
Anderson | None
Glenn | None
Daniel | None
Hayden | None
Kathirynn | None
Coel | None
Ryan | None
Kelsey | None
Kim | None
Michelle | None
Bharat | None
Kyle | None
Michael | None
Maddie | None
kesha | None
Hayden | None
Slater | None
Tanya | None
Maria | None
Ryan | None
Josh | None
Renee | None
Trisha | None
Michael | None
Stephanie | None
Crystal | None
Madeline | None
Melissa | None
Derrick | None
Samantha | None
Sydney | None
Eric | None
Morgan | None
Cole | None
Simone | None
Hussein | None
Payton | None
Kunal | None
Julie | None
Yashwanth | None
Jahdai | None
Tera | None
Justin | None
Jarod | None
Joshua | None
James | None
Jay | None
Jay | None
Holly | None
Flynn | None
Emily | None
Evgeny | None
Driton | None
David | None
Daisy | None
Michael | None
David | None
Cole | None
Corina | None
Brian | None
Brittany | None
Bianca | None
Brad | None
Brandon | None
Andrew | None
Audrina | None
Ashley | None
Aubrey | None
TJ | None
Taylor | None
Darren | None
Jay | None
Jake | None
Kira | None
Simone | None
STUART | None
Samuel | None
Samantha | None
Slater | None
Stephanie | None
Ronald | None
Ryan | None
Robert | None
Rica | None
Paul | None
Driton | None
NyTasha | None
Lola | None
Misti | None
Michael | None
Margot | None
Maria | None
Muthuramalingam | None
Mallori | None
McCaylah | None
Melissa | None
Michael | None
Miguel | None
Lauren | None
Lilly | None
Lindsay | None
Kelly | None
Kevin | None
Virginia | None
Michelle | None
Siomara | None
Jenna | None
Heather | None
Simon | None
Eric | None
Lin | None
Christopher | None
Marissa | None
Anne | None
Crystal | None
Chris | None
Zachary | None
Simone | None
Samantha | None
Michelle | None
Flynn | None
Brianne | None
Jack | None
collette | None
Emily | None
Todd | None
Haylie | None
Liz | None
Tina | None
Mario | None
Jessie | None
David | None
Morgan | None
Jay | None
Jake | None
Sarah | None
Michael | None
Silvija | None
Jaspinder | None
Raveendra | None
Alex | None
Judy | None
Toni | None
James | None
Bryan | None
Brendan | None
Hunter | None
Matthew | None
Wilson | None
Detrick | None
Judy | None
Jenane | None
Dave | None
Kennede | None
Claire | None
Kerrie | None
Venicia | None
Lorna | None
Tonya | None
Juan | None
April | None
Lauren | None
Ava | None
Cristy | None
Tim | None
Benjamin | None
Nadia | None
Holly | None
Paul | None
Maham | None
Carly | None
Chris | None
Will | None
Gokulesh | None
Daniel | None
Grace | None
Eric | None
Jay | None
Coralia | None
Brianne | None
Brian | None
Derrick | None
Liz | None
Bernie | None
Lia | None
Jack | None
Tevin | None
Brittany | None
Mary | None
McKenna | None
Wora | None
Ravisha | None
James | None
Sam | None
James | None
Michelle | None
Devanshi | None
Juan | None
Dennys | None
Taylor | None
Ralo | None
Helen | None
Marcus | None
Kristen | None
Diane | None
Paula | None
Julien | None
Cara | None
Toni | None
Casey | None
Kevin | None
Dillon | None
William | None
Candace | None
Kenneth | None
Lilly | None
Samantha | None
Johna | None
Marshall | None
Hunter | None
Deric | None
Thomas | None
Julia | None
Richard | None
Haley | None
Jarret | None
Kristen | None
Peter | None
Chrissy | None
Kristin | None
Isaac | None
Patrick | None
Nate | None
Bianca | None
Margot | None
stephanie | None
shannon | None
Cindy | None
Abdullah | None
Eric | None
Hussein | None
Hayden | None
CJ | None
Emma | None
Grace | None
Hunter | None
Taylor | None
Paula | None
Mona | None
Michelle | None
Lola | None
Neela | None
Pablo | None
Derrick | None
Andrea | None
Casey | None
Payton | None
Beth | None
William | None
Stephen | None
Douglas | None
Cara | None
Chenneal | None
Marshall | None
Haylie | None
Kristen | None
Jenna | None
Cindy | None
Trent | None
Madison | None
Kara | None
Kisses | None
Farlane | None
Isaac | None
Coralia | None
Ralo | None
Matt | None
Kristen | None
Renee | None
Tom | None
Dennys | None
Daniel | None
Peter | None
Rachael | None
Vito | None
Frank | None
Danielle | None
Ralo | None
Wilson | None
Brianna | None
Sarah | None
Donya | None
Nick | None
Joey | None
Grace | None
Candice | None
Nick | None
TJ | None
Sabrina | None
Navita | None
Michelle | None
Kelsi | None
Corina | None
Emilie | None
Silvija | None
Kayleigh | None
Zachary | None
Amanda | None
Mario | None
Terence | None
Ashley | None
Julia | None
Kenneth | None
Chrissy | None
Michael | None
Charlie | None
Sarah | None
Will | None
Deric | None
Alex | None
Ali | None
Sam | None
Haley | None
Thomas | None
Lia | None
Katelyn | None
Kathirynn | None
Candace | None
David | None
Madeline | None
Mary | None
Maddie | None
Kyle | None
Eric | None
Edward | None
Morgan | None
Rudi | None
Tina | None
Liz | None
Kelsey | None
Spencer | None
Casey | None
Harold | None
Jeff | None
Dariela | None
Lauren | None
Nate | None
Porter | None
Julien | None
Megan | None
Cassondra | None
Alexis | None
Michelle | None
Hunter | None
Liz | None
Emily | None
Jessica | None
Tanya | None
Abram | None
Amanda | None
Claudette | None
James | None
Joni | None
Krista | None
Daniel | None
Morgan | None
Carly | None
Dave | None
Erica | None
Daisy | None
Christina | None
Janhvi | None
Derrick | None
Dillon | None
Lauren | None
Kevin | None
Patrick | None
Juan | None
Michael | None
Yessica | None
Gokulesh | None
Shanna | None
Sydney | None
Neela | None
Devanshi | None
Antonia | None
Robin | None
Kelly | None
Kevin | None
Clair | None
Helen | None
Diane | None
Kamil | None
Sophia | None
Courtney | None
Kesha | None
Erica | None
James | None
Ravisha | None
Alex | None
Jake | None
Roxana | None
Scott | None
Carlton | None
Angela | None
Christian | None
Akim | None
Elizabeth | None
Kerrie | None
Chandini | None
Christine | None
Craig | None
Michael | None
Paula | None
Carla | None
Tara | None
Jay | None
Tonya | None
Vee | None
Jerry | None
Bernie | None
Venicia | None
Raul | None
Paula | None
Tevin | None
Siomara | None
Lorna | None
Anna | None
Austyn | None
Richard | None
Shelby | None
Manish | None
Josh | None
Ali | None
Kunal | None
Brad | None
Toni | None
Andre | None
Enoch | None
Nick | None
Brittany | None
Susan | None
Leanne | None
Mike | None
Kip | None
Allison | None
Mark | None
Jessie | None
Terry | None
Emile | None
Eric | None
Will | None
Julie | None
Jordan | None
Breanna | None
Jaspinder | None
Karina | None
Elizabeth | None
Donna | None
Melissa | None
Cassie | None
Terence | None
Shannon | None
Caryl | None
Mark | None
April | None
Monique | None
Erica | None
Anna-Helen | None
Cassie | None
Alisha | None
Ally | None
Timothy | None
Soo | None
Justn | None
TJ | None
Jeff | None
Matt | None
Dave | None
Ashley | None
Bryan | None
Joey | None
Jake | None
Chelsea | None
Candice | None
Eduardo | None
Melissa | None
Sydney | None
Alex | None
Joni | None
Rica | None
Amy | None
Navita | None
Ryan | None
Mark | None
Sabrina | None
Michelle | None
Driton | None
Sydney | None
Kristie | None
Sean | None
Kim | None
Mason | None
Laura | None
Logan | None
A | None
Curtis | None
Kellyn | None
Michael | None
Brady | None
Steve | None
Beth | None
Tatum | None
Jordyn | None
Brianna | None
Hannah | None
Regan | None
Mohammed | None
Jordan | None
Audrey | None
Adam | None
Mary | None
Madison | None
Shae | None
Sam | None
Lauren | None
Wren | None
Dane | None
Meredith | None
Sean | None
Chelsea | None
Mike | None
Michael | None
Ashley | None
Johanna | None
Jimmy | None
Jessica | None
Jessa | None
Jennifer | None
Jayne | None
Jordan | None
Jayda | None
Isabella | None
Heather | None
Kelsea | None
Harper | None
Grace | None
Grace | None
Jacqueline | None
Jordan | None
Hayden | None
Jovanna | None
Jordyn | None
Brogan | None
Kelly | None
Kinzi | None
Michelle | None
Antoinette | None
Lydia | None
Jordan | None
Libby | None
Leila | None
Leah | None
Chloe | None
Kacie | None
Kaci | None
Lindsay | None
Julia | None
Vivian | None
Nicole | None
Margaret | None
Marcus | None
John | None
Hope | None
Danielle | None
Maria | None
Stela | None
Janice | None
Ana | None
Aaron | None
Amanda | None
Salvatore | None
Jennifer | None
Reginald | None
Rebecca | None
Marisa | None
Rakesh.B | None
Likitha | None
Sandeep.D | None
Jagadeesh.Y | None
rosy | None
sunil.m | None
virat.m | None
Brian | None
Sam | None
Hardish | None
Aparna | None
Chitra | None
Mubeen | None
Brian | None
Patricia | None
Mlungisi | None
Tonya | None
Alex | None
Aman | None
Eli | None
Katherine | None
Betty | None
Ruth | None
Stan | None
Brian | None
Lebe | None
Michael | None
Eric | None
Manisha | None
Tammy | None
Kenny | None
Mark | None
Melanie | None
Ajit | None
Pankaj | None
Jason | None
Crystal | None
Jason | None
Joshua | None
Sam | None
Isaac | None
Krystyn | None
Jaden | None
Alejandro | None
Ross | None
Aaron | None
Zach | None
Christie | None
Tim | None
Arturo | None
Gus | None
Travis | None
Kilmer | None
Alicia | None
Kemuel | None
Holly | None
Hank | None
Saindy | None
Mark | None
Carter | None
Andy | None
Brittany | None
Mitchell | None
Thad | None
Claire | None
Rebekah | None
Jeremy | None
Alex | None
Marty | None
Nicholas | None
Osvaldo | None
Amy | None
Sara | None
Lorri | None
Kelly | None
Jonathan | None
Greg | None
Chelsea | None
Melissa | None
William | None
Mike | None
Travis | None
Michael | None
Elizabeth | None
Wes | None
Ryan | None
Steven | None
Drew | None
Shannon | None
Maxwell | None
Ivaylo | None
Kolbey | None
Hunter | None
Matt | None
Sean | None
Jason | None
Andrew | None
Yolanda | None
Courtney | None
Olivia | None
Johnny | None
Ryan | None
Alicia | None
Chase | None
Danielle | None
Sam | None
Leiah | None
Calvin | None
Anthony | None
Nate | None
Ryan | None
Mitch | None
Kaytlyn | None
Savannah | None
Boyd | None
Matt | None
Josh | None
Weston | None
Adam | None
Aaron | None
Sadey | None
Nolan | None
Shantelle | None
Josh | None
Shantelle | None
Adam | None
Jayde | None
Patrick | None
Austin | None
Seth | None
Jessica | None
Kristen | None
Joseph | None
Carter | None
Sara | None
Jesus | None
Kimberly | None
Joselin | None
Paul | None
Jeffrey | None
Gage | None
Garrett | None
My | None
Jennie | None
Josh | None
Brooke | None
Jake | None
Hunter | None
Nolin | None
Stephanie | None
Megan | None
Cassie | None
Jade | None
Aleah | None
Payton | None
Taylor | None
Reed | None
Mackenzie | None
Ashley | None
Matthew | None
Christina | None
Zak | None
Gabriel | None
Bill | None
Sammy | None
Benjamin | None
Courtney | None
Raymond | None
Mary | None
Jennifer | None
Sean | None
Cullan | None
Logan | None
Brad | None
Danielle | None
Christina | None
Jana | None
Joseph | None
Sumayah | None
Hunter | None
Diana | None
Tyler | None
Juvon | None
Jaylon | None
Ashlynne | None
Hoy | None
Roee | None
Jonathan | None
Shane | None
Paul | None
Cody | None
Kevin | None
Matthew | None
Kristy | None
Gabriel | None
Josh | None
Ryan | None
Alayna | None
Henry | None
Mackenzee | None
Stephen | None
Nadine | None
Hillary | None
Alex | None
Cierra | None
Matthew | None
Rashmi | None
Devon | None
Caralyne | None
Eli | None
Jacob | None
Hanin | None
Rashawn | None
Jbeth | None
Jacob | None
Rodolfo | None
Kaitlyn | None
Luke | None
Hunter | None
Haley | None
Christina | None
Keith | None
Jeffrey | None
Kevin | None
Logan | None
Patricia | None
Cate | None
Nicholas | None
Kristen | None
Jeremy | None
Gianna | None
Joe | None
Michela | None
Dominik | None
Matt | None
Ben | None
Jordan | None
Samantha | None
Rebecca | None
Sean | None
Chris | None
Leonardo | None
Lauren | None
Maria | None
Colton | None
AJ | None
Jeffrey | None
Alex | None
Mike | None
Brandon | None
Eric | None
Rebekah | None
Kelly | None
Rebecca | None
Jared | None
Brandon | None
Jon | None
Mason | None
Alex | None
Trevor | None
Caitlin | None
Matthew | None
Jake | None
Emily | None
Eugene | None
Tony | None
Mark | None
Sarah | None
Ricardo | None
Andres | None
Kaleb | None
Haneen | None
Margy | None
Kymberly | None
Anthony | None
Lori | None
Melissa | None
Tanner | None
Max | None
Ella | None
Nicholas | None
Shane | None
Jake | None
Patrick | None
Jon | None
Mike | None
Maddy | None
Paxton | None
Joe | None
Jeremiah | None
Jordan | None
Hannah | None
Quintahl | None
Sean | None
Simone | None
Tatiana | None
Taylor | None
Tiffany | None
Amy | None
Sara | None
Karina | None
Erick | None
Peter | None
Christie | None
Nathan | None
Justin | None
Molly | None
Charlee | None
Ashley | None
Ashleigh | None
Kevin | None
Shea | None
Adam | None
Jack | None
Lupita | None
Laura | None
Estefani | None
Whitney | None
Haley | None
Nyoki | None
Noelle | None
Nicole | None
Nathan | None
Kelly | None
Anthony | None
Austin | None
Brooke | None
Celena | None
Chelsea | None
Chris | None
Christina | None
Dan | None
Devin | None
Diana | None
Douglas | None
Elizabeth | None
Tony | None
Gabriel | None
Joseph | None
Justin | None
Kayla | None
Kevelo | None
Kevin | None
Laura | None
Lauren | None
Mariane | None
Marina | None
Matthew | None
Meg | None
Monica | None
Natalie | None
Jen | None
Jake | None
Chelsea | None
Christopher | None
Patrick | None
Lauren | None
Larry | None
Chris | None
Brienna | None
Scarlett | None
Yesica | None
Farah | None
Tomas | None
Morgan | None
Ingrid | None
Natasha | None
Kyle | None
Evan | None
Farrell | None
Steve | None
Pablo | None
Brian | None
Shawna | None
Tre | None
Jaime | None
Yanell | None
Lauren | None
Lawrence | None
Emma | None
Karen | None
Derek | None
Katelynn | None
Becky | None
Kevin | None
Najelly | None
Tania | None
Raelene | None
Maria | None
Carolanne | None
Marissa | None
Tracy | None
Luke | None
Adriana | None
Carlos | None
Carla | None
Ryan | None
Dave | None
Jamie | None
Taylor | None
Christina | None
Andrew | None
Kelly | None
Lindsay | None
Nate | None
Angela | None
Fatima | None
Desirae | None
Chelsea | None
Monica | None
Lauren | None
Tina | None
Jermaine | None
Byra | None
Parker | None
Victoria | None
Andrew | None
Chris | None
Jacob | None
Seth | None
Terry | None
Jack | None
Daniel | None
Kyle | None
Shannon | None
Jake | None
Eric | None
Steve | None
Alan | None
John | None
Collin | None
Ryan | None
Ryan | None
Michael | None
Kat | None
Mariam | None
Lao | None
Deryk | None
Ross | None
KaylaJo | None
Niki | None
Jordan | None
Jack | None
Sam | None
Tyree | None
Ashley | None
Dylan | None
Isaiah | None
Travis | None
Bryan | None
Cole | None
Matthew | None
Jordan | None
Nick | None
Paul | None
Brittany | None
Pa | None
Andrew | None
Daman | None
Haley | None
Bennett | None
Brian | None
Kevin | None
Andrew | None
Brock | None
David | None
Rachel | None
Cody | None
Tou | None
Anna | None
Danny | None
Nicholas | None
Wa | None
Brandon | None
Josefina | None
Zachary | None
Jacob | None
Mitchell | None
Mike | None
Kyle | None
Tanner | None
Demetri | None
Brandon | None
Keith | None
Tyler | None
Ted | None
Ryan | None
Douglas | None
Chris | None
Dustin | None
Zach | None
Nathan | None
Mari-Ann | None
Mitch | None
Joey | None
Nicholas | None
Dominic | None
Wade | None
Brandon | None
David | None
Brian | None
Logan | None
Sean | None
Nathan | None
Claire | None
Mackenzie | None
Jessica | None
Max | None
Emily | None
Taylor | None
Eric | None
Ana | None
Jennifer | None
Anne | None
Chris | None
Sarah | None
Tyler | None
Erik | None
Michael | None
Marcy | None
Jordan | None
vang | None
Na | None
Tam | None
Ryan | None
Jamie | None
Cameron | None
Michael | None
Alex | None
Cooper | None
Sarah | None
Sydny | None
Kyle | None
Jaki | None
Dryden | None
Chris | None
Lauren | None
Michael | None
Luke | None
Ben | None
Matthew | None
Philip | None
Mark | None
Daulton | None
Edgar | None
Calum | None
Delane | None
Marie | None
Grace | None
Victoria | None
Rian | None
Recruiter | None
Jeff | None
Brian | None
Emma | None
Donte | None
Holden | None
Marisol | None
Skylor | None
Paul | None
Candice | None
Jacob | None
Lupe | None
Eddy | None
Nolan | None
Zachary | None
Emily | None
Shaun | None
Rob | None
Max | None
Brian | None
Bret | None
Riley | None
Jocelyn | None
Timothy | None
Kevin | None
Jessica | None
Erin | None
Beth | None
Corey | None
Jason | None
Kathryn | None
Christopher | None
Tyler | None
Rosy | None
Emily | None
Rosemary | None
Liz | None
Justin | None
Brittany | None
Debasmita | None
Dante | None
Liz | None
Walter | None
Sarah | None
Ylii | None
Edith | None
Jonathan | None
Marie | None
Wesley | None
Valerie | None
Carl | None
Scott | None
George | None
Semhar | None
Dalia | None
Jenna | None
Steve | None
Jessica | None
Christopher | None
Naomi | None
Brian | None
Chris | None
Michael | None
Mark | None
Isaiah | None
Trevor | None
Laura | None
Austin | None
Brandon | None
Rees | None
Richelle | None
Diana | None
Brandon | None
Tanner | None
Kyle | None
Joe | None
Anna | None
Lasater | None
Kurt | None
TJ | None
Troy | None
Amanda | None
Adam | None
Jamie | None
Sheridan | None
Christopher | None
Alexander | None
Dylan | None
Jonny | None
Liesel | None
Jeff | None
Brandon | None
Eric | None
Patrick | None
Heather | None
Shane | None
AJ | None
Thomas | None
Nicole | None
Chrisshnay | None
Anna | None
Madison | None
Bob | None
Michael | None
Michael | None
Elijah | None
Adam | None
Alex | None
Chelsea | None
Brad | None
Hannah | None
Sean | None
James | None
Christopher | None
Ryan | None
Nai | None
James | None
Phong | None
Justin | None
Joe | None
Danielle | None
Denette | None
Alondra | None
Boss | None
Jason | None
Cole | None
Kevin | None
Karina | None
Yashar | None
John | None
Raymond | None
Daniel | None
Javier | None
Viviana | None
Zach | None
Ashley | None
Michael | None
Kai | None
Sarah | None
Gabriel | None
Raquel | None
Ethan | None
Ashley | None
Taylor | None
Andrew | None
Daniel | None
Amanda | None
Evelyn | None
Samantha | None
Lauren | None
Jasmine | None
Savanah | None
Saba | None
Alexander | None
Curtis | None
Henry | None
Russell | None
Cali | None
Kristian | None
Brent | None
James | None
Satoshi | None
Mark | None
Miguel | None
Alexis | None
Jazmyn | None
Allyson | None
Jacob | None
Jesus | None
Darlene | None
Noah | None
Sophia | None
Christy | None
Kayleigh | None
Schmildt | None
Omar | None
Jesus | None
Victoria | None
Karlie | None
Raymundo | None
Jorge | None
Kara | None
Sara | None
Abraham | None
Charlotte | None
Latonia | None
Karlie | None
Sean | None
Edward | None
Isaias | None
Abigail | None
Laura | None
Ryan | None
Maria | None
Diana | None
Eddie | None
Amanda | None
Ashley | None
Marco | None
Katie | None
Veda | None
Lance | None
William | None
Jenn | None
Junior | None
Robbie | None
Yohan | None
Michael | None
Michael | None
Cosette | None
Luis | None
Kylie | None
Jon | None
Nico | None
Kyle | None
Alondra | None
Ali | None
Conner | None
Mike | None
Fernanda | None
Laura | None
Priscilla | None
Ramon | None
Sean | None
Donje | None
Austin | None
Anibal | None
Vanessa | None
Kelsey | None
Vance | None
Janet | None
Kara | None
Christina | None
Molly | None
Henry | None
Richard | None
Kaitlin | None
Danny | None
Jennifer | None
Jason | None
Annie | None
Wayne | None
Chuck | None
Robert | None
A'ndrea | None
Austin | None
Hope | None
Bryan | None
Miles | None
Ashley | None
Don | None
Ben | None
Jessica | None
Mackenzie | None
Maritza | None
Sherri | None
Jared | None
Josh | None
Lindsey | None
Parker | None
Mercedes | None
Kurt | None
Kirby | None
Swetha | None
Estelle | None
Trevor | None
Justin | None
Jay | None
Cece | None
Katie | None
Jamie | None
Lourian | None
Megan | None
Breiton | None
Hope | None
Kendall | None
Joe | None
Alyssa | None
Will | None
Journey | None
Araseli | None
Austin | None
Megan | None
Ellison | None
Tyler | None
Tanner | None
Patrick | None
Daniel | None
Brie | None
Jaime | None
Fidel | None
Mynor | None
Jason | None
Karina | None
Taylor | None
Kaelyn | None
Stephanie | None
Elizabeth | None
Dhailon | None
Melissa | None
Jason | None
Dave | None
Dylan | None
Brian | None
Trevor | None
Jordan | None
Joshua | None
Susana | None
Tracy | None
Mariam | None
Michael | None
Tracy | None
Shaletha | None
Aldryn | None
Danny | None
Kyle | None
Derek | None
Maddy | None
Kealey | None
Amy | None
Bailey | None
Chloe | None
Colbey | None
Graham | None
Ryan | None
Sheldon | None
Presley | None
Mackenzie | None
Reid | None
Aaliyah | None
Kade | None
DJ | None
Corey | None
Candace | None
Blair | None
Tara | None
Brent | None
Michael | None
Ellen | None
Trever | None
Emma | None
Angela | None
Anissa | None
Miranda | None
Spencer | None
Jayson | None
Mallori | None
Alexandra | None
Stephanie | None
Constance | None
Zach | None
Phillip | None
DJ | None
Antoinette | None
Crystal | None
Eric | None
Elizabeth | None
Tabitha | None
Autumn | None
Darcy | None
Kyle | None
Carson | None
Meghan | None
Parker | None
E. | None
Lou | None
Ellen | None
Alexandra | None
Mike | None
Samantha | None
Maria | None
Connor | None
Candice | None
Dahlys | None
Ty | None
Xavier | None
Tyler | None
Hector | None
Shelby | None
Adon | None
Christina | None
Erik | None
Amy | None
Michael | None
Nicholaus | None
Emily | None
Mackenzie | None
Joe | None
Jessica | None
Kelsey | None
Devin | None
Sullivan | None
Jason | None
Gabriela | None
Jonathan | None
Stefanie | None
Broderick | None
Mikayla | None
Hann-Ah | None
Matt | None
Ashleigh | None
Heather | None
Kayla | None
Natalie | None
Zoey | None
Grace | None
Anna | None
Lauren | None
Barrett | None
Ren | None
Nick | None
Maria | None
Carolina | None
Erika | None
Josh | None
Jed | None
John | None
Gianna | None
Garrett | None
Leah | None
Brooke | None
Kara | None
Brady | None
Robert | None
Anna | None
Coral | None
Andrew | None
Alyssa | None
Erin | None
Matt | None
Evan | None
Amanda | None
Dori | None
Samantha | None
Christian | None
Ashley | None
Felicia | None
Charisma | None
Bill | None
Justin | None
Joanna | None
Tucker | None
Dennis | None
Kaylee | None
Payton | None
John | None
Kaylee | None
Rylie | None
Tate | None
Stanisha | None
Young | None
Sterling | None
Dakota | None
Adam | None
Morgan | None
Jordan | None
Kolten | None
Clayton | None
Spencer | None
Grayson | None
Genie | None
Ismail | None
Anissa | None
Missy | None
Tony | None
Tyler | None
Tara | None
Timothy | None
Holly | None
Noel | None
Jordon | None
Melanie | None
Caroline | None
Danielle | None
Brittney | None
Haley | None
Matthew | None
Cris | None
Derek | None
Anthony | None
Shaun | None
Sun | None
Mackenzie | None
Celena | None
Daniel | None
Michael | None
Sarah | None
Kyla | None
Jose | None
Justine | None
Taylor | None
RuthieAnn | None
Allie | None
Katheryn | None
Joseph | None
Nick | None
Veronica | None
McKenna | None
Javier | None
Clay | None
Craig | None
Angie | None
Josh | None
Troy | None
Elizabeth | None
Kyle | None
Alice-Marie | None
Amber | None
Jackson | None
Justin | None
Rachel | None
Jesus | None
Alex | None
Steve | None
Zoe | None
Chris | None
Douglas | None
Taylor | None
Katelyn | None
Brooke | None
Tiara | None
Jenny | None
Justin | None
Brennan | None
Kate | None
Jordan | None
Ryan | None
Christen | None
Brian | None
David | None
Zachary | None
Heather | None
Allison | None
Cale | None
Jake | None
Kylee | None
Nathan | None
Jacob | None
Kelly | None
Lo | None
Brian | None
Louie | None
Trenton | None
Barry | None
Cam | None
Alex | None
Ryan | None
Steven | None
Alex | None
Kendra | None
Nathan | None
Kelly | None
Chase | None
Seth | None
Paige | None
Mitchell | None
Michael | None
Andrew | None
Cole | None
Jake | None
Kristopher | None
Omar | None
Grace | None
Noah | None
Cathy | None
Tyler | None
Jon | None
Sydney | None
Kayoti | None
Amanda | None
Holly | None
Liz | None
Zachariah | None
Giovanni | None
LaRue | None
Shaun | None
Shannon | None
Kara | None
Madisen | None
Brian | None
Shaniece | None
Hunter | None
Jordan | None
Julius | None
Kaitlin | None
David | None
Mark | None
Benjamin | None
Jessie | None
Robert | None
Chad | None
Kassandra | None
Maggie | None
Carol | None
Landon | None
Melanie | None
Clint | None
Leah | None
Joe | None
Jennifer | None
Kylie | None
Dave | None
Allen | None
Kendall | None
Felicity | None
Keith | None
Jerald | None
Joseph | None
Colin | None
Alevia | None
Lodge | None
Joshua | None
Jenn | None
Corey | None
Kristen | None
Nick | None
Nichole | None
Brittany | None
Rachel | None
Emmanuel | None
Rustin | None
Lauren | None
Rachel | None
Steven | None
George | None
Matthew | None
Carley | None
Ronald | None
Tony | None
Todd | None
Isaiah | None
Cheynne | None
Lucas | None
Aaron | None
Cody | None
Tom | None
Chris | None
Kourtney | None
Ryan | None
Monique | None
Ashley | None
Jamie | None
Cody | None
Michael | None
Anna | None
Annie | None
Darrian | None
Derek | None
Colin | None
Trevor | None
Rachael | None
Michael | None
Josh | None
Tristan | None
Mark | None
Christopher | None
Tyquan | None
Terrence | None
Dan | None
Lucas | None
Mike | None
Sarah | None
Kyle | None
Michael | None
Shayla | None
Jayce | None
Tyler | None
Bobbi | None
Serra | None
Robert | None
Courtney | None
Merritt | None
Mike | None
Victoria | None
Travis | None
James | None
Kevin | None
James | None
Katie | None
Jeff | None
Carter | None
Josh | None
Tatianna | None
Gina | None
Robert | None
Ed | None
Dan | None
Alisha | None
Julius | None
Patrick | None
Logan | None
Brianne | None
Nathaniel | None
Cy | None
Amy | None
Tristan | None
Jeremy | None
Andy | None
Josie | None
Harrison | None
Michael | None
Nicholas | None
Kody | None
Nicholas | None
Jessica | None
Melissa | None
David | None
Tony | None
Chris | None
Skip | None
Brandon | None
Warwick | None
Phil | None
Jonas | None
Corey | None
Dominic | None
Gianna | None
Louie | None
Donald | None
Anthony | None
Sidney | None
Chris | None
Mikaelah | None
Bethany | None
Erik | None
Tad | None
Tommy | None
Ben | None
Adam | None
Joel | None
Courtney | None
Roman | None
Hamdi | None
Ryan | None
Madelyn | None
Greg | None
Christopher | None
Cameron | None
Jack | None
Alexandra | None
Delani | None
Zach | None
Nick | None
Joshua | None
Colson | None
Albert | None
Lydia | None
Katelyn | None
Patrick | None
Darryn | None
Andrew | None
Alexander | None
Madelyne | None
Ian | None
Sharif | None
Emily | None
John | None
Tarek | None
Courtney | None
Zachary | None
Anthony | None
Bryan | None
Mackenzie | None
Alex | None
Jenny | None
Jessica | None
Amanda | None
Rick | None
Jared | None
Patrick | None
James | None
Dylan | None
Matthew | None
Raphael | None
Heather | None
Daniel | None
Jonathan | None
Charlotte | None
Dan | None
Katelyn | None
Justin | None
Christian | None
Adrian | None
Kimberly | None
Candice | None
Josh | None
Gracie | None
Caroline | None
Morgan | None
Ana | None
Kathleen | None
Claire | None
Jose | None
Alexis | None
Virginia | None
Samantha | None
Coral | None
Yvette | None
Matt | None
Ricky | None
Christian | None
Mike | None
Megan | None
Mark | None
Karla | None
Haley | None
Talia | None
Brigitte | None
Vincenzo | None
Shelby | None
Hunter | None
Noah | None
Patricia | None
Cyndi | None
Nicholas | None
Erol | None
Jose | None
Corey | None
Brian | None
Agustina | None
Kara | None
Jackson | None
Alexandra | None
Rachel | None
Robert | None
Ronald | None
Jay | None
Catherine | None
Portia-Marie | None
Brian | None
Alex | None
Michael | None
Carmen | None
Abraham | None
Giovanni | None
Zaven | None
Paul | None
Tate | None
Kristian | None
Juan | None
Hayley | None
Enmanuel | None
Carl | None
Ariel | None
Matthew | None
Alex | None
Leila | None
Jonathon | None
Chantel | None
Kevin | None
Cory | None
Mark | None
Luis | None
Matthew | None
Cara | None
Allyson | None
Aaron | None
Jeff | None
Mike | None
Emily | None
Sarah | None
Mary | None
Patrick | None
Jaclyn | None
Jonathan | None
Emily | None
Emily | None
Carly | None
Bryan | None
Gabrielle | None
Corey | None
Ashley | None
Kerry | None
Catalina | None
Laura | None
Robin | None
Crystal | None
Carlyn | None
Matt | None
Benjamin | None
Becky | None
Charmaine | None
Dustin | None
Tim | None
Edwin | None
Zachary | None
Steve | None
Edgar | None
Samantha | None
Katie | None
Melanie | None
Ryan | None
Sydney | None
Brendan | None
Dan | None
Randy | None
Jessica | None
Angel | None
Juan | None
Melissa | None
MAI | None
Tyler | None
Stephanie | None
Mia | None
Sara | None
Michael | None
William | None
Morgan | None
Jamal | None
Brian | None
Shelby | None
Cody | None
Erika | None
Blake | None
Taylor | None
Michael | None
Jordan | None
Lindsay | None
Chester | None
Meagan | None
Brian | None
Bryan | None
Bridget | None
Carlie | None
Chris | None
Emma | None
Jena | None
Reid | None
Brittany | None
Tonya | None
Derek | None
Robert | None
Sarah | None
Damien | None
Cameron | None
Kenna | None
Jeff | None
Lydia | None
Kirk | None
Taylor | None
Esnarda | None
Caroline | None
Yirleana | None
Pat | None
Jake | None
Roy | None
Bradley | None
Camille | None
Asa | None
Kiara | None
Brittany | None
Stephanie | None
Trude | None
Mary | None
Michele | None
Valda | None
Victor | None
Jamie | None
Ryan | None
Michael | None
Donshae | None
Tom | None
Craig | None
Levore | None
Ashley | None
John | None
Jill | None
Robert | None
Niki | None
Dan | None
Karyn | None
Emma | None
Lawson | None
Tyler | None
Taylor | None
Tevin | None
Jake | None
Christian | None
Shadrian | None
Trevor | None
Noah | None
Abbey | None
Jake | None
Manisha | None
James | None
Halee | None
Lori | None
Hannah | None
Jennifer | None
Brandon | None
Susan | None
Carmen | None
Anthony | None
Traci | None
Giovannie | None
Kyle | None
Mark | None
Christopher | None
Tamara | None
Peter | None
Tammy | None
Bria | None
Scott | None
Kethelyn | None
Ricardo | None
Emilia | None
Jake | None
Jacob | None
Emily | None
Xavier | None
Matt | None
Danny | None
Sydney | None
Brian | None
Mike | None
Devon | None
Jessica | None
James | None
Katie | None
Margaret | None
Michael | None
Denzel | None
Cory | None
Matthew | None
Morgan | None
Cole | None
Kyleigh | None
Morgan | None
Wesley | None
Ashlyn | None
Chandler | None
Devin | None
Beckman | None
Delaney | None
Maggie | None
Taylor | None
Caitlyn | None
Joe | None
Kayleen | None
Micah | None
Lachlan | None
Ricky | None
Rob | None
Jami | None
Cindy | None
TJ | None
Jessica | None
Katherine | None
Cameron | None
Kara | None
Chris | None
Anneliese | None
Kosal | None
Stan | None
Davio | None
Meghan | None
Tory | None
Patrick | None
Kevin | None
Shannon | None
Leslie | None
Matthew | None
Emily | None
Scarlett | None
Marcus | None
Moumita | None
Thomas | None
Ian | None
Dara | None
Emma | None
Lamont | None
Sydney | None
Bruce | None
Caleb | None
Grace | None
Ross | None
Molly | None
Eric | None
Kerri | None
Tyler | None
Cassie | None
Daniel | None
Sara | None
Anthony | None
Michael | None
Matthew | None
Ashleigh | None
Cameron | None
Joseph | None
Joe | None
Brian | None
Garrett | None
Amber | None
Ryan | None
William | None
Ryan | None
Andreya | None
Josh | None
Nadege | None
Paris | None
Justin | None
Nic | None
Dantae | None
Michael | None
Tim | None
Megan | None
Katherine | None
Bruce | None
Shadi | None
Lindsey | None
Matt | None
Caroline | None
Alexandra | None
Margaret | None
Hunter | None
Devon | None
Nathan | None
Auden | None
Casey | None
Patrick | None
Kevin | None
Brady | None
Anthony | None
Patrick | None
Shane | None
Nicole | None
Christopher | None
Maximiliano | None
Chelsea | None
Nathan | None
Wil | None
Breeah | None
Stephen | None
Gregory | None
Kevin | None
Mark | None
Melissa | None
Mallory | None
William | None
Danielle | None
Eric | None
Andrew | None
Sean | None
Chad | None
Gina | None
Mila | None
Meredith | None
Nicole | None
Christian | None
Paul | None
Jessica | None
Jason | None
Audrey | None
Tom | None
Jenna | None
Derek | None
George | None
Lauren | None
Michael | None
Colin | None
Joe | None
Kirsten | None
Chris | None
Sarah | None
Kevin | None
Stacy | None
Karon | None
Nicole | None
Sara | None
Anthony | None
Alyssa | None
Patrick | None
Alyssa | None
Victor | None
Ashley | None
Danielle | None
Kyle | None
Cristin | None
Juliann | None
Franco | None
Alex | None
David | None
Madelyn | None
Gabriela | None
Brian | None
Brianna | None
David | None
Scott | None
Alina | None
Grace | None
Matt | None
Matthew | None
Nicholas | None
Katie | None
Leigh-Ann | None
Alexandra | None
Nicole | None
Matt | None
Megan | None
Chris | None
Dave | None
Gino | None
Thomas | None
Joseph | None
Joel | None
Melissa | None
Tyler | None
Jeffrey | None
Nicole | None
Vinny | None
Paul | None
Maria | None
Frank | None
Mike | None
Rachel | None
Cat | None
Joseph | None
Danielle | None
Todd | None
Stephanie | None
Ellen | None
Kerry | None
Andy | None
Tim | None
Ed | None
Anukarthik | None
Brad | None
David | None
Brian | None
Tyler | None
Amy | None
Sherl | None
Jake | None
Kenneth | None
Adam | None
Jess | None
Thad | None
Andy | None
Ron | None
Meghan | None
Pat | None
LeeAnn | None
Amir | None
Marlene | None
Linda | None
Stacey | None
Naomi | None
Christopher | None
Levi | None
Alyson | None
Jalen | None
Ryan | None
Hannah | None
Dillon | None
Dimitry | None
Danielle | None
Ryan | None
Amanda | None
Gabriella | None
Santiago | None
Fernanda | None
Jim | None
Aaron | None
Randy | None
Brian | None
Amanda | None
Alexandra | None
Jeffrey | None
Lonnie | None
Martha | None
Kevin | None
Arielle | None
Evan | None
Andrea | None
Robert | None
Jacob | None
Hannah | None
Josh | None
Jakob | None
Andrew | None
Luke | None
Eleanor | None
John | None
Clark | None
Jenna | None
Michelle | None
Payton | None
Nicole | None
Nate | None
Rebecca | None
Zachary | None
Benjamin | None
Olivia | None
Jesse | None
Jeremy | None
Bree | None
Patrick | None
Alexis | None
Jon | None
Merve | None
Jonathan | None
Erica | None
Eric | None
Angela | None
Seiler | None
Scott | None
Stephen | None
Shaelynn | None
Jake | None
Marc | None
Joseph | None
Courtney | None
Alex | None
Chris | None
Jesse | None
Cory | None
LeeAnn | None
Tony | None
Jennifer | None
Jeremy | None
Connor | None
Lexi | None
Gina | None
Alex | None
Daniela | None
Kyle | None
Danielle | None
Cara | None
Michael | None
Madison | None
Charles | None
Michael | None
Jade | None
Naomi | None
Emma | None
Randy | None
Tyler | None
Adam | None
Ashley | None
Bradford | None
Dolan | None
Jadyn | None
Brady | None
Kevin | None
Mike | None
Jessica | None
Grant | None
Sarah | None
Ellie | None
Karl | None
SHANE | None
Payton | None
Nicole | None
Maxwell | None
Myra | None
Scott | None
Becca | None
Jon | None
Tyler | None
Ibrahim | None
Foryoh | None
Dave | None
Jordan | None
Tiffany | None
Sidney | None
Carey | None
Jim | None
Craig | None
Niko | None
Dale | None
Alexander | None
Sean | None
Carla | None
Jason | None
Megan | None
Lindsey | None
Robert | None
Kevin | None
Tia | None
Adam | None
Caitlin | None
Keith | None
Renee | None
Delicia | None
CJ | None
Dan | None
Kevin | None
Jon | None
Kyle | None
Richelle | None
Ethan | None
Jacqueline | None
Jon | None
Mazzy | None
Iris | None
P.J. | None
Megan | None
Abigail | None
Ethan | None
Demetrius | None
Michael | None
Bryce | None
Vinny | None
Jashua | None
Casey | None
Daniel | None
Teddy | None
Alexandra | None
Alexander | None
Nicholas | None
MacKenzie | None
Jon | None
Jennifer | None
Benjamin | None
Taylor | None
Cindy | None
Joseph | None
David | None
John | None
Jay | None
Mari | None
Warren | None
Jason | None
Dominic | None
Ethan | None
Mary | None
Tanner | None
Michael | None
John | None
Tom | None
David | None
Allison | None
Sean | None
Alexis | None
Ric | None
Tyler | None
Richard | None
Brendan | None
Nicholas | None
Thomas | None
Jacob | None
Crist | None
Justin | None
Brandyn | None
Brittany | None
Mark | None
Joseph | None
Tara | None
Rana | None
Ian | None
Eric | None
Ian | None
Julia | None
James | None
Kyle | None
Lucas | None
Thomas | None
Timothy | None
Toby | None
Andrew | None
Grayson | None
Brian | None
Kyle | None
Joseph | None
Rick | None
Ryan | None
Jason | None
Tyler | None
Joe | None
Cole | None
Abigail | None
Shane | None
Heather | None
Collin | None
Ryan | None
Lacy | None
Alia | None
Joseph | None
Austin | None
Jim | None
Matt | None
Karie | None
Greg | None
Wil | None
Rita | None
Jon | None
Erin | None
Kim | None
Matt | None
Damon | None
Armando | None
Daniel | None
Lauren | None
Kyle | None
Matt | None
William | None
Noah | None
Susan | None
Daniel | None
Samuel | None
Nicholas | None
Matthew | None
Natalie | None
Christopher | None
Michael | None
Steph | None
Kevin | None
Marc | None
James | None
Brandon | None
Justin | None
Deborah | None
Kimberly | None
Annette | None
William | None
April | None
Ailiyea | None
Michael | None
Sarita | None
Jesse | None
Marcus | None
Crystal | None
Bradley | None
Tunde | None
Peter | None
Tani | None
Lee | None
John | None
Ashley | None
Joan | None
Chelsea | None
Royce | None
Justin | None
Reema | None
Kecha | None
Craig | None
April | None
Michelle | None
Robert | None
Antonio | None
Anel | None
Dawn | None
Gary | None
Angela | None
Jeremy | None
Eulalio | None
Michael | None
Glen | None
Jonathan | None
Daniel | None
Jason | None
Lori | None
Savannah | None
Christopher | None
Jessica | None
Khymn | None
Chelsea | None
William | None
Stephen | None
Erika | None
Stephany | None
Matthew | None
Ashley | None
Ken | None
Kate | None
Steve | None
kate | None
rebecca | None
Rebecca | None
steve | None
Larecia | None
Karen | None
Angie | None
Wendy | None
Samia | None
Dakota | None
Chris | None
Kaleigh | None
Lori | None
Karyn | None
Jon | None
Andrew | None
Lena | None
Alyssa | None
Shawn | None
Noah | None
Aaron | None
Jordan | None
Dmitry | None
T.J. | None
Tanner | None
Katherine | None
David | None
Oleh | None
Garrett | None
Kyle | None
Jeffrey | None
Courtney | None
Alexander | None
Faye | None
Melinda | None
Nicholas | None
Zach | None
Eli | None
Norm | None
Nate | None
Tracy | None
Megan | None
Ryan | None
Kevin | None
John | None
Shanth | None
Tylica | None
Erika | None
Matthew | None
Nikki | None
Pamela | None
Lynda | None
Crystal | None
Gail | None
Samantha | None
Derek | None
Maggie | None
Paige | None
Jasmin | None
Daeisha | None
Stephanie | None
Heather | None
Krystal-Anne | None
Justin | None
Lucy | None
Milan | None
Bobbi | None
James | None
Mariel | None
Jeanette | None
Jennifer | None
Emma | None
Samuel | None
Constance | None
Jennifer | None
Jarred | None
Peter | None
Kevin | None
Kyle | None
Kahlil | None
Waters | None
Tonya | None
Nina | None
Binta | None
Masoud | None
Joseph | None
Mary | None
Angela | None
Kristin | None
Crystal | None
Beth | None
Joshua | None
Daeisha | None
Justin | None
Jennifer | None
Andrew | None
Vinod | None
Don | None
Jacob | None
Kyle | None
Joseph | None
Jarred | None
Josef | None
Bryan | None
Colin | None
Megan | None
Thomas | None
Pilar | None
Darin | None
Josef | None
Masoud | None
Danielle | None
Tracy | None
Silvana | None
Erik | None
Amelia | None
Michelle | None
Beth | None
Pilar | None
Milton | None
Sarah | None
Sophie | None
Lamia | None
Nicholas | None
Arash | None
Kristin | None
Justin | None
Marko | None
Josh | None
Wes | None
Marybeth | None
Djavlan | None
Soliu | None
Paul | None
Mary | None
Bobbi | None
Sophie | None
Krystal-Anne | None
Samuel | None
Milan | None
James | None
Kimberly | None
Duong | None
Shivam | None
Alissa | None
Jessica | None
Aneri | None
Jonathan | None
Shirley | None
Apollo | None
Harvey | None
Burt | None
Melody | None
Emily C | None
Alex Hunter | None
Ciara Nasuti | None
Justin Ellis | None
Falcon Wilson | None
Alissa Young | None
Jaya | None
Raoul | None
Leslie | None
Mario | None
Michael | None
Godfrey | None
Janette | None
Qumruzzaman | None
Wilfred | None
Kristin | None
Sarah | None
Amy | None
Taylor | None
Sarah | None
Shauna | None
Jessica | None
John | None
Wilfred | None
Strong | None
Shauna | None
Stephanie | None
Melody | None
Justin | None
Ben | None
Shauna | None
Apollo | None
Janette | None
Claire | None
Clint | None
Matthew | None
Alex | None
Lisa | None
Clint | None
Taylor | None
Emily | None
Charles | None
Courtney | None
Jessica | None
Falcon | None
Stephanie | None
Wendy | None
Betty | None
Shannon | None
Shannon | None
Taylor | None
Kenny | None
Kenny | None
Kara | None
Ashley | None
Alissa | None
Spencer | None
Emily | None
Charles | None
Courtney | None
Alexis | None
Wilfred | None
Adam | None
Alexis | None
Adam | None
Alissa | None
Kristin | None
Lisa | None
Falcon | None
Anna | None
Emily | None
Jessica | None
Sami | None
Ciara | None
Chidozie | None
Mario | None
April | None
Jake | None
Jami | None
Beth | None
Bryan | None
Belle | None
Jay | None
Karla | None
Paul | None
Jiselle | None
Will | None
Sean | None
Hafiza | None
Ronald | None
Daniel | None
Aggie | None
Braden | None
Shawn | None
Daniel | None
Dave | None
Isaac | None
Kelly | None
Mike | None
Cristian | None
Alec | None
Allan | None
Shannon | None
Bill | None
Doug | None
Patrick | None
Kevin | None
Antoney | None
Tanya | None
Timothy | None
ron | None
Terri | None
Tara | None
Brian | None
Erin | None
Brian | None
Rion | None
Svetlana | None
Carissa | None
Sanober | None
Melissa | None
Alexis | None
Sergei | None
Jessica | None
Maureen | None
Chrissy | None
Leo | None
Michelle | None
Lindsay | None
Bernadette | None
Mirian | None
Nicole | None
Meredith | None
Natalia | None
Alison | None
Jennifer | None
Ana | None
Meredith | None
Kimmberlee | None
Mary | None
Lynsey | None
Sean | None
Mike | None
Sandra | None
Jan | None
Karen | None
Taylor | None
Laci | None
Kendra | None
Danielle | None
Regan | None
David | None
Kelly | None
Katy | None
Christina | None
Fernando | None
Charles | None
Bobbi | None
Erin | None
Ann | None
Ryan | None
Sara | None
Joshua | None
Katie | None
Elise | None
Shaw | None
Regina | None
Kelly | None
Beth | None
Michele | None
Melissa | None
Patrice | None
Elaine | None
Malinda | None
Jesenia | None
Nina | None
Sarah | None
Fiona | None
Jennifer | None
Rana | None
Jessica | None
Dawn | None
Maria | None
Ciara | None
Becky | None
William | None
Kelli | None
Steve | None
Christopher | None
Stephanie | None
Scott | None
Seema | None
Tim | None
Jonah | None
Jennifer | None
Beth | None
Forrester | None
Melissa | None
Teresa | None
Anitha | None
Kenyatta | None
Katie | None
Jason | None
Kim | None
Elicia | None
Nikhita | None
Amy | None
Melissa | None
Jasmaine | None
Toni | None
Terri | None
Helen | None
Amy | None
Brittney | None
Raven | None
Cori | None
Michael | None
Shay | None
Leisa | None
Nicole | None
Stacy | None
Jose | None
Vibhusha | None
Steven | None
Nannette | None
Stephanie | None
Nicole | None
Julie | None
Kelly | None
Brooke | None
Brittany | None
Olga | None
Chelsey | None
Denise | None
Zara | None
Michele | None
Philip | None
Casey | None
Karen | None
Wendy | None
Hillaree | None
Scott | None
Timothy | None
Shane | None
Ryan | None
Angie | None
Albert | None
Stephanie | None
Maribel | None
Shirine | None
Hector | None
Arcy | None
Maggie | None
Andrea | None
Rowan | None
Samuel | None
Glenna | None
Margaret | None
Yessica | None
Kathy | None
Kathy | None
Vickie | None
Vijay | None
Jeffrey | None
Tamara | None
Rick | None
Meghan | None
Jamie | None
Kris | None
Diane | None
Jay | None
Joanna | None
Jeff | None
Molly | None
Mayme | None
Elizabeth | None
Renata | None
Brian | None
Jaran | None
Victoria | None
Abby | None
Misty | None
Reema | None
Caroline | None
Marcie | None
Astha | None
Hannah | None
Robin | None
Tony | None
Michele | None
Irma | None
Charlotte | None
Jean | None
Cami | None
Vanessa | None
Matt | None
Kyle | None
Zachary | None
Ben | None
Yehudah | None
Brooke | None
Holly | None
Thomas | None
Stacy | None
Samantha | None
Ernest | None
Ryan | None
Jennifer | None
Brian | None
Chris | None
Priscilla | None
Jeremy | None
Abhishek | None
Jasprit | None
Marc | None
Alyssa | None
Jennifer | None
Megan | None
Don | None
Jordan | None
Michelle | None
Alexis | None
Tricia | None
Luz | None
Leigh | None
Rebecca | None
Suman | None
Michele | None
Joyce | None
Sara | None
Joe | None
Kevin | None
Chris | None
Joe | None
Kathi | None
Zydon | None
Jill | None
Kaelyn | None
Laurie | None
Jennifer | None
Dustin | None
Logan | None
Faith | None
Stefanie | None
Jenn | None
Nicole | None
Shirley | None
Nichola | None
Shanterian | None
Nakia | None
Kunal | None
Ashleigh | None
Karen | None
Erik | None
Daniela | None
Lara | None
Andrea | None
Jennifer | None
Erica | None
Cindy | None
Alexandra | None
Abigail | None
Theresa | None
Jan | None
Hosanna | None
Erica | None
Laura | None
Tessa | None
Katya | None
Chloe | None
Victoria | None
Jamie | None
Mark | None
Gina | None
Darcie | None
Nikki | None
Terrence | None
Jordan | None
Mike | None
Taylor | None
Jessica | None
Vanessa | None
Paradise | None
Colleen | None
Amanda | None
Adriana | None
Averie | None
Mayet | None
Karem | None
Josh | None
Katherine | None
John | None
Jordan | None
Kristen | None
Rahel | None
Kristina | None
Maressa | None
Karl | None
Robert | None
Robert | None
Susie | None
Jennifer | None
Alex | None
Ryan | None
Tony | None
Sarah | None
Samantha | None
Logan | None
Drew | None
Taylor | None
Thea | None
Maggie | None
Jen | None
Susie | None
Kristen | None
Alan | None
Zachary | None
Kleent | None
Jay | None
Christian | None
Spencer | None
Eric | None
Katie | None
Alan | None
Cezar | None
Sam | None
Ryan | None
Grace | None
Kiera | None
Ryan | None
Derrick | None
Sophia | None
Ariel | None
Olivia | None
Connor | None
Evan | None
Hayden | None
Brad | None
Elijah | None
Jack | None
Karlo | None
Joshua | None
Alan | None
Alex | None
Deborah | None
Pamela | None
Emily | None
Ashlyn | None
Jackson | None
Jay | None
Kyle | None
Karlo | None
Lexi | None
james | None
Alex | None
Abbey | None
steve | None
Gavan | None
Chase | None
Kiera | None
Michael | None
Annie | None
Samantha | None
Emily | None
Joe | None
Dan | None
Kathryn | None
betsy | None
tim | None
Farah | None
Sara | None
Eunice | None
Manuela | None
Leesa | None
Gabriella | None
Firdausi | None
Brittany | None
stephen | None
Amelia | None
william | None
talib | None
raissa | None
richard | None
richard | None
Helanna | None
Angelo | None
Gabrielle | None
Gabe | None
Brenda | None
Vicki | None
Jose | None
Brent | None
Jonathan | None
Nathan | None
DeVetta | None
Eric | None
Christian | None
Christy | None
Danielle | None
Kimberly | None
Vivian | None
Dana | None
Morgan | None
Donna | None
paul | None
Vanessa | None
moldir | None
Charles | None
Daniel | None
Julie | None
Natalie | None
Ryan | None
Vicki | None
Cherry | None
Toby | None
Hermawan | None
Didier | None
Sayo | None
Daniel | None
Louise | None
Tom | None
Adam | None
Millie | None
Larissa | None
Scott | None
Sarah | None
Norizma | None
Ariane | None
Susan | None
Marisol | None
Alan | None
Kinga | None
Ellen | None
Patricia | None
Nicole | None
Jason | None
Vanessa | None
Liam | None
Joti | None
Karl | None
Giovanni | None
Nelly | None
Allan | None
Christine | None
Amanda | None
Mark | None
James | None
Chris | None
Holly | None
Eduarda | None
Azaham | None
Adem | None
Mike | None
Berend | None
Liz | None
Atish | None
Mariana | None
Allister | None
Anna | None
Julie | None
Ashy | None
Ibrahim | None
Anthony | None
Simon | None
Edmund | None
Laiz | None
Jonny | None
Lavínia | None
Chris | None
Mariana | None
Wan | None
Sini | None
Afonso | None
Deepu | None
Madison | None
Andrews | None
Danny | None
Beatriz | None
Brad | None
Guillaume | None
Mariana | None
Mina | None
Ana | None
Andy | None
Zoe | None
Darrel | None
Tanni | None
Ian | None
Yeda | None
Brooklynn | None
Gleice | None
Farah | None
Robert | None
Manus | None
Tera | None
Jannet | None
Renan | None
Samal | None
Caroline | None
Freda | None
Firaz | None
Maria | None
Rebecca | None
Leonardo | None
Suly | None
Eleanor | None
Courtney | None
Kelly | None
Maria | None
Graham | None
Kamila | None
PEDRO | None
Sabrina | None
John | None
Mark | None
Recruiter | None
Nick | None
Hanno | None
Pedro | None
Caio | None
Jessica | None
Ili | None
Maria | None
Alex | None
Helena | None
Azzam | None
Cynthia | None
Patrick | None
Maya | None
Muhammad | None
Adem | None
Tiffany | None
Lara | None
Hugo | None
Karen | None
Tony | None
Bia | None
Alessandro | None
Laís | None
Keegan | None
Jackie | None
Bolin | None
Caroline | None
Robert | None
Nayana | None
Rayan | None
Rosilaine | None
Jessica | None
Marina | None
Clara | None
Marcin | None
Alvin | None
Lucas | None
Luísa | None
Clara | None
Paulina | None
Marcella | None
Thereza | None
Vanessa | None
Arthur | None
Catherine | None
Danda | None
Holly | None
Muhamad | None
Yasmin | None
Taryn | None
Gabriela | None
Amanda | None
Jay | None
Raissa | None
Pete | None
Bode | None
Bruna | None
Natália | None
Esmafaizal | None
Letícia | None
Caroline | None
Joshua | None
Anzhelika | None
Richard | None
Alistair | None
Sarah | None
Gulnaz | None
Rachie | None
Maria | None
Guilherme | None
Bernardo | None
Shamsul | None
Natalie | None
Gabriella | None
Ashley | None
Pedro | None
Lucas | None
Yasmin | None
Gabe | None
Fathullah | None
Vicki | None
Megan | None
Ismael | None
João | None
Fabio | None
Mariana | None
Nathan | None
Marion | None
Giovanna | None
Akhil | None
Júlia | None
Karen | None
Prune | None
Stephanie | None
Bárbara | None
Nuriya | None
Wan | None
Millena | None
Tracey | None
Carol | None
Malcom | None
Oliver | None
Brennan | None
Nathalia | None
Madison | None
Leandro | None
Kyle | None
Krystine | None
Kayla | None
Jenny | None
Ismael | None
Gabe | None
Dominic | None
Andy | None
Andrew | None
Alixandra | None
Jude | None
Jacqueline | None
Izabella | None
Isaiah | None
Gaston | None
Gala | None
Gabriela | None
Anna | None
Jose | None
Michael | None
Mychal | None
Mylinh | None
Natalie | None
Jessica | None
Adam | None
nada | None
Hannah | None
Mag | None
Ashley | None
Camila | None
Britni | None
Beatriz | None
Daniela | None
Madison | None
Louis | None
Ilona | None
Mel | None
Kindell | None
Jennifer | None
Patrick | None
Almaas | None
Caroline | None
Nevina | None
Tiffany | None
Sabrina | None
Gulnara | None
Faith | None
Ashley | None
Susy | None
Humberto | None
Rebecca | None
Ashleigh | None
Shawn | None
Hannah | None
Elizabeth | None
Mathew | None
aigerim | None
angel | None
ashylinder | None
Lensford | None
claudia | None
gemma | None
giovanna | None
giulia | None
grace | None
honor | None
ili | None
juliana | None
madhav | None
melissa | None
miles | None
farah | None
Erin | None
Craig | None
Don | None
Shaq | None
Abigail | None
Ashley | None
Grace | None
David | None
Amy | None
Nathan | None
Lesly | None
Sheryl | None
Maxx | None
Juliana | None
Jason | None
Jennifer | None
Annalise | None
Ashley | None
Aaron | None
Leslie | None
Minela | None
Rhonda | None
Vicki | None
Duncan | None
Jordan | None
Marisol | None
Kyle | None
lewis | None
Felicia | None
Alixandra | None
Carolina | None
Caroline | None
Sam | None
Juliana | None
Jon | None
Luana | None
Yusrina | None
Jack | None
Drew | None
Isaac | None
Karen | None
Mayara | None
Siti | None
Karoline | None
Ailbhe | None
Stephani | None
Sariha | None
Beatriz | None
Tinchu | None
Louis | None
Ana | None
Jake | None
Ryan | None
Oliver | None
Isadora | None
Nicole | None
Niqmah | None
Giulia | None
Angelo | None
Matt | None
Isabella | None
Joachim | None
Natalie | None
Rachel | None
Anna | None
Nelson | None
Richard | None
Jonathan | None
Deneswaren | None
Terra | None
Ashton Pitts | None
Ricky Limones | None
Nic Mendoza | None
Brandon Thayer | None
Abby Myers | None
James Ramsey | None
Tarun Jaglan | None
Mallory Waters | None
Ally Kumbera | None
Beth Benton | None
Vincent Brown | None
Tim Willman | None
Jeff Friedman | None
William Sheldon | None
Nathan Perkins | None
Joshua Life | None
Swetha Jairajan | None
Walter Santy | None
Brooke Peterson | None
Megan Smith | None
Michael Brister | None
John Foley | None
Ricco Spencer | None
Jobria Castenel | None
Willie Dee | None
Isaac Hosch | None
Sunday Joseph | None
Cory Ludwig | None
Ryan Dwyer | None
Katie Hofmeister | None
Molly Johnsen | None
Gina Lavelle | None
Govind Choudhary | None
Jeffrey Neylan | None
Josh Shipcoff | None
Heather Jones | None
Anna Despin | None
Linda Rick | None
Sundaram Mukkai | None
Jubilante-deo Green | None
Kate Kilbourn | None
Patrick Townsend | None
John Mckenzie | None
Nikki White | None
Jonathan Peterson | None
Tyler Kennedy | None
Sandra Ben | None
Joseph Cortana | None
Kirubel Zewde | None
Miseal Hernandez | None
Mauli Pravasi | None
Tony Fox | None
Kunwar Akhand Pratap Singh | None
Amresh Praveen | None
Anna Menke | None
Christian Slater | None
Juan Alferes | None
Alex Wickman | None
Alex Hausenfluck | None
Emily Draper | None
John Millett | None
Declan Fogarty | None
Adam Spinola | None
Andy Schmad | None
Zane Hinkel | None
Michelle Hogart | None
Amanda B | None
Tony F | None
Naveenteja Reddy A | None
James Kahn | None
Azra Sukanovic | None
Melvin Berry | None
Bryaunna Powell | None
Kevin Danisavage | None
Erika White | None
Lynne S | None
Miguel Cruz | None
Justin Ruane | None
Randy Brianhurst | None
Brittany Swaggner | None
Quentin P Amati | None
Micharla Jenning | None
Alexis Owens | None
Rodolfo Diaz | None
Sharene Mckuhen | None
Joao Gomes | None
Laura Lethcoe | None
Jaycee Martin | None
Abigayl Colin | None
Qianna Brooks | None
Allen Trujillo | None
Noelani Rivers | None
Susan Anderson | None
Vishal Sharma | None
Peter Costello | None
Anil Kumar Singh | None
Michael Vlado | None
Scott Wilburn | None
Brandaan Dempsey | None
Mariah Hadden | None
Hannie Mosselmani | None
Sara D | None
Mrs Martin | None
Alex Antonio | None
Nope N | None
Tashee Byars | None
Satender Singh B | None
Song Qiao | None
Vaneesh Parashar | None
Irfan Murtuza | None
Rohit Tiwari | None
Regan R | None
Tiffany Dean | None
Karen Meaker | None
Julien Wilson-dodard | None
Lauren Fields | None
Tyler Gayheart | None
Cari Frank | None
Kevin Hayes | None
Christine Schellhardt | None
Evani Rawat | None
Ravi S | None
Stephen Phillips | None
Stacy Miller | None
Angel Torres | None
Josias Gonzalez | None
Ishwar G | None
Mike Arden | None
Himanshu Tripathi | None
Ricky Deloach | None
Sean O'quin | None
Ashley Guggisberg | None
Kristin Bulgin | None
Chuck Weiss | None
Phani Sekhar Kumili | None
Joe Doran | None
Christopher Erickson | None
Taylor Kelley | None
Jadon Schroeder | None
Breann Dumitru | None
Sunny Blr | None
Heather Mckelvey | None
Scott Baker | None
Dirk Barber | None
Megan Mccoy | None
Yolanda R | None
Joe S | None
Dontrell Johnson | None
Noah Jeppe | None
Jessie Kerbs | None
Anuj Thakur | None
Lance Stahlberg | None
Sachin Christian | None
Anthony Lewis | None
Lacey Lancaster | None
Chico Tnd | None
Charles Frierson | None
Eric Mcknight | None
Narendra Pratap Nishad | None
Jaimee Tate | None
Josh Weeber | None
Brianne Bush | None
Angelica Rico - Perales | None
Erich Buckles | None
Leetha Morehead | None
Lawrence Bailey | None
Anne Dunning | None
Michael Woods | None
Faith Hoskins | None
Kevin Sindle | None
Roderick Grays | None
Matthew Warren | None
Priya Sundar | None
Lamont Robinson | None
Vornen Borbor | None
Quinten Duong | None
Olivia Lewis | None
Rachael Watkins | None
Anthony Baah | None
Eric Moore | None
Tedrick N | None
Astavea Mccowan | None
Arissa Baier | None
Mike Mcmahon | None
Kori Tidwell | None
Max Galipeau | None
Patrick Horan | None
Kelsey Corbin | None
Luke Valente | None
Irving Gonzalez Islas | None
Connor Albin | None
Jeff Vreeland | None
Hari Sudhakar G | None
Marc Ellington | None
Eduardo Esparza Mireles | None
Rusan Hopkins | None
Demetrius Jones | None
Elizabeth Oneal | None
Anpherny Dean | None
Sharod Collins | None
Amari Sygh | None
Diamond L | None
Robert Leon | None
Jamara Barnes | None
Kevin Bender | None
Jalen Mcneal | None
Chase Weber | None
Carlton Carney | None
Lindsay Mcconnell | None
Ahmad Masood Alakozai | None
Manuel Robelis | None
Sandeep R | None
Frank Leone | None
Hareesha Mayyala | None
Sruthi N | None
Belal Aziz | None
Andrew Gilmore | None
Brent H | None
Riley B | None
Rajeev Thapaliya | None
Premadhas Mohunraj | None
Allison Kietz | None
Cara Bushrod | None
Zachecia Carter | None
Valerie Minor | None
Julian Dubique | None
Bobby Miller | None
Faye Caswell | None
Darnell Davis | None
Heather Rose | None
Susie Ferullo | None
Jedah Caldwell | None
Robert Wall | None
Jack Ditonno | None
Leticia Oliveira | None
Blaine Thibodeau | None
Pankaj Kumar | None
Hassan Tucker | None
Marc Williams | None
Melissa Kazmar-vaughan | None
Colin Seifer | None
Brenda Golden-mitchell | None
Ryan Carr | None
Ramone Johnson | None
Drew Hilton | None
Dean Droelle | None
Jaclyn Bowerman | None
Michael Z | None
Linda Rapsonport | None
Ashley Showers | None
Antonio Goodwin | None
Zenon Sandoval | None
Bichri Davis | None
Ian Campbell | None
Dallas Muschall | None
Domach Gatluak | None
Lindsey Loya | None
Robert Engel | None
Naomi Breinholt | None
Desmond Clark | None
Brie Bojorquez | None
Alexandra Ehlers | None
Neeraj K | None
Siva Kumar Mani | None
Matthew Temrowski | None
Chad Mcmullen | None
Heather Peters | None
Melissa C | None
Suman Bobba | None
N Wagner | None
Michael Walch | None
Sarah Swiderski | None
Sahil Lakhwani | None
Kenya Fulwood | None
Michelle Crowell | None
Jim Cowper | None
Alex C | None
Mary Ellen Proffitt | None
Sadas Sadds | None
Richard Owens | None
Ben Wynn | None
Jerry Lee | None
Kristin Ritacco | None
Brenda C | None
Madison Keyser | None
Jennifer Weiner | None
Kshitij Ahlawat | None
Jennifer Mcglone | None
Ivy Jane Jordan | None
Alexander Sommers | None
Juan Paolo Mendoza | None
Maggie | None
Hamid Bashiri | None
Linden Whitborough | None
Nicholas Fotis | None
Lashondra Miles | None
Kylear Daniels | None
Sam Qu | None
Landon Wileman | None
Welch Minseu | None
Barbie Sears | None
Steve Chavaria | None
William Brown | None
Monica Arias | None
Bailey Buckley | None
Jackson Huber | None
Ioaiaia Kaiwiwiq | None
Namjildorj Mandakh | None
Lindsay Castaneda | None
Manuel Torres | None
Luna Liang | None
Aurelia Njogo | None
Eugene Nwachukwu | None
Mani Aryapour | None
Courtney Hughes | None
Patricia Thews | None
Susan Scott | None
Ted Bundy | None
Araceli Cruz | None
Erik Garrobo | None
Za Zaaa | None
Ty Dahlgren | None
Max Roque | None
Shawn Acker | None
Conner Perrault | None
Julien Pinon | None
Karly Morgan | None
Warren Heisenberg | None
Jitendra Singh | None
Kara Smith | None
Charlie Abrahamson | None
Heather Mclaughlin | None
Pete Brown | None
Chaitanya Rangapuram | None
Tiffany S | None
Carol Ann Kenyon | None
Carrie Oviatt | None
Evan Cribbs | None
Kelly Spencer | None
Vince Corralejo | None
Amit Singh | None
Harish Ashala | None
Alan Wilhite | None
Nisha Anand | None
Cortelyou Ellis | None
James Pearson | None
Ashish Kumar | None
Yangini Kapoor | None
Margaret Torres | None
Thomas Ostrander | None
Nina Ayers | None
Jess | None
Charles Brons | None
Jennifer Lerner | None
Jason Lipe | None
Udbhav Mathur | None
Bethany Adkins | None
Sharon Andrew | None
Rob Weaver | None
Maggie Battaglia | None
S Prateek | None
Jennifer Landers | None
Winfield Cartwright | None
Rolando Rivera | None
Alpha Bah | None
Brandeis King | None
Samus Berning | None
Lauren Holt | None
Kaleb Pollitt | None
Venkata Raju | None
Bruce Charron | None
Joshua Schrock | None
Ramy Badawy | None
Brenda Kitsos | None
Chad Yeager | None
Mariama Diallo | None
Jenifer Patrick | None
Rebecca Crum | None
Steve Shuttleworth | None
MacKenzie Bowersock | None
Bobby Robinson | None
Bryan Cantley | None
Matt Lowe | None
Bhinnata Shrestha | None
Mike Tosko | None
AURELE TIOGOUONG | None
Sue Cardwell | None
Monty Ragland | None
Clay Knisley | None
Joshua Newman | None
Stephanie Brand | None
Uwem Jesse | None
Alzobeir Al-atewy | None
Smita Bajpai | None
Sean Horn | None
Irma Thomas | None
Michelle H | None
Anthony Mangrum | None
Emir Jason | None
Anthony Nguyen | None
Jake Caliber | None
Tyler Lawson | None
Britton Lakeitha | None
Jordan Gouge | None
Trevor Mabrey | None
Dylan Wen | None
Grace | None
Diego Garcia | None
An Phan | None
Yamini R | None
Krishna Prasad | None
Thomas Mapstead | None
Karen Corbett Dunphy | None
Vishal Bhardwaj | None
Nitesh Kumar | None
Werley D Scott P | None
Joshua Brown | None
Kyle Mitchell | None
Alan Pence | None
Ziming Z | None
Jourdan Reevely | None
Vani Khanna | None
Justin Brown | None
Nupur Ila | None
Asim Cheema | None
Mark Machacek | None
Amy Bayerl | None
Robert Reed | None
Nikhil Kalra | None
Varun M | None
Rahul Mishra | None
Hema N | None
Shweta Ojha | None
Rickia Edwards | None
Breyon Payne | None
Carter Butland | None
Anatole Fournier | None
Janet Davis | None
James Nassen | None
Muhammad Tajammal | None
Kelsy Hernandez | None
Jackson Baah | None
Christophe Pen El Amararoui | None
Jacob Balquier | None
Linda Takuva | None
Vanessa Bennett | None
Josh Kim | None
Zachary Keffer | None
Abid Kazmi | None
An'ne Li | None
Sam Zizzo | None
Moli Dass | None
Sreya | None
Giovanni Pindolo | None
Henok W | None
Liana Manakuan | None
Javia Sanders | None
Jhon Cally | None
Christian Morris | None
Jim Mccarthy | None
Max Xasons | None
Harry Tchetche | None
David Broth | None
Carolyn Blackburn | None
Justin Hood | None
Caleb Warren | None
Tanner Beane | None
Shubhendu Srivastava | None
Sunaina S | None
Ayan Sinha | None
Daniel Hubert | None
Gaber Makran | None
Ahmd Tehri | None
Rich U | None
Derek Velez | None
David Dobrik | None
Allison B | None
Andy Chisholm | None
Eli Puett | None
Randy Shires | None
Eden Auton | None
Ben Nahalewski | None
Robert Zody | None
Jaden Kincaid | None
Randy Yount | None
Matthew Samples | None
Robert Barlow | None
India Lindsey | None
Frank Geobell | None
Lisa Spitzer | None
Aissatou Balde | None
Amadou Kane | None
Michael Wood | None
Sara Carl | None
Boubker A. | None
Khadim Mbow | None
Joel Benevides | None
Tracie Tyte | None
Christopher Mckay | None
Matt Zechini | None
Shalinee S | None
Jerry Cavagnaro | None
Sonsarai "sonnie" Harris | None
Doug Zieleniewski | None
Gerardo Oviedo Pacheco | None
Keith Conroy | None
Yaseen K | None
Dustin Kattner | None
Mark Gilbert | None
Kate Mata | None
Stephen Ondevilla | None
Julian Boone | None
Omar Alvarez-esquivel | None
Shannon Frydlo | None
Varsha | None
Terry Sipes | None
Jeremy Wike | None
Zach Clarke | None
Armando Morales | None
Laurie Stearman-dempsay | None
Stephanie Quesada | None
Shrish Mishra | None
Sarvan Tripathi | None
Muskan P | None
Simon Taylor-powell | None
Katie Smith | None
Sandeep Gahlot | None
David Smith | None
Himanshu Kumar | None
Gagan Sharma | None
Chandan Gupta | None
Dileep Kumar | None
Atal | None
Prashant Rana | None
Lee Sokalsky | None
Debbie Taylor | None
Peter Matuszak | None
Keith Van Auken | None
Kylee O'brien | None
Stephen Buckel | None
Priyanka Sahraay | None
Maxine Hawthorne | None
Chelsea Kapuscinski | None
Nathanael Robbins | None
Connie Surich | None
John Moylan | None
Abhishek Tripathi | None
Nandini Chaturvedi | None
Satya Singh | None
D Michael Watters | None
Nancy Zelnick | None
Timothy Hopkins | None
Doug Krantz | None
Harsh Mangal | None
Uddhav Kumar | None
Ajay Srivastava | None
Taylor Rokosz | None
Julie Kwap | None
Brendan Magee | None
Gabe Johnson | None
Tori Fisher | None
Brooklyn Akers | None
Mamadou Aliou Sow | None
Bhinnata S | None
Boubker A | None
Bhola Chhetri | None
Elijah Mix | None
Terrance J Kennedy | None
Brandeis | None
Drew Pouncey | None
Jaiona Clark | None
Richard Norman | None
Gi Gi | None
Faustin Albatte | None
Duvk Undefined | None
Mr Phillip D Casey | None
Maria Del Diaz | None
William Lor | None
Trey Greenhaw | None
Diane Reish | None
Cynda Hale | None
Rajeev Seth | None
Zdenko Krstic | None
Raymond Smith | None
Michaela Ball | None
Grace P | None
Sai Moua | None
Jillian Leverett | None
Sarah Hintz | None
Justin Mccollum | None
Romario Fuentes | None
Nick Richter | None
Elijah Elles | None
Rachel K | None
Chaz Edmonson | None
Reanna Mathis | None
Braedy Brown | None
Lucas T | None
Cody Leathers | None
Rob Adair | None
Andy Brouse | None
Micah Sloan | None
Jad Kirk | None
Bland Givens | None
Gene Degraffenreid | None
Sarah Ruesewald | None
Kirby Sullivan | None
Jerry Wight | None
Matthew Struckle | None
Ganesh Kanna J | None
Ashley Walker | None
Chris Machemehl | None
Humayu Wasim Khan | None
Teresa Andre Hopper | None
Dustin Jarvis | None
Sadaf Razaullah | None
Mohammed Abdul | None
Sarah Soignier | None
Alan J | None
Lucky D | None
Kadeem Pratt | None
Daniel Castleberry | None
Rahul Singh | None
Steven Gregorek | None
Shristi Gautam | None
Brittany Coleman | None
Wayne Trimble | None
Kimela Tipton | None
Marcus Mcdonald | None
Sujan Kumar | None
Manoj Arya | None
Mostafa Shaker | None
Greg Theisen | None
Tracy Dove | None
Elizabeth Dombrowski | None
Jennifer Roberts | None
Travis Valadez | None
Tyler White | None
Jorge Hernandez | None
Michelle Tutt | None
Landon Woolridge | None
Andy Kabbe | None
Shilpa Kaul | None
David | None
Carlos Del Valle Sotomayor | None
Jason Cooper | None
Jamie Clayton | None
Tony Makeka | None
Lenys Roman | None
Bill Whitlock | None
Teddy Simko | None
James Cravens | None
Chanda Goutam | None
Deva K | None
William Witzgall | None
Santos Miranda | None
Jason Canzoni | None
Kylie Watkins | None
Judy Thaxton-borlin | None
Aris Luther N | None
Steve Smith | None
Shannon Vetter | None
Kimberly Ammon | None
Ashley Mcintire | None
William Schwandt | None
Carl Collins | None
Betty Benac | None
Christopher Rhodes | None
Benedict David | None
Mary Ellen Hill | None
Cailyn Gourdine | None
Janica Rico | None
Cindy Cummings | None
Keylo Middle | None
Mareco Bryant | None
Lord Lono | None
Hasan Warren | None
Taylor Sealey | None
Jeannine Gauld | None
Raven Pinckney | None
Jada Williams | None
Aidorah Thalia | None
Jeremiah Boatwright | None
Jaleel James | None
Jennifer Parsons | None
Roche Harris | None
Zachary Taylor | None
D M | None
Nicholas Whitmore | None
Temi | None
Alex | None
Sixto | None
Chris | None
Robert | None
Alexis | None
Ryan | None
Andy | None
Melissa | None
Benjamin | None
Shane | None
Olivia | None
Lindsay | None
Adam | None
Kevin | None
Josh | None
Jamie | None
Robert | None
Abby | None
Kate | None
Molly | None
Erica | None
Scott | None
Andrew | None
Laura | None
Ferdinand | None
Jacqueline | None
Anne | None
Johnny | None
Jamie | None
Khari | None
Dorothy | None
Brett | None
Carmela | None
Ryan | None
Samantha | None
Courtenay | None
Rachel | None
Brooke | None
Anna | None
Lance | None
Dave | None
Roderick | None
Kitty | None
Roy | None
Travis | None
Zachary | None
Nina | None
Kathy | None
Derek | None
Jennifer | None
Taylor | None
Lisa | None
Jessica | None
Daphne | None
Ali | None
Airius | None
Kate | None
Sean | None
Graecie | None
Matt | None
Julian | None
Christopher | None
Sonsarai | None
Korey | None
Mani | None
Oscar | None
Linh | None
Bob | None
Tracie | None
JaTwan | None
Jessica | None
Bob | None
Dylann | None
Brenda | None
Walter | None
Wesley | None
Caylin | None
Caitlin | None
Kevin | None
Julien | None
Treavor | None
Dan | None
Karen | None
Mike | None
Ian | None
Charles | None
Justin | None
Alexandra | None
Dennis | None
Chris | None
Mark | None
Jamie | None
Randy | None
Meosha | None
Lyla | None
Kelly | None
Colin | None
Dashia | None
Ronaldo | None
Chuck | None
Matthew | None
Jaclyn | None
Rita | None
Joe | None
Nicola | None
Michelle | None
Melissa | None
Melissa | None
Frank | None
Daryl | None
Chad | None
Daniel | None
Leticia | None
Amy | None
Jermaine | None
Bruce | None
Keith | None
Brendan | None
Lee | None
Vickie | None
Taylor | None
Peter | None
Hasan | None
Molly | None
Stephen | None
Leetha | None
Anne | None
Justina | None
Michael | None
Marcus | None
Dee | None
Angie | None
Brianne | None
Abdullahi | None
Judy | None
James | None
Jim | None
DAngel | None
Bill | None
Tate | None
William | None
Andy | None
Ryan | None
Steven | None
Diane | None
Stephanie | None
Hannie | None
Vincent | None
Desina | None
Sandra | None
Blaine | None
TJ | None
Tom | None
Margot | None
Tracy | None
Shane | None
Andrew | None
Jacquelyn | None
Chris | None
Jerry | None
Tyler | None
Kirby | None
Matthew | None
Brittany | None
Michelle | None
Teresa | None
David | None
Stephanie | None
Elizabeth | None
Katheryn | None
Anthony | None
Robert | None
Johnson | None
Madison | None
Jeff | None
Jaime | None
Beth | None
Heather | None
Colleen | None
Richard | None
Nicholas | None
Justin | None
LaDawn | None
Tim | None
Michael | None
Dan | None
Brenda | None
Kristin | None
Bobby | None
Sean | None
Kristina | None
MaryKate | None
Anna | None
Robert | None
Michael | None
Rose | None
Joseph | None
Christy | None
Sandi | None
Aleasha Alston | None
Max | None
Mitch | None
Kristin | None
Janelle | None
Kylee | None
Carol | None
Nathan | None
Brett | None
Byron Andino | None
Lisa Sangiuliano | None
Javed Ahmad Naqshband | None
David Efraim | None
Bilal K | None
Taylor F | None
Nahom | None
Irving | None
Wilbur | None
Cliff | None
Sunday | None
Vaibhav Singh | None
Nikhil Mody | None
Torin Prentice | None
James Hayes | None
Clarence Castro | None
Faizan Arzani | None
Simon Ballentine | None
Mohammad Sohail | None
Pete | None
Tiffany | None
Scott | None
Julie | None
James | None
Evan | None
Jeff Kuffour | None
Leeban Abdillahi | None
Ahmad Seyar Arman | None
Robin | None
Tharusha Sandamina | None
Susan C | None
Amyline Johnson | None
Chintan Patel | None
Kiara Dondson | None
Victor Guerra | None
Qubenic P | None
Sara | None
Luke | None
Scott | None
SeKawana | None
Tiffany | None
Stephen | None
Kim | None
Shannon | None
Alpha Kanu | None
Emily Boo | None
Joe Ruppert | None
Mike | None
Cher | None
Bruno | None
Emaka Malaika | None
Seojong S | None
Rachael | None
Terrence Smith | None
Gabriel Glover | None
Benjamin S | None
Ayushi Shiva | None
Jennifer Pennucci | None
Quan | None
Shalinee Sinha | None
Bharath Agarwal | None
Elston Rogers | None
Julie Farley | None
Tamara Smith | None
Alfonso Avila | None
Priscilla | None
Guillaume | None
Reggie | None
Brittany | None
Alex | None
Mrc Kirati | None
Seyyed Mohammad Hosseini | None
Mootaz Al Yasin Al Alyan | None
Rajlaxmi Singh | None
Robin Taylor | None
Nadine Devlin | None
Jessica Rexroat | None
Eric Galioto | None
Michael Leeson | None
Lauren Reid | None
Dennis Conte | None
Brett Deller | None
Marceline Evans | None
Jerry Anderson | None
Bertrand Qualo | None
Rose Jones | None
George Marino | None
Inder S | None
Arissa | None
Bryaunna | None
Tammy Daniels | None
Miguel | None
Chuck | None
Emy Chua | None
Whitney George | None
Curtis Fuoss | None
Paul Lagimeer | None
Jasmine Colo | None
Jonathan | None
Cole | None
Ryan | None
Mike | None
Stacy | None
Ashley | None
Jj Reid | None
Adams | None
Kyle | None
Kristal | None
Joe | None
China | None
Henry | None
Tiffany | None
Frederic | None
Jessica | None
Alexis | None
Christopher | None
Stephanie | None
Omar | None
Eric | None
Krista | None
Melissa | None
Lynn | None
Gino | None
Jennifer | None
Derek | None
Ryan | None
Tyreik | None
Rodd | None
Alissa | None
Chris | None
Tyler | None
Derek | None
Harry | None
Jameson | None
Grayson | None
Tulika | None
Brendon | None
Likun | None
Taylor | None
James | None
Marla | None
Matthew | None
Miguel | None
Michael | None
Brandon | None
Amy | None
Pablo | None
Steve | None
Jesse | None
Nam | None
Hana | None
Huy | None
Hugo | None
Daniel | None
Thanh | None
Rudy | None
Patricia | None
Lena | None
Stuart | None
Laura | None
Brooke | None
Connor | None
Quinn | None
Mary | None
Lauren | None
Danny | None
James | None
Gurpreet | None
Martin | None
William | None
Kasey | None
Robert | None
Scott | None
Sarah | None
Alexandra | None
Frances | None
Lauren | None
Sean | None
Kevin | None
Jamie | None
Peter | None
Kristin | None
Rob | None
Lee | None
Courtney | None
Joe | None
Seth | None
Archie | None
Daniel | None
Rebecca | None
Sean | None
Colleen | None
Cassie | None
Mary | None
Kimberly | None
John | None
Elisabeth | None
Donald | None
Charlie | None
Brandon | None
Tanner | None
Lijo | None
Nick | None
Kelsey | None
Rosy | None
donna | None
Valerie | None
Scott | None
Robert | None
Gab | None
Derek | None
Anthony | None
Jed | None
Megan | None
Erica | None
Melissa | None
Amy | None
Ebonee | None
Ben | None
Bill | None
Daniel | None
David | None
Emma | None
Julianna | None
Keith | None
Matthew | None
Abdeldjallil | None
Team | None
Elliot | None
Braedon | None
Kristen | None
Alex | None
Paul | None
Paul | None
Zack | None
Tom | None
Shaun | None
Gary | None
Roger | None
dustin | None
liam | None
Griffin | None
Richard | None
Robin | None
Ian | None
Lindsay | None
Kevin | None
Jason | None
Michael | None
Nicolas | None
Michael | None
Eric | None
Christopher | None
Liam | None
Gary | None
Roger | None
Chuck | None
Scott | None
Dustin | None
Jes | None
James | None
Drew | None
Damon | None
Dustin | None
Michael | None
Benjamin | None
Jason | None
Matt | None
John | None
Ryan | None
Shannon | None
Richard | None
Michael | None
Megan | None
Megan | None
Josh | None
Darren | None
Alex | None
John | None
Ian | None
Sean | None
Robert | None
Brian | None
Timothy | None
Ben | None
Brittany | None
Mary | None
Juan | None
Rachel | None
Sevan | None
Christa | None
Isabella | None
Monica | None
Chuck | None
Zoe | None
Charlotte | None
Steve | None
Jillian | None
Rashina | None
Aanandita | None
Mark | None
J. | None
Lakeysier | None
Destinee | None
Marycarmen | None
Adrie | None
Renea | None
April | None
Nichole | None
Allen | None
Bruno | None
Yalonda | None
Prakash | None
Tammie | None
Vaishnavi | None
Sarah | None
Gina | None
Diane | None
Betty | None
Karmen | None
Colleen | None
Kathy | None
Eileen | None
Jeremy | None
Audra | None
Kenya | None
Yarely | None
Kaveena | None
Rosmy | None
Michael | None
Jodi | None
Jessica | None
Neil | None
Javier | None
Sam | None
Mandy | None
Nora | None
Astraea | None
Cara | None
Julie | None
Tammy | None
Lisa | None
Scott | None
Heather | None
Shelley | None
Monica | None
Sharon | None
Phillip | None
Sherrie | None
Lauren | None
Jennifer | None
Jeanine | None
Diana | None
Ellen | None
Perry | None
Angela | None
Amy | None
Traci | None
Melissa | None
Alison | None
Julie | None
Shane | None
Susan | None
Karen | None
Alexis | None
Melissa | None
Miriam | None
Martino | None
Katie | None
Jim | None
Gianna | None
Gerald | None
Garrett | None
Ed | None
Jim | None
Betsy | None
Anthony | None
Yvette | None
Sherry | None
Julie | None
Ricardo | None
Charly | None
Travis | None
Candice | None
Ryan | None
Patrice | None
Olive | None
Ra | None
Ricardo | None
Rochelle | None
Sheri | None
Sherry | None
Susan | None
Walter | None
Nikki | None
Pablo | None
Michael | None
Nicollette | None
Paula | None
Jody | None
Jerry | None
Andres | None
Michael | None
Jill | None
Andrea | None
Lindsey | None
Erin | None
Michelle | None
Kathryn | None
Mary | None
Chuyi | None
Morgan | None
Mary | None
Kristi | None
Georgia | None
Alan | None
Karan | None
Radhika | None
Caleb | None
Caralyn | None
Simon | None
Esther | None
Adam | None
Don | None
Karen | None
Andrew | None
Vikas | None
Thomas | None
Dalima | None
Kamilla | None
Anish | None
Mark | None
Dana | None
Aaron | None
Akashdeep | None
Candice | None
Abhinav | None
Jeremy | None
Sudhanshu | None
Robert | None
Sophia | None
Jay | None
Jake | None
Matthew | None
Wesley | None
Swetha | None
Vivian | None
Jared | None
Erin | None
Becky | None
Aditya | None
Meredith | None
Swapnil | None
Lawrence | None
Kaitlyn | None
Shubham | None
Taylor | None
Joshua | None
Julie | None
Alexis | None
Shelley | None
Anshul | None
Rong | None
Josh | None
Nicole | None
Kanwal | None
Mark | None
Chris | None
Nathan | None
Donald | None
Greg | None
Dustin | None
Richard | None
Bonnie | None
Chris | None
Angelo | None
Tyler | None
Monica | None
Andrew | None
Chris | None
Felix | None
Charles | None
Daniel | None
John | None
Mark | None
Dennis | None
Andrew | None
Dexter | None
Logan | None
Andrew | None
Michael | None
Richard | None
Eric | None
Mark | None
Deb | None
Michael | None
Raj | None
Dave | None
Cari | None
Frank | None
Robert | None
Heather | None
Taylor | None
Mark | None
Gina | None
Gary | None
Chrisie | None
Cameron | None
1 | None
Luke | None
Briannon | None
Mark | None
Chrisie | None
Luke | None
2 | None
Taylor | None
Kristy | None
Andrea | None
Ashley | None
Hannah | None
Victoria | None
Samantha | None
Margery | None
Chris | None
Umair | None
Sabawoon | None
Marichal | None
Dan | None
Michael | None
NISHIL | None
Mariya | None
Ron | None
Amy | None
Deepthi | None
Vaishnavi | None
Nicole | None
Margaret | None
Mallory | None
Danielle | None
Michael | None
Kyle | None
Maheswari | None
Matthew | None
Nick | None
Nitin | None
Rakshitha | None
Joshua | None
Sailaja | None
Saubhik | None
Sayali | None
Scott | None
Tina | None
Vinay | None
Marci | None
Sathyavathi | None
Viral | None
Brandi | None
Arsalan | None
Juan | None
Aeja | None
Brian | None
Eric | None
Audra | None
Esmerelda | None
Dominic | None
Carter | None
Aditi | None
Alexis | None
Gillian | None
Melvin | None
Sushmita | None
Yasha | None
Joyce | None
Joy | None
Jenna | None
Jack | None
Sushmita | None
Akshay | None
Saumyata | None
Palak | None
Deepthi | None
Shay | None
Jordanya | None
Jessica | None
Joshua | None
Nena | None
Madawi | None
Carrie | None
Gillian | None
Suryam | None
Aman | None
Jordanya | None
Jimena | None
Jayraj | None
Jessica | None
Tina | None
Mariya | None
Irene | None
Nitin | None
Shay | None
Jimena | None
Aman | None
Sailaja | None
Scott | None
Deepthi | None
Carolina | None
Dan | None
Audra | None
Betty | None
Anisha | None
Erica | None
Joshua | None
Chasidy | None
Janessa | None
Kyle | None
Nena | None
Alex | None
Teena | None
Jessica | None
Michael | None
Hamza | None
Saanal | None
Sayali | None
Jake | None
Steven | None
Jayraj | None
Jimena | None
Yanely | None
Stephanie | None
Jessica | None
Dayna | None
Alex | None
Aminta | None
Aniket | None
Jake | None
Anisha | None
Chasidy | None
Eric | None
Eric | None
Erica | None
Hamza | None
Janessa | None
Betty | None
Jeremy | None
Steven | None
Quincy | None
Patrick | None
Melissa | None
Mallory | None
Karissa | None
Felexia | None
Erica | None
Collin | None
Daniela | None
ron | None
nishil | None
Claudia | None
Tina | None
Erica | None
vinay | None
Marichal | None
Gordon | None
Jerrod | None
Jonathan | None
Jason | None
James | None
Isamar | None
Halie | None
Josh | None
Joy | None
Lorrie | None
Luann | None
Mark | None
Jessica | None
Victoria | None
John | None
Brittany | None
Daniel | None
David | None
Michelle | None
Gabrielle | None
Gian | None
Isabella | None
Jamy | None
Jeffrey | None
Jennifer | None
Dominic | None
Erika | None
Ryan | None
Jeremy | None
Jessica | None
Sabrina | None
Stephen | None
Robert | None
Cynthia | None
Rachel | None
Tommy | None
Niki | None
Red | None
Ken | None
Christopher | None
Valerie | None
Matthew | None
Larry | None
David | None
James | None
Lisa | None
Darryl | None
Andrew | None
Cesar | None
Brianna | None
Camella | None
Cathe | None
Camella | None
John | None
Cathe | None
Stafford | None
Robert | None
Saranya | None
Mrudula | None
Sean | None
Cathe | None
Shamale | None
Jonathan | None
John | None
Campbell | None
Allan | None
Ailsa | None
JP | None
Anthony | None
Kieran | None
Kyle | None
Rey | None
Abid | None
Michael | None
Rick | None
Constavenia | None
Jeremy | None
allan | None
David | None
Lee | None
Valentine | None
Anish | None
Kizzy | None
Mark | None
Paul | None
James | None
anthony | None
brogan | None
campbell | None
Tom | None
Shane | None
Ross | None
Kyle | None
Sam | None
kate | None
Kassidy | None
Isabel | None
Erin | None
tyler | None
shane | None
ross | None
kizzy | None
hope | None
Edward | None
Hope | None
Ross | None
Liam | None
Liam | None
Ryan | None
Shane | None
Steven | None
Tyler | None
Angelo | None
Rhiannon | None
Michael | None
Nicky | None
Lauren | None
Alex | None
Matthew | None
Chris | None
Calum | None
Caitlyn | None
Nicola | None
Michael | None
Emma | None
Brogan | None
Michael | None
Anthony | None
Alex | None
Kaley | None
Alleare | None
Thomas | None
Thomas | None
Elandra | None
Kyera | None
Melissa | None
Elizabeth | None
Lexi | None
Guadalupe | None
Esvelia | None
Danny | None
Amanda | None
Andre | None
Caroline | None
Christy | None
Allen | None
Brandy | None
Luis | None
Cody | None
Amber | None
Alma | None
Antonio | None
Jojo | None
Morgan | None
Andrew | None
Melissa | None
Shakara | None
Robyn | None
Keisha | None
Stephanie | None
Jonathan | None
Shawndel | None
Veronica | None
Donjana | None
Christopher | None
Tyler | None
Charles | None
Aneesah | None
Tom | None
Heather | None
Melissa | None
Amy | None
Deborah | None
Juan | None
Dalia | None
Chelsea | None
Jessica | None
Kirie | None
Cori | None
Rachel | None
Phil | None
Beth | None
Sarah | None
Imani | None
Jennifer | None
Teresa | None
Megan | None
Aviva | None
Kayli | None
William | None
Gaynor | None
Olivia | None
Jessica | None
Steven | None
Eren | None
Natasha | None
Bod | None
Jennifer | None
Jeff | None
Basuni | None
Noel | None
Steve | None
Sachin | None
Katty | None
Angie | None
Braylyn | None
Lori | None
Keri | None
LaKisha | None
Tom | None
Larry | None
Tyneshia | None
Olivia | None
Erin | None
Jennifer | None
Victoria | None
Jordan | None
Amanda | None
Kelly | None
Jennifer | None
Mykael | None
Anne | None
Derek | None
Connor | None
Kentavia | None
Danna | None
Diane | None
Mitchel | None
Jorden | None
Brendan | None
Chris | None
Laura | None
Vee | None
Hannah | None
Molly | None
Kristina | None
Diana | None
Arianna | None
Tara | None
Paul | None
Sara | None
Alison | None
Josh | None
Sheryl | None
ALEX | None
Eva | None
Zach | None
Courtney | None
Emily | None
Kimber | None
Darriane | None
Sarah | None
Kathryn | None
Courtney | None
Prachi | None
LeAnn | None
Lauren | None
Bhargavi | None
Janice | None
Chris | None
Jason | None
Donnell | None
Tracey | None
Steve | None
Thomas | None
Mike | None
Marlene | None
Nicole | None
Angie | None
Haley | None
Elizabeth | None
David | None
Marcus | None
Caroline | None
Daniela | None
Jan | None
Jahmaya | None
Nicholas | None
Nicholas | None
Jennifer | None
Julie | None
Lolita | None
Bobby | None
Vincent | None
Akshaya | None
Pramodini | None
Aishwarya | None
Kaream | None
Steven | None
Jasmine | None
Allyson | None
LaShawn | None
SHANE | None
Bobby | None
Mirudula | None
Amanda | None
Nicole | None
Alexa | None
Amanda | None
Amanda | None
Maceo | None
Pranita | None
Diego | None
Gregory | None
Erin | None
Tony | None
Reid | None
Mark | None
Brittney | None
Joanne | None
Kevin | None
Keondra | None
Paige | None
latika | None
Rhonda | None
David | None
Audrey | None
Josh | None
Simon | None
Brittney | None
Angela | None
Krishna | None
Dena | None
Desiree | None
Alex | None
Heston | None
Kristina | None
Jessica | None
Autumn | None
Damaris | None
Benjamin | None
Kelly | None
John | None
Nedzada | None
Dan | None
Avishad | None
Roger | None
Eleanor | None
Kath | None
Nicole | None
Taylor | None
Jigmey | None
Jennifer | None
Dia | None
Sara | None
Kevin | None
Manesha | None
Vera | None
Matt | None
Mathew | None
Jaye | None
Jordan | None
Paige | None
Paige | None
Emily | None
Will | None
Justin | None
Carrie | None
Ashley | None
Amber | None
Yolanda | None
Tyler | None
Lisa | None
Sarah | None
Mallia | None
Matt | None
Marley | None
Cody | None
Varun | None
Anastasiya | None
Alli | None
Matt | None
Myesha | None
Stephen | None
Sathish | None
Munna | None
Kalin | None
Alexis | None
Amy | None
Emily | None
Isabel | None
Danielle | None
Gennesis | None
Sarah | None
Preston | None
Lopez | None
Patel | None
Murphy | None
Figueroa | None
Pualani | None
Elizabeth | None
Cade | None
Doe | None
Safa | None
Amber | None
James | None
Rebecca | None
Rob | None
Team | None
Malleswari | None
John | None
Amanda | None
Sara | None
Anu | None
Florence | None
Anu | None
Leena | None
Malleswari | None
Sara | None
Leena | None
Heather | None
Amanda | None
Ali | None
Sara | None
John | None
Heather | None
Amanda | None
Sara | None
Anu | None
Amanda | None
LinkedIn | None
Amanda | None
Sara | None
Kaveri | None
John | None
Amanda | None
Kyle | None
LinkedIn | None
Alexandra | None
Jim | None
Elizabeth | None
Tim | None
Brandon | None
Preeti | None
Jami | None
Haritha | None
Jessica | None
Chelsea | None
Jessica | None
Nicole | None
Shannon | None
Adrian | None
Nina | None
Charles | None
Steve | None
Florence | None
Blair | None
Keith | None
Troy | None
Rea | None
Pamela | None
Cindy | None
Carolina | None
Michele | None
Kim | None
Ryan | None
Sid | None
Kazel | None
John | None
Rebecca | None
Sean | None
Scott | None
Kayla | None
Dano | None
Kenneth | None
Prince | None
Keoke | None
Rea | None
Christelle | None
Bethel | None
Beth | None
Lisa | None
Nital | None
Blair | None
Karen | None
Erica | None
Allison | None
Jim | None
Robert | None
Marilyn | None
Maryln | None
Kori | None
Kiya | None
Holly | None
Brianna | None
Vince | None
Christopher | None
Keziah | None
Kimberly | None
Marco | None
Elizabeth | None
Michael | None
Christelle | None
Dipal | None
Lisa | None
Jeff | None
John | None
Krisan | None
Jennifer | None
Travis | None
Tom | None
Dipal | None
Mikko | None
Webeth | None
Holly | None
Kazel | None
Mike | None
Julie | None
Patrick | None
Madan | None
Tony | None
Darrel | None
Nital | None
Jeff | None
Loretta | None
Scott | None
Pamela | None
Rhonda | None
Dan | None
Dolly | None
Mike | None
Troy | None
Marco | None
Julie | None
Maryln | None
Kenneth | None
Patrick | None
Bri | None
Sean | None
Kevin | None
Brad | None
Taylor | None
Emmily | None
Manoj | None
David | None
johnny | None
Matt | None
Camden | None
Bordon | None
Sydney | None
Heather | None
Jason | None
Ryan | None
Steve | None
Angela | None
Claire | None
Tamara | None
Jeffery | None
Michelle | None
Tyler | None
Jack | None
Steven | None
Spencer | None
Elena | None
Anthony | None
Jacob | None
Jill | None
Jared | None
Alan | None
Elizabeth | None
Coy | None
Chris | None
Mckenna | None
Terrence | None
Teresa | None
Amanda | None
Lori | None
Tim | None
Stacey | None
Nick | None
Maryanne | None
Kristin | None
David | None
David | None
Charles | None
Catherine | None
Angela | None
Stacey | None
Nina | None
Raphael | None
Álora | None
George | None
Denice | None
timothy | None
Vicki | None
Rachel | None
Carol | None
Marlaina | None
Marlaina | None
Marco | None
Marco | None
Lori | None
Linda | None
Lanni | None
McKenna | None
Kyle | None
Crowell | None
Claire | None
Claire | None
Camden | None
Angela | None
Addison | None
Jason | None
Kyle | None
Olivia | None
Dylan | None
Ramond | None
Rachel | None
Marilynne | None
George | None
Steve | None
Matt | None
LinkedIn | None
Jens | None
Crowell | None
Mary | None
Angela | None
Kelly | None
Corey | None
Randyl | None
Justin | None
Taylor | None
Ryan | None
Ann | None
Rebecca | None
mariah | None
Mariah | None
laura | None
Laura | None
Jasmine | None
katelyn | None
Katelyn | None
marissa | None
jasmine | None
kelly | None
Mickey | None
sue | None
paula | None
Paula | None
raymond | None
Shane | None
shane | None
Singleton | None
singleton | None
sue | None
Sarah | None
jane | None
mickey | None
Jane | None
Marissa | None
hillary | None
Hillary | None
JaMese | None
Carlie | None
Bryson | None
Caitlyn | None
Dwayne | None
Thedrick | None
Cynthia | None
Santo | None
Hannah | None
Breanna | None
jamese | None
hannah | None
dwayne | None
cynthia | None
breanna | None
Caroline | None
caroline | None
caitlyn | None
bryson | None
bryan | None
Bryan | None
carlie | None
Chez | None
Kelly | None
Rachel | None
Robin | None
Matt | None
Joe | None
Ricky | None
Monika | None
Greg | None
Sachin | None
April | None
Sara | None
Mairead | None
Fatima | None
Katie | None
Dean | None
Sarah | None
Megan | None
Josephine | None
Ashley | None
Matthew | None
Lawson | None
Tyler | None
Jeremy | None
Jacob | None
Tyler | None
Rebekah | None
Alexandria | None
Kim | None
Rachel | None
Jonathan | None
Madison | None
Kaylee | None
Daniele | None
Adrienne | None
Louis | None
Kyle | None
Marnie | None
Robin | None
Samuel | None
Tiana | None
Tianna | None
Tiffany | None
Daniel | None
Chelsea | None
Caitlin | None
Bella | None
jeanne | None
JaQuaya | None
Jake | None
Meyer | None
Kristina | None
Madison | None
Copeland | None
Andrew | None
Julia | None
Tim | None
Patricia | None
Emily | None
Gina | None
Emma | None
Courtney | None
Jelondra | None
Brent | None
Danielle | None
Rashad | None
Marianne | None
Ella | None
Jamie | None
Unnamed Recruiter | None
Idris | None
Unnamed Recruiter | None
Jennifer | None
Andrea | None
Mala | None
Ashu | None
Lunuva | None
Jacquelyne | None
Brandi | None
Ashley | None
Anupma | None
Pamela | None
Vinatha | None
Linda | None
David | None
Andrea | None
Annie | None
Achu | None
Ashley | None
Sheryl | None
John | None
Chris | None
Henry | None
Briana | None
Anita | None
AL | None
Rose | None
Jennifer | None
Joseph | None
Craig | None
Keith | None
Adriel | None
Kayla | None
Jim | None
Red | None
Tamia | None
Lora | None
Anita | None
Tyler | None
Mary | None
Kristine | None
Kimberly | None
Deway | None
Loren | None
Anthony | None
Bridget | None
Gabrielle | None
Jacqueline | None
Jessica | None
Joanne | None
Karen | None
Krysty | None
Cindi | None
Mary | None
Marsha | None
Cheryl | None
Charelen | None
Jessica | None
Angie | None
Katheryne | None
Troy | None
Supriya | None
Ruth | None
Von | None
Lorcan | None
Praveen | None
Kevin | None
Rachel | None
Chris | None
Simon | None
Richard | None
Jake | None
Usman | None
Ruchi | None
Lana | None
Simon | None
Ben | None
Edward | None
Megan | None
Ian | None
Will | None
Milena | None
Jennifer | None
Jamie | None
Georgina | None
Henry | None
Lewis | None
Catherine | None
Jay | None
Bernie | None
Shibli | None
Raghid | None
Fuhad | None
Sandra | None
Devin | None
Donald | None
Syed | None
Mark | None
Alyza | None
Daniel | None
Alexander | None
Krissle | None
Greg | None
Brent | None
Lynn | None
Jennifer | None
Jaclyn | None
Ingrid | None
Gene | None
Dominique | None
Andrea | None
Andrea | None
Gwendolyn | None
Angie | None
Kathryn | None
Kaley | None
Katie | None
Jordan | None
John | None
John | None
Joel | None
Jackson | None
Harold | None
Evan | None
Grace | None
Emmie | None
David | None
Cole | None
Clint | None
Clarissa | None
Christina | None
Brian | None
Ashlee | None
Alaina | None
Hanna | None
Kirsten | None
Juliette | None
Kylie | None
Kamille | None
Mackenzie | None
John | None
Lauren | None
Brady | None
Bella | None
Jonnie | None
Ashlee | None
Taylor | None
Katie | None
Cole | None
Kristina | None
Lindsay | None
Thomas | None
Skylar | None
Mackenzie | None
Michael | None
Wes | None
Evan | None
Lauren | None
John | None
Jessica | None
Kaley | None
Kathryn | None
Kirsten | None
Olivia | None
Kylie | None
Collin | None
Jonnie | None
Garrett | None
Jackson | None
Nate | None
Thomas | None
Brady | None
Ava | None
Ashlee | None
Zach | None
Samantha | None
Stephanie | None
Nick | None
Madison | None
Erica | None
Ava | None
Isabel | None
Joseph | None
Caroline | None
Sydney | None
Sophia | None
Kendall | None
Joe | None
Jordyn | None
Maksim | None
Ashton | None
Drew | None
Ben | None
Charlotte | None
Ma. | None
Wes | None
Alnom | None
Grace | None
Jordan | None
Emmie | None
Emma | None
Jenna | None
Jonnie | None
Camille | None
Bernard | None
Sydney | None
Brady | None
Zeinab | None
Casey | None
Trevor | None
Thomas | None
Taylor | None
Haley | None
Taylor | None
Phoebe | None
Savannah | None
Sabrina | None
Rachael | None
Phoebe | None
Olivia | None
Michael | None
Mark | None
Marife | None
Mackenzie | None
Lindsay | None
Lauren | None
Skylar | None
Chris | None
Sergio | None
Jonathan | None
Stephen | None
Erica | None
Kristina | None
Taylor | None
Clarissa | None
Madison | None
Sergio | None
Ava | None
David | None
Savannah | None
Ben | None
Charlotte | None
Clint | None
Trevor | None
Hanna | None
Brady | None
Drew | None
Joel | None
Sarah | None
Rachael | None
Sabrina | None
Nick | None
Sydney | None
Juliette | None
Addie | None
Brian | None
Kaley | None
Chelsea | None
Jennifer | None
Sabrina | None
Johnny | None
Alyssa | None
Dave | None
Shelley | None
Branden | None
Dominique | None
Bailey | None
Evan | None
Julie | None
Shelley | None
Branden | None
Ryan | None
Sonika | None
Vahé | None
Roberto | None
confidential | None
Christy | None
Steve | None
Joan | None
Jim | None
Creg | None
Stephanie | None
lucas | None
Brad | None
Michael | None
Leticia | None
Pankaj | None
Vinay | None
Nick | None
Chris | None
Seth | None
Jeremy | None
Leticia | None
Leslie | None
Naveen | None
Ed | None
Sacha | None
Reuel | None
Vicky | None
Mariana | None
Jacob | None
Ivo | None
Iulia | None
Fred | None
Dimi | None
Carolina | None
Anduela | None
Alexandra | None
Sara | None
Marilena | None
Eren | None
Ana | None
Kyle | None
Connor | None
Natasja | None
Phillip | None
Dee | None
Mya | None
Lily | None
Suresh | None
George | None
Jason | None
Madison | None
Sofia | None
Myran | None
Eli | None
Tshepo | None
Trevino | None
James | None
Rob | None
Jack | None
Lewis | None
Theo | None
James | None
Liam | None
James | None
Jamie | None
Benson | None
Andrew | None
Joanna | None
Tyler | None
Marcus | None
Julie | None
Mikael | None
Arni | None
James | None
Ramin | None
Naseem | None
Alex | None
Christopher | None
Shannon | None
Tessa | None
Samuel | None
Tim | None
Emiley | None
Paul | None
Daniel | None
Jean | None
Sarah | None
Arlenis | None
Jamie | None
Hany | None
Jason | None
Megan | None
Saami | None
Andrew | None
Aman | None
Karan | None
Amit | None
Jared | None
Jeff | None
Marc | None
Tim | None
Alex | None
Seth | None
David | None
Joey | None
Riley | None
Cassandra | None
Ben | None
Morris | None
Lovay | None
Vivian | None
Michael | None
Austin | None
Amanda | None
Adam | None
Alicia | None
Corey | None
Burak | None
Hameer | None
Johanna | None
Rodrigo | None
Hussain | None
Ilya | None
Girija | None
James | None
Josh | None
Lenka | None
Bethany | None
Jason | None
Bri | None
Andrew | None
Rohan | None
Kristin | None
Brandon | None
Harper | None
Brad | None
Velizara | None
Kelly | None
Joan | None
Hassan | None
Erik | None
Nure | None
Daniel | None
Nicholas | None
Michele | None
Karim | None
Craig | None
Michael | None
Andrea | None
Krista | None
Sherry | None
Reesha | None
Matthew | None
An | None
Melinda | None
Kent | None
Phil | None
Nicholas | None
Kathy | None
Colleen | None
Pardis | None
Lauralyn | None
Melinda | None
Mahnoor | None
Ryan | None
Andrew | None
Ian | None
Indira | None
Teal | None
Dyan | None
Raina | None
AJ | None
Klevis | None
Michael | None
Jason | None
Amy | None
Lata | None
Victor | None
Tim | None
Libby | None
Christine | None
Nicholas | None
Jennifer | None
Katie | None
Houston | None
Colleen | None
Amanda | None
Dakota | None
Ashley | None
Lynn | None
Danielle | None
Megan | None
Steff | None
Kelly | None
Scotty | None
Laura | None
Noah | None
Kristi | None
Christine | None
Mena | None
Brianna | None
Jeremy | None
Michelle | None
Meg | None
Maria | None
Heather | None
Beata | None
Kelly | None
Kelly | None
Kathryn | None
Taquoia | None
Halle | None
halle | None
Jasmine | None
Kelly | None
Danielle | None
Leela | None
Tanesha | None
Jaclyn | None
Lindsay | None
Joe | None
Melanie | None
Brittany | None
Nathan | None
Matt | None
Siu | None
Amanda | None
Devon | None
Nicole | None
Paul | None
Marc | None
Shiyi | None
Yousra | None
Jennifer | None
Corina | None
Alissa | None
Daniel | None
Roxann | None
Jake | None
Ted | None
Gray | None
Rocío | None
Taffita | None
Brian | None
Sandeep | None
Towhid | None
Lilia | None
Ashley | None
Kevin | None
Carrie | None
Allie | None
Luke | None
Khalid | None
Felicia | None
Laurel | None
Lawrence | None
Evelyn | None
Korbin | None
Matthew | None
Renata | None
Saige | None
Kristen | None
Megan | None
Vineeth | None
Prachi | None
Sonia | None
Shubham | None
Rahul | None
Sachin | None
Jahanger | None
Krishan | None
Sumit | None
Deepak | None
Gaurav | None
Vaibhav | None
Jason | None
Himanshu | None
Pratik | None
Ajeet | None
Amarpreet | None
Rajeev | None
Samar | None
Mounika | None
Bhanu | None
Yash | None
Shailbi | None
Sourav | None
Hitesh | None
Sourabh | None
Moumita | None
Prashant | None
Ritesh | None
Leah | None
Cecilia | None
Bodie | None
Alex | None
Chellany | None
Brikena | None
Kiona | None
Marina | None
Melissa | None
Natalie | None
Dan | None
Ben | None
David | None
Eric | None
Nick | None
Cody | None
Phillip | None
Amy | None
Karen | None
Jake | None
Dylan | None
Cody | None
Jim | None
Scott | None
INNOCENT | None
Melody | None
John | None
Scott | None
Ben | None
Peter | None
Sigrid | None
Stu | None
Staci | None
Cody | None
john | None
Robert | None
James | None
Erin | None
Tom | None
Robert | None
Andrew | None
Derek | None
Kim | None
Seering | None
Brandon | None
Gerry | None
Tina | None
Karthik | None
Jenny | None
Kiran | None
Brandon | None
Dev | None
Victor | None
Dilip | None
Sharon | None
Sreeram | None
Vivian | None
Rajeev | None
Netsanet | None
Michael | None
Ivan | None
Kiran | None
Nelly | None
Richard | None
Michael | None
Subhajit | None
Hannah | None
Chip | None
Nishant | None
David | None
Frits | None
Jayson | None
Swati | None
Satish | None
Colleen | None
Jace | None
Rohan | None
William | None
Cali | None
Gavin | None
Avery | None
Sanjeeta | None
Lenzie | None
Christa | None
Elizabeth | None
Ken | None
Larry | None
Josh | None
Ramon | None
Lawrence | None
Renz | None
Racquel | None
Neemfah | None
Nanet | None
Kathryn | None
Mitch | None
Maurice | None
Marichu | None
Louella | None
Leonard | None
Kendra | None
Klara | None
Lai | None
Robert | None
Mae | None
Ronald | None
Sameer | None
Vishal | None
Kathlyn | None
Mridul | None
Manu | None
Deepa | None
Asha | None
BASS | None
Deepa | None
Uly-Kristina | None
Joe | None
Hari | None
Sara | None
Gaurav | None
Zeina | None
Rahul | None
Stephanie | None
Sukhvinder | None
Priya | None
Julie | None
John | None
John | None
Alexandra | None
Argee | None
BILLIE | None
Clint | None
Dan | None
Denise | None
Erica | None
Aleck | None
Abegail | None
Ellen | None
Rick | None
John | None
Jeruel | None
Jeff | None
Janus | None
Hershey | None
Joel | None
Hazel | None
Geraldine | None
Imran | None
Chris | None
Jorge | None
Nicole | None
Alyssa | None
Casey | None
Dale | None
Ella | None
Jason | None
Joseph | None
Nicholas | None
Savanna | None
Tom | None
Nick | None
Daniel | None
Alexander | None
Tiffany | None
Jada | None
Morgan | None
Morgan | None
Staci | None
Brittany | None
Jen | None
Cameron | None
Luis | None
Catherine | None
Jenn | None
Kaitlin | None
Katelyn | None
Carol | None
Tara | None
Natalie | None
Anna | None
Gal | None
Frank | None
Katie | None
Andrew | None
Amber | None
Kacie | None
Susie | None
Dan | None
Kelly | None
Yvonne | None
Tavera | None
Robert | None
Mia | None
Stephanie | None
Marcus | None
Beth | None
Garrett | None
Haley | None
Fiona | None
Katrina | None
Jessi | None
Jennifer | None
Samantha | None
Victoria | None
Saudia | None
Weston | None
Pam | None
Linda | None
Casen | None
Rosemond | None
Nickicia | None
Rebecca | None
Chris | None
Audra | None
Sam | None
Terri | None
Donna | None
Mary | None
Beth | None
Tyler | None
Tony | None
Holly | None
E. | None
Myeshia | None
Mary | None
Brittany | None
Nevisha | None
Kenneth | None
Jerome | None
Sundararajan | None
Taylor | None
Marie | None
Kevin | None
Deepak | None
Elieya | None
Morag | None
Emily | None
Gene | None
Jillian | None
Erica | None
Eric | None
Deborah | None
Gary | None
Kyle | None
Olga | None
Suresh | None
John | None
Charles | None
Chad | None
Chris | None
John | None
Suresh | None
Aleksander | None
Daniel | None
Lena | None
Amy | None
Kathy | None
Mike | None
Ken | None
Renee | None
Gregg | None
Harriette | None
Vanessa | None
Kevin | None
Scott | None
Chris | None
Jon | None
Aminata | None
Charles | None
Kathy | None
Ken | None
Gregg | None
John | None
Jon | None
Kyle | None
Siana | None
Vanessa | None
Aleksander | None
Aminata | None
Byron | None
Daniel | None
Harriette | None
Mike | None
Heather | None
Kevin | None
Kyle | None
Lena | None
Olga | None
Suresh | None
Vanessa | None
Charles | None
D.A. | None
Chris | None
Scott | None
Chad | None
Renee | None
Iris | None
Amy | None
Longhi | None
Renee | None
Harriette | None
Gregg | None
Suresh | None
Ken | None
Olga | None
Jon | None
Aminata | None
Aleksander | None
Scott | None
Chad | None
Lena | None
Amy | None
anthony | None
Linda | None
Victor | None
Jennifer | None
Andy | None
Nelson | None
Jane | None
Nick | None
lisai | None
nora | None
Samuel | None
Kylie | None
Elliot | None
Snehil | None
Noah | None
Jamie | None
Matthieu | None
Esha | None
Archie | None
Melissa | None
Daniel | None
Ananthram | None
Donna | None
Maureen | None
Reddy | None
Sam | None
Faraz | None
Becca | None
Michael | None
Ray | None
Santhosh | None
Kit | None
Whitney | None
Scott | None
swetha | None
AMITECH | None
Erick | None
Angie | None
Jeffrey | None
Jeffrey | None
Jeffrey | None
Kellan | None
Saranya | None
sankar | None
Katie | None
Michael | None
Niteen | None
Jeffrey | None
Annie | None
Lauralee | None
Jacob | None
Amit | None
Amir | None
Nazarii | None
Chad | None
Krishna | None
Sharon | None
Richard | None
Aparna | None
Monte | None
Meghan | None
Haasitha | None
Jason | None
Jeremy | None
Pat | None
Reed | None
Mark | None
Nar | None
Gavin | None
Michael | None
Ross | None
Raj | None
Maxim | None
James | None
Jenny | None
David | None
Amy | None
Helen | None
Nathan | None
Kristen | None
Leslie | None
Tom | None
Rob | None
Kesandra | None
Hunter | None
Casey | None
Rachel | None
Jessica | None
Kendall | None
Emily | None
Stacie | None
Tyler | None
Sarah | None
Jon | None
Scott | None
Francie | None
Angela | None
Johnie | None
Sherri | None
Jessica | None
Carli | None
Barbara | None
Matthew | None
Matt | None
Mary | None
James | None
Michelle | None
Adal | None
Frank | None
Dan | None
Deontae | None
Zachary | None
Pedro | None
Ian | None
Nadine | None
Nandi | None
Alison | None
Tracy | None
Augustine | None
Jamie | None
Noah | None
Ebony | None
Michelle | None
Elizabeth | None
Miriam | None
Jordan | None
Terrence | None
Matthew | None
Norma | None
Lance | None
Elton | None
kevin | None
Prabhakar | None
Phani | None
Cameron | None
Levan | None
Christine | None
Sam | None
Khalilah | None
Hannah | None
Aashay | None
Sabriya | None
Emily | None
Hanz | None
Sakshi | None
Alison | None
Brianne | None
Henry | None
Juliet | None
Nicolae | None
Kaeleigh | None
Emily | None
Emma | None
Cate | None
Ashley | None
Teal | None
Chaitali | None
David | None
Lauren | None
Margaret | None
Vince | None
Nikki | None
Tony | None
Darrell | None
Michael | None
Aaron | None
Aaron | None
Jim | None
Grant | None
Creech | None
Vince | None
Jim | None
Benjamin | None
Courtney | None
David | None
David | None
David | None
Orly | None
Ursula | None
Jim | None
Denis | None
Drew | None
Howard | None
Hazem | None
Brodie | None
Rita | None
Enksi | None
Michael | None
Jim | None
Ilana | None
Meddy | None
John | None
Brandy | None
Erin | None
Stephanie | None
De'Javieur | None
Laura | None
AJ | None
Nitish | None
Kelly | None
Joy | None
Julie | None
Scott | None
Ashley | None
Laura | None
Christine | None
Claire | None
Matthew | None
Eli | None
Eric | None
Kristianna | None
Kylie | None
Rachael | None
Matthew | None
Michael | None
Nick | None
Ryan | None
Jama | None
Richard | None
Jackie | None
Dillon | None
Adam | None
Laura | None
Nick | None
Keaton | None
Lyle | None
Aleena | None
Sheyanne | None
Jeff | None
Sheyanne | None
Adam | None
TJ | None
Taylor | None
Travis | None
Will | None
Kayla | None
Kevin | None
Michael | None
Rebecca | None
Josh | None
James | None
Matt | None
Jacquelyn | None
Katie | None
Justin | None
Samantha | None
James | None
Isabella | None
Craig | None
Christian | None
Charlotte | None
Kelsey | None
Ryan | None
Sara | None
Kyle | None
Ryan | None
Stephen | None
Angelina | None
Christopher | None
Jordan | None
Taylor | None
Claudia | None
Devon | None
Cheryl | None
Rachel | None
Walter | None
Conor | None
Shannon | None
Morgan | None
Mike | None
Ariel | None
Anne | None
Jay | None
Dorian | None
Kim | None
Brodie | None
Prashant | None
Patrick | None
Alex | None
Kenneth | None
Steven | None
Jack | None
Daniel | None
Quran | None
Casey | None
Tristan | None
Matthew | None
Morgan | None
DT | None
Chris | None
Skylar | None
Gustavo | None
Grace | None
Alexa | None
Andrew | None
Benjamin | None
Craig | None
Kenneth | None
Morgan | None
Marina | None
Katie | None
Zach | None
Nelson Llompart | None
Dhanya | None
Paula | None
Vibha | None
Alden | None
sweena | None
Myra | None
Nishi | None
Manish | None
Sach | None
Marcus | None
David | None
Gabriela | None
Tina | None
Nickolas | None
Hayley | None
Julia Snow | None
Shruti | None
Michael | None
Hemanth | None
Esha | None
Nivya | None
Thelma | None
Suraksha | None
Deekshith | None
Amie | None
Atul | None
Alicia | None
Sanora | None
Kristin | None
Chaithanya | None
Tanzeem | None
Niki | None
Polly | None
Sharanitha | None
rolan | None
Allen | None
Daniel | None
Tavey | None
Chris | None
Adam | None
Hayley | None
Helen | None
Henry | None
Hisham | None
Ines | None
Jalon | None
Janelle | None
Jasmine | None
Jeff | None
Jennifer | None
John | None
Jordan | None
Jose | None
Joselyn | None
Josie | None
Hannah | None
Julien | None
Grace | None
Margaret Torres | None
Michael | None
Tavey Brown | None
Dylan Lomangino | None
Shri Patel | None
Jaikishan Jangir | None
Stephanie Keryluk | None
Jeffrey Saavedra | None
David Reaves | None
James Evans | None
Virginia Guenno | None
Jacob Lovely | None
Dawood Khan | None
Danyal Mirza | None
Stephanie Slawinski | None
Phil Farber | None
Gabrielle | None
Justin | None
Gulafsha | None
Harry | None
Sydney | None
Aisling | None
Seamus | None
Tenzing | None
Jordan | None
Justin | None
Jonathan | None
Mark | None
Mike | None
Julianne | None
Kyle | None
Jacob | None
Phillip | None
Betsy | None
Hemant | None
Eleanor | None
Kristelle | None
Ron | None
Carissa | None
JORIS | None
LaVonna | None
Leakhena | None
Leia | None
Leonidas | None
Lucas | None
Xiao | None
Janelle | None
Shane | None
Blake | None
Skylar | None
Sarah O'Leary | None
Benjamin | None
Jose | None
Angela | None
Khafila | None
Courtney | None
Sean | None
Kristen | None
Catalina | None
Mike | None
D. | None
Dmitry | None
Alisa | None
Peter | None
Keonte | None
David | None
Ben | None
John | None
Veronica | None
Greg | None
Kellie | None
Bill | None
George | None
Landon | None
John | None
Hope | None
Nichole | None
Sydney | None
Philip | None
Aaron | None
Bob | None
Matthew | None
Connor | None
David | None
Matt | None
Matthew | None
Travis | None
Alex | None
Steven | None
Traci | None
Thomas | None
Mike | None
Evan | None
Steve | None
Tom | None
Zachary | None
Stephen | None
Mike | None
Jennifer | None
Brandon | None
Alex | None
Jennifer | None
Michael | None
Matthew | None
Matthew | None
Benjamin | None
Gloria | None
William | None
Jeremy | None
Hanna | None
Alex | None
Brian | None
Will | None
Samantha | None
Anne | None
Lisa | None
Kimberly | None
John | None
Russ | None
Dominic | None
Chris | None
Doug | None
Brian | None
Rob | None
Matt | None
Adella | None
Matthew | None
Kevin | None
Kimberly | None
Kyle | None
Lia | None
Mackenzie | None
Matthew | None
Lauren | None
Parker | None
Sam | None
Stephen | None
Tano | None
Travis | None
Paige | None
Kelly | None
Noah | None
Katie | None
Kevin | None
Justin | None
Justin | None
Aaron | None
Adam | None
Alex | None
Alexandra | None
Alexandria | None
Andrew | None
Ben | None
Joe | None
Bryan | None
Casey | None
Daniel | None
Dylan | None
Eduardo | None
Garrett | None
Grayson | None
Bianca | None
Amanda | None
Kathleen | None
Chelsea | None
Christine | None
Monica | None
Kelly | None
Mark | None
Tom | None
Joseph | None
Dan | None
Leah | None
Carlos | None
Ramy | None
Carrington | None
Farrah | None
Taylor | None
Elizabeth | None
Olamide | None
Jerilyn | None
Angela | None
Mike | None
Jordan | None
Keith | None
Emily | None
Srilekha | None
Anne | None
Arni | None
Ryan | None
Lauren | None
Tyler | None
Sebastian | None
Maggie | None
Jessica | None
Nina | None
Chase | None
Stacey | None
Amanda | None
Joseph | None
Terri | None
Amanda | None
Chrystal | None
Devin | None
Emily | None
Edward | None
Sean | None
Gubner | None
Tannehill | None
Derek | None
Conroy | None
Groendyk | None
Nelson | None
Robert | None
Mark | None
kayla | None
Paulette | None
Linda | None
Lauren | None
Allison | None
Cerita | None
Alex | None
Samuel | None
Vincent | None
Jordan | None
Camden | None
Ashley | None
Savannah | None
Kyle | None
Blake | None
Justin | None
Bailey | None
Samantha | None
Scott | None
Amy | None
Jordan | None
Amy | None
Sara | None
Savannah | None
Dorinne | None
Chelsea | None
Lindsey | None
Samantha | None
Abbigail | None
Colleen | None
John | None
Kirsten | None
Abbey | None
Colleen | None
Yolanda | None
Katie | None
Jillian | None
Julie | None
Kathryn | None
Ryan | None
Elliott | None
Nathan | None
Andrew | None
Richard | None
Jim | None
John | None
Komal | None
Aaron | None
Miesha | None
Dylan | None
Danielle | None
Mark | None
Ryan | None
Evan | None
Scott | None
Dani | None
Aj | None
Giulianna | None
Scott | None
Nalini | None
Emily | None
Claire | None
Abbey | None
Matthew | None
Chris | None
Sarah | None
Geordie | None
Travis | None
Scott | None
Abby | None
Alex | None
Kevin | None
Emily | None
Matt | None
Shanna | None
Jeff | None
Ryan | None
Scott | None
Kelsey | None
Grant | None
Ben | None
Jess | None
Ariel | None
James | None
Reegan | None
Philip | None
Blake | None
Aaron | None
Vanessa | None
Chris | None
Caelan | None
Michel | None
Kadin | None
Jamie | None
Omar | None
Uma | None
Jackie | None
Richard | None
Cami | None
Robert | None
Dana | None
Natalie | None
Taylor | None
Tessa | None
Natalie | None
Monica | None
Katie | None
Daniel | None
Jace | None
April | None
Troy | None
Ashley | None
Camille | None
Connor | None
Teresa | None
Chloe | None
Megan | None
Max | None
Kelly | None
Courtney | None
Taylor | None
John | None
Justin | None
Luke | None
Tamara | None
Shanel | None
Morgan | None
Dennis | None
Amy | None
Timothy | None
Samie | None
Greg | None
Dustin | None
Gideon | None
Julia | None
Matt | None
Crystal | None
Jim | None
Karen | None
Antonio | None
Chandler | None
Kristy | None
Andrew | None
Brent | None
Shannon | None
Courtney | None
Revathi | None
Eric | None
Halli | None
Legacy | None
AnnMarie | None
Byron | None
Amreen | None
Jenna | None
Timothy | None
Esa | None
Jordan | None
Caity | None
Liam | None
Patricia | None
Krystin | None
CJ | None
Vanessa | None
Herb | None
Kyle | None
Emily | None
Robin | None
Steven | None
Kimi | None
Ross | None
Link | None
Derek | None
Todd | None
Scott | None
Carla | None
Patrick | None
Josh | None
Sam | None
Verna | None
Jessica | None
Luc | None
Russ | None
Trystin | None
Dylan | None
Meredith | None
Chris | None
Kelly | None
Doug | None
Dan | None
Anne | None
Rakshitha | None
Connor | None
Phillip | None
Jackie | None
Pamela | None
Tania | None
Judith | None
Courtney | None
Adam | None
Heather | None
Anthony | None
Tim | None
Bethany | None
Will | None
Denise | None
Curtis | None
David | None
Samantha | None
Ashley | None
Dustin | None
Kris | None
Zachary | None
Cammie | None
Peyton | None
Michael | None
Melissa | None
Quinn | None
Jim | None
Chris | None
John | None
Sarah | None
Hemanth | None
Kevin | None
Dana | None
Terrence | None
Nicole | None
Marc | None
Steven | None
Ryan | None
Emily | None
Steve | None
Andy | None
Emma | None
Greg | None
Whitney | None
Hailey | None
Halee | None
Andrew | None
Janae | None
Scott | None
Bill | None
Tom | None
Chris | None
Caleb | None
Quinton | None
Mary | None
Kim | None
Bethany | None
Collin | None
Gabriel | None
Juanita | None
Lavondra | None
Richard | None
Cecilia | None
Taryn | None
Shelly | None
Akhila | None
Amber | None
Gabrielle | None
Bryan | None
Erin | None
Jay | None
Kathryn | None
Abby | None
Jacob | None
Sana | None
Joshua | None
Melissa | None
Ravin | None
Arte | None
Stacy | None
NK | None
Blake | None
Josh | None
Kendall | None
Steven | None
Scott | None
Zachary | None
Susan | None
Robbie | None
Mitchell | None
Brittany | None
Ryan | None
Scott | None
Becky | None
Curtis | None
Rachel | None
Austin | None
Jake | None
Suzanne | None
Kelsey | None
Annie | None
Lori | None
Paul | None
Peter | None
Dylan | None
Benjamin | None
McKenna | None
Mark | None
Rudy | None
Katy | None
Chris | None
Michael | None
Jackson | None
Hannah | None
Kenny | None
Matt | None
Andrew | None
Clarence | None
Carrie | None
Jacob | None
Wyatt | None
Steven | None
Spencer | None
Abbey | None
Chris | None
Anton | None
Annie | None
Andrea | None
Nicholas | None
Megan | None
Jim | None
Courtney | None
Lee | None
Mikel | None
Emily | None
Richard | None
Lauren | None
Paige | None
Emily | None
Mykola | None
Allie | None
Shubham | None
Nick | None
Erik | None
Kristen | None
Monica | None
Matt | None
Jocelyn | None
Kaitlyn | None
Griffin | None
Kaitlin | None
Leah | None
Hali | None
Scott | None
Lester | None
David | None
Kristin | None
Maurice | None
Lesa | None
Mallory | None
Justin | None
James | None
Mikaela | None
Jeremy | None
Will | None
Jordan | None
Ellen | None
Townsend | None
Addie | None
Arjun | None
Emily | None
Shay | None
Dan | None
Shannon | None
Alicia | None
Danielle | None
Stefano | None
Megan | None
Nagla | None
Kate | None
Shanna | None
Kemal | None
Audrey | None
Chris | None
Calley | None
Abby | None
Caleb | None
Amanda | None
Andie | None
Jillian | None
Ryan | None
Dan | None
Anna | None
Mark | None
Patrick | None
Kyle | None
Kelly | None
Briana | None
Nicole | None
Geordie | None
Donna | None
Monica | None
Lindsey | None
Leigha | None
Chloe | None
Connor | None
Erin | None
Anuj | None
Austin | None
Chad | None
Cheyenne | None
Chris | None
David | None
Emily | None
Kristina | None
Evan | None
Chase | None
Kevin | None
Makaela | None
Kenny | None
Thomas | None
Charla | None
Jen | None
Kallie | None
Julius | None
Brenna | None
Patrick | None
Mehak | None
Jason | None
Danielle | None
Matt | None
Olivia | None
John | None
Jessica | None
Caleb | None
Sarah | None
Grace | None
Meghan | None
Hannah | None
Bryan | None
Will | None
morning | None
morning | None
Jeremy | None
Carolyn | None
Tyniesha | None
Yasmin | None
Logan | None
Kaeleigh | None
Madeleine | None
Robert | None
Aj | None
Andrew | None
Sophie | None
Aryauna | None
Jerlisa | None
Cooper | None
Shanel | None
Ann | None
Bre | None
Lorina | None
Tim | None
Dan | None
Nikki | None
Abby | None
Angel | None
Jaszmine | None
Nicole | None
Liam | None
Charles | None
Elizabeth | None
Abby | None
Carriea | None
Cami | None
Dean | None
Madelya | None
Ryan | None
Jennifer | None
Luji | None
Zane | None
Alexis | None
Noelle | None
Nate | None
Brianna | None
Cory | None
Arthur | None
Shayla | None
Joshua | None
Sasha | None
Carolyn | None
Rebecca | None
Lauren | None
Joshua | None
Nate | None
Jason | None
Connor | None
Andrew | None
Brooke | None
Jared | None
Hunter | None
Chandler | None
Miles | None
Patrick | None
Mary | None
Corey | None
Spencer | None
John | None
Jennifer | None
Nate | None
Megan | None
Andrew | None
Kathryn | None
Meagan | None
Rachuel | None
Rebecca | None
Julissa | None
Connor | None
Dennis | None
Kaitlin | None
Emma | None
Isabella | None
Jordan | None
Robert | None
Mason | None
Katy | None
Cierria | None
Greg | None
Stephen | None
Maddie | None
Bryson | None
Alexa | None
Olivia | None
Matt | None
Jason | None
Natalie | None
Jason | None
Courtney | None
David | None
TJ | None
David | None
Jenny | None
Tommy | None
Michael | None
David | None
Chinthia | None
Corten | None
Annelyn | None
Geeta | None
Conner | None
Zoey | None
Lauren | None
Emily | None
Steven | None
Mackenzie | None
Joseph | None
Benjamin | None
Chloe | None
Colin | None
Vickie | None
Shane | None
Chase | None
Ellie | None
Stefanie | None
Jordan | None
Sam | None
Elyse | None
Priya | None
Tanner | None
Lauren | None
Kylee | None
Lap | None
Sarah | None
Carolyn | None
Kalindi | None
Victoria | None
Adam | None
Michael | None
Niko | None
Marilyn | None
Ruby | None
Eric | None
David | None
Selena | None
Katelyn | None
Brooke | None
Blake | None
Christina | None
Jenny | None
Patty | None
Vu | None
Owen | None
Conner | None
Ryan | None
Lauren | None
Jackie | None
Rebecca | None
Peter | None
Luke | None
Mike | None
Cameron | None
Cierria | None
Cassandra | None
Ava | None
Caleb | None
Molly | None
Ian | None
Shaylee | None
Colten | None
Jennifer | None
Alexandra | None
Dylan | None
Danielle | None
Nathaniel | None
Sophie | None
Grace | None
Renee | None
Kim | None
Emily | None
Nate | None
Brandon | None
Michael | None
TJ | None
Sullivan | None
Lam | None
Destini | None
Krystyna | None
Daria | None
Jacob | None
Anna | None
Isabel | None
John | None
Diana | None
Chelsea | None
Allison | None
Justine | None
Chelsey | None
Amy | None
Ronnie | None
Marin | None
Sean | None
Christine | None
Travis | None
David | None
Jishirll | None
Linda | None
Danni | None
Taylor | None
Shannon | None
Robert | None
Kristina | None
Lauren | None
Cameron | None
Jordan | None
Tyler | None
Marisa | None
Natalie | None
Nina | None
Arica | None
Jessica | None
Kevin | None
Stella | None
Kim | None
Lorenzo | None
Olivia | None
Hunter | None
Natallie | None
Skylar | None
Scott | None
Matthew | None
Samuel | None
Caroline | None
Brian | None
Peyton | None
Jacob | None
Kegan | None
Haley | None
Lauren | None
Zoe | None
Cara | None
Tyler | None
Riley | None
Carolyn | None
Sally | None
Ryan | None
Derek | None
Tatiana | None
Kelsey | None
Leon | None
Connor | None
Jalen | None
Hannah | None
Briana | None
Sterling | None
Selena | None
Geeta | None
Emily | None
Danielle | None
Callie | None
Christopher | None
Shannon | None
Jameson | None
Sullivan | None
Kelli | None
John | None
Jaszmine | None
Molly | None
Victoria | None
Alex | None
Karla | None
Anthony | None
Hallie | None
Stacey | None
Zara | None
Robert | None
Hope | None
Justin | None
Nicholas | None
Valentina | None
Kayla | None
Patrick | None
Amber | None
Michelle | None
Nicole | None
Kevin | None
Rachel | None
Scott | None
Erica | None
Rizwa | None
Emily | None
Hannah | None
Steven | None
David | None
Josh | None
Katherine | None
Kelsey | None
Danielle | None
Alexandra | None
Rachel | None
Chase | None
Megan | None
James | None
Josh | None
Terry | None
Emily | None
Kevin | None
Scott | None
Aristides | None
Nick | None
Felicia | None
April | None
Josie | None
Ann | None
John | None
Charles | None
Roy | None
Erica | None
Samantha | None
Spencer | None
Michelle | None
Cindy | None
Paul | None
Angela | None
Jillian | None
Scott | None
Kelly | None
Marissa | None
Sarah | None
John | None
Amber | None
Cade | None
Danielle | None
Carrie | None
Saul | None
Kelly | None
Jenna | None
James | None
David | None
Gabriel | None
Lacey | None
Joe | None
Natalia | None
Jason | None
Dave | None
Jacob | None
Bre | None
Christina | None
Alex | None
Jackie | None
Amber | None
Aaron | None
Courtney | None
Mallory | None
Kim | None
John | None
Jason | None
Holly | None
Gabriel | None
Maggie | None
Seiji | None
Kim | None
Richard | None
Inna | None
Stella | None
Will | None
Alex | None
Donald | None
Charles | None
Jaclyn | None
Kevin | None
Marcus | None
Morgan | None
Dylan | None
Matthew | None
Lindy | None
Daria | None
Lauren | None
Claire | None
Haley | None
Aaron | None
Monica | None
Claire | None
Sarah | None
Jeff | None
Peyton | None
Saul | None
Nicky | None
Scott | None
Cailee | None
Adam | None
Carl | None
Manuel | None
Zachary | None
David | None
Jill | None
George | None
Katherine | None
Dustin | None
Steven | None
Collin | None
Healea | None
Kelly | None
Jon | None
Brooke | None
Giti | None
Charity | None
Nathan | None
Natallie | None
Stephanie | None
Abigail | None
Mallory | None
Spencer | None
Tamara | None
Amy | None
Susan | None
Joe | None
Alyssa | None
Andrew | None
Will | None
Townsend | None
Katelyn | None
Monica | None
Erin | None
Jon | None
Erez | None
Laura | None
Ahouefa | None
Kristin | None
Mallory | None
Whitney | None
Sonny | None
Tania | None
Matt | None
Teresa | None
Arntabause | None
Matthew | None
Olivia | None
Randi | None
Ronald | None
Tiffany | None
Matthew | None
Chris | None
Dana | None
Brendan | None
Felicia | None
Crystal | None
Ian | None
Tracy | None
Ivan | None
Brandon | None
Morgan | None
Kate | None
Stephanie | None
Walker | None
Serena | None
Cameron | None
Brandon | None
Courtney | None
Donte | None
Rachuel | None
Emily | None
Michael | None
Ashleigh | None
Ken | None
Mario | None
Celeste | None
Bridget | None
James | None
Hansel | None
Judith | None
Brenna | None
Maggie | None
Cooper | None
Abigail | None
Samantha | None
Scott | None
Maureen | None
Saul | None
Robert | None
Stephanie | None
Arya | None
Savannah | None
Quinlan | None
Nathanael | None
Allison | None
James | None
Caleb | None
Nicholas | None
Mumtaz | None
Richard | None
Kerry | None
Bryce | None
Tony | None
Steven | None
Leah | None
Sara | None
Morgan | None
Ammar | None
Brady | None
Victoria | None
Bryson | None
James | None
Donna | None
Jason | None
Eryn | None
Jordan | None
Tom | None
Percy | None
Yaseen | None
Dionna | None
Abbie | None
Quanasia | None
Brian | None
James | None
Emily | None
Geert | None
Jai | None
Derane | None
Patrick | None
Inna | None
Jack | None
Corey | None
Nakul | None
Saul | None
Aderajew | None
Kegan | None
Nicholas | None
Kate | None
Dane | None
Derek | None
Peyton | None
Cornell | None
Lexi | None
Caroline | None
William | None
Chris | None
Frank | None
Lauren | None
Steven | None
Wendy | None
Ed | None
Sean | None
Josh | None
Maha | None
Andrew | None
Robert | None
Carl | None
Nicole | None
Jessica | None
Matt | None
Sarah | None
Emily | None
Thomas | None
Maren | None
Juanita | None
Logan | None
Heidi | None
Garrett | None
Caroline | None
Adrienne | None
Prachi | None
Seiji | None
Madison | None
Jake | None
Healea | None
Meryl | None
Michael | None
Patrick | None
Hannah | None
Olivia | None
Mino | None
Walter | None
Kyle | None
Cora | None
James | None
Laura | None
Gracie | None
Brian | None
Mark | None
Sadie | None
Cailee | None
Megan | None
Gary | None
Lane | None
Laura | None
Daniel | None
Jose | None
Sierra | None
Shelly | None
Andrew | None
Cheyenne | None
Brittany | None
David | None
Amanda | None
Brooke | None
Andrew | None
James | None
Chad | None
Megan | None
Trey | None
Mallory | None
Brooke | None
Stephanie | None
Nate | None
Chandra | None
John | None
Adison | None
Olivia | None
David | None
Lindsey | None
Meagan | None
Nicole | None
Kimberly | None
Carolyn | None
Rebecca | None
Justine | None
Jordan | None
Kiara | None
David | None
Brianna | None
Garrett | None
Brooke | None
Greg | None
Jillian | None
Emily | None
Charles | None
Alexandra | None
Marissa | None
Cory | None
Anne | None
Sophie | None
Aubri | None
Evelin | None
Stefano | None
Maggie | None
Andrew | None
Vanisha | None
Madison | None
Blair | None
Connor | None
Matt | None
Lillie | None
Ryan | None
Genesis | None
Alexander | None
Steve | None
Sophie | None
Rob | None
Mehak | None
Jishirll | None
Joseph | None
Kelly | None
Levoy | None
Nick | None
Kayla | None
Maddie | None
Greg | None
Sean | None
Corey | None
Jenny | None
Lee | None
Andrew | None
Trevor | None
Isabel | None
Lauren | None
Katie | None
Ryan | None
Carolyn | None
Natalie | None
Olivia | None
Matt | None
Madeline | None
Alexis | None
Yasmin | None
Dustin | None
Renata | None
Kris | None
Natalie | None
Steven | None
Renee | None
Kirsten | None
Derek | None
Kimberly | None
Richard | None
Megan | None
Anthony | None
Morgan | None
Ashton | None
Matt | None
Julie | None
Mark | None
Alexander | None
Craig | None
Blair | None
Lauren | None
Justin | None
Steven | None
Kristen | None
Haley | None
Natalie | None
Melissa | None
Desmond | None
Hallie | None
John | None
Russ | None
Leigha | None
Riley | None
Alyssa | None
Gracie | None
Madelyn | None
Tia | None
Kayla | None
Mora | None
Amelia | None
Georgina | None
Alisha | None
Ryan | None
Brett | None
Lindsey | None
Lizzy | None
Ryan | None
Amanda | None
Andrew | None
Caroline | None
Kaitlin | None
Kelsey | None
Evan | None
Kenner | None
Lindsey | None
Matthew | None
Molly | None
Niko | None
Sarah | None
Steffi | None
Steve | None
Leah | None
Elena | None
Brynn | None
Alex | None
Kari | None
Genesis | None
Chelsea | None
Ariel | None
Julie | None
Thomas | None
John | None
Trevor | None
Andres | None
Stephanie | None
Rico | None
Samantha | None
Madison | None
Madison | None
Kristin | None
Emilee | None
Theresa | None
Melissa | None
Maxwell | None
Bethany | None
Leah | None
Nalini | None
Alana | None
Colleen | None
Kevin | None
Niko | None
Conner | None
Megan | None
Sam | None
Kim | None
Michelle | None
Blake | None
Blayze | None
Christina | None
Abbey | None
William | None
Brandon | None
Linnet | None
Deborah | None
Adrienne | None
Rebecca | None
Christen | None
Skyler | None
Bryan | None
Caroline | None
Leo | None
Sheema | None
Lane | None
Matt | None
Hannah | None
Albert | None
Jason | None
Kaitlyn | None
Victoria | None
Colten | None
Danielle | None
Vanessa | None
Brandon | None
Teresa | None
Liam | None
Annie | None
Tessa | None
Patryk | None
Sharon | None
Eric | None
Dane | None
Matt | None
Lucas | None
Carter | None
Melody | None
Scott | None
Kelsey | None
Benjamin | None
Lacey | None
Jordan | None
Jane | None
Victoria | None
Jim | None
Jarrod | None
Emily | None
Nathaniel | None
Joseph | None
Garrett | None
Jace | None
Marc | None
Brady | None
David | None
Chelsea | None
Tina | None
Olivia | None
Jordan | None
Katelyn | None
Shane | None
Krista | None
Mikel | None
Shubham | None
Todd | None
Vickie | None
Jessica | None
Cooper | None
Brianna | None
Lam | None
Colleen | None
Kevin | None
Michele | None
Patrick | None
Jerlisa | None
Dean | None
Kristina | None
Annie | None
Joseph | None
Nate | None
Makenzie | None
Chelsea | None
Cara | None
Logan | None
Hunter | None
Tiara | None
Mason | None
Katy | None
Spencer | None
Alexa | None
Michael | None
Stephen | None
Courtney | None
Vicci | None
Jacinda | None
Kaeleigh | None
Melissa | None
Connor | None
Jenna | None
Melissa | None
Corinne | None
Craig | None
Sydney | None
Whitney | None
Robert | None
Tim | None
Julius | None
Madison | None
Gregory | None
Tatiana | None
Morgan | None
Wendy | None
Colin | None
Sara | None
Valentina | None
Jim | None
Zachary | None
Nathan | None
Lindsay | None
Georgia | None
Lucas | None
David | None
Andrea | None
TJ | None
Cody | None
Vu | None
Valerie | None
Jess | None
John | None
Kaela | None
Kaiden | None
Skylar | None
Noah | None
Krystyna | None
Danielle | None
Tiffany | None
Miles | None
Jenny | None
Sean | None
Derek | None
Danni | None
Alyssa | None
Madelynn | None
Rachael | None
Wyatt | None
Kelly | None
Ashton | None
Andrew | None
Rob | None
Brittany | None
Nina | None
George | None
Justin | None
Gisele | None
Richard | None
Thomas | None
Kim | None
Madelyn | None
Macy-Meng | None
Matt | None
Lauren | None
Nikki | None
Javia | None
Kristy | None
Taylor | None
Alexandra | None
Nathan | None
Haley | None
Nolan | None
Kendall | None
North | None
Grayson | None
Ashley | None
Robin | None
Kelsey | None
Courtney | None
Tom | None
Nana | None
Amanda | None
Fabrizio | None
Shibu | None
Basim | None
Lauren | None
Jennifer | None
Naomi | None
John | None
Isaac | None
Amanda | None
Brianna | None
Bethany | None
Jennifer | None
Scott | None
Daniel | None
Jenna | None
David | None
Kristen | None
Sivakumar | None
Alex | None
Adam | None
Rachel | None
Jon | None
Courtney | None
Natalie | None
Matthew | None
Taylor | None
Joanne | None
Glenis | None
Katherine | None
Rebecca | None
Jill | None
Morgan | None
Dan | None
April | None
Kaden | None
Paul | None
Goncha | None
Brennan | None
Kiara | None
Vijay | None
Salem | None
Rahma | None
Jason | None
Rizwan | None
Timothy | None
Aditi | None
Ross | None
Kevin | None
Kristina | None
Michael | None
Claude | None
Bhaskar | None
Jerry | None
Charlie | None
Renata | None
Vishnu | None
Dan | None
Leon | None
Ben | None
Sarah | None
Ryan | None
Holly | None
Dale | None
Dan | None
Augustine | None
William | None
Audrey | None
Joseph | None
Courtney | None
Phil | None
Austin | None
Brandon | None
Don | None
Dani | None
Joey | None
Rodger | None
Lauren | None
Aaron | None
Jo | None
Isaiah | None
Charles | None
Erin | None
Kevin | None
Ambre | None
Katlyn | None
Ashley | None
Justin | None
Andie | None
Sarah | None
Lander | None
Madelyn | None
Sarah | None
Kristin | None
Logan | None
Connor | None
Janaia | None
Jillian | None
Patryk | None
Kevin | None
Alyssa | None
Puneet | None
Brian | None
Greg | None
David | None
Mo | None
Katherine | None
Garrett | None
Christopher | None
Dustin | None
Valentina | None
Teja | None
Haley | None
Jacqueline | None
Sarah | None
Adelina | None
Eric | None
Madison | None
Jonathan | None
Shirelle | None
Maricel | None
Gabriel | None
Charyn | None
Kevin | None
Denice | None
Roshni | None
Chelsea | None
Bradley | None
Steven | None
Christy | None
Bruce | None
Stephanie | None
Yesenia | None
Christopher | None
Sydney | None
Glenn | None
Briana | None
Eric | None
Kassaundra | None
Aaron | None
Katie | None
Tim | None
David | None
Linda | None
Jeff | None
Madelyn | None
Elizabeth | None
Kari | None
David | None
Anuj | None
Allen | None
Shawn | None
Andy | None
Tytianna | None
Jaclyn | None
Eric | None
Christy | None
Callie | None
Matt | None
Ryan | None
Daniel | None
Jennifer | None
Lindy | None
Michael | None
Max | None
Tyler | None
Chelsea | None
Kevin | None
Kyle | None
Scott | None
Lacey | None
Blake | None
Alan | None
Katherine | None
Amanda | None
Jabari | None
Felipe | None
Nick | None
Jim | None
Bryan | None
Kacie | None
Muzadi | None
Ian | None
Julia | None
Betina | None
Michelle | None
Jennifer | None
Donald | None
Antonia | None
Michael | None
Luke | None
Anna | None
Max | None
Zahava | None
Luba | None
Michael | None
Mike | None
Jennifer | None
Danielle | None
Maurice | None
Kaci | None
Mike | None
Shree | None
Erik | None
Susie | None
Katie | None
Kyle | None
Marco | None
Marckenson | None
Danielle | None
Katrinia | None
Cassandra | None
Scott | None
Joshua | None
Kelli | None
Andrew | None
Talia | None
Abigail | None
Laura | None
Jackson | None
Sai | None
Catherine | None
Michael | None
Anna | None
Matthew | None
Nicholas | None
Scott | None
Blake | None
Elizabeth | None
Sara | None
Alyssa | None
Marc | None
Mamadou | None
Robert | None
Chelsea | None
Kayla | None
Matthew | None
Connor | None
Bailee | None
Christopher | None
Brandon | None
Peter | None
Trevor | None
Marcus | None
Allie | None
Jennifer | None
Kevin | None
Sara | None
Olivia | None
Amy | None
Wesley | None
Rachel | None
Doug | None
Jason | None
BJ | None
Brooke | None
Shannon | None
Laura | None
Patrick | None
Chris | None
Nathan | None
Hollie | None
Emily | None
Craig | None
Kristin | None
Donald | None
Amy | None
Hannah | None
Elena | None
Albert | None
Leo | None
Kevin | None
John | None
Jonathon | None
Lee | None
Kristen | None
Aubri | None
Anna | None
Natasha | None
Robert | None
Molly | None
Alex | None
Lakshmi | None
David | None
Brianna | None
Ellen | None
Erin | None
Renita | None
Stella | None
Cassie | None
Tyler | None
Jordan | None
Alex | None
Cynthia | None
James | None
Sneha | None
Sara | None
Jordan | None
Sally | None
Evan | None
Justin | None
Leigha | None
Kevin | None
Isabella | None
Christa | None
Anna | None
John | None
James | None
Alison | None
Ian | None
Eric | None
Shawna | None
Jalen | None
Claire | None
Abiel | None
Julie | None
Lindsay | None
Erin | None
David | None
Lucas | None
Kelsey | None
Riley | None
William | None
Shane | None
Olivia | None
Giti | None
Makenzie | None
Mallory | None
Jared | None
Matt | None
Vivian | None
Sheema | None
Cory | None
Samuel | None
Amber | None
Katelyn | None
Zachary | None
Jim | None
Koréna | None
Blayze | None
Sara | None
Emily | None
Skyler | None
Derek | None
Caitlin | None
Cat | None
Christina | None
Ericka | None
Sam | None
Stacie | None
Chelsea | None
Meghan | None
Jordan | None
Ashley | None
Shannon | None
Mark | None
Mollie | None
Ahouefa | None
Diana | None
Jaime | None
Lindsey | None
Lorenzo | None
Jeff | None
Faruk | None
Emma | None
Phil | None
Chloe | None
Mallory | None
Tyler | None
Schuyler | None
Jane | None
Jennifer | None
Lauren | None
Zara | None
Jason | None
Riley | None
Kelsey | None
Tiffany | None
Courtney | None
Nate | None
Aliciabeth | None
Kaitlin | None
Katie | None
Michael | None
Joshua | None
Kelly | None
James | None
Dave | None
Julissa | None
Alexander | None
Rebecca | None
Meghan | None
Bridget | None
Christine | None
Charla | None
Paul | None
Emily | None
Caden | None
Lee | None
Sharon | None
Anthony | None
Amanda | None
Alyssa | None
Kenny | None
Brya | None
Richard | None
Connor | None
Jason | None
Rudy | None
Nicole | None
Travis | None
William | None
Peace | None
Brendan | None
David | None
Suzanne | None
John | None
Sonny | None
Amelia | None
Maomie | None
Ellis | None
Justin | None
Ekuba | None
Timothy | None
Antonio | None
Leontine | None
Heather | None
Achille | None
Jameson | None
Rob Dudley | None
Noah Dobrinsky | None
Nikki Heatwole | None
Schuyler Moose | None
Shakura Leitner | None
Sheryl David | None
Sugapriyan Gunasekaran | None
Terri Crum | None
Tiara Lindsey | None
Tre Stephenson | None
Trey Brown | None
Valerie Poh | None
Veronica Belin | None
Vikky Joshi | None
Asha Goel | None
Amanda Kylie | None
Andy Behl | None
Ashley Bersano | None
Brandon Daves | None
Shuba Sharma | None
Chirstopher Green | None
Samuel Collins | None
Christian Weihe | None
Ciara Robinson | None
Rob Lowry | None
Ryan Kissner | None
Darren Perry | None
Isabella Hussain | None
John Allen | None
Kristal Thompson | None
Ray Kroger | None
Tara Bean | None
Phil Burke | None
Percy Shields | None
Dana Priesmeyer | None
Chris Merrill | None
Martina White | None
Matt Miller | None
Michelle Mcinerney | None
Miguelina Gonzalez | None
Miles Green | None
Nina Cloutier | None
Richard Humphrey | None
Ashly Tucker | None
Patrick Mcginness | None
Daniel Uetrecht | None
Johnny Hernandez | None
Becky Lenz | None
Cliff Vaughn | None
Ashley Durbin | None
Andrew Trautman | None
Nathan Walker | None
Maggie Vouk | None
Leah Ecklund | None
Jeff Sand | None
Christie Flanery | None
Carrie Roesken | None
Anton Finley | None
Sara Jansen | None
Mark Eaton | None
Jennifer Parrella | None
Dave Sylvestri | None
Danielle Marini | None
Avalon Mclaren | None
Bethany Schanfarber-okafor | None
Craig Naucke | None
Megan Peterson | None
Michelle Oglesby | None
Michael Dougherty | None
Kensey Bowen | None
Jennifer Georgi | None
Tim Fallon | None
Rob Lee | None
Michael Forman | None
Jose Cruz | None
Richard Jackson | None
Jennifer Sobin | None
Nick Taylor | None
Kelly Sanford | None
Jazmin Aparicio Taico | None
Brandon Wilbourn | None
Ashlee Sandridge | None
Rachel Smith | None
Scott Rahn | None
Aditi Parulekar | None
Carly Ittes | None
Quinn Morlock | None
Kwesi Dadzie | None
Monica Shay-lawhorne | None
Maude Christian | None
Jordan Keppler | None
John Henriksen | None
Janet Simpson | None
Greg Lantz | None
Frank Luis | None
Anna Massey | None
Trystin Crofts | None
Tyler Delin | None
Tate Cutrer | None
Ravali Goverdhana | None
Natalie Mason Glassman | None
Lillie Ferrell | None
Evangelos Evangelinos | None
Neal Reed | None
Phillip Doyle | None
Ryan Hack | None
Sara Zieman | None
Kayla Ivey-russell | None
Jonah Seagears | None
Erana Krankosky | None
Anika Mcquarn | None
Melissa Fuller | None
Bailey Vathy | None
Tyreze Witherspoon | None
Langston Briggs | None
Manpreet Yadav | None
Tyler Boggess | None
Mat Meyer | None
Ben Morrett | None
Trevor Hix | None
Joseph Martoccio | None
Trae Ferguson | None
Steve Skaggs | None
Cammie Lawrence | None
Christian Lentz | None
David West | None
Ellie Kopf | None
Belal Haidari | None
Areeb Khan | None
Daniel Takahashi | None
Annie Wade | None
Dave Ray | None
David Palmer | None
Emily Sherry | None
Hannah Chase | None
Jenna Nuti | None
Bethany Frechette | None
Sara Cockerham | None
Amanda Krenz | None
Amy Olayer | None
Ama Baffoe-bonnie | None
Allen Young | None
Bhakti Lakhote | None
Brady Turner | None
Brandon Freeman | None
Bridget Fleisher | None
Jeena Driscoll | None
Hannah Rebb | None
Ian Mccormick | None
Harry Gibbs | None
Greg Allen | None
Erin Cocchiola | None
Erica Sabol | None
Jill Sautkulis | None
Eric Canfield | None
Derrick Boyd | None
David Hiltebrand | None
Dave Martin | None
Danielle Wright | None
Danielle Heinzman | None
Cheyenne Brown | None
Candace Dillard | None
Dustin Zuniga | None
Sophie Solliday | None
Shane Oringdulph | None
Richard Wang | None
Shaun Rogers | None
Shannon Perley | None
Sean Torres | None
Sean Carter | None
Ryan Simmons | None
Owen Yoshimoto | None
Nate Kranz | None
Stephen J Watson | None
Molly Mcmanus | None
Meredith Keenan | None
Laura Puente | None
Lacy Bruce | None
Kym Puri | None
Kristy Keate | None
Kristie Sayatovich | None
Joshua Wu | None
Michele Bossi | None
Jessica Arner | None
Susan O Brien | None
Andrea Schiola | None
Nathan Tomasi | None
Matthew Bishop | None
Matt Whelan | None
Mallory Gorham | None
Katie Nelson | None
Jess Bolgrihn | None
Heather Rohde | None
Trevor Hagen | None
Emily Pentico | None
Anna Cisneros | None
Brandon Rions | None
Dean Rossetti | None
Erin Saalborn | None
Danielle Dominick | None
Constance Payne | None
Cole Kingsbury | None
David Pentico | None
Joel Smith | None
Joanne Ritter | None
Jakia Chalmers | None
Kelly Sweeney | None
Kelly Magruder | None
Keisha Washington | None
Kaylyn Rupertus | None
Kaiden Farmer | None
Kaela Bickham | None
Julie Copp | None
Julia G | None
Judith B Reed | None
Joseph Lee | None
Jonathan Kready | None
Jimmy Luby | None
Amelia Austin | None
Chinenye Diei | None
Amanda Perry | None
Kevin Raj | None
Kyle Grierson | None
Luis Pedemonte | None
Meghan Rice | None
Emily Diamond | None
Eric Aims | None
Jennifer Cisneros | None
Joseph Yehulugeta | None
Levoy Young | None
Nate Gall | None
Phill Howell | None
Amanda Jordan | None
Ruby Fletcher | None
Zoey Jordan | None
Nicole Martin | None
Neil Albritton | None
Michelle Woolfolk | None
Michele Mccauley | None
Michael Mccormack | None
Michael Eanes | None
Sean Ingalls | None
Whitney Tucker | None
Stacy Fulton | None
Lee Holmes | None
Brad Foster | None
Caroline Connor | None
Chasen Deleon | None
Christine Kelly | None
Connie Johnson | None
Daniel Mendilow | None
Jimmy Lepson | None
Annmarie Fitzhenry Juarez | None
Jessica Lewis | None
Jared Ambrose | None
Stephen Johnson | None
Ryan Weir | None
Michole Cottrell | None
Janet Unger | None
Jamie Hall | None
James Montague | None
Jeet Singh Thakur | None
Kurt Elliott | None
Quinn Duty | None
Russ Martin | None
Jacob Bridges | None
Victoria Baress | None
Vanessa Padilla | None
Lauren Pritts | None
Corinne Meglic | None
Jana Schoberg | None
Paul Toshner | None
Tye Bridges | None
Shauna Anderson | None
Tim Koelbl | None
Sydney Mierau | None
Andrea Bachtel | None
Mitchell Vacek | None
Peter Esumbe | None
Ashley Reetz | None
Emily Taylor | None
Paula Snell | None
Rena Saunders | None
Kristin Minnis | None
Sherif Fouad | None
Rob Harrington | None
Natasha Thomas | None
Lee Alwine | None
Kelly Lehman | None
Kathy Mccracken | None
Grant Thurmond | None
Trisha Penno | None
Taylor Humphreys | None
Sierra Wilkins | None
Rebecca Rodden | None
Nicholas Johnson | None
Robin House | None
Sara Brunner | None
Sara West | None
Scott Tribble | None
Stacey Solomon Rothschild Mims | None
Tamara Hassan | None
Akhil Sai | None
Anand Chauhan | None
Sneha Patel | None
Brandon Joyce | None
Brie Menhart | None
Erin Moiso | None
Salem Dertont | None
Donneisha Henderson | None
Jennifer West | None
Jeremy Swayne | None
John Rouse | None
Katie Felts | None
Kenneth Jackson | None
Lacey Johnson | None
Lori Cunningham | None
Madeline Watt | None
Maggie Newell | None
Mary Pacheco | None
Matilde Arciniega | None
Melody Hutchens | None
Michael Dinges | None
Mo Sharara | None
Rachael Gordon | None
Colleen Leeman | None
Ian Carell | None
Debbie Friedman | None
Christine Ficor | None
Jesse Brownback | None
Doug Christman | None
Meghan Lane | None
Matt Goldberg | None
Marideth Mooney | None
Lisa Bacon | None
Katherine Carter | None
Karen Sanders | None
Jordan Capelli | None
Jill Ryan | None
Jeremy Zdanek | None
Greg Danahy | None
Gary Morgan | None
Eryn Padgett | None
Courtney Blum | None
Chris Bullard | None
Charles Winchester | None
Annabelle Atkinson | None
Anna Mcknight | None
Amy Lerch | None
Dana Tyler | None
Melissa Szoke | None
Meredith Wilson | None
Jake Murtiashaw | None
Andrew Langen | None
Fouad Hassan | None
Anne Vaughn | None
Halil Ibrahim Ornek | None
Islam Ahmed | None
Jose Luis Bellato | None
Kayleigh Manson | None
Luanna Jose | None
Priyanka Roy | None
Ronak Gandhi | None
Thangam S | None
Natalie Dixon | None
Tymesha Spratley | None
Willy Chen | None
Ephraim Krall | None
Taani Fisilau | None
Aaron Smith | None
Adam Gooch | None
Travis Mcalister | None
Alexander Murafka-orme | None
Andrew Freundt | None
Rahul | None
Murugesh | None
Muthu | None
Parimala | None
Paul | None
Radhika | None
Pratik | None
Sandeep | None
Marcia | None
Sai | None
Pradeep | None
Manoj | None
Grady | None
Madhu | None
Lalita | None
Kinjan | None
Kalpesh | None
Johnson | None
Jitesh | None
JD | None
Harit | None
Gauri | None
Sandhiya | None
Christina | None
Divya | None
Manish | None
Shantanu | None
Prathyusha | None
shreesha | None
Christopher | None
Brijesh | None
Ami | None
Dzung | None
Steve | None
Umesh | None
Lijie | None
Bhavika | None
Remya | None
Prasanth | None
Carolyn | None
Rengith | None
Shiwani | None
Sandeep | None
Shahabaz | None
Zack | None
Vishal | None
Vinu | None
Vinay | None
Vinay | None
Vimarsh | None
Udhayakumar | None
Tejas | None
Swetha | None
Sriram | None
Sreenidhi | None
Venkata | None
Bhavani | None
Nagaraja | None
Anson | None
Aakash | None
Rhonda | None
Karen | None
Tanisha | None
Nutan | None
Smita | None
Avani | None
Bindi | None
Eliza | None
Joe | None
Mike | None
Prabhjyot | None
Jeff | None
Shannon | None
Amulya | None
Adarsh | None
Ajeet | None
Vivek | None
Ankit | None
Anoop | None
Ashneet | None
Alina | None
Dale | None
Uma | None
Geoff | None
Shubham | None
Ashutosh | None
Atul | None
Suraj | None
Hardeep | None
Harsh | None
Kapil | None
Kathy | None
Kaushik | None
Krishna | None
Krishnakant | None
Durga | None
Mrityunjay | None
Naved | None
Paul | None
Rajesh | None
Rashmi | None
Saurabh | None
Lakshay | None
Hema | None
Jamie | None
Julien | None
Mat | None
Michelle | None
Rick | None
Richards | None
Angie | None
Rita | None
Robert | None
Erica | None
Richard | None
Andrew | None
Sue | None
Al | None
Tina | None
Carolyn | None
Katie | None
Cole | None
Yonael | None
Gina | None
Kristina | None
Shamielle | None
Mika | None
David | None
Gina | None
Alison | None
Linda | None
Steve | None
Emma | None
Michelle | None
William | None
ryan | None
william | None
Danyelle | None
Presley | None
Jessica | None
Robin | None
JUQUAN | None
Munir | None
Edina | None
Michael | None
Deb | None
Graham | None
Silki | None
Andy | None
Chris | None
Michelle | None
Ian | None
Kannah | None
Sai | None
Nicole | None
Billie | None
Paul | None
Kerry | None
Patricia | None
Heather | None
Tamika | None
Alan | None
Annie | None
Shannon | None
Beverly | None
Sonya | None
Acquella | None
Mary | None
David | None
Giao | None
Travis | None
Lisa | None
Crystal | None
Yarely | None
Tess | None
Kym | None
Angye | None
Xavier | None
Lynette | None
Paula | None
Ruth | None
Vivian | None
Aileen | None
Erica | None
Norea | None
Laura | None
Thi | None
Emily | None
Selena | None
Carlos | None
Ella | None
Diane | None
Christina | None
Paloma | None
Lindsey | None
Kenneth | None
Pamela | None
Erica | None
Julia | None
Corey | None
Amber | None
Lonnie | None
Claudia | None
Adriana | None
Melissa | None
Jose | None
Nic | None
Wanda | None
Melissa | None
Terri | None
Keerthy | None
Kathryn | None
Marissa | None
Amanda | None
Sadie | None
Viridiana | None
Barbara | None
Kathy | None
Jorgan | None
Marissa | None
Bobbi | None
David | None
Lauren | None
Tracey | None
Alex | None
Gladys | None
Gina | None
Sarah | None
Christina | None
Kristina | None
Theresa | None
Thomas | None
Angela | None
Derrick | None
Rachel | None
Lesley | None
Tamara | None
Cynthia | None
Dawn | None
Oluchukwu | None
Karen | None
Karina | None
Rita | None
Rosie | None
Sally | None
Eduardo | None
Eduardo | None
Katie | None
Yaser | None
Divya | None
Julia | None
Brandon | None
Laura | None
Sara | None
Alvaro | None
Travis | None
Bobby | None
Andrew | None
Brittany | None
Elisa | None
Neal | None
Shana | None
Ruth | None
Caly | None
Kristen | None
Phyllis | None
Brandy | None
Juliana | None
Patricia | None
Courtney | None
Kimberly | None
Roscoe | None
Patrice | None
Samantha | None
Maribel | None
Kate | None
La | None
Jacoba | None
Sean | None
Morgan | None
Martha | None
Keri | None
Amber | None
Cheryl | None
Derek | None
Heather | None
Nell | None
Richard | None
Nicole | None
Vivianne | None
Amy | None
Lance | None
Anne | None
Anna | None
Bob | None
Jason | None
Christina | None
Jen | None
Evelyn | None
Rina | None
Alicia | None
Judy | None
Jeannine | None
Marcelina | None
Andy | None
Enrique | None
Jessica | None
Margo | None
Liz | None
Manda | None
Lindsey | None
Victoria | None
Lynn | None
Susan | None
Kristin | None
Sandra | None
Mariah | None
Brandy | None
Danielle | None
JP | None
Adriana | None
Janet | None
Kathy | None
Lauryl | None
Anne | None
Jessica | None
Corby | None
Sharon | None
Maricela | None
Freya | None
Raul | None
Erin | None
Dorian | None
Julie | None
Jodi | None
Denise | None
Jess | None
Ally | None
Lisa | None
Allison | None
Hanna | None
Candace | None
Lois | None
Tanya | None
Connie | None
Erin | None
Teresa | None
Bella | None
Samia | None
Kaylie | None
Mary | None
LaTiffany | None
Nadiya | None
Veronica | None
Alexander | None
Brooke | None
Andrew | None
Nicole | None
Kim | None
Bob | None
Elizabeth | None
Allison | None
Courtney | None
Katherine | None
Fernanda | None
Sarah | None
Robert | None
Kevin | None
Briana | None
Lisa | None
Heidi | None
Bree | None
Susan | None
Christine | None
Christine | None
Valencia | None
Jennifer | None
Noelle | None
Kayla | None
Armina | None
Maria | None
Christine | None
Domenick | None
Michelle | None
Kimm | None
Dane | None
Sandra | None
Hilary | None
Julieta | None
Natali | None
Reada | None
Nataly | None
Max | None
Kimberly | None
Jan | None
Michele | None
Ximena | None
Matthew | None
Scott | None
Shawn | None
Shelby | None
Brittany | None
Spencer | None
Carissa | None
Jon | None
Mark | None
Ryan | None
Taylor | None
Madison | None
Jordyn | None
Joe | None
Drew | None
Rachel | None
Sydney | None
Matthew | None
Jordan | None
Hayden | None
Ellen | None
Carter | None
Brittany | None
Tyrone | None
Kevin | None
Ravi | None
Stuart | None
Mechelle | None
Joe | None
Carissa | None
Tyrone | None
Jordan | None
Will | None
Aleah | None
Aubrie | None
Brandon | None
Caroline | None
Chris | None
Carter | None
Hayden | None
Jennifer | None
Kelsey | None
Kingsley | None
Lakiesha | None
Matthew | None
Sydney | None
Sydney | None
Melissa | None
Conrad | None
Jon | None
Anna | None
Shelby | None
Stuart | None
Bruce | None
Sabrina | None
Ben | None
Charley | None
Chris | None
Conner | None
Major | None
George | None
Eric | None
Spencer | None
Kacie | None
Jacob | None
Jacob | None
Kacie | None
Matthew | None
Conner | None
Major | None
Scott | None
Shelby | None
George | None
Tammy | None
Denise | None
Adam | None
Alice | None
Elliot | None
Laura | None
Danny | None
Simon | None
Joe | None
Alex | None
Josh | None
Mieke | None
Perry | None
Harry | None
Phil | None
Piruntha | None
Songul | None
Chris | None
Aimee | None
Peter | None
Andy | None
Callum | None
Perry-John | None
Habeeb | None
Akbar | None
Barry | None
Audrey | None
Shariq | None
Khizar | None
James | None
Yoann | None
Ella | None
Sally | None
Natalie | None
Thad | None
Gary | None
Thad | None
Jillian | None
Winnie | None
Matt | None
Marylane | None
Laura | None
Scott | None
Ked | None
Catherine | None
Nolan | None
Jason | None
Rebecca | None
Catherine | None
Marylane | None
Matt | None
Brianna | None
Madeline | None
Payton | None
Payton | None
Meg | None
Brooke | None
Julianne | None
Mary | None
Joshua | None
Jeff | None
Matt | None
Ashley | None
kole | None
jonathan | None
dione | None
anthony | None
Logan | None
Winnie | None
michael | None
Brianna | None
Julianne | None
Laura | None
Brie | None
Payton | None
Madeline | None
Nolan | None
Jonathan | None
Benjamin | None
Marylane | None
Julianne | None
Scott | None
Chris | None
Emi | None
Sandy | None
John | None
Megan | None
Ashley | None
Taylor | None
Ben | None
Scott | None
Logan | None
Josh | None
Ked | None
Matt | None
Winnie | None
Rebecca | None
Winnie | None
Brie | None
Ked | None
Laura | None
Logan | None
Madeline | None
Nolan | None
Payton | None
Jonathan | None
Jaida | None
Ashley | None
Logan | None
Daniel | None
Andrea | None
Janet | None
Carl | None
Daniel | None
Ricardo | None
Elisabete | None
Vinolini | None
Miguel | None
Gerardo | None
Andrea | None
Diogo | None
Daniel | None
Hugo | None
Luis | None
Erika | None
Nikunj | None
Veer | None
Preeti | None
Stuart | None
Mariana | None
Sérgio | None
Ariadna | None
tal | None
Ariadna | None
Nitish | None
Daniel | None
Sergio | None
Diogo | None
Gerardo | None
Ruhollah | None
Miguel | None
Alberto | None
Gisela | None
Stuart | None
Nikunj | None
Preet | None
Erika | None
Sérgio | None
Preeti | None
Vicki | None
Lori | None
Nikunj | None
Erika | None
Preet | None
Stuart | None
Veer | None
Patricio | None
Patricio | None
Mariana | None
Ricardo | None
Veer | None
Diogo | None
Hugo | None
Gerardo | None
Miguel | None
Vicki | None
Gisela | None
Carl | None
Vinolini | None
Janet | None
Elisabete | None
Ruhollah | None
Alberto | None
Sergio | None
Wayne | None
Christopher | None
Wayne | None
Christopher | None
Jay | None
Molly | None
Emily | None
Patrick | None
Jon | None
Allison | None
Allison | None
Kevin | None
Joseph | None
John | None
Seena Potti | None
Heather F. | None
Jacki Ryan | None
April Medley Rustin | None
Kristen Rietz | None
Chrissy Andrews | None
Jessi W. | None
Alexandria | None
Lindsay | None
Katie | None
Jackson | None
Misti | None
Caleb | None
Michael | None
Carrie | None
Jessi | None
Nathan | None
Chris | None
Molly | None
Madhavan | None
Raven | None
Chad | None
Igor | None
Sarah | None
Chad | None
Amreen | None
Yunnie | None
April | None
G | None
Sharrell | None
Elaine | None
Sherri | None
Jose | None
Claudia | None
Karen | None
Andrea | None
Amy | None
Carrie | None
Colin | None
Jana | None
Chelsea | None
Brittany | None
Den | None
Travis | None
Christina | None
Srinath | None
Denise | None
Chevahn | None
Karen | None
Lou | None
James | None
Stephanie | None
Jeff | None
Rich | None
Richard | None
Jeremy | None
Bart | None
Rui | None
Jennifer | None
Alex | None
Shannah | None
Shelly | None
Carin | None
Carolyn | None
Laura | None
Adam | None
Lucas | None
Jodi | None
Chris | None
Victoria | None
Adam | None
Nicholas | None
Lisa | None
Joseph | None
Emilie | None
Tamara | None
Daniel | None
Giovanni | None
Agata | None
Val | None
Creighton | None
Madaline | None
Lillian | None
Gavin | None
Joe | None
Christopher | None
Megan | None
Tina | None
Michael | None
Casey | None
Dennis | None
Noelle | None
Elizabeth | None
Kaitlin | None
Lindsey | None
Amy | None
Beverly | None
Melissa | None
Elizabeth | None
Kimberly | None
Jeanine | None
Brooke | None
Ryan | None
Catherine | None
Kari | None
Nicole | None
Dave | None
Laura | None
Laura | None
Joe | None
Maggie | None
Maggie | None
Braedyn | None
Crystal | None
Christie | None
Danielle | None
Lorelie | None
Becky | None
Kimberley | None
Amanda | None
Zoe | None
Saraya | None
Joanna | None
Marc | None
Daniel | None
Heather | None
Mark | None
Taylor | None
Tom | None
Lea | None
Nicolae | None
Jeanine | None
Lauren | None
Monique | None
Katie | None
Alicia | None
Kyle | None
Meredith | None
Rachel | None
Marielle | None
Lisa | None
Katherine | None
Bridgette | None
Melissa | None
Marie | None
Barbara-Ann | None
Megan | None
Colleen | None
Lee | None
Tannah | None
Steve | None
Kacie | None
Brian | None
James | None
Nicole | None
Matthew | None
Heather | None
Heather | None
Kathleen | None
Sarah | None
Jordan | None
Emily | None
Phillip | None
Rebekah | None
Desiree | None
Nathan | None
Megan | None
Jeff | None
Jeff | None
Jennie | None
Jeremy | None
Jessica | None
John | None
Johnson | None
Josh | None
Julie | None
Julie | None
Kaitlin | None
Kara | None
Karen | None
Karson | None
Katherine | None
James | None
James | None
Jaleesa | None
Jacquelin | None
Danielle | None
Daryn | None
Dave | None
Edward | None
Ellis | None
Emanuele | None
Emma | None
Katherine | None
Erick | None
Gabby | None
Gina | None
Grace | None
Grant | None
Greg | None
Heidi | None
Hillary | None
Erin | None
Kathy | None
Keith | None
Lauren | None
Ro | None
Robin | None
Ruth | None
Ryan | None
Samantha | None
Sara | None
Sara | None
Ricardo | None
Sarah | None
Tamira | None
Taylor | None
Tommy | None
Tori | None
Tova | None
Bianca | None
Eric | None
Spencer | None
Daniel | None
Ray | None
Pauline | None
Lindsey | None
Lissy | None
Liz | None
Maggie | None
Martell | None
Matt | None
Matthew | None
Randy | None
Mia | None
Michelle | None
Michelle | None
Nanci | None
Nancy | None
Patricia | None
Paula | None
Paula | None
Michelle | None
Daliya | None
Daisuke | None
Cynthia | None
Heather | None
Heather | None
Jacki | None
jennifer | None
Jennifer | None
Joanna | None
joanne | None
heather | None
kathy | None
Kimberley | None
loren | None
Loren | None
Luke | None
Michele | None
Nicole | None
orfelina | None
Katina | None
Rachel | None
Elizabeth | None
Debra | None
Darrell | None
David | None
Halyna | None
Dean | None
Tami | None
Margaret | None
Emily | None
eilona | None
Justin | None
arti | None
Becky | None
Bianca | None
blaine | None
Brandon | None
Chrissy | None
Christie | None
Anne | None
Lauren | None
robin | None
teressa | None
Amanda | None
Amanda | None
Amy | None
Andrew | None
Anna | None
Ben | None
Blake | None
Alexandria | None
Bob | None
Brian | None
Cait | None
Caroline | None
Casey | None
Chloe | None
Chris | None
Christie | None
Bobby | None
Shymala | None
Alexandria | None
Tom | None
traci | None
Arlene | None
Cindy | None
Damian | None
Hammed | None
Kathy | None
Lauren | None
Vicki | None
Lee | None
Michelle | None
Robin | None
Ronda | None
Shari | None
Sarah | None
Scott | None
Sherron | None
Laura | None
Juliana | None
Anne | None
Allyson | None
Ann | None
GEORGE | None
Karrie | None
Kaylin | None
Lauren | None
Lauren | None
Carla | None
Mike | None
Frank | None
Andy | None
Katina | None
Stephen | None
Tyler | None
Robin | None
Maggie | None
Schmidt | None
Mindy | None
Alexis | None
Victoria | None
Julee | None
Michele | None
Jacobson | None
Derek | None
Brandon | None
Shymala | None
Debra | None
Lauren | None
Edna | None
jenn | None
Gloriane | None
Sierra | None
Nicholas | None
Robert | None
Whitney | None
Aaron | None
J.P. | None
Liam | None
Brittany | None
Sierra | None
Ellis | None
LeSean | None
Kallie | None
Caitlin | None
Melanie | None
Chelsea | None
Xiavanna | None
Greg | None
Liz | None
Joe | None
Brandon | None
Victoria | None
Susie | None
Simon | None
Jenna | None
Luis | None
Chloe | None
Luke | None
Michael | None
Monica | None
Puneh | None
Lisa | None
Clayton | None
Chris | None
Gracie | None
Lauren | None
Matt | None
Connor | None
Kathleen | None
John | None
Mark | None
Jeff | None
Joe | None
Marie | None
Alyssa | None
Jeff | None
Samantha | None
Sheryl | None
Kristina | None
Laura | None
Ruby | None
Clare | None
Devlen | None
Marie | None
Abigail | None
Bertha | None
Cindy | None
Thomas | None
David | None
Gregory | None
Joe | None
Olivia | None
Kelsey | None
Pam | None
Bill | None
Rob | None
Sandra | None
Terry | None
Robert | None
John | None
Mary-Ellen | None
Theron | None
Gregory | None
Adam | None
Josephine | None
Owen | None
Sanj | None
Viviana | None
Laurie | None
Allison | None
Annie | None
Ralph | None
Ray | None
Jennifer | None
Nipun | None
TJ | None
Laura | None
Queen | None
Tom | None
Lori | None
Tracey | None
Lynn | None
Rebecca | None
Emma | None
Polly | None
Jared | None
Sandra | None
Sandy | None
Jay | None
Drew | None
Colby | None
Frank | None
Ed | None
Justin | None
William | None
Robert | None
Victoria | None
Terin | None
Victoria | None
Dave | None
Victoria | None
Jane | None
Xavier | None
Erik | None
Daniel | None
Erik | None
Sandra | None
Jake | None
Kevin | None
Marie | None
Reagan | None
Cindy | None
Justin | None
Viktoriya | None
saketh | None
wendy | None
rajender | None
sainath | None
malleshwari | None
katie | None
jim | None
juliana | None
Fallon | None
Charles | None
Lisa | None
Julio | None
Amy | None
Brendan | None
Christie | None
Sandra | None
Teresa | None
Ashtyn | None
Jeff | None
Jonathan | None
Amy | None
Jessica | None
Carla | None
Lomas | None
Cynthia | None
Ulises | None
Rene' | None
Guillermo | None
Christopher | None
lashawnda | None
Ryan | None
Crystal | None
Jill | None
Tim | None
Laurie | None
Javier | None
Andrew | None
Christopher | None
Manisha | None
Sigrid | None
Andrea | None
Deandré | None
Bhavya | None
Nicole | None
Sidharth | None
Neha | None
Janine | None
Melly | None
Erin | None
Bronwyn | None
Rafaela | None
Wendy | None
Dainiz | None
Michelle | None
Munifa | None
Jermaine | None
Dudu | None
Samantha | None
Thuy | None
Tamsen | None
Aimee | None
Mary | None
Karla | None
Tammy | None
Lesa | None
Lyndsay | None
Mitch | None
Jamie | None
GLEN | None
Ricky | None
Leanne | None
Gerard | None
Kailey | None
Mike | None
Rob | None
Shannon | None
Leandri | None
Munifa | None
Mike | None
Aparna | None
Donna | None
Sondra | None
Kathy | None
Jennifer | None
LeRonne | None
Emie | None
Andrew | None
Leanna | None
Tim | None
Hunter | None
Brett | None
Brian | None
Kyle | None
Stacy | None
David | None
Justin | None
Brett | None
Michaelle | None
AR | None
jeff | None
James | None
Mary | None
Matthew | None
Hunter | None
Alicia | None
Brett | None
Cassie | None
shelby | None
Jenny | None
Danielle | None
Angelina | None
Ann | None
Jason | None
Roxie | None
Robin | None
Paul | None
Maddy | None
Laurel | None
Katie | None
John | None
Danielle | None
Chad | None
Bryan | None
Daniel | None
Marva | None
Aaron | None
Dylan | None
Ashley | None
Scott | None
Brenna | None
Jeanna | None
Dave | None
Duncan | None
Aaron | None
Austin | None
Chad | None
Dave | None
Duncan | None
Hunter | None
Cassie | None
Karen | None
Lindsay | None
Kris | None
Jeanna | None
Austin | None
Mary | None
Kyle | None
Steven | None
Hunter | None
Brenna | None
William | None
Paul | None
Lindsay | None
John | None
Murphy | None
Bradley | None
Jesse | None
Tom | None
joe | None
JIM | None
KRISHNA | None
John | None
Edwin | None
Sophie | None
Chris | None
Stuart | None
Nomfundo | None
Kieran | None
Marcus | None
Jack | None
Laura | None
Nick | None
Stuart | None
Charlie | None
Vince | None
Luke | None
Michael | None
Adekemi | None
Sean | None
William | None
Ryan | None
Natalie | None
Alex | None
Omoniyi | None
Joseph | None
Alyssa | None
Blake | None
Drew | None
Blake | None
Stephon | None
Justin | None
Hillary | None
Dan | None
Christian | None
Gouldin | None
Strickland | None
Tina | None
Larry | None
Aishwarya | None
Madhumita | None
Jennifer | None
Timothy | None
Joshua | None
Olga | None
Jinat | None
Amin | None
Iris | None
Katelyn | None
Ayman | None
Nathan | None
Olga | None
Rabia | None
Kristen | None
Brian | None
Syed | None
Marco | None
Chris | None
Praveen | None
Connie | None
Lauren | None
Michael | None
John | None
Anthony | None
Scott | None
Zain | None
Taylor | None
Stephen | None
Malik | None
Hiring | None
L'oreale | None
Unnamed Recruiter | None
Melissa | None
Michele | None
Zara | None
Joshua | None
Amy | None
Roshan | None
Jonathan | None
Zachary | None
Enah | None
Afa | None
Milan | None
Christopher | None
Lane | None
Trace | None
Yusuf | None
Leif | None
Jason | None
Josh | None
Gary | None
Zeke | None
Kyle | None
Tiffany | None
John | None
Nick | None
Michelle | None
Erica | None
Edmund | None
L'oreale | None
Chandu | None
Tessa | None
Sai | None
Ryan | None
Christine | None
Rajit | None
Anthony | None
Charles | None
Karen | None
Matthew | None
Miguel | None
Michael | None
Susan | None
Sebastian | None
Amanda | None
Jeffrey | None
Praneeth | None
Kellin | None
Mahendran | None
Andrew | None
Saurya | None
Emily | None
Brady | None
Joshua | None
Idriss | None
Shannon | None
Tino | None
Ben | None
Dana | None
Aida | None
Michael | None
Pavel | None
Fatima | None
Uma | None
David | None
Andrew | None
Arsenio | None
Bobby | None
Charles | None
Eric | None
Diltrice | None
S.A. | None
Joaquin | None
Beverly | None
Harin | None
Robert | None
Madhav | None
Kate | None
Kwadwo | None
Marian | None
Jason | None
Todd | None
Sean | None
Matt | None
Bruce | None
Jeremy | None
Oyshakhon | None
Benjamin | None
Irina | None
Christine | None
Suresh | None
Patsy | None
Tyler | None
Rohit | None
Michael | None
Gabi | None
Mike | None
Jane | None
Chantel | None
Michael | None
Kevin | None
Brian | None
Rebecca | None
Bobby | None
Donna | None
Jimmy | None
Revis | None
Kris | None
Bashar | None
Michael | None
Sheena | None
Kevin | None
Terrance | None
Drew | None
Kim | None
Lorenc | None
Jarrod | None
John | None
Bridget | None
Phillip | None
Nisreen | None
Vicky | None
Emilie | None
Paul | None
Nisreen | None
Caitlin | None
Tyler | None
Theresa | None
David | None
Mitchell | None
Kelly | None
Sue | None
Jess | None
Diane | None
Michele | None
Raj | None
Andrey | None
Brad | None
Corey | None
Stephanie | None
Kim | None
Mario | None
Erika | None
Collin | None
Grayson | None
Tom | None
Kent | None
Tim | None
David | None
Vartouhi | None
Joshua | None
Janae | None
Greg | None
Angela | None
Joseph | None
Amy | None
Shawn | None
Scott | None
Trent | None
Steve | None
Linda | None
Nick | None
Shane | None
Stacee | None
Pranay | None
Nikki | None
Matt | None
Kelly | None
Kathryn | None
Eric | None
Elena | None
Phil | None
David | None
Chris | None
Caitlin | None
Jessica | None
Andrew | None
Jessica | None
John | None
Charles | None
Greyson | None
Corey | None
René | None
Tyler | None
Kenneth | None
Peter | None
John | None
Chabeli | None
Wayne | None
Hugo | None
Tim | None
Natalie | None
Roman | None
Josephine | None
Mike | None
Rich | None
Taylor | None
Kimberly | None
Dan | None
James | None
Matt | None
Neil | None
Ashley | None
Sevi | None
Bridget | None
Christopher | None
Melissa | None
Steve | None
Laura | None
Ryan | None
Ismail | None
Roger | None
Caleb | None
Len | None
Avey | None
Tricia | None
Jennifer | None
Jonathan | None
Heidi | None
Curtis | None
Kelly | None
Melissa | None
Kurt | None
Chris | None
Rick | None
Marc | None
Henk | None
Sherm | None
Keith | None
lisa | None
marvin | None
matthew | None
nick | None
thomas | None
Aakarsh | None
Akhilesh | None
Amanda | None
Anuj | None
leslie | None
Brendan | None
Deepak | None
Devesh | None
Jitendra | None
Kevin | None
Priyanka | None
Shivam | None
Sukhmani | None
Suraj | None
Vikrant | None
Charanjeet | None
jim | None
Galina | None
daniel | None
Juliann | None
Daniel | None
Matthew | None
janet | None
Thomas | None
Adrian | None
Vivian | None
Marvin | None
Amanda | None
Craeg | None
Camille | None
Jim | None
Nick | None
Leslie | None
Brian | None
Lisa | None
Janet | None
Irina | None
camille | None
craeg | None
Phelps | None
Victoria | None
David | None
Anaya | None
Roxanne | None
Alyssa | None
Dillon | None
Andrew | None
Melissa | None
William | None
Joseph | None
Lyudmila | None
Jared | None
Kevin | None
Jennifer | None
Shawn | None
Cassandra | None
Kelsie | None
Kapil | None
Harry | None
John | None
Terri | None
Steven | None
Jennifer | None
Gail | None
Adam | None
Alexandra | None
Joseph | None
Jeff | None
Billy | None
Blaine | None
alexis | None
Ryan | None
Sam | None
J.T. | None
Sacha | None
Audrey | None
Thomas | None
Mariana | None
Stephanie | None
Katheryn | None
Justine | None
J.T. | None
Danny | None
Alexandra | None
Andrew | None
Nicholas | None
Dayton | None
Wendy | None
Shelby | None
Peggy | None
JC | None
Amanda | None
Judy | None
Marten | None
Jogy | None
Leslie | None
Amanda | None
Jason | None
Barry | None
Terry | None
Mark | None
Johna | None
Amanda | None
Dan | None
Dave | None
Christina | None
Lauren | None
Chris | None
Dayton | None
Sebastian | None
Ray | None
Steve | None
Julia | None
Stephanie | None
Alyssa | None
Chelsea | None
Nautica | None
Matt | None
LaShaun | None
Kylia | None
Kathrine | None
Kate | None
Charles | None
Alexandra | None
Paul | None
Lisa | None
Cheryl | None
Tom | None
Lisa | None
Nicole | None
Shivam | None
Allen | None
Leah | None
Ray | None
Thomas | None
Chelsea | None
Mark | None
Kim | None
Stephanie | None
Sarah | None
Stone | None
Shylo | None
Jeff | None
Sebastian | None
Rachel | None
Grace | None
Eric | None
Tiffany | None
Nicole | None
Katrina | None
Donnie | None
Brad | None
Megan | None
Leigh | None
Cody | None
Thomas | None
Joshua | None
Jason | None
Nick | None
Jacob | None
Crystal | None
Eric | None
Kristina | None
Ed | None
Brian | None
Eric | None
Jeff | None
Wendy | None
Matthew | None
Kathrine | None
Ed | None
Denise | None
Sean | None
Leslie | None
Allen | None
Nicklas | None
Eric | None
Katrina | None
Grace | None
Eric | None
Nick | None
Jason | None
Nicholas | None
Donnie | None
Crystal | None
Jacob | None
Tiffany | None
Brad | None
Steve | None
Joshua | None
Brian | None
Christina | None
Chris | None
Jeff | None
Eric | None
Megan | None
JC | None
Shelby | None
Clark | None
Erin | None
Andrew | None
Bryan | None
Cecily | None
Matthew | None
John | None
Sarah | None
Kathryn | None
Christopher | None
Lyssa | None
Brendan | None
Esther | None
Zijada | None
Tara | None
Divya | None
Adrianne | None
Ixchelle | None
Yusra | None
Frank | None
Nasrene | None
Tricia | None
Jay | None
Gretchen | None
Erika | None
Jennifer | None
Dirk | None
Beemnet | None
Nick | None
Brenda | None
Salmakani | None
Reshad | None
Navami | None
Keith | None
Michael | None
Sangeeta | None
Aisha | None
Juwan | None
Robbin | None
Mike | None
Daniel | None
Isabella | None
Patti | None
Bhavna | None
Erinn | None
Divya | None
Ziona | None
Aya | None
Gabrielle | None
David | None
Jackie | None
Jacob | None
Idika | None
Nicole | None
Jordyn | None
Shane | None
Colleen | None
Jasmine | None
Addie | None
Wade | None
Kent | None
Hudson | None
Heather | None
Scott | None
John | None
Casey | None
Nithya | None
Susan | None
Christopher | None
Kamlesh | None
Marijka | None
Alicia | None
Nicolette | None
Etel | None
Randy | None
Sarah | None
Avani | None
Colvin | None
Ben | None
Ridhima | None
Michael | None
Rohit | None
Shantanu | None
Aastha | None
Merna | None
Cameron | None
Nicole | None
Mark | None
Jesse | None
Brennan | None
Angela | None
April | None
Suanne | None
Jessica | None
Joseph | None
Phillip | None
Meghan | None
Darin | None
Amber | None
Holly | None
Kevin | None
Reginald | None
Tad | None
Mike | None
Lissa | None
Twyla | None
Jon | None
Grayson | None
Ashley | None
Bo | None
Catherine | None
Victoria | None
Charu | None
Dylan | None
Naina | None
Hayden | None
Loren | None
Mark | None
Cecilia | None
Rebecca | None
Denos | None
Kellie | None
Logan | None
Preston | None
Grant | None
Lori | None
Niyishia | None
Cara | None
Raymond | None
Benjamin | None
Azia | None
Jayda | None
Brian | None
Shristi | None
Sania | None
Gary | None
Nick | None
Ivan | None
Joe | None
Matthew | None
John | None
Amy | None
Gustavo | None
Leah | None
Kate | None
Jennifer | None
Lauren | None
Treasha | None
Marcus | None
Amy | None
Chris | None
Edward | None
Kevin | None
Stephen | None
Toni | None
Kathryn | None
Jose | None
Jayron | None
Andrew | None
Dana | None
Jim | None
Derrick | None
Tria | None
Julie | None
Eda | None
Bob | None
Harve | None
Jessica | None
Beth | None
Angela | None
Mike | None
Heather | None
Marcus | None
Sean | None
Vanshita | None
Jeremy | None
Daisy | None
John | None
Elizabeth | None
patrick | None
Logan | None
Preston | None
Nelvin | None
Brian | None
Jocelynn | None
Bhanu | None
Shivangi | None
Hendry | None
Artech | None
Pauline | None
Gracy | None
Nathaniel | None
Brenda | None
Roosevelt | None
Kate | None
Caitlin | None
Jason | None
Hamza | None
Taha | None
Khizar | None
Faiza | None
Asad | None
Greg | None
Mo | None
Saad | None
Ishaq | None
Arbaz | None
Maaz | None
Rafay | None
Mir | None
Joseph | None
Sahil | None
Hassan | None
Duaa | None
Bisma | None
Jason | None
Muhammad | None
Ekraa | None
Ali | None
Miguel | None
Caleb | None
Anna | None
pc | None
Drew | None
debra | None
Adele | None
Brooke | None
Rachel | None
Nida | None
Doug | None
kelly | None
Cordelia | None
Ryan | None
Margot | None
Matt | None
Mira | None
Haris | None
Leila | None
Josh | None
Marlee | None
Annie | None
Courtney | None
Karen | None
Sue | None
Tory | None
Bejan | None
Cameron | None
Former | None
carissa | None
Kamma | None
Pietro | None
Mike | None
Nicoli | None
Mark | None
Dianna | None
Ingrid | None
Rosanna | None
f | None
sindra | None
Cristina | None
Sami | None
Lucía | None
Débora | None
Lorena | None
Carlos | None
Estela | None
Aitor | None
Janina | None
Carmen | None
Alexander | None
Naseer | None
Provides | None
Marta | None
Yves | None
Ashley | None
Stan | None
Richard | None
Mohammed | None
Malik | None
Jessica | None
Homero | None
Carrie | None
Carrie | None
matt | None
jessica | None
jessica | None
carol | None
ashley | None
Pete | None
Lilla | None
Tom | None
Team | None
Melissa | None
Jessica | None
Johnny | None
Jake | None
Josh | None
Cornelius | None
Christopher | None
Elena | None
Ric | None
Daisy | None
Sesha | None
Babien | None
Desiree | None
Conor | None
Christopher | None
Carson | None
Angei | None
Kelly | None
Aaron | None
Avia | None
Joshua | None
Paul | None
Nima | None
Kirk | None
Nicholas | None
Ilya | None
Candis | None
Kora | None
Powell | None
Erin | None
Michael | None
Peter | None
Christy | None
Cheri | None
Jessica | None
Jaeda | None
Eric | None
Brandon | None
Avnish | None
Sam | None
Ariana | None
Franklin | None
Jordan | None
Beth | None
Vanessa | None
Kerry | None
Robert | None
Brett | None
Jack | None
Avery | None
Victor | None
Lindsey | None
Adnan | None
Kavitha | None
Sepehr | None
Kash | None
Casimir | None
Miguel | None
Holly | None
John | None
Drake | None
Destiny | None
Cody | None
Bailey | None
Austin | None
Sreenath | None
Megan | None
Elizabeth | None
Emily | None
Alayna | None
Mat | None
Ajay | None
Geetanjali | None
Sidney | None
Taylor | None
Galina | None
Michael | None
Aaron | None
Grayson | None
Halle | None
Susan | None
Dominik | None
Joe | None
Emma | None
Celina | None
James | None
Yevgeniya | None
Dave | None
Hailey | None
Eric | None
Jonathan | None
Roxy | None
Ueda | None
Patrick | None
Matthew | None
Lauren | None
Julia | None
Jane | None
Jeffrey | None
Drew | None
Josh | None
Patrick | None
Bradley | None
Amber | None
Jeremy | None
Daniel | None
Matthew | None
LO | None
Benjamin | None
Kripa | None
Oscar | None
Laquita | None
Noelle | None
Kaylor | None
Kirk | None
María | None
Madison | None
Aaron | None
Lucille | None
Nick | None
Caleb | None
Netanel | None
Michaela | None
James | None
Aletha | None
Dan | None
Rosa | None
Melissa | None
Skyler | None
Leanne | None
Manisha | None
Daniel | None
Daniel | None
Valeria | None
Eliana | None
Jon | None
Robert | None
Alan | None
Katie | None
Amy | None
Bob | None
Brock | None
Carlos | None
Amber | None
Ana | None
Aaron | None
Victoria | None
Kasey | None
Alaina | None
Lindsey | None
Nichole | None
Bradley | None
Sommer | None
Daniela | None
Anna | None
Jon | None
Walter | None
Ty | None
Adam | None
Tim | None
Will | None
Michael | None
victor | None
Tamara | None
Cassidy | None
Chloe | None
Christina | None
Christopher | None
David | None
George | None
Jack | None
Jamie | None
Jasmaine | None
John | None
Karen | None
Lance | None
Mark | None
Michielle | None
Mike | None
Sarah | None
Sarah | None
Thalia | None
David | None
Robert | None
Aaliyah | None
Michael | None
Tom | None
John | None
Haley | None
Escarle | None
Mahmoud | None
Ana | None
Jeremy | None
Zoey | None
Anthony | None
Richard | None
Claire | None
Matthew | None
Jacque | None
Megan | None
Steven | None
Laura | None
Jennifer | None
Isaiah | None
Heather | None
Cecilia | None
Kevin | None
Sadie | None
Rachel | None
Reyhanna | None
Ruth | None
Patricia | None
Christian | None
Payton | None
Daniel | None
Carolina | None
Tyler | None
Jack | None
Arielle | None
Freddy | None
Daniela | None
Ivan | None
Hector | None
Nathan | None
Reginald | None
Samantha | None
Diego | None
Nicholas | None
Vivian | None
Alex | None
Paul | None
Ericka | None
Daniel | None
Jay | None
Jacob | None
Ricardo | None
Vanessa | None
Gustavo | None
Valerie | None
Joanna | None
Mark | None
Jenay | None
Israel | None
Gina | None
Rocco | None
Anikka | None
Molly | None
Cara | None
Jonae | None
Tana | None
Eduardo | None
Brooke | None
Claire | None
John | None
Brittany | None
Kaylyn | None
Raquel | None
Max | None
Drew | None
Melissa | None
Anthony | None
Christian | None
Jonathan | None
Jonathan | None
Sonya | None
Shafer | None
Sky | None
Emily | None
Nicholas | None
Lynn | None
Kyra | None
Kereem | None
Jennifer | None
Farah | None
Evie | None
Eugene | None
Rebecca | None
Delana | None
Briana | None
Barry | None
Ashley | None
Andres | None
Andrene | None
Alyssa | None
Peri | None
Angie | None
Emma | None
Colby | None
Samantha | None
Connor | None
Sunny | None
Riikka | None
Kelly | None
Loran | None
Craig | None
Chris | None
Alex | None
nicole | None
miley | None
Mohan | None
Harsh | None
Sowmya | None
Archana | None
Priyanka | None
lasya | None
Medha | None
KARLEIGH | None
Kajol | None
Claudia | None
Mohan | None
Andrea | None
Lynsey | None
Tevil | None
Dipal | None
Brady | None
P | None
Alicia | None
Alex | None
uzanne | None
Suzanne | None
Jason | None
monier | None
Monier | None
Mohammed | None
Melissa | None
Melissa | None
Melissa | None
Lydia | None
max | None
Max | None
Mark | None
Lucy | None
Neha | None
Melaney | None
Neha | None
Vince | None
Noah | None
Zandy | None
zak | None
Yana | None
lucas | None
tom | None
Stephanie | None
neha | None
Shannon | None
Sara | None
Samantha | None
Ryan | None
richard | None
Rebecca | None
Paxton | None
Sarah | None
LaReesa | None
Meera | None
kori | None
Bonnie | None
Bhavna | None
Bernice | None
kyle | None
Audrey | None
Ann | None
Amanda | None
Amanda | None
Alyssa | None
Allison | None
Allison | None
Alicia | None
Alexandra | None
Alexander | None
Aimee | None
Addie | None
Tevin | None
TOM | None
Zak | None
Matt | None
Patrick | None
David | None
Jeff | None
Katherine | None
Bralynn | None
Brendan | None
karen | None
Candice | None
Diane | None
Divna | None
Brendon | None
Eli | None
eli | None
gary | None
Jackie | None
jessica | None
Deborah | None
Daniel | None
John | None
Danial | None
Conner | None
jordan | None
Julie | None
julie | None
Karen | None
Conner | None
Karina | None
Katherine | None
Kori | None
Chelsey | None
Chelsey | None
Carson | None
Debra | None
Deborah | None
Sharon | None
Dan | None
Sharon | None
Kamaria | None
Meca | None
Mark | None
Mark | None
David | None
Rose | None
Arno | None
tamara | None
Alex | None
Courtney | None
Shannon | None
andrew | None
donald | None
joshua | None
paul | None
stephanie | None
joseph | None
John | None
Paige | None
Cassandra | None
Ally | None
Alexia | None
Catherine | None
Christian | None
Auriel | None
Nishant | None
Katie | None
Shwetha | None
Denise | None
Mike | None
Dymahdi | None
Riley | None
Maria | None
Kelly | None
Lauren | None
Erin | None
Lee | None
Dutch | None
Brandon | None
Gabrielle | None
Lana | None
Patreeya | None
Clara | None
Adriana | None
Pamela | None
Francesca | None
Rebecca | None
Sydney | None
Erika | None
Aubree | None
Claire | None
Dhruv | None
Alina | None
Shanshan | None
Patrick | None
Alisha | None
Stephanie | None
David-Anthony | None
Nicki | None
Kara | None
Andrew | None
Jolie | None
Tyler | None
Elaine | None
Jordan | None
Adam | None
Dara | None
Zo | None
Noel | None
Cambre | None
Ella | None
Summer | None
Caroline | None
Harry | None
Sarah | None
Justin | None
Elizabeth | None
James | None
Chayanne | None
Victoria | None
Josh | None
Renata | None
Larissa | None
Larissa | None
Carla | None
Sterling | None
Conor | None
David | None
Jeffrey | None
Ken | None
Devender | None
Luis | None
Rob | None
Percy | None
Eric | None
Richard | None
Roshanie | None
Joshua | None
Floyd | None
Tony | None
Laurence | None
DeAirah | None
Cavanaugh | None
Michelle | None
Inthikab | None
Curtis | None
Jurisha | None
Mahdi | None
Pankil | None
Kenneth | None
Maricar | None
Michael | None
Kevin | None
Ricardo | None
Dan | None
Jabril | None
Jacqueline | None
Craig | None
Ward | None
Joel | None
Andrew | None
Wardell | None
Paul | None
Jequetta | None
Anthony | None
Tammy | None
Chrystal | None
Henry | None
Dante | None
Jason | None
Pierre | None
Justin | None
Shawn | None
Chris | None
Carter | None
Sara | None
Steve | None
Kyle | None
Sherry | None
Mark | None
Brian | None
Jim | None
Shantikwa | None
Karen | None
Randy | None
Louna | None
Betsy | None
Brian | None
Rich | None
Naheed | None
Christopher | None
Ernestine | None
Kenneth | None
Terri | None
Chris | None
Shawn | None
Remi | None
Michele | None
Justin | None
Bertus | None
Tammy | None
Dave | None
Daniel | None
Anthony | None
Perry | None
Scott | None
Kennard | None
Robert | None
Ross | None
Derrick | None
Jill | None
Tj | None
Terry | None
Jeffrey | None
Ted | None
Bill | None
Brian | None
Jonathan | None
Richard | None
Deah | None
George | None
Reggie | None
Peter | None
Pablo | None
Guy | None
Bruce | None
Craig | None
Catrina | None
Jessia | None
Grace | None
Rick | None
Cory | None
Jasmine | None
Krissi | None
Adrian | None
Katie | None
James | None
Sabrina | None
Sarah | None
Robert | None
Ariana | None
Devin | None
Wesley | None
Kayla | None
Veronica | None
Olivia | None
John | None
Amber | None
Jennifer | None
Donna | None
Paula | None
Brittiany | None
Tommy | None
Jim | None
Crystal | None
Colleen | None
Alejandra | None
Michael | None
Paul | None
Sabrina | None
Mondo | None
jp | None
Taylor | None
Sarah | None
hayley | None
Janet | None
mackenzie | None
kristin | None
Jada | None
Julika | None
Elizabeth | None
Whitney | None
Samantha | None
Pete | None
MacKenzie | None
Corbett | None
Alicia | None
timothy | None
thomas | None
tatiana | None
tabitha | None
stephanie | None
nicholas | None
Eileen | None
MacKenzie | None
Kelly | None
Stephanie | None
Anna | None
kelly | None
Amanda | None
Connor | None
Thomas | None
Jacob | None
Tabitha | None
Chad | None
Crystal | None
Hayley | None
Kristin | None
Anna | None
JP | None
Elizabeth | None
Timothy | None
Tatiana | None
Benjamin | None
elizabeth | None
MacKenzie | None
Morgan | None
Summer | None
Angus | None
Timothy | None
Nicholas | None
JP | None
Brian | None
Julika | None
Amanda | None
Mondo | None
Sarah | None
Lynsey | None
Chad | None
Alexa | None
John | None
Taylor | None
Reed | None
Jim | None
Timothy | None
Benjamin | None
Crystal | None
Darien | None
Erika | None
Gillian | None
Hannah | None
Zackary | None
Janet | None
Jennifer | None
Kristin | None
Michael | None
Ronnesha | None
Susanna | None
Sydney | None
Ricky | None
Benjamin | None
Shekeria | None
Janaye | None
Adrian | None
Ben | None
Elizabeth | None
Emma | None
Hugo | None
Jordan | None
Jordan | None
Ann | None
Kathryn | None
Rachel | None
Tyler | None
darien | None
hayley | None
angus | None
ann | None
anna | None
cassidy | None
connor | None
darien | None
Lauren | None
Hayley | None
angus | None
Tabitha | None
Vaishnavi | None
Jacob | None
Stephanie | None
Nicholas | None
Elizabeth | None
Ann | None
Eileen | None
Elizabeth | None
Jacob | None
Kelly | None
Hayley | None
Tatiana | None
Connor | None
MacKenzie | None
Cassidy | None
JP | None
Crystal | None
Kristin | None
Timothy | None
Jada | None
Thomas | None
Anna | None
latosia | None
Josh | None
Clifford | None
Trent | None
Juliana | None
Maeve | None
Carlee | None
Josiah | None
Julia | None
Hunter | None
Jonathan | None
Andrew | None
Madeline | None
Vanessa | None
Tori | None
Kelly | None
Jennifer | None
amba | None
Kurt | None
John | None
Kaitlin | None
Tanner | None
Evan | None
Alexis | None
Ivaylo | None
Brian | None
Kathy | None
aly | None
amith | None
anirudh | None
Kameron | None
ansul | None
Taylor | None
Mark | None
Gabby | None
Patrick | None
armistead | None
Ayana | None
Kendra | None
Bryan | None
Emily | None
Ashleigh | None
Kalena | None
Kevin | None
Adrian | None
Edgar | None
Tia | None
Danika | None
Jamilee | None
Chris | None
DAndre | None
Alexander | None
Timothy | None
Vijay | None
Andrew | None
Greysun | None
Tim | None
Brooke | None
Ja'Darius | None
Isabella | None
Jessica | None
Anthony | None
Sam | None
Dane | None
Jack | None
Dominic | None
Laura | None
brad | None
Jason | None
brittany | None
Garret | None
Kelli | None
Stephen | None
Robert | None
Myles | None
Mindy | None
Midori | None
Michael | None
Lyndsey | None
Kyle | None
Kaycee | None
John | None
John | None
Jillian | None
vrushab | None
Jess | None
Jacob | None
Gabby | None
Edona | None
DAVID | None
Daniel | None
Daniel | None
Dan | None
Christopher | None
Christopher | None
Brian | None
Bobby | None
Aubrie | None
Alexandria | None
Tiffany | None
Melissa | None
brionna | None
vince | None
tejinder | None
bryan | None
cameron | None
cara | None
carlee | None
christina | None
coryssa | None
courtney | None
de’andria | None
desanta | None
dhanashri | None
divya | None
elizabeth | None
grace | None
hope | None
terrlyn | None
hozaifa | None
joelle | None
julian | None
kamaiya | None
katie | None
maram | None
pooja | None
sagarbala | None
sameena | None
sayali | None
sheethal | None
simon | None
sonia | None
spoorthy | None
tasha | None
hunter | None
Julie | None
Tiffany | None
sasha | None
Peter | None
James | None
Josiah | None
Ryan | None
Natalie | None
LinkedIn | None
Collin | None
Gabrielle | None
Lauren | None
Skylar | None
Courtney | None
Tess | None
Nathan | None
Rigoberto | None
Nicolas | None
Kaitland | None
Claire | None
Jane | None
Zach | None
Natalia | None
Richard | None
Hailey | None
Paige | None
Nubia | None
Shaine | None
Maggie | None
Sofia | None
Deborah | None
Michael | None
Megan | None
Brian | None
Brianna | None
Lori | None
Raul | None
Emily | None
Kelsy | None
Donna | None
Monica | None
Kurt | None
Erika | None
Tony | None
Rachael | None
Robert | None
Yodit | None
Desiree' | None
Chris | None
Pamela | None
Christina | None
Rebecca | None
Zandrea | None
Cain | None
Jessica | None
Courtney | None
Teleka | None
Kalli | None
Owen | None
Jessica | None
Angela | None
Stephanie | None
Kendall | None
Madison | None
Hrut | None
Ritesh | None
Olivia | None
Haley | None
Kevin | None
Alfie | None
Anna | None
Ja | None
David | None
Kain | None
Jolene | None
Kristen | None
Ryan | None
Tony | None
Robin | None
Nicole | None
Colson | None
Susan | None
Stevie | None
Chad | None
Alexa | None
Denio | None
Brooke | None
Ryan | None
Derek | None
Diana | None
Avery | None
Ivaylo | None
Parker | None
Victor | None
Juliana | None
Chris | None
Saad | None
Alan | None
Nicole | None
Stephanie | None
Rachel | None
Ryan | None
William | None
Jack | None
Alexa | None
Alejandra | None
Jontelle | None
Anna | None
Garrett | None
Nick | None
Samantha | None
Katrina | None
Mimi | None
Trinh | None
Maria | None
David | None
Brianna | None
Ashley | None
Brooklyn | None
Sarah | None
Srimanram | None
Ryan | None
John | None
Brad | None
Kyonna | None
Ryan | None
Tanner | None
Payton | None
Joey | None
Shannon | None
Sara | None
Taylor | None
Jack | None
Tyler | None
Grace | None
Zimel | None
Brandon | None
Trevor | None
Abby | None
Jesus | None
Shea | None
Austin | None
Brian | None
Brianna | None
Jennifer | None
Gina | None
Kate | None
DJ | None
Niclas | None
Rebecca | None
Nick | None
Adrian | None
Joe | None
Jeff | None
Michael | None
Tyler | None
Wheeler | None
Evan | None
Alli | None
Tanner | None
Carlos | None
Klaudia | None
Jessica | None
Brian | None
Rebecca | None
Robert | None
Keith | None
Litta | None
Chelsea | None
Sydney | None
Katie | None
Kesia | None
Lauren | None
Patrick | None
John | None
Nick | None
Megan | None
Riley | None
Carley | None
Lainey | None
Meghan | None
Misty | None
Sharon | None
Margaret | None
Alissa | None
Trey | None
Taylor | None
Leah | None
Michael | None
Lizet | None
Anna | None
Jasmyne | None
Nathan | None
Emily | None
Kirk | None
Jada | None
Tressie | None
Michael | None
Bryan | None
Victor | None
Kyla | None
Quintara | None
Carl | None
Eric | None
Jacob | None
Jay | None
Darion | None
Sarah | None
Thomas | None
Bree | None
Devin | None
Garrett | None
Ciaran | None
Tasha | None
Joshua | None
Matilde | None
Traci | None
Stephen | None
Julia | None
Kyle | None
Nathan | None
Aaron | None
Maeve | None
Jordan | None
Boston | None
Natasha | None
Tori | None
Kristen | None
Rachael | None
Jasmyne | None
Travis | None
Zack | None
Izzy | None
Lenny | None
Kurt | None
Amanda | None
Kyle | None
Danielle | None
Bailey | None
Takia | None
Tommy | None
Meghan | None
Emily | None
Eric | None
David | None
Liz | None
Amber | None
Jocelenn | None
Colby | None
Alex | None
Victoria | None
Madison | None
Cassandra | None
Margie | None
Dhara | None
Marisol | None
Gabrielle | None
Nicolas | None
Aeden | None
Ruby | None
Lauren | None
Paul | None
Timothy | None
Ilouna | None
Becca | None
Steven | None
Nicholas | None
Kayla | None
Shelby | None
Taylor | None
Tatyane | None
Michael | None
Halle | None
Cydney | None
Jason | None
Madeline | None
Finn | None
Vic | None
Satoshi | None
Aiko | None
Syrah | None
Dee | None
Heather | None
Alexandria | None
Jensma | None
Vinny | None
Tyler | None
Boaz | None
Lauren | None
Caroline | None
Bianca | None
Kate | None
Alexis | None
Christy | None
Adon | None
Vincent | None
Morgan | None
Luke | None
Ashley | None
Sophie | None
Christal | None
Haley | None
Paige | None
Paige | None
Chad | None
Tori | None
Jaret | None
Alex | None
Dani | None
Lisa | None
Delaini | None
Sam | None
Allyson | None
Catherine | None
Brendon | None
Bret | None
Alex | None
Madeleine | None
Brandon | None
Allison | None
Jasmine | None
Trent | None
Nyree | None
Kelly | None
Kaitlin | None
Caroline | None
Aniyah | None
Andrea | None
Lauren | None
Corrin | None
Jay | None
Megan | None
Mikayla | None
Azia | None
Danielle | None
Kelly | None
Sindhu | None
Jessica | None
Mark | None
Christina | None
Tanner | None
Nick | None
Samantha | None
Nicholas | None
Alissa | None
Alexa | None
Carlee | None
Nicole | None
Siara | None
Alex | None
Esnarda | None
Timothy | None
Ananda | None
Raleigh | None
Nick | None
Jessica | None
Tanner | None
Maria | None
Alyssa | None
Jarett | None
Ellen | None
Jared | None
Edan | None
Tatum | None
Charlotte | None
Branden | None
Ali | None
Eric | None
Debbie | None
Jesse | None
Morgan | None
Nicholas | None
Kyle | None
Lance | None
Hanna | None
Amanda | None
Raymond | None
Jennifer | None
Sarah | None
Cody | None
Tim | None
Brent | None
McKay | None
Michael | None
Faith | None
Delaney | None
Sam | None
Crystal | None
Madeline | None
Giavanni | None
Gibrill | None
Jillian | None
Derek | None
Stephen | None
Hannah | None
James | None
Samuel | None
Alexis | None
Aly | None
Ben | None
John | None
Himali | None
Mitch | None
Logan | None
Jon | None
Alexis | None
Angela | None
Frank | None
Miguel | None
Jake | None
Michael | None
Lexie | None
Michael | None
Halle | None
Lauren | None
Susan | None
Lauren | None
Ryan | None
Daija | None
Carla | None
Jermaine | None
Bill | None
Tyler | None
Cody | None
Rebecca | None
Jenna | None
Brianna | None
Amanda | None
Deborah | None
Kyle | None
Felicia | None
Tyler | None
Heather | None
Alexa | None
Mackenzie | None
Danielle | None
Ashley | None
Luke | None
Kiera | None
Kadee | None
Brooke | None
Jacqueline | None
Sydney | None
Robbie | None
Tom | None
Daniel | None
Michael | None
Melissa | None
Shawnie | None
Amy | None
Mike | None
Brynn | None
Dana | None
Aaron | None
Jermaine | None
Junsheng | None
Kenneth | None
Jonathan | None
Crystal | None
Christos | None
Jim | None
Frank | None
David | None
Andrew | None
Jon | None
Joe | None
Matt | None
Vijay | None
Dylan | None
Haleigh | None
David | None
Robert | None
Carly | None
Bridget | None
Lauren | None
Sana | None
Juan | None
Matthew | None
Tyler | None
Jahniya | None
Kaycee | None
Sowmya | None
Devon | None
Meredith | None
Christa | None
Kristen | None
Dave | None
Carlin | None
Aqil | None
Dennis | None
kimberly | None
Nikki | None
Amanda | None
Nichole | None
Elise | None
Jeff | None
Zack | None
Zackary | None
Lindsay | None
Jack | None
Barri | None
Kimberley | None
Gwyn | None
Chloe | None
Amanda | None
Katharine | None
Jared | None
Layton | None
Madison | None
Jonathan | None
Surbhi | None
Erin | None
Kristina | None
Richard | None
Hannah | None
Chelsea | None
Jeffrey | None
Chivy | None
Melissa | None
Barri | None
Gwyn | None
GD | None
Renu | None
Phillip | None
Baher | None
Layton | None
Kruti | None
Jason | None
Sandy | None
Mary | None
Holly | None
Jeff | None
Alex | None
Hannah | None
Liz | None
Alex | None
Veronica | None
Alex | None
Debbie | None
Ashlee | None
Jenise | None
Kimberly | None
Anthony | None
Lucas | None
Kristen | None
Jason | None
Justin | None
Adam | None
Rachel | None
Kim | None
Julio | None
Ryan | None
Tara | None
Maximilian | None
Laura | None
Donna | None
Travis | None
Trisha | None
Jermel | None
Shabnam | None
Jagjit | None
Payton | None
Kaitlyn | None
Chanda | None
Mary | None
Jacqueline | None
Dave | None
John | None
Lisa | None
Halyn | None
Jonathan | None
Amanda | None
Rachel | None
Kevin | None
Elise | None
Benjamin | None
Beatrix | None
Chivy | None
Roman | None
Mary | None
Jose | None
Brian | None
Lindsay | None
Rander | None
Jennifer | None
Antonise | None
Douglas | None
Emily | None
Reid | None
Jim | None
Jamie | None
Matt | None
Kiki | None
Kimberly | None
Miriana | None
Dr. | None
Regina | None
Payton | None
Kent | None
Renu | None
Kristen | None
Kyle | None
Darla | None
Kimberley | None
Chelsea | None
Nicole | None
Jack | None
Amanda | None
John | None
Matthew | None
Michael | None
Maura | None
Barri | None
Matt | None
Beatrix | None
Jason | None
Regina | None
Zack | None
Alyssa | None
Sarah | None
Kelsey | None
Hannah | None
Taylor | None
Ashlee | None
Justin | None
Melanie | None
Lizzie | None
Priya | None
Darla | None
Ashton | None
Samantha | None
Kelsey | None
Jeffrey | None
GD | None
Jen | None
Emily | None
Kara | None
Chloe | None
Mary | None
Sandy | None
Kaitlyn | None
Jamie | None
Kristina | None
Irina | None
Maximilian | None
Miriana | None
Samantha | None
Hannah | None
Madison | None
Nichole | None
Erin | None
Kyle | None
Edwin | None
Sarah | None
Josh | None
Chivy | None
Rachel | None
Nichole | None
Antonise | None
Alyssa | None
Josephine | None
Jennifer | None
Jackeline | None
Idiana | None
Steve | None
Jill | None
Teresa | None
Frank | None
Chanin | None
Allison | None
Christopher | None
Nancy | None
Andrea | None
Tina | None
Nathan | None
Nelson | None
Isrrael | None
Adriana | None
yesenia | None
Aashal | None
Tatiana | None
Stacey | None
spring | None
Shanna | None
Samuel | None
Rolando | None
Nikki | None
NICKI | None
Megan | None
Marie | None
Lauren | None
Unnati | None
Kimberly | None
Laiza | None
Angela | None
Beatriz | None
Brad | None
Brianna | None
Candice | None
Chris | None
Emily | None
Daniela | None
Jackeline | None
Karen | None
Katie | None
Customer | None
Kay | None
Ivan | None
Alex | None
Sarah | None
Seth | None
Tepi | None
Tommy | None
Kyle | None
Samantha | None
Paolo | None
Robert | None
Emily | None
Tyler | None
Patrick | None
Lauren | None
Molly | None
Maggie | None
Kyle | None
Jason | None
Hannah | None
Charles | None
Anjani | None
Alyssa | None
Adam | None
Greg | None
Nida | None
Chris | None
Aelish | None
Colleen | None
Brittany | None
Madison | None
Scott | None
Carly | None
TJ | None
Chris | None
Monika | None
John | None
Manoj | None
Joshua | None
Adolfo | None
Anthony | None
Todd | None
David | None
Rich | None
Cindy | None
Anthony | None
nikhil | None
Noa | None
Kennedy | None
Isabella | None
Nikhil | None
Max | None
Abby | None
John | None
Bill | None
Daniel | None
Amy | None
Shradha | None
Sasha | None
Sophia | None
Sarah | None
Robert | None
Rich | None
Ryan | None
Patrick | None
Monika | None
Kieran | None
John | None
Olivia | None
Joe | None
Jeff | None
Elliot | None
David | None
Daniel | None
Aelish | None
Adam | None
Mackenzie | None
Ali | None
Natasha | None
Eileen | None
Ryan | None
Jake | None
Destiny | None
Patrick | None
Sarah | None
Travis | None
Brian | None
Shilpa | None
TJ | None
Nathan | None
Kayla | None
Brandon | None
Stephanie | None
Stephanie | None
Sean | None
Zoe | None
Nicholas | None
Sean | None
Samir | None
Ryan | None
Rachel | None
Mandie | None
Liliana | None
Justin | None
Jeff | None
Jack | None
Grady | None
David | None
David | None
Sasha | None
Megan | None
Elliot | None
Steven | None
Tim | None
Solina | None
Jennie | None
Fred | None
Vanessa | None
Hannah | None
Angela | None
Kelly | None
Amanda | None
Tim | None
Larry | None
Jarrett | None
Hunter | None
James | None
Paul | None
Michael | None
Hannah | None
Jake | None
David | None
Denise | None
Jennifer | None
Taylor | None
Solina | None
Alex | None
Sagar | None
Marianna | None
Liliana | None
Monroe | None
Marc | None
Greg | None
Arthur | None
Russell | None
Elizabeth | None
Adrienne | None
Jim | None
Oghenewegba | None
Valerie | None
Kathryn | None
Karen | None
David | None
Raouf | None
Kristine | None
April | None
Hayley | None
Sebastiano | None
Adrienne | None
Jessica | None
Matt | None
Rick | None
Samantha | None
Scott | None
Atlantic | None
Kristine | None
Kristine | None
Jack | None
Hayley | None
Elizabeth | None
Damien | None
Barry | None
Arthur | None
Otto | None
Amy | None
Robert | None
Chief | None
Valerie | None
Robert | None
Marc | None
Kerri | None
Gabriela | None
Brenda | None
Joshua | None
William | None
Michael | None
David | None
Karen | None
Monroe | None
Gabrielle | None
Nicole | None
John | None
James | None
Kim | None
Fred | None
Rafael | None
Abrahan | None
Gabrielle | None
Damien | None
Belem | None
Gabriela | None
Joshua | None
Oghenewegba | None
Kim | None
Chief | None
Federico | None
Kathryn | None
Abrahan | None
Russell | None
Raouf | None
Greg | None
Dorothy | None
Arthur | None
Otto | None
Rafael | None
Nicholas | None
Mike | None
John | None
Gene | None
Prashant | None
Shamsudeen | None
Sandra | None
Jacquie | None
Vicki | None
Jarmila | None
Dauniel | None
Cecilia | None
John | None
Steve | None
Cleve | None
Brian | None
Krzysztof | None
Zuzana | None
Karla | None
Mary | None
Pratiksha | None
Tomas | None
Conor | None
Michael | None
Chris | None
Kristina | None
Lisa | None
Rishi | None
Miranda | None
Michelle | None
Arnise | None
Rebecca | None
Farhaaz | None
Chirag | None
Neel | None
Neha | None
Thomas | None
Lucky | None
Jim | None
Bipra | None
Kyle | None
Craig | None
Mary | None
Aaliyah | None
Vibhuti | None
Alba | None
Kristina | None
Gitika | None
Scott | None
Bill | None
MarySue | None
Alap | None
Tomáš | None
Yashvika | None
Caroline | None
Lisa | None
Zuzana | None
Amaury | None
Yuliia | None
Liz | None
Gajen | None
Brian | None
Lisa | None
Kaitlyn | None
Erik | None
Brian | None
Jacqueline | None
Bryant | None
Kendall | None
Michael | None
Jack | None
Olivia | None
James | None
Rachel | None
Juliana | None
Ilda | None
Marlene | None
Fabrice | None
Rosalie | None
Daniela | None
Benjamin | None
Yamillette | None
Emma | None
Heather | None
James | None
Madeleine | None
Christian | None
Erin | None
James | None
Taryn | None
Madeleine | None
Greg | None
Joseph | None
Lisa | None
Sara | None
Jamie | None
Samuel | None
Patrick | None
Montana | None
Mike | None
Matthew | None
Madeleine | None
Steven | None
Lisa | None
Heather | None
Ethan | None
Danica | None
Blaise | None
Andrew | None
Alexander | None
Lauren | None
Taryn | None
Zo | None
John | None
Nicholas | None
Lawrence | None
Jaisy | None
Shelby | None
Michael | None
Connor | None
Derek | None
Erin | None
Daniele | None
Ruth | None
Chloe | None
Joehan | None
Jack | None
Maddie | None
Jake | None
Anthony | None
Maria | None
K.C. | None
Avery | None
Tetiana | None
Oleksandra | None
Mike | None
Adam | None
Fahmi | None
Kelly | None
Adrian | None
Irene | None
Chris | None
Amy | None
Karen | None
Jerilyn | None
Mandy | None
Mike | None
Rachel | None
Patrick | None
patrick | None
Spencer | None
Jennifer | None
Paige | None
Jason | None
Rachel | None
Richard | None
Fabien | None
Kyle | None
Joseph | None
Anna | None
Anupma | None
Ashu | None
Kimberly | None
Alan | None
Rebecca | None
Erica | None
Romina | None
M | None
Faith | None
Brielle | None
Emily | None
Madeline | None
Jewell | None
Ella | None
Zaria | None
brianna | None
hannah | None
jack | None
Lexie | None
Sarah | None
Lauren | None
Elizabeth | None
Vanessa | None
Chelsea | None
lauren | None
Lauren | None
Eliza | None
Callie | None
Zach | None
Marsha | None
Melissa | None
Gabriella | None
Sara | None
Michael | None
Florence | None
Nicole | None
Ashley | None
Tanya | None
madeline | None
Tiffany | None
noelia | None
Jenna | None
Joshua | None
Kaileigh | None
Katie | None
Kelli | None
Lauren | None
James | None
Marissa | None
Michele | None
Morgan | None
Olivia | None
Rachel | None
Sarah | None
Marc | None
Megan | None
Heather | None
Gabby | None
Deanna | None
rafiullah | None
sara | None
tina | None
Alexandra | None
Alexandra | None
Amelia | None
Anthony | None
Arielle | None
Atrium | None
Bardi | None
Bella | None
Billy | None
Chelsea | None
Christine | None
Christine | None
mahesh | None
Brian | None
Nicole | None
Trish | None
Isabella | None
Jennifer | None
LinkedIn | None
Brad | None
Nicole | None
Brielle | None
Lauren | None
Sara | None
Brenell | None
Jack | None
Jori | None
Faith | None
Christina | None
Kinley | None
Heather | None
Carrie | None
Danielle | None
Colleen | None
Jenna | None
Sara | None
Michele | None
Lauren | None
Andrew | None
Alana | None
Lorenzo | None
Gab | None
Melanie | None
Gillian | None
Marc | None
Catherine | None
Victoria | None
Maryna | None
Richard | None
Ella | None
Nicole | None
Amanda | None
Hannah | None
Sara | None
Michael | None
Sandy | None
Brandi | None
Annmarie | None
Kelsey | None
Cara | None
Kimberlee | None
Gustavo | None
Ed | None
Christie | None
Kinley | None
Olivia | None
Brenell | None
April | None
Dharti | None
Tracy | None
Alana | None
vincent | None
Olivia | None
Teresa | None
Kathryn | None
Brian | None
Jennifer | None
Fran | None
April | None
Nicole | None
Linda | None
Lauryn | None
Eric | None
Adam | None
Cara | None
Bethany | None
Molly | None
Annabelle | None
amanda | None
Eileen | None
Ella | None
Brad | None
Michele | None
Courtney | None
Maryna | None
Brian | None
Sara | None
Graham | None
Brad | None
Alexis | None
Kevin | None
Haleigh | None
Matthew | None
Kristen | None
Marcie | None
Anthony | None
Sabrina | None
Crystal | None
Victoria | None
Jessica | None
Kristen | None
Nicholas | None
Abigail | None
Alexandra | None
Jordin | None
Lori | None
Tanya | None
Charlene | None
Brooke | None
Katie | None
Chelsea | None
Richard | None
Christina | None
Vittorio | None
Brielle | None
Olivia | None
Jaimee | None
Trent | None
Eleanor | None
Lori | None
Danielle | None
Marcie | None
Amanda | None
Jordin | None
Jenna | None
Fiona | None
Teresa | None
Micaela | None
Brenell | None
Nicole | None
Eliza | None
Olivia | None
Marc | None
Ellie | None
Brooke | None
Erika | None
Gab | None
Trish | None
Nicole | None
Ryanne | None
Michele | None
Katy | None
Josh | None
Haley | None
Shannon | None
Fiona | None
Jillian | None
April | None
Megan | None
Brianna | None
Elise | None
Michael | None
Katie | None
Nichole | None
Joanna | None
Erica | None
Sandy | None
Karri | None
Ivan | None
Tracy | None
Kaileigh | None
Victoria | None
Amanda | None
Erika | None
Christopher | None
Vanessa | None
Ryanne | None
Kate | None
Carmina | None
Christopher | None
Danielle | None
Tina | None
Trish | None
Jim | None
Maribeth | None
Matthew | None
Eric | None
Amanda | None
Jenna | None
Courtney | None
Rebecca | None
Haley | None
TELECA | None
Micaela | None
Hailey | None
Ellie | None
Chelsea | None
Maria | None
Michaela | None
Nicole | None
Caylon | None
Gabrielle | None
Eileen | None
Joanna | None
Amy | None
Brendon | None
Kelsey | None
Kayci | None
Olivia | None
Andrew | None
Spencer | None
Sydney | None
Amy | None
William | None
Haley | None
Tanya | None
Angela | None
Erika | None
Brendon | None
Katie | None
Victoria | None
Kaitlin | None
Melitzi | None
Danielle | None
Joanna | None
Jake | None
Chelsea | None
Michele | None
Caylon | None
Nicole | None
Nicole | None
Rebecca | None
Annie | None
Lacey | None
Jonathan | None
Shayna | None
Kate | None
Michaela | None
Catherine | None
Dorian | None
Lauren | None
Brian | None
Eleanor | None
Teresa | None
Will | None
William | None
Mindy | None
Lauren | None
Tracy | None
Victoria | None
Micaela | None
Jessica | None
Marcie | None
Mitchell | None
Courtney | None
Kristen | None
Paulo | None
Sandy | None
Nathale | None
Alexandra | None
Eric | None
Katy | None
Yla | None
Shannon | None
Kevin | None
Michael | None
Brooke | None
Amanda | None
Chelsey | None
Colleen | None
Regan | None
Lori | None
Maribeth | None
Kayci | None
Joseph | None
Scott | None
Marian | None
Tina | None
James | None
Carly | None
Jordin | None
John | None
Ryanne | None
Spencer | None
Priscilla | None
Ellie | None
Kevan | None
Jennifer | None
Olivia | None
Karri | None
Faith | None
Carmina | None
Sean | None
Erica | None
Gab | None
Matthew | None
Amy | None
Peter | None
Elizabeth | None
Heather | None
Christopher | None
Jenna | None
Cameron | None
Parker | None
Jori | None
Kaitlyn | None
Jillian | None
Hannah | None
Carrie | None
Kate | None
Tina | None
Jessica | None
Shannon | None
Lorenzo | None
Jenna | None
Christie | None
Erin | None
Christopher | None
Danielle | None
Nichole | None
Joanna | None
Amanda | None
Jack | None
Fiona | None
Jennifer | None
Melanie | None
Kaitlyn | None
Gabrielle | None
Alexandra | None
Annmarie | None
April | None
Alyssa | None
Kathryn | None
Amanda | None
Elise | None
Andrew | None
Alexis | None
Mahesh | None
Melanie | None
Victoria | None
Maria | None
Gillian | None
Kaitlyn | None
Jonathan | None
Chris | None
Sam | None
Georgette | None
Kristi | None
Preston | None
Kora | None
Jenifer | None
Angela | None
Andrew | None
Shannon | None
Alexander | None
Angela | None
Ellen | None
Ryan | None
Annalyn | None
Daniel | None
Kaija | None
Jack | None
Jaak | None
April | None
Joseph | None
Aimee | None
Hannah | None
Jennifer | None
Samantha | None
Dave | None
Kimberly | None
Morgan | None
Courtney | None
Caroline | None
Luke | None
Michael | None
Kirsten | None
Brenda | None
Kathryn | None
Traci | None
Amy | None
Mitchell | None
Aren | None
Michael | None
Kaila | None
Harry | None
Melissa | None
Jerry | None
Anuj | None
Eivind | None
Lisa | None
Erica | None
Beth | None
Cheryl | None
Beth | None
Brielle | None
AJ | None
Alexander | None
Shannon | None
Angela | None
Wyre | None
Justin | None
Doug | None
Philynda | None
Nickey | None
Claire | None
David | None
Ingrid | None
Nate | None
Nick | None
Susan | None
Dan | None
Katie | None
Kara | None
Suri | None
Brandon | None
Francis | None
Rebecca | None
Vanessa | None
Quoc | None
Chris | None
Elizabeth | None
Ron | None
Maurice | None
Martha | None
Paula | None
Jenny | None
Hannah | None
Alexander | None
Martina | None
Dr. | None
Kora | None
Kara | None
Melany | None
Kenneth | None
Leidy | None
Jennifer | None
Mark | None
Taylor | None
Carey | None
Jerry | None
Bill | None
Kawaldeep | None
Chris | None
Elizabeth | None
Karl | None
Grant | None
Preeti | None
Jim | None
Zachary | None
Fateem | None
Vanessa | None
Ryan | None
Yonas | None
Leydi | None
Phil | None
Makenzie | None
Steven | None
Chris | None
Ted | None
Nicole | None
Matthew | None
Ashley | None
Mark | None
Paul | None
Beth | None
sweta | None
kathy | None
brielle | None
Christopher | None
Stephen | None
Timothy | None
Josh | None
Daniel | None
Matthew | None
Stacy | None
Susan | None
Kyle | None
Weston | None
Bill | None
Maureen | None
Vincent | None
Kristi | None
Tracie | None
Jonathan | None
Jesse | None
Chris | None
Trevor | None
Jim | None
Maya | None
Christine | None
Tom | None
Shannon | None
Kenneth | None
Steven | None
Emily | None
Chris | None
Jenny | None
Dennis | None
Katherine | None
Angela | None
John | None
Chandler | None
James | None
Shannon | None
Bridget | None
Jessica | None
Andrew | None
Alecia | None
Nate | None
Lola | None
Mary | None
Sherry | None
Omar | None
Traci | None
Shania | None
Lucien | None
Stephanie | None
Tylah | None
Ryan | None
Charles | None
Jennifer | None
Lisa | None
Allie | None
Jennifer | None
Jennifer | None
Andrea | None
Melissa | None
Christopher | None
Anthony | None
Kayla | None
Naval | None
Ali | None
Amy | None
Ariadna | None
Carl | None
Heidi | None
Sean | None
Joe | None
Kai | None
Neil | None
Terry | None
Tim | None
Jamein | None
David | None
Julie | None
Lauren | None
Tim | None
Lauren | None
Tonia | None
Julie | None
Nick | None
David | None
Sue | None
Darin | None
Katie | None
Babette | None
Ron | None
Lisa | None
Mike | None
Julie | None
Kathi | None
Jason | None
Holly | None
Bill | None
Anne | None
Claire | None
Lauren | None
Katie | None
Mary | None
Stacey | None
Derrick | None
George | None
Marty | None
Rusty | None
Colette | None
Rhiannon | None
Tyler | None
Scott | None
Anthony | None
Heidi | None
Charlene | None
Jason | None
Vicky | None
Dave | None
Sarah | None
Jim | None
Jeff | None
Mary | None
Mike | None
Kathi | None
Sharon | None
Holly | None
Babette | None
Stacie | None
Tim | None
Angie | None
Bill | None
Michael | None
Laura | None
Diane | None
Ron | None
Kevin | None
Angela | None
Paige | None
Jason | None
Jim | None
Linda | None
Lisa | None
Kristina | None
Sue | None
Colette | None
Mari | None
Stacie | None
Angela | None
Claire | None
Paige | None
Kristy | None
Diane | None
Kristina | None
Heidi | None
Vicky | None
Jason | None
Kristy | None
Mari | None
David | None
June | None
Becca | None
Nancy | None
Danette | None
Lisa | None
Lily | None
Kyle | None
Kennedy | None
Katie | None
Kathryn | None
Katharina | None
Kassie | None
Katarina | None
Jack | None
Julie | None
Jessica | None
Jessica | None
Lorenz | None
Katharina | None
Luke | None
Scarlett | None
Maya-Magdalena | None
Fernando | None
Warren | None
Vincent | None
Vera | None
Tatjana | None
Sven | None
Mariia | None
Steffen | None
Paul | None
Nick | None
Nici | None
Natalie | None
Moritz | None
Milton | None
Sam | None
Dennis | None
Yamina | None
Daria | None
Kayti | None
Phoenix | None
Travis | None
Lindsay | None
Lisa | None
Veronika | None
Alina | None
Dave | None
Jack | None
Zack | None
Peter | None
Vladislav | None
Xenia | None
Despina | None
Sibel | None
Delina | None
Edward | None
Imogen | None
Tonisha | None
Gabriel | None
Travis | None
Joshua | None
Jose | None
Jonny | None
Jonas | None
Jessica | None
Justin | None
Ashton | None
Amr | None
Claire | None
Kayti | None
Lewin | None
Mike | None
Nichole | None
Parker | None
Jacob | None
Holly | None
Gabriel | None
Clarissa | None
Andreas | None
Christy | None
Anna | None
Bettina | None
Adrian | None
George | None
Beheshta | None
Elíf | None
Alec | None
Brandon | None
Carolin | None
Franziska | None
Anthony | None
Hannah | None
Jule | None
Layla | None
Maike | None
Megan | None
Rory | None
Ollie | None
CeCe | None
Bethany | None
Cynthia | None
Corina | None
Collin | None
Cilia | None
Chad | None
Amelia | None
Cagla | None
Calum | None
Samantha | None
James | None
Teresa | None
Bettina | None
Yamina | None
Jacob | None
Jaclyn | None
Hannah | None
Lavinia | None
Nock | None
Moumita | None
Miranda | None
Joshua | None
M | None
Chantle | None
Daniel | None
Lucy | None
Olivia | None
Tom | None
Alecia | None
Tiffany | None
Jennifer | None
Kristy | None
Gerardo | None
Brian | None
Jesse | None
Ulka | None
Christopher | None
Ashish | None
Anudeep | None
Kishore | None
Jason | None
Sam | None
David | None
Atmaram | None
Bryan | None
Kevin | None
Latish | None
MANISH | None
Leslie | None
Darin | None
Eric | None
Magdalena | None
Saravanan | None
Neelan | None
Srinivas | None
Souma | None
David | None
Kannan | None
Faisal | None
Venkat | None
Tanzil | None
Adriana | None
Rajesh | None
Tyler | None
Benjamin | None
Shiv | None
Tanisha | None
Eva | None
Alexander | None
Michael | None
Rajesh | None
Nivetha | None
Zia | None
Denise | None
Meredith | None
Daniel | None
Roger | None
Joe | None
Cary | None
Manikkavel | None
Gerald | None
Mark | None
Ansarul | None
Tom | None
Sahiti | None
Kristin | None
Prasanna | None
Snigdha | None
Glenn | None
Cameron | None
Mike | None
Hannah | None
Teresa | None
Gabrielle | None
Danielle | None
Bradley | None
Quinn | None
Walker | None
Samuel | None
Sano | None
Elle | None
John | None
Tyreese | None
Andy | None
Tyler | None
Robert | None
Mark | None
Jared | None
Justin | None
Alejandro | None
Zahra | None
Josh | None
Sayon | None
Shaifali | None
Matthew | None
Alex | None
Liam | None
Joel | None
Breanne | None
Kellie | None
Niladri | None
Grigori | None
Alice | None
Kyle | None
Brena | None
Pritam | None
Sadie | None
Erin | None
Tommy | None
Scott | None
Carolyn | None
Akhil | None
Peter | None
Heather | None
Mala | None
Lauren | None
Susan | None
Alina | None
Love | None
Emily | None
Jonathan | None
Christopher | None
Ari | None
Marc | None
Taylor | None
Adrian | None
Mike | None
Jacob | None
Prasith | None
Seth | None
Amanda | None
Calli | None
Salil | None
Amanda | None
Ahmed | None
Ryan | None
Gabriel | None
Joana | None
Michele | None
Odile | None
Mary | None
Joshua | None
Michael | None
Vaibhav | None
Keith | None
Logan | None
Nick | None
Esha | None
Brandon | None
Kwaku | None
Christina | None
leila | None
Alexis | None
Piyush | None
Sakina | None
Gabriella | None
Miguel | None
Esiri | None
Paige | None
Tessa | None
jake | None
diandra | None
chrisine | None
Brenda | None
megan | None
Jacci | None
Yadira | None
jessica | None
Aditi | None
Justin | None
Daniel | None
Lyle | None
Kathy | None
Precious | None
Carter | None
AJ | None
Brittney | None
Madhuri | None
Cristina | None
Ben | None
Renee | None
Yonese | None
Kiran | None
Kristen | None
Joem | None
Hanna | None
David | None
Nichole | None
Megha | None
Subrahmanyam | None
Garrett | None
Rita | None
Sushma | None
Hanna | None
Paul | None
Andrew | None
Jess | None
Matthew | None
Yuliia | None
Karyn | None
Sarah | None
giri | None
James | None
Gregg | None
Jeff | None
Timothy | None
Ed | None
Jason | None
Babu | None
Allen | None
Stacy | None
Emily | None
Shloak | None
Ram | None
Jeremy | None
Matthew | None
Genevieve | None
Maureen | None
Cerina | None
Jose | None
Ariana | None
Nick | None
Zach | None
Preston | None
Tom | None
Paige | None
Jake | None
Robert | None
Tammy | None
Azin | None
Alpesh | None
Veronica | None
Sam | None
Karthik | None
Claudia | None
Sudhir | None
Saqqaf | None
Rick | None
Lei | None
Adam | None
Jesse | None
Lee | None
Will | None
Albert | None
Abderrahmane | None
Sarah | None
Nicole | None
Jesse | None
Rory | None
Daniel | None
Maurice | None
Kutub | None
Madeline | None
Jay | None
Sarma | None
Judy | None
Elizabeth | None
Kasia | None
Praveen | None
Shweta | None
Chris | None
Zachary | None
Chris | None
Stephen | None
Bart | None
Donna | None
Rob | None
Diane | None
Ben | None
Valerie | None
Deanna | None
Holly | None
Rob | None
David | None
Stacey | None
Jeremy | None
Prakash | None
Shalini | None
Suzanne | None
Jean | None
Winnie | None
Marian | None
Tanethia | None
Melody | None
Ashish | None
Purva | None
Lynette | None
Michael | None
Lucas | None
John | None
Scott | None
Doug | None
Ejiro | None
Andrea | None
Rajesh | None
Bertha | None
Subha | None
Presley | None
Hamza | None
Barbara | None
Selva | None
Madhuri | None
Nicole | None
Nicholas | None
Lee | None
Claudia | None
David | None
Gurpreet | None
David | None
Minal | None
Johart | None
Grace | None
Char | None
Celine | None
Manisha | None
Shyam | None
Jenee | None
Lizette | None
Joey | None
Chris | None
Destiny | None
Elly | None
Blake | None
Navamy | None
Yuer | None
Ernie | None
Nancy | None
Tripti | None
Alankar | None
Alison | None
Deepak | None
Jordan | None
Miranda | None
Jennifer | None
Julieta | None
Sriram | None
Sally | None
Ian | None
Katrina | None
Abdulhaq | None
Julie | None
Jason | None
Thomas | None
Vijay | None
Daniel | None
Gareth | None
Ryan | None
Jose | None
Dema | None
Jim | None
Jon | None
Ryan | None
Smruti | None
Carla | None
Cal | None
Libby | None
Laura | None
Nicole | None
Gavin | None
Anne | None
Tim | None
Chuck | None
Raymond | None
Nathan | None
Jared | None
Louisa | None
Brian | None
Mark | None
Lori | None
Joby | None
Ed | None
Camille | None
Manish | None
Purnima | None
Monica | None
Kat | None
Andrea | None
Chris | None
Addi | None
Roger | None
Lisa | None
Peter | None
Sharmila | None
Ashleigh | None
Davin | None
Nema | None
StephenG | None
Jonathan | None
Kate | None
Corrine | None
James | None
Mahmudul | None
Aninda | None
Ilin | None
Leslie | None
Hudson | None
Donald | None
Austin | None
Eduardo | None
Jamie | None
Jill | None
Alicia | None
Lisa | None
Naomi | None
Konstantin | None
Anuj | None
Stacy | None
Austin | None
Domenick | None
Rasmus | None
David | None
Jason | None
Ken | None
Rene | None
Carrie | None
Syed | None
Praveen | None
Michael | None
Mohammad | None
Prashanth | None
Samantha | None
Velmurugan | None
Nancy | None
Michael | None
Saurab | None
Pete | None
Anil | None
Travis | None
Lisa | None
Karla | None
Lisa | None
Kristen | None
Vinny | None
Anthony | None
Chris | None
Stephen | None
Jennifer | None
Brad | None
Brian | None
Kevin | None
Lee | None
Brice | None
Mande | None
Tom | None
Stephen | None
Nancy | None
Joshua | None
Mike | None
Colby | None
Kelsey | None
Ateawung | None
Aimi | None
Timur | None
Alex | None
Althea | None
Baishakhi | None
Ishani | None
Kristin | None
Julie | None
Nino | None
Adam | None
Lorin | None
Ernest | None
Priya | None
Kristen | None
Partha | None
Dustin | None
Paul | None
Dipesh | None
Kenneth | None
Michael | None
Thomas | None
Flemming | None
Oluwatimilehin | None
Jay | None
John | None
Shravanthi | None
Yogini | None
Ashish | None
Ryan | None
Valentin | None
Neelam | None
Martin | None
Laura | None
Sudipta | None
Tracy | None
Michael | None
Kartik | None
Carlyle | None
Roy | None
Kate | None
Stephanie | None
Jimmy | None
Sanjeev | None
Ihor | None
Steven | None
Leonid | None
Roderick | None
Jyoti | None
Zach | None
Jinesh | None
Evan | None
Mou | None
Brad | None
Leonard | None
Ray | None
Chuck | None
Kim | None
Nicholas | None
Praveen | None
Angela | None
Julie | None
Gilat | None
Alexander | None
Yvonne | None
Prince | None
Nitin | None
Manjri | None
Venkata | None
Ashley | None
Alex | None
Michael | None
Hafiz | None
Gene | None
Jeremy | None
Hiten | None
Keith | None
Nagendra | None
Tanishk | None
Leontia | None
Moses | None
Krishna | None
Andrew | None
Lesley | None
Gabriela | None
Elizabeth | None
Franklin | None
Ellie | None
Tylicia | None
Terra | None
Gerard | None
Thamara | None
Debbie | None
Jeremy | None
Theresa | None
Krista | None
Mel | None
Kathlene | None
Libny | None
Tyler | None
Karen | None
Vianca | None
Jeniffer | None
Christina | None
Sue-neil | None
Melina | None
Christina | None
Vanessa | None
Gregory | None
Victoria | None
Drew | None
Leah | None
Ana | None
Cynthia | None
Ahmad | None
Jane | None
Daniel | None
Anna | None
Kelly | None
Jennifer | None
Kimberly | None
Paul | None
Stephanie | None
Marisa | None
Emily | None
Megan | None
Cristine | None
Ashley | None
Michelle | None
Ada | None
Marcela | None
Sara | None
Paula | None
Michael | None
Alexander | None
Carolyn | None
Sarah | None
Imani | None
Cynthia | None
Ragheb | None
Bridget | None
Laura | None
Adam | None
Melissa | None
Hadas | None
Sarah | None
Ross | None
Nerissa | None
Tryfine | None
Grace | None
Fernanda | None
Rebecca | None
John | None
Kristina | None
Jeanine | None
Victoria | None
Lorraine | None
Sharyn | None
Luisa | None
Vanessa | None
Kristine | None
Ruben | None
Diane | None
Rachel | None
Jennifer | None
Daniel | None
Lily | None
Nathan | None
Kathy | None
Thomas | None
Jessica | None
Gaurav | None
Orlando | None
Luísa | None
Jéssica | None
Matheus | None
Victória | None
Karoline | None
Stefany | None
Letícia | None
Mércia | None
Lucas | None
Adam | None
Alexandre | None
Ulyana | None
Mariana | None
Rayssa | None
Danni | None
Nick | None
Carmela | None
Bernice | None
Reza | None
Zack | None
Zach | None
Alix | None
Tommy | None
Alyssa | None
Ben | None
Katie | None
Janelle | None
Kalie | None
Iva | None
Emily | None
Katherine | None
Carly | None
Angela | None
Adam | None
Chelsey | None
Malorie | None
Elizabeth | None
Rebecca | None
Rob | None
Shawna | None
Brandon | None
Christopher | None
Oscar | None
Spencer | None
Sara | None
Stacy | None
Bria | None
Chad | None
Rachel | None
Alix | None
Kylie | None
Kory | None
Scott | None
Nancy | None
Veronica | None
Gail | None
Allen | None
Gibson | None
Tess | None
Jayasri | None
Varnica | None
Diana | None
Imran | None
John | None
Justin | None
Cindy | None
Kevin | None
Jeremy | None
Lenny | None
Christina | None
Faiz | None
Noor | None
Richard | None
Travis | None
Elizabeth | None
Jeffrey | None
Jenn | None
Johanna | None
Justin | None
Adriana | None
Miriah | None
Kristen | None
Joanna | None
Cara | None
Derrick | None
Stephen | None
Sakib | None
Richromulus | None
Patrick | None
Nerissa | None
Caroline | None
James | None
Jonnalyn | None
Jordan | None
Junlee | None
Marc | None
Lynna | None
Miller | None
TAYLOR | None
Pavan | None
Eric | None
Brian | None
Joseph | None
Ivy | None
Samantha | None
Louis | None
Andrew | None
Travis | None
Steve | None
Andrew | None
Karen | None
Ivy | None
Eric | None
Gary | None
Jason | None
Matt | None
skip | None
Leah | None
Vidhya | None
Sesh | None
Tara | None
Simona | None
Vince | None
Marlene | None
Samer | None
Himanshu | None
Robbie | None
Juan | None
Sandor | None
Simon | None
Pranay | None
Matt | None
David | None
Uros | None
Justin | None
Mike | None
Rex | None
Adam | None
Aastha | None
Ganna | None
Amela | None
Elena | None
Kevin | None
Jad | None
Ashwathy | None
Bruce | None
Noreen | None
Randal | None
Lawrence | None
Calvin | None
Kathy | None
Sai | None
Kusuma | None
Anusha | None
Sindhuja | None
Shan | None
Shubham | None
Mohd | None
Chaitanya | None
Nikita | None
Pudari | None
Monika | None
Navya | None
Elizabeth | None
Nitesh | None
Prasanth | None
R | None
Karthik | None
Fasi | None
Sunil | None
Sumiyya | None
Jai | None
V | None
Bush | None
Divya | None
Dubbaka | None
Kavitha | None
Manasa | None
Akshita | None
Gautam | None
Rajanikanth | None
Sandeep | None
Nithish | None
Suriya | None
Dinesh | None
Syamala | None
Samadam | None
Pavani | None
Akhil | None
Siri | None
Prem | None
Sayyad | None
Laxman | None
Sharanya | None
Suaib | None
Deeksha | None
Dinesh | None
Sabiya | None
Satya | None
Divya | None
Tejasri | None
Sharon | None
Manne | None
Latha | None
Gandra | None
Swetha | None
Sujith | None
Rahul | None
Deep | None
Yousuf | None
Tej | None
Ruchitha | None
Bala | None
Naga | None
Atikha | None
Recruiter | None
Sarfaraz | None
Roja | None
Nikhil | None
Khaja | None
Neha | None
Ajit | None
Ravi | None
Pratyusha | None
Susan | None
Pavani | None
Varsha | None
Mounika | None
Abdur | None
Birge | None
Karunakar | None
Ravi | None
Varun | None
Shyamala | None
Pravati | None
Habeeb | None
Chandana | None
Bhuvaneshwari | None
Yusuf | None
Nikhil | None
Doki | None
Tharun | None
Priya | None
Lavin | None
Nitesh | None
Jyothendra | None
Thippesh | None
Anjali | None
Siddineni | None
Fatima | None
Sangeeta | None
Tejaswi | None
Suaib | None
Divyavani | None
Swetha | None
Chandusha | None
Rehana | None
Rafi | None
Santosh | None
VARSHITHA | None
J | None
Vaishnavi | None
Mustafa | None
Venkata | None
Mohammed | None
Rajput | None
Damu | None
Akhilendra | None
Nagamani | None
Pooja | None
Akhila | None
Ajay | None
Sai | None
Rachana | None
Sravan | None
Deepak | None
Shivani | None
Chaitanya | None
Sampathi | None
Anil | None
Rathnakar | None
Sai | None
Bindu | None
Sharath | None
Chaitanya | None
Navaneetha | None
Heeralal | None
Karna | None
Mohammed | None
Aquib | None
Suchit | None
Sindhu | None
MAHIMA | None
Shashikanth | None
Syed | None
Manideep | None
Sourabh | None
Eric | None
Swapna | None
Chandra | None
Saivamshi | None
Mohammed | None
Toneshwar | None
Akrati | None
Sumanth | None
Daniel | None
Venu | None
Divya | None
Gopi | None
Madhu | None
Vikas | None
Ravi | None
Praisy | None
Mahesh | None
Neethu | None
Shaik | None
Raj | None
Saurabh | None
Likhita | None
Suban | None
Venkat | None
Sridhar | None
Kacey | None
Naveen | None
V | None
Sahithi | None
Azra | None
Ravi | None
Qamar | None
Abhilash | None
Ashok | None
Hemanth | None
Ateeq | None
Shane | None
Mokila | None
Prem | None
Saleha | None
Venkata | None
Shabana | None
Raghavendra | None
Abhinay | None
Varundeep | None
Gr | None
Siddharth | None
Bhavani | None
Chakkala | None
Mohammed | None
Dan | None
Bhavani | None
Cindy | None
Snigdhalin | None
Katy | None
Mohammed | None
Roshan | None
Matthew | None
Jenny | None
Michael | None
Rahul | None
Syed | None
Divya | None
Megan | None
Tamtam | None
Neil | None
Gerry | None
Jalah | None
Sandeep | None
Manne | None
Margaret | None
Trey | None
Mudassir | None
Jamillah | None
M | None
Mrudhula | None
Sarfaraz | None
Terence | None
Parshu | None
Ali | None
Mounika | None
Ahmed | None
Sable | None
Carolina | None
Amtul | None
Shiv | None
Ethan | None
David | None
Malick | None
Vinay | None
Roshini | None
Kranthi | None
Lara | None
Sophia | None
Siva | None
P | None
Dora | None
Rafeh | None
Sudhir | None
Sonya | None
Subash | None
Shaik | None
Abhinay | None
G | None
Raghu | None
Manish | None
Nikhil | None
Magnus | None
Lohitha | None
Ashish | None
Drakshayini | None
Gujjala | None
Gajula | None
Veronica | None
Saikiran | None
Thudum | None
Sreenath | None
Annam | None
Tejaswi | None
Manivas | None
Sajid | None
Arina | None
Katherine | None
Harrison | None
Eugena | None
Sameer | None
Beth | None
Neha | None
Isaac | None
Zakir | None
Kothyala | None
Usha | None
Sugguna | None
Vamshi | None
Sangeeta | None
Shaik | None
Marie | None
Irfan | None
Shoaib | None
Singarapu | None
Benjamin | None
Raj | None
Ryan | None
Frank | None
Deborah | None
Ja'von | None
Burton | None
Adamyz | None
Holly | None
Debra | None
Jessica | None
Jessica | None
Jesse | None
jesse | None
Ilse | None
Giovanni | None
Hugo | None
Joe | None
Natasha | None
Lura | None
Luis | None
LETICIA | None
Kaitlyn | None
Gabrielle | None
Will | None
Keith | None
Adriana | None
Louise | None
Raquel | None
Myrther | None
Anna | None
Alicia | None
Anthony | None
Raquel | None
Jeremy | None
Ethel | None
Lilia | None
Beverly | None
Troy | None
Juanita | None
Matt | None
Dominic | None
Bryan | None
Michele | None
Rodas | None
Angel | None
Eric | None
Breanna | None
Michelle | None
Autumn | None
Elizabeth | None
Arrion | None
shaila | None
Antonio | None
Allyson | None
Joshua | None
Akim | None
Cassondra | None
Gaylon | None
Cindy | None
Keshia | None
Christian | None
Saray | None
Sophia | None
Dallas | None
Melissa | None
Anthony | None
Elissa | None
Brent | None
Joseph | None
Stephanie | None
Kaylei | None
Ali | None
Leticia | None
Brad | None
Hector | None
Steve | None
Mary | None
Stuart | None
Gavin | None
Maryum | None
Veronica | None
Trentton | None
Shaila | None
Raquel | None
Paige | None
Meg | None
Lucyann | None
Karina | None
Sarah | None
Dennis | None
Elaine | None
Odalis | None
Karina | None
Dan | None
nashya | None
Kris | None
Dariela | None
Tim | None
Abigail | None
Eugene | None
Gabriela | None
EM | None
Kelly | None
Brad | None
Alyssa | None
Elissa | None
Cassondra | None
Tiara | None
Jessie | None
Zenia | None
Karla | None
Maren | None
Dorion | None
Mathew | None
Cathy | None
Dorcus | None
Janel | None
Megan | None
Irene | None
Austyn | None
Melissa | None
Brian | None
Debbie | None
Ankith | None
Daniela | None
Rochelle | None
Joseph | None
Geoff | None
Gatkuoth | None
Avery | None
Ashley | None
Cindy | None
Hilary | None
David | None
Jessica | None
David | None
Andrea | None
Theresa | None
Eric | None
Jorge | None
Gil | None
Pleschette | None
Jason | None
Alexis | None
Kylie | None
Cheryl | None
Tedd | None
Southern | None
Olivia | None
Monica | None
Monica | None
Kristy | None
Jesus | None
Jessie | None
Issy | None
Dana | None
Brett | None
Andy | None
Kady | None
Kimberly | None
Leigh-Taylor | None
Mary | None
Athena | None
Aswani | None
Todd | None
Torey | None
Teri | None
Marva | None
Larissa | None
Amy | None
Buffy | None
Libby | None
Gabriel | None
Karen | None
Chelsea | None
Cindy | None
Scott | None
Jaycie | None
Casey | None
Gus | None
Jacqui | None
Thomas | None
Jenna | None
Suzanne | None
Lauren | None
Ronesha | None
Victor | None
Tylr | None
Nadezhda | None
Kari | None
Liliana | None
Mackenzie | None
Aliana | None
Salaie | None
Krystal | None
Ashley | None
Inez | None
Nicholas | None
Sarah | None
Eric | None
David | None
Kimberly | None
Rigo | None
Jenn | None
April | None
Alyssa | None
Deborah | None
Zerlina | None
Chase | None
Jennifer | None
Dena | None
Jeff | None
Misty | None
Alexis | None
Jackie | None
Victoria | None
Erica | None
Bethany | None
Isabel | None
Dehrel | None
Glen | None
Dana | None
Reita | None
Kelsey | None
Phil | None
Kelley | None
Va'Shawn | None
Anne-Marie | None
Cindy | None
Joy | None
Karla | None
Kashel | None
Nina | None
Iliyah | None
Patricia | None
Lateef | None
Mark | None
Brittany | None
51 | None
Charlotte | None
Elvira | None
Lucy | None
Lexy | None
Alexandria | None
Ruth | None
Adriana | None
Jung | None
Tony | None
Desiree | None
Zulema | None
Stephen | None
Christian | None
Lauren | None
Sandra | None
Elizabeth | None
Patrick | None
Savannah | None
Ashley | None
Betsy | None
Brad | None
Cornez | None
David | None
Gilbert | None
Juliana | None
Maggie | None
Heather | None
Dan | None
Andrew | None
Mayra | None
Susan | None
Jennifer | None
Madeline | None
Les | None
Joel | None
Sarah | None
Joseph | None
Alvina | None
Nycole | None
Glenda | None
Erin | None
Lizbeth | None
Karina | None
Kyle | None
Adriana | None
Margaret | None
Adriana | None
Ashley | None
Anay | None
Scott | None
Ashley | None
Randi | None
Deanssa | None
Alejandra | None
Julissa | None
Terry | None
Katie | None
Jorrel | None
Derek | None
Yazmin | None
Todd | None
Tiffani | None
Henry | None
Kelly | None
Ben | None
Shannon | None
Nikki | None
Heather | None
Kaylei | None
Dawn | None
Janay | None
Philip | None
Andrea | None
EM | None
Jess | None
Joan | None
Lindsey | None
Janice | None
Anne | None
Lisette | None
Mayelis | None
Nakashima | None
Morgan | None
Kathy | None
Maryum | None
Dorcus | None
Sue | None
Jazmyn | None
Zaakiya | None
Mari | None
Christina | None
Melissa | None
Stacey | None
Jessica | None
Tara | None
Stephen | None
DeShaun | None
Zelihanna | None
Kimani | None
Amy | None
Marquevious | None
Andrew | None
Kyshawn | None
Timothy | None
Stefan | None
Laura | None
Ebony | None
Melika | None
Randy | None
Monte | None
Mark | None
Debby | None
Garrett | None
Dennis | None
Paul | None
John | None
Joel | None
Michelle | None
Jennifer | None
Asa | None
Eugenia | None
Tim | None
Kyndle | None
Jack | None
Clay | None
Kristen | None
Courtney | None
Kenneth | None
Reginald | None
Lakshmi | None
Shelby | None
Matt | None
Hymie | None
Truman | None
Renae | None
Christopher | None
JaiRon | None
Jamila | None
Deewayne | None
Lamont | None
Jacey | None
Shaunatia | None
Patrick | None
D'Angelo | None
Steven | None
Gabriel | None
Martha | None
Donald | None
Loren | None
Elizabeth | None
Pamela | None
Cindy | None
Natalie | None
Zeinab | None
Hannah | None
Gwynna | None
Sharon | None
Penny | None
Alphonso | None
Margo | None
Robin | None
Zachary | None
Yashika | None
Zach | None
Karen | None
Sharon | None
Emily | None
Lakia | None
Linda | None
Teonna | None
Karolina | None
Pearl | None
Betty | None
Mckinley | None
Christopher | None
Jonathan | None
Zayra | None
Tim | None
Shawn | None
Deja | None
Adell | None
Lafayette | None
Christopher | None
Andrew | None
Kelvin | None
Keithtrick | None
Benjamin | None
Shannon | None
Woody | None
Gay | None
Khanna | None
Tamisha | None
Marquita | None
Jamaica | None
Francisca | None
Masalie | None
Lurine | None
Jeremy | None
Ursula | None
Kelsey | None
Nicolle | None
Thomas | None
Jon | None
Dreyvon | None
Ramon | None
Winston | None
Joshua | None
Jacqueline | None
Edward | None
Emily | None
Ricky | None
Brad | None
Antonio | None
Jeffrey | None
Bennetta | None
Jeremiah | None
Selina | None
Brian | None
Danielle | None
Bradley | None
Susan | None
Erin | None
Gina | None
Kevin | None
Jeffrey | None
Brittany | None
Rhonda | None
Brian | None
Kara | None
Brandi | None
Sherrie | None
Haley | None
Tonya | None
Adam | None
Troy | None
Quinton | None
Joe | None
Taylor | None
Everett | None
Tiffany | None
Keisha | None
Kavona | None
Diana | None
Curtis | None
Brenda | None
Claude | None
Hitesh | None
Jeremy | None
Char | None
Louis | None
Kenneth | None
Savasha | None
Emajii | None
Marion | None
Danielle | None
Kimberly | None
Ally | None
Tyler | None
John | None
Tayvion | None
SEAN | None
Nichole | None
Robert | None
Eugenia | None
Kelly | None
Brad | None
Gary | None
jesus | None
Dennis | None
Emmett | None
Thomas | None
Travis | None
Brittany | None
Joseph | None
Vladimir | None
Brendan | None
Alexandra | None
Raul | None
John | None
Carlos | None
George | None
Cassandra | None
R | None
Whitney | None
Steven | None
Robert | None
Lorne | None
Takara | None
Tara | None
Wendy | None
Delia | None
Taje' | None
Charlotte | None
Haley | None
Franklin | None
Paula | None
Spencer | None
Gabriela | None
Matthew | None
Sydney | None
Charity | None
Jose | None
Joey | None
Keisha | None
Stephen | None
David | None
Grecia | None
Jocelyn | None
Patrick | None
Rajashree | None
Nicol | None
Aubri | None
Candace | None
Latricia | None
Christian | None
Aneta | None
Susan | None
Gloria | None
Jaymeen | None
Amie | None
Tayyaba | None
Kamran | None
Gary | None
Randi | None
Landy | None
Shaun | None
Keith | None
Donna | None
Myron | None
Mario | None
Angela | None
Chiquita | None
Dianna | None
Tajuana | None
Ieshia | None
Ayana | None
Travis | None
Jameshia | None
Heather | None
LaTora | None
Madisyn | None
Mia | None
Gavin | None
Melek | None
Destin | None
Odalis | None
Michael | None
Hamd | None
Nicholas | None
Jeffrey | None
Tania | None
Stafford | None
Aminu | None
Chakia | None
Aviva | None
Lalitha | None
Eboni | None
Alexis | None
Rajeev | None
Kamili | None
Dalia | None
Marina | None
Vidal | None
Tatiana | None
Edgar | None
Justin | None
Jessica | None
Madison | None
Darcey | None
Daniel | None
Daniel | None
Khanh | None
Tamima | None
Byron | None
Candice | None
Kara | None
Timmy | None
Bryan | None
Gillian | None
Stephanie | None
Erin | None
Eva | None
Brandon | None
Miguel | None
Manoj | None
Tejash | None
Katie | None
Benette | None
Jessica | None
Esther | None
John | None
Emily | None
Thomas | None
Spencer | None
Saravanakumar | None
Rhon | None
Ella | None
Henry | None
Diana | None
Deanna | None
Deanndra | None
Andy | None
Brandon | None
Evan | None
Sarita | None
Mark | None
Nikhil | None
Kristen | None
Lily | None
Ernie | None
Greetings | None
Samantha | None
Trenten | None
Luke | None
Domini | None
Lorina | None
Ryan | None
Laurence | None
Paola | None
Michael | None
Akera | None
Chad | None
Heather | None
Amber | None
David | None
Carly | None
Rachel | None
Kelly | None
Tony | None
Bradley | None
Jenny | None
Cindy | None
Peter | None
Braden | None
Michael | None
Simon | None
Stephanie | None
Howard | None
Jill | None
Kristen | None
Theresa | None
Athena | None
Kathryn | None
Meredith | None
Monica | None
Robin | None
Handy | None
April | None
Sarah | None
Heather | None
Bethany | None
Jorge | None
Jill | None
Wendy | None
Henry | None
Sam | None
Moe | None
Kerry | None
Joseph | None
Rebecca | None
John | None
Becky | None
John | None
Lee | None
Mark | None
Rose | None
Solmary | None
Adrian | None
Anika | None
Savannah | None
Jonathan | None
Joe | None
Mitch | None
Tonya | None
Haylee | None
Jose | None
Sergei | None
AnnaLea | None
Ariella | None
Brooks | None
Kurt | None
Scott | None
Adam | None
Eric | None
Ashley | None
Kevin | None
Grant | None
Erin | None
Raynod | None
Jayleen | None
Sunny | None
Carmen | None
Hark | None
Hani | None
Kelsey | None
Madison | None
Steve | None
Steve | None
Mark | None
Tiffany | None
Tyler | None
Jasmin | None
Alina | None
Ben | None
Jason | None
Mark | None
Chuck | None
Gregory | None
Daniel | None
Dana | None
Cindy | None
Alli | None
Riki | None
Molly | None
Kelly | None
Bree | None
Josh | None
Pooja | None
Akash | None
Aishwarya | None
Rama | None
Sumanth | None
Prasanta | None
Keerthi | None
Sampath | None
Jai | None
Saubhagya | None
Alka | None
Raj | None
Nischitha | None
Srinivas | None
Santosh | None
Sai | None
Somnath | None
Jhansi | None
Sushant | None
Charishma | None
Nitya | None
Pooja | None
Michelle | None
Syed | None
Kurmapu | None
Ankitha | None
Badrinath | None
Jeffrey | None
Patrick | None
Joanne | None
Tammy | None
Sharon | None
Joe | None
Tony | None
Stephanie | None
Eric | None
Flora | None
Sarah | None
Pamela | None
June | None
Steve | None
Max | None
John | None
Tony | None
Debrah | None
Chris | None
Burt | None
Kevin | None
Liz | None
Eric | None
Anthony | None
Crystal | None
Oscar | None
Ryan | None
Jim | None
alex | None
Ayushi | None
Nikolai | None
Angelina | None
Jason | None
Aaron | None
Zubin | None
Nina | None
Brian | None
Jo-Ann | None
Fernanda | None
juan | None
Silvia | None
Sai | None
Mercedes | None
Chris | None
Farhan | None
Roneal | None
Nic | None
Emma | None
Lorena | None
Sergio | None
Eric | None
Juliana | None
Will | None
Martin | None
Brett | None
Mike | None
Luis | None
Jason | None
Beatriz | None
Stephen | None
Rolando | None
Nathan | None
Dustin | None
Jerry | None
Brandon | None
Angel | None
Juliana | None
Cristian | None
Brent | None
Claudia | None
Alan | None
Soledad | None
Ed | None
Leonardo | None
JT | None
Taylor | None
Saurabh | None
Carlos | None
Charles | None
David | None
Richard | None
Robert | None
Anton | None
Raja | None
Ana | None
Andy | None
Loli | None
Stephanie | None
Robert | None
Sam | None
Fernando | None
Nicole | None
Paul | None
Rayany | None
Roberto | None
Robert | None
Timothy | None
Jessica | None
Carol | None
Evan | None
Mindy | None
Tony | None
Leslie | None
Amelia | None
Martha | None
Kaitlyn | None
Lorie | None
Hanna | None
Jasmine | None
Portia | None
Belinda | None
Maribel | None
Dolores | None
Julie | None
Joel | None
Alexandra | None
Nora | None
Isabelle | None
Rachelle | None
Jon | None
Elvira | None
Jensen | None
Linda | None
Mickee | None
Carol | None
Shauna | None
Johnisson | None
Amber | None
Jackie | None
Clarissa | None
Mathew | None
Stefani | None
Myrka | None
Linda | None
Shree | None
Yvonne | None
MaryKay | None
Conner | None
Brandon | None
Nate | None
Brittany | None
Lauryn | None
Trinatee | None
Kelby | None
Nicola | None
Lauren | None
Steve | None
Rob | None
Christina | None
Sammi | None
Null | None
Mitchell | None
Sophie | None
Jack | None
Bryan | None
Lori-Faith | None
Stowe | None
Ryan | None
Zach | None
Pippa | None
Kayla | None
Vanessa | None
Breyona | None
Simon | None
James | None
Erica | None
Jordan | None
Ben | None
Tayyaba | None
Lisamarie | None
Maria | None
Christina | None
James | None
McCaine | None
Lucia | None
Kyle | None
Marc | None
Julia | None
Hugo | None
Shariv | None
Andrew | None
George | None
Andrew | None
Caleb | None
Patrick | None
Kyle | None
Nicholas | None
Stephanie | None
Melissa | None
Ellie | None
James | None
B. | None
Matthew | None
Madison | None
Stephanie | None
Taylor | None
Jillian | None
Brandon | None
Shannon | None
Tristan | None
Tyler | None
Thomas | None
Kathleen | None
Andrew | None
Ethan | None
Lucio | None
Jean-David | None
Henry | None
Mariah | None
Bhavik | None
Marcus | None
Benjamin | None
Dan | None
Mark | None
F. | None
Lisamarie | None
Aman | None
Tatyonna | None
Marissa | None
Ryan | None
Jorge | None
Paul | None
Rosaleen | None
Bernhard | None
Skyler | None
Sandi | None
Jackson | None
Henry | None
Alex | None
Kaitlin | None
Chris | None
Shafiq | None
Scott | None
Chris | None
Matt | None
Kelly | None
Michelle | None
Brandon | None
Breanna | None
Christopher | None
Stephen | None
Taylor | None
Zoe | None
Samantha | None
Samuel | None
Whitney | None
Curtis | None
Noa | None
Trinity | None
Sandy | None
Ellie | None
Sean | None
Mattea | None
Joseph | None
Vanessa | None
Aj | None
Natalie | None
Dominic | None
Heather | None
Lindsay | None
Islania | None
Tyler | None
Zachary | None
Daniel | None
Ganiyu | None
Dan | None
Alisha | None
Monica | None
Cydnee | None
Julia | None
Spencer | None
Ashley | None
Shannon | None
Cole | None
Jennifer | None
Brianna | None
Aaron | None
Evonte | None
Maxime | None
Isaiah | None
Maikol | None
Jacob | None
Julianna | None
Elizabeth | None
Hannah | None
McKenzie | None
Joseph | None
Robbie | None
Matthew | None
Kat | None
Michael | None
Mitchell | None
Thomas | None
Ray | None
Michael | None
Evan | None
Sarah | None
Jordan | None
Russell | None
Ben | None
Brien | None
Drew | None
Sarah | None
Anne | None
Jake | None
Robert | None
Neila | None
Jonah | None
Laurie | None
Benjamin | None
Ryan | None
Danielle | None
Jacob | None
Olivia | None
Emily | None
Norris | None
Natalia | None
Max | None
Ricardo | None
Ben | None
Alyssa | None
Ruby | None
Jarred | None
Ralph | None
Gage | None
Vanessa | None
Matthew | None
Halle | None
Brennin | None
Steffan | None
Victoria | None
Allison | None
Zyrah | None
Adam | None
Amanda | None
Chloe | None
Lenicio | None
Joe | None
Jamie | None
Kyle | None
Brady | None
Cole | None
S. | None
Mia | None
Lucas | None
Amy | None
Nico | None
Antonio | None
James | None
Kayla | None
Sean | None
Gabby | None
Hannah | None
Savannah | None
William | None
Elizabeth | None
Kartikk | None
Zachary | None
Faith | None
Brendan | None
Valeria | None
Christina | None
Jasmine | None
Tristan | None
Jordan | None
Malia | None
Christina | None
Cassidy | None
Kasey | None
Joseph | None
Alejandro | None
Kristin | None
DeMarcus | None
Alissa | None
Jacqueline | None
Brian | None
Nicolas | None
Mira | None
Christine | None
Catherine | None
Christian | None
Youssef | None
Yasmine | None
Alexa | None
Michael | None
Brian | None
Mario | None
Quinn | None
Jeremiah | None
Shainna | None
Cameron | None
Murphy | None
Esmelina | None
C’yanna | None
Kalindi | None
Christopher | None
Kelsey | None
Kelly | None
Sophia | None
Macy | None
Shelby | None
Adam | None
Andrew | None
Jonathan | None
Nick | None
Lucas | None
Lila | None
Marz | None
Zoe | None
Kendeldrick | None
Austin | None
Cole | None
Emily | None
Andrew | None
Medalian | None
Chazz | None
Domenico | None
Juan | None
Deja | None
Daniela | None
Kaitlyn | None
Juan | None
Ginny | None
Bill | None
Gerry | None
Melissa | None
Katie | None
Ramona | None
Kate | None
Justin | None
Brad | None
Shelly | None
Molly | None
Jack | None
Jennifer | None
Christine | None
Courtney | None
Erika | None
Stephanie | None
Sara | None
Liza | None
Jeriemae | None
Hemalatha | None
Andrew | None
Clare | None
Robert | None
Evan | None
Ken | None
Itziar | None
Michele | None
Nick | None
Sharon | None
Srija | None
Hailey | None
Janine | None
Elliot | None
Glory | None
Ryan | None
Chris | None
Sharon | None
Jay | None
Anchit | None
Elliot | None
Kelly | None
Hunter | None
Xavier | None
Sean | None
Sarah | None
Peter | None
Noel | None
Madeline | None
Kim | None
Benjamin | None
Alison | None
Becca | None
Triston | None
Ben | None
Michelle | None
Cristina | None
Cherie | None
Natalie | None
Stephanie | None
Jon | None
Melissa | None
Alyssa | None
Breanna | None
Leeann | None
Rochelle | None
Felicia | None
Todd | None
Theresa | None
Steve | None
Anthony | None
Nicolas | None
Nikki | None
Michael | None
Mali | None
Justin | None
John | None
Jesse | None
Deepti | None
Neyba | None
Ashley | None
Kimberly | None
Gabriela | None
Korey | None
Geetha | None
Alex | None
Grace | None
Reed | None
Kankanam | None
Perkins | None
Lyke | None
Huffman | None
Haupt | None
White | None
Miller | None
Tom | None
Shaun | None
Ryan | None
Robbie | None
Kortney | None
Katie | None
Nowlin | None
Joel | None
Amanda | None
Josh | None
Andrew | None
Arina | None
Ashlyn | None
Bobbi | None
Christopher | None
Gehlhausen | None
Ellen | None
Isaac | None
Jason | None
Jeff | None
Joe | None
Craig | None
Michael | None
Nicholas | None
Tiffany | None
Rosemary | None
Erik | None
Kendall | None
Riley | None
Brian | None
Heidi | None
Matthew | None
Dylan | None
Alexis | None
Olivia | None
Eric | None
Charlotte | None
Joe | None
Mike | None
Claire | None
Madison | None
Jacob | None
Delaney | None
Ty | None
Erin | None
Lennin | None
Jill | None
Curran | None
Lucy | None
Alexis | None
Kathleen | None
Lindsey | None
Lakeisha | None
Genevieve | None
Reileigh | None
Bethany | None
Isaac | None
Samantha | None
Tyler | None
Sydney | None
Heather | None
Ashley | None
Trini | None
Austin | None
Kevin | None
Sandy | None
Phil | None
Francine | None
Krista | None
Tianna | None
Samantha | None
Kevin | None
Thomas | None
Bethani | None
Holly | None
Jai-Ric | None
Baylee | None
Mary | None
Robyn | None
Alexis | None
Grace | None
Kristina | None
Madelyn | None
Ashley | None
Allyson | None
Kaitlyn | None
Sean | None
David | None
Bobby | None
Zayda | None
Chris | None
Alicia | None
Carsen | None
Ashley | None
Wyatt | None
Hattie | None
Griffin | None
Abby | None
Hannah | None
Grace | None
Amanda | None
Charles | None
George | None
Sydney | None
Shea | None
Ariana | None
Madison | None
Matthew | None
Laura | None
Greggory | None
Carson | None
Caz | None
Kaley | None
Nick | None
Colleen | None
Audrey | None
Kellie | None
Charlize | None
Kai | None
Mimi | None
Logan | None
Jacob | None
Max | None
Chuck | None
Kourtney | None
Tyler | None
Jillian | None
Teal | None
Jordan | None
Pierre | None
Shelley | None
James | None
Natalie | None
Sarah | None
Owen | None
Tim | None
Olivia | None
David | None
Ben | None
Greg | None
Olivia | None
Matthew | None
Alexander | None
James | None
Heather | None
Christopher | None
Alexandria | None
Kayley | None
Richie | None
Sophia | None
Andrea | None
Jennifer | None
Jordan | None
Devan | None
Michelle | None
Jaclene | None
Michael | None
Nicholas | None
Julia | None
Anastasia | None
Alexa | None
Emma | None
Blake | None
Evelyn | None
Josh | None
Ryan | None
Hilary | None
Madison | None
Brooke | None
Candice | None
Andrew | None
Brayden | None
Ifra | None
Nicole | None
Sophia | None
Taylor | None
Christina | None
Tara | None
Emelia | None
Emily | None
Tyler | None
Inderia | None
Matthew | None
Tawnie | None
Keisha | None
Katelyn | None
Katie | None
Lauren | None
Morgan | None
Carson | None
Steven | None
Kylee | None
Mark | None
Angela | None
Michele | None
Robbie | None
Brandon | None
Allison | None
Benjamin | None
Jared | None
Katelyn | None
Divyanshu | None
Jordan | None
Emory | None
Mimi | None
Robbie | None
Morgan | None
Grace | None
Jake | None
Cristopher | None
Aimee | None
Adele | None
Chris | None
Nikki | None
Robert | None
Josh | None
Reileigh | None
Kyle | None
Reeshi | None
Cole | None
Rosemarie | None
Joleika | None
Jalen | None
Ebony | None
Lucy | None
Dieonte | None
Sara | None
Marcus | None
McKenzie | None
Bryan | None
Bridgett | None
Ksenia | None
Natalie | None
Eric | None
Jake | None
Dorren | None
Alyssa | None
Cat | None
Jason | None
Matthew | None
Lori | None
Emily | None
Ryan | None
Ty | None
Allison | None
Susan | None
Debbie | None
Stephanie | None
Veronica | None
Matt | None
Matt | None
Bridget | None
Matt | None
Tammy | None
Emma | None
Anthony | None
John | None
Shakira | None
Gemma | None
Riley | None
Hayden | None
Kennedy | None
Brandon | None
Justin | None
Samantha | None
Jacob | None
Tyler | None
Carissa | None
Josh | None
Sharita | None
LaNia | None
Katie | None
Meg | None
Jessica | None
Rebecca | None
Jasmyn | None
Luke | None
Stacey | None
Marcus | None
John | None
Calvin | None
Jennifer | None
Stephan | None
Aiden | None
Nicolet | None
Zach | None
Shaunte | None
Brooke | None
Nellie | None
Sandy | None
Addison | None
Bradley | None
Jay | None
Janice | None
Marvin | None
Charlie | None
Theodore | None
Stella | None
Alexander | None
Larry | None
Sarah | None
Shuen | None
Jaime | None
Julian | None
Andrew | None
Brayan | None
Max | None
Matthew | None
Turner | None
Chatra | None
Ksenia | None
Jessica | None
Emily | None
Scott | None
Maddie | None
Daniel | None
Jessica | None
Andrew | None
Chelsie | None
Ross | None
Alexis | None
Trisha | None
Camryn | None
Brianna | None
Gina | None
Madison | None
Chase | None
Lindsay | None
Jessie | None
Evan | None
Abbey | None
Lee | None
Ashley | None
Ryan | None
Andrea | None
Olivia | None
Amanda | None
Charlene | None
Theo | None
Yvonne | None
Abigail | None
Erica | None
Ram | None
Bethany | None
Mohammed | None
Carissa | None
Greg | None
Jenna | None
Sarah | None
Chase | None
Tess | None
Thomas | None
Eva | None
Brett | None
Jessie | None
Donald | None
Charlie | None
Sampath | None
Timothy | None
Devendar | None
Brendan | None
Kyle | None
Katherine | None
Ebony | None
Alexis | None
Cole | None
Colin | None
Barsomo | None
Austin | None
Olivia | None
Sampath | None
Shannon | None
Colin | None
Mohsin | None
Nick | None
Bianca | None
Lauren | None
Alix | None
Jeffrey | None
Mohammed | None
Olivia | None
Derek | None
Trisha | None
Jacob | None
Matt | None
Shailynn | None
James | None
Taylor | None
Neha | None
Jose | None
Luke | None
Angela | None
Paul | None
Abigail | None
Amy | None
Charlene | None
Andrew | None
Phyllis | None
Matt | None
Grayson | None
Ellie | None
Cassie | None
Eddie | None
Travis | None
Alessandra | None
Eva | None
Hailey | None
Meghan | None
Devendar | None
Olivia | None
Michael | None
Sarah | None
Austin | None
Jacob | None
Caz | None
Kennedy | None
Ross | None
Andrea | None
Colin | None
Brittany | None
Jessica | None
Katie | None
Kevin | None
John | None
Taylor | None
McKenzie | None
Quincey | None
Josh | None
Marcus | None
Caz | None
Charles | None
Rudi | None
Alexandria | None
Teresa | None
Jessica | None
Ashley | None
Jim | None
Nolan | None
Hanna | None
Derek | None
Chris | None
Sapida | None
Megan | None
Paul | None
Veera | None
Abigail | None
Jake | None
Joe | None
Dylan | None
Jose | None
Cole | None
Lennin | None
Ryan | None
Jason | None
Molly | None
Dylan | None
Anna | None
Susannah | None
Mahesh | None
Morgan | None
Jalen | None
Erica | None
Megan | None
Sophia | None
Joe | None
Tatum | None
Theresa | None
Jordan | None
Susannah | None
Jose | None
Dylan | None
Jiya | None
Sapida | None
Jessica | None
Alex | None
Lorri | None
Kristy | None
Donald | None
Carson | None
Mary | None
Michael | None
Ken | None
Gina | None
Ryan | None
Megan | None
Cecilia | None
Rachel | None
Leah | None
Brynn | None
Shannon | None
Caitlin | None
Lauren | None
Brayden | None
Ashley | None
Summer | None
Michael | None
Neha | None
Amanda | None
Sophie | None
Sarah | None
Catherine | None
Rachel | None
Paul | None
Bethany | None
Robert | None
Sarah | None
Aaron | None
Natalie | None
Chase | None
Megan | None
Angela | None
Haley | None
April | None
Kaela | None
Daniel | None
Kristen | None
Paul | None
Bill | None
Mason | None
Daniel | None
Kelsey | None
Dieonte | None
Lindsay | None
Collin | None
Mark | None
Austin | None
Hannah | None
Luke | None
Anthony | None
Derrick | None
Grace | None
Morgan | None
Jennifer | None
Swati | None
Danielle | None
Jacob | None
Micah | None
Abigail | None
Bailey | None
Jason | None
Vanessa | None
McKenzie | None
Yvonne | None
Shea | None
Molly | None
Jim | None
Shannon | None
Tess | None
Haley | None
Henry | None
Kurren | None
Meghan | None
Teresa | None
Sara | None
Alora | None
Giuseppe | None
Brittley | None
John | None
Cameron | None
Kathryn | None
Chase | None
Rohit | None
Julia | None
Denis | None
Alexis | None
Charles | None
Alex | None
Jessica | None
Derrick | None
Nadia | None
Abbey | None
Jenna | None
Emily | None
Erin | None
Javier | None
Amanda | None
Mahesh | None
Lauren | None
Rachel | None
Jacob | None
Mark | None
Katie | None
Andrea | None
Kenya | None
Paul | None
Sidney | None
Wilmar | None
Molly | None
Josh | None
Jeffrey | None
Patrick | None
Naveen | None
Aaron | None
Jas | None
Jeremy | None
Matthew | None
Jared | None
Julie | None
Levi | None
Peter | None
Megan | None
Casey | None
Jamie | None
Eliud | None
Kevin | None
Ellen | None
George | None
Angelique | None
Delaney | None
Emma | None
Bradley | None
Jessica | None
David | None
Tyler | None
Robyn | None
Natalie | None
Calvin | None
Meghan | None
Brendan | None
Susan | None
Katie | None
Jaclene | None
Madison | None
Jill | None
Lindsey | None
Vanessa | None
Chris | None
Jessica | None
Jay | None
Alexandria | None
Ryan | None
Samantha | None
Sarah | None
Katie | None
David | None
Sydney | None
Baylee | None
Sydney | None
Jordan | None
Cat | None
Abigail | None
Tyler | None
Justin | None
Marissa | None
Alexis | None
Nicolet | None
Heather | None
Sophia | None
Jake | None
Tyler | None
Theodore | None
Emelia | None
Turner | None
Kylee | None
Turner | None
Sandy | None
Brooke | None
Andrew | None
Kaitlynne | None
Carson | None
Kaitlyn | None
Meg | None
Kristina | None
Zayda | None
Bridget | None
Tom | None
Isaac | None
Eliza | None
Marvin | None
Jared | None
Ashley | None
Matt | None
Kennedy | None
Jacob | None
Alexa | None
Ty | None
Jasmyn | None
Holly | None
Grace | None
Erin | None
Jamie | None
Alexis | None
Nick | None
Shirley | None
Micah | None
Derrick | None
Yanique | None
Hannah | None
Grace | None
Luke | None
Grace | None
Connor | None
Rebecca | None
Mike | None
Sandy | None
Abby | None
Isabella | None
Jewel | None
Jayme | None
Paul | None
Madison | None
Angela | None
Samantha | None
Nicholas | None
Lilly | None
Diarah | None
Kai | None
Clayton | None
Hannah | None
Connor | None
Manning | None
Alexandria | None
Mae | None
Ashley | None
Cole | None
Madelyn | None
Anthony | None
Kellie | None
Anastasia | None
Lakeisha | None
Kevin | None
Charlie | None
Delaney | None
Zach | None
Kathleen | None
Erik | None
Brandon | None
Thomas | None
Justin | None
Alicia | None
Sarah | None
Maxwell | None
Joe | None
Austin | None
Jacob | None
Bryan | None
Brooke | None
Charles | None
Veronica | None
Stella | None
Ksenia | None
Matt | None
Michael | None
Denis | None
Carsen | None
Gemma | None
Ty | None
Eric | None
Janice | None
Brayden | None
Amanda | None
Mohsin | None
Jeremy | None
Katie | None
Jason | None
Marcus | None
Josh | None
Jack | None
Ava | None
Wes | None
Anna | None
Riley | None
Rhys | None
Tiernan | None
Stuart | None
Kristin | None
Samuel | None
Patrick | None
Jane | None
Amanda | None
Kennedy | None
Emma | None
Zachary | None
Sydney | None
Annie | None
Deryn | None
Amanda | None
Peter | None
Brandon | None
Madeline | None
Ashley | None
Jessica | None
Billy | None
Lauren | None
Jeffrey | None
Grace | None
Caroline | None
Lauryn | None
Stephanie | None
Mike | None
Harrison | None
Jaden | None
Kayla | None
Connor | None
Liv | None
Cassidy | None
Abby | None
Lauren | None
Angela | None
Claire | None
Ashley | None
Gwynne | None
Jameson | None
Ella | None
Jewell | None
Tim | None
Sophia | None
Amy | None
Kaitlyn | None
Nina | None
Jackson | None
Phoebe | None
Lauren | None
Rebecca | None
Catherine | None
Cassie | None
Allie | None
Ashley | None
Bella | None
Scott | None
Kylie | None
Grace | None
Sarah | None
Christian | None
Emma | None
Bailey | None
John | None
Bridget | None
Paige | None
Clay | None
Kira | None
Matt | None
Jen | None
Jack | None
Tony | None
Madeline | None
Kate | None
Diarah | None
Brandon | None
Christein | None
Katie | None
Brooke | None
Christine | None
Chelsie | None
Angela | None
Lilly | None
Macy | None
Heather | None
Veera | None
Cooper | None
Ram | None
Nicole | None
Vishal | None
Brittany | None
Wyatt | None
Jason | None
Abbey | None
Olivia | None
Brianna | None
Michael | None
Jessica | None
Jackie | None
Tina | None
Mark | None
Bryan | None
Jayme | None
Mark | None
Jillian | None
Evan | None
Ben | None
Anthony | None
Kate | None
Amy | None
Alexandra | None
Mitch | None
Ally | None
Griffin | None
Alison | None
Justin | None
Rod | None
Sophia | None
Sophie | None
Rebecca | None
Nicholas | None
Angela | None
Max | None
Nick | None
Jewel | None
Dante | None
Kaleb | None
John | None
Claire | None
Alexandria | None
Andrew | None
Michael | None
Marcus | None
Lucy | None
Hailey | None
Taylor | None
Corey | None
Laurie | None
John | None
Kira | None
Marcus | None
Bernard | None
Cristina | None
Matt | None
Jacob | None
Sean | None
Alexandra | None
Eliza | None
JD | None
Anthony | None
Meghan | None
Basia | None
Nicholas | None
Tori | None
Heather | None
Eileen | None
ARUNKUMAR | None
Erin | None
Jason | None
Sunny | None
Natalie | None
Liliana | None
Chatra | None
Laura | None
Jessica | None
Nicolet | None
Amanda | None
Noah | None
Danielle | None
Kevin | None
Thomas | None
Dominique | None
Zach | None
Jessica | None
EJ | None
Garrett | None
Jeffrey | None
Carolyn | None
Spencer | None
Jillian | None
Bella | None
Delainey | None
John | None
Stephen | None
Madison | None
Tiffany | None
Sean | None
Greggory | None
Julia | None
Scott | None
Adenike | None
Ben | None
Gaius | None
Jonah | None
Jennifer | None
Mathew | None
Leanne | None
Lauren | None
Kevin | None
Deborah | None
Zoe | None
Andrew | None
Robert | None
Jessica | None
Andrea | None
Madelyn | None
Troy | None
Megan | None
Anastasia | None
Jeremy | None
Kelly | None
Anthony | None
Erin | None
Tiffany | None
Jamie | None
Bob | None
Robbie | None
Amanda | None
Nathan | None
Matt | None
Debbie | None
Matt | None
Alessandra | None
Gina | None
heather | None
Paul | None
William | None
Mark | None
Megan | None
Kelsey | None
Abby | None
Hailey | None
Jillian | None
Anna | None
Alexis | None
Jake | None
Ryan | None
Nik | None
Brooke | None
Zakariya | None
LaNia | None
Kevin | None
Leslie | None
Pearl | None
Garrett | None
Kunal | None
Shailynn | None
Allison | None
Eileen | None
Joe | None
Kareen | None
Susan | None
Lorri | None
Natalie | None
Rob | None
Michelle | None
Samantha | None
Julie | None
Jessica | None
Ngam | None
Griffin | None
Rachel | None
Amanda | None
Susannah | None
Jessica | None
Lauren | None
Angela | None
Jordan | None
Laura | None
Collin | None
Mackenzie | None
Michael | None
Rob | None
Lori | None
Ryan | None
Christian | None
Shan | None
Emily | None
Kevin | None
Morgan | None
Susan | None
Taylor | None
Jack | None
Lauren | None
Katie | None
Michaella | None
Chris | None
Derrick | None
Dave | None
Madi | None
Alexander | None
Tyler | None
Shannon | None
Lindsay | None
Cierra | None
Theresa | None
Gabriella | None
Alexis | None
Riley | None
Richie | None
Dennis | None
Tia | None
Mitchelle | None
John | None
Alec | None
Arianna | None
Arielle | None
Ashley | None
Brian | None
Suji | None
Jaci | None
Jessica | None
Jonathan | None
Kathryn | None
Kendall | None
Loren | None
Marilu | None
Jessica | None
Cecilia | None
Mark | None
Naveen | None
Marcy | None
Leah | None
Bryan | None
Hanna | None
Bailey | None
Ashley | None
Rebecca | None
Sydney | None
Jonathan | None
Caleb | None
Sheila | None
Shaunte | None
Haley | None
Logan | None
Jacob | None
Andrew | None
Rex | None
Annie | None
Liv | None
Shaylin | None
Abigail | None
Jai-Ric | None
Phoebe | None
Kalee | None
Sapida | None
Corey | None
Amanda | None
Scott | None
Laurel | None
Catrina | None
Anthony | None
Jennifer | None
Michael | None
Jim | None
Derek | None
Austin | None
Taylor | None
Rhys | None
Raquel | None
John | None
Erin | None
Kate | None
Erin | None
Peyton | None
Dan | None
John | None
Koen | None
Lauren | None
Tyler | None
bhargavi | None
Brian | None
Elizabeth | None
Timothy | None
Addison | None
Nora | None
Heather | None
Dominic | None
Rebecca | None
Lauren | None
Nick | None
Ashlee | None
Chase | None
Sondra | None
Laura | None
Marlo | None
Katie | None
Katie | None
John | None
Vanessa | None
Sophie | None
Zack | None
Marcus | None
Andrew | None
Emily | None
Ashley | None
Sheree | None
Satish | None
Alisha | None
Owen | None
Christopher | None
Catherine | None
Gaelyn | None
Jessica | None
Megan | None
Teresa | None
Jordan | None
Amanda | None
Diane | None
Angelina | None
Patrick | None
Michael | None
Michele | None
Jake | None
Daniel | None
Aaron | None
Evan | None
Ashley | None
Kurren | None
Robyn | None
Abel | None
Brianna | None
Alyssa | None
Connor | None
Caelin | None
Julian | None
Ashton | None
Samantha | None
Brenda | None
Jack | None
Marisa | None
Kira | None
Nolan | None
Rhys | None
Caitlin | None
Kendall | None
Riley | None
Braeden | None
Anthony | None
Kayla | None
Brynn | None
Brianna | None
London | None
Madison | None
Jessica | None
Sally | None
Anthony | None
Holly | None
Hailey | None
Zachary | None
Mike | None
Alexandra | None
Rohit | None
Maxwell | None
Gage | None
Carley | None
Madeline | None
Kenna | None
Nate | None
Mark | None
Callie | None
Cesar | None
Jacqueline | None
Justin | None
Madeline | None
Cameron | None
Mark | None
Dante | None
Ellie | None
Annie | None
Anna | None
Grace | None
Courtney | None
Zachary | None
Samara | None
Anthony | None
Annie | None
Theresa | None
Morgan | None
Isabella | None
Jameson | None
Nichole | None
Claudia | None
Brandon | None
Drew | None
Bridget | None
Tom | None
Jerry | None
Olivia | None
Jacob | None
Jared | None
Charlotte | None
Rosemary | None
Kathleen | None
Michael | None
Audrey | None
Julia | None
Alexander | None
Brayden | None
Kate | None
Caroline | None
Jacob | None
Cooper | None
Meredith | None
Ella | None
Madeline | None
Megan | None
Megan | None
Jenna | None
Cameron | None
Amelia | None
Eliud | None
Millie | None
Haley | None
Liza | None
Hannah | None
Kennedy | None
Mariah | None
Barsomo | None
Brendan | None
Rachel | None
Victoria | None
Brandon | None
Brooke | None
Giuseppe | None
Corinne | None
Lauren | None
Dave | None
Christine | None
Nellie | None
Jill | None
Brooke | None
Sloan | None
Grayson | None
Elise | None
Sara | None
Evan | None
Isabella | None
Madison | None
Mitch | None
Grant | None
David | None
Addy | None
Isabel | None
Kristina | None
Lauryn | None
Zayda | None
JT | None
Brandon | None
Vidhya | None
Courtney | None
Kris | None
Joshua | None
Karen | None
Colin | None
Bethany | None
Ryan | None
Andrea | None
Connor | None
Matthew | None
Connor | None
Becky | None
Pierre | None
Kennedy | None
Hannah | None
Carson | None
Paige | None
Jose | None
Laura | None
Anthony | None
Jocelyn | None
Halle | None
Carly | None
Mackenzie | None
Leah | None
Ryan | None
Rachel | None
Sarah | None
Bella | None
Abby | None
Angela | None
David | None
Lauren | None
Clay | None
Rachel | None
Caroline | None
Nina | None
Emily | None
Daisy | None
Alexander | None
Keva | None
Sydney | None
Elizabeth | None
Victoria | None
Emma | None
Addison | None
Javier | None
Lori | None
Kate | None
Hilary | None
Margie | None
Sabrina | None
Lilly | None
Shannon | None
James | None
Remi | None
Nicole | None
Matt | None
Lauren | None
Kevin | None
Luke | None
Jewell | None
Catrina | None
Richard | None
Charlie | None
Jas | None
Tonya | None
Ben | None
Gina | None
Derek | None
Melina | None
Fredrik | None
Kristin | None
Marvin | None
Amy | None
Sloan | None
Nadia | None
Brooke | None
Brigid | None
Laurie | None
Mallory | None
Genevieve | None
Jack | None
Tyler | None
Kris | None
Sidney | None
Chuck | None
Shellie | None
Mary | None
Jill | None
Dennis | None
Michele | None
Austin | None
Courtney | None
Scott | None
Amanda | None
Carsen | None
Colleen | None
Madalyn | None
Maggie | None
Beth | None
Max | None
Joshua | None
Kylie | None
Jared | None
Nicole | None
William | None
Davaunn | None
Ainsley | None
Sloane | None
Allie | None
Alexis | None
Christina | None
Daniel | None
Sarah | None
Jay | None
Emma | None
Baylee | None
Logan | None
Taylor | None
Caitlin | None
Stephanie | None
Isaac | None
Dylan | None
Christein | None
Madison | None
Bailey | None
Katy | None
Emily | None
Wyatt | None
Keely | None
Lucy | None
John | None
Michael | None
Wilmar | None
Kevin | None
Alison | None
Rosemary | None
Daryn | None
Billy | None
Nicole | None
Emily | None
Diana | None
Emalee | None
Kelsey | None
Paul | None
Abby | None
Megan | None
Megan | None
Rudi | None
Will | None
Hannah | None
Elizabeth | None
Morgan | None
Austin | None
Patrick | None
Ashley | None
Fiona | None
PJ | None
Jackson | None
Alexis | None
Sophia | None
Alexa | None
Casey | None
Christopher | None
Emma | None
Katie | None
Gabriella | None
Josh | None
Maddie | None
Kiara | None
Claire | None
Ethan | None
Shivam | None
David | None
Ireland | None
Marcy | None
Mark | None
Wyatt | None
Ellen | None
Macy | None
Ashley | None
Lauren | None
Lida | None
Bobby | None
Jake | None
Caitlin | None
Olivia | None
Cassie | None
Brett | None
Sam | None
Lauren | None
Jack | None
Drake | None
Tatum | None
Tony | None
Samuel | None
Jordan | None
Christian | None
Ben | None
Bryan | None
Rae | None
Trip | None
Shea | None
Sandy | None
Rylee | None
Jason | None
Sydney | None
Kathryn | None
Larry | None
Nicole | None
Justin | None
Mary | None
Natalie | None
Erik | None
Krystyna | None
Veronica | None
Michael | None
Emily | None
Andrew | None
Charles | None
Phil | None
Shakira | None
Michael | None
Angela | None
Kelsey | None
Rachel | None
John | None
Matthew | None
Kevin | None
Allison | None
Serena | None
Zak | None
Daya | None
Ashley | None
Taylor | None
Collin | None
Danielle | None
Josh | None
Matt | None
Angela | None
Alexis | None
Kate | None
Shane | None
Michael | None
Mike | None
Laura | None
Tim | None
Paul | None
Michael | None
Matthew | None
Evan | None
Erin | None
Cullen | None
Caitlin | None
Austin | None
Anthony | None
Alexandria | None
Ross | None
Ashley | None
Colleen | None
Stacy | None
Tom | None
William | None
Maricela | None
Cole | None
Ashley | None
Katie | None
Alex | None
Luke | None
John | None
Jack | None
Lauren | None
Summer | None
Quincey | None
Jose | None
Jason | None
James | None
Hakeem | None
Olivia | None
Emily | None
David | None
Cullen | None
Alicia | None
Claire | None
Navi | None
Greg | None
Dylan | None
Megan | None
Jack | None
Alexis | None
John | None
Derek | None
Jessica | None
Alexandria | None
Ashley | None
Hallie | None
Jessica | None
Shakira | None
Madison | None
Kaylee | None
Douglas | None
Hailey | None
Wyatt | None
Jake | None
Travis | None
Dan | None
Lauren | None
Kennedy | None
Pete | None
Jason | None
Taylor | None
Anna | None
Cameron | None
Monica | None
Sydney | None
Bianca | None
Katy | None
Madeline | None
Julie | None
Emma | None
Alexandra | None
Ryan | None
Dan | None
Neha | None
Haley | None
Alexis | None
Courtney | None
Cierra | None
Derrick | None
Mason | None
Kathryn | None
Alexandra | None
Ashley | None
Ross | None
Michael | None
Evan | None
Brandon | None
Leopoldo | None
Emily | None
Marla | None
Laura | None
Bob | None
Pete | None
Caitlin | None
Rachel | None
Pat | None
Jacob | None
Naveen | None
Kelsey | None
Cameron | None
Madeline | None
Tim | None
Kurren | None
Kevin | None
Matthew | None
Laura | None
Kyle | None
Luke | None
Lauren | None
Ken | None
Angela | None
Jack | None
Cullen | None
Max | None
Ryan | None
Harrison | None
David | None
Stacey | None
Dom | None
Maddie | None
Shannon | None
Abigail | None
Kelsey | None
Rachel | None
Jordan | None
Timothy | None
Cameron | None
Jen | None
Kyra | None
Riley | None
Cara | None
Mike | None
Thomas | None
Jonathan | None
Brett | None
Yvonne | None
Lauren | None
Katherine | None
Lexie | None
Matthew | None
Tess | None
Tina | None
Charlotte | None
Drew | None
Lily | None
Taylor | None
Tyree | None
Mia | None
Kenn | None
Melanie | None
Tessa | None
Tyler | None
Adrina | None
Jackie | None
Brett | None
Brittley | None
Claudia | None
Eva | None
Leah | None
McKenzie | None
Kristy | None
Camille | None
Christy | None
Megan | None
Parker | None
Ty | None
Kaleb | None
Olivia | None
Camille | None
Chase | None
Kira | None
Kevin | None
Amanda | None
Jane | None
Savannah | None
Thomas | None
Jessica | None
Karsen | None
Danielle | None
Mycah | None
April | None
Turner | None
Ty | None
Jett | None
Jodi | None
Peter | None
Cassidy | None
Micah | None
Alicia | None
Abbey | None
Marlissa | None
Morgan | None
Joe | None
Devyn | None
Aaron | None
Tina | None
Cullen | None
Kyle | None
Brianna | None
Rohit | None
Aaron | None
Jenna | None
Matthew | None
Tyler | None
Marisa | None
Hanna | None
Molly | None
Chris | None
Austin | None
Catherine | None
Myleena | None
Lee | None
Lauren | None
Sofia | None
Taylor | None
Jeffrey | None
Nick | None
Christian | None
Ross | None
Jessica | None
Daniel | None
Anne | None
Jenna | None
Olivia | None
John | None
Nick | None
Mohsin | None
Sarah | None
Mariah | None
Susannah | None
Doug | None
Nick | None
Heidi | None
Brady | None
Olivia | None
Summer | None
Sydney | None
Sydney | None
Juliette | None
Alex | None
Jessica | None
Lauren | None
Andre | None
Grace | None
Peter | None
Victoria | None
Alexander | None
Sydney | None
Connor | None
Leah | None
Hailey | None
Haley | None
Maxwell | None
Claire | None
Alessandra | None
Gavin | None
Nicholas | None
Ollie | None
Ashley | None
Katie | None
Maggie | None
Bailey | None
Brian | None
Katherine | None
Sydney | None
Ally | None
Paul | None
Nicholas | None
Stuart | None
Anna | None
Eric | None
Mike | None
Sarah | None
Kyle | None
Mason | None
Sophia | None
Christopher | None
Peter | None
Shawn | None
Daniel | None
Samantha | None
Kaitlyn | None
Isaac | None
Ariana | None
Ross | None
Cameron | None
Matthew | None
Laurel | None
Jasmyn | None
Elizabeth | None
Erika | None
Matthew | None
Sararuth | None
Alexandra | None
Kristin | None
Maggie | None
Brianna | None
Britney | None
Maya | None
Laura | None
Luke | None
Norm | None
Jared | None
Brianna | None
Andrew | None
Connor | None
Priya | None
Lindsay | None
Essie | None
Gary | None
EJ | None
Mary | None
Chip | None
Devendar | None
Ali | None
Stephanie | None
Christianna | None
Anthony | None
Mimi | None
Nick | None
Claire | None
Leandreia | None
Madison | None
Jenna | None
James | None
Luciano | None
Adam | None
Cindi | None
Engelbert | None
Kendall | None
Ryan | None
Sharayah | None
Katie | None
Jaden | None
Abby | None
Cody | None
Reed | None
John | None
Steven | None
Daniel | None
Daniel | None
Ethan | None
Kimberly | None
JB | None
Kurt | None
Jodi | None
Marissa | None
Todd | None
Julia | None
Nina | None
Renee | None
Priscilla | None
Courtney | None
Alexus | None
Brandi | None
Erin | None
Dakota | None
Marissa | None
Natalie | None
Evan | None
Carissa | None
Emily | None
Ashley | None
Tyler | None
Isabel | None
Morgan | None
Katie | None
Mike | None
Cindy | None
Tyler | None
Rhys | None
Nicole | None
Bethany | None
Teresa | None
Berkley | None
Constantine | None
Leah | None
Bradley | None
Robert | None
Rock | None
John | None
Shannon | None
Debbie | None
Suzanne | None
Bill | None
Bailey | None
Mitchell | None
Brandon | None
Denis | None
Lennin | None
Bob | None
Katy | None
Kate | None
Johnny | None
Reileigh | None
Lakenna | None
Tyler | None
Jesse | None
Radha | None
Kyle | None
Gregory | None
Ashlie | None
Shelley | None
Alyssa | None
Shane | None
Brandon | None
Andrew | None
Cullen | None
Cole | None
Keenan | None
Katie | None
Brad | None
Ali | None
Brianna | None
Denae' | None
Emily | None
April | None
Cynthia | None
Jon | None
Joe | None
Kyle | None
Brian | None
Ann | None
Ian | None
Shiloh | None
Julie | None
Jenna | None
Thyda | None
Elizabeth | None
Christina | None
Nick | None
Jake | None
Amber | None
Mark | None
Claire | None
Donald | None
David | None
Vidhya | None
Victoria | None
Janet | None
Casey | None
Tremayne | None
Matthew | None
Billy | None
Jack | None
Satish | None
Sally | None
Kathleen | None
Vince | None
Bryce | None
Toria | None
Anna | None
Jack | None
Gibson | None
Lane | None
Madison | None
Lauren | None
Doris | None
Kelly | None
Matt | None
Ryan | None
DeGaulle | None
Ashley | None
Eric | None
Amy | None
McFarlin | None
Chris | None
Natasha | None
Lisa | None
Suzy | None
Mike | None
Harrison | None
Murray | None
Sara | None
Christopher | None
Amy | None
Francine | None
Grace | None
Hannah | None
Jack | None
Nicholas | None
Hayden | None
Carrie | None
Chloe | None
Elsa | None
Margaret | None
Lindsay | None
Alyssa | None
Rita | None
John | None
Sydney | None
Matt | None
Alexis | None
Laura | None
Tyler | None
Kyle | None
Michelle | None
Melissa | None
Ryan | None
Kiara | None
Kat | None
Thomas | None
Grace | None
Olivia | None
Rianne | None
John | None
Brennan | None
Oscar | None
Ann | None
Fatima | None
Paul | None
Serena | None
Jay | None
Will | None
Josh | None
Kathryn | None
Paul | None
Carol | None
Chris | None
Shawna | None
Charlie | None
Carlos | None
Tom | None
Rikki | None
Dheeraj | None
Jon | None
Madison | None
Madison | None
Madison | None
Samantha | None
Michael | None
Nina | None
Jessica | None
Dominique | None
Jody | None
Daniel | None
Jesse | None
Jon | None
Margaret | None
Kevin | None
John | None
Caroline | None
Leanne | None
Jannelle | None
Victoria | None
Anna | None
Charles | None
Renee | None
Gage | None
Brittany | None
Ryan | None
Caroline | None
Ava | None
Tach | None
Kira | None
Amie | None
Kylin | None
Connor | None
Kimberly | None
Glenn | None
James | None
Jyothi | None
Wendy | None
Aldo | None
John | None
Claudine | None
Stephan | None
Samantha | None
Meghan | None
Nick | None
Sarah | None
Jack | None
Madison | None
Madison | None
Josi | None
Carla | None
Joanna | None
Danielle | None
Eligio | None
Alexandra | None
Hope | None
Annette | None
James | None
Jamie | None
Brandon | None
Jodie | None
Chuck | None
David | None
Nathan | None
Rosalyn | None
Lori | None
Simplice | None
Ethan | None
Jacob | None
Anthony | None
Jeffrey | None
Daniel | None
Brian | None
Jennifer | None
Kimberly | None
Michael | None
Justin | None
Jaclene | None
David | None
Ben | None
Matthew | None
Bobby | None
Bill | None
Ryan | None
Naleseah | None
Sherick | None
Nicole | None
Sophia | None
Erica | None
Sarah | None
Erin | None
Cameron | None
Jeff | None
Scott | None
Jet | None
Kate | None
Carter | None
Jarrid | None
Nicholas | None
Devon | None
Michael | None
Matthew | None
Ashley | None
Donald | None
Christina | None
Anika | None
Evelyn | None
Cole | None
Casey | None
Sue | None
Darla | None
Alexa | None
Marissa | None
Sarah | None
Jennifer | None
Kaylee | None
Laura | None
Rachael | None
Ryan | None
Avery | None
Matthew | None
Cam | None
Clarice | None
Hallie | None
Madison | None
Danielle | None
Abdul | None
Nicole | None
Christine | None
Charles | None
Ganesh | None
Courtney | None
John | None
Madison | None
Ryan | None
Matthew | None
Alexandra | None
Andrew | None
Katelyn | None
Kelsey | None
Sydney | None
Remy | None
Jake | None
Legare | None
Jessica | None
Hunter | None
Amber | None
Andrew | None
Emily | None
Jessica | None
Ethan | None
Bridget | None
Benjamin | None
Tina | None
Lucas | None
David | None
Tamara | None
Megan | None
Jake | None
Killyn | None
Jason | None
Emily | None
Jacob | None
Alex | None
Bri | None
Alexander | None
Jennifer | None
Aleks | None
Haley | None
Julie | None
Colin | None
Stephen | None
Eddie | None
Lauren | None
Brianna | None
Aaliyah | None
Skylee | None
Tim | None
Camryn | None
Abigail | None
Abigail | None
Ashley | None
Ella | None
Madison | None
Paige | None
Abby | None
Jane | None
Rachel | None
Meredith | None
Sam | None
Tara | None
Jim | None
Jeff | None
Noah | None
Ashley | None
Logan | None
Jason | None
Ulysses | None
Elizabeth | None
Vanessa | None
Tricia | None
Brian | None
Connor | None
Sam | None
Nicole | None
Brittany | None
Daniella | None
Marcus | None
Paul | None
Kate | None
Gary | None
Katherine | None
Madison | None
Liam | None
Tammy | None
Lucy | None
Johana | None
Kyle | None
Berkley | None
Theo | None
Dominick | None
Joanna | None
Madison | None
Nolan | None
Amanda | None
Mary | None
Angela | None
John | None
Hallie | None
Sarah | None
Devan | None
Christopher | None
Kayla | None
Liz | None
Sarah | None
Annie | None
Matt | None
Adam | None
Abby | None
Kelsey | None
Megan | None
Colleen | None
Kourtney | None
Sarah | None
Richard | None
Kelsey | None
Brayden | None
Alex | None
Jacob | None
Haley | None
Chris | None
Kimberly | None
Nick | None
Ileana | None
Miles | None
Alexandria | None
Frankie | None
Ali | None
Adriel | None
Jason | None
Christian | None
Zoe | None
Adam | None
Tianna | None
Jayce | None
Karina | None
Alexis | None
Stephen | None
Charles | None
Tristan | None
Tori | None
Stefanie | None
Lindsey | None
Sara | None
John | None
Anne | None
Madison | None
Douglas | None
Natalie | None
Elisha | None
Melissa | None
Bryce | None
Brenda | None
Bryan | None
David | None
Aaron | None
Kathryn | None
Provides | None
Teresa | None
Leslie | None
Jane | None
Trevor | None
Courtney | None
Kristen | None
Meg | None
Garrett | None
Erica | None
Lindsay | None
Olivia | None
April | None
Emily | None
Mark | None
Michael | None
Jill | None
Jamie | None
Vanessa | None
Ryan | None
Jessica | None
Sapida | None
Rohit | None
Wes | None
Michael | None
Dave | None
Brittany | None
Nick | None
Helena | None
Meghan | None
Kevin | None
Kaela | None
Nicholas | None
David | None
E | None
Tim | None
Kristin | None
Alexandria | None
Natalie | None
Nicholas | None
Kellie | None
Justin | None
Sara | None
Joshua | None
Madison | None
Alejandro | None
Twana | None
Chris | None
Amanda | None
Mikyla | None
James | None
Vanessa | None
David | None
Ben | None
Jeff | None
Christa | None
Erick | None
Jordan | None
Steven | None
Jeff | None
Rick | None
Kyle | None
Emily | None
Katie | None
Neveen | None
Erica | None
Jacob | None
Lauren | None
Sam | None
April | None
John | None
Natalie | None
Katie | None
Craig | None
Matt | None
Samantha | None
Laura | None
Dave | None
Emily | None
Dave | None
Alyssa | None
Giovanna | None
Leah | None
Sarah | None
Meredith | None
Naveen | None
Nancy | None
Zach | None
Kaitlin | None
Rachel | None
Debra | None
Melissa | None
Dominique | None
Cat | None
Briton | None
Brittany | None
Stephen | None
Neha | None
Allie | None
Lauren | None
Alec | None
Jon | None
Jake | None
Kelsey | None
Tory | None
Theodore | None
Shannon | None
Nicole | None
Jon | None
Belinda | None
Todd | None
Edward | None
Pamela | None
Karla | None
Kristen | None
Rebecca | None
Mike | None
Kelsey | None
Krista | None
Keegan | None
Jean | None
Eric | None
Bonnie | None
Tony | None
Kristen | None
Ambuja | None
Catherine | None
Kristen | None
ZJ | None
Mike | None
Dan | None
Shelley | None
Deborah | None
Bill | None
Tim | None
Tom | None
Scott | None
Gary | None
David | None
Jeff | None
Tim | None
Bradley | None
Gregory | None
Julie | None
Julie | None
Tom | None
Robin | None
Josiah | None
Eric | None
Sue | None
Brent | None
Mary | None
Delight | None
Carmen | None
Renie | None
Chiaho | None
Lily | None
Siyin | None
Titi | None
Linrong | None
Grace | None
Dong | None
Wentao | None
Mingzhi | None
Zhiqiang | None
Chris | None
Rebecca | None
Thandar | None
Skye | None
Yanlu | None
Jiabao | None
Chloe | None
Chris | None
Sylvia | None
Grace | None
Aria | None
Greg | None
Nima | None
Cerise | None
Gina | None
Julie | None
Kaitlyn | None
Linda | None
Lisa | None
Dave | None
Brad | None
Tim | None
Ryan | None
Ali | None
Perla | None
Deb | None
Stephanie | None
Sandra | None
Jennifer | None
Katrina | None
Cherice | None
Marylee | None
Antonio | None
Sarah | None
Dorothy | None
Krystal | None
Monte | None
Juan | None
Dana | None
Whitney | None
Gloria | None
Marisa | None
Kimberly | None
Jeremy | None
Joan | None
Morgan | None
Peters | None
Joel | None
Sarah | None
Eva | None
Colleen | None
Walter | None
Scott | None
Donna | None
Sarah | None
Rolanda? | None
Jacqueline | None
John | None
Hali | None
Robert | None
Abbey | None
Amy | None
Joy | None
Davis | None
Tasha | None
Peter | None
Surya | None
Melissa | None
Ellen | None
John | None
Victoria | None
Vu | None
Charlotte | None
Meike | None
Devon | None
Samantha | None
John | None
Joseph | None
Kara | None
Nicole | None
Nancy | None
Danny | None
Stacy | None
Mark | None
Mike | None
Arafat | None
Olena | None
kolby | None
Bill | None
Allison | None
Neha | None
Heather | None
Michael | None
Amanda | None
Robin | None
Haley | None
Emily | None
Tonia | None
Kelly | None
Amy | None
Traci | None
Whitnie | None
Preston | None
LaBron | None
Lisa | None
Shital | None
Ashley | None
Laura | None
Krista | None
Luke | None
Alison | None
Alex | None
Renae | None
Steve | None
Brian | None
Kerri | None
Beca | None
Sudharshan | None
Jacob | None
Ryan | None
Pamela | None
Melonie | None
Jose | None
Stephen | None
Wilma | None
Carolyn | None
Mark | None
Randy | None
Lisa | None
Aaron | None
Linsie | None
Leslie | None
Hannah | None
Javni | None
Jessica | None
Heather | None
Isabel | None
Imani | None
Dave | None
Era | None
Manon | None
Lisa | None
Linda | None
Laura | None
Keisha | None
Jessica | None
Jennifer | None
James | None
Emmanuel | None
Dwight | None
Dominique | None
Donald | None
Derek | None
Dennis | None
Christina | None
Carolyn | None
Carol | None
Brenda | None
Beth | None
Angela | None
Amber | None
Amanda | None
Nancy | None
Drew | None
Maria | None
Monica | None
Miguel | None
Michelle | None
Patricia | None
Rhonda | None
Rick | None
Ricky | None
Nicole | None
Robin | None
Sara | None
Wendy | None
Linda | None
Nick | None
Sam | None
Les | None
Daniel | None
Kiruba | None
Martina | None
Nina | None
Beatrix | None
Jim | None
Harsh | None
Gaurav | None
Akansha | None
Moumita | None
Pranav | None
Deepesh | None
Arpita | None
Anurag | None
Sarita | None
Andromeda | None
Christine | None
Tracie | None
Erinn | None
Biju | None
Hal | None
Xadean | None
David | None
Ahcene | None
Jacob | None
Aaron | None
Peter | None
Steven | None
David | None
Brandon | None
Antoinette | None
Ayyub | None
Erik | None
Rob | None
Scott | None
Alvid | None
James | None
Roger | None
Shubhra | None
Swaminathan | None
Kourtney | None
Bill | None
Deborah | None
Kimberly | None
Adrian | None
Nouri | None
Venkata | None
Gregory | None
Deepak | None
Chris | None
Sandeep | None
Alex | None
Heather | None
Belle | None
D | None
Anubhai | None
Subodh | None
Cassidy | None
Manju | None
Traci | None
John | None
Vinny | None
Ragunath | None
Victoria | None
Gerald | None
Dwayne | None
Bogdan | None
Emanuel | None
Jeremy | None
Priyanka | None
Eddie | None
Artie | None
Todd | None
Joseph | None
Pravin | None
Martel | None
Eric | None
Abelardo | None
Elliott | None
Kellie | None
Thomas | None
Alex | None
Nichole | None
Dale | None
Mark | None
Elizabeth | None
Adam | None
Shuchi | None
Gerret | None
Kevin | None
Kevin | None
Lizanne | None
Zankhana | None
Austin | None
Alexander | None
Ellie | None
Gje | None
Andy | None
Megha | None
Przemek | None
Gabrielle | None
Kevin | None
Jim | None
Victor | None
Allie | None
Joseph | None
Joe | None
Wallace | None
Joni | None
Jon | None
David | None
Dave | None
Kelly | None
David | None
Scott | None
Philip | None
Emily | None
Celton | None
Stephen | None
Monica | None
Phillip | None
Nick | None
Sarah | None
Mohib | None
Karyss | None
Adam | None
Carter | None
Emily | None
Tommy | None
Ryan | None
Victor | None
Nafee | None
Alexander | None
Marcus | None
CJ | None
Kate | None
David | None
Adam | None
Kentrell | None
Zachary | None
Rob | None
Dario | None
Nico | None
Alex | None
Daniel | None
Greg | None
Brenda | None
Julia | None
Avi | None
Matthew | None
Jessica | None
Heather | None
John | None
Summer | None
Dylan | None
Zachary | None
Brandon | None
William | None
Jacquelyn | None
Darlene | None
Kelly | None
Benji | None
Rob | None
Nick | None
Michael | None
Alex | None
Zack | None
Jacquese | None
Todd | None
Kevin | None
Thomas | None
Emma | None
Emma | None
Emma | None
Elena | None
Dylan | None
Dean | None
Ryan | None
Valerie | None
Taylor | None
Rob | None
Trent | None
Michael | None
John | None
Kevin | None
Cristie | None
Emily | None
Jeremy | None
Sienna | None
Mark | None
Jerry | None
Kari | None
Anthony | None
Ryan | None
Kaitlyn | None
Austin | None
Travis | None
Sean | None
Kaleo | None
Michael | None
John | None
Maria | None
Zach | None
Pariss | None
Heather | None
Glessi | None
Adam | None
Zachary | None
Steven | None
Scott | None
John | None
Jacqueline | None
Bill | None
Jason | None
Ryan | None
Michael | None
Chris | None
Jorge | None
Camila | None
Julie | None
Dave | None
Jorge | None
Allie | None
julie | None
Lloyd | None
samuel | None
Michelle | None
Michelle | None
Kendel | None
Kelli | None
Jaeson | None
Erik | None
Chris | None
Linnea | None
Vince | None
Samuel | None
Philippe | None
Kendra | None
Jeffrey | None
Angela | None
Austin | None
Danielle | None
Jazmin | None
Jordan | None
Samuel | None
Julie | None
Marie | None
Richelle | None
Mariela | None
Anthony | None
Mariela | None
Graym | None
Mariela | None
Jeannine | None
Brenton | None
Sawsan | None
Anna | None
Jason | None
Michelle | None
Caitlin | None
Madison | None
Eric | None
Kerry | None
Praveen | None
Marie | None
Scarlett | None
Danelle | None
Emmy | None
Justin | None
Anthony | None
Ava | None
Nicholas | None
Mike | None
Mike | None
Maximillian | None
Paulette | None
Justin | None
John | None
Emmy | None
Eddie | None
David | None
Quinn | None
Graym | None
Spencer | None
Stephanie | None
Vicky | None
Michelle | None
Graym | None
Jason | None
Julie | None
Jeannine | None
Dave | None
Mariela | None
Michelle | None
Cynthia | None
Richa | None
Craig | None
Kerry | None
Anna | None
Vickram | None
Mike | None
Chrystal | None
Yan | None
John | None
Casey | None
Rinat | None
Chris | None
Rosanna | None
Andy | None
Lisa | None
Korrie | None
Mark | None
Christina | None
Eric | None
Ava | None
David | None
Kendel | None
Jeannine | None
Vicky | None
Andrea | None
Allie | None
Sawsan | None
Mariela | None
Kelli | None
Jeffrey | None
Anthony | None
Danielle | None
Stephanie | None
Praveen | None
Phu | None
Melanie | None
Mariela | None
Erik | None
Christina | None
Chris | None
Callie | None
Berg | None
Kendra | None
Ken | None
Chris | None
Jorge | None
Diana | None
Luciano | None
Maria | None
Tomas | None
Mihaela | None
Maria | None
Liana | None
Laura | None
Evelin | None
Emily | None
Diana | None
Diego | None
Diego | None
Daniel | None
Liana | None
Jennifer | None
Evelin | None
Robyn | None
Liz | None
Joel | None
Greetings | None
Greetings | None
Greetings | None
Tom | None
Jeremy | None
Sam | None
Helen | None
Craig | None
Michael | None
Elena | None
Emily | None
Charlotte | None
Haley | None
Ivona | None
Hannah | None
Krista | None
Gary | None
Stevie | None
Darla | None
Joshua | None
Garrett | None
Dan | None
Steve | None
Nicholas | None
George | None
Nicole | None
Kirk | None
Ron | None
Sam | None
Anjali | None
Kaitlyn | None
Tim | None
Shawn | None
Cameron | None
McKenzie | None
Luke | None
Tim | None
Nancy | None
Melissa | None
Bryan | None
Michelle | None
Angelica | None
Dawn | None
Gilbert | None
Ivan | None
Jim | None
Joanna | None
Joel | None
John | None
Jonathan | None
Kaitlyn | None
Leighton | None
Mark | None
Rahsaan | None
Derek | None
Melissa | None
Victoria | None
Baris | None
Megan | None
Rebecca | None
Elizabeth | None
Christian | None
Senait | None
Nic | None
Mollie | None
Conor | None
Charlie | None
Tad | None
Jon | None
Claire | None
Marry | None
Greetings | None
Monica | None
Melissa | None
Misty | None
Kathy | None
Travis | None
Colin | None
Angie | None
Daina | None
Ruel | None
Amanda | None
John | None
Morgan | None
Rebecca | None
Rachel | None
Alexandria | None
Lance | None
Ryan | None
Lisa | None
Jeremy | None
Madeline | None
Ryan | None
Lydia | None
Maura | None
Tony | None
Holdaway | None
Spindler | None
Barrie | None
Nolan | None
Rossano | None
Leopard | None
Campbell | None
Hamm | None
Lluberes | None
Williams | None
Mulcaire | None
Ebron | None
Meekins | None
Lennick | None
Blakes | None
Tripp | None
Monteiro | None
Audrianna | None
Briana | None
Caudill | None
Helbert | None
Hayek | None
Holden | None
Patel | None
Mello | None
Maiorano | None
Stenberg | None
Berry | None
Zera | None
Bernard | None
Macayla | None
Chastain | None
Stacie | None
Meredith | None
Lindsey | None
Finlay | None
Bob | None
Ben | None
Damian | None
Marcus | None
Robert | None
Lewis | None
Edyta | None
Andy | None
Joseph | None
Kevin | None
Laurie | None
Jack | None
Ben | None
Vikranth | None
Beth | None
Allison | None
Jennifer | None
Kelsey | None
Sarah | None
Noelle | None
Emily | None
Nina | None
Theresa | None
Michelle | None
Zubin | None
Ted | None
Steven | None
Parameshwari | None
Liza | None
Arica | None
LeRhone | None
Jon | None
Lacy | None
Matthew | None
Bryan | None
Satya | None
Prudhvi | None
Tu | None
Brian | None
Chevonne | None
Heidi | None
Mark | None
Jessica | None
Pratik | None
Leela | None
Leah | None
Savannah | None
Mark | None
Kevin | None
Devesh | None
Téa | None
Sara | None
Sera | None
John | None
Derald | None
Matthew | None
Mark | None
Mollie | None
Emilee | None
Samantha | None
Daniel | None
Angelina | None
Erik | None
Robert | None
emily | None
samantha | None
Francesca | None
Jason | None
Lyle | None
Tara | None
Raven | None
Dain | None
Shake | None
Ken | None
Gilbert | None
Ellen | None
Allison | None
Sara | None
Jeremias | None
Eduardo | None
Bryan | None
Alex | None
Sheryl | None
Susan | None
Holly | None
Jeronimo | None
Bryan | None
Jeff | None
Russ | None
Rick | None
Nicolas | None
Sandra | None
Lena | None
Sophia | None
Beth | None
Jessica | None
Gwen | None
Leslie | None
James | None
Diane | None
Issy | None
Dennis | None
Marcela | None
Veronica | None
Zoe | None
Pauline | None
Otto | None
Oriana | None
Nick | None
Max | None
Lauren | None
Ken | None
Joshua | None
Kevin | None
Catherine | None
Jason | None
Alex | None
Yasmine | None
Gabrielle | None
Jim | None
Sherry | None
Maureen | None
Annabel | None
Felecia | None
Marie | None
Jim | None
Sylvia | None
Ernie | None
Joseph | None
Suman | None
Tyler | None
kendra | None
jack | None
Evens | None
Heather | None
Abby | None
Jase | None
Stacey | None
Lainey | None
Aleisha | None
Wall | None
Amy | None
Debbie | None
Scott | None
Jayson | None
Jenny | None
Griff | None
Jake | None
Joshua | None
Jordyn | None
Julie | None
Liz | None
Jonathan | None
Jason | None
Joshua | None
Logan | None
Joe | None
Jill | None
Jake | None
Heather | None
Gordon | None
Jessie | None
John | None
James | None
Irina | None
DeGagne | None
Farah | None
Ilene | None
Jax | None
Guy | None
Chricell | None
Kris | None
Barry | None
Elena | None
Kristian | None
Rocio | None
Sam | None
Denis | None
Dave | None
Igor | None
Ashley | None
Cindy | None
Bob | None
Danielle | None
Bill | None
Jim | None
Stephanie | None
Taylor | None
Todd | None
Trent | None
Adam | None
Jason | None
Amar | None
Stacy | None
Rocio | None
Deepa | None
Neeti | None
Elane | None
Sikandar | None
Amar | None
Rocio | None
Neeti | None
Barry | None
Michael | None
Deepa | None
Leah | None
Lindsay | None
Jennifer | None
Johanna | None
Jordan | None
Kelly | None
Mary | None
doug | None
carlo | None
gill | None
anushree | None
allen | None
adhitya | None
haitham | None
ian | None
edmond | None
arlon | None
Dalton | None
Rebecca | None
Oscar | None
Elisabeth | None
Brent | None
Allan | None
Nathan | None
Daniel | None
Tyler | None
Steven | None
Sude | None
Ebrahim | None
Tomáš | None
jay | None
karina | None
na | None
liliana | None
Michelle | None
Patrick | None
Sofia | None
Adam | None
Cesar | None
Anshi | None
Ariana | None
Brian | None
Dan | None
Grady | None
Hilary | None
Pierre | None
Valeria | None
Anto | None
Antoinette | None
yie | None
tomas | None
thais | None
tadiwa | None
rohini | None
raymundo | None
ram | None
mihai | None
Landen | None
Ionuț | None
marco | None
Yvette | None
Carlo | None
Raymundo | None
Diana | None
Brent | None
McKenzie | None
Fernanda | None
Valeria | None
Eva | None
Oscar | None
Martina | None
Dan | None
Valeria | None
Martina | None
Jade | None
Eva | None
Diana | None
Allan | None
Grady | None
Yvette | None
Rebecca | None
Steven | None
Bita | None
Keith | None
Jade | None
Cody | None
Fernanda | None
Liliana | None
Matt | None
Sarah | None
Anshi | None
Ariana | None
Brian | None
Elisabeth | None
Liliana | None
Anna | None
Roisten | None
Shaheen | None
Karen | None
Seena | None
Twizel | None
Soel | None
Anushree | None
Sarah | None
Vijay | None
Soel | None
Shriniwas | None
Vijay | None
Vijaya | None
Harish | None
Errol | None
patrick | None
Gary | None
erin | None
jared | None
kathy | None
Kim | None
susannah | None
steve | None
phillip | None
Meaghan | None
Craig | None
John | None
Richard | None
Mark | None
Maria | None
Anthony | None
Wendy | None
Joel | None
Jon | None
Evan | None
Kristin | None
Derek | None
Rory | None
Kim | None
Mark | None
Norm | None
Duncan | None
Kim | None
Sarah | None
Derek | None
Judith | None
MICHAEL | None
Babak | None
Trevor | None
David | None
Mitchell | None
Daniel | None
Donnell | None
David | None
Micheil | None
Sam | None
Kevin | None
Jamie | None
Kyteja | None
Stanley | None
Harshal | None
Tim | None
Natsuki | None
Jamie | None
Amanda | None
Tia | None
Campbell | None
Freddie | None
Tashema | None
Kraig | None
Leah | None
Mark | None
Sajith | None
Mohsin | None
Natsuki | None
Sakinah | None
Sakinah | None
Christine | None
Franklin | None
Rajesh | None
Mary-Beth | None
Leilah | None
Robert | None
Tamatha | None
Eileen | None
John | None
Tofik | None
Sydney | None
Rachel | None
Sagar | None
Dilraj | None
Saurabh | None
Sunil | None
Salil | None
Victor | None
Smith | None
Nainesh | None
Tyler | None
Farhana | None
Sameer | None
Vaidehi | None
Avinash | None
Pratik | None
Arbaz | None
Yogita | None
Karan | None
Stuti | None
Prachiti | None
Rehan | None
Gloria | None
Avinash | None
Darshan | None
Rushikesh | None
Shubham | None
Roshan | None
Pallavi | None
Nayan | None
Needa | None
Shahid | None
Rahul | None
Akram | None
Rohit | None
Jyotsna | None
George | None
Jebin | None
Anil | None
Amol | None
Rashi | None
Abhijith | None
Jay Freeman | None
Logan Ridgley | None
Monica Mays | None
Nguyen | None
Kimie Kirkland | None
Alfreda | None
Shanna | None
Steven | None
Trevor | None
Robin | None
Art | None
Ewa | None
Colleen | None
Ryan | None
Cameron | None
A | None
Mike | None
Michael | None
Emily | None
Christopher | None
Alicia | None
Alex | None
Melissa | None
Scott | None
Rocco | None
James | None
Tara | None
Rubi | None
Stacey | None
Nikko | None
Leela | None
Darcy | None
Ben | None
Monroe | None
Christina | None
Jamie | None
Phillip | None
luke | None
nathaniel | None
Terry | None
Tosha | None
Ben | None
Evan | None
Tom | None
David | None
Jess | None
Luke | None
Beau | None
Katie | None
Katt | None
Kelly | None
Saima | None
Sarah | None
Nicholas | None
Sam | None
jack | None
jeremy | None
justin | None
matt | None
michael | None
Manus | None
Michael | None
Sarah | None
Chris | None
Megan | None
Tommy | None
Jeremy | None
Justin | None
Nick | None
Matt | None
Kari | None
Jess | None
nick | None
Sam | None
Randy | None
Tim | None
Lesa | None
Priscilla | None
Jordan | None
Courtney | None
Elizabeth | None
Susan | None
Brendan | None
Clarissa | None
Andrew | None
sarah | None
Kenneth | None
tommy | None
todd | None
Katie | None
Abby | None
Katie | None
John | None
John | None
Nicole | None
Jackie | None
Jon | None
Hannah | None
Carly | None
Peter | None
Beau | None
Deborah | None
Lesley | None
Mike | None
Amy | None
Ivonne | None
Joshua | None
Staci | None
Yvonne | None
Amy | None
Dana | None
Jill | None
Georgette | None
Mae | None
Jada | None
Sheenah | None
Rosetta | None
Meghan | None
Mike | None
Michael | None
Victor | None
Samantha | None
Trevor | None
Mariyetta | None
Ziad | None
Randy | None
Kathryn | None
Kimberly | None
Kevin | None
Jenna | None
George | None
Fadia | None
Curt | None
Adriana | None
Dennis | None
Jonathan | None
John | None
Isaiah | None
George | None
Kevin | None
Wilbur | None
Linda | None
Clay | None
Sumanta | None
Mary | None
Claudia | None
Tim | None
Madison | None
Kelsey | None
Jim | None
Jennifer | None
Ashley | None
Ariana | None
Ryan | None
Mark | None
Jennifer | None
Justin | None
Cory | None
Cara | None
Audra | None
ross | None
mona | None
justin | None
julia | None
janice | None
brett | None
amy | None
Joseph | None
Adrienne | None
Tami | None
Tammi | None
Samantha | None
Miguel | None
Erin | None
Daniel | None
Team | None
Austin | None
Sam | None
Matthew | None
Natalie | None
Marketing | None
Patrick | None
Patrick | None
Iva | None
Deborah | None
Keith | None
Jim | None
Allyson | None
Mark | None
Jatin | None
Pallavi | None
Jill | None
Ashish | None
Shobhana | None
Pankaj | None
Ahmed | None
Alok | None
Parthiban | None
Shweta | None
Gaurav | None
Bhargav | None
Tetiana | None
Anuj | None
Ayesha | None
John | None
Purna | None
Rajasekhar | None
Elisabeth | None
Alena | None
Indrani | None
Nathan | None
Channa | None
Banti | None
Manoj | None
Goodwin | None
Rubin | None
Natalie | None
Taylor | None
Richard | None
Emmanuel | None
Emily | None
Nora | None
Frances | None
Breann | None
Gillian | None
Grace | None
Sam | None
Allison | None
Geoffrey | None
Madison | None
Hanna | None
Hannah | None
John | None
John | None
Kate | None
John | None
Katelynn | None
Kelsey | None
Kennedy | None
Joe | None
Hannah | None
Kenny | None
Kirsten | None
Joe | None
Jenny | None
Jenna | None
Jarod | None
Jacob | None
Ian | None
Hannah | None
Kerry | None
Emmanuel | None
Eric | None
Paige | None
Brady | None
Wynne | None
Erica | None
Charlie | None
Timothy | None
Christina | None
Carly | None
Carly | None
Eric | None
Jenny | None
Ally | None
Matthew | None
Jenny | None
Josh | None
Haley | None
Zenia | None
Sarah | None
Elizabeth | None
Kait | None
Andrew | None
Mitchell | None
Emanuel | None
Alex | None
Marisa | None
Alberto | None
Tim | None
Rees | None
LeeAnn | None
Sarah | None
Mara | None
Kyle | None
Eliza | None
Matt | None
Tyler | None
Abbey | None
Sydney | None
Brenden | None
Jack | None
Caleb | None
Anthony | None
John | None
Stina | None
Drew | None
Esmee | None
Caroline | None
Kaleigh | None
Sarah | None
Brad | None
Megan | None
Madison | None
Kyle | None
Brent | None
Brett | None
Brianna | None
Blake | None
Cole | None
Danielle | None
Delaney | None
Drew | None
Dylan | None
Eden | None
Emanuel | None
Emily | None
Chris | None
Jack | None
Eliot | None
Ally | None
Makenzie | None
Anastasia | None
Carly | None
Tyrece | None
Alexandra | None
Alexandra | None
Caleb | None
Keeley | None
Bailey | None
Paige | None
McKena | None
Chase | None
Audrey | None
Brian | None
Davonte | None
Lauren | None
Patrick | None
John | None
Abhishek | None
Sachin | None
Kraig | None
Dhaval | None
Sahil | None
Kevin | None
Alex | None
Curt | None
Angela | None
Jonathan | None
Alex | None
Amit | None
Nicole | None
Madison | None
Dave | None
Trevor | None
Ava | None
Connor | None
Jenna | None
Samuel | None
Sofia | None
Vanessa | None
Max | None
Lily | None
Genevieve | None
Bailey | None
Tyler | None
Isa | None
McCall | None
Madison | None
Faith | None
Porter | None
Nathan | None
Gerrit | None
Kjersten | None
Mae | None
Meredith | None
Kelsey | None
Avery | None
Luis | None
Orvil | None
Walker | None
Jack | None
Ephrem | None
Connor | None
Brooke | None
Carrie | None
Ciera | None
Sam | None
Abigail | None
Mary | None
Maddi | None
Alison | None
Greetings | None
Ashley | None
Renee | None
Sarah | None
John | None
Shelby | None
Ashlyn | None
Kyrie | None
Logan | None
Tyler | None
Will | None
Orvil | None
Rebecca | None
Mike | None
Rona | None
Trisha | None
Chad | None
Aarti | None
Brekiesha | None
Camdyn | None
Kelsi | None
Lilly | None
Taylor | None
Mat | None
Molly | None
Olivia | None
Paige | None
Paul | None
Rachel | None
Ralph | None
Ron | None
Ryan | None
Sam | None
Samantha | None
Scott | None
Sean | None
McKinzie | None
Shania | None
Matt | None
Maryena | None
Madeleine | None
Madeline | None
Madison | None
Madison | None
Makena | None
Mara | None
Drew | None
Mike | None
Julianne | None
Marc | None
Rahul | None
Andrew | None
Henry | None
Clayton | None
Matt | None
Paul | None
Sofia | None
Stephanie | None
Claudia | None
Hannah | None
Paige | None
Jordan | None
Stephanie | None
Jordan | None
Wynne | None
Natty | None
Brendan | None
Kelsey | None
Justin | None
Cary | None
Logan | None
Zenia | None
Alex | None
Riley | None
Sofia | None
Austin | None
David | None
Sydney | None
Taylor | None
Travis | None
Trent | None
Victoria | None
Virginia | None
Vita | None
Zach | None
Ben | None
Meghan | None
Katie | None
Cristin | None
Jordan | None
Kelsi | None
Morgan | None
Tyler | None
Stephanie | None
Ryann | None
Samantha | None
Adam | None
Megan | None
Jennifer | None
Terri | None
Haamed | None
Evan | None
Whitney | None
Ola | None
Viktoria | None
Ryan | None
Hailey | None
Ben | None
John | None
Henry | None
Benjamin | None
Craig | None
Juan | None
Connor | None
Olivia | None
Laisha | None
Mayur | None
Richard | None
Mallory | None
Logan | None
Kevin | None
Nathan | None
Molly | None
Emma | None
Thomas | None
Ginger | None
Samridhi | None
Caleb | None
Delaney | None
Daniella | None
Urja | None
Tonya | None
Erika | None
Jeff | None
Maddie | None
Mariah | None
Ethan | None
Valorie | None
Nathan | None
Evonne | None
Ellary | None
Anthony | None
Delaney | None
Lauren | None
Stephen | None
Austin | None
Christian | None
Mark | None
Michael | None
Jared | None
Matthew | None
Thomas | None
Tia | None
Kathy | None
Muosa | None
Brian | None
Maria | None
Presley | None
Elliott | None
Mitchell | None
Jimmy | None
Jamie | None
Sachin | None
Samridhi | None
Andrew | None
Tori | None
Isabelle | None
Tommy | None
Tyler | None
Frank | None
Sharon | None
Steven | None
Hannah | None
Brooke | None
Jackson | None
Marissa | None
Brandon | None
John | None
Madison | None
Maggie | None
Brooke | None
Lilian | None
Joshua | None
Grace | None
James | None
Ben | None
Alexis | None
Gaurav | None
Justin | None
Dalton | None
Erik | None
Hayden | None
Conor | None
Angela | None
Olivia | None
Madeline | None
Mahayla | None
Payton | None
Debi | None
Benjamin | None
Stefane | None
Zev | None
Maxwell | None
Sabih | None
Dwayne | None
Kelly | None
Trey | None
Robert | None
Justin | None
Sydney | None
Ally | None
Anand | None
Alanna | None
Reilly | None
Madison | None
Summer | None
Isabella | None
STEPHANIE | None
Erika | None
Sydni | None
Leslie | None
Jack | None
Mikayla | None
Paige | None
Chad | None
Adarsh | None
Alyssa | None
Ben | None
Trey | None
Jaclyn | None
Jonathan | None
Phillip | None
Torrance | None
Logan | None
Anton | None
Porsche | None
Valerie | None
Kara | None
Stephen | None
Mary | None
Quin | None
Tim | None
Neil | None
Azizat | None
Adreanna | None
Andrea | None
Heather | None
Mark | None
Lexie | None
Phillip | None
Teyanna | None
Jack | None
Marcus | None
Hewad | None
Wendy | None
Beau | None
Christopher | None
Riley | None
Bob | None
Aaron | None
Naiya | None
Natalie | None
Emmanuel | None
Gabby | None
Madison | None
Abe | None
Scott | None
Matthew | None
Eric | None
Debra | None
Tim | None
Ariel | None
Ariana | None
Max | None
Arthur | None
Mathew | None
Neeraj | None
Priyanka | None
Joe | None
Josh | None
Justin | None
Kate | None
Katelyn | None
katie | None
Kayla | None
Kelly | None
Kelly | None
John | None
Kevin | None
Kimberly | None
Kristen | None
Kristina | None
Kylie | None
LaJerland | None
Lauren | None
Lauren | None
Kevin | None
Jimmy | None
Jim | None
Jesse | None
Catherine | None
Chase | None
Chris | None
Christina | None
Cole | None
Colton | None
Connor | None
Drake | None
Drew | None
Elise | None
Ellie | None
Emily | None
Emma | None
Ethan | None
Gavin | None
Gracin | None
Grayson | None
Jake | None
Jay | None
Madeline | None
Maggie | None
Marissa | None
Mary | None
Tymbria | None
TyraRose | None
Wynne | None
Jamie | None
Jennifer | None
Kane | None
Nicole | None
Robert | None
Trent | None
Vaishnavi | None
Sachin | None
Andrew | None
Lauren | None
MaryKate | None
Venu | None
Halima | None
Andrew | None
Mara | None
Tanna | None
Thomas | None
Carter | None
Taylor | None
Steven | None
Matt | None
McCall | None
Meagan | None
Meghan | None
Miv | None
Nate | None
Niall | None
Nicholas | None
Olivia | None
Payton | None
Preet | None
Reagan | None
Sam | None
Sara | None
Sarah | None
Scott | None
Serena | None
Shae | None
Sonny | None
Sydney | None
Caroline | None
Camden | None
Callie | None
Lauren | None
Catherine | None
Holly | None
Tom | None
Kayla | None
Morgan | None
McKena | None
Sydney | None
Jack | None
Jacob | None
John | None
Mary | None
Logan | None
Urja | None
Kennedy | None
Emily | None
Lauren | None
Ariana | None
John | None
Andrew | None
Baylee | None
Deepak | None
Emily | None
Meghan | None
Varshal | None
Ashley | None
Allan | None
Fiona | None
Molly | None
Jaivesh | None
Caleb | None
MaryKate | None
Kate | None
Athena | None
Amit | None
Thalia | None
Mackenzi | None
Ed | None
Natalie | None
Camden | None
Krishna | None
Kaitlyn | None
Shaye | None
Ciara | None
Diego | None
Hayden | None
Hanna | None
Jessica | None
Kylie | None
Lauren | None
Olivia | None
Olivia | None
Reese | None
Sacha | None
Adison | None
alex | None
Alexis | None
Anisa | None
Ben | None
Blake | None
Brandon | None
Brittany | None
Alexis | None
Naiya | None
Abbey | None
Payton | None
Zach | None
Sarah | None
Daniella | None
Sofia | None
Sarah | None
Sofia | None
Robert | None
Isabella | None
Ava | None
Jane | None
Tessa | None
Adam | None
Chase | None
Giavanni | None
Kate | None
Maxwell | None
Olivia | None
Stephen | None
Julia | None
Rebecca | None
Tyler | None
Janice | None
Payton | None
Zach | None
Seth | None
Austin | None
Natalie | None
Carlyn | None
Allan | None
Kanchan | None
Art | None
Ama | None
Logan | None
Kate | None
Drew | None
Jack | None
Joyce | None
Scott | None
Boluwatife | None
Adam | None
Indira | None
Isabella | None
Kaleb | None
Elizabeth | None
Samantha | None
Kate | None
Bailey | None
Mark | None
Meghan | None
Lauren | None
Renee | None
Brooke | None
Edward | None
Jamie | None
Joshua | None
Karla | None
Zion | None
Ian | None
Gianna | None
Marc | None
Brooke | None
Zac | None
William | None
Sumi | None
Jason | None
Eric | None
Sarah | None
Dylan | None
Telma | None
Scott | None
Jerome | None
Colin | None
Mike | None
Mackenzy | None
David | None
Harmony | None
Lucas | None
Cherina | None
Kelsey | None
Peter | None
Jordan | None
Joe | None
Ric | None
Ambrosia | None
Esley | None
Ron | None
Alexis | None
Erica | None
Asa | None
Raymond | None
Teresa | None
Alyssa | None
Dale | None
Greg | None
Kameron | None
Megan | None
Abimbola | None
Lauren | None
Mina | None
Ali | None
Jen | None
Ryan | None
Faruk | None
Mariah | None
Caleb | None
Sandra | None
UMAIR | None
Andreas | None
Dan | None
Sara | None
Alyssa | None
Megan | None
Aayush | None
Eli | None
vishal | None
Renee | None
Ayushman | None
Autumn | None
Andrew | None
Emily | None
Chloe | None
Adam | None
Natalie | None
Claire | None
Hattie | None
Samantha | None
Akash | None
Spencer | None
Allie | None
Nico | None
Stephanie | None
Olivia | None
Mike | None
Jenna | None
Meredith | None
Macy | None
Lexie | None
Alyson | None
Taylor | None
Colton | None
Lauren | None
Kelsey | None
Olivia | None
Caroline | None
Michael | None
Sydney | None
Cole | None
Frankie | None
Kaylee | None
Holly | None
Karlyn | None
Tori | None
Zach | None
Brock | None
Lauren | None
Sedona | None
Reilly | None
Emily | None
Leigh | None
Rob | None
Jillian | None
Kaylin | None
Ruchika | None
Erika | None
Samantha | None
Ed | None
Natsume | None
Bridget | None
L | None
Jon | None
Kristina | None
Henry | None
Madelyn | None
Jenna | None
Kailey | None
Lorenzo | None
Abigail | None
Rylee | None
Rachel | None
Madison | None
Brooke | None
Destinee | None
Kathryn | None
Neeraj | None
Jinish | None
Mahayla | None
Haley | None
Juan | None
Taylor | None
Hayat | None
Callie | None
Jeff | None
JACK | None
Brandon | None
Christian | None
Mahayla | None
Cameron | None
Carson | None
Courtney | None
Hunter | None
John | None
Katherine | None
Kyle | None
Luke | None
Madison | None
Matt | None
Nicholas | None
Ryan | None
Sarah | None
Tolan | None
Isabella | None
Amber | None
Chase | None
Trevor | None
Alyssa | None
Hannah | None
Alyssa | None
Kimberly | None
William | None
Kelsie | None
Helena | None
Brittany | None
Kiley | None
JACK | None
Jacquelyn | None
Gabby | None
Corey | None
Nick | None
Julian | None
Nick | None
Sydney | None
John | None
Craig | None
Collins | None
Devon | None
Chenita | None
Savannah | None
Joshua | None
Alex | None
Cole | None
Ryan | None
Henry | None
Kaung | None
Mikaela | None
Brandon | None
Lauren | None
Daja | None
Andrew | None
none | None
Haley | None
Keila | None
Natalie | None
Michael | None
Kaileigh | None
Nick | None
Melissa | None
Jack | None
Lily | None
Madelyn | None
Madison | None
Spencer | None
Serhei | None
PHILLIP | None
Khemmanij | None
Tony | None
Carly | None
Maria | None
Dylan | None
Julia | None
Brooke | None
Madison | None
Nicole | None
Joe | None
Zachary | None
Varshal | None
Aubrey | None
Katie | None
Amy | None
Lettie | None
Alison | None
Emmalyn | None
Madelynn | None
Nathan | None
Tom | None
Shane | None
Maddie | None
Liz | None
Alex | None
Bailey | None
Lakecia | None
Cole | None
Christopher | None
Sarah | None
Logan | None
Megan | None
Nathan | None
Mike | None
Daniel | None
Charles | None
Derrick | None
Jacob | None
Matthew | None
Kelvin | None
Alonzo | None
Tiffany | None
Ryan | None
Alyssa | None
Aidan | None
Sara | None
Babu | None
Kenny | None
Connor | None
Matthew | None
Olivia | None
KUSUM | None
Luke | None
Alexa | None
Tu | None
Cathy | None
Nicholas | None
Natalie | None
Nicole | None
Kazeem | None
Olivia | None
Latosha | None
Jason | None
Richard | None
Joshua | None
Luke | None
Abigail | None
Jeremy | None
Liddell | None
Scott | None
Michael | None
Stacie | None
Bharati | None
Janise | None
Steven | None
Kurt | None
Sheila | None
Zoe | None
Cindy | None
Mike | None
Jaime | None
Dave | None
Carlie | None
Lainie | None
Darryl | None
Victor | None
Erica | None
Ololade | None
Sophia | None
Mohammed | None
Jacob | None
Courtney | None
Christy | None
Ryan | None
Brian | None
Paul | None
Faraz | None
Henry | None
Lauren | None
Nikaury | None
Macie | None
Mas | None
Deteshia | None
Victoria | None
Gabbie | None
Daniel | None
Connor | None
Olly | None
Erik | None
Amy | None
Sarah | None
Chris | None
Angela | None
Christi | None
Ozzie | None
Kyle | None
Jessica | None
Jacqueline | None
Kim | None
Ximena | None
Amanda | None
Flavia | None
Joshua | None
Mike | None
Sarah | None
Eric | None
David | None
Alicia | None
Melissa | None
Amber | None
Denise | None
Joel | None
Rachel | None
Brandon | None
Cyndi | None
35 | None
34 | None
32 | None
31 | None
33 | None
Christofer | None
Quenton | None
Matthew | None
Alvin | None
Michelle | None
Chris | None
Lee | None
Chris | None
Quenton | None
Tiffani | None
Andrew | None
Perry | None
Chris | None
Jim | None
Martin | None
Sufyan | None
Tyler | None
Stephen | None
Chinmay | None
Terone | None
Erol | None
Travis | None
Patrick | None
Anwi | None
Sean | None
Robert | None
David | None
Stephen | None
April | None
William | None
Chris | None
Anwi | None
Thomas | None
Shawn | None
Jorge | None
Nicholas | None
Buchanan | None
Tiffani | None
Kirby | None
Charmi | None
Hetal | None
Alba | None
Carrie | None
Thomas | None
Kay | None
Christy | None
Kshitij | None
Emmanuel | None
Dan | None
Shawn | None
Rutu | None
Luke | None
Luwam | None
Kimberley | None
Jamie | None
Jorge | None
George | None
Fame | None
Charmi | None
Andi | None
Clay | None
Denise | None
Ana | None
Christy | None
Emmanuel | None
Solomon | None
Stephen | None
Regan | None
Sri | None
Sharon | None
Sharon | None
Rebecca | None
Nicole | None
Steffy | None
Jon | None
Jon | None
Jenn | None
Jasmine | None
Kris | None
Charmi | None
Carolyn | None
Brandon | None
Thomas | None
John | None
Amy | None
Andrea | None
Tyler | None
Cheryl | None
Shannon | None
Emily | None
Ally | None
Elizabeth | None
Kim | None
Kate | None
Adam | None
Mimi | None
Tyler | None
Sam | None
Nikki | None
Jamie | None
Saoirse | None
Vuyiswa | None
Thamanna | None
Piyush | None
Movin | None
Aravind | None
Ashritha | None
Swati | None
Jyoti | None
Peter | None
Nicole | None
Josh | None
Edward | None
Nicholas | None
Nicholas | None
Simon | None
Courtney | None
Recruiters | None
Lexy | None
Simon | None
Peter | None
Rob | None
Nicholas | None
Caillie | None
Jon | None
Nicole | None
Sue | None
Robert | None
Courtney | None
Paul | None
Emily | None
Hannah | None
Natalie | None
Alex | None
Alexander | None
Faith | None
Jonathan | None
Skylar | None
Lori | None
Nicola | None
Paul | None
Sophia | None
Tommy | None
Dani | None
Kimberley | None
Nicole | None
Kimberly | None
Sean | None
Lindsay | None
Regan | None
Allie | None
Sue | None
Maggie | None
Ashley | None
Brittany | None
Theresa | None
Alejandra | None
Kathryn | None
Susan | None
Krista | None
Charise | None
Linda | None
Christina | None
Heather | None
Erin | None
Libby | None
Kevin | None
Judith | None
Maria | None
Kylie | None
Lyndsey | None
Loryn | None
Lisa | None
Lindsay | None
Linda | None
Laura | None
Wendy | None
Veronica | None
Tom | None
Peyton | None
Melodyh | None
Laura | None
Joel | None
Molly | None
Patti | None
Christa | None
Dana | None
Emily | None
Larissa | None
Angela | None
Ashley | None
Caitlin | None
Shannon | None
Brandy | None
Judith | None
Jovanni | None
Jennifer | None
Janet | None
Isabel | None
Heather | None
Brianna | None
Penny | None
Recruiter | None
Michelle | None
Abbigail | None
Logan | None
Rick | None
Morgan | None
Roxy | None
Elaine | None
Edna | None
Meredith | None
Cherly | None
Kylie | None
Kryshel | None
Jessica | None
Carmen | None
Kevin | None
Nicole | None
Isabel | None
Loryn | None
Sherry | None
Kiran | None
Kevin | None
Kyran | None
Michael | None
Mark | None
Michael | None
Nathan | None
Patric | None
Pam | None
Vincent | None
Rakesh | None
Suzanne | None
Samiha | None
Spencer | None
Tammy | None
Tony | None
Jeremy | None
Winston | None
Yu | None
Yashwanth | None
Pankaj | None
Julie | None
Doug | None
Evan | None
alvaro | None
anshul | None
david | None
erik | None
jonathan | None
melanie | None
John | None
rebecca | None
seth | None
tiffany | None
paul | None
Bryant | None
zach | None
Darryl | None
Cody | None
Chase | None
Dhayanesh | None
Blake | None
Baili | None
Ankur | None
Ashley | None
Craig | None
yulio | None
Nick | None
Sean | None
Natalie | None
Aaron | None
Simon | None
Milly | None
Ellie | None
Jordan | None
Jack | None
Timothy | None
Amy | None
Jon | None
Willie | None
Emma | None
Derek | None
Neil | None
Shpresa | None
Staci | None
Steven | None
Helen | None
Stephanie | None
Michael | None
Matthew | None
Joseph | None
Jake | None
Ryan | None
Doug | None
Stephanie | None
Jon | None
Malik | None
Brandon | None
Claire | None
Nick | None
Megan | None
Eric | None
T.J. | None
Timothy | None
Linda | None
Doug | None
Jaya | None
Eric | None
Donald | None
Valarie | None
Austin | None
Ryan | None
Alex | None
Megan | None
Bill | None
Kimberly | None
Hussan | None
Daisy | None
Thomas | None
Steven | None
Luke | None
Kit | None
Bill | None
bill | None
Shpresa | None
Merima | None
Jered | None
Katie | None
Ryan | None
Brandon | None
Sean | None
Remy | None
Gina | None
Clarinda | None
Matthew | None
Charlotte | None
Ankita | None
Alyanna | None
Caroline | None
Sandra | None
Gemma | None
Gemma | None
Deena | None
Matthew | None
Juan | None
Ashley | None
Stephen | None
Kim | None
Steve | None
Kier | None
Daniel | None
Peter | None
Shelby | None
Thomas | None
Kier | None
Dan | None
Kevin | None
Jerold | None
Andrew | None
Seth | None
Paul | None
Kusum | None
Mark | None
Sara | None
Dylan | None
Michelle | None
Md | None
Doug | None
Kimberly | None
Brandon | None
Baptu | None
Rene | None
Andy | None
Aaron | None
Brad | None
Courtney | None
Michael | None
Bryan | None
Matt | None
Nichole | None
Sean | None
Michael | None
Andrew | None
andrew | None
Michael | None
brittney | None
cheryl | None
jen | None
karishma | None
teresa | None
Brad | None
Jessica | None
Kusum | None
beth | None
Alan | None
Teresa | None
Kati | None
Jake | None
Jeff | None
J.T. | None
Dante | None
Jeremy | None
Brad | None
Brice | None
Amy | None
Dani | None
Marlin | None
Joseph | None
Christopher | None
Andrew | None
Marianne | None
Cindy | None
Aaron | None
Michael | None
Danielle | None
Brighid | None
Ashley | None
Jordan | None
Pete | None
Sydney | None
Nanette | None
Mary | None
Barbara | None
Christina | None
John | None
Ashton | None
Rachel | None
Hannah | None
Angie | None
Joe | None
Sonali | None
Christopher | None
Flavia | None
Burnette | None
Elysa | None
Margaret | None
Khile | None
Jan | None
Kelci | None
Paula | None
Qameruddin | None
Shirisha | None
Tom | None
Tracy | None
Uday | None
Madison | None
Brian | None
Christa | None
Becky | None
Christy | None
Joseph | None
Cindy | None
Devin | None
Sam | None
Rochelle | None
Lucy | None
Breanna | None
Bill | None
Haley | None
Samantha | None
Christina | None
Sherrod | None
Daniel | None
Bernard | None
Janita | None
David | None
Laura | None
Taylor | None
Sara | None
Ingrid | None
Ann | None
Candace | None
Haley | None
Grayson | None
George | None
Chris | None
Kristen | None
Keith | None
Jeff | None
Corina | None
Jennifer | None
Jason | None
Scott | None
Kevin | None
Dave | None
Jeff | None
Chuck | None
Mia | None
Robin | None
Michelle | None
Joyce | None
christopher | None
corina | None
jennifer | None
michelle | None
pete | None
Melissa | None
Corina | None
Christina | None
William | None
Ida | None
Corina | None
Jason | None
Steve | None
Michelle | None
Shujaat | None
Brian | None
Jason | None
Catherine | None
Christopher | None
Kaprice | None
Chuck | None
Bob | None
Brian | None
Pete | None
harthik | None
Rithwikk | None
Stephen | None
Ming | None
Bernard | None
Stacy | None
Claudio | None
Esteban | None
Yta | None
Julio | None
Marcia | None
Feso | None
Hernan | None
Nikolai | None
Lora | None
Giovanna | None
Estela | None
Melissa | None
Ethan | None
Dennis | None
Mary | None
Jodi | None
Peleg | None
Julie | None
Carlos | None
Sam | None
Mesfin | None
Alfiya | None
Guillermo | None
Claudia | None
Claudia | None
David | None
Sami | None
Jacques | None
Teyah | None
V. | None
Louise | None
Ryan | None
Melissa | None
Steve | None
Tricia | None
Yocelyn | None
Guillermo | None
Yocelyn | None
Claudio | None
Julio | None
Yta | None
Esteban | None
Marc | None
Mary | None
Hernan | None
Stacy | None
Ryan | None
V. | None
Teyah | None
Jacques | None
Sami | None
Marcia | None
Virginia | None
marc | None
Louise | None
Jim | None
Ethan | None
David | None
Dennis | None
Carlos | None
Chris | None
Steve | None
Arielle | None
Jim | None
Lora | None
Chase | None
Niko | None
Matt | None
Chris | None
Bernard | None
Ming | None
Feso | None
Nikolai | None
Alfiya | None
Giovanna | None
Estela | None
Mesfin | None
Lisa | None
Julie | None
Jodi | None
Michael | None
Lauren | None
John | None
Joe | None
Niko | None
Sabrina | None
Lisa | None
Alexa | None
Steve | None
Raymond | None
Stephen | None
john | None
Carlin | None
Bob | None
Matthew | None
Yolanda | None
Bob | None
Mary | None
Melissa | None
Peleg | None
Sam | None
Vincent | None
Mark | None
Lauren | None
Michael | None
Stacy | None
Tom | None
Joe | None
Jordan | None
Dan | None
Thom | None
Swetha | None
Roy | None
Kyle | None
Leon | None
Sandy | None
Darsh | None
Asad | None
John | None
Mathew | None
Arya | None
Tina | None
Adam | None
Olympia | None
Dharana | None
Brooke | None
Raj | None
Sunny | None
Sagar | None
Faizal | None
John | None
Lou | None
Kinjal | None
KishanKumar | None
Nancy | None
Hitanshi | None
John | None
Ross | None
Brian | None
Lillian | None
Shubham | None
Michael | None
Olivia | None
Leslie | None
Hannah | None
Prashant | None
Donna | None
Jennifer | None
Renard | None
Kristin | None
Lisa | None
Linda | None
Carol | None
Gerry | None
James | None
Jemmerria | None
Christopher | None
Brett | None
Austin | None
Fatima | None
David | None
Lisa | None
Mark | None
Jennifer | None
Abel | None
Bassam | None
Aruna | None
Drew | None
Anissa | None
Joseph | None
Tam | None
Parron | None
Paul | None
Karina | None
Katie | None
Jeff | None
Nathan | None
Suzanne | None
Rick | None
Robert | None
Jean | None
Sare | None
Mario | None
Alberto | None
Kayla | None
Boyd | None
Dimitra | None
Laura | None
Rigo | None
Gia | None
Cheryl | None
Jim | None
El | None
Addis | None
David | None
Greg | None
Jen | None
Scott | None
Tony | None
Kenneth | None
Swati | None
Michael | None
Claire | None
Jake | None
Kelly | None
Eric | None
Korey | None
Jonathan | None
Colleen | None
Thomas | None
Jason | None
Claudine | None
Anna | None
Abby | None
Alexandra | None
Josh | None
Alysa | None
Alfons | None
Eric | None
Kevin | None
Matt | None
Eric | None
Matt | None
Kevin | None
Nick | None
Kevin | None
SD | None
Felicity | None
Zac | None
Nicole | None
Caitlin | None
Tanya | None
Liliya | None
Kei | None
James | None
Flordeliza | None
Kenneth | None
K | None
Aditi | None
Eric | None
Chuck | None
Jim | None
Chloe | None
Tony | None
Krista | None
Aidan | None
Joe | None
suresh | None
Anthony | None
Hugo | None
Brieanne | None
Ashley | None
Jorge | None
Darin | None
Sharon | None
Jordan | None
Kevin | None
F | None
Corinne | None
Kyle | None
Zac | None
Erick | None
Maria | None
Caroline | None
Thomas | None
Michael | None
David | None
Amy | None
Ed | None
Anthony | None
Crystal | None
Kristin | None
Enna | None
Emery | None
Nelia | None
Anna | None
Joshua | None
Brad | None
Cara | None
Joymalya | None
Allison | None
Karyn | None
Brooke | None
David | None
Nicholas | None
Amy | None
Ashley | None
Anne | None
Brendan | None
Christina | None
Kei | None
Matthew | None
Marc | None
Eric | None
Bryan | None
Ariana | None
Meghan | None
Lauren | None
Kristin | None
Jennifer | None
Greg | None
Brooke | None
John | None
JoAnne | None
Meenakshi | None
Landon | None
Kassandra | None
Suman | None
Nivriti | None
Bridget | None
Sandhya | None
Destiny | None
Matthew | None
Paul | None
Sandra | None
Suresh | None
Virginia | None
Jennifer | None
Meghan | None
Ariana | None
CHINTAN | None
Raksha | None
jobs | None
Marc | None
Artee | None
Gabrielle | None
Karthik | None
Mary | None
Greg | None
Ashish | None
Victoria | None
Karen | None
Caroline | None
Janice | None
Jessica | None
Dina | None
Renee | None
Aric | None
Erick | None
Artee | None
Swapnil | None
Jonathan | None
Tammy | None
Ashley | None
Yaliza | None
Walter | None
Patrick | None
Todd | None
Margaret | None
Jennifer | None
Nada | None
Anthony | None
Maria | None
Jennifer | None
Michelle | None
Joy | None
Brandon | None
Tony | None
Tiffany | None
Jon | None
ariana | None
Scott | None
brieanne | None
Tim | None
Jessica | None
David | None
Kei | None
Stephen | None
Meghan | None
David | None
Corinne | None
Luke | None
John | None
Stacey | None
Emery | None
Brad | None
Allison | None
Kendra | None
Sandra | None
Kelsey | None
Loni | None
Christy | None
Tommy | None
Rebecca | None
Steve | None
LaToya | None
Ifeanyichukwu | None
Victoria | None
Doug | None
Paige | None
Nigel | None
Michael | None
Kelly | None
debra | None
duane | None
eric | None
Daniel | None
Jen | None
Andrew | None
Dymere | None
Aditi | None
Michael | None
Recruiters | None
Patricia | None
Mike | None
Mike | None
Paige | None
Morgan | None
Lori | None
Caitlin | None
Vishakha | None
Mayra | None
Trish | None
Melissa | None
Paul | None
Misty | None
Stephanie | None
Sherri | None
Shabria | None
LaiGar | None
Jonathan | None
Sherry | None
Brian | None
Sean | None
Patricia | None
Lori | None
Kerian | None
jacqueline | None
paige | None
vicki | None
Bennett | None
Lora | None
JoAnne | None
Jennifer | None
Destiny | None
Vishal | None
Brian | None
Ha'ani | None
Walter | None
Christine | None
Anantha | None
David | None
Richard | None
ana | None
Jerry | None
Carlos | None
Lisa | None
Sandra | None
Lacrissa | None
Carlos | None
Chandrakanth | None
Jana | None
Alyssa | None
George | None
Eduardo | None
Karyn | None
Torrie | None
Enna | None
Suman | None
Glenn | None
Tammy | None
K. | None
Carlos | None
Nicolò | None
Jason | None
Richard | None
David | None
Corey | None
Nicholas | None
Clara | None
Mark | None
Nicholas | None
Ken | None
Jeffrey | None
Abe | None
Brad | None
Jim | None
Kusuma | None
Sarah | None
Patrina | None
Teressa | None
Debra | None
Gwendolyn | None
Mary | None
Leslie | None
Joshua | None
Brian | None
John | None
Sowmiya | None
Hector | None
Cheryl | None
Caitlin | None
Shri | None
Tharshini | None
Mohamed | None
Tom | None
Nicholas | None
Melissa | None
Brandon | None
Louis | None
Daniel | None
Michelle | None
Sherri | None
Michelle | None
Doug | None
Tammy | None
Mayra | None
Jennifer | None
Thomas | None
Mark | None
Xianxian | None
Amy | None
Asha | None
Chris | None
Maura | None
Michael | None
Mike | None
Lauren | None
Michelle | None
Vincent | None
Ryan | None
Janice | None
Cindy | None
Aaron | None
martin | None
Morgan | None
Mark | None
Johanna | None
Helder | None
Nur | None
John | None
Jonathan | None
Felix | None
Rex | None
Pranesh | None
Frank | None
Aric | None
Kyle | None
Rashmi | None
Mary | None
Karthik | None
Amy | None
Sierra | None
Jennifer | None
Bridget | None
Michelle | None
Anna | None
David | None
Jose | None
LaToya | None
Santosh | None
Triston | None
Aaron | None
Erik | None
John | None
Mauricio | None
Doug | None
Ijendu | None
John | None
Marce | None
Becky | None
Jennifer | None
Dennis | None
Samuel | None
Jonathan | None
Benjamin | None
DrC | None
Tina | None
Jennifer | None
JL | None
Andrew | None
Jen | None
Martin | None
Brian | None
Jason | None
Scott | None
Bart | None
Sharon | None
Eric | None
Bill | None
Enrico | None
Gary | None
krista | None
Eddie | None
Guadalupe | None
Daniel | None
Michael | None
Eduardo | None
Amanda | None
Henry | None
Sree | None
Kelly | None
Kristi | None
Brian | None
Christopher | None
Laura | None
Jon | None
Ashley | None
Tim | None
Nalicia | None
Kelly | None
Christena | None
Abhilash | None
Lori | None
Toni | None
Averil | None
Angana | None
Richard | None
Elizabeth | None
Julie | None
Paul | None
SID | None
Mark | None
Rob | None
Eric | None
Bob | None
Nash | None
Shawn | None
Alex | None
Harmon | None
Shiney | None
Simran | None
Amanda | None
Angela | None
Barry | None
Bobby | None
Christopher | None
Dave | None
Jacob | None
Kevin | None
Michael | None
Roni | None
Tad | None
Careers | None
Corey | None
Kelly | None
Mandy | None
Jonathan | None
Stephanie | None
Liz | None
Robert | None
Craig | None
Kelly | None
Dominique | None
Lindsay | None
Todd | None
Honoria | None
Gary | None
Karen | None
Michelle | None
Patricia | None
Tori | None
Paige | None
Andrea | None
Eric | None
Leah | None
Jackie | None
Jacqueline | None
Jana | None
Jason | None
Kevin | None
Makenzie | None
Mark | None
Nicole | None
Jerika | None
Gabrielle | None
Forrest | None
Todd | None
Claire | None
Andrew | None
Sara | None
James | None
Brian | None
Heather | None
Edward | None
Cory | None
Robert | None
Gabrielle | None
Jerika | None
Rob | None
Lucy | None
Rushil | None
Breanna | None
Kanmani | None
Natarajan | None
Divya | None
Gerard | None
Nicky | None
Hema | None
Shahana | None
Praveen | None
Sarath | None
John | None
Rohini | None
Sharan | None
Krithika | None
Geetha | None
Mahalakshmi | None
Senthil | None
Veena | None
Sara | None
Jason | None
Dev | None
Jim | None
Vidya | None
Jubilet | None
Todd | None
Jacob | None
Jamie | None
Tony | None
Tony | None
Lauren | None
Sara | None
David | None
Tim | None
Chris | None
Nick | None
Amanda | None
Vinay | None
Nicole | None
Robin | None
Greg | None
Jack | None
Lydia | None
Brandon | None
Mark | None
Sarah | None
Brenda | None
Shannon | None
Dereck | None
Mark | None
Peyton | None
John | None
Nanette | None
Ronnisha | None
Jeffrey | None
Loren | None
Mike | None
Madeline | None
Gayathri | None
Rob | None
Dan | None
Rock | None
Ashu | None
Sandy | None
Rob | None
Brian | None
Jeff | None
Leah | None
Don | None
Ray | None
Adam | None
Tammy | None
Ahmed | None
Lori | None
Tom | None
Linda | None
John | None
Tim | None
Sarah | None
Matt | None
Eric | None
Bryson | None
Eugene | None
Brent | None
Gabby | None
Chris | None
Saul | None
Pranesh | None
Josh | None
Manpreet | None
Michael | None
Michael | None
Michelle | None
Mike | None
Monica | None
pamela | None
Paul | None
Marc | None
Paul | None
phillips | None
Rick | None
Rob | None
Ryan | None
Ryan | None
Steven | None
Steven | None
Phillips | None
Tim | None
Lawrence | None
Kris | None
Chris | None
chris | None
Christopher | None
Cole | None
Corey | None
Darwin | None
dennis | None
Kyle | None
emily | None
Hannah | None
heather | None
Tiffany | None
Jason | None
Jason | None
jeremy | None
Karen | None
Garret | None
Carol | None
Wayne | None
Christy | None
Chad | None
Shreya | None
Praveen | None
Jamie | None
Baylee | None
Adriana | None
Dr. | None
Trevor | None
Brittnay | None
Gina | None
Hannah | None
Michael | None
Samantha | None
Todd | None
Michelle | None
Thomas | None
Jamie | None
Grey | None
Janae | None
Adriana | None
Young | None
David | None
Christopher | None
Lori | None
Bob | None
Venkata | None
Jeffrey | None
Billy | None
Biff | None
Don | None
Philip | None
Virginia | None
Jim | None
Connie | None
Anita | None
Ashleigh | None
Carl | None
James | None
Billy | None
Aaron | None
Rebecca | None
Robert | None
Jonathan | None
Brooke | None
Alan | None
Melissa | None
Jonathan | None
Kevin | None
Lori | None
Mimi | None
Ethan | None
Steve | None
Jessica | None
Eddy | None
Sheena | None
Alex | None
Heather | None
Scottie | None
Brittany | None
Yasmin | None
Sam | None
Anthony | None
Tim | None
Jacqueline | None
Sam | None
Patricia | None
Srilatha | None
Michael | None
Ross | None
Stephanie | None
Aron | None
Christopher | None
Nichole | None
Doug | None
Jay | None
Jason | None
Christopher | None
Robin | None
Gordon | None
Makenzie | None
Michelle | None
Phil | None
Rob | None
Sara | None
Senthil | None
Tiffany | None
Madeline | None
Tony | None
Abbie | None
Alicia | None
David | None
Aravind | None
Ashley | None
Ashu | None
Beth | None
Eric | None
John | None
Andrea | None
Jana | None
Jason | None
Jack | None
Mikayla | None
Kyle | None
Mitchell | None
Michele | None
Gabrielle | None
Jason | None
Alexander | None
LinkedIn | None
Claire | None
David | None
Eugene | None
Frances | None
Hema | None
Jacqueline | None
Kara | None
Jamie | None
sofiane | None
Leo | None
Dan | None
David | None
Mike | None
Deb | None
Ilker | None
Steven | None
Jennifer | None
Scott | None
Harold | None
Shree | None
Stephanie | None
Bill | None
Philippa | None
Jenna | None
Bill | None
Semir | None
Jeramiah | None
Keshia | None
Ivan | None
Erika | None
Brian | None
Bob | None
Doug | None
Sheila | None
Rodger | None
Donna | None
Leonardo | None
Preyanka | None
Tracy | None
Deepak | None
Lauren | None
Sangeetha | None
Parvathy | None
Greg | None
Patricia | None
Sabawoon | None
Fouad | None
Brent | None
Stewart | None
Ron | None
Alyssa | None
Leigh | None
Eileen | None
Joe | None
George | None
Sangeetha | None
Tammy | None
Angela | None
Jake | None
Tim | None
Laura | None
Michael | None
Dawne | None
Julie | None
Sandi | None
Cristina | None
Gary | None
Joe | None
Danno | None
George | None
Jeffrey | None
Erika | None
Clayton | None
Danielle | None
Dan | None
Dick | None
Cindy | None
Arlene | None
Alain | None
John | None
Deborah | None
Maxine | None
Christina | None
Maureen | None
OD | None
Rob | None
Raj | None
Ted | None
Deborah | None
Philip | None
Susan | None
Becky | None
Ellen | None
Desiree | None
Margaret | None
Marjorie | None
Brian | None
Susan | None
Alain | None
Foster | None
Lisa | None
Arlene | None
John | None
Hannah | None
Frank | None
Vincent | None
Marjorie | None
Maureen | None
Anuja | None
Deborah | None
Avnish | None
Susan | None
Joanne | None
Carol | None
Sue | None
Margaret | None
Paul | None
Brad | None
OD | None
George | None
Ellen | None
Chuck | None
Cory | None
Lori | None
Raj | None
Christopher | None
Becky | None
Oliver | None
Matthew | None
Jon | None
Alexis | None
Edson | None
Zeeshan | None
Curtis | None
Christian | None
Lisa | None
Danny | None
Dominic | None
Paul | None
Morgane | None
Chris | None
Scott | None
Cori | None
Jillain | None
Daniela | None
Wende | None
Becky | None
Chris | None
Kelyn | None
Vinay | None
Shivam | None
Karan | None
Anamika | None
Anjali | None
Gaurav | None
Irtiqa | None
Tuba | None
Daniela | None
Kushal | None
Divya | None
Sreevani | None
Yonder | None
Twinkle | None
Muskan | None
Daisy | None
Aftab | None
Alvin | None
Brayan | None
Sami | None
Mansha | None
Mukund | None
Butool | None
Nitin | None
Umesh | None
Dawod | None
Butool | None
Lalita | None
Rahul | None
Miran | None
Bismoy | None
Charisha | None
utkarsh | None
Shreya | None
Cristofer | None
Vishal | None
Anuj | None
Saini | None
Priya | None
S. | None
Dawood | None
Jannat | None
Jerson | None
Graciela | None
Ericka | None
Haris | None
Madiha | None
Karina | None
Carlos | None
Babar | None
Sebastian | None
Faraz | None
Alisson | None
Laura | None
Kartiik | None
Valery | None
Dustin | None
Asmita | None
Harika | None
James | None
S. | None
Joshua | None
Estefania | None
Subha | None
Luana | None
Sachin | None
Cristhian | None
Teresa | None
Shyam | None
Karan | None
Shabir | None
Valery | None
Kirty | None
Jannat | None
Mukund | None
Oscar | None
Dr. | None
Sayan | None
Matt | None
Jesus | None
Rishabh | None
Alissa | None
Anant | None
Sohil | None
Ankur | None
Mark | None
Annie | None
Tarun | None
Roberto | None
Isabella | None
Ileana | None
Zulay | None
Katherine | None
Elisha | None
Falaq | None
Tuhab | None
Priyanka | None
CA | None
Akriti | None
Maria | None
Rodrigo | None
Mohd | None
Rahul | None
Ajay | None
Prateek | None
Hazel | None
Andres | None
Valery | None
Tuba | None
Jayesh | None
Hitesh | None
Kirty | None
Nitika | None
Nitin | None
Lokeash | None
Prerna | None
Sejal | None
Katherine | None
Nazeera | None
Natasha | None
Muskaan | None
Arelis | None
Yeilyn | None
Christian | None
Amy | None
Adam | None
Avinash | None
Victoria | None
K | None
Kristel | None
Kelyn | None
David | None
Ria | None
Joselyn | None
María | None
Rishabh | None
Austin | None
Arnab | None
John | None
Matt | None
Pavan | None
Shabir | None
Evan | None
Jill | None
Brian | None
Gary | None
Jenna | None
Beatus | None
Mark | None
Collette | None
John | None
Stacy | None
joey | None
Katherine | None
Kimberly | None
daniel | None
Daryl | None
Jeff | None
Dan | None
Babs | None
Donald | None
Chris | None
Trevor | None
Tracy | None
Hannah | None
Matthew | None
Xinyi | None
Kirstie | None
Mandy | None
Ashley | None
Papuna | None
Terald | None
Tyler | None
Chip | None
Kellen | None
Logan | None
Michele | None
Devlin | None
Djaber | None
Chuck | None
Esveide | None
Trisa | None
Maryrose | None
Haley | None
Manikandan | None
Saël | None
Sharan | None
Nathaniel | None
Rebecca | None
Jenna | None
Kelly | None
Luis | None
John | None
Nate | None
Hillary | None
Tchalla | None
Abdul | None
Josh | None
Ronald | None
Katie | None
Shiloh | None
Jessica | None
Lori | None
Joshua | None
Aisha | None
Caleb | None
Amy | None
Daniel | None
Alexis | None
Praveen | None
Eric | None
Dan | None
Thea | None
Ryan | None
Andrew | None
Sara | None
Karina | None
Sven | None
Ryan | None
Dominique | None
Nina | None
Claire | None
Joshua | None
Pam | None
John | None
Deepika | None
Lauren | None
Joey | None
Clint | None
David | None
Zac | None
Lexie | None
Kate | None
Becky | None
Matt | None
Joseph | None
Katherine | None
Ramya | None
Elmer | None
Ken | None
Eric | None
Melissa | None
Ricky | None
Rosina | None
Alaina | None
Matt | None
Jenée | None
Melanie | None
Andrea | None
Charles | None
Chris | None
Rosina | None
Conrad | None
Matt | None
Adam | None
Lexi | None
Nirmala | None
Harvard | None
Laura | None
Joey | None
Colleen | None
Kim | None
Holly | None
Ally | None
Mike | None
Mary | None
Brooklyn | None
Sarilyn | None
Luis | None
Andrew | None
Devian | None
Nick | None
Mike | None
Ben | None
Nathaniel | None
Josh | None
Tiffany | None
Susan | None
Christine | None
Jalen | None
Chris | None
Paige | None
Steph | None
Andrew | None
Travis | None
Mike | None
Michael | None
Joey | None
Jared | None
Cary | None
Brady | None
Nicklaus | None
Adrienne | None
Jose | None
Veena | None
Kristie | None
Nathaniel | None
Nate | None
Kellen | None
Clint | None
George | None
Anndria | None
Stacye | None
Amy | None
Julia | None
Brooklyn | None
Brandon | None
Nick | None
Jessica | None
Michelle | None
Kaci | None
Rebecca | None
David | None
Jeremy | None
Esveide | None
Will | None
Eric | None
Angelo | None
Maryrose | None
Christian | None
Wendy | None
Chris | None
Hannah | None
Alice | None
Marcelis | None
Alexis | None
Ali | None
Nithin | None
Marsha | None
Dalia | None
Angel | None
Kenneth | None
Angela | None
Hanna | None
Merissa | None
Matthew | None
Mitch | None
Kalpesh | None
Brian | None
Brian | None
Josephine | None
Trisa | None
Brad | None
Windham | None
Ipek | None
Randy | None
Scott | None
Akhila | None
Joel | None
Jenny | None
Daniel | None
Scott | None
Suzanne | None
Dallas | None
Brindha | None
Kamal | None
Lindsey | None
Dana | None
Jay | None
Erica | None
Sai | None
Naveen | None
GOWRI | None
Kaiah | None
Mike | None
Nick | None
Komal | None
Jonathan | None
Kim | None
Vidhya | None
Mary | None
Amanda | None
Bafana | None
Montague | None
Cheryl | None
Andrea | None
Jenée | None
Zac | None
Mollie | None
Tricia | None
Louise | None
Matthew | None
Jessica | None
Dina | None
Christian | None
Ken | None
Tony | None
LuAnn | None
Nick | None
Mary | None
Lexi | None
Susan | None
Tiffany | None
David | None
Elmer | None
Christine | None
Kaci | None
Jeremy | None
Esveide | None
Alex | None
John | None
Sarilyn | None
Stephanie | None
Nate | None
Rhonda | None
Sundari | None
Perry | None
Holly | None
Jenna | None
steve | None
Christine | None
stacye | None
Demetra | None
Shaun | None
Julia | None
Michael | None
Brian | None
Abhinav | None
Matt | None
Keir | None
Austin | None
Kevin | None
Tim | None
Marcus | None
Zack | None
Rachel | None
Jamal | None
Chris | None
Steph | None
Alex | None
Michael | None
Dominick | None
Whitney | None
Todd | None
Staci | None
Jagdeep | None
Hannah | None
Cary | None
Jessica | None
Michael | None
Rachel | None
Kyle | None
Pari | None
Abbie | None
Neil | None
Greg | None
Liam | None
Cassandra | None
Andrew | None
Mykhailo | None
AJ | None
Jenni | None
Cari | None
Michael | None
Trish | None
Caitlin | None
Miguel | None
George | None
David | None
Matthew | None
Victoria | None
Greg | None
Dawn | None
Andrea | None
George | None
Alex | None
Susan | None
George | None
Nisha | None
Joshua | None
Timothy | None
Everald | None
Christine | None
Rileigh | None
Steph | None
Ronald | None
Ricky | None
Jane | None
Katie | None
Eric | None
Amy | None
Mike | None
Robin | None
Christian | None
Kathleen | None
Chris | None
Michele | None
Jennifer | None
Brendan | None
David | None
Michael | None
Eden | None
Joel | None
Rileigh | None
Megan | None
Trevor | None
Robin | None
Benjamin | None
Everald | None
Holly | None
Jalen | None
Josh | None
Lexi | None
Tim | None
Eric | None
Adrienne | None
Michelle | None
Joe | None
Stephanie | None
Aaron | None
Sael | None
Jessica | None
Shannon | None
Karl | None
Rebecca | None
Bryan | None
Anika | None
Andrew | None
John | None
Ryan | None
Amanda | None
Eric | None
Nisha | None
Anndria | None
Joel | None
James | None
Valerie | None
Brian | None
abu | None
Nicole | None
Stephen | None
Marc | None
James | None
Vina | None
Wellington | None
Kyle | None
Martina | None
James | None
Marcus | None
Incainti | None
Ryan | None
James | None
Sol | None
Stephen | None
Juarez | None
Ignatius | None
Jacq | None
Whitner | None
Mariness | None
Zeenah | None
Ernesto | None
Seung | None
Allison | None
Meagan | None
April | None
Channel | None
Roy | None
Hyeongwan | None
Jacqueline | None
Jae | None
James | None
Jason | None
David | None
Jessica | None
Jonathan | None
Jonathan | None
Juarez | None
Kendra | None
Marcus | None
Jeffrey | None
Maha | None
Savoye | None
Orryn | None
Tyler | None
sandra | None
Gabby | None
Jenna | None
Dan | None
Marcia | None
Maya | None
Matt | None
Christine | None
Nina | None
Joseph | None
David | None
Joseph | None
Mason | None
Matt | None
Maxinamillion | None
Steven | None
Tim | None
Madhav | None
Brad | None
Irwin | None
Matt | None
Brendan | None
Prasant | None
Jordan | None
Richard | None
Sidney | None
Sean | None
Mark | None
Daniella | None
Jamison | None
Megan | None
Kenny | None
Sugan | None
Sarah | None
Leonard | None
Julia | None
Cheryl | None
Charles | None
Murali | None
Jessica | None
Jennifer | None
Lily | None
maha | None
Eugene | None
Joe | None
Srinivasan | None
Sara | None
Paige | None
Laura | None
Matt | None
Charles | None
Debe | None
Manoj | None
chen | None
Maggie | None
Liam | None
Mike | None
Ray | None
Tim | None
kathiravan | None
Jennie | None
Gomathi | None
Balla | None
Aarthy | None
Tom | None
Jessica | None
Nanjundeshwaran | None
Laura | None
Melissa | None
Zach | None
Sam | None
Macy | None
Joshua | None
Jane | None
Hannah | None
Brenda | None
Ashleigh | None
Aksel | None
Abigail | None
Terry | None
Madhavan | None
Mahalakshmi | None
Neeti | None
Christine | None
Chad | None
Amy | None
Alex | None
Tiana | None
Maya | None
Vinoth | None
Vinayak | None
Kelsey | None
Vijay | None
Swetha | None
Saranya | None
Kelsey | None
Matthew | None
Michayla | None
Stephanie | None
Taylor | None
Terrence | None
Ian | None
Nikolai | None
Edward | None
Rajasekaran | None
prasanna | None
Helen | None
Joshua | None
Aarthy | None
Sugan | None
Edward | None
Lily | None
Sandy | None
Rich | None
David | None
Brennen | None
Barry | None
Brian | None
Stephanie | None
Christopher | None
Gabby | None
Vicki | None
Rodney | None
Brendan | None
Joshua | None
Balaji | None
Eric | None
Jason | None
Brandon | None
Joe | None
Heather | None
Joe | None
Jay | None
Hope | None
Brendan | None
Christine | None
Bobby | None
Tina | None
Leslie | None
Toni | None
Adam | None
Dominic | None
Joe | None
Nate | None
Joshua | None
Zack | None
Grace | None
Greg | None
Niccolo | None
Rob | None
Erica | None
Paige | None
Eugene | None
Sugan | None
Laura | None
Joseph | None
Luke | None
Nina | None
Michelle | None
Michael | None
Kathiravan | None
Allyson | None
Derek | None
Eileen | None
Leslie | None
Daniel | None
Ryan | None
Gayle | None
Dick | None
Sabine | None
Nicholas | None
Brian | None
Sarah | None
Michelle | None
Lindsay | None
Allyson | None
Dan | None
David | None
Robert | None
Naty | None
Toni | None
Ralph | None
Robert | None
Mason | None
Roy | None
Kelly | None
Humberto | None
Pedro | None
Chad | None
Chris | None
Eduardo | None
Joel | None
Cheryl | None
Jack | None
Shady | None
Pooja | None
David | None
Joseph | None
Anne | None
Meera | None
Kirsten | None
Loretta | None
Kristy | None
Ashanti | None
John | None
Kelly | None
Gary | None
Jaime | None
Jessica | None
Hamilton | None
Kristi | None
Niki | None
Gary | None
Sarah | None
Jennie | None
Jason | None
Brian | None
Dane | None
Patrick | None
Tyler | None
Michael | None
Rahul | None
Oona | None
Chase | None
Nupur | None
Sreepriya | None
Tracey | None
Chelsey | None
Emily | None
Pam | None
Candace | None
Megan | None
Neelam | None
Diane | None
Brittney | None
Angela | None
Madison | None
Kristie | None
Emily | None
Katelynn | None
Art | None
Jessica | None
Marc | None
Sarah | None
Madeline | None
Shara | None
Paloma | None
Patrick | None
Logan | None
Kate | None
Bridget | None
Jack | None
Molly | None
Samantha | None
Meredith | None
Brandie | None
Alyssa | None
Rachel | None
Bri | None
Amy | None
Carrie | None
Sandra | None
Drew | None
Meagan | None
Shannon | None
Brooke | None
Owen | None
Joe | None
Mikayla | None
Jon | None
Kadeem | None
Pedro | None
Johanna | None
Shanna | None
Katie | None
Kim | None
Stacey | None
Jennifer | None
Kelsey | None
Matthew | None
Saloni | None
Chad | None
Taylor | None
Colleen | None
Lindsey | None
Brittany | None
Heather | None
Stacey | None
Elliott | None
Michael | None
Ryan | None
Erin | None
Matt | None
Dan | None
Sarah | None
Erika | None
Gabriela | None
Juliet | None
Briana | None
Diana | None
Mel | None
Nolan | None
Meghan | None
Victoria | None
Harrison | None
Craig | None
Christina | None
Andrea | None
Raquel | None
Elle | None
Melissa | None
Veronica | None
Marilane | None
Tammy | None
Tiffany | None
Tara | None
Sabra | None
Scott | None
Megan | None
Lindsey | None
Jeannie | None
Luke | None
Kirstin | None
Trevor | None
Rachel | None
Cindy | None
Stacy | None
Nick | None
Carrie | None
Deborah | None
Abby | None
John | None
Sophie | None
Meredith | None
Joanna | None
Jordan | None
Clarissa | None
Emily | None
Kelsey | None
Gary | None
Alma | None
Tarah | None
Marie-Noelle | None
Ali | None
Kara | None
Kristin | None
Micaela | None
Kim | None
Matthew | None
Travis | None
Sandee | None
Lia | None
Anne | None
Kaitlin | None
Tim | None
Britney | None
Katie | None
Mindy | None
Kimberly | None
Eric | None
Molly | None
Hannah | None
Heather | None
Marissa | None
Halle | None
Kristen | None
Michelle | None
Raymond | None
Kelly | None
Kyle | None
Jake | None
Jim | None
Justin | None
Cory | None
Caroline | None
Bart | None
Bailey | None
Abigail | None
Tony | None
Megan | None
Andy | None
Kyle | None
Patrick | None
Tonya | None
Stephanie | None
Joseph | None
Andrew | None
Tim | None
Scott | None
Allison | None
Brian | None
Katie | None
Grace | None
Tania | None
Angie | None
Kristina | None
Lorena | None
Alison | None
Erica | None
Anna | None
Devin | None
Sarah | None
Tess | None
Jorge | None
Laura | None
Tia | None
Mary | None
Christen | None
Rosie | None
Priscilla | None
Michon | None
Toya | None
Jody | None
Jordan | None
Andrew | None
Sheila | None
Lanie | None
Asiah | None
Cara | None
Joe | None
Brandon | None
Jermara | None
Laura | None
Debbie | None
Lynn | None
Lauren | None
Brian | None
Holly | None
Shannon | None
Shelby | None
Jordan | None
Dominic | None
Lynne | None
John | None
Alene | None
Meghan | None
Abby | None
Jack | None
Heather | None
Greg | None
Stephanie | None
Matt | None
Amy | None
Amy | None
Allison | None
Cali | None
Larry | None
Roy | None
Timothy | None
Nabia | None
Odell | None
Nidhi | None
Nikki | None
Osman | None
Sameer | None
Phillip | None
Pranay | None
Queenly | None
Ravneet | None
Rohini | None
Saira | None
Mohamed | None
Pashmin | None
Melanie | None
Khadija | None
Mary | None
Katie | None
Katy | None
Samridhi | None
Kirk | None
Kofi | None
Kristin | None
Mary | None
Krystal | None
KyuSik | None
Lori | None
Luke | None
Maame | None
Maria | None
Marv | None
Kumkum | None
Sandeep | None
Trevor | None
Shabnam | None
Wes | None
Yusufu | None
Yves | None
Kevin | None
Melenie | None
Nicole | None
Virginia | None
Mohith | None
Vijay | None
Beth | None
Michael | None
Stephen | None
Gregg | None
Craig | None
Sindhu | None
Virgínia | None
Virginia | None
Virginia | None
Shabnam | None
Sharvin | None
Sophia | None
Sourabh | None
Srinivas | None
Stacey | None
Sumit | None
Sybil | None
Taylar | None
Thomas | None
TJ | None
Tolu | None
Tyler | None
Virginia | None
Virginia | None
Sandy | None
Kathleen | None
Justin | None
Justine | None
Tina | None
Cassandra | None
Tike | None
Kathleen | None
Shreya | None
Sang | None
Virginia | None
Adam | None
Alexandra | None
Alison | None
Amber | None
Amir | None
Amrit | None
Andrew | None
Aisha | None
Ann | None
Holly | None
Leslie | None
Allison | None
Matthew | None
Santosh | None
Celine | None
Tatiana | None
Matthew | None
Jessica | None
Christopher | None
Patrick | None
Virginia | None
Virginia | None
Lynne | None
Lemuel | None
Virginia | None
Riley | None
Ann | None
Brian | None
Anthony | None
Felicia | None
Gene | None
Haritha | None
Heather | None
Homa | None
Isaiah | None
Errol | None
James | None
Jason | None
Jeff | None
Annalisa | None
Jessica | None
Jillian | None
John | None
Jason | None
Edward | None
Jerry | None
Debajyoti | None
Debbie | None
Anugh | None
Arjun | None
Arwa | None
Ashley | None
BASIT | None
Ben | None
Benjamin | None
Gautham | None
Chris | None
Ckameron | None
Corey | None
Cristina | None
Cynthia | None
Daly | None
Brigitte | None
Daniel | None
Marie | None
Sparkle | None
Walker | None
Aaron | None
Mike | None
Stephani | None
TRACEY | None
Courtney | None
Kyle | None
Jacob | None
Nye | None
Ana | None
Sherry | None
Alex | None
Zach | None
Jeremy | None
Laurie | None
Justin | None
Morris | None
Armando | None
Juan | None
Stephen | None
Neal | None
Daniel | None
Connie | None
Daniel | None
David | None
Dennis | None
Craig | None
Shaneil | None
Vanessa | None
Jerimie | None
Arthur | None
Johnny | None
Leighanne | None
Michael | None
Lynna | None
Joseph | None
Lauren | None
Mariola | None
Mike | None
John | None
Luke | None
John | None
Christopher | None
Jamie | None
Jamey | None
Michael | None
Elisa | None
Anthony | None
Kelsey | None
Alex | None
Landon | None
Michelle | None
Brianna | None
Melissa | None
Liz | None
Lisa | None
Kimberly | None
Yvette | None
Blake | None
Morgan | None
Amy | None
Evan | None
Kristin | None
Chase | None
Rick | None
Maria | None
Carlos | None
Idelim | None
Tara | None
Nikita | None
Nathan | None
Camille | None
Eric | None
Arleena | None
Kelly | None
Jada | None
Jeff | None
Amy | None
Brenna | None
Connor | None
Bryan | None
Jennifer | None
Stephen | None
Tiffany | None
Gail | None
Lisa | None
Jim | None
Zachary | None
Amy | None
Izora | None
Jennica | None
Jose | None
Nate | None
Corey | None
Tina | None
Donovan | None
Jennifer | None
Camilla | None
Marie | None
Dean | None
Athena | None
Steven | None
Jennifer | None
Jeff | None
Alicia | None
Ethan | None
Angela | None
Esteban | None
Abby | None
Valerie | None
Nicole | None
Jessica | None
Zach | None
Julian | None
Logan | None
Brandon | None
Quincy | None
Nicole | None
Ken | None
Bill | None
Andrew | None
David | None
Anthony | None
Arpit | None
Steve | None
Jamie | None
Brooke | None
Geoff | None
Steve | None
Amy | None
Lindsay | None
Christian | None
Trish | None
Ryann | None
Sarah | None
Cindy | None
Cameron | None
Sunil | None
Ryan | None
Richard | None
Tyra | None
Kelsey | None
Nick | None
Maya | None
LeAnnza | None
Mindy | None
Sabrina | None
Neil | None
Libbie | None
Stephanie | None
Kristen | None
Fawn | None
Joy | None
Peacock | None
Asia | None
Aanjel | None
Rachel | None
Stephen | None
Mike | None
Eric | None
Eden | None
Joshua | None
Shawn | None
Rachel | None
Lauren | None
Christopher | None
Amanda | None
Deanne | None
Jazmine | None
Ryan | None
Marco | None
John | None
Nicholas | None
Trevor | None
Lilian | None
Andrea | None
Leslie | None
Ashley | None
Mike | None
Chelsea | None
Michelle | None
Tanner | None
Jeff | None
Dayne | None
Travis | None
Trisha | None
Ana | None
Reno | None
Andrea | None
Brittany | None
Spencer | None
Mary | None
Amber | None
Genine | None
Amber | None
Mandy | None
Crystal | None
Natasha | None
Jennifer | None
Christina | None
Tricia | None
Beth | None
Andrea | None
Jessica | None
Anji | None
Angelica | None
Ajay | None
Amanda | None
Lisa | None
Quin | None
Keela | None
Kristopher | None
Vincent | None
Kim | None
Cierra | None
Carla | None
Cheryl | None
Andrea | None
Jeff | None
Benjamin | None
Michelle | None
Dustin | None
Michael | None
Benjamin | None
Troy | None
Brianna | None
Brandon | None
Luke | None
Jenny | None
Dawn | None
Kristen | None
Preya | None
Rachel | None
Jason | None
Tyler | None
Jasmine | None
Jordin | None
Megan | None
Mick | None
Austin | None
Andrea | None
Kevin | None
Kenneth | None
Nicholas | None
Brock | None
J | None
Ellen | None
JoAnna | None
Michele | None
Sarah | None
Eva | None
Katelyn | None
Alexandra | None
Lilly | None
Tom | None
Nicole | None
Pamela | None
Patrick | None
Peggy | None
Penny | None
Peter | None
Priya | None
Ross | None
Sally | None
Sangeeta | None
Santo | None
Sarah | None
Nicolas | None
Walter | None
Tattie | None
Stacy | None
Mike | None
Jorge | None
Jennifer | None
Jeff | None
James | None
Jaci | None
Hillary | None
Heather | None
Evan | None
Eldon | None
Dawn | None
David | None
Dave | None
Darrell | None
CJ | None
Christopher | None
Chad | None
Bryan | None
Aziz | None
Autumn | None
Ashley | None
Andrew | None
Amy | None
Alicia | None
Ryan | None
Carol | None
Joseph | None
Neil | None
Lance | None
Kari | None
Kayti | None
Keira | None
Kim | None
Lorene | None
Joseph | None
Luke | None
Mansi | None
Marcus | None
Mario | None
Mark | None
Mark | None
Marsha | None
Madhu | None
David | None
John | None
Jamie | None
Scott | None
Todd | None
Brandon | None
Emre | None
Osiel | None
Sara | None
Dominic | None
Mike | None
Jamie | None
Chris | None
Russ | None
Sean | None
Martha | None
Araba | None
Crystal | None
Lorianne | None
Cynthia | None
Scott | None
Susan | None
Cristina | None
Woody | None
Arctavia | None
Renee | None
Suzanne | None
Tor | None
Bob | None
Tina | None
Kat | None
Stacie | None
Nicole | None
Andrew | None
Christian | None
Talyn | None
Jarrett | None
Andrea | None
Melissa | None
Avril | None
Jill | None
Nicole | None
Amie | None
Corey | None
Ramesh | None
James | None
Margaret | None
Catherine | None
Parker | None
Shannon | None
Krishnamurthy | None
Scott | None
Daniel | None
Corey | None
Darren | None
Don | None
Bob | None
Raymond | None
James | None
Parker | None
Sharon | None
Kevin | None
Pat | None
Kesavan | None
Catherine | None
Daniel | None
Carrie | None
Sandeep | None
Mary | None
Jamie | None
Prince | None
Connor | None
Dylan | None
Mike | None
Jack | None
Jasmin | None
Nicholas | None
Prince | None
Fraser | None
Julie | None
Zarah | None
Grace | None
Justyna | None
Eddy | None
Jake | None
Jack | None
George | None
Trang | None
Renelda | None
Elise | None
Eleanor | None
Ryan | None
Chris | None
Sam | None
Callum | None
Joe | None
Nancy | None
Susan | None
Marie | None
Theresa | None
Brandy | None
Van | None
Katelyn | None
Chris | None
Brian | None
Tim | None
Michael | None
Maura | None
Kevin | None
Jennifer | None
Sopharos | None
Bernard | None
Seth | None
Adam | None
Sally | None
Lyndsey | None
chelsea | None
Madison | None
Kahti | None
Kayti | None
Lisa | None
Ethan | None
Brandy | None
Marcela | None
Julius | None
Amy | None
Clint | None
Chris | None
Jordan | None
Crystal | None
Glenn | None
bhoomika | None
brandy | None
Jalonte | None
Kayce | None
Nina | None
Mark | None
Jalysa | None
John | None
Ghassan | None
David | None
Sam | None
Nina | None
Jamaal | None
Charly | None
Grace | None
Debbie | None
Victoria | None
Annette | None
Colin | None
Babis | None
Andy | None
Sunny | None
Raj | None
Lawrence | None
Albert | None
Neil | None
Al | None
peter | None
Peter | None
Admiral | None
Andy | None
Guido | None
Kesterson | None
Candice | None
Christian | None
Neil | None
Peter | None
Sunny | None
Raj | None
Albert | None
Sean | None
Chad | None
Carole | None
Rocky | None
Dan | None
Aaron | None
Marcus | None
Mohammad | None
Vishnu | None
Madison | None
Lahari | None
Brittany | None
Shanice | None
Abbas | None
Kyle | None
Ornes | None
Carrie | None
Nicole | None
Clint | None
Matt | None
Taylor | None
Mackenzie | None
Karen | None
William | None
Jessica | None
Antonedei | None
Antonio | None
Arun | None
Joey | None
Becca | None
Becca | None
Anjali | None
Chiran | None
Dagmawi | None
Brad | None
Darryl | None
Fitsum | None
Genu | None
Jaxon | None
Jennifer | None
Jennifer | None
Chris | None
ALEX | None
Abby | None
Sanya | None
Anna | None
Raziya | None
Nagendra | None
Mahesh | None
Maxwell | None
Kiranmayi | None
Chandu | None
Danae | None
Abhilash | None
Kumar | None
Srinivasulu | None
Mohan | None
Dharani | None
Jaya | None
Rajashekar | None
Moiz | None
Lisa | None
Lalitha | None
Sai | None
Leher | None
Nandikanti | None
Thota | None
Rohan | None
Pavan | None
Lynne | None
Tom | None
Mark | None
Buck | None
Alvin | None
Ryan | None
Alexis | None
Alexis | None
Ryan | None
Steve | None
Anthony | None
Sunny | None
Brady | None
pavan | None
Nand | None
William | None
Tom | None
Mark | None
Jason | None
Jason | None
Anthony | None
Prescott | None
Chris | None
Isaac | None
Marv | None
Lynne | None
Anand | None
Tom | None
Nand | None
Ryan | None
Brady | None
Alexis | None
Alexis | None
Rob | None
Darlene | None
Brady | None
Prescott | None
Isaac | None
Erica | None
Buck | None
Sunny | None
Marv | None
Sunny | None
Jason | None
Nand | None
Pavan | None
Anand | None
Prescott | None
Buck | None
David | None
Jason | None
Jason | None
Lynne | None
Mark | None
Pavan | None
Rob | None
David | None
Isaac | None
Buck | None
Stan | None
Phani | None
Lena | None
Ramana | None
Danielli | None
Meghan | None
Thomas | None
Mireille | None
Jamie | None
Liam | None
Zach | None
Bethany | None
Matt | None
Reece | None
Ifan | None
Spencer | None
Luke | None
Sean | None
David | None
Sebastian | None
Jon | None
Elisabeth | None
Jamie | None
Kelly | None
Joy | None
Kathy | None
Angie | None
Meghan | None
Sara | None
Lisa | None
Karen | None
Leslie | None
Suzanne | None
Steve | None
Jennifer | None
Ellen | None
Ashly | None
Teresa | None
Neal | None
Danielle | None
Tyler | None
Jennifer | None
Kelly | None
Kristine | None
Kristen | None
Kathleen | None
K | None
Larry | None
Kathy | None
Kayla | None
Larry | None
John | None
Matt | None
Katerina | None
Joanie | None
Rachel | None
Jan | None
Jasmine | None
Jamie | None
Jennifer | None
James | None
Jeff | None
John | None
Gabrielle | None
Damon | None
Dan | None
Derrick | None
Dennis | None
Mary | None
Jennifer | None
Michelle | None
Al | None
Mike | None
Jeff | None
AL | None
Richard | None
Adam | None
Yukti | None
Manoj | None
Neal | None
John | None
David | None
Gloria | None
Matt | None
Jake | None
Yuliya | None
Malia | None
Vanessa | None
Tory | None
Steve | None
Shakirah | None
Shelbey | None
Sue | None
Shelley | None
Steve | None
Rose | None
Rolf | None
Natalie | None
Noelia | None
Mark | None
Mary | None
Vince | None
Devin | None
Amanda | None
Crystal | None
David | None
Jennifer | None
John | None
Damon | None
Ksam | None
Alicia | None
Kristine | None
Arbella | None
Mark | None
Kayla | None
Christine | None
Sue | None
Shelbey | None
Christine | None
Noelia | None
Reid | None
John | None
Tory | None
Dan | None
Karl | None
Rodney | None
Yuliya | None
Nate | None
Allison | None
Jan | None
Vince | None
Kathleen | None
Bill | None
Kara | None
Joanie | None
Ariel | None
Michelle | None
Brian | None
Airis | None
Ariel | None
Alicia | None
Arbella | None
Al | None
Michael | None
Colin | None
Miranda | None
Mike | None
Christopher | None
Kristen | None
Bill | None
Jerome | None
Donna | None
Joy | None
Katerina | None
Tina | None
Mary | None
Karen | None
Kelly | None
Kristen | None
Vicky | None
Matt | None
Rehan | None
Jennifer | None
Paul | None
Gabrielle | None
Shakirah | None
Alejandro | None
Dimitri | None
Harleen | None
Jakob | None
Leonard | None
Sean | None
Patricia | None
Samuel | None
Akin | None
Tom | None
Noah | None
Mirjana | None
Sean | None
Mark | None
Sunny | None
Noah | None
Stanley | None
Harleen | None
Alejandro | None
Akin | None
Samuel | None
Argy | None
Mark | None
Brian | None
Simran | None
Malisa | None
James | None
Nick | None
Peter | None
Matthew | None
Anthony | None
Virginia | None
Jasmine | None
James | None
Brandon | None
John | None
Ghali | None
Marshall | None
Lauren | None
Amanda | None
Morgan | None
Mauren | None
Steve | None
Gus | None
Evan | None
Jessica | None
William | None
Emily | None
Londen | None
Liam | None
Matt | None
Janna | None
Jimmy | None
Stephanie | None
Nicole | None
Ellison | None
Carol | None
Abigail | None
Emily | None
Lauren | None
Amanda | None
Savannah | None
Madison | None
Diane | None
Myrllana | None
Lovetta | None
Jane | None
Lauren | None
Natalie | None
Lisa | None
Madison | None
Tim | None
Nora | None
Sharon | None
Bernard | None
Eric | None
Tiffany | None
Tim | None
Randy | None
Allison | None
Robert | None
Mike | None
Logan | None
Julia | None
Abigail | None
Lori | None
Itrean | None
Sumner | None
Lauren | None
Stacey | None
Cierra | None
Jason | None
Julie | None
Sarah | None
Ashley | None
Robert | None
Taylor | None
Jessica | None
Jessica | None
Provides | None
Natalie | None
Debbie | None
Alexa | None
Katya | None
Denisse | None
Kenneth | None
Russell | None
Ellison | None
Zoe | None
Sajna | None
Alejandra | None
Troy | None
Tyler | None
Derek | None
Jasmine | None
G. | None
B. | None
Gabe | None
Hyrum | None
K. | None
Mathew | None
Alisha | None
Amy | None
Missy | None
Jennifer | None
Mark | None
Sabrina | None
Sabika | None
Purti | None
Mary | None
Marcus | None
Ernie | None
Joshua | None
Thomas | None
Danielle | None
Scott | None
Maddie | None
Andy | None
Daniel | None
peggy | None
ari | None
ashley | None
bennett | None
blair | None
brett | None
brianna | None
brooke | None
caitlin | None
pavan | None
callie | None
Brittany | None
tyler | None
tyler | None
ted | None
tabitha | None
sydney | None
ryan | None
neha | None
chloe | None
olivia | None
jessica | None
jenny | None
jessica | None
juliana | None
karson | None
keely | None
keilin | None
kendall | None
kendall | None
kyle | None
lexie | None
logan | None
madison | None
maximillian | None
molly | None
natalie | None
chloé | None
natalie | None
nathalie | None
jane | None
jaci | None
holly | None
erin | None
emmanuel | None
emily | None
devon | None
derica | None
deidra | None
david | None
corrine | None
christy | None
anthony | None
chris | None
anna | None
grace | None
allie | None
Allie | None
Madison | None
Natalie | None
Kyle | None
Sydney | None
Lindsey | None
Ari | None
Samantha | None
Charlie | None
Ashley | None
Jessica | None
amie | None
Chad | None
Jenny | None
Terry | None
Beth | None
Peggy | None
Katherine | None
Michael | None
abigail | None
allegra | None
Latoya | None
Robert | None
Brackeen | None
Logan | None
Nichole | None
Stephanie | None
Shalin | None
Dunning | None
Heather | None
Ganesh | None
Manigandan | None
Felicia | None
Collins | None
Theresa | None
Julie | None
Elliot | None
Jason | None
John | None
Jim | None
Marcus | None
David | None
Jacqueline | None
Andrew | None
Amanda | None
Katharine | None
Logan | None
Corrina | None
Stephanie | None
Steve | None
Lisa | None
Calley | None
John | None
Catherine | None
Sean | None
LinkedIn | None
Donna | None
Chad | None
Laine | None
Amit | None
Carol | None
Sandra | None
Williams | None
James | None
Joshua | None
John | None
Hanna | None
Caitlin | None
Sara | None
Nicole | None
Courtney | None
Erika | None
Kevin | None
John | None
Dara | None
Alyssa | None
Sean | None
Nguher | None
Joey | None
Brad | None
Brittany | None
Elizabeth | None
Kelsey | None
Michelle | None
Wesley | None
Alonzo | None
Blake | None
Adam | None
Kyle | None
Courtney | None
Nicole | None
Habeeb | None
Christi | None
Sarah | None
Kyle | None
Linnea | None
Dimani | None
Joey | None
Mayble | None
Brooke | None
Crystal | None
Shanell | None
Michael | None
Erika | None
John | None
Brad | None
Shauna | None
Kenneth | None
McKena | None
Lee | None
Chelsea | None
Keondre | None
Shea | None
Raul | None
Carlis | None
Robert | None
Chris | None
Mike | None
Amber | None
Kenneth | None
Rachel | None
Amy | None
Mike | None
Julie | None
Vivian | None
Warren | None
Emi | None
Robert | None
Ashley | None
Morgan | None
Louisa | None
Brad | None
Shea | None
Nathan | None
Brittany | None
Anabel | None
Michelle | None
Caitlin | None
Lydia | None
Stephen | None
Christopher | None
Nancy | None
Mary | None
Amanda | None
Rose | None
James | None
Jacqueline | None
Jacob | None
Gracie | None
Michael | None
Grace | None
Morgan | None
Jason | None
Morgan | None
Francis | None
Emily | None
Diana | None
Deshaun | None
Courtney | None
Nia | None
Christopher | None
Nancy | None
Joseph | None
Shatara | None
Melissa | None
Matthew | None
Mandie | None
Konrad | None
Kimberly | None
Kimberly | None
Kerri | None
Kelly | None
Kelly | None
Kayla | None
Juliet | None
Jim | None
Jenna | None
Jenna | None
Jeffrey | None
Loren | None
Cherish | None
Michael | None
Paul | None
Robin | None
Jennifer | None
Jerome | None
Kristen | None
Emily | None
Roni | None
Amy | None
Kyle | None
Jennifer | None
Tim | None
Tom | None
Tom | None
Vanessa | None
Zachary | None
Evie | None
Patricia | None
Brooke | None
Alyssa | None
Sharon | None
Tamika | None
Rose | None
Samantha | None
Sara | None
Sarah | None
Sarah | None
Scott | None
Sofia | None
Sofia | None
Staci | None
Chris | None
Amanda | None
Keilend | None
David | None
Elizabeth | None
Shantel | None
Wesley | None
Zane | None
Riley | None
Kina | None
Amanda | None
Kerri | None
Mark | None
Lindsay | None
Lisa | None
Liz | None
Jordan | None
Laura | None
Lauren | None
Michael | None
Kerri | None
John | None
Meredith | None
Kyle | None
Richard | None
James | None
Madison | None
Kim | None
Michelle | None
Michael | None
Monica | None
Rachel | None
Kerri | None
Yvette | None
TJ | None
Tyler | None
Taylor | None
Selena | None
Shanell | None
Sarabeth | None
Shelby | None
Rachel | None
Rachel | None
Peter | None
Oluwatooni | None
Omar | None
Nancy | None
Nicole | None
Lindsay | None
Ryan | None
Ashley | None
Kaylee | None
Eric | None
Erik | None
Eleanor | None
Erica | None
Elyse | None
Derek | None
Francesca | None
David | None
Caitlin | None
Craig | None
Chasity | None
Chris | None
Brianna | None
Bailey | None
Alyssa | None
Dominique | None
Gett | None
Hanna | None
Jake | None
John | None
Louis | None
Andrew | None
Chelsey | None
Alexis | None
Kaylee | None
Kelly | None
Julie | None
Judith | None
Joel | None
Jacqueline | None
Joseph | None
Judith | None
Joshua | None
Jenna | None
Jessie | None
Julia | None
Sarah | None
Sherritty | None
Abby | None
Adrienne | None
Brooke | None
Brent | None
Craig | None
Hali | None
Nathan | None
Andrea | None
Sarah | None
Bryan | None
Yvette | None
Emily | None
Anabel | None
Stephen | None
Nicole | None
Becky | None
Becky | None
Kyle | None
David | None
Caleb | None
Caleb | None
Carly | None
Adam | None
Anabel | None
Roosevelt | None
Sarah | None
Debbie | None
Zane | None
Amanda | None
Abimbola | None
Tamik | None
Vikash | None
Henry | None
Kate | None
Allie | None
Evan | None
Taylor | None
Chelsea | None
Casey | None
Drew | None
Addison | None
Alesia | None
Amanda | None
Paul | None
Sara | None
Setareh | None
Sofia | None
Will | None
Becky | None
Ashley | None
Patrick | None
Andrew | None
Amanda | None
Alyssa | None
Alisha | None
Alexis | None
Alex | None
Alex | None
Anabel | None
Michael | None
Melissa | None
Matthew | None
Bailey | None
Brooke | None
Carly | None
Connor | None
David | None
Erica | None
Erica | None
Francis | None
Jason | None
Jessica | None
Joseph | None
Kelly | None
Lindsay | None
Liz | None
Louis | None
David | None
Chelsey | None
Francis | None
Will | None
Sofia | None
Sara | None
Alex | None
Yongji | None
Matthew | None
Di | None
Wanghan | None
Jason | None
Tingwei | None
Kevin | None
Matthew | None
Erica | None
Sarah | None
Kelly | None
Ken | None
Anne | None
Tom | None
Petar | None
Katelyn | None
Elizabeth | None
Chuck | None
Kimberly | None
Shay | None
Vicki | None
Steven | None
sudheer | None
Scott | None
nikhil | None
Bennett | None
Catherine | None
Jason | None
Adam | None
Lisa | None
Rachel | None
Marin | None
Juliane | None
Marialuisa | None
Chara | None
Ashwini | None
Philippe | None
Usha | None
Cody | None
Sarah | None
Peter | None
Philippe | None
Lhackdon | None
Anil | None
Vicky | None
Solette | None
Nicola | None
Lina | None
Mary | None
Vanessa | None
Jessica | None
Monique | None
Taylor | None
Theodore | None
Tambra | None
Rachael | None
Beverly | None
Kyle | None
Kim | None
Jane | None
Kathleen | None
Aurore | None
Branden | None
Brian | None
Camille | None
Caroline | None
Chad | None
Christian | None
Audrey | None
Isabelle | None
Claudia | None
Crystal | None
Cynthia | None
Déborah | None
Elsa | None
Fanny | None
Franciane | None
Holly | None
Anthony | None
Angélique | None
Andréa | None
Josh | None
Jonas | None
John | None
John | None
Jérémy | None
Jeff | None
Theresa | None
Dayon | None
Severine | None
Bryan | None
Morgan | None
Laura | None
Jessica | None
Ada | None
Anais | None
Andrada | None
Andrada | None
Kelly | None
Kim | None
Gary | None
Fred | None
Kris | None
Tatiana | None
Tina | None
Tinne | None
Rey | None
Greg | None
heather | None
roberta | None
Starr | None
Maria | None
Camille | None
Christine | None
Dawn | None
John | None
Gina | None
Ron | None
jim | None
Erin | None
Jeri | None
Susan | None
Jeffrey | None
Susan | None
Sue | None
Sylvie | None
Samya | None
LAURA | None
Laxmikanth | None
Lisa | None
LOREN | None
Mansoor | None
Manya | None
Margie | None
Steve | None
Maryann | None
Matthew | None
Marlon | None
Naveen | None
Salma | None
Melody | None
Sai | None
Remy | None
Sally | None
Pauline | None
Pat | None
Padma | None
Nik | None
Petra | None
aditi | None
Madhur | None
Rajeshwari | None
Elizabeth | None
Crystal | None
Anjali | None
Jim | None
Emma | None
Thomas | None
Alex | None
Brian | None
Shashank | None
Saurabh | None
Willy | None
Michael | None
Katie | None
Michelle | None
Maria | None
Jason | None
Maria | None
Gabriela | None
Camilo | None
Bernie | None
Alejandra | None
Jason | None
Zia | None
Joseph | None
Stacey | None
Cameron | None
Sudarshan | None
Carie | None
Joe | None
Jason | None
Indrajeet | None
Joe | None
Khang | None
Greg | None
Ryan | None
Kevin | None
Eric | None
Kelly | None
Kimberly | None
Beth | None
Katherine | None
PJ | None
Nico | None
Angie | None
Kyle | None
Mahely | None
Moe | None
Greg | None
Collin | None
Daniel | None
Matt | None
Liza | None
Lance | None
Karen | None
sarah | None
mike | None
major | None
lance | None
karen | None
flavia | None
dina | None
chuck | None
alissa | None
Cassie | None
Gregg | None
Jessica | None
gregg | None
cassie | None
Alissa | None
Stephen | None
RAGAVAN | None
Andy | None
Donna | None
Robert | None
Jose | None
Daniel | None
Josh | None
Mike | None
Goran | None
brandon | None
andy | None
Brandon | None
stephen | None
Fernando | None
Alexandra-Elena | None
Vanessa | None
Mary | None
Philippe | None
Nicola | None
Lhackdon | None
Valerie | None
Christoph | None
Chara | None
Carol | None
Andrea | None
Karolina | None
Chelsea | None
Christopher | None
Kristina | None
Jasmine | None
Jessica | None
Antoine | None
Brandon | None
Chris | None
Laura | None
Shelby | None
Matt | None
Nick | None
Ryan | None
Savanah | None
Taylor | None
Lisa | None
Rick | None
Jessica | None
Joe | None
Linda | None
Tina | None
Ellery | None
Catey | None
Leah | None
Kameron | None
Lyndsay | None
Maggie | None
Amanda | None
Heidi | None
Ariana | None
Katie | None
Julissa | None
Alexander | None
Terry | None
Candace | None
Sonia | None
Yanitza | None
Ana | None
Yomarys | None
Denise | None
Javier | None
Jared | None
Dayra | None
Alexandra | None
Alexandra | None
Camerin | None
Jared | None
Nicole | None
Diane | None
Lilibet | None
Janaye' | None
Brhan | None
Jacob | None
Neydin | None
Berenice | None
Kaitlin | None
Jack | None
Nick | None
Kirk | None
Colin | None
Nick | None
Steve | None
Amber | None
Drew | None
Taylor | None
Chris | None
Amit | None
Kimberly | None
Vidur | None
CA | None
Julie | None
Michell | None
Sam | None
Justin | None
Justin | None
Donald | None
Rohan | None
Nancy | None
Alexandra | None
Jennifer | None
Paige | None
Ajey | None
Gregg | None
L | None
Rob | None
Taran | None
Calance | None
Erwin | None
Jennifer | None
Barbee | None
Kraus | None
Steven | None
Stephen | None
Ruby | None
Roger | None
Jonathan | None
Sam | None
Calance | None
Jonathan | None
Daniel | None
Asit | None
Calance | None
Diane | None
Shivam | None
Hiroaki | None
Felipe | None
Steve | None
Diane | None
Jamie | None
Adam | None
Erwin | None
Justin | None
Michell | None
Yuko | None
Jesus | None
Phillip | None
Shashi | None
Gurjeet | None
Trent | None
Andy | None
Shubhra | None
Himir | None
Kathy | None
Hiroyuki | None
Mayank | None
Sumit | None
Kiana | None
Ved | None
Gouthaman | None
Abhishek | None
Adam | None
Sunil | None
Will | None
Sofia | None
Patrick | None
Sydney | None
Adam | None
Claire | None
Ashton | None
Austin | None
Breck | None
Caroline | None
Patrick | None
Dean | None
Alec | None
Melanie | None
Brendan | None
Meg | None
Zack | None
Zachary | None
Brad | None
Elisabeth | None
Collin | None
Emma | None
Myles | None
Finley | None
Katie | None
Kaylee | None
Lauren | None
Mackenzie | None
Maggie | None
Michael | None
Jaden | None
Kasey | None
Tiller | None
Lizzy | None
Wesley | None
Ashley | None
Nicole | None
Michelle | None
Nicole | None
Alyxis | None
Susanna | None
Katie | None
Ashley | None
Courtney | None
Lauren | None
Kaleigh | None
Brianna | None
Morgan | None
Lawson | None
Michael | None
Grace | None
Payton | None
Sydney | None
Ben | None
Jake | None
Jinish | None
Aarti | None
Akash | None
Will | None
Payton | None
Nicole | None
Maggie | None
Sophie | None
Seamus | None
Joe | None
Sean | None
Lizzy | None
Cassady | None
Susanna | None
Ross | None
Jessica | None
Michelle | None
Madelyn | None
Rachel | None
Aerthura | None
Maria | None
Nicole | None
Claire | None
Emily | None
Emily | None
Joe | None
Jasmine | None
Hayes | None
Skyler | None
Kelsey | None
Sonny | None
Savannah | None
brad | None
Steve | None
Meagan | None
Robert | None
Patrick | None
Mitchell | None
Joe | None
Gabriella | None
Daniel | None
Courtney | None
Chris | None
Robert | None
Brenna | None
danielle | None
Christian | None
courtney | None
kassidi | None
lindsey | None
john | None
nicole | None
Ashley | None
Bri | None
madison | None
Rupa | None
Tom | None
Milly | None
KC | None
Griff | None
Camille | None
Christian | None
Milena | None
Natalie | None
Payal | None
Tyler | None
Chris | None
Griff | None
Shally | None
angie | None
Trista | None
Jeffery | None
Mark | None
Marina | None
Becki | None
Julie | None
Bernard | None
Kien | None
Vikash | None
Heather | None
Vipin | None
Harvey | None
Hassan | None
Henrik | None
Herlinda | None
Judy | None
Allison | None
Alex | None
Jim | None
Cece | None
Carly | None
Kara | None
Stuart | None
Sam | None
Nicole | None
Nathan | None
Rory | None
Veronica | None
Cristina | None
Hanad | None
Makenna | None
Griffith | None
Emily | None
Sandra | None
Avi | None
Bita | None
Margaret | None
Emily | None
Becca | None
Hirav | None
Claudia | None
Vickie | None
Alannah | None
Jerad | None
TONYA | None
Tunde | None
Hope | None
Teri | None
Krystal | None
Abdul | None
Suji | None
Hannah | None
Brittany | None
Jane | None
Cori | None
Diane | None
Jason | None
Timothy | None
Tiffany | None
Warren | None
John | None
Sara | None
Tonya | None
Emily | None
Michelle | None
Frederick | None
James | None
Amanda | None
Liz | None
AL | None
Lori | None
Jean-Paul | None
Alex | None
L'Tanya | None
Kim | None
Eric | None
Jerrold | None
Shannon | None
Joe | None
Walter | None
Luther | None
Luis | None
Kenna | None
Carolan | None
Andrew | None
Susan | None
Candyce | None
Matthew | None
John | None
Sandra | None
Christine | None
Bertha | None
Keith | None
Carrie | None
Christina | None
Claire | None
Darrien | None
Danielle | None
Robert | None
Halle | None
Judith | None
Jim | None
Meghan | None
Sylvia | None
Tara | None
Erin | None
Timothy | None
Leesa | None
Steve | None
Julie | None
James-Brian | None
Virlika | None
Danielle | None
Sylvia | None
Matthew | None
Michael | None
Laurel | None
Lauren | None
Dan | None
Matt | None
G. | None
Amber | None
Alexandrea | None
De'Marcus | None
Devin | None
Kayne | None
Mike | None
Jill | None
Drew | None
Vyom | None
Cristina | None
Xi | None
Michael | None
Adam | None
Whitney | None
Richard | None
Susan | None
Shelby | None
Chris | None
Wynne | None
Doug | None
Morgan | None
Emily | None
Paul | None
Mark | None
Carrie | None
Jackson | None
Harley | None
Dick | None
Sharon | None
Kelsey | None
Liz | None
Cynthia | None
Aiden | None
Jessica | None
Lida | None
Tony | None
Andy | None
Amanda | None
Jerry | None
Brian | None
Charles | None
Lindsey | None
Ojas | None
Mike | None
Eneida | None
Bayley | None
Micah | None
Darcy | None
Rozanne | None
Leah | None
Micah | None
Kane | None
Nina | None
David | None
Darlington | None
Caitlin | None
Thomas | None
Samantha | None
Fahima | None
Tom | None
Chelsea | None
Danny | None
David | None
Mary | None
Omar | None
Mike | None
Lance | None
Capco | None
Kathrine | None
Gregory | None
Vienna | None
Andrew | None
Martin | None
Anna-Sophie | None
Carolina | None
Athina | None
Beatriz | None
Chris | None
Bruna | None
Caleb | None
Yao | None
Christelle | None
Viridiana | None
Veronica | None
Vanessa | None
Tsubasa | None
Tania | None
Suzana | None
Sunny | None
Anna | None
Ximena | None
Ana | None
Priya | None
Amir | None
Jackson | None
Sophia | None
Jeff | None
Rylee | None
Regine | None
Ana | None
Conley | None
Amanda | None
Anthony | None
Ivan | None
Nataly | None
Scott | None
Alexander | None
Amanda | None
jessica | None
Simone | None
Bianca | None
Shampa | None
John | None
John | None
Joost | None
Julia | None
Kai | None
Simone | None
Katharina | None
Jessica | None
Katia | None
Kim | None
Kimberly | None
Lalita | None
Laura | None
Laura | None
Catarina | None
Leena | None
Kazuo | None
Leonard-Istvan | None
Jeffrey | None
Jacob | None
Christine | None
Christopher | None
Cindy | None
Conor | None
Dan | None
David | None
Diana | None
Jaqueline | None
Edgar | None
Eri | None
Erina | None
Fabio | None
Feten | None
Gemma | None
Iris | None
Isabel | None
Eero | None
Lesean | None
Karolyn | None
Leyre | None
Melissa | None
Michael | None
Michela | None
Leticia | None
Olivia | None
Philip | None
Prasant | None
Raquel | None
Rick | None
Rocio | None
Rocio | None
Rocio | None
Ruth | None
Sanj | None
Shalav | None
Maximilian | None
Maximilian | None
Naomi | None
Laura | None
Lourdes | None
Lucia | None
Maria | None
Maria | None
Maria | None
Maria | None
Mariana | None
Mariella | None
Gee | None
Deo | None
Cris | None
John | None
Marie | None
Michael | None
Resty | None
Natallia | None
Ma | None
KP | None
Steven | None
Kevin | None
Alex | None
Inha | None
Alexandra | None
Boris | None
Jeriel | None
Arturo | None
Angeli | None
Jordan | None
Douglas | None
Tiffany | None
Katlyn | None
Kevin | None
Alyssa | None
Caitlin | None
Laura | None
Jessie | None
Prerana | None
Chanee | None
Sean | None
David | None
Breanne | None
Joel | None
Lauren | None
Matt | None
Natalia | None
Abdiel | None
Donny | None
William | None
Lindsey | None
Mehak | None
alexis | None
Michael | None
bailey | None
lauren | None
matthew | None
mia | None
olivia | None
samuel | None
sarah | None
shakira | None
tiffany | None
emma | None
Noelle | None
Anthony | None
Amelia | None
Abdiel | None
Brian | None
Leslie | None
McKay | None
Robby | None
Rebecca | None
Lindsey | None
Colton | None
Zachary | None
Brayden | None
Max | None
William | None
William | None
Keaunia | None
Lindsay | None
Donja | None
Hannah | None
Natalia | None
Abby | None
Amy | None
Andrew | None
Patrick | None
Raven | None
Riley | None
Rineta | None
Sarah | None
Sarah | None
Shea | None
Sydney | None
Oscar | None
Taylor | None
Neo | None
Zara | None
Cesar | None
Kat | None
Connie | None
Robert | None
Ryan | None
Alanna | None
Tymika | None
Nicole | None
Michael | None
Macie | None
Anthony | None
Austin | None
Brendan | None
Christina | None
Cody | None
Elizabeth | None
Hannah | None
Imari | None
Jalyn | None
jalyn | None
Joey | None
John | None
Johnny | None
Kailey | None
Keaunia | None
Kimberly | None
Kimberly | None
Lida | None
Louis | None
Rachel | None
Mike | None
jacob | None
Michael | None
Spencer | None
Blake | None
Mikayla | None
Madison | None
Daniel | None
Emily | None
Harley | None
Jake | None
Anthony | None
Jayson | None
Catherine | None
Corey | None
Laura | None
Leah | None
Marquez | None
Sloan | None
Brooklyn | None
Alia | None
Parker | None
Will | None
Kaley | None
Alexis | None
Sabastian | None
Alyson | None
Tara | None
Tim | None
McKay | None
Taylor | None
Alec | None
Zubin | None
Matthew | None
Alison | None
Lindsey | None
Nicholas | None
Zachary | None
Abigayle | None
Ansar | None
Carly | None
Deborah | None
Mike | None
Ernesto | None
Christopher | None
Dara | None
Greg | None
Debbie | None
Executive | None
Jeremy | None
Shira | None
Shabnam | None
Jeremy | None
Matt | None
Matt | None
Debbie | None
Prudvi | None
Ryan | None
Amber | None
Avery | None
Darci | None
Kristina | None
Molly | None
David | None
megan | None
Harish | None
Drew | None
Darren | None
Jasmine | None
Steve | None
Lucas | None
Asher | None
Laura | None
Gregory | None
Trinath | None
laura | None
julie | None
colleen | None
Kimberly | None
Julie | None
Alena | None
Natalie | None
Trevor | None
Scott | None
Roger | None
Paige | None
Logan | None
Kahli | None
Colby | None
Caroline | None
April | None
Adrianna | None
Carrie | None
Chris | None
Nichole | None
Sandy | None
Roger | None
Jonathan | None
Allyson | None
Carrie | None
Laura | None
Tina | None
Roger | None
Adrianna | None
Julie | None
Shari | None
Sandy | None
john | None
joe | None
jessica | None
jason | None
chris | None
david | None
david | None
john | None
brandon | None
aaron | None
Jazz | None
gino | None
linda | None
jason | None
sara | None
victor | None
Tony | None
Brian | None
Brian | None
Garth | None
Hans | None
Jazz | None
Mike | None
Chris | None
Mary | None
Amy | None
Sierra | None
Kris | None
natalie | None
Andrew | None
Ruth | None
Cindy | None
Ali | None
Michelle | None
robyne | None
heni | None
Fred | None
agata | None
Sheryl | None
Kelli | None
Katie | None
Steven | None
Becky | None
Heather | None
Alyssa | None
Lorin | None
Nicole | None
Samantha | None
Jessica | None
Alyssa | None
Katie | None
Jack | None
Allena | None
Kathy | None
Nate | None
Jake | None
Caroline | None
Jesse | None
Andrew | None
Mallory | None
Tyler | None
Carter | None
Trey | None
Wade | None
Adam | None
Sydney | None
David | None
Christopher | None
Brianna | None
Jason | None
Alli | None
Hally | None
Emma | None
Dawn | None
Sierra | None
Daniel | None
Kaleena | None
Chris | None
Quentin | None
John | None
Eleni | None
Greg | None
Samantha | None
Paige | None
Kira | None
Brittany | None
Jonathan | None
Vincent | None
Jeff | None
Britney | None
Jordana | None
Megan | None
Iman | None
Miranda | None
Olivia | None
Jennifer | None
Sophia | None
Mahad | None
Maddie | None
Leah | None
James | None
Stephanie | None
Isabella | None
Brittney | None
Brian | None
Tony | None
Zachary | None
Natsinu | None
Adonia | None
Valeria | None
Mehtaj | None
Amanda | None
Christopher | None
Savannah | None
Charina | None
Rebecca | None
Megan | None
Mattie | None
Martin | None
Nicole | None
Cara | None
Deidra | None
Derek | None
Tucker | None
Sandy | None
Katherine | None
Hannah | None
Elizabeth | None
Jay | None
Anthony | None
Germainne | None
Keydarryl | None
Jared | None
Diana | None
Christopher | None
Carol | None
Beck | None
Barbara | None
Kirin | None
Destynne | None
Mary | None
Marisa | None
Ryan | None
Cindy | None
Kristen | None
Bill | None
Brian | None
Gaurav | None
Courtney | None
AMITA | None
Anthony | None
Tony | None
Anthony | None
Vivian | None
Joe | None
Kerri | None
Meenakshi | None
Laura | None
Kerri | None
Kathy | None
Scott | None
Courtney | None
Sabrina | None
Anthony | None
Courtney | None
Mike | None
Joe | None
Anthony | None
Himalay | None
Timothy | None
Ann-Marie | None
Scott | None
Ram | None
Shiran | None
Ann | None
Jamie | None
Jaclyn | None
Laura | None
Scott | None
Vivian | None
Sabrina | None
Tony | None
Jeff | None
Danie | None
Sammy | None
Haley | None
Serene | None
Jennica | None
Melissa | None
Tracye | None
Jonathan | None
Lindsey | None
Richard | None
Gil | None
Mia | None
Paris | None
Jane | None
Lindsay | None
Julie | None
Julie | None
Joanna | None
Julia | None
Haley | None
Hayley | None
Edgar | None
Ezekiel | None
Chloe | None
Bharat | None
Annette | None
Maor | None
Colin | None
Amanda | None
Marilyn | None
Geneva | None
Aynsley | None
Haley | None
Keelan | None
Zobia | None
Sakshi | None
Richard | None
Nidhi | None
Megha | None
Mona | None
Mia | None
Melissa | None
Lindsey | None
Kylie | None
Joanna | None
Jacob | None
Jonathan | None
Gil | None
Ezekiel | None
Emily | None
Danie | None
Briana | None
Bharat | None
Hayley | None
tom | None
Hannah | None
shelby | None
Pamela | None
Courtney | None
annette | None
catherine | None
chloe | None
christy | None
colin | None
courtney | None
emma | None
emma | None
grace | None
jennica | None
jessica | None
julia | None
julie | None
keelan | None
kristen | None
lindsay | None
maddie | None
maor | None
rachel | None
sammy | None
sara | None
sydney | None
jane | None
Geoff | None
Jared | None
Vincent | None
Mike | None
Sylvia | None
Adrian | None
Pierse | None
Misael | None
Rebekah | None
Emma | None
Les | None
Julianna | None
Tyler | None
Ryan | None
Alex | None
Matthew | None
Tyler | None
Joe | None
Henry | None
Rilang | None
James | None
Adam | None
Nick | None
Darren | None
Grace | None
Shawn | None
Kiara | None
Gabe | None
Charles | None
Garrett | None
Leo | None
Linda | None
Macy | None
Andreina | None
Angela | None
Bentitosan | None
Debbie | None
Albert | None
Adina | None
Joshua | None
Rob | None
Sabrina | None
Jacqueline | None
Tahmid | None
Sarah | None
Danielle | None
Paige | None
Chris | None
Spencer | None
Muberra | None
Paul | None
Donna | None
Donald | None
Donald | None
Detta | None
Detta | None
Alex | None
Phat | None
Pooya | None
Diana | None
Hannah | None
Debbie | None
Neil | None
Carrie | None
Laura | None
Lauren | None
Ashlee | None
Erin | None
Anthony | None
Nathan | None
Latoia | None
Jim | None
Corey | None
Chris | None
Norm | None
John | None
Michael | None
Nicholas | None
Owen | None
Paul | None
Jared | None
Paul | None
Robert | None
Ryan | None
Steven | None
Steven | None
Tiffany | None
Brandon | None
Michael | None
Michael | None
Kevin | None
Jeremy | None
Louis | None
Fred | None
Anthony | None
Addison | None
Brian | None
Benjamin | None
Bryant | None
David | None
Benjamin | None
David | None
Dave | None
Eric | None
Frederick | None
Ian | None
Stephen | None
Justin | None
Charles | None
Eric | None
Robert | None
Scott | None
Brandon | None
Cathy | None
Rebecca | None
Amanda | None
Justine | None
Mark | None
Seliat | None
Allison | None
Todd | None
Michael | None
Allison | None
Anya | None
Brenden | None
Rachel | None
Beth | None
Njeri | None
Joe | None
Gus | None
Nick | None
Jonathan | None
Ed | None
Lisa | None
John | None
Wes | None
Ishtiaq | None
Scott | None
Adrielle | None
Nick | None
Jonathan | None
Maureen | None
John | None
Marc | None
Anthony | None
Val | None
Joanie | None
Tom | None
James | None
Denise | None
Donna | None
Shaoming | None
Fernando | None
Jennifer | None
Jon | None
Barry | None
Amanda | None
Aisha | None
Dudley | None
Megan | None
Matt | None
Julie | None
Audra | None
Susan | None
Ariana | None
Kabir | None
Dylan | None
Leah | None
David | None
Maeve | None
Rafil | None
Chris | None
Cameron | None
Ivette | None
le | None
Shorouk | None
Cassie | None
James | None
Phil | None
Ralph | None
Carl | None
Zack | None
Hannah | None
Jack | None
Ben | None
Jack | None
Daniel | None
Peter | None
Gareth | None
Jack | None
Molly | None
Paul | None
Shawn | None
Garland | None
Stephanie | None
Celeste | None
Allison | None
Amethyst | None
Alisa | None
Athena | None
Gale | None
Shira | None
Kelvin | None
Chad | None
DeAnte | None
David | None
Jackie | None
Michael | None
Nola | None
Patrick | None
Stephen | None
vanessa | None
Allan | None
Michael | None
Marci | None
Danielle | None
Annah | None
Jason | None
Michael | None
Jackie | None
Matthew | None
Javaughn | None
Matthew | None
Jason | None
Dalton | None
Shaniece | None
Marci | None
Hayes | None
Dior | None
Elaine | None
Skylar | None
Emily | None
Seth | None
Maggie | None
Paola | None
Catalina | None
Chris | None
Dalton | None
Shaniece | None
Tayah | None
Jaqiun | None
Hans | None
Sara | None
Alexa | None
Paola | None
William | None
Carmen | None
Malek | None
Lynee | None
Kara | None
Rachael | None
Milt | None
Dan | None
David | None
Christine | None
Hayes | None
Roy | None
Kelly | None
Metz | None
Allie | None
Andrew | None
Cristina | None
Colin | None
Daniel | None
Kate | None
Lauren | None
Lindsey | None
Mark | None
Marci | None
brian | None
john | None
syed | None
Matthew | None
Panacea | None
xyntek | None
Johnny | None
Chris | None
Megan | None
Mitch | None
Pamela | None
Kris | None
Roman | None
Scott | None
Valerie | None
Ryan | None
Ashli | None
Cory | None
ShaCoya | None
Enrique | None
Lauren | None
Rourke | None
Chloe | None
Saxon | None
Jane | None
Mike | None
Marco | None
Tim | None
Tony | None
Susan | None
Lauren | None
Jennifer | None
Brian | None
Amanda | None
Taylor | None
Kira | None
David | None
Aryn | None
Gina | None
Christopher | None
Hannah | None
Drew | None
Jackie | None
Adnan | None
Reeves | None
Josh | None
Elan | None
Kilea | None
Maria | None
Corey | None
Joseph | None
Aire | None
Maddie | None
Tyler | None
Brandy | None
Ryan | None
Sam | None
Kevin | None
Saxon | None
Jeremy | None
Scott | None
Heidi | None
Catherine | None
Jeremy | None
Jorge | None
Kevin | None
Hunter | None
Nick | None
Jorge | None
Sam | None
Gregory | None
Cameron | None
Elan | None
Gregory | None
Catherine | None
Cameron | None
Joseph | None
Selina | None
Benjamin | None
Samantha | None
Wade | None
Jenny | None
Charlie | None
Alexis | None
Zac | None
Reeves | None
Roman | None
Ryan | None
Scott | None
Scott | None
Tyler | None
Kris | None
Lauren | None
Susan | None
Rose | None
Jarynn | None
Aryn | None
Mike | None
Jenna | None
Catapult | None
Ryan | None
Summer | None
Sofia | None
Jenna | None
Giovanni | None
Paige | None
Corey | None
Marco | None
Maddie | None
Aryn | None
Brian | None
Amy | None
Gabrielle | None
Gina | None
Hannah | None
Hunter | None
Jackie | None
Jane | None
Jeanne | None
Jenna | None
Jennifer | None
Johnny | None
Josh | None
Aire | None
Ashli | None
Austin | None
Brandy | None
Chase | None
Chellam | None
David | None
Enrique | None
Heidi | None
Lauren | None
Gina | None
Jennifer | None
Ryan | None
John | None
Angelina | None
Drew | None
Tony | None
Thurman | None
Alex | None
anastasia | None
Anastasiia | None
Anastasiia | None
Ann | None
Ann | None
Anna-Maria | None
Ashley | None
Aaron | None
Blake | None
Ed | None
Erin | None
Jane | None
Jennifer | None
Jesse | None
Joey | None
Johnathan | None
Jojo | None
Karolina | None
Kenny | None
Kilea | None
Kyli | None
Collin | None
Marla | None
Taylor | None
Javier | None
Alexis | None
Andrea | None
Susan | None
Rose | None
Donna | None
Abyssinia | None
Kala | None
Christopher | None
Kala | None
Ivan | None
Valerie | None
Kala | None
ryan | None
Tim | None
Jaime | None
Erik | None
ibrahima | None
DeMaise | None
Shawn | None
Rose | None
Gerard | None
Christina | None
Alex | None
Scott | None
Acacia | None
Krystyna | None
Stanley | None
Torren | None
Summer | None
Marla | None
Matthew | None
Miles | None
gina | None
johnny | None
Kilea | None
kimberly | None
kira | None
Kyli | None
Lacey | None
lauren | None
luisa | None
mariya | None
marty | None
matthew | None
natalie | None
ed | None
nikka | None
Olga | None
rourke | None
Sam | None
scott | None
scott | None
seth | None
Susan | None
terrell | None
thurman | None
Enrique | None
Kilea | None
Alina | None
Kala | None
Olga | None
drew | None
david | None
chandler | None
Olga | None
Rashida | None
Shacoya | None
ShaCoya | None
Susan | None
Taylor | None
Taylor | None
Andrea | None
Alexis | None
Jane | None
Christopher | None
Tim | None
Andrew | None
Jason | None
Chris | None
ED | None
Roman | None
Brenda | None
Alexandra | None
Amanda | None
Anastasiia | None
Andrew | None
Ann | None
Anna | None
Anna | None
Ashley | None
Ashli | None
Becki | None
Brendan | None
Taylor | None
Ann | None
Kimberly | None
Maggie | None
Scott | None
Chloe | None
Jackie | None
Gina | None
Hannah | None
Tim | None
Jane | None
Megan | None
Selina | None
Saxon | None
Pamela | None
Ryan | None
Tony | None
Paige | None
Maria | None
Andrew | None
Ann | None
Aryn | None
Brian | None
Chris | None
Elle | None
Eric | None
Jacob | None
Johnny | None
Kilea | None
Rourke | None
Ryan | None
Sam | None
Stetson | None
Chris | None
LUIS | None
Olga | None
Saxon | None
Aire | None
Roman | None
Cory | None
Sofia | None
David | None
Rafael | None
Chase | None
Marco | None
Brandy | None
Aidan | None
Andrew | None
Isabelle | None
Lauren | None
Leah | None
Patrick | None
Selina | None
Lad | None
Matthew | None
Matt | None
Anastasiia | None
Olivia | None
Taylor | None
Maggie | None
Jeanne | None
Joseph | None
Christopher | None
Tim | None
Kilea | None
Ryan | None
Valerie | None
Corey | None
Mitch | None
Cameron | None
Sam | None
Yvonne | None
Maggie | None
Rourke | None
Yvonne | None
Stetson | None
Catherine | None
Kevin | None
Megan | None
Summer | None
Rourke | None
Giovanni | None
Malik | None
Frank | None
Ashli | None
Eric | None
Drew | None
Nikki | None
Tyler | None
Chris | None
Alyssa | None
Saxon | None
Bailey | None
Connor | None
Raine | None
Kyleigh | None
Layton | None
Kira | None
Taylor | None
Ashli | None
Cristian | None
Ivan | None
Jacob | None
Cindy | None
Lori | None
Miles | None
Rourke | None
Brian | None
Tony | None
Johnny | None
Elizabeth | None
jeanne | None
Chellam | None
Ryan | None
Aryn | None
ShaCoya | None
bradley | None
Philip | None
Jake | None
Dan | None
Dan | None
Harry | None
George | None
Lewis | None
Katy | None
Matthew | None
Yogita | None
Dane | None
Rose | None
Tom | None
Phillip | None
Joe | None
Lizzie | None
Shaun | None
George | None
Ben | None
Alex | None
chris | None
Emma | None
Fergus | None
Lily | None
Rachel | None
Iona | None
george | None
Sophia | None
Kai | None
Laura | None
Beth | None
Jordan | None
Christina | None
Courtney | None
Jack | None
Kerry | None
Nicole | None
Rachel | None
Michael | None
Casey | None
Chad | None
Jack | None
Barney | None
Johnathan | None
Daniel | None
Casey | None
matt | None
Sarah | None
Dan | None
Devin | None
Geoff | None
Jennifer | None
Lindsay | None
Wouter | None
Jennifer | None
Eric | None
Jennifer | None
Stacy | None
Sara | None
Dave | None
Christine | None
Maren | None
Avery | None
Shana | None
Hannah | None
Lexi | None
Danielle | None
Daria | None
Gabor | None
Naomi | None
Lindsay | None
Kelly | None
Tyler | None
Kari | None
Edward | None
jenny | None
jane | None
jamie | None
jack | None
jaci | None
holly | None
hailee | None
grace | None
erin | None
emmanuel | None
emily | None
jessica | None
dr | None
derica | None
deidra | None
david | None
daniela | None
corrine | None
christy | None
christina | None
chris | None
chloé | None
chloe | None
callie | None
devon | None
juliana | None
kara | None
karson | None
sydney | None
sayeeda | None
ryan | None
peggy | None
pavan | None
olivia | None
nick | None
neha | None
nathalie | None
natalie | None
molly | None
michael | None
meredith | None
maximillian | None
mariah | None
mallory | None
madison | None
lynn | None
logan | None
lexie | None
kyle | None
kristie | None
kendall | None
keilin | None
keely | None
caitlin | None
brooke | None
brianna | None
brett | None
Kurt | None
Zach | None
Tim | None
Jordan | None
Monika | None
Rae | None
Ally | None
Tyler | None
Thomas | None
Taylor | None
Sarah | None
Pina | None
Nicole | None
Michelle | None
Melissa | None
Marissa | None
Lindsay | None
Kerry | None
Kaitlin | None
Joshua | None
Jamie | None
Dan | None
Claire | None
Christina | None
Pam | None
Ryan | None
tabitha | None
Lauren | None
Ashley | None
blair | None
bennett | None
ashley | None
ariel | None
ari | None
anna | None
amie | None
ally | None
allie | None
allegra | None
abigail | None
Heather | None
Scotty | None
Tommy | None
April | None
Edita | None
Jordan | None
Celeste | None
Slater | None
Jessica | None
Ashlee | None
Blake | None
Docker | None
Taylor | None
Alina | None
Liz | None
Sue | None
ted | None
Gleanna | None
Erin | None
Jordan | None
Britni | None
Jordan | None
Karissa | None
Mallory | None
Mikhail | None
Rob | None
Nikki | None
Meredith | None
Rob | None
Nickole | None
Amy | None
Nicole | None
Wills | None
Grace | None
tyler | None
Ally | None
Kay | None
Alexander | None
Lauren | None
Jessica | None
Mallory | None
Ryan | None
Samantha | None
Rachel | None
Mikhail | None
Sayeeda | None
Nikki | None
Kara | None
Ariel | None
Liz | None
McKenna | None
Rob | None
Mariah | None
Kevin | None
Michael | None
Kelly | None
Daniela | None
Matt | None
Marcus | None
Jackie | None
McKenna | None
Rachel | None
Emily | None
Linda | None
Joshua | None
Stephanie | None
Nicole | None
Liz | None
Ashley | None
Jennifer | None
Monika | None
Rosalind | None
Erin | None
Jordan | None
Zach | None
Alina | None
Hailee | None
Jamie-Lynn | None
Dan | None
Lizzy | None
Brian | None
Ed | None
Rebecca | None
Amy | None
Tyler | None
Jamie | None
Thomas | None
Tim | None
Marissa | None
Ryan | None
Taylor | None
Matthew | None
Robin | None
Patrice | None
Karissa | None
Rae | None
Alyssa | None
Patrice | None
Amanda | None
Amy | None
Benjamin | None
Candice | None
Chris | None
Christine | None
Christopher | None
Emily | None
Hanna | None
Heather | None
Janine | None
Arien | None
Rachel | None
Kevin | None
Jared | None
Maiya | None
Tanner | None
Shylah | None
Sara | None
Paul | None
Michele | None
Michael | None
Jessica | None
Wolf | None
Lee | None
Kristen | None
Kathy | None
Kat | None
Joshna | None
Jessica | None
Lori | None
Ed | None
Benito | None
Amanat | None
Carl | None
Robert | None
Anja | None
Steven | None
Darren | None
Jonathan | None
Pavan | None
Cindy | None
Leslie | None
Ethan | None
James | None
Stephanie | None
Jonathan | None
Sean | None
John | None
Eric | None
Adrian | None
David | None
Darryl | None
catherine | None
David | None
ivelisse | None
kirk | None
kristie | None
natalie | None
samantha | None
samantha | None
shari | None
stephanie | None
Brian | None
Jennifer | None
frank | None
Loreann | None
Nikesh | None
Brandon | None
Alan | None
Lakshmi | None
Constance | None
SaiNath | None
Bob | None
Juliana | None
Hazel | None
Jesus | None
Kyle | None
Melanie | None
Som | None
Jennifer | None
Sonia | None
Steve | None
Nicole | None
Kathy | None
Rich | None
Daniel | None
Mark | None
Brian | None
Lisa | None
John | None
Bill | None
Mark | None
Michelle | None
Erica | None
Theo | None
Jim | None
Beau | None
Bill | None
Jeff | None
Seth | None
Sean | None
Allison | None
Joyce | None
Tim | None
Robert | None
Karen | None
Heath | None
Brian | None
Tammy | None
Jennifer | None
David | None
Kristina | None
Chuck | None
Tim | None
Katie | None
Christine | None
Sean | None
Andrew | None
Paul | None
Eric | None
Dee | None
Hollie | None
Ivan | None
AJ | None
Hunter | None
Nicole | None
Mary | None
Zahra | None
Ned | None
Azza | None
Elizabeth | None
Joshua | None
John | None
Allie | None
Amanda | None
Lukas | None
Michelle | None
Marie | None
dr | None
hemant | None
Andrea | None
Babita | None
Carly | None
Dez | None
Esther | None
Gabrielle | None
Jehanwa | None
Kathleen | None
Mariel | None
Mark | None
Neha | None
Nitika | None
Patti | None
Paul | None
Steve | None
Carly | None
Jayti | None
Geeta | None
Paula | None
Camden | None
Jeffrey | None
Eddie | None
Hilary | None
Carlos | None
Alan | None
Michael | None
Stephanie | None
Sara | None
Erlinda | None
Kris | None
Matt | None
Jess | None
Matthew | None
Kaila | None
Tom | None
Rachel | None
Kenny | None
Tristian | None
Ruth | None
Alex | None
Kevin | None
Karin | None
Jayson | None
Cary | None
Mark | None
Yaquelyn | None
Amy | None
Beth | None
Joe | None
Brian | None
Carole | None
Jojo | None
Christin | None
Amy | None
Vivian | None
Maddie | None
Damian | None
Jason | None
Danielle | None
Charles | None
Joshua | None
Nick | None
Tony | None
Carrie | None
Dion | None
Benjamin | None
Michelle | None
Tom | None
Christina | None
Ashley | None
Byron | None
Alex | None
Teresa | None
Tad | None
Joe | None
Doug | None
Joshua | None
Lara | None
Carroll | None
Glenda | None
Sydney | None
Colin | None
Brandy | None
TJ | None
Erica | None
Tara | None
Jack | None
Jessica | None
Jason | None
Chuck | None
Whitney | None
Megan | None
Greg | None
Bert | None
Ryan | None
Brandyn | None
Rebecca | None
Noah | None
Kelsey | None
Jason | None
Ryan | None
Amy | None
Kaity | None
Robert | None
Katie | None
Tony | None
Michael | None
Joe | None
Chase | None
Mallory | None
Jacob | None
Kyle | None
Abigail | None
Debbie | None
Natalie | None
Kimberly | None
Emily | None
Robert | None
Dan | None
Laura | None
Todd | None
Kelsey | None
Alexandra | None
Hudson | None
Anthony | None
Fabio | None
Jennifer | None
Noah | None
Eric | None
Jason | None
Ruth | None
Kyle | None
Jamison | None
Raquel | None
Brian | None
Angie | None
Hayden | None
Mara | None
Brian | None
Mike | None
Amer | None
Nate | None
John | None
Andrew | None
Walter | None
Joshua | None
Jennifer | None
Chris | None
Clarence | None
Stephanie | None
Michael | None
Jazmin | None
Bryanna | None
Danielle | None
Gabriela | None
Mike | None
Susan | None
Carly | None
Shannon | None
Heather | None
Hannah | None
Sarah | None
Dennis | None
Milurka | None
Olivia | None
Cece | None
Erin | None
Clayton | None
Mike | None
Jackie | None
John | None
Kelsey | None
Greg | None
Leann | None
Monica | None
Kylie | None
Leaza | None
Mary | None
Mike | None
Narinder | None
Guy | None
Christy | None
Megan | None
Angela | None
Elida | None
Gloria | None
Ted | None
Danielle | None
Meg | None
Narendar | None
Jennifer | None
Kimberly | None
Ashim | None
Amy | None
Thomas | None
Beth | None
Sachiyo | None
Jose | None
Stephanie | None
Bethany | None
Kerry | None
Conrod | None
Rob | None
Jansen | None
Jennifer | None
April | None
Amanda | None
Tracy | None
Martin | None
Rob | None
David | None
Kristopher | None
Yudy | None
Bryana | None
Craig | None
Gabe | None
Mariam | None
Brandon | None
Thomas | None
Krista | None
Jessica | None
Mike | None
Scott | None
Torm | None
Brad | None
Scott | None
Carmen | None
Laura | None
Jess | None
Hayley | None
Katie | None
Jane | None
Alex | None
Wendy | None
Hugo | None
Douglas | None
Brad | None
Jeff | None
Ezana | None
Mike | None
Kieran | None
David | None
Kaila | None
David | None
Shael | None
Maryna | None
Leigh | None
Stacia | None
Barbara | None
Danika | None
Haley | None
Caroline | None
Tanya | None
Marc | None
Alex | None
Joseph | None
Shane | None
Sam | None
Karina | None
Lindsay | None
Cheryl | None
Elizabeth | None
Meizi | None
Matt | None
Brett | None
Ryan | None
Jess | None
Chris | None
Suzanne | None
Joe | None
Craig | None
Dima | None
Richard | None
Renee | None
Michael | None
Clay | None
Chris | None
Carrie | None
John | None
Kent | None
Mia | None
Robert | None
Patrick | None
Peter | None
Megan | None
Alex | None
Matt | None
Pete | None
Ed | None
Kaitlin | None
Steven | None
Mary | None
Larry | None
James | None
Joseph | None
Steve | None
Dean | None
David | None
Suzie | None
Traci | None
Greg | None
Maddie | None
Elizabeth | None
Joe | None
Lindsay | None
Chris | None
Yvette | None
Don | None
Andrew | None
Andy | None
Michael | None
Betsy | None
Lisa | None
Doug | None
Raul | None
Matt | None
Kindra | None
Maurice | None
Doug | None
Matt | None
Brad | None
Jake | None
Troy | None
Laura | None
Shawn | None
Jeffry | None
Bryan | None
Chad | None
Arthur | None
Andrew | None
Robert | None
Nicholas | None
Barry | None
Peter | None
Machaela | None
Jennifer | None
Bradley | None
Isaac | None
Cindy | None
Mel | None
Dave | None
Jean | None
Paul | None
Kevin | None
John | None
Seth | None
Stephane | None
Tim | None
Josephine | None
Dan | None
Andy | None
Rick | None
Zach | None
Roberto | None
Jack | None
Donnie | None
Jo | None
Jon | None
Anjali | None
Don | None
Lavanya | None
Carnel | None
Carrie | None
Chris | None
Prahallad | None
Eric | None
Charles | None
Debiprasad | None
David | None
Lori | None
Denise | None
Keith | None
Vinit | None
Ann | None
Nirmal | None
Sathish | None
Ajay | None
Richard | None
Shawn | None
Sai | None
Kerrilynn | None
Emiliano | None
Rachel | None
Kenneth | None
Sai | None
Carley | None
Michael | None
Soumya | None
Navdeep | None
Tulsi | None
Christopher | None
Dan | None
Shah | None
Cassandra | None
Shripad | None
Dorothy | None
Ian | None
Jason | None
Max | None
Brandon | None
Joshua | None
Justin | None
Rafael | None
Montse | None
Carl | None
Michael | None
Daniel | None
Patty | None
Carol | None
Crystal | None
DeWayne | None
Jessica | None
Paul | None
John | None
Greg | None
Doreen | None
Benjamin | None
Paul | None
Austin | None
Robert | None
Rick | None
Ted | None
Serge | None
Lori | None
Tao | None
Kevin | None
Daniel | None
Blaine | None
Jennifer | None
Ali | None
Angelika | None
Michael | None
Cordell | None
Theresa | None
Taylor | None
Colleen | None
Natalie | None
Montse | None
Isaac | None
Mary-Helen | None
Brian | None
David | None
Rhonda | None
Claudia | None
LeRoy | None
Frank | None
Christopher | None
Jameel | None
Wei | None
Azrel | None
Tiffany | None
Niya | None
Mary | None
Blaine | None
Royal | None
Louis | None
Stephanie | None
Ted | None
Tiffany | None
Deanna | None
Ayla | None
Doreen | None
Ashlyn | None
Alison | None
Brandon | None
Chad | None
Cheyenne | None
Nathalie | None
Erik | None
Fiona | None
Sydney | None
Eric | None
Pearse | None
Judd | None
Brad | None
Daniel | None
Ellie | None
Phil | None
Robert | None
Sheldon | None
Stephen | None
Daniel | None
Josh | None
Connor | None
Marcus | None
Halie | None
Michael | None
Moira | None
Matt | None
Isidro | None
Gabriela | None
Frankie | None
Erica | None
Deanna | None
Chloe | None
Carolyn | None
Billy | None
Apolo | None
Amy | None
Maryum | None
Korie | None
Sarahi | None
Kellyn | None
Reijean | None
Sonia | None
Terri | None
Troy | None
Virginia | None
Amy | None
Barnaby | None
Catherine | None
Alvin | None
Dave | None
Erik | None
Joshua | None
Kyle | None
David | None
Adam Albright | None
Bekah Wilkerson | None
Kassy Pinori | None
Charlene | None
Emily | None
Ken | None
Georgina | None
Georgina | None
Emily | None
Peyman | None
Emily | None
Emerson | None
Emerson | None
Edward | None
Delores | None
David | None
Darcy | None
Claire | None
chris | None
Chase | None
charlotte | None
Starsha | None
Adam | None
Adam | None
Mary | None
amanda | None
Andrew | None
Angela | None
Greg | None
Anil | None
Anthony | None
Beatrice | None
bekah | None
brandi | None
Brian | None
Caleb | None
Anne | None
Renee | None
gretchen | None
hisham | None
Morgan | None
monica | None
Michaela | None
Melisa | None
Megan | None
mary | None
Maribel | None
Malik | None
maggie | None
Madeline | None
Machelle | None
Kristin | None
Kim | None
Kim | None
kim | None
Kelsey | None
Keith | None
Iro | None
Jaime | None
Jason | None
jenna | None
Jessica | None
Jillian | None
hisham | None
Kaleigh | None
Kassy | None
Kate | None
katie | None
Kaylah | None
Kaylah | None
Kaylah | None
Kalif | None
Morgan | None
Nick | None
Richelle | None
Stacy | None
starsha | None
steph | None
sue | None
Sheila | None
Tessa | None
sharon | None
Rhonda | None
Robbie | None
Seth | None
Scott | None
Sarah | None
samantha | None
Silvia | None
Ronnie | None
Treece | None
Brian | None
Wilkerson | None
William | None
Robert | None
Shelby | None
Suresh | None
Sudhanshu | None
Prabhakar | None
Satish | None
Vivek | None
rakesh.yelasetty | None
Rakesh.Varaha | None
Seshasai | None
Miles | None
Oduwa | None
Pamela | None
Page | None
Chris | None
Kemi | None
Kimberly | None
Kristen | None
Ilya | None
Erin | None
Andrew | None
Connor | None
Camille | None
Peyton | None
Bill | None
Jonathan | None
Kyle | None
Mia | None
Stephen | None
Jonathan | None
Gordon | None
Frederick | None
Amy | None
Amy | None
Lee | None
Kara | None
Deepali | None
India | None
Charlie | None
Disha | None
Jack | None
Phani | None
Kumara | None
Sam | None
Jim | None
Ira | None
Ashok | None
Jennifer | None
Kuldip | None
Disha | None
Richard | None
Bhanu | None
Revathi | None
Teja | None
Sunil | None
Nisha | None
Swati | None
Atul | None
Phani | None
Peter | None
Philip | None
Ashish | None
Peter | None
amberlin | None
Amberlin | None
Marie | None
Alajuwon | None
Albert | None
Jon | None
Howard | None
Benjamin | None
Greg | None
Henley | None
Jemma | None
James | None
Michael | None
Scott | None
Francesca | None
Greg | None
Johnny | None
Damien | None
Ryan | None
Tommy | None
James | None
Duncan | None
John | None
Ashley | None
Lucas | None
John | None
Lucy | None
Georgia | None
Ian | None
Scott | None
Tommy | None
Maisey | None
Aaron | None
Kate | None
Johnny | None
Paul | None
Abhijit | None
Megan | None
Madison | None
Nicki | None
Megan | None
Justin | None
Toby | None
doug.benshoo | None
chavie | None
chavie | None
kari | None
shannon | None
brad | None
Brittney | None
Kevin | None
Matt | None
Mike | None
D.Court | None
Peter | None
Jason | None
Kurt | None
Christian | None
Patty | None
Jennie | None
Stacey | None
Kevin | None
Juli | None
Jennifer | None
Jen | None
Stephanie | None
Jarrod | None
Benjamin | None
Court | None
Jason | None
Eric | None
Marwa | None
Shannon | None
DeAngelo | None
Jeff | None
Kathy | None
Pamela | None
Brittany | None
Mary | None
Alex | None
Val | None
Bobby | None
Patrick | None
Ashley | None
Jane | None
Byron | None
Jane | None
Erika | None
TOTLYN | None
Steve | None
Lisa | None
Mia | None
Kelly | None
James | None
Melissa | None
Sandy | None
Giselle | None
Michael | None
Lisa | None
Brett | None
Rafael | None
James | None
Michaela | None
Anna | None
Emily | None
Timothy | None
Sheeba | None
George | None
Daniel | None
Danielle | None
Dadhich | None
Team | None
Harlee | None
Cameron | None
Hugo | None
Liora | None
Pascale | None
Kelly | None
Timms | None
Bury | None
Tiffany | None
Houck | None
Brewer | None
Shook | None
Brown | None
Kupka | None
Oldham | None
Bakshi | None
Joachimstaler | None
Jahraus | None
Nicholas | None
Chris | None
Josh | None
Jacob | None
James | None
Mayfield | None
Beverley | None
Marshall | None
Andrea | None
Dylan | None
John | None
Bridget | None
Alexandria | None
Beth | None
Ashley | None
Jamie | None
Crystan | None
Josh | None
Heather | None
Shivani | None
Courtney | None
Matthew | None
Eric | None
Michael | None
Mike | None
Phil | None
Tejindra | None
Toby | None
Kari | None
Joel | None
Joe | None
Jodi | None
Edward | None
Vincent | None
Diane | None
David | None
Darrin | None
Chris | None
Taunya | None
Victor | None
Brandon | None
Anthony | None
Nick | None
Megan | None
George | None
Ken | None
Don | None
Dan | None
Karen | None
Brandon | None
Laura | None
Lisa | None
Darryl | None
Elishia | None
Erin | None
Dawn | None
Gilbert | None
Jessica | None
Katie | None
Dee | None
Susan | None
Chinh | None
Dan | None
Natalie | None
Paula | None
Mary | None
Carol | None
Lia | None
Erica | None
Mini | None
Holly | None
Alison | None
Beth | None
Greetings | None
Gloria | None
Hiram | None
Jay | None
Jami | None
Joanna | None
Gabriela | None
Heath | None
Holly | None
Jesse | None
Adam | None
Keith | None
Samuel | None
Cammie | None
Betty | None
Danny | None
Wyatt | None
Annie | None
Sandrah | None
Marco | None
Steven | None
Tom | None
Lonnie | None
Alec | None
Mike | None
Orlando | None
Dawn | None
Donovan | None
Matt | None
Gavin | None
Nancy | None
Scott | None
Jonathan | None
Uriel | None
Clement | None
Tamaira | None
Matt | None
Cody | None
Oshry | None
Nicholas | None
Steven | None
Sonja | None
Victor | None
Kyle | None
Austin | None
Ron | None
Bill | None
Melissa | None
Patricia | None
Josh | None
Mitchell | None
Brooke | None
Mike | None
Tyler | None
Ben | None
Maren | None
Marlon | None
John | None
Elizabeth | None
Robert | None
Robert | None
Serge | None
Brandon | None
Jose | None
Matt | None
Anne | None
Brian | None
Claudia | None
Sal | None
Jean | None
Jeff | None
Michael | None
Wyatt | None
Mark | None
David | None
Brett | None
Amanda | None
Kareemah | None
Matthew | None
Matt | None
Kathleen | None
Jaclyn | None
Cris | None
Arthur | None
Sara | None
Lydia | None
LaTasha | None
Nick | None
Ryan | None
Marina | None
Chad | None
Adrian | None
Krisely | None
Torri | None
Paige | None
Thomas | None
Latisha | None
Travis | None
Collette | None
Ashton | None
Lupita | None
Kelly | None
Philip | None
Mustafa | None
Mike | None
Mackenzie | None
Lydia | None
Julio | None
Doris | None
Jason | None
Gary | None
Eric | None
Eric | None
Rich | None
Delchan | None
David | None
Jason | None
Sarah | None
Yazmely | None
Terry | None
C-Suite | None
Financial | None
HDFC | None
Staffing | None
Source | None
Government | None
Cherokee | None
Stephan | None
Booz | None
Information | None
Cherokee | None
Anna | None
Victoria | None
Dale | None
Victoria | None
Timothy | None
Parent | None
Craig | None
whitney | None
Cara | None
jennifer | None
isabella | None
felicia | None
dan | None
claire | None
casey | None
carl | None
brandi | None
ashleigh | None
arthur | None
anna | None
amanda | None
amanda | None
abhishek | None
Estefania | None
jesse | None
jose | None
june | None
kelli | None
Cameron | None
Brice | None
warren | None
troy | None
thomas | None
shawna | None
sean | None
Christopher | None
sara | None
rose | None
roberto | None
rick | None
perry | None
mike | None
kim | None
kelly | None
Religious | None
rudy | None
IT | None
Laura | None
Carmen | None
Alex | None
Ahmed | None
Aasim | None
Faiqua | None
Preeti | None
Gautam | None
Martin | None
Synthia | None
Smitha | None
Nikki | None
Anshi | None
Archana | None
Viji | None
Emad | None
Jeff | None
Gauribidanur | None
Lynsee | None
James | None
Honi | None
Lisa | None
Jessica | None
Arvind | None
Shirrell | None
Jerry | None
Merrill | None
Divya | None
Ling | None
Glenn | None
Carla | None
Maria | None
Larry | None
Antoinette | None
Whitney | None
Sergey | None
Jeff | None
Lise | None
Damanjeet | None
Mark | None
Jordan | None
Mark | None
Lisa | None
Joe | None
Jaesung | None
Joni | None
Steve | None
Mike | None
Elena | None
David | None
Christina | None
Kurt | None
Sandy | None
Jennifer | None
Sharon | None
Joel | None
Joe | None
Jose | None
Shelley | None
Robert | None
Kathy | None
Chris | None
Meredith | None
Daniel | None
Tina | None
Raymond | None
Chung | None
Divya | None
Saredu | None
Lori | None
Brian | None
James | None
Khader | None
Robbin | None
Raymond | None
Bob | None
Dan | None
Jayant | None
Alvie | None
Jeff | None
Whitney | None
Jennifer | None
Rob | None
Jose | None
David | None
Tiffany | None
David | None
Faiqua | None
Jessica | None
Matt | None
Roque | None
Susan | None
Barbara | None
John | None
Casey | None
Douglas | None
Venkat | None
Hayley | None
Tapasiya | None
Manmohan | None
Haris | None
Tim | None
Ron | None
David | None
Lee | None
Sandeep | None
Aravin | None
Judy | None
Brian | None
Sanjhana | None
Anil | None
Jay | None
Jaima | None
Mark | None
Kristen | None
Tom | None
Venkat | None
Raymond | None
Tim | None
Brian | None
Chung | None
Meredith | None
Lorene | None
Kate | None
Arthur | None
Stephany | None
Trish | None
Nicholas | None
Lance | None
Bryan | None
Noah | None
Sriram | None
Carolyn | None
Margarita | None
Jose | None
Michael | None
Derek | None
Francis | None
Vishnukumar | None
Sushmala | None
Tapasiya | None
Beth | None
Mike | None
LaDonna | None
John | None
AMANDA | None
Manmohan | None
Staci | None
James | None
Charles | None
David | None
Douglas | None
Tony | None
Matt | None
Lee | None
Joel | None
Hamed | None
Kate | None
Rishiraj | None
Tim | None
Khader | None
Saredu | None
Nageshwari | None
Bill | None
David | None
Eric | None
Dan | None
Diana | None
Robert | None
David | None
Amy | None
Renee | None
John | None
Eduardo | None
Mike | None
Jean | None
David | None
Jonathan | None
Kathy | None
Jessica | None
Melissa | None
Joe | None
Sander | None
John | None
Paul | None
Sandeep | None
Ken | None
Jerry | None
Sri | None
James | None
Sithy | None
Raymond | None
Douglas | None
Tina | None
Yolanda | None
Laura | None
Sharon | None
Chad | None
Chris | None
RamaKrishna | None
Haralds | None
Roque | None
Brian | None
Dan | None
Ranjit | None
Jorge | None
Lori | None
Jayant | None
Shelley | None
Joel | None
Charles | None
Kris | None
Casey | None
Samantha | None
Kathy | None
Mia | None
Doyle | None
Rohit | None
Rob | None
Sabrina | None
Pamela | None
Muhammad | None
Naveed | None
Lauren | None
Melisa | None
Bart | None
Joshua | None
Lyra | None
Loren | None
Shah | None
Darryl | None
Rutvi | None
Kamran | None
Sana | None
Omair | None
Sheraz | None
Zakir | None
Moeed | None
Akram | None
Dawood | None
Hameed | None
Wikram | None
Iqbal | None
Leonardo | None
Micah | None
Brian | None
Fawad | None
Asad | None
Rahim | None
Faisal | None
Ash | None
Abdullah | None
Marnnie | None
Sean | None
Anderee | None
Pia | None
David | None
Vivian | None
Sara | None
Ann | None
Tracey | None
Donnelly | None
Gallo | None
King | None
Kathy | None
Jen | None
Brian | None
Alex | None
Jayson | None
Connor | None
Eric | None
Allan | None
Joshua | None
Megumi | None
Hiroaki | None
Akira | None
Nao | None
Carlos | None
Reina | None
Carlos | None
Yuna | None
David | None
Matthew | None
Frank | None
Ned | None
David | None
Lynda | None
Edward | None
Robert | None
Robert | None
Jerry | None
Richard | None
Mandy | None
Gina | None
Jessica | None
Mark | None
Michael | None
Zak | None
Sarah | None
Benjamin | None
Bob | None
Maggie | None
Carson | None
Sara | None
Chris | None
Jim | None
Matt | None
Jim | None
Robert | None
Sara | None
Ryan | None
Matt | None
Marcy | None
Christy | None
Zachary | None
Amanda | None
Sofia | None
Destiny | None
Clint | None
William | None
Erin | None
Melanie | None
Claire | None
Tara | None
Meghan | None
Dawn | None
Melinda | None
Kari | None
Andria | None
Rebecca | None
Julia | None
Caroline | None
Lauren | None
Jackie | None
Kealan | None
Keagan | None
Kolt | None
Sarah | None
Guy-Paul | None
Ron | None
Matthew | None
Beth | None
Eileen | None
Courtney | None
Moira | None
Serena | None
Colleen | None
Julie | None
Melissa | None
Janine | None
John | None
Ashly | None
Tracy | None
Lisa | None
Tracy | None
Andrea | None
Sam | None
Stephanie | None
michael | None
kathy | None
jessica | None
Jami | None
emma | None
Dr | None
dr | None
Carrie | None
Kathy | None
Bettina | None
Bettina | None
Faith | None
Paul | None
Brandon | None
Shane | None
Azyn | None
Wayne | None
Carrie | None
Wesley | None
kristi | None
lisa | None
David | None
Hudson | None
Anjali | None
Zachary | None
Drake | None
Katarzyna | None
Francine | None
Kristi | None
Sara | None
Sandy | None
sandy | None
Ryan | None
ryan | None
Michael | None
Justyn | None
Lisa | None
sara | None
Nikki | None
Sara | None
Marcus | None
Erica | None
Patrice | None
Briana | None
Neil | None
Mike | None
Rachel | None
Anand | None
Efren | None
Aaron | None
Reuben | None
Anand | None
Caitlin | None
Lizandra | None
Poornima | None
Meenakshi | None
Elizabeth | None
Paul | None
Brooke | None
Bob | None
Ayush | None
Cory | None
Kapil | None
Andrew | None
Christian | None
Alex | None
Lynette | None
Tammy | None
Katja | None
Kate | None
Alex | None
Jaime | None
Lydia | None
Tanisha | None
Adeline | None
Jesus | None
Vicki | None
Jennifer | None
Lynn | None
Becky | None
Pamela | None
Natour | None
Tony | None
Phillip | None
Sunit | None
Mikal | None
Dileep | None
Stacey | None
Amar | None
Stephan | None
LaToya | None
Sarina | None
Ron | None
Aaron | None
Gregory | None
Jeffery | None
Brad | None
Ryan | None
Jordan | None
Gregory | None
Joe | None
David | None
Connor | None
christoper | None
Brad | None
Brett | None
Joe | None
David | None
Kirk | None
Marie | None
Paula | None
Mary | None
Guy | None
Jesse | None
Bob | None
Cody | None
Michael | None
Mitchell | None
Sarah | None
Devin | None
Lorely | None
Lorely | None
Collin | None
Grady | None
Taylor | None
Doug | None
Renee | None
Thulasi | None
Chelsea | None
Yuk | None
Blake | None
Kevin | None
Doug | None
Marcelo | None
Debbie | None
Norman | None
Cory | None
Steve | None
Jordan | None
Theresa | None
Ed | None
Melissa | None
Lawrence | None
Brett | None
Jeffrey | None
LinkedIn | None
Nall | None
Aiyana | None
Mark | None
Mark | None
Todd | None
Sabera | None
omar | None
Paula | None
John | None
Dr. | None
Kathi | None
Eva | None
Pernell | None
Priya | None
Matthew | None
Jordan | None
Ricardo | None
Jeffrey | None
Phoebe | None
Sean | None
Simon | None
Joshua | None
Steven | None
Steven | None
Jonathan | None
Brett | None
Brett | None
Govind | None
Tim | None
David | None
Kevin | None
Corey | None
Andrew | None
Joseph | None
Barby | None
Tim | None
Lisa | None
Brett | None
Adam | None
Aaron | None
Jennifer | None
Frank | None
Lisa | None
Corey | None
Tim | None
Ben | None
Debra | None
Cody | None
Jonathan | None
Benjamin | None
Mika | None
Arnold | None
Connor | None
Kelsey | None
Rob | None
Christopher | None
Matt | None
Abhi | None
Joe | None
Chris | None
Matthew | None
Mike | None
Crystal | None
Mona | None
Janet | None
Douglas | None
Kristen | None
Pete | None
Shannyn | None
David | None
Corali | None
Connie | None
Judy | None
Marlene | None
Julien | None
Doug | None
Corali | None
Matthew | None
LinkedIn | None
Nesa | None
Betsy | None
Edwin | None
Mike | None
Gabriel | None
Carol | None
Carl | None
Alexander | None
Nick | None
Judy | None
Mona | None
Alexander | None
Connie | None
Doug | None
Pete | None
Kathy | None
Carol | None
Drew | None
Matthew | None
Bryant | None
Glenna | None
Eric | None
Amy | None
John | None
Craig | None
John | None
Davis | None
Rich | None
Kirk | None
Kelsey | None
Olivia | None
Erik | None
Tim | None
Tim | None
Olivia | None
Govind | None
Arthur | None
Gregory | None
Arnold | None
Kevin | None
David | None
Eva | None
Tim | None
Matt | None
Christopher | None
Mika | None
Corey | None
Devyn | None
Aaron | None
Kathi | None
Brett | None
Greg | None
Allison | None
Amanda | None
Diane | None
Scott | None
Steve | None
Michelle | None
Jennifer | None
Phoebe | None
Brett | None
Marnie | None
Andrey | None
AJ | None
Elizabeth | None
Ryan | None
Lisa | None
Katie | None
Amanda | None
Krystal | None
Rodney | None
Patrick | None
Gretchen | None
Don | None
Dorene | None
Matt | None
Donald | None
Frank | None
Evan | None
Alex | None
Mike | None
Ramon | None
Shawna | None
Gretchen | None
Shawn | None
Amanda | None
Shannon | None
Branden | None
James | None
Dorothy | None
Karin | None
Kevin | None
Jared | None
Maggie | None
Charles | None
Bruce | None
Peter | None
Scott | None
Lindsey | None
Chrissy | None
Lisa | None
Matthew | None
Ahmad | None
Doug | None
Jessica | None
Maryam | None
Christine | None
Karl | None
Liz | None
Kathleen | None
Charelle | None
Chrissy | None
Thaddeus | None
Nina | None
James | None
Eric | None
Chrissy | None
Monica | None
Rebecca | None
Sarah | None
Adam | None
Sandy | None
Serhii | None
Aaron | None
Todd | None
Zach | None
Roman | None
Shaun | None
Robert | None
Scott | None
Rick | None
Dima | None
Erika | None
Gary | None
Hunter | None
James | None
Jami | None
Jeanette | None
Diann | None
Jeffers | None
John | None
John | None
Jon | None
Jules | None
Justin | None
Kapil | None
Karen | None
Jennifer | None
Lauren | None
David | None
Danielle | None
Tejaswini | None
Steve | None
Ian | None
Allison | None
Alex | None
Parker | None
Aditya | None
Darin | None
Alex | None
Amisha | None
Anirban | None
Ashly | None
Ben | None
Bhav | None
Bob | None
Daniel | None
Allyson | None
Robert | None
Azfar | None
Ramsey | None
Radhika | None
Praveen | None
Melvin | None
Matthieu | None
Mario | None
Manjit | None
George | None
Zeeshan | None
Marie | None
James | None
Vikas | None
Prudence | None
Ram | None
Abhishek | None
Guruprasad | None
Raj | None
Vikas | None
Ram | None
Jordan | None
David | None
Syed | None
Nitaya | None
Prudence | None
Harvinder | None
Amit | None
Mohan | None
Manjeet | None
Vinay | None
Jen | None
Seth | None
Connor | None
Karine | None
Emily | None
Tanya | None
Mike | None
Kerri | None
Ann | None
Kerri | None
Kerri | None
Kerri | None
William | None
Liz | None
Tori | None
Erin | None
Krista | None
Jordan | None
Brooke | None
thomas | None
Alyssa | None
Tom | None
Dan | None
Liz | None
cooki3 | None
Sadania | None
Erik | None
Zach | None
Tom | None
Keith | None
Kerri | None
Jacqueline | None
Elli | None
Guy | None
Whitney | None
Chandra | None
William | None
Laxmi | None
Anita | None
Sue | None
Maria | None
Josh | None
Jason | None
Tracy | None
Steven | None
Tom | None
Tyler | None
Dennis | None
William | None
Lynn | None
John | None
Whitney | None
Jim | None
Tim | None
Mike | None
rucha | None
phillips | None
nicholas | None
melinda | None
janani | None
David | None
Anthony | None
gregg | None
David | None
Shamika | None
Chrysandra | None
emmy | None
Nilesh | None
Harshit | None
Hasan | None
Brendan | None
Jacob | None
Athena | None
Lindsey | None
Madeline | None
Meghan | None
Michael | None
Nick | None
Patrick | None
Rebecca | None
Sean | None
Tyler | None
Matt | None
Carly | None
Steve | None
Eric | None
Peter | None
Kyle | None
Allie | None
Kyle | None
Zachary | None
Kayla | None
Kate | None
Ryan | None
Rebecca | None
Isabelle | None
David | None
Zachary | None
Nate | None
Alison | None
Anderson | None
Kevin | None
Andrew | None
Bennett | None
Branden | None
Cameron | None
Emily | None
Evan | None
Frank | None
Jacob | None
James | None
Aubrey | None
Victoria | None
Sebastian | None
Taylor | None
Vincent | None
Nancy | None
Kasey | None
Adam | None
Jayson | None
Jeffrey | None
Leaf | None
Nirmal | None
Amareya | None
Nick | None
Don | None
Jessica | None
Alyssa | None
Jed | None
Brian | None
Devin | None
Jonas | None
Randy | None
Scott | None
Heidi | None
Carly | None
Priyanka | None
Chelsey | None
Wolf | None
Courtney | None
Jenny | None
Darrin | None
Greg | None
Krystal | None
Gopi | None
Thomas | None
Raja | None
Jose | None
Thomas | None
Ashley | None
Zachary | None
Marty | None
Kartheek | None
Isabel | None
Emileigh | None
Archie | None
Andrew | None
jamila | None
j | None
camilla | None
Sebastian | None
Kevin | None
Connor | None
Natasha | None
Craig | None
Clark | None
Robert | None
Sophie | None
Shana | None
Sam | None
Carl | None
Neyana | None
J | None
Tim | None
Ghazala | None
Hollie | None
Mark | None
Sandra | None
Robert | None
Ben | None
Craig | None
Robert | None
Calum | None
Emma | None
Mareike | None
Sam | None
Margarita | None
James | None
Shana | None
Robert | None
Hannah | None
Casey | None
Arpana | None
Jairam | None
Mohammad | None
Aamer | None
Michael | None
Katerina | None
Jonathon | None
Linda | None
Lydia | None
30 | None
Adam | None
Michael | None
Jackie | None
David | None
Ray | None
Dimitrios | None
Nidhi | None
Paul | None
Adam | None
Sakshi | None
Amanda | None
David | None
Katerina | None
Katerina | None
kavita | None
Kristen | None
Linda | None
Lydia | None
Jenny | None
John | None
Mihir | None
Pooja | None
Rosanna | None
David | None
Michael | None
Art | None
Kishor | None
Sakshi | None
Geoffrey | None
Kavita | None
Jonathon | None
John | None
Christina | None
Nidhi | None
Aashtha | None
Katerina | None
Lydia | None
Charming | None
Katerina | None
Susan | None
Dylan | None
Vivian | None
Linda | None
Geoffrey | None
John | None
Betsy | None
Sandeep | None
Smit | None
Jane | None
Jaswant | None
Christy | None
Charming | None
Greg | None
Ankit | None
Damaris | None
Ishaan | None
Susan | None
Wes | None
Vivian | None
Alberto | None
Monette | None
Kerollos | None
Jonathon | None
Kevin | None
Sha | None
Art | None
Bill | None
Linda | None
Nidhi | None
Amanda | None
Jeffrey | None
Yashika | None
Mihir | None
Tammy | None
Jonsie | None
Jennifer | None
Shawndrea | None
Austin | None
Gabrielle | None
Madeline | None
Noah | None
Alex | None
Tom | None
Shashikumar | None
pravallika | None
Saiteja | None
Hiring | None
Asma | None
Ron | None
Surya | None
Todd | None
Ihor | None
Michael | None
Deepti | None
Beni | None
Michael | None
Jackie | None
Dan | None
Beni | None
Edgar | None
Chris | None
Asma | None
Madhu | None
Iram | None
Deepti | None
Daljeet | None
Dan | None
Dhenu | None
Chris | None
Iram | None
Jerry | None
Madhu | None
Michael | None
Ron | None
Surya | None
Thomas | None
Todd | None
Ihor | None
Reece | None
Nandhini | None
Jim | None
Jonathan | None
Christine | None
Valor | None
Abhijit | None
1 | None
Levi | None
Levi | None
Adam | None
Paul | None
Victoria | None
Bego | None
Fawna | None
Jed | None
Marcus | None
Megan | None
Ciaran | None
Liam | None
Ange | None
Rachel | None
Sue | None
Jose | None
Chris | None
Kristin | None
Steve | None
Beth | None
Kristin | None
Brian | None
Brian | None
Stan | None
Angela | None
Michelle | None
Michelle | None
Doug | None
Chris | None
Kristin | None
Patrick | None
Kristin | None
Sue | None
Doug | None
Michelle | None
Stan | None
Beth | None
Chris | None
Ajay | None
Vinay | None
Benjimen | None
Shiva | None
Frank | None
Pavan | None
Vidhya | None
Jason | None
Hari | None
Joanna | None
April | None
Sara | None
Anita | None
Robin | None
Taylor | None
Sara | None
Brett | None
Yenia | None
April | None
Robin | None
Sergio | None
Darius | None
Mike | None
Jay | None
Jessica | None
Kirsten | None
Sara | None
Suzanne | None
Janie | None
Erika | None
Robert | None
Sophia | None
Megan | None
Austin | None
Hal | None
Maya | None
Erica | None
Brittany | None
Arielle | None
Maren | None
Shraddha | None
Ginger | None
Robert | None
Ann | None
Melissa | None
Justin | None
Ginger | None
Brittany | None
Hal | None
Shraddha | None
Melissa | None
Cody | None
Maureen | None
Lucia | None
Guénoline | None
David | None
Mitch | None
Steven | None
Linda | None
Christopher | None
Dylan | None
Janet | None
Jim | None
Ken | None
Melissa | None
Terri | None
Lara | None
Raj | None
Masoom | None
Samuel | None
Scott | None
Isabella | None
Shubham | None
Sophia | None
Brandi | None
Alexandra | None
Stephen | None
Muhammad | None
David | None
Ted | None
George | None
Terri | None
Don | None
shubham | None
Luis | None
raj | None
Kristen | None
Zach | None
Carlos | None
Junior | None
Sanjay | None
Stephanie | None
Sophia | None
Sean | None
Edith | None
Carl | None
Sean | None
Max | None
Chase | None
Mackenzie | None
Katie | None
Lauren | None
Karla | None
Margarita | None
Sydney | None
Dalia | None
Rebecca | None
Yesenia | None
Alexis | None
Amy | None
Tabitha | None
Stacy | None
Rachel | None
Nicole | None
Melissa | None
Kimberly | None
Megan | None
Lisa | None
Lee | None
Kristie | None
Kelly | None
Julie | None
Fred | None
Deborah | None
Colin | None
Carly | None
Alessandra | None
Michelle | None
Natalie | None
Chris | None
Lorenia | None
Leanne | None
Jordon | None
Jessica | None
Lennie | None
Danielle | None
Chandra | None
Shubham | None
Nicole | None
Bianca | None
Ana | None
suleika | None
Nichole | None
Robert | None
Erik | None
Jenae | None
Susan | None
Kayla | None
Rosemary | None
Karen | None
Aimee | None
Ashleigh | None
Marybeth | None
Gargi | None
Berta | None
Lori | None
Stephanie | None
Melani | None
Annette | None
Tracy | None
Dalton | None
Cori | None
Heather | None
Frankie | None
Robert | None
Kenneth | None
Brandy | None
Madeline | None
Mike | None
Nathan | None
Ezra | None
Scott | None
Connor | None
Jack | None
Kimberly | None
Grace | None
Prince | None
Hamelin | None
Binh | None
Kaitlynn | None
David | None
Renelda | None
Gareth | None
Prince | None
Jeraia | None
Sandeep | None
Chris | None
Mary | None
Eddy | None
Zarah | None
Sarah | None
Erik | None
William | None
Francesca | None
Everett | None
Hannah | None
Saphia | None
Reese | None
Christine | None
Kayla | None
Sam | None
Paige | None
Keith | None
Taylor | None
Minh | None
Mike | None
Holly | None
Rhea | None
Elizabeth | None
Rashika | None
Jackson | None
Julian | None
Richard | None
Jak | None
Jessica | None
Brooks | None
Marco | None
Connor | None
Crisalyn | None
Anastasia | None
Eddy | None
Shalyn | None
Shane | None
Christen | None
Olivia | None
Shawn | None
Jamie | None
Cassidy | None
Blake | None
Sadie | None
Matt | None
Hannah | None
Bryant | None
Jeremy | None
Annie | None
Asia | None
Austine | None
Holly | None
Blake | None
Chase | None
Cole | None
David | None
Haylee | None
Jill | None
Preston | None
Brittany | None
Joe | None
Tony | None
Judd | None
Victoria | None
Megan | None
Ashley | None
Doug | None
Marc | None
Tim | None
Bhawna | None
Amber | None
Sheri | None
Will | None
Ben | None
Jake | None
Ann | None
Roman | None
Giuliano | None
Becky | None
Connie | None
Jamil | None
Kimby | None
Melissa | None
Tom | None
Masen | None
Julia | None
Joseph | None
Joel | None
Chelsea | None
Beth | None
Lonnie | None
Emilee | None
Kate | None
Mark | None
Josh | None
Niyah | None
Olivia | None
Christopher | None
Aimee | None
Ember | None
Emily | None
Jessica | None
Sarah | None
Jared | None
Brian | None
Sarah | None
Sarah | None
Brad | None
Jennifer | None
Randy | None
Hannah | None
Mike | None
Brett | None
Jenny | None
Cynthia | None
Pam | None
Kimberly | None
Elizabeth | None
Subash | None
Wayne | None
Stephen | None
Psabari | None
Christine | None
Venkatesh | None
Chandresh | None
Ian | None
Carolina | None
Justin | None
Abagail | None
Adan | None
Mike | None
Emily | None
Adriana | None
Sacha | None
Nicole | None
Scott | None
Sara | None
Shane | None
Rory | None
Alanna | None
Sunny | None
Allison | None
Carson | None
Ben | None
Brooke | None
Bryan | None
Caitlin | None
Mike | None
Charlotte | None
Chris | None
Christopher | None
Christopher | None
Cindy | None
Danielle | None
David | None
Drew | None
Ben | None
Lipica | None
Cj | None
Kayla | None
Cory | None
Robbie | None
Brian | None
Brad | None
Brett | None
Cara | None
Lauries | None
Taylor | None
Rory | None
Heather | None
Abagail | None
Alexa | None
Latasha | None
Brian | None
Mary | None
Maureen | None
Adam | None
Austin | None
Angela | None
Brian | None
Becky | None
Brooke | None
Courtney | None
Elizabeth | None
Deloris | None
Isabel | None
Kyra | None
Delaney | None
Haley | None
Katherine | None
Jordan | None
Sean | None
Shea | None
Shira | None
Sophie | None
Sydney | None
Timothy | None
Ursula | None
William | None
Zachary | None
Matias | None
Evelyn | None
Dayna | None
Skylar | None
scott | None
Hana | None
Vineyvi | None
Jessie | None
Christopher | None
Karri | None
Samantha | None
Scott | None
Team | None
Christopher | None
Delaney | None
Abagail | None
Dayna | None
Aaisha | None
Swapnil | None
Isabel | None
Jennifer | None
Sara | None
Ryan | None
Jordan | None
Julie | None
Juliet | None
Dominic | None
Katie | None
Katy | None
Kelly | None
Kelsey | None
Kevin | None
Kyle | None
Lauren | None
Lauren | None
Lauren | None
Samantha | None
Lauren | None
Lyndsay | None
Marie | None
Matthew | None
Melanie | None
Michael | None
Nicholas | None
Patrick | None
Patrick | None
Patrick | None
Rachel | None
Regina | None
Reilly | None
Ritu | None
Leslie | None
Anthony | None
Julia | None
Chelsea | None
Jacqueline | None
Leon | None
Kurtis | None
Mike | None
Yennaedo | None
Tanya | None
Julie | None
Elisa | None
Kevin | None
Genna | None
Perla | None
Kim | None
Robert | None
Jill | None
Rachel | None
Corey | None
Jonathan | None
Dave | None
Raquel | None
Maddie | None
Terrance | None
Maggie | None
Chris | None
Jon | None
Renata | None
Kyung | None
Margaret | None
Jennifer | None
Colin | None
Steve | None
Danielle | None
Felecia | None
Daniel | None
David | None
David | None
Genna | None
Luke | None
Maggie | None
Navsangeet | None
Patrick | None
Sinead | None
Zachary | None
Steven | None
amy | None
Nicole | None
brett | None
conor | None
danielle | None
david | None
jacqueline | None
jarrett | None
jen | None
julie | None
justin | None
kurtis | None
rachel | None
renata | None
tanya | None
Daniel | None
chris | None
Sara | None
Amy | None
Matt | None
Lori | None
Lipica | None
Matthew | None
Michelle | None
Mary | None
Mitchell | None
Mariella | None
Malabika | None
Nicole | None
Nicholas | None
Olivia | None
Parin | None
Rick | None
Rashad | None
Samara | None
Samantha | None
Sam | None
Steven | None
Scott | None
Thomas | None
Tracey | None
Vincent | None
Alex | None
Anthony | None
Destiny | None
Leanna | None
Samantha | None
Tayla | None
Brooke | None
Scott | None
Kim | None
Karri | None
Kara | None
Linh | None
Maja | None
Jen | None
Yennaedo | None
Justin | None
Jennifer | None
Robert | None
Julie | None
Julie | None
Danielle | None
Jon | None
Kristen | None
Kurtis | None
Perry | None
Perla | None
Kathleen | None
Kyle | None
Kyra | None
Steve | None
Jack | None
Joshua | None
Janice | None
Gregory | None
Free | None
Renata | None
David | None
Maggie | None
Jason | None
Kat | None
Yennaedo | None
Anthony | None
Nicole | None
Chris | None
Brett | None
Jacqueline | None
Eliza | None
Maria | None
Lailani | None
Britney | None
Daniel | None
Elaine | None
Darin | None
Murilo | None
Andre | None
Daniel | None
Ayan | None
Jefster | None
Ana | None
zuzanna | None
Kishore | None
kishore | None
daisy | None
cecilia | None
Anum | None
Garrett | None
Mike | None
Joel | None
Lucyna | None
Dan | None
Jesse | None
Ariel | None
Rosie | None
Zach | None
Erin | None
Diane | None
Spencer | None
cedric | None
bobby | None
Scott | None
Red | None
K. | None
Krishna | None
Ivana | None
Luis | None
Ana | None
Noah | None
Ben | None
Matt | None
Paul | None
Scott | None
Dodie | None
Kyra | None
Ellen | None
Doug | None
Douglas | None
Scott | None
Ashita | None
Joe | None
Jen | None
Dilip | None
Laura | None
Judy | None
Dilip | None
Team | None
Pete | None
Tracy | None
Tami | None
Pete | None
Pamela | None
Ryan | None
Lisa | None
Paul | None
Angelina | None
Kristen | None
Tracy | None
Leah | None
Ramvigneshwaran | None
Rachel | None
Adam | None
Nicole | None
Nicole | None
kristen | None
Joe | None
Jason | None
Karen | None
Lori | None
Lexi | None
Meghan | None
M. | None
Urszula | None
Louis | None
Maya | None
Joe | None
Raghad | None
Abe | None
Marija | None
Rayyan | None
Liz | None
Terence | None
Cara | None
Christine | None
Brittney | None
Danielle | None
Jefferson | None
Jeff | None
Jackee | None
Cynthia | None
Clay | None
Carlos | None
Brian | None
Daniel | None
Sharma | None
Jennifer | None
Colton | None
Stephanie | None
Mark | None
Andrea | None
Peggy | None
Kyle | None
Jonathon | None
Lisa | None
Kavita | None
Manjari | None
Brent | None
JaeKwang | None
Justin | None
Nathan | None
Ben | None
Sam | None
Anna | None
Vanessa | None
Sripriya | None
Srinath | None
Shivaani | None
Ruchika | None
Prashanthi | None
Prasad | None
Mary | None
Madeline | None
Matt | None
Katie | None
William | None
Ma'khi | None
Connor | None
Vaishnavi | None
Delvin | None
Swapna | None
Melissa | None
Ivy | None
Robyn | None
Serenity | None
Navya | None
Leticia | None
Heather | None
Neeha | None
Jubeer | None
Mark | None
Michael | None
Andrew | None
Joel | None
Hannah | None
Kevin | None
Sharmon | None
James | None
Billy | None
Jace | None
Erin | None
Matthew | None
Shane | None
John | None
Chris | None
John | None
Meg | None
Henry | None
Michelle | None
Matthew | None
Evan | None
Ross | None
Reginald | None
Kayla | None
Chatanya | None
Kevin | None
Obongo | None
Nichele | None
Autumn | None
Patrick | None
Dennis | None
Reggie | None
Dana | None
Albee | None
Nat | None
Sophie | None
Kayla | None
Matt | None
Katie | None
Eric | None
Jessica | None
Laura | None
Chris | None
Luke | None
Farooq | None
David | None
Angela | None
Andrew | None
Prasad | None
Neha | None
Ryan | None
Gabriel | None
Brooke | None
Matt | None
Sarah | None
Doug | None
Denise | None
Landis | None
Sarah-Beth | None
Ross | None
Elena | None
Justin | None
Anand | None
Paulo | None
Akanksha | None
Jay | None
Devanshi | None
Kat | None
Dylan | None
Bryce | None
Shikha | None
Yashasvi | None
Monika | None
Srujan | None
Mitesh | None
Allison | None
Dellin | None
Bri | None
Lori | None
Luke | None
Beth | None
Mohit | None
Lynn | None
Ayush | None
Shakthi | None
Smruti | None
Steven | None
Ruth | None
Riya | None
Mayank | None
Hitesh | None
Max | None
Maddi | None
Kristen | None
jamie | None
Sam | None
Rylee | None
Jane | None
Isabela | None
Isabel | None
Alicia | None
Arup | None
Aditi | None
Buck | None
Sanjay | None
Gourav | None
Hitesh | None
Smit | None
Shalini | None
Priyanka | None
Rachna | None
Ruchi | None
Upasana | None
Ankit | None
Pramodita | None
Umita | None
Madeline | None
Himaxi | None
Andrew | None
Chintan | None
Bhavana | None
Marisol | None
Anuj | None
Morgyn | None
Tanmay | None
Anjali | None
Chandraditya | None
Jay | None
Ganesh | None
Akshay | None
Tony | None
Prashant | None
Preeti | None
Vishal | None
Jessica | None
Bhavin | None
Rits | None
Siddhi | None
Prakhar | None
Hiren | None
Jamie | None
Riten | None
Priyanshu | None
Kori | None
Dharmesh | None
Smita | None
Sidharth | None
Wajid | None
Dipankar | None
Indranil | None
Amitabh | None
Ishan | None
Vinod | None
Sumona | None
Milan | None
Nilesh | None
Chintan | None
Shweta | None
Sajith | None
Akash | None
Vishnu | None
Aditya | None
Steven | None
Anthony | None
Shreyans | None
Shagufta | None
Katherine | None
Corinna | None
Catherine | None
Jasmine | None
Ayush | None
Patrick | None
Sourabh | None
Raj | None
Rushi | None
Ankit | None
Devika | None
Narayana | None
Chirag | None
Brett | None
Elizabeth | None
Jaycee | None
Steven | None
Gaurav | None
Makenzie | None
Kathryn | None
Krishna | None
Aaron | None
Rohan | None
Dhritiman | None
Sanjana | None
Yohannes | None
Kelsie | None
John | None
Kavin | None
John | None
Nicole | None
Drew | None
Daniel | None
Ian | None
Grayson | None
Parvez | None
Bhuwan | None
Priti | None
Kason | None
Madhuri | None
Gabriella | None
Clinton | None
Ashley | None
Khushboo | None
Caroline | None
Kaylee | None
Joshua | None
Chris | None
Mike | None
Alfisha | None
Kingsley | None
Manninder | None
Addison | None
Mitch | None
Naman | None
Jordan | None
Michael | None
Grace | None
Tyler | None
Dani | None
Delaney | None
Marlo | None
Danielle | None
Roisin | None
Vidhi | None
Taylor | None
Hancy | None
Vijay | None
VANDANA | None
Jeremy | None
Riddhi | None
Jason | None
Craig | None
Brent | None
Anshul | None
Killol | None
Parvez | None
Elizabeth | None
Ammanuel | None
Hassan | None
Tarrah | None
Ian | None
Patrice | None
Devlin | None
Rugved | None
Bilal | None
Rohan | None
Scott | None
Jalees | None
Declan | None
David | None
Venkata | None
Taylor | None
Bailey | None
Rork | None
Kate | None
Nirmith | None
Pujan | None
Rakesh | None
Krishnamoorthy | None
Treasa | None
PRABAKARAN | None
Taylor | None
Cole | None
Eliseo | None
Malhar | None
Steven | None
Tarin | None
Shirisha | None
Jayant | None
Jati | None
Jahnavi | None
Kishore | None
Ahamed | None
Cody | None
Mike | None
Deepak | None
Rosalie | None
Rachel | None
Michael | None
Julie | None
Karen | None
Darrell | None
Tina | None
Elizabeth | None
Dustin | None
Colleen | None
Portia | None
Angie | None
Jo | None
Vincent | None
Tim | None
Jacqueline | None
Jeff | None
Kyle | None
Parker | None
Colette | None
Brian | None
Mark | None
Aakash | None
Myles | None
Caitlin | None
Vinay | None
Pamala | None
Jonathan | None
Madhan | None
Rohini | None
Brian | None
Elinor | None
Bill | None
Michelle | None
Valerie | None
Geisinger | None
Mike | None
Greg | None
Joseph | None
Steve | None
Ed | None
Erika | None
Emily | None
Jason | None
Emily | None
Gail | None
Gaurav | None
Maureen | None
Jayasree | None
Matt | None
Rob | None
Matthew | None
Srilatha | None
Larry | None
Lucy | None
Scott | None
Lisa | None
Mitchell | None
Kelly | None
Kandie | None
Jessica | None
Xanthia | None
Daniel | None
Swathi | None
William | None
Kristen | None
Niranjan | None
Nicki | None
Howard | None
Melissa | None
Nancy | None
Susan | None
Felicia | None
Lex | None
Grace | None
Michael | None
Mark | None
Crystal | None
Beth | None
Spandana | None
Erik | None
Laurie | None
Mike | None
Charles | None
Chandramouli | None
Mark | None
Martine | None
Mirnalini | None
Mary | None
Megan | None
Vijay | None
Samaria | None
Brandon | None
Brian | None
Amanda | None
Sameer | None
Jamie | None
Casper | None
Scott | None
Colleen | None
Aria | None
Christopher | None
Mona | None
Mahesh | None
Gaurav | None
Tripti | None
Michael | None
Muralikrishna | None
Ashley | None
Madhavi | None
James | None
Jon | None
Taydra | None
Matthew | None
Pamela | None
Peggy | None
Trudy | None
Gangaraj | None
Mike | None
Ivan | None
Mike | None
Manikandan | None
Cecily | None
Raina | None
Karen | None
Keith | None
Brittney | None
Megan | None
Blair | None
Abhayadeep | None
Sean | None
Daniel | None
Shannon | None
Ariana | None
Poornima | None
Karthik | None
Meghan | None
Nicole | None
Vinoth | None
Drew | None
David | None
Michael | None
Bryan | None
Joseph | None
Varadhan | None
Tachi | None
Latonya | None
Kate | None
Jonathan | None
Mary | None
Doug | None
Stacey | None
Jithu | None
Darcy | None
Kathy | None
Debra | None
Dan | None
Joshua | None
Shannon | None
Jyn | None
Suzanna | None
Laura | None
Yumna | None
David | None
Ryan | None
Mark | None
Courtney | None
Yolanda | None
Nancy | None
Lauren | None
Jeff | None
Marvin | None
Germa | None
Louis | None
Brooke | None
Tamil | None
Chris | None
Emma | None
David | None
Aaron | None
Katie | None
Kyle | None
Leza | None
Taylor | None
Tony | None
Matt | None
Amanda | None
Will | None
Ali | None
Jacqueline | None
Danuta | None
Nathaniel | None
Abbey | None
James | None
Jaime | None
Tony | None
Seth | None
Scott | None
Tava | None
Kaitlyn | None
Roderick | None
Ross | None
Talha | None
Mathew | None
Lida | None
Michael | None
Dinesh | None
Alexandra | None
Maks | None
Jeff | None
Hallie | None
Doug | None
Michael | None
Spencer | None
Kyle | None
Ali | None
Randall | None
Jeff | None
David | None
Isabel | None
Bryan | None
Shibani | None
Jeff | None
Kate | None
Nathaniel | None
Isabel | None
Alexandra | None
Rebecca | None
Prasanna | None
Seth | None
Donovan | None
Jeremy | None
Blaine | None
Basit | None
Dori | None
Mathew | None
Matthew | None
Alex | None
Ross | None
Michael | None
William | None
Will | None
Janis | None
Christopher | None
Kelda | None
Sandra | None
Darien | None
Tony | None
Jonathan | None
Bryan | None
Ross | None
Jeremy | None
William | None
Abbey | None
Dori | None
Maks | None
Michael | None
Alex | None
David | None
Azim | None
Kyle | None
Roderick | None
Randall | None
Jeff | None
Kelda | None
Blaine | None
Scott | None
Kaitlyn | None
Lida | None
Hallie | None
Michael | None
Basit | None
Michael | None
Olu | None
Abbey | None
Grubbs | None
Daniel | None
Jessica | None
Brie | None
Monte | None
Michael | None
Mary | None
Sarah | None
Kay | None
Robert | None
Season | None
Jackie | None
Ebonee | None
Reshma | None
Patricia | None
Kyle | None
Kathleen | None
dave | None
Gunjan | None
Shikha | None
Matthew | None
Karen | None
Taylor | None
Jessica | None
TJ | None
Heather | None
Jim | None
Randall | None
Michael | None
Kelli | None
TJ | None
Bhavani | None
McKenna | None
Jillian | None
Lauren | None
Frank | None
Frank | None
Noel | None
Kari | None
Gisselle | None
Jim | None
Kris | None
Heather | None
kris | None
kari | None
gisselle | None
frank | None
Katie | None
Gisselle | None
Jessica | None
Lauren | None
Jessica | None
Kari | None
Katie | None
Kari | None
Kelli | None
Kris | None
Lauren | None
Jillian | None
McKenna | None
Michael | None
Randall | None
Lewis | None
Ehsin | None
Fagner | None
Piotr | None
Brent | None
Harry | None
Nahom | None
Mikayla | None
Grace | None
Joel | None
Shaban | None
Faruk | None
Avais | None
Albie | None
luke | None
lauren | None
Alexander | None
Elliot | None
Fenix | None
Jessica | None
Joe | None
Craig | None
Gelson | None
Jeffrey | None
Ella | None
Ben | None
Bryce | None
Jo | None
kris | None
Jeff | None
Haley | None
Christine | None
Igor | None
Whitney | None
Eric | None
Benjamin | None
Shane | None
Patty | None
Sarah | None
Bryan | None
Jean | None
Ryan | None
Chris | None
Chris | None
Seth | None
Mike | None
Iridian | None
Cyrus | None
Gary | None
Zane | None
Nathan | None
Scott | None
Jake | None
Daniel | None
Krissy | None
Gail | None
Vams | None
austin | None
kristie | None
robert | None
Vams | None
Austin | None
Brian | None
Cara | None
Don | None
Donovan | None
Iris | None
James | None
John | None
Kim | None
Keith | None
Lynn | None
Megan | None
Michael | None
Ray | None
Austin | None
John | None
Kelli | None
Hilary | None
Moyo | None
Andre | None
Austin | None
Kyle | None
Sean | None
Shawn | None
Madeline | None
Grace | None
Ryan | None
Jarrod | None
Brian | None
David | None
Amy | None
Lori | None
Eric | None
Eddie | None
Tobin | None
Emily | None
Matthew | None
Jim | None
Jacob | None
Andrew | None
Jen | None
Nancy | None
Nicole | None
Whitney | None
Tom | None
Arika | None
Lindsay | None
Paedric | None
Rebecca | None
Jose | None
Nicholas | None
Christopher | None
Ben | None
Ellen | None
Cheryl | None
TJ | None
Carla | None
Andy | None
Steve | None
Samson | None
Skylar | None
Dorsey | None
Nicole | None
Tom | None
Sarah | None
David | None
Brennen | None
Bob | None
Joseph | None
Thea | None
Mary | None
Robert | None
Wilma | None
Thea | None
David | None
Tom | None
Joseph | None
Mary | None
Brennen | None
Matthew | None
Randy | None
Kathryn | None
kevinwj | None
Briana | None
Joe | None
Benjamin | None
Meseriamare | None
Solomon | None
Roseline | None
Janine | None
Adaugo | None
Dele | None
Phouthone | None
Fran | None
taiz | None
Sean | None
Rachel | None
Morgan | None
Mike | None
Fara | None
Alexis | None
Mariana | None
Jordan | None
Taiz | None
Lisa | None
Christopher | None
Hailey | None
Evan | None
Emanuel | None
Bonnie | None
Caroline | None
Stephanie | None
Molly | None
Don | None
Kathleen | None
Kader | None
Madison | None
Eric | None
Lisa | None
Kelley | None
Christine | None
John | None
Taylor | None
Gail | None
Yash | None
Patricia | None
Dustin | None
Kara | None
Shayla | None
Christopher | None
Matthew | None
Francisca | None
Brian | None
George | None
Tarrus | None
LaTonya | None
Vlad | None
Angela | None
Salim | None
Kelly | None
Shubham | None
Banu | None
Rashed | None
Tanya | None
Rohit | None
Pheaktra | None
Jason | None
Alex | None
Swathi | None
Katie | None
Arnaldo | None
Cynthia | None
Natalie | None
Utkarsh | None
Suraj | None
Ally | None
Roman | None
Abhishek | None
Krysta | None
Aayush | None
Richard | None
Akshay | None
Anirudh | None
Corissa | None
Gopesh | None
Shreyas | None
Marie | None
Aly | None
Trevor | None
Lisa | None
Andrea | None
Jenna | None
Emily | None
Erica | None
Kathy | None
Heather | None
Chelsie | None
Jeff | None
Brandi | None
Lyndsey | None
Brittany | None
Jenna | None
Danny | None
Henry | None
Joshua | None
Johnathon | None
Dani | None
Danielle | None
Jody | None
Toni | None
Brittany | None
Rohan | None
Megan | None
Jessica | None
Kari | None
Melanie | None
Dayne | None
Rob | None
Kevin | None
Erica | None
Megan | None
Claudia | None
McKenna | None
Jami | None
Mauzzam | None
Wendy | None
Erica | None
Janina | None
Kylee | None
Gregory | None
Peacock | None
Chris | None
Gawayne | None
Michelle | None
Sharon | None
Dona | None
Hattie | None
LeeAnne | None
Alexis | None
Erin | None
Aubrey | None
Ashley | None
Lindsey | None
Leslie | None
David | None
Katelyn | None
George | None
Shari | None
Bradley | None
Zachary | None
Michaela | None
Julie | None
Andrew | None
Maureen | None
Sofia | None
Brandon | None
Zachary | None
Jennifer | None
Zach | None
Ashley | None
Tara | None
Tawnia | None
Kirsten | None
Cassidy | None
Hailey | None
Ryan | None
Reid | None
Madison | None
Rhianne | None
Michelle | None
Eric | None
Michelle | None
Tika | None
Max | None
Naty | None
Shelby | None
Tess | None
Kade | None
Justin | None
Lisa | None
Jessica | None
Tara | None
Anna | None
van | None
Ericka | None
Chris | None
Amanda | None
Gabriela | None
Lacey | None
Meghan | None
Jimary | None
Amber | None
Rena | None
Sandra | None
Chris | None
Grecg | None
Christal | None
Robert | None
Brett | None
Kiarash | None
Joy | None
Shane | None
Bryce | None
Bielle | None
Karen | None
Sharon | None
Megan | None
Shelley | None
Jennifer | None
Kamille | None
Marianne | None
Zizi | None
Britt | None
Osmund | None
Alexandra | None
Ethan | None
Geneva | None
Kelli | None
Trish | None
Katie | None
Andres | None
Abigail | None
Alan | None
Kayla | None
Dalmar | None
Benjamin | None
Wan | None
Brock | None
Kathleen | None
Angelina | None
Jeff | None
Samantha | None
Amy | None
Marisa | None
Courtney | None
Meghan | None
Dean | None
Benjamin | None
Emily | None
Montgomery | None
Lindsay | None
Mark | None
Kelly | None
Kenny | None
Jennifer | None
Mandy | None
Kendall | None
Colette | None
Karl | None
Katherine | None
Krystle | None
Kate | None
Angi | None
Tori | None
Natalie | None
Kara | None
Gary | None
Melissa | None
Sarah | None
Britany | None
Darin | None
Amy | None
Kathy | None
Annalee | None
Stacie | None
Lindsay | None
Melissa | None
Ryan | None
Katy | None
Charlene | None
William | None
Scott | None
Jeanie | None
Mason | None
Bud | None
Amanda | None
Amber | None
Laurie | None
Leslie | None
Felicia | None
Patsy | None
Cara | None
Lana | None
Chandler | None
Anthony | None
Allie | None
Melissa | None
Clifford | None
Des | None
Gabby | None
Isaiah | None
Alexandra | None
Courtney | None
Donze | None
Mandy | None
Katie | None
Terrilyn | None
Trevor | None
Diandra | None
Jason | None
Monika | None
Felicia | None
Estefania | None
Sean | None
Jessica | None
Leia | None
Dara | None
Lindsy | None
Brownie | None
Jeanie | None
Jason | None
Clara | None
Rita | None
Shannon | None
Kevin | None
Susan | None
Andrea | None
Mauro | None
Angelica | None
Vanessa | None
Alejandra | None
Stephen | None
Taylor | None
Jeff | None
Giovanni | None
Kim | None
Brevan | None
Jim | None
Sarah | None
Dori | None
Rya | None
T.J. | None
Savannah | None
Adam | None
Vincent | None
Jennifer | None
Evan | None
Linda | None
Brittany | None
Juanay | None
Doug | None
Tracy | None
Courtney | None
Austin | None
Tanya | None
Tara | None
Tavin | None
Madison | None
Betsy | None
Therese | None
Cole | None
Fatima | None
Adrianne | None
Sarah | None
Taylor | None
Arthur | None
Rebecca | None
Marissa | None
Christie | None
John | None
Joshua | None
Alexis | None
Kathleen | None
SUZANNE | None
Jhoanna | None
jayson | None
Melissa | None
Hannah | None
Melissa | None
Moira | None
Denise | None
Terrie | None
Alisa | None
Samantha | None
Sara | None
Rachel | None
Kimon | None
Justin | None
Ana | None
Shera | None
Ashley | None
Elizabeth | None
Wendi | None
Ana | None
Justin | None
Jill | None
Jennifer | None
Gordon | None
Gordon | None
Emmanuelle | None
Jason | None
Jennifer | None
Chris | None
Kimberly | None
Christopher | None
Ken | None
Zachary | None
Chris | None
Griffin | None
Eric | None
RJ | None
Meghan | None
Gary | None
Paul | None
Jessika | None
Garth | None
Garth | None
Meghan | None
Paul | None
Brian | None
Jessika | None
Griffin | None
Dennis | None
Emmanuelle | None
Rhiannon | None
Jen | None
RJ | None
Mike | None
Jen | None
Shera | None
Janet | None
Nnanna | None
Obie | None
Linney | None
Gabriel | None
Jimmy | None
Anthony | None
valentine | None
stephen | None
sarvesh | None
michelle | None
lenore | None
kevin | None
joseph | None
James | None
calvin | None
Leonard | None
Carolin | None
Dennis | None
DeGraft | None
Freddie | None
William | None
Emmanuel | None
Olumide | None
Gerard | None
elizabeth | None
Jamike | None
Rich | None
Anna | None
Mary | None
Johnson | None
Moshe | None
Yehuda | None
John | None
Jake | None
Michael | None
Nico | None
Paige | None
Peter | None
Roy | None
Sophia | None
Seth | None
Zac | None
alex | None
Gina | None
Jeff | None
John | None
Megan | None
Ellary | None
Chris | None
Emily | None
Lydia | None
Jason | None
Lydia | None
Steven | None
Courtney | None
Patrick | None
Tanya | None
Keith | None
Kristen | None
Mike | None
Jewelia | None
Ashton | None
Amber | None
Ariel | None
Jacqueline | None
Greg | None
Nicole | None
Austin | None
Jennifer | None
Nikita | None
Alex | None
Peter | None
Klaudia | None
Sarah | None
Jerica | None
Diana | None
Jessica | None
Steve | None
Jacob | None
Julia | None
Jake | None
Daniel | None
Don | None
Charles | None
Cara | None
Brooke | None
Andrew | None
Ashley | None
Elliot | None
Gina | None
Evan | None
Justin | None
Gregory | None
Rebecca | None
Julianna | None
Phil | None
Rianna | None
Mackenzie | None
Jonathan | None
Patrick | None
Cheryl | None
Matt | None
Tracy | None
William | None
Thomas | None
Ryan | None
Julianna | None
Rachel | None
Chris | None
Jack | None
Megan | None
Neil | None
Alyson | None
Oliver | None
Matt | None
Tim | None
Katherine | None
Colin | None
Alison | None
Jennifer | None
Michael | None
Gabrielle | None
Rachel | None
Chris | None
Kevin | None
Julie | None
David | None
Lisa | None
Callie | None
Silver | None
talar | None
Alicia | None
Damian | None
Paisley | None
Matt | None
Wayne | None
Derek | None
Susan | None
Trisha | None
Cardell | None
Cristiano | None
Len | None
Patrick | None
Taylor | None
Cristina | None
Luigi | None
Donna | None
Tom | None
Jason | None
Mike | None
Brenda | None
Cristina | None
Omer | None
Jason | None
Syed | None
Kristen | None
Erick | None
Alan | None
Kristen | None
Tom | None
Kevin | None
Patty | None
Steven | None
Bob | None
Tim | None
Dani | None
Michael | None
Brian | None
Andrew | None
Shu | None
Harish | None
Brian | None
Cynthia | None
Crystal | None
Karl | None
Angela | None
Steve | None
Brandon | None
Paul | None
Alan | None
Cristina | None
Kellen | None
Donna | None
Martha | None
Taylor | None
Tom | None
John | None
Crystal | None
Grey | None
Crystal | None
Heather | None
Donna | None
Alan | None
Phil | None
Rob | None
Gregory | None
Bob | None
Lori | None
Kristy | None
Taylor | None
Maria | None
Alexandra | None
Raghav | None
Nimita | None
Michael | None
Bhaskar | None
Atharv | None
Maria | None
Agnes | None
Ansh | None
Agnes | None
Anil | None
Zulma | None
Anuradha | None
Eshwar | None
Shikhar | None
Simi | None
Maria | None
Vaishali | None
Surbhi | None
Michael | None
Jessica | None
Jennifer | None
Peter | None
Patricia | None
Aryanna | None
Claude | None
Connie | None
Ann | None
jason | None
Angel | None
Jovy | None
Nigel | None
Reeza | None
Mahesh | None
hanshita.s | None
Parag | None
vartika | None
Chirag | None
Kajal | None
Ayushi | None
Bernard | None
Kristin | None
Michael | None
Christopher | None
Don | None
Shannon | None
Thomson | None
Ramin | None
Dale | None
Matthew | None
Alice | None
Tim | None
Barbara | None
Bob | None
Shannon | None
William | None
Ramadan | None
Maxwell | None
Tu | None
Don | None
Thanh | None
Mark | None
Sudheer | None
Michael | None
Tom | None
Fumi | None
Getoar | None
Torsha | None
Manuel | None
Felix | None
Semann | None
Kendal | None
Tom | None
Nadine | None
Nicola | None
Pascal | None
Arinze | None
Danny | None
Mai | None
Bryce | None
Adam | None
Brandon | None
Nicola | None
Silvio | None
Sarah | None
Fernando | None
Axel | None
Janell | None
Veronika | None
Francesco | None
Ahmedu | None
Bethany | None
Nadine | None
Andreas | None
Hamilton | None
Thomas | None
Woodford | None
Daniel | None
Bolton | None
Brendan | None
Randall | None
Ethan | None
Ethan | None
AJ | None
Tyler | None
Janell | None
Kwon | None
Pat | None
Nick | None
Jamie | None
Hali | None
Grant | None
Raymond | None
Kumagai | None
Lucas | None
Trang | None
Salvatore | None
Benjamin | None
Jenny | None
Victoria | None
Barbara | None
Erol | None
Edgar | None
Madisson | None
Michael | None
Natalie | None
Sabina | None
Katy | None
Hideaki | None
Matthew | None
O'Briel | None
Sawa | None
Danny | None
Charlie | None
David | None
Musawer | None
Alex | None
Anna | None
Dan | None
Ritsu | None
Sandra | None
Annekatrin | None
Sam | None
Jack | None
Sagar | None
Judith | None
Son | None
Thomas | None
Ismoil | None
Susan | None
David | None
Jonathan | None
Sean | None
Maria | None
Saya | None
Marc | None
Omar | None
Geoffroy | None
Angelica | None
AJ | None
Maruf | None
Kristina | None
Natsumi | None
Anina-Isabel | None
Yu | None
Mark | None
Ahmedu | None
Sal | None
Joris | None
Hiroya | None
Albi | None
Jordan | None
Brittany | None
Bert | None
Karen | None
Vincent | None
Laurence | None
Jacob | None
Brandon | None
Andrew | None
Nicholas | None
Eric | None
Dayna | None
Snoeck | None
Leoni | None
Maida | None
Richard | None
Elaine | None
Stefan | None
Jasmina | None
Judith | None
Catharina | None
Aaron | None
Christian | None
Vincent | None
Liv | None
Alexander | None
Ellie | None
Jörg | None
Tobias | None
Lauren | None
kajal | None
Niels | None
Florian | None
Marvin | None
Valentin | None
Callum | None
Francesca | None
Eugen | None
David | None
Karminder | None
Keiji | None
Katie | None
Marijana | None
Mitesh | None
Silas | None
Joe | None
Janell | None
Barry | None
Raquel | None
Joseph | None
Christian | None
Raquel | None
Larry | None
Bob | None
Matt | None
Nazdar | None
Christy | None
Lisa | None
Thomas | None
James | None
Kevin | None
Beth | None
Brooke | None
Annmarie | None
Damon | None
Mack | None
Russell | None
Joe | None
Carla | None
Ingrid | None
Chloe | None
Fhae | None
Teri | None
Carmela | None
Luna | None
Maria | None
Jane | None
Lei | None
Michael | None
Susan | None
Sam | None
Chester | None
Ariel | None
Wei | None
Anna | None
KC | None
Vikram | None
Colin | None
Grace | None
Adriel | None
Manisha | None
Mohit | None
Shanaz | None
Steve | None
Jonathan | None
Erik | None
Amrit | None
Manuel | None
Sarah | None
William | None
Rose | None
Karyn | None
Elvira | None
Jodi | None
Kendra | None
enitan | None
Carl | None
Mahad | None
Michael | None
Virginia | None
Amy | None
Allison | None
Hollye | None
Terrie | None
Shae | None
Bea | None
David | None
Victoria | None
Zachary | None
Westin | None
Velda | None
Nick | None
Mike | None
Megan | None
Mark | None
Kieran | None
Katherine | None
Hai | None
Monalisha | None
George | None
James | None
Jordan | None
Kevin | None
Robin | None
Luke | None
Kevin | None
Karen | None
Justin | None
Iria | None
Ibrahim | None
Dwight | None
Casey | None
Arpita | None
Ashton | None
Laura | None
Arsh | None
Meghan | None
Utpreksha | None
Seán | None
Tara | None
Karen | None
Shannon | None
Christie | None
Bill | None
Sandeep | None
Prashant | None
Manoj | None
Tricia | None
Bob | None
Megan | None
Randy | None
Paige | None
Kyleigh | None
Zach | None
Tyler | None
TJ | None
Maureen | None
Blair | None
Josh | None
Katie | None
Devan | None
Jared | None
Jay | None
Kathryn | None
Ben | None
Aaron | None
Randy | None
Keith | None
Nathan | None
Mason | None
Kristen | None
Danielle | None
Devan | None
megan | None
Jared | None
Michelle | None
Randy | None
Patrick | None
Blair | None
Alisha | None
Kevin | None
Brittney | None
Phoebe | None
Allyson | None
Cody | None
Justin | None
Paige | None
Danielle | None
Stephanie | None
Michelle | None
aaron | None
bob | None
kathryn | None
kyleigh | None
lidia | None
Kerri | None
Tricia | None
randy | None
tricia | None
Kyleigh | None
Kari | None
Laci | None
Emma | None
Lidia | None
Kyleigh | None
Kathryn | None
Megan | None
Paige | None
Jared | None
Michelle | None
Kathryn | None
Kyleigh | None
Kathryn | None
Lidia | None
Ben | None
Danielle | None
Phoebe | None
Aaron | None
Ben | None
Blair | None
blair | None
Bob | None
Chaina | None
Cody | None
Danielle | None
Phoebe | None
Jessica | None
Randy | None
Ben | None
Danielle | None
Dana | None
Christian | None
Austin | None
Michelle | None
Amy | None
Adam | None
LINDSAY | None
Julia | None
Tricia | None
Randy | None
Tricia | None
Megan | None
Josh | None
Jack | None
Brittney | None
Danielle | None
Bob | None
Patrick | None
Maureen | None
Kevin | None
Justin | None
Cody | None
Blair | None
Keith | None
Michelle | None
Kevin | None
Dan | None
Mackenzie | None
Laci | None
Keith | None
Josh | None
Jared | None
Patrick | None
Jack | None
Maureen | None
Brittney | None
Ben | None
Keith | None
Josh | None
Brittney | None
Jack | None
Tricia | None
Lidia | None
Kathryn | None
Mackenzie | None
Laci | None
jay | None
Paige | None
Brittney | None
Bob | None
Megan | None
Mackenzie | None
Aaron | None
Lidia | None
Kevin | None
Dan | None
Jack | None
Cody | None
Randy | None
Aaron | None
Kevin | None
Maureen | None
Luke | None
Kathryn | None
Justin | None
Danielle | None
Jared | None
Kyleigh | None
Keith | None
Cody | None
Maureen | None
Blair | None
Keith | None
Patrick | None
Jared | None
Josh | None
Randy | None
Patrick | None
Dan | None
Samuel | None
Gary | None
Dan | None
Sean | None
Candice | None
Lauren | None
Victoria | None
Jeff | None
Brad | None
Jacob | None
Brandon | None
Florin | None
Jim | None
JM | None
Roxann | None
Brittaney | None
Stuart | None
Jean-Luc | None
Rajat | None
Kevin | None
Ankur | None
Joseph | None
Tyler | None
Jamal | None
Andrew | None
Amberlyn | None
Gressi | None
Dylan | None
Silvana | None
Nate | None
Meghna | None
Katherine | None
Ethan | None
Jeevan | None
Anil | None
Karthik | None
Samuel | None
Plamen | None
Kristin | None
Paul | None
Peter | None
Travis | None
Jennifer | None
Nitin | None
Matthew | None
Daniel | None
Shawn | None
Matt | None
Marty | None
Heidi | None
Shawn | None
RISHABH | None
Beth | None
Samantha | None
Andres | None
Kate | None
Carrie | None
Sakib | None
Jennifer | None
Nakul | None
Abhishek | None
Cindy | None
Harjas | None
Carrie | None
Emily | None
Kathan | None
Rutu | None
Shelly | None
Shannan | None
Melissa | None
Katie | None
LinkedIn | None
Kelsey | None
Desiree | None
Zac | None
Isabel | None
Sabari | None
Jessica | None
Michael | None
Jose | None
Krista | None
Avita | None
Mudit | None
Tina | None
Ali | None
Pranav | None
JT | None
Jeff | None
Andrew | None
John | None
Shannan | None
Rayan | None
Nick | None
Rod | None
Valeria | None
Stephen | None
Morgan | None
Josh | None
Beth | None
Eric | None
Morgan | None
Ruth | None
Viral | None
Laura | None
QIWEN | None
Debajyoti | None
Prudhvi | None
Lin | None
Hemanth | None
Nikki | None
Douglas | None
Muntaqim | None
Brock | None
Kalyani | None
Stephanie | None
Randy | None
Prakash | None
Ryan | None
Team | None
Simon | None
Pavan | None
Kameliya | None
Qianqian | None
Erin | None
Hammer | None
Kelly | None
Cecila | None
Karen | None
Ginger | None
Luis | None
Jennifer | None
Jason | None
Wesley | None
Wesley | None
Luigi | None
Karen | None
Meghan | None
M.D. | None
Richard | None
Luis | None
Lionel | None
Perin | None
Richard | None
Claudia | None
Richard | None
Rick | None
Ginger | None
Nicole | None
Jennifer | None
Marie | None
Ibrahim | None
Pineda | None
Hidalgo | None
Elaine | None
Travis | None
mackenzie | None
liz | None
Katie | None
jennifer | None
Hameedullah | None
christina | None
Carley | None
Brandon | None
Kelsey | None
Matthew | None
Lauren | None
Cameron | None
Marcus | None
Brooke | None
Gabriele | None
Kendall | None
mekaylah | None
Madeleine | None
paige | None
Russell | None
Miles | None
Kyle | None
Jim | None
Alex | None
Brian | None
Deidre | None
Haley | None
Katie | None
Katie | None
Joe | None
Daniella | None
Claire | None
Christopher | None
Austin | None
Zac | None
Ryan | None
Paige | None
Zachary | None
Heather | None
Brooke | None
Daniella | None
Erika | None
Scott | None
Beck | None
Ian | None
Jaclyn | None
Jennifer | None
Kristina | None
Lindsey | None
Meg | None
Megan | None
Robert | None
David | None
Cara | None
Sarah | None
Tamiya | None
Carla | None
Danielle | None
Shpendi | None
Gabriele | None
Reise | None
Carley | None
Tyler | None
Tyler | None
Steve | None
Ryan | None
Ryan | None
Natalie | None
Rebecca | None
Christian | None
Sophia | None
Mike | None
Ross | None
Sodira | None
Wiki | None
Yaingy | None
Yoanna | None
Emily | None
Josie | None
Lewis | None
Pavan | None
Ross | None
Hazel | None
Andre | None
Becky | None
Brian | None
Sam | None
Thomas | None
Richard | None
Kevin | None
desmond | None
harry | None
jamie | None
Josh | None
matthew | None
niall | None
Adam | None
Amie | None
Ashley | None
Carlos | None
Dale | None
Daniele | None
Mark | None
Danielle | None
Duncan | None
Dylan | None
James | None
Millie | None
Ian | None
Matt | None
Charlie | None
Heather | None
Hayley | None
Marty | None
Erin | None
David | None
Robert | None
Jason | None
Dana | None
Greg | None
Amy | None
Thomas | None
Adam | None
Dan | None
Kathy | None
Kristy | None
Lubo | None
Megan | None
PJ | None
Garrett | None
Megan | None
Meredith | None
Mike | None
Ryan | None
Sean | None
Laurel | None
Danny | None
Jiayi | None
Christina | None
Sara | None
Rodgers | None
Vanessa | None
Christine | None
Cynthia | None
Hope | None
Baxter | None
Shoshana | None
Romi | None
Brian | None
Abdel | None
Michael | None
Priya | None
Colleen | None
Sophie | None
Mike | None
Johana | None
Michel | None
Allegra | None
Monica | None
Michael | None
Aravind | None
Venky | None
Eileen | None
Chanae | None
Rebecca | None
Mark | None
Mike | None
Wilson | None
Ricky | None
Joyce | None
David | None
Raphael | None
David | None
Evelyn | None
Jim | None
Jerick | None
Mark | None
Noemi | None
Jess | None
Theodore | None
Cory | None
Shalanda | None
Paul | None
Lauren | None
Steve | None
Sandra | None
Reyna | None
Ryan | None
Samantha | None
Sarah | None
Pooja | None
Sydney | None
Scott | None
Vance | None
Mary | None
Stephen | None
Nureya | None
Ryan | None
Mitch | None
McKenna | None
Macawley | None
Lisa | None
Laura | None
Kyle | None
Kyle | None
Kevin | None
Kayla | None
Joe | None
Jennifer | None
Jake | None
Isaiah | None
Gregg | None
Grace | None
Gerardo | None
Gabrielle | None
Frank | None
Meredith | None
Michael | None
Molly | None
Phillip | None
Andy | None
Andi | None
Amanda | None
Amanda | None
Amanda | None
Adam | None
Abbey | None
Phil | None
Finn | None
Zach | None
Taylor | None
Sydney | None
Sy | None
Simona | None
Sarah | None
Ryan | None
Ronald | None
Quincie | None
Veronica | None
Eugene | None
Erica | None
Eric | None
Josh | None
Brandon | None
Brittany | None
Thomas | None
Joe | None
Candyce | None
John | None
Mark | None
Aimee | None
Christa | None
Amanda | None
Jessica | None
Finian | None
Spencer | None
Ryan | None
Joseph | None
Rebecca | None
Melissa | None
Erin | None
Morgan | None
Alexander | None
Andrew | None
Eric | None
Dillon | None
David | None
Dave | None
Courtney | None
Christopher | None
Christine | None
Chris | None
Alli | None
Chris | None
Charles | None
Candyce | None
Brooke | None
Brian | None
Brendan | None
Brad | None
Ben | None
Anne | None
Chase | None
Aracelly | None
Angie | None
Ben | None
Amy | None
Abby | None
Tyler | None
Troy | None
Terrence | None
Tash | None
Steve | None
Breann | None
Stephanie | None
Stacy | None
Sarah | None
Ryan | None
Rowan | None
Audra | None
Niko | None
Nick | None
Stephanie | None
Nichole | None
Brennan | None
Courtney | None
Michael | None
Meredith | None
Luke | None
Latif | None
Kyle | None
Kyle | None
Krystal | None
Cliff | None
Kevin | None
Jordan | None
Jill | None
Jamie | None
James | None
James | None
Haden | None
Gary | None
Katie | None
Nicholas | None
Rachael | None
Mia | None
Humberto | None
Greg | None
Molly | None
Giselle | None
Dave | None
Darwin | None
Daniel | None
Inga | None
Cindy | None
Christine | None
Cathleen | None
Casey | None
Candyce | None
Camila | None
Brittany | None
Brittani | None
Christopher | None
Isabella | None
Graham | None
Jacob | None
meghan | None
Max | None
Matthew | None
Matt | None
Mark | None
Mark | None
Madison | None
Madeline | None
Kyra | None
Julia | None
Jackie | None
Jake | None
Josh | None
Jim | None
Jerry | None
Jen | None
JC | None
James | None
Scott | None
Phil | None
Cara | None
Kendall | None
Brooke | None
Michelle | None
Mariam | None
Taylor | None
Alex | None
Justin | None
Matt | None
Rich | None
Robert | None
Tim | None
Tom | None
Rich | None
Kris | None
Patty | None
Dominique | None
George | None
Stephanie | None
Marissa | None
Bradley | None
Anika | None
Jesal | None
Dennis | None
Rocio | None
Amanda | None
Sarah | None
Tyler | None
Melissa | None
Belinda | None
Sara | None
Pam | None
Shawn | None
John | None
Heather | None
Randy | None
Catherine | None
Kevin | None
Bill | None
Shane | None
Nikki | None
Colby | None
Kristen | None
Kirsten | None
Julio | None
Katherine | None
Dave | None
Jill | None
Michael | None
Katie | None
Robin | None
Emily | None
Michael | None
Anushka | None
Dylan | None
Derek | None
Sally | None
Andrea | None
Tyler | None
Karen | None
Kimberly | None
Dave | None
Dennis | None
Daniel | None
Jamie | None
Nancy | None
Laura | None
Sidney | None
Debby | None
Patrick | None
Michael | None
Derek | None
Jonathan | None
Ryan | None
Abigail | None
Kimberly | None
Scott | None
Trevon | None
Jim | None
Leesa | None
Jason | None
Tara | None
Jeff | None
Kaila | None
Joshua | None
Garrett | None
Nancy | None
Cathy | None
Whitney | None
Roe | None
Alexa | None
Casey | None
Jim | None
Mark | None
Michael | None
Jessica | None
John | None
Steven | None
Vina | None
Samantha | None
Todd | None
Christopher | None
Fawzia | None
Jeff | None
Wendy | None
David | None
Matt | None
Lisa | None
Morgan | None
Brad | None
Allie | None
Travis | None
Michael | None
Peg | None
Andre | None
Sue | None
Jeff | None
Patty | None
Tim | None
Brian | None
Velanie | None
Jhamar | None
Rita | None
Kathleen | None
Denise | None
Christina | None
Phyllis | None
Laura | None
Heather | None
Ossie | None
Dave | None
Douglas | None
Jennifer | None
Kimberly | None
Syed | None
Kristina | None
Michael | None
Ade | None
Erin | None
Abigail | None
Kyle | None
Jason | None
Kylie | None
Justin | None
Jessica | None
Jonathan | None
Matthew | None
George | None
Josue | None
Lucia | None
Debby | None
James | None
Manuel | None
Scott | None
Samotria | None
Elgin | None
Allison | None
Lissete | None
Chad | None
Lila | None
Paul | None
Randy | None
Amanda | None
Anika | None
Colby | None
Dominique | None
Patrick | None
Collin | None
Will | None
Jason | None
Brent | None
Sidney | None
George | None
Jill | None
Derek | None
Andrea | None
John | None
Kristen | None
Jamie | None
Marissa | None
Debby | None
Patty | None
Reed | None
Heather | None
Jesal | None
Grisell | None
Sally | None
Courtney | None
Randy | None
Kirsten | None
John | None
Eric | None
Tami | None
Zach | None
Katlyn | None
Kyle | None
Lauren | None
Nicole | None
Rita | None
Kevin | None
Jason | None
Kristin | None
Kristen | None
Catherine | None
Matthew | None
Jenny | None
Nico | None
Brett | None
Nick | None
David | None
Amanda | None
Preston | None
Cliff | None
Ed | None
Pete | None
Hannah | None
Daniel | None
Jonathan | None
Marijane | None
Aaron | None
Thea | None
Daniel | None
Peter | None
Corbin | None
David | None
Richard | None
Nancy | None
Jacqueline | None
Scott | None
Jeff | None
Thom | None
Robert | None
Jennifer | None
Tyler | None
Jeff | None
B | None
Jay | None
Jervis | None
Karen | None
Kimberly | None
Stephanie | None
Terrell | None
Brad | None
Dylan | None
Elaine | None
Laura | None
Patrick | None
Austin | None
Marla | None
Jon | None
Michael | None
David | None
Alicia | None
Aaron | None
Terese | None
Stephen | None
Katie | None
Jason | None
Debby | None
Nikki | None
Tina | None
Kyle | None
Scott | None
Jerry | None
Andrea | None
Mark | None
Jonathan | None
Lucas | None
Anthony | None
Benjamin | None
Matt | None
Jack | None
Heather | None
Jason | None
Kim | None
Nicholas | None
Joe | None
Michael | None
David | None
Kyle | None
James | None
Aaron | None
Chelsea | None
Jacob | None
Jason | None
Scott | None
Jeffrey | None
Sarah | None
Theresa | None
Adam | None
Scott | None
Ryan | None
Ryan | None
Toby | None
Jeff | None
Barbara | None
Kaffko | None
Rob | None
Ray | None
Timothy | None
Keith | None
Ian | None
Matthew | None
Ron | None
Jack | None
Lee | None
Charline | None
Jessica | None
Daniel | None
Terry | None
Jacob | None
Kylie | None
Ndeye | None
Heather | None
Pierre | None
Chad | None
Frank | None
Mark | None
Robin | None
Nathan | None
Kacie | None
Dan | None
Kathleen | None
Mike | None
Nick | None
Alex | None
Kimberlee | None
Alissa | None
Patrick | None
Travis | None
Raymond | None
Melissa | None
Joan | None
Myla | None
Dawn | None
Allison | None
Paul | None
Chris | None
Chelsey | None
Erin | None
Raymond | None
Meghan | None
Laska | None
Tim | None
Ali | None
Willie | None
Jourdan | None
Deanna | None
Grant | None
Adam | None
Jill | None
Tyler | None
Leslie | None
Jennifer | None
Joshua | None
Massimo | None
Stuart | None
Jill | None
Michael | None
John | None
Michelle | None
Christian | None
Will | None
William | None
Priyank | None
Derek | None
Jessica | None
Nick | None
Matthew | None
Alexis | None
Elaine | None
Jennifer | None
Scott | None
Kurt | None
Michael | None
Dana | None
George | None
Mark | None
Irene | None
Elisabeth | None
Kyle | None
Lorne | None
Kristin | None
Yvonne | None
Michelle | None
Jacqueline | None
Michael | None
Thom | None
Katie | None
Larry | None
Anya | None
Valerie | None
Peter | None
Natalia | None
Jennifer | None
Bob | None
Walter | None
Mike | None
Anya | None
Rich | None
Colin | None
G.G. | None
Danny | None
Brian | None
Elizabeth | None
John | None
Corbin | None
Corey | None
Leigh | None
Jen | None
Corey | None
Jenna | None
Michael | None
Chris | None
Gwen | None
Stephanie | None
Elgin | None
Tracy | None
Zarir | None
Chris | None
Tony | None
Michael | None
Mark | None
Katie | None
Matthew | None
Jordan | None
Fred | None
Michael | None
Jason | None
Brian | None
Nicole | None
Tara | None
Steve | None
Brian | None
Dan | None
Menhem | None
Zachary | None
Paul | None
Ari | None
Jennifer | None
Riley | None
Tony | None
Tom | None
Kerolos | None
Holli | None
Chi | None
Amanda | None
Jill | None
Derek | None
Melissa | None
Robert | None
David | None
Travis | None
Jeremy | None
Dave | None
Christine | None
Nate | None
Marissa | None
Harshbab | None
Marie | None
Chris | None
Louis | None
Jill | None
John | None
Lee | None
Mark | None
Syed | None
Sharon | None
Scott | None
Tyler | None
Tracy | None
Chris | None
Randy | None
Anika | None
Uni | None
Matt | None
Omer | None
Dee | None
John | None
Jacob | None
Rimas | None
Josh | None
Mike | None
Lila | None
Greg | None
Joe | None
Sherrie | None
John | None
Ben | None
Amanda | None
Jeff | None
Rocio | None
Patrick | None
Travis | None
Rick | None
Lindsay | None
Michelle | None
Whitney | None
Amanda | None
Andrea | None
Ashley | None
Katherine | None
Katie | None
Kyle | None
Nina | None
Chris | None
Richard | None
Chris | None
Jorge | None
Natasha | None
Kristina | None
John | None
Lauren | None
Alexandra | None
Shelby | None
Peter | None
Rhiannon | None
Deven | None
Jason | None
Chelsea | None
Victoria | None
Jaclyn | None
Rick | None
Rainey | None
Rafael | None
Bobbie | None
Daniel | None
Alexandra | None
grant | None
Haily | None
Harold | None
Jordan | None
Randall | None
Lauren | None
Diana | None
Sabryna | None
Emma | None
Diana | None
Brendan | None
Jordan | None
Emma | None
Ervisa | None
Morgan | None
Brittany | None
Pieter | None
Jessica | None
Christopher | None
Pieter | None
Lyndsay | None
Destiny | None
Julia | None
Karen | None
Khalid | None
Lisa | None
Maria | None
Nissa | None
Caroline | None
Selene | None
Steve | None
Veronica | None
Chris | None
LinkedIn | None
Josh | None
Anna | None
Allie | None
Alexandra | None
Daniela | None
Andrew | None
Emily | None
Danielle | None
Liz | None
Debbie | None
Stephen | None
Jennifer | None
Gennerre | None
David | None
Rob | None
Iris | None
Diana | None
Andressa | None
Dan | None
Shannon | None
Katie | None
Ken | None
Caroline | None
Jamie | None
Whitney | None
Sabryna | None
Alexandra | None
Christina | None
Bridget | None
Samarah | None
Helena | None
Jim | None
Sara | None
Bob | None
Harsh | None
Anand | None
Bethany | None
Ankita | None
James | None
Anup | None
Megan | None
Christi | None
Rick | None
Raj | None
Arfeen | None
Vincent | None
John | None
Jody | None
Mike | None
Jeffrey | None
Imran | None
Kirk | None
Lawrence | None
Riya | None
Casey | None
Michelle | None
Jonathan | None
Dana | None
Madeline | None
Callie | None
Trina | None
Dyanne | None
Kevin | None
Sherri | None
Patrick | None
Corinne | None
Stephanie | None
Alex | None
Joshua | None
Kevin | None
Jeff | None
John | None
Tim | None
Robert | None
Robert | None
Lena | None
Ally | None
Libby | None
Will | None
Zoe | None
Sam | None
Joey | None
James | None
Ian | None
Griffin | None
Landon | None
Garrett | None
Haley | None
Zachary | None
Aaron | None
Paul | None
Serena | None
Tyla | None
Matthew | None
Chris | None
Shawn | None
Jason | None
Alex | None
Helayna | None
Louie | None
Sam | None
Lucy | None
Matthew | None
Max | None
Sophie | None
Christian | None
Tyla | None
James | None
Foz | None
Vanessa | None
Rob | None
Philippa | None
Nico | None
Spencer | None
Tom | None
Simon | None
Mark | None
Tracy | None
Bryan | None
John | None
David | None
angela | None
bill | None
casey | None
chris | None
david | None
Marlen | None
marlene | None
pamela | None
robert | None
tiffany | None
william | None
Ryan | None
Ron | None
kimrey | None
Karen | None
Robert | None
LeAnn | None
Laycee | None
Kyle | None
Kycarah | None
Julie | None
JONATHAN | None
Mary | None
Joe | None
Jacob | None
Erin | None
Dee | None
Craig | None
Carrie | None
Angela | None
Jeremy | None
Anne | None
Kaylee | None
Shannon | None
A.J. | None
Mandy | None
Jamie | None
Ryan | None
Josh | None
Courtney | None
Kristin | None
Mason | None
Jennifer | None
Mikaela | None
Tom | None
Kathy | None
John | None
Elise | None
Dennis | None
Matt | None
Brian | None
Marc | None
William | None
Harry | None
Joshua | None
Thomas | None
Raghav | None
Colleen | None
Kevin | None
Nicollette | None
Zandria | None
Kassandra | None
John | None
Naz | None
Stephen | None
Amy | None
Brian | None
Sean | None
Jared | None
Crisie | None
Virginia | None
Tricia | None
Paul | None
Michael | None
Jade | None
Bode | None
Steve | None
Randall | None
Angie | None
Annie | None
Michael | None
Michael | None
Marsha | None
Kayla | None
Justin | None
Jennifer | None
Jason | None
James | None
Jake | None
Gabe | None
Floyd | None
Everardo | None
Evelyn | None
Elias | None
Dusan | None
David | None
Chandler | None
Brian | None
Brandon | None
David | None
Nicholas | None
Dalton | None
Marcia | None
Laren | None
McCabe | None
Colton | None
Emily | None
Kaitlin | None
Issac | None
Allyson | None
Kara | None
Paul | None
Wesley | None
Adam | None
Tyson | None
Susie | None
Spencer | None
Smita | None
Sariah | None
Sandy | None
Samantha | None
Sakhshi | None
Sakhshi | None
Ramón | None
Peyton | None
Timothy | None
Daniel | None
Clarence | None
Jack | None
Sal | None
Jessica | None
Mitchell | None
Bryan | None
Scott | None
Veronica | None
Dennis | None
Roxanne | None
Justin | None
Bobby | None
Paul | None
Adam | None
Broderick | None
Jeremy | None
Jacob | None
Kim | None
Iqbal | None
Charles | None
Zach | None
Julian | None
Ken | None
Russell | None
Marc | None
Evan | None
Rick | None
Nash | None
Victor | None
Diceman | None
Bruce | None
Victoria | None
Matthew | None
Kristen | None
Barry | None
Roxanne | None
Daniel | None
Scott | None
Iqbal | None
Dee | None
Schuyler | None
Roberto | None
Angel | None
Robert | None
Jason | None
Bhuvana | None
ishita | None
Johanna | None
Jack | None
Amy | None
Trever | None
Jill | None
Malek | None
Dusan | None
Ryan | None
Agustina | None
Paula | None
Carlos | None
Natalie | None
David | None
Josefina | None
Cori | None
Francell | None
Monisha | None
Julieta | None
Evelyn | None
Josh | None
James | None
J | None
Victor | None
David | None
Jace | None
Osvaldo | None
Laura | None
Kyle | None
Joseph | None
Rose | None
Colin | None
Carson | None
Karley | None
Ishita | None
Caleb | None
Darlin | None
David | None
Erin | None
Glenn | None
Guy | None
J. | None
Javier | None
Joe | None
Jonathan | None
Blake | None
Jose | None
Katie | None
Kristen | None
Kyle | None
Larry | None
Lily | None
Marco | None
Marquita | None
Meghan | None
Melissa | None
Meredith | None
Karley | None
BJ | None
BJ | None
Aldrin | None
Stephania | None
Spencer | None
Ingrid | None
Blake | None
Elena | None
Jennifer | None
David | None
Vania | None
Jennifer | None
Jade | None
Paul | None
Donna | None
Dalton | None
Aaron | None
Steven | None
Jake | None
Rick | None
Nick | None
Abhishek | None
Angie | None
Juan | None
Kevin | None
Aaron | None
Seavey | None
Gina | None
Tony | None
Vinay | None
Aaron | None
Gavin | None
Elena | None
Scott | None
Gino | None
Nery | None
Erica | None
Alexander | None
Allysson | None
Jennifer | None
Mathew | None
Brent | None
John | None
Blake | None
Thomas | None
Carlos | None
Mingming | None
Ashley | None
Jennifer | None
Greggory | None
Vicki | None
Terrell | None
James | None
Donovan | None
Johnny | None
Brock | None
Stephania | None
Justin | None
Meylin | None
Tenessa | None
Don | None
Spencer | None
Johanna | None
Sharalee | None
Donna | None
Nita | None
Jeffrey | None
Thomas | None
Nick | None
Makayla | None
Trent | None
William | None
Payal | None
Michael | None
Mingming | None
Melissa | None
Jamie | None
Jason | None
Nicole | None
Jade | None
Mathew | None
Marnie | None
Ashlee | None
Dave | None
Jamie | None
Seavey | None
Scott | None
Jared | None
Scott | None
Michael | None
Michelle | None
Josh | None
Marshall | None
David | None
Floyd | None
Tina | None
Don | None
Marsha | None
Melissa | None
Jack | None
Brett | None
Ashlee | None
Andrew | None
Vinay | None
Jennifer | None
Angie | None
Jason | None
Frank | None
Alexander | None
Jacob | None
Osvaldo | None
Marshall | None
Dave | None
Brandon | None
Marnie | None
Tina | None
Jonathan | None
Alisia | None
Michael | None
Kirsten | None
Zandria | None
Nicholas | None
Brett | None
Brandon | None
Justin | None
Meredith | None
Kaitlin | None
Dee | None
Sharalee | None
Roxanne | None
Lauren | None
Amy | None
Kelly | None
Steve | None
David | None
David | None
Rachel | None
Glenn | None
Austin | None
Michael | None
Alexander | None
trent | None
sheilla | None
Chuck | None
Krishnaiah | None
John | None
Amanda | None
Tom | None
Stephen | None
Katie | None
Hariom | None
Adam | None
John | None
Sheila | None
Doug | None
Sheila | None
sarah | None
Michael | None
Denise | None
James | None
Scott | None
Luke | None
Tom | None
Renee | None
Suresh | None
ryan | None
dan | None
Nick | None
Anastasiia | None
Austin | None
June | None
Marissa | None
Maks | None
Lynn | None
Lisa | None
Lauren | None
Jodi | None
Jeff | None
David | None
Bob | None
Amanda | None
Alexander | None
Adam | None
Lauren | None
nicole | None
Kristi | None
Melissa | None
michelle | None
laiza | None
ken | None
joshua | None
josh | None
jediah | None
jaymie | None
hannah | None
donta | None
brittany | None
bernadette | None
andrew | None
amy | None
aeron | None
Adam | None
Maks | None
Michele | None
June | None
Aman | None
Ankita | None
Sam | None
Viv | None
Benedict | None
Marco | None
Gags | None
Dan | None
Maria | None
Andrew | None
Roberto | None
Caroline | None
Isabel | None
Sandeep | None
Pradeep | None
Tom | None
Jerome | None
Consulting | None
Drew | None
Kasimu | None
Lana | None
Karan | None
Iman | None
Ben | None
Ash | None
Ravi | None
Harry | None
Kayur | None
Matt | None
Jake | None
Jack | None
Christina | None
Sourabh | None
Mireia | None
Jennifer | None
Stacy | None
Paddy | None
Rossy | None
Celene | None
Grand | None
Jake | None
Vivek | None
Krish | None
Wyatt | None
Conrad | None
Katie | None
Cynthia | None
Amy | None
David | None
Shanice | None
Sharon | None
Christopher | None
Drew | None
Sean | None
Bianca | None
Erica | None
Joe | None
Jack | None
Trey | None
Gabriella | None
Graham | None
Courtney | None
Michael | None
Lindsay | None
Allison | None
Jason | None
Jennifer | None
Julia | None
Yvonne | None
Anthony | None
Courtney | None
Nick | None
Molly | None
Amanda | None
Mary | None
Bryan | None
Cynthia | None
Josh | None
Wesley | None
Katie | None
Matt | None
Rao | None
Faith | None
Michael | None
Steve | None
David | None
Christian | None
Syed | None
Mandie | None
Andrew | None
Charles | None
Austin | None
Hammad | None
Samantha | None
Kelly | None
Yvette | None
Gregory | None
Jasen | None
Wesley | None
John | None
Janice | None
Timothy | None
Regina | None
Rhett | None
Dave | None
Amy | None
Hammad | None
Anthony | None
Alma | None
David | None
Molly | None
Erica | None
Sharon | None
Oti | None
Josh | None
Michael | None
Austin | None
Susan | None
Brooke | None
Jasen | None
Faith | None
John | None
Janice | None
Timothy | None
Paul | None
Robert | None
Rao | None
Faith | None
Paula | None
Stephanie | None
Kinaya | None
Melanie | None
Sarah | None
Kristen | None
Austin | None
Ted | None
Enon | None
Caroline | None
Shawn | None
Melissa | None
Brooke | None
Brianna | None
Danielle | None
Bryan | None
Matt | None
Chelsea | None
Heather | None
David | None
Janie | None
Nanette | None
Maria | None
Richard | None
Paige | None
Carrie | None
Kevin | None
Ken | None
Sarah | None
Justin | None
Issabella | None
Aaron | None
David | None
Amit | None
Sanjay | None
Arun | None
James | None
J.J. | None
allison | None
austin | None
Beka | None
beka | None
cole | None
enon | None
Erin | None
Gabriella | None
Heather | None
janie | None
jennifer | None
julia | None
lindsay | None
nanette | None
samantha | None
stephanie | None
Ellerson | None
Lauren | None
Head | None
Archie | None
Keith | None
Michelle | None
Gabriella | None
Kristen | None
Heather | None
Amit | None
Sushil | None
Paul | None
Yassamine | None
Elsid | None
susan | None
Muhammad | None
Michael | None
Jeff | None
Richard | None
Kevin | None
Emma | None
Brenda | None
Meagan | None
Lindsay | None
Laura | None
Precious | None
Alma | None
Michelle | None
Brian | None
Tammy | None
kelly | None
Cyrus | None
Graham | None
Jeet | None
tanush | None
Sudhakar | None
Frank | None
Shanice | None
David | None
Conrad | None
Christopher | None
Vivek | None
Arthur | None
Kinaya | None
Trey | None
Christy | None
Brooke | None
Shawn | None
Austin | None
Patrick | None
Abraham | None
Darlene | None
Bailey | None
Jasen | None
Richard | None
Caroline | None
Ellie | None
Brandon | None
Ted | None
Allison | None
Anthony | None
CHARLES | None
Josh | None
Aaron | None
Alexis | None
Erica | None
Shay | None
Paula | None
Melanie | None
Andrew | None
Faith | None
Jeff | None
Arthur | None
John | None
Brian | None
Shawn | None
Scott | None
Diane | None
Steven | None
Rashmi | None
Erin | None
Wanda | None
Paul | None
Patrick | None
Carol | None
Michael | None
Jeanne | None
Kyle | None
Mark | None
Michelle | None
James | None
Ryan | None
Sharon | None
Stephanie | None
Vicki | None
Jason | None
Tawney | None
Rebecca | None
Giorgi | None
Peggy | None
Brad | None
Blake | None
Jennifer | None
Jeanne | None
Jason | None
Adam | None
James | None
Rod | None
Judi | None
Stephanie | None
Cody | None
Zach | None
Dana | None
Alyssa | None
Jeff | None
Steve | None
Howard | None
Cierra | None
Todd | None
Madisen | None
Bryan | None
Pam | None
Peter | None
Janice | None
Kristi | None
Richard | None
Mackenzie | None
Matthew | None
Danielle | None
Ceporah | None
Olivia | None
Christopher | None
Ashley | None
Kristen | None
Jamison | None
Shanise | None
Melanie | None
Amie | None
Janice | None
Larry | None
Hannah | None
Tara | None
Rebecca | None
Walter | None
Chip | None
Rachel | None
Arthur | None
Roop | None
Richard | None
Melissa | None
Margaret | None
Lili | None
Tim | None
Kristen | None
Nick | None
Vignesh | None
John | None
Gina | None
Saagneek | None
Casey | None
debby | None
Marc | None
Shalu | None
debby | None
Naemah | None
Jennifer | None
Jennifer | None
Sylvia | None
George | None
Michele | None
Dennis | None
Gary | None
Jessica | None
Austin | None
Bobby | None
Michael | None
Shruti | None
Tami | None
Gautam | None
Mansi | None
Chris | None
Arjun | None
Austin | None
Tim | None
Contino | None
Mike | None
Anthony | None
Vanessa | None
allie | None
hailey | None
evan | None
dashana | None
caroline | None
brooke | None
ava | None
anna | None
anisa | None
amy | None
alyssa | None
Lisa | None
Alyssa | None
Alyssa | None
Morgan | None
Nikki | None
Rebecca | None
Mackenzie | None
Victoria | None
Stefani | None
Evan | None
Stephanie | None
Jami | None
ivana | None
Phylicia | None
jami | None
debra | None
mackenzie | None
Kareem | None
Ivana | None
Hailey | None
Erika | None
Dominique | None
Christina | None
Caroline | None
Cara | None
Caitlin | None
Baraq | None
Amanda | None
Alyssa | None
Allie | None
Aliyah | None
Victoria | None
kelly | None
Mary | None
MeiLeen | None
Morgan | None
Stephanie | None
Alexandra | None
Dashana | None
Brooke | None
LinkedIn | None
Brittany | None
Amy | None
Robin | None
Gianna | None
Ivana | None
Hailey | None
Shauna | None
Tiffany | None
Shayla | None
Rebecca | None
Nicole | None
David | None
Morgan | None
Ryan | None
Megan | None
Caitlin | None
Alyssa | None
Alyssa | None
victoria | None
stefani | None
shayla | None
shauna | None
Dominique | None
nicole | None
meghan | None
mary | None
mary | None
jessica | None
maria | None
mackenzie | None
MeiLeen | None
melissa | None
Mackenzie | None
Brooke | None
Parisa | None
Megan | None
Erin | None
Erin | None
Baraq | None
Allie | None
Evan | None
Nikki | None
Mackenzie | None
Nikki | None
CAROLINE | None
Rebecca | None
Victoria | None
Victoria | None
Steve | None
Stephanie | None
Shayla | None
Anna | None
Payton | None
Tommy | None
Shane | None
Barbara | None
Thomas | None
Jessica | None
Cait | None
Kelly | None
Tommy | None
Matt | None
Shane | None
Andrew | None
Philip | None
Julie | None
Cait | None
Jeff | None
Jonte | None
Angel | None
Lisa | None
Avery | None
Allison | None
Carly | None
Amber | None
Caroline | None
Scott | None
Tracy | None
Ana | None
Kayla | None
Joe | None
Christine | None
Noel | None
Sherry | None
Tracy | None
Alyssa | None
Lisa | None
Greg | None
Jimmy | None
Kristie | None
Terry | None
Crisi | None
Ryan | None
Nilima | None
Germania | None
Jeff | None
Priya | None
Vijay | None
Karthik | None
Lagnesh | None
Arun | None
Hippargawar | None
Chris | None
Arun | None
Patricia | None
Jessica | None
Fayazur | None
Eric | None
Deione | None
Jim | None
Tiffany | None
Matt | None
Jonathan | None
Zach | None
Ole | None
Deione | None
Geoff | None
Aron | None
Jeffrey | None
Jeffrey | None
Aron | None
Geoff | None
Ian | None
Chase | None
Jonathan | None
Aron | None
Whitney | None
Carlos | None
Zach | None
Kristi | None
Anthony | None
Candace | None
Ken | None
Karen | None
Sylvain | None
Sheryl | None
Ali | None
Mark | None
Tammie | None
Vanessa | None
Sarah | None
Dan | None
Jarelle | None
Jonathan | None
Trisha | None
Courtney | None
Kevin | None
Ryan | None
Jeremy | None
Ginzel | None
Caitlin | None
Cori | None
Karen | None
Raquel | None
Seth | None
Vijay | None
Aisha | None
Roger | None
Lauren | None
Tom | None
Chris | None
Melissa | None
Dennis | None
James | None
Tessa | None
Braulio | None
Kristin | None
Braulio | None
Shireen | None
Destany | None
Tracey | None
Mark | None
Kelly | None
Minerva | None
Andrew | None
Adam | None
Tracy | None
Paris | None
Renee | None
Marissa | None
David | None
Dave | None
Jasylyn | None
Ray | None
James | None
Islandy | None
Rodger | None
Melisa | None
Jason | None
Chris | None
Melanie | None
Win | None
Ismael | None
Thomas | None
Ron | None
Daniel | None
Kyle | None
Rick | None
Christopher | None
Eva | None
Suzanne | None
Bradley | None
Jim | None
Rob | None
Kristoffer | None
Michael | None
David | None
Ron | None
Ariana | None
Garrett | None
Megan | None
Angelo | None
Bryon | None
David | None
Greg | None
Dan | None
Arthur | None
Michelle | None
Gregory | None
David | None
Ken | None
Rick | None
Tom | None
Doug | None
Eric | None
Chris | None
Joe | None
Lori | None
Katie | None
Brey | None
Len | None
Duane | None
Björn | None
George | None
Toby | None
Robert | None
Peter | None
Kyle | None
Gay | None
Francisco | None
Matt | None
Tessa | None
Steve | None
Carrie | None
Ron | None
Scott | None
Steve | None
Todd | None
Jessica | None
Tom | None
Patricia | None
Tim | None
Kirby | None
Matt | None
Cindy | None
Desiderio | None
Sarah | None
Jerry | None
Richard | None
Nabiha | None
Katie | None
Nate | None
Robbie | None
Peter | None
Julia | None
Stephanie | None
Jim | None
Michael | None
Ryan | None
Meghan | None
Marcus | None
Tony | None
Katie | None
Jerry | None
David | None
Danielle | None
Lindsey | None
Christina | None
Gary | None
Chris | None
Sarah | None
Adam | None
Barbi | None
Catherine | None
Christina | None
Danielle | None
Dave | None
Eric | None
Gary | None
Greg | None
Jason | None
Jeff | None
Jeff | None
Manoj | None
Mark | None
Todd | None
Todd | None
Jeremy | None
Charlie | None
Talia | None
Mike | None
Lauren | None
Phil | None
Venkat | None
Randall | None
Beth | None
David | None
John | None
Edward | None
Carol | None
Greg | None
Christin | None
Paige | None
Christopher | None
Alex | None
Valeriya | None
Scott | None
Dottie | None
Victoria | None
Rhonda | None
Braulio | None
Julie | None
Suzanne | None
Gayle | None
Zachary | None
Doyen | None
Sullivan | None
Jon | None
Anita | None
Kyle | None
Mike | None
Mandy | None
Tina | None
Mike | None
Hank | None
Michael | None
Sheikh | None
Ken | None
Mark | None
Mike | None
Susie | None
Taelor | None
Brian | None
Manny | None
Shell | None
Marlu | None
Erik | None
Tiffany | None
Michael | None
Bill | None
Rebecca | None
Leah | None
Danielle | None
Avi | None
Mikayla | None
Jason | None
Justin | None
Julia | None
Hannah | None
Dustin | None
Chris | None
Adriana | None
Jason | None
jason | None
Josh | None
Alyssa | None
Shashi | None
Kyle | None
Anh | None
Petunia | None
hannah | None
Giorgio | None
ari | None
Avi | None
Floyd | None
Corey | None
Kristine | None
Wade | None
Christopher | None
Heather | None
Hunter | None
Jared | None
Jeff | None
Kaitlyn | None
Mei | None
Michael | None
Michael | None
Emma | None
Kyle | None
annabelle | None
Shashi | None
shashi | None
Shashi | None
ryan | None
Ryan | None
rodney | None
Rodney | None
Olivia | None
Michael | None
matt | None
Courtney | None
anh | None
Ericka | None
Brian | None
Hiring | None
Ryan | None
Annabelle | None
Ani | None
Rodney | None
Matt | None
leah | None
William | None
kyle | None
Jason | None
Amber | None
Tim | None
Raj | None
Rodney | None
Wayne | None
Prabhjot | None
Joseph | None
Chirag | None
Marc | None
Nicholas | None
Andrew | None
Jake | None
Stephanie | None
Kylie | None
Jullia | None
Diane | None
Caroline | None
Cameron | None
Brent | None
Avi | None
Elisha | None
Alaina | None
kyle | None
Allen | None
sanchit | None
Carrie | None
Ken | None
Justin | None
Channelle | None
Chase | None
Carroll | None
Matt | None
Frank | None
Zane | None
Chris | None
Patrick | None
ken | None
Eva | None
Arun | None
Jody | None
Seth | None
Chad | None
Sowmyasri | None
Randy | None
LinkedIn | None
Naveen | None
Judy | None
Dena | None
Arun | None
Amanda | None
Tonya | None
Nicole | None
Randy | None
Mandy | None
Chad | None
William | None
Erin | None
Danielle | None
RC | None
Dick | None
Jerry | None
Swati | None
Douglas | None
Cody | None
Jerry | None
Kay | None
Dena | None
Mark | None
RC | None
Brad | None
Donna | None
Gabrielle | None
Kenneth | None
Sam | None
Stacye | None
Judy | None
Matt | None
Chad | None
William | None
Eva | None
Carrie | None
Mark | None
Cody | None
Boyd | None
Douglas | None
Swati | None
Kay | None
Sam | None
Balin | None
Mark | None
Taji | None
Scott | None
Melissa | None
Daniel | None
Alycia | None
Ron | None
Lyne | None
Somban | None
Latish | None
Emily | None
Robert | None
Alexandra | None
Renu | None
Kayla | None
Ram | None
Cam | None
Ryan | None
Ruth | None
Peter | None
Mark | None
Lynda | None
Brandi | None
Phyllis | None
Katrina | None
Brock | None
Sheila | None
Chris | None
Kyle | None
Courtney | None
Nathan | None
Jason | None
Brittany | None
Owen | None
Amanda | None
Colleen | None
Brooke | None
Kirina | None
Cerise | None
Brandon | None
Jason | None
Daniel | None
Eric | None
Kristine | None
Kara | None
Dan | None
Tina | None
Pat | None
Alexander | None
Shahan | None
Rob | None
Brittany | None
Scott | None
Kyle | None
Nicholas | None
Bhagyashree | None
Hunter | None
Sidra | None
Justina | None
Kajal | None
Lisa | None
Holly | None
Tom | None
Kim | None
Lauren | None
Vienna | None
Kim | None
Ryan | None
William | None
Peter | None
Caitlin | None
Jeffrey | None
Kieran | None
Thomas | None
Mary | None
Jaeca | None
Rekhu | None
Mackenzie | None
Joseph | None
Trish | None
Deb | None
Kevin | None
Michele | None
Sherry | None
Chris | None
Peter | None
Scott | None
Hana | None
Annie | None
Chris | None
Tayler | None
Gregory | None
Navita | None
Nicole | None
Michael | None
Eddie | None
Arlet | None
Suneel | None
Spandana | None
Casie | None
Roger | None
Clifton | None
Joseph | None
Ed | None
Mitch | None
Britton | None
Garrett | None
Jennifer | None
Michele | None
Colleen | None
Lara | None
Joseph | None
Michael | None
Molly | None
Emily | None
Evan | None
Michaela | None
Nikki | None
Robert | None
Justin | None
Mavic | None
DeQuentin | None
Taryn | None
Ajani | None
Emmy | None
Shilpi | None
Jessica | None
Sue | None
Sergio | None
Lauryn | None
Scott | None
Fabiola | None
Kellee | None
Debra | None
Katrina | None
Kristian | None
Roy | None
Christin | None
Brittney | None
Lisa | None
Faith | None
Devonte | None
Kevin | None
Christy | None
Marisa | None
Sarah | None
Sonja | None
Jasmyne | None
Osvaldo | None
Nicolette | None
James | None
Amanda | None
Gregory | None
JP | None
Alejandra | None
Chris | None
Jesus | None
Andrew | None
Angela | None
Shayla | None
Deanna | None
Alicia | None
Georgina | None
Hillary | None
Shellbi | None
Scott | None
Janelle | None
Gina | None
Kimberly | None
Caitlen | None
Stacy | None
Anjanette | None
Morgan | None
Keaton | None
Kate | None
Mike | None
Olga | None
Tim | None
daniel | None
ian | None
inho | None
jared | None
Safa | None
philip | None
safa | None
Inho | None
konstantina | None
Partner | None
Richard | None
Breanne | None
Fatima | None
Neil | None
Tim | None
Denny | None
Rebecca | None
Valerie | None
Caressa | None
Fredrick | None
Jessica | None
jamie | None
jessica | None
Riri | None
Roxanne | None
Allen | None
David | None
Elizabeth | None
Adrian | None
Ross | None
Andrew | None
Brian | None
Wanda | None
Lindsey | None
Zachary | None
Diane | None
Henry | None
Patrick | None
Bob | None
Reed | None
Bill | None
Dale | None
John | None
Christy | None
April | None
Ryan | None
Liz | None
Melakh | None
Sam | None
Jackie | None
Tim | None
Cindy | None
Denny | None
Louis | None
Riri | None
Tim | None
Inga | None
Tim | None
Adrian | None
Fatima | None
Douglas | None
Neil | None
Marcia | None
Bailey | None
Rosalyn | None
Bryant | None
Rob | None
Nat | None
Shawn | None
Lynn | None
Ryan | None
Kevin | None
Matthew | None
Perry | None
Jacob | None
Jordan | None
Becky | None
Nate | None
Kia | None
Helena | None
Molly | None
Stacey | None
Thomas | None
Evan | None
Brendan | None
Matthew | None
Evan | None
Sharronne | None
Katie | None
Whitney | None
Kevin | None
Leon | None
Loren | None
Louis | None
Matt | None
Matthew | None
Michael | None
Robert | None
Ryan | None
Steven | None
Todd | None
Brittany | None
Bryan | None
Amy | None
Jennifer | None
Shelly | None
Jennifer | None
Paula | None
Laura | None
Chris | None
Joe | None
Brent | None
Terri | None
Antonia | None
Rick | None
Emmanuel | None
Shaina | None
Wil | None
Trevor | None
Nicole | None
Nick | None
Matthew | None
Matthew | None
Dan | None
Chris | None
Chad | None
Joey | None
Alyssa | None
Hannah | None
Clease | None
Dwight | None
Fedes | None
Kaylee | None
Kyle | None
Geoffrey | None
Eric | None
Matthew | None
Libby | None
Faris | None
Frank | None
Gregg | None
Gregory | None
Hatch | None
Jason | None
Evan | None
David | None
Dan | None
Chris | None
Eric | None
Bryan | None
Bruce | None
Antonia | None
Bob | None
Samantha | None
Matthew | None
Jim | None
Christy | None
Mitchell | None
Bryon | None
Michelle | None
Steve | None
Kari | None
Brian | None
Andrew | None
Matt | None
Jaime | None
Theresa | None
Angela | None
Tom | None
JoLinda | None
Delaina | None
Brad | None
Jeffrey | None
Alex | None
Tina | None
Mark | None
Jim | None
Bradley | None
Dennis | None
Jeremy | None
Jerry | None
Sherri | None
TRACEY | None
Alexander | None
Jacob | None
Kenneth | None
Kayce | None
Tanner | None
Courtney | None
Walker | None
Christian | None
Craig | None
Aaron | None
Matt | None
Connie | None
Randall | None
Michele | None
Dan | None
Lisa | None
Mike | None
Nye | None
Jill | None
Eric | None
Sergio | None
Humaira | None
Ana | None
Team | None
Elijah | None
Darin | None
Brittany | None
Paul | None
Corinne | None
Marian | None
Mitch | None
Gayle | None
Felicity | None
Cindy | None
Natalie | None
Candice | None
Mary | None
Stephanie | None
Annie | None
Robert | None
Brennan | None
Stephanie | None
Randy | None
Ryan | None
Thomas | None
Alisa | None
Allie | None
Christopher | None
Elizabeth | None
Stephanie | None
Meriam | None
Erika | None
Justine | None
Jason | None
Ann | None
Cynthia | None
Melissa | None
John | None
Gunaseelan | None
Michael | None
Nicole | None
Becky | None
Kimberly | None
Katy | None
Mike | None
Carlie | None
kelly | None
Scott | None
Justine | None
Neelam | None
Ann | None
Laura | None
Dale | None
Vivian | None
Al | None
Keefe | None
Artem | None
Ken | None
Eric | None
Geoff | None
Grace | None
Jesse | None
Joann | None
Kim | None
Ryan | None
Lauren | None
Matt | None
Matthew | None
Michael | None
Doel | None
Sharif | None
Steven | None
Todd | None
Kyle | None
Christopher | None
tiffany | None
Brian | None
Jessica | None
Lisa | None
Morgan | None
Michele | None
amanda | None
brooke | None
Charles | None
lynn | None
joan | None
michael | None
royreen | None
suzanne | None
tiana | None
Amie | None
Ayodele | None
Brian | None
maryann | None
Danielle | None
Aaron | None
Lucy | None
Gemma | None
☮Sahill | None
Katie | None
Kelsea | None
Lewis | None
Morgan | None
Marcela | None
Mike | None
Megan | None
Marija | None
Mollie | None
Maddy | None
Rory | None
Rick | None
Sean | None
Tom | None
Leroy | None
Jack | None
James | None
Penny | None
Jenny | None
Ash | None
Jonathan | None
Adam | None
Brandon | None
Benjamin | None
Chris | None
Dom | None
Amity | None
Elena | None
Felix | None
Jashan | None
George | None
Jack | None
Jamie | None
Dylan | None
Jack | None
Ana | None
Andrea | None
Andrea | None
Andrew | None
Cheryl | None
Brittney | None
CHRISTINA | None
Connie | None
Amy | None
Corissia | None
April | None
Alyssa | None
Cameron | None
Alexandra | None
Adelaida | None
Adam | None
Aaron | None
Melissa | None
Olivia | None
Misti | None
Brandon | None
Elizabeth | None
Tori | None
Darlene | None
Alicia | None
Dawn | None
Lilymar | None
Eva | None
Robert | None
Ricardo | None
Patty | None
Niki | None
Nadine | None
Misti | None
Melissa | None
Matt | None
Marcus | None
Lynn | None
Lisa | None
Lidiet | None
Kristy | None
Kristin | None
Kristen | None
Karina | None
Jessica | None
Jennifer | None
Janet | None
Jamarris | None
Jaclyn | None
Jackay | None
Hayden | None
Grace | None
gerry | None
English | None
Selena | None
Sam | None
Brandi | None
Mianna | None
Carmen | None
Ashley | None
Trinity | None
Jessica | None
Matthew | None
Donna | None
Citlally | None
Drew | None
Elizabeth | None
Lia | None
Stephanie | None
Allyssa | None
Halle | None
Chuck | None
Victoria | None
Teona | None
Stephanie | None
Shyla | None
Shamaine | None
Marian | None
Jesica | None
Mary | None
Kelly | None
Jesha | None
RJ | None
Ivie | None
Coleen | None
Mattias | None
Corey | None
Genesis | None
Michael | None
David | None
Casey | None
Renylyn | None
Ezekiel | None
Mike | None
Carla | None
John | None
Joseph | None
Leigh | None
Issac | None
Megan | None
Marcus | None
Madison | None
Brenda | None
Keith | None
John | None
Tina | None
Joseph | None
Charnell | None
Ren | None
Christina | None
Hari | None
Eric | None
Colby | None
Cathryn | None
Kristine | None
Cailey | None
Katelyn | None
Brook | None
Jessenia | None
Sean | None
Julie | None
KeSha | None
Markie | None
Renylyn | None
Eric | None
Zandro | None
Ruel | None
Ruel | None
Ren | None
Jana | None
Jack | None
Jay | None
Tez | None
Iris | None
Cody | None
Ashley | None
Ezekiel | None
Ajarree' | None
Kara | None
Sara | None
Cailey | None
Prince | None
Frank | None
Krizia | None
Ashley | None
Lindsey | None
Gleysie | None
Chanel | None
Isaiah | None
Casey | None
Kim | None
Lindsey | None
Renz | None
Joseph | None
Marcus | None
Ruel | None
Alex | None
Katelyn | None
Patricia | None
Sara | None
Remi | None
Loris | None
David | None
Jack | None
Jenna | None
Zandro | None
Shelby | None
Erika | None
MAYRA | None
Colby | None
Tara | None
Jody | None
Leigh | None
Zandro | None
Megan | None
Brandon | None
Myles | None
Thomas | None
Allison | None
Sam | None
Ren | None
Rebecca | None
Jordan | None
Jahan | None
Brandon | None
Anis | None
Allen | None
John | None
Ryan | None
Samantha | None
Mikayla | None
Dominic | None
Sonya | None
Karen | None
Allanea | None
Darcelle | None
Vincent | None
Mohammed | None
Reilly | None
Anuradha | None
Nicolas | None
Efrain | None
Virginia | None
Jason | None
Matthew | None
Michael | None
Kaitlin | None
Raquel | None
Rob | None
Patrick | None
Andrea | None
Cameron | None
Paul | None
Reilly | None
Joseph | None
Brianna | None
Renee | None
Alex | None
Sean | None
Robert | None
Max | None
Diana | None
Mark | None
Ryan | None
Matt | None
Joseph | None
Kyle | None
Peter | None
Devon | None
Jeannine | None
Megan | None
Jamie | None
Robin | None
Devender | None
Ritesh | None
Shivani | None
Haley | None
Kennedy | None
Ryan | None
Joanna | None
David | None
Yvonne | None
Taylor | None
Robert | None
Omar | None
Nica | None
Dan | None
Kevin | None
Jake | None
Renita | None
Joshua | None
Kevin | None
Graham | None
Quinn | None
Rob | None
Graham | None
Mike | None
Amanda | None
Annabell | None
William | None
Lisa | None
Jack | None
Jonathan | None
Nhan | None
Nina | None
David | None
Joseph | None
Davis | None
Doug | None
Ricardo | None
Jonathan | None
Lisa | None
Michael | None
Michael | None
Nana | None
Heather | None
Jennifer | None
Nykesha | None
Gena | None
Kim | None
LaToia | None
Kirsten | None
Danielle | None
Beth | None
Caren | None
Stacy | None
Erin | None
Gabriela | None
Brigid | None
Dinesh | None
Jane | None
Andrea | None
E'laina | None
Trista | None
Andrea | None
Becca | None
Erin | None
Gena | None
Kirsten | None
Melissa | None
Danielle | None
Melissa | None
Allison | None
Heather | None
Jennifer | None
Nadia | None
Sheniesha | None
Stacy | None
Kevin | None
Andrea | None
Kelsi | None
Tara | None
Honey | None
Dorothea | None
Mulu | None
Daniel | None
Kyla | None
Joanne | None
Lynne | None
Lorrie | None
Mayank | None
Rhonda | None
Sara | None
Cindi | None
Jose | None
Daniela | None
Teona | None
Chris | None
Ian | None
Bethany | None
Lauren | None
Walt | None
Dr | None
Chad | None
Skylar | None
Kelseth | None
Shira | None
Diane | None
Judy | None
Margie | None
Shawn | None
Jocelyn | None
Virginia | None
Sabrina | None
Megan | None
Anna | None
Katelyn | None
Abby | None
Johanna | None
Jill | None
Neha | None
Brianna | None
Rosemary | None
Alex | None
Eric | None
Mike | None
Kyle | None
tope | None
Nikhil | None
Varun | None
Najo | None
Karan | None
Shree | None
Rebecca | None
Maria | None
Casey | None
Joe | None
Dan | None
Matt | None
Robert | None
Heather | None
Jamie | None
Erin | None
Sara | None
Daniel | None
Terri | None
Miranda | None
Tony | None
Michael | None
Mark | None
Matthew | None
William | None
Priya | None
Kevin | None
Prabhjot | None
Julien | None
Daniel | None
Melynda | None
Alex | None
Hannah | None
Frederick | None
Jacob | None
Esteban | None
Justin | None
Courey | None
Lesly | None
Jaret | None
Emma | None
Sarah | None
Amanda | None
Bernadette | None
Loren | None
Bryan | None
Mai | None
Roger | None
Katie | None
Kelli | None
Andrew | None
Krescens | None
Robert | None
Riley | None
Lauren | None
Jon | None
Taylor | None
Christopher | None
Leah | None
Jillian | None
Arjun | None
Terri | None
Zee | None
April | None
Patty | None
Shaina | None
Kimberly | None
Matt | None
Moira | None
Monte | None
Magdalena | None
Alicia | None
Chiva | None
Suraj | None
Tatiana | None
Ryan | None
Brian | None
April | None
Jillian | None
Shay | None
Hanna | None
Lauren | None
Annette | None
Kiran | None
Nitin | None
Karine | None
Shivani | None
Brandon | None
Mohammed | None
Drew | None
Guian | None
Vivek | None
Olesia | None
Daniel | None
Sarrah | None
Kim | None
Zainab | None
Vivek | None
Shaina | None
Suraj | None
Shay | None
Shivani | None
Karthik | None
Jessica | None
Jeff | None
Melena | None
Shanika | None
Liz | None
Autumn | None
Chandler | None
Todd | None
Leah | None
Michelle | None
Zainab | None
Cathy | None
Crystal | None
Manasa | None
Aishwariya | None
Pamela | None
Mohammad | None
Nitin | None
monte | None
melena | None
liz | None
lauren | None
lara | None
jessica | None
irenee | None
heather | None
hanna | None
elena | None
drew | None
deanna | None
brandon | None
autumn | None
alicia | None
Helena | None
Chris | None
Patty | None
Jorge | None
Raymond | None
Dave | None
Michael | None
Olesia | None
nancy | None
ryan | None
denisa | None
shay | None
Michelle | None
Manasa | None
Matt | None
Moira | None
Mohammed | None
Karthik | None
Kiran | None
Karine | None
shanika | None
Jeff | None
Jontae | None
Mohammad | None
Naresh | None
Daniel | None
Chandler | None
Crystal | None
Chiva | None
Brian | None
Aishwariya | None
Annette | None
Anny | None
todd | None
tatiana | None
shivom | None
Guian | None
Matt | None
Dagogo | None
Giorgia | None
Michelle | None
Monaaz | None
Stephen | None
Jisha | None
Kiomi | None
Emma | None
Austin | None
Samantha | None
Caley | None
Omar | None
Roy | None
Jillian | None
Christin | None
Vriel | None
Christine | None
Angel | None
Samuel | None
Michael | None
Bradford | None
Marla | None
Brett | None
Michael | None
Kristin | None
Mark | None
Susie | None
Quoc | None
Newt | None
Shane | None
Vanessa | None
William | None
Alex | None
Alix | None
Britney | None
Caitlin | None
Haley | None
Jaimie | None
Kailee | None
Kelli | None
Analisa | None
Amanda | None
Alix | None
Alex | None
Mackenzie | None
Meghan | None
Robert | None
Saskia | None
Nate | None
Ryan | None
Britney | None
Dylan | None
Courtney | None
Josh | None
Ryan | None
Andy | None
Ashley | None
Corey | None
Mike | None
Michael | None
Marshall | None
Margaret | None
Kyle | None
Kyle | None
Katie | None
Kailee | None
Juliette | None
Christina | None
Andrew | None
Alyssa | None
Racheal | None
Ally | None
Tyler | None
Ryan | None
Raquel | None
Pate | None
Melissa | None
Melissa | None
Kurt | None
Kelly | None
Renee | None
Griffin | None
Danielle | None
Daniel | None
Abby | None
Jamie | None
Spencer | None
Leslie | None
mariela | None
Arnaldo | None
Daniela | None
Drake | None
James | None
Jimmy | None
Stephanie | None
Sarah | None
Liz | None
Rebecca | None
Ramsay | None
Ramsay | None
Rose | None
Rose | None
Raven | None
Payne | None
Payne | None
Raven | None
Rebecca | None
Roxie | None
Samantha | None
LaTerry | None
Kristen | None
Valaencia | None
Trevor | None
Tyra | None
Tiffany | None
Thomas | None
Pam | None
Thomas | None
Taylor | None
Sandy | None
Sasha | None
Sarah | None
Sam | None
Stephen | None
Sarah | None
Tiffany | None
Pauline | None
Melissa | None
Nicholas | None
Kellen | None
Kristen | None
Klint | None
Koyun | None
Kristin | None
Katie | None
Karisha | None
Kristen | None
Kimberly | None
Kristi | None
Kristen | None
LaTerry | None
Lauren | None
Natalie | None
Lauren | None
Mariah | None
Mary | None
Marcella | None
Moriah | None
Marie | None
Meghan | None
Maria | None
Mallory | None
Mallory | None
Ray | None
Meggan | None
Mariah | None
Matthew | None
Lucas | None
Robertta | None
Amanda | None
Tonya | None
Michelle | None
Miller | None
Nancy | None
Nicole | None
Pearl | None
Sam | None
Sara | None
Sarah | None
Shane | None
Stacy | None
Taylor | None
Tricia | None
Vanessa | None
Michael | None
Allie | None
Holly | None
Maria | None
Ramsay | None
Pam | None
Lucy | None
Roxie | None
Pauline | None
Mars | None
Cody | None
morning | None
Kimberly | None
Shannon | None
Tara | None
Chelsea | None
Shannon | None
Melissa | None
Matt | None
Yanique | None
Alexa | None
Allison | None
Katy | None
Andrew | None
Anna | None
Ashley | None
Ashlie | None
Bailey | None
Cherrie | None
Courtney | None
Emily | None
Emmie | None
Meagan | None
Gabriela | None
Jess | None
Jessica | None
Jessie | None
Jesten | None
Jocelyn | None
Kailey | None
Katy | None
Liz | None
Liz | None
Lori | None
Madeline | None
Maggie | None
Marina | None
Jaclyn | None
Kristin | None
Isobel | None
Jim | None
Julia | None
Justin | None
justine | None
Kacey | None
Kailey | None
Sarah | None
Abigail | None
Abigail | None
Amanda | None
Brenna | None
Cody | None
Donna | None
Kristi | None
Julia | None
Lauren | None
Marie | None
Marisa | None
Meagan | None
Miranda | None
Nikki | None
Chris | None
Tara | None
Shannon | None
Julia | None
Alexa | None
Judy | None
John | None
Allie | None
Lauren | None
Marie | None
Sammy | None
Gabrielle | None
Gill | None
Hailey | None
Hannah | None
Hannah | None
Hilary | None
Holly | None
Hope | None
Hope | None
Iris | None
Jacob | None
Jayce | None
Jen | None
Jeniffer | None
Jenna | None
Jenna | None
Jennifer | None
Jessica | None
Jessica | None
Joshua | None
Nicole | None
Laura | None
Allie | None
April | None
Ashley | None
Andrew | None
Aimée | None
Avni | None
Avni | None
Billy | None
Brian | None
Bailey | None
Mallory | None
Brian | None
Brian | None
Casey | None
Caroline | None
Christa | None
Christa | None
Chase | None
Dana | None
Elizabeth | None
Emily | None
Emily | None
Eric | None
Abigail | None
Amanda | None
Brian | None
Alicia | None
Amy | None
Sasha | None
Shannon | None
Kevin | None
Amy | None
Lauren | None
Yanique | None
Danielle | None
Alexa | None
Cornelia | None
Wendy | None
Liz | None
Ashley | None
Bailey | None
Allie | None
Aubree | None
Andrea | None
Austin | None
Anushka | None
Allie | None
Aimee | None
Lyla | None
Lucy | None
Alessandra | None
Lizzy | None
Amanda | None
Lyndsey | None
Kaitlyn | None
Jordan | None
Michael | None
Sucheta | None
Salil | None
Jacob | None
Jiale | None
Zhouding | None
Ashley | None
Kseniya | None
Shreya | None
Chandan | None
Anjali | None
Shirley | None
Anna | None
Josh | None
Fabiola | None
Leonie | None
Mary | None
Paul | None
lily | None
Bettina | None
Jeffrey | None
Gail | None
Madhu | None
Edgar | None
Stephanie | None
Akash | None
Aishwarya | None
Denise | None
Adnaan | None
Prateek | None
Gordon | None
Patricia | None
Robert | None
Parimal | None
Swapna | None
Deon | None
Arce | None
Tina | None
Sreedevi | None
Ken | None
Rohan | None
Dale | None
Sanjay | None
Naga | None
Andrea | None
Savanna | None
Michael | None
Hrishikesh | None
Sumalatha | None
Ismail | None
Claudia | None
Pradeep | None
Pritika | None
Sheena | None
Deron | None
Diana | None
Rucha | None
Jessica | None
W. | None
Yash | None
Hemangi | None
Satish | None
Kelsey | None
Brian | None
Gibi | None
Patrick | None
Daniel | None
Tyrone | None
Jared | None
Matthew | None
Chris | None
Dan | None
Richard | None
Scott | None
Joe | None
Himanshu | None
Malik | None
Brinda | None
Mindy | None
Nirmal | None
Aditya | None
John | None
Adnan | None
Sagar | None
Mauro | None
Miranda | None
Karan | None
Daniel | None
Samantha | None
Sushma | None
Geoffrey | None
Suchitra | None
Dinesh | None
Rajesh | None
Anju | None
Ken | None
Jeff | None
Hannah | None
Gregory | None
Kaleem | None
Ellina | None
Rosalie | None
John | None
Justin | None
Abhijaat | None
Steven | None
Ashwin | None
Margo | None
Sunil | None
Jordan | None
Amol | None
Kavitha | None
Ankeet | None
Mihir | None
Fares | None
Ferenc | None
Manoj | None
Alberry | None
Sheetal | None
Sudharshan | None
Darren | None
Sai | None
Jian | None
Mina | None
Zohaib | None
Cristian | None
Zarafshan | None
Frank | None
Ashvini | None
Robert | None
Akshay | None
Evelyn | None
Carrie | None
Robert | None
Mingfang | None
Aravind | None
Swapna | None
Leon | None
Tricia | None
Michael | None
Alexander | None
Maheswar | None
Sindhu | None
Jeevan | None
Kelly | None
Ellen | None
Julia | None
Paula | None
Rebecca | None
Jess | None
Michelle | None
Carli | None
Jacob | None
Gayle | None
Mackenzie | None
Allie | None
Liz | None
Taylor | None
Nali | None
Kristie | None
Addison | None
Regan | None
Matthew | None
Anders | None
Rosie | None
Tory | None
Daniel | None
Bianca | None
Hannah | None
Yasmin | None
Eiko | None
Kereem | None
Molly | None
Nicole | None
Rachel | None
Mamie | None
Whitney | None
Fred | None
David | None
Fiona | None
Cherie | None
Molly | None
tim | None
tamaira | None
terri | None
susie | None
victor | None
durga | None
wanda | None
joseph | None
james | None
ileana | None
david | None
vimitha | None
shannon | None
nicole | None
messaye | None
michael | None
sam | None
paul | None
priyanka | None
rachel | None
rafael | None
reina | None
roy | None
russell | None
sally | None
daphne | None
sarah | None
coby | None
abby | None
cade | None
magali | None
mark | None
matthew | None
melissa | None
lisa | None
leanne | None
joshua | None
chloe | None
Janna | None
Delfon | None
Lisa | None
alex | None
billy | None
kate | None
bernadette | None
anna | None
bilal | None
andrea | None
amel | None
alvie | None
alina | None
anna | None
kaaren | None
Jose | None
Gaurav | None
Clint | None
Christy | None
Zachary | None
Yanely | None
Adrienne | None
Arthur | None
Jesse | None
Eric | None
Gilbert | None
Craig | None
Jeff | None
Phil | None
Ben | None
Scott | None
Matthew | None
Dustin | None
Albert | None
Ashtyn | None
Barton | None
Adithya | None
Angus | None
John | None
Sarah | None
Sarah | None
Juanita | None
Brian | None
Grant | None
Pradeep | None
Emily | None
Sarah | None
Johna | None
Bernard | None
William | None
Haley | None
Denis | None
Berenice | None
Cooper | None
Gonzalo | None
Eric | None
Randy | None
Dbrav | None
Mohit | None
Matt | None
Seema | None
Brooke | None
Kristin | None
Allie | None
Micah | None
Emily | None
Nathan | None
Aaron | None
Kyle | None
Scott | None
Anusha | None
Kevin | None
David | None
Andrew | None
David | None
Ryan | None
Kimberly | None
Paul | None
Timothy | None
Lizzy | None
Paraag | None
Bailey | None
Brenna | None
Clint | None
Gabriella | None
Jevon | None
Kelsey | None
Laura | None
Mike | None
Paige | None
Patrick | None
Phillip | None
Purva | None
Richard | None
Andy | None
Sanif | None
Sunny | None
Allie | None
Fatima | None
Kara | None
Aaron | None
Tiffany | None
Conner | None
Courtney | None
Caitlin | None
Ally | None
Jack | None
Emily | None
Ryan | None
Shejin | None
Francisco | None
Lawrence | None
Ashwin | None
Cole | None
Emily | None
Jerilyn | None
Tish | None
Jordan | None
Margo | None
Jessica | None
Jeff | None
Nanya | None
Michael | None
Jared | None
Stephen | None
Casey | None
Somasekhar | None
Briana | None
Dheeraj | None
Adhrik | None
Carson | None
Rich | None
Matthew | None
Ishaq | None
Kevin | None
Maxwell | None
Shawn | None
Michele | None
Audrey | None
Vikalp | None
Camri | None
Emily | None
John | None
Samuel | None
Hanna | None
Ariel | None
Mike | None
Adam | None
Joseph | None
Callie | None
Brooke | None
Jared | None
Anna | None
Kyler | None
Josh | None
Luke | None
Jose | None
Alan | None
Jeff | None
Grant | None
Trey | None
Morgan | None
Matthew | None
Anh | None
Edmond | None
Christopher | None
Graham | None
Leighton | None
Stephanie | None
Clint | None
Marisa | None
Jared | None
Nanya | None
Beverly | None
Kristin | None
Yuki | None
Nickoria | None
Sarfaraz | None
Adrienne | None
Francisco | None
Gary | None
Nathan | None
Brent | None
Pete | None
Melissa | None
Terry | None
Lance | None
Heather | None
Caroline | None
Christian | None
Richard | None
Kinza | None
Gail | None
David | None
Fahad | None
Ryan | None
Josh | None
Madeleine | None
Katie | None
RC | None
Jake | None
Mia | None
Cam | None
Derek | None
Kendall | None
Nathan | None
Brandon | None
Chia-Lin | None
Paul | None
Sean | None
Nick | None
Tino | None
Jim | None
Giovanni | None
Jenny | None
Ryan | None
Carlos | None
Megan | None
Kristina | None
Ariel | None
Xing | None
Kim | None
Anand | None
Jainendra | None
Priyanka | None
Riya | None
Ronald | None
Sanjana | None
Bharani | None
Ankit | None
Brad | None
Anamika | None
Sachin | None
James | None
Edward | None
Pooja | None
Sakshi | None
Soumya | None
Arnold | None
Shruthi | None
Narayan | None
Cicelia | None
Talent | None
Cicelia | None
Sohail | None
Tobi | None
Abayomi | None
Nimal | None
Sagar | None
Kevin | None
Vishal | None
Surbhi | None
Vipul | None
Dharmesh | None
Suraj | None
Safwan | None
Alice | None
Glenn | None
Daniel | None
Sonny | None
Sanjiv | None
Norman | None
Henry | None
Arthur | None
Brij | None
Mangesh | None
Praj | None
Davinder | None
Rameshkumar | None
Henock | None
Dhaval | None
Nitesh | None
William | None
Joash | None
Chris | None
Sydney | None
Steve | None
Ricky | None
Caitlin | None
Mariya | None
Matthew | None
Jeremy | None
Laura | None
Jon | None
Anabel | None
Patrick | None
Jennifer | None
Whitney | None
Joy | None
Cynthia | None
Karun | None
Laura | None
Abel | None
Claudia | None
Mike | None
Taylor | None
Isaac | None
Brian | None
Judas | None
Eric | None
Jared | None
Anu | None
Anoop | None
Bob | None
Suhaib | None
William | None
Domenick | None
Jordan | None
Devin | None
Brian | None
Lisa | None
Wendy | None
Alleta | None
Leah | None
Eileen | None
Mitzi | None
Rhett | None
Pat | None
Andee | None
Jennifer | None
Amiee | None
William | None
Rachel | None
Christina | None
Lisa | None
Julianne | None
Karen | None
Val | None
Melissa | None
Selena | None
Kenechukwu | None
Iris | None
Jonathan | None
Samantha | None
aria | None
Sonia | None
marisel | None
lee | None
kelly | None
kaneka | None
julee | None
joe | None
martha | None
jennifer | None
janice | None
hope | None
hanna | None
gigi | None
g | None
doug | None
jason | None
micha | None
michael | None
michelle | None
Austin | None
Anthony | None
Andrea | None
Amy | None
Amy | None
Amber | None
Alexandra | None
victoria | None
tony | None
tom | None
susan | None
susan | None
olivia | None
myles | None
mike | None
Tia | None
Todd | None
Paula | None
Amy | None
Theresa | None
Mallinally | None
Grant | None
Syretta | None
brian | None
Rachel | None
Debbie | None
Laura | None
Ralphy | None
Timeeka | None
caroline | None
John | None
Wil | None
Bill | None
Carrie | None
Christine | None
Misha | None
Amelia | None
Michele | None
Denise | None
Mary | None
Bridjete | None
Joao | None
Alexander | None
Michelle | None
Andrea | None
Austin | None
Lauren | None
Melanie | None
Jo | None
Julie | None
Cody | None
Ginger | None
Roberta | None
Nancy | None
Lori | None
Joseph | None
Nicole | None
David | None
Jay | None
Marc | None
Jasman | None
Hunter | None
Rory | None
Jennifer | None
Bree | None
Marissa | None
Shelby | None
James | None
Lorraine | None
Jennifer | None
Heber | None
Sierra | None
Melissa | None
Amanda | None
Brendan | None
Cedar | None
Amy | None
Jennifer | None
Tara | None
Zoe | None
Caroline | None
Rahul | None
Ashton | None
Maram | None
Eddie | None
Priyanka | None
Krista | None
Andrea | None
Jenny | None
Rachel | None
Morgan | None
Rebekah | None
Alexis | None
Rebeca | None
Christine | None
Juliana | None
Ruth | None
Liz | None
April | None
Varisha | None
Meredith | None
Ben | None
Weston | None
Megan | None
Aileen | None
Midge | None
Michelle | None
Jordan | None
Kierstin | None
Max | None
Robert | None
Danielle | None
Oscar | None
Dave | None
Lauren | None
Stacy | None
Jay | None
Lowell | None
Riley | None
Shelby | None
Dominque | None
Anna | None
Shawna | None
Jason | None
Colin | None
Paul | None
Aatif | None
Subhi | None
Narayani | None
Kaylee | None
Sabrina | None
Miranda | None
Robert | None
Rachel | None
Katie | None
Dorothy | None
Joselyn | None
Fabiola | None
Kimberly | None
Shambhavi | None
Kristina | None
S | None
Aishwarya | None
Kylie | None
Janel | None
Andrea | None
Stephanie | None
Nicole | None
Sara | None
Shane | None
Tori | None
Rishabh | None
Jordan | None
Iva | None
Sherri | None
Jessica | None
Abhijeet | None
Stephanie | None
Jennifer | None
Sarah | None
Victoria | None
Denny | None
Brooke | None
Stephanie | None
Christina | None
Bobbi | None
Taylor | None
Tanisha | None
Crystal | None
Megan | None
Devyn | None
Hannah | None
Jennifer | None
Jitender | None
Jeremy | None
Laura | None
Shanetta | None
Vaishnavi | None
London | None
Katelyn | None
Nancy | None
Haley | None
Taylor | None
Priyam | None
Christian | None
Ford | None
Suri | None
Bryan | None
Amey | None
Karen | None
Mark | None
Tammy | None
Cynthia | None
Brenda | None
Shari | None
Gregory | None
Meg | None
Holly | None
Karen | None
Jacqueline | None
Robert | None
Erika | None
Lauren | None
Lynn | None
Tosha | None
Shubham | None
Melissa | None
Ana | None
Sky | None
Ryan | None
Chasity | None
Lynn | None
Jason | None
Flordelisa | None
Pratibha | None
KRISTINE | None
Michelle | None
Lisa | None
Nan | None
Karen | None
Colin | None
Ivan | None
amy | None
amber | None
Jasmine | None
Gina | None
William | None
Marcy | None
Christopher | None
Michael | None
Carol | None
Stacy | None
Sabrina | None
Alaya | None
Mali | None
Gordon | None
Greg | None
Sharon | None
Kelly | None
Sherri | None
Dallas | None
Janneth | None
Laurin | None
Casey | None
Lincoln | None
Stephanie | None
Bianca | None
Samantha | None
Loredana | None
Karen | None
Dan | None
Trisha | None
Rosemary | None
Ashutosh | None
Tijana | None
Brad | None
Victoria | None
Ashley | None
Michelle | None
Robert | None
Tricia | None
Gopal | None
Amber | None
Kelsey | None
Gitika | None
Tyler | None
Claudia | None
Tim | None
Julie | None
Sara | None
Kimberly | None
Carolyn | None
Melissa | None
Don | None
Alistair | None
Ashley | None
Andres | None
Kahleigh | None
Patrick | None
Brittany | None
Mara | None
Michele | None
Nicole | None
Tameara | None
Megan | None
Sarah | None
Jacquelyn | None
Justin | None
Jaye | None
Kelly | None
Zachary | None
Durga | None
Jessica | None
Morris | None
Marci | None
Ezhi | None
Taylor | None
Garrett | None
Dr. | None
Steve | None
Ketsia | None
Sheteshni | None
Samantha | None
Peter | None
Christina | None
Stephanie | None
Dijana | None
Bennet | None
Michelle | None
S | None
Laura | None
Traci | None
Vijay | None
Sabeera | None
Cortney | None
Ireland | None
Maria | None
Allison | None
Vaishnavi | None
Naveen | None
Praneet | None
Jenna | None
Bryan | None
Anne | None
Janelle | None
Lynnette | None
Fareeda | None
Corinne | None
Bethany | None
Oonagh | None
Lisa | None
Bree | None
Hannah | None
Shelby | None
Torie | None
Kathleen | None
Hadley | None
Ashley | None
Katie | None
Kate | None
Jamie | None
Anne | None
Haven | None
Diana | None
Cricket | None
Emily | None
Ashley | None
Shelly | None
Brent | None
Tracey | None
Deborah | None
Joseph | None
Elnora | None
Kim | None
Katarina | None
Sinazo | None
Amanda | None
Madison | None
Bret | None
Becca | None
Lauren | None
Amber | None
Jennifer | None
Ryan | None
Josh | None
Brittany | None
Chelsei | None
Rosanne | None
Ryan | None
Brittany | None
Kelly | None
Matthew | None
Vemury | None
Diana | None
Kacey | None
Haley | None
Patrick | None
Michael | None
Peter | None
Lindsey | None
Flavel | None
Kristen | None
Vicki | None
Sara | None
Dominique | None
Sydney | None
Karen | None
Amanda | None
Jennifer | None
April | None
Brad | None
Shamara | None
Kelsey | None
Tannasha | None
Cathy | None
Jennifer | None
Rene | None
Danielle | None
Christina | None
Sharon | None
Susanne | None
Zachary | None
Lindsay | None
Colleen | None
Robert | None
Kristin | None
William | None
Tiffany | None
Richard | None
Megan | None
Misty | None
Kalvin | None
Eddie | None
Carla | None
Tristen | None
Shawn | None
Samantha | None
Kiran | None
Ryan | None
Reem | None
Paulina | None
Nicole | None
Meghan | None
Matt | None
Mariani | None
Louie | None
Leilani | None
Lauren | None
Thomas | None
Timothy | None
caitlin | None
Lynn | None
Emmeline | None
April | None
Reina | None
Keturah | None
Joseph | None
LaMont | None
Jessica | None
Jessica | None
Joseph | None
Ulises | None
Pamela | None
Tamara | None
Kaleb | None
Dina | None
Kelvis | None
Laura | None
April | None
Karen | None
Kelly | None
Kevin | None
Kevin | None
Sara | None
Tom | None
Victor | None
Jessica | None
Kimberly | None
Kim | None
Kathleen | None
Karen | None
Melissa | None
Brooke | None
Henry | None
Samuel | None
Kira | None
Brendan | None
Amanda | None
Tonya | None
Kristen | None
Charles | None
Jay | None
Karen | None
John | None
Ariadna | None
Kym | None
Isaiah | None
Samantha | None
Jourdan | None
Brittany | None
Scarlett | None
Sarah | None
Susan | None
Kylie | None
Mohamed | None
Aimee | None
Ashley | None
Alyssa | None
Mark | None
Christina | None
Lucy | None
Joshua | None
Kerri-Ann | None
Ashley | None
Stuart | None
Danielle | None
Isabel | None
Augustine | None
Balasubramanian | None
Ashley | None
Megan | None
Sonya | None
Sonja | None
Ellen | None
Sandy | None
Jamie | None
Brent | None
Romeo | None
Katie | None
Melissa | None
Kate | None
Marie | None
Maggie | None
Reagan | None
Ryan | None
Linda | None
Shonna | None
Valerie | None
Chris | None
Mark | None
Jay | None
John | None
Susan | None
Julie | None
Liz | None
Kathy | None
Anna | None
Bill | None
William | None
Holly | None
Brooks | None
Jason | None
Jenny | None
Kerry | None
Wanda | None
Angie | None
Matt | None
Stephen | None
Jaime | None
Matthew | None
Jeremy | None
Stacy | None
James | None
Mary | None
Jay | None
Bobbi | None
June | None
Brandt | None
Lana | None
Bobbie | None
Katy | None
Michelle | None
LaShawn | None
Rebecca | None
Tony | None
Kyle | None
Collin | None
Bloise | None
Austin | None
Veronica | None
Ray | None
Robin | None
Alex | None
Piaa | None
Sarah | None
Michael | None
Cheniya | None
Anthony | None
Tammy | None
Andrew | None
Sarah | None
Kala | None
Jordan | None
Delaney | None
Danielle | None
Dani | None
Coby | None
Bennett | None
w | None
drake | None
Michael | None
Drake | None
Guy | None
Michelle | None
Sarah | None
Deborah | None
Sandy | None
Jessica | None
Vinnie | None
Todd | None
Hal | None
Bonnie | None
Grace | None
Deborah | None
Paul | None
Robert | None
Taylor | None
ashley | None
bruce | None
cheryl | None
cheryl | None
grace | None
lorraine | None
nicholas | None
nicholas | None
samantha | None
taylor | None
Katie | None
Joseph | None
John | None
Richard | None
Guy | None
Lorraine | None
Ashley | None
Grace | None
Katie | None
Taylor | None
Martin | None
Nicholas | None
Robert | None
Ryan | None
Paul | None
Tawana | None
Penny | None
Cheryl | None
Jennifer | None
John | None
Samantha | None
Malika | None
Bruce | None
Mark | None
Denzel | None
Lupe | None
Lisa | None
Robert | None
Sean | None
Adam | None
Tomasz | None
Patrick | None
Mihai | None
Georgios | None
Jerry | None
Scott | None
Alice | None
Gonzalo | None
Victor | None
Nilton | None
Michael | None
Todd | None
Carlos | None
Padma | None
Jacek | None
Noah | None
Diego | None
Adrian | None
Jheison | None
Orsolya | None
Jose | None
Jonathan | None
Adrián | None
Antonio | None
Daniel | None
Jose | None
Judith | None
Ivan | None
Irene | None
Eduardo | None
George | None
Arturo | None
Marcos | None
Borja | None
Daniel | None
Mitchell | None
Brett | None
Troy | None
Albert | None
Bill | None
Conor | None
Sowjanya | None
Inma | None
Rocio | None
Sanjana | None
Abby | None
Magali | None
Tony | None
George | None
Sumita | None
Gaddam | None
Rebecca | None
Pete | None
Crystal | None
Tiffany | None
Kelsey | None
Nick | None
Parker | None
Ashley | None
Cynthia | None
Sean | None
Rebecca | None
Kaylor | None
Iryna | None
Cammi | None
Tarique | None
Madeleine | None
Mel | None
Claudia | None
Damian | None
Nick | None
Amanda | None
Chukwuma | None
Ankita | None
Kimberly | None
Grady | None
Noah | None
Mischa | None
Scott | None
Demian | None
Damian | None
Burke | None
Zach | None
Katherine | None
Robert | None
Hana | None
Rena | None
Bruce | None
ashley | None
magda | None
magdalena | None
Oliwia | None
Scott | None
william | None
Aly | None
Elly | None
maxwell | None
Kelly | None
Dillon | None
Julie | None
Aura | None
Jarrett | None
Katherine | None
Liannah | None
Mabel | None
Alexa | None
Alexa | None
Ana | None
Mabel | None
Adam | None
Julie | None
Chris | None
Karolina | None
Ravi | None
Cristo | None
Anna | None
Robert | None
Ben | None
Bruce | None
Cammi | None
Christopher | None
Jessica | None
Aura | None
Peter | None
Sharon | None
julia | None
kalicharan | None
mike | None
Kathy | None
Joseph | None
Lisa | None
Stanley | None
Amber | None
Justin | None
Reena | None
Shane | None
Anita | None
Austin | None
Pax | None
Lou | None
Jill | None
Jordan | None
Elizabeth | None
Perla | None
Matthew | None
Cecilia | None
Marlou | None
Mark | None
Bill | None
Scott | None
Eleanor | None
Shayna | None
Debbie | None
Sparsh | None
Monika | None
Karen | None
Lauren | None
Tina | None
Alicia | None
Kathleen | None
Natalie | None
Lauren | None
Margaret | None
Judi | None
Adam | None
Nicki | None
Sherita | None
Margaret | None
Dominique | None
Eric | None
Denzel | None
Scott | None
Lauren | None
Maci | None
Chris | None
Alexis | None
Zach | None
Rachel | None
Maci | None
Eric | None
Riha | None
Stacie | None
Kelsey | None
Corey | None
Matthew | None
Syd | None
Christopher | None
Von | None
Jackie | None
Irais | None
Timo | None
Heather | None
Patti | None
Chris | None
Jordon | None
Tami | None
Roderick | None
Timothy | None
Ty | None
Ted | None
Alberto | None
Vince | None
Manu | None
Prasad | None
Landon | None
Brenda | None
Rachel | None
Jim | None
Joel | None
Jessica | None
Devon | None
Alex | None
Dave | None
Emily | None
Johnny | None
Jonah | None
Titus | None
Teresa | None
Michael | None
Natasha | None
Emily | None
Sophia | None
allison | None
Christopher | None
corina | None
Dave | None
Joseph | None
Andrew | None
Fallon | None
Stacey | None
Madeline | None
Elizabeth | None
Lori | None
Ron | None
Nate | None
Kelly | None
Meghan | None
Sean | None
Eileen | None
Paige | None
Ian | None
Nancy | None
Alex | None
Chris | None
Kumari | None
David | None
Ashley | None
Victoria | None
Lexi | None
Logan | None
Michael | None
Anusha | None
Mike | None
Deepak | None
Sukanya | None
Scott | None
Maddie | None
Taylor | None
Johnny | None
Alan | None
Dan | None
Ashnaa | None
Timur | None
Cathy | None
Corina | None
Jessica | None
Mike | None
Emma | None
Deepa | None
Theresa | None
Rachel | None
Jim | None
Stacey | None
Liam | None
Emily | None
Jess | None
Luo | None
David | None
Marc | None
Richard | None
Marcilee | None
Timothy | None
Jess | None
Brian | None
Courtney | None
Caitlin | None
Ashley | None
Lexi | None
Marie | None
Loretta | None
Leslie | None
Lisa | None
Lynette | None
Joseph | None
Linda | None
Agnes | None
Clint | None
Basam | None
Jared | None
Zachary | None
Erin | None
Christian | None
Liz | None
Tim | None
Branch | None
Adrian | None
Robin | None
Basam | None
Cathy | None
Kathy | None
Don | None
Joe | None
Andrea | None
Cassie | None
Isaac | None
Joe | None
Deborah | None
Deborah | None
Basam | None
Robin | None
Mike | None
Tod | None
Kathy | None
Adrian | None
Nkiru | None
Benjamin | None
Zachary | None
Richard | None
Jared | None
Don | None
Andrew | None
Jared | None
Tod | None
Brandon | None
Ben | None
Brad | None
Tod | None
Andrew | None
Tracey | None
Zachary | None
Basam | None
Adam | None
Ben | None
Brad | None
Jeffrey | None
Erin | None
Michael | None
Kathy | None
Carole | None
Chelsea | None
Isaac | None
Daniel | None
Cheryl | None
David | None
Erin | None
Don | None
Ellie | None
Chelsea | None
Isaac | None
Don | None
Erin | None
David | None
Ellie | None
Anna | None
Tod | None
Adrian | None
Kathy | None
Isaac | None
Joe | None
Brandon | None
Erin | None
Jared | None
Mike | None
Liz | None
Kevin | None
Don | None
Anna | None
Robin | None
Lamarr | None
John | None
Nigel | None
Bob | None
Patricia | None
Mark | None
Jaron | None
Chris | None
Alyssa | None
brian | None
Lou | None
JL | None
venkata | None
Karen | None
Robert | None
Lisa | None
Alex | None
Jessica | None
Denise | None
Vanessa | None
John | None
Mary | None
Jennifer | None
D | None
Nicole | None
Ashlee | None
Julie | None
Farielly | None
Stephanie | None
Roche | None
Nicole | None
Erin | None
Katlyn | None
Kassidy | None
Reid | None
Elizabeth | None
Ryan | None
Lisa | None
Liza | None
Jonathan | None
Sean | None
Jennifer | None
David | None
Katie | None
Loretta | None
Nadine | None
Meghan | None
Brooke | None
Jessica | None
Abbey | None
Bridget | None
Christie | None
Christopher | None
Stephanie | None
Mandy | None
Felipe | None
Keith | None
Audra | None
Rachel | None
Ashlee | None
Julie | None
Kristen | None
Asmaa | None
Christopher | None
Brandon | None
Kevin | None
Chase | None
Michael | None
Christopher | None
Preston | None
Miguel | None
Dan | None
Christy | None
Sara | None
Jason | None
Mike | None
Erinn | None
Daniel | None
Daniel | None
Danielle | None
Danielle | None
Danny | None
Danny | None
Darrell | None
Dave | None
David | None
David | None
Deborah | None
Daniel | None
Dan | None
Christopher | None
Clarence | None
Taryn | None
Destiny | None
Christie | None
Brooke | None
Brittany | None
Brittany | None
Brendan | None
Augustine | None
Andrew | None
Alyssa | None
Alyssa | None
Colette | None
Devin | None
Danielle | None
Derek | None
Tiernan | None
Valeria | None
Vinny | None
Wade | None
Wilson | None
Karina | None
Kareem | None
Nate | None
Justin | None
Justin | None
Justin | None
Justin | None
Julie | None
Joshua | None
Joshua | None
Josh | None
Joseph | None
Jonathan | None
Jonathan | None
Jon | None
Conor | None
Cory | None
Conin | None
Cristina | None
Cristina | None
Alexandra | None
Delano | None
Diana | None
Alex | None
Chuck | None
Abby | None
Chris | None
Jon | None
John | None
John | None
John | None
Jodi | None
Jesse | None
Jerry | None
Jeremy | None
Jeremy | None
Jeff | None
Jared | None
Dylan | None
Edwin | None
Eli | None
Eloa | None
Emily | None
Erica | None
Jack | None
Irina | None
Ian | None
Howard | None
Grace | None
Gary | None
Garrett | None
Frank | None
Ethan | None
Chi | None
Albert | None
Charles | None
Bruce | None
Lizzy | None
Erika | None
Christopher | None
Christine | None
Christina | None
Dominik | None
Brandon | None
Abi | None
Grace | None
Levi | None
Jon | None
Michael | None
Grant | None
Gage | None
Tyler | None
Taylor | None
Adam | None
Kishan | None
Valeria | None
Matt | None
Jamar | None
Lane | None
Dina | None
Christian | None
Dominik | None
Donna | None
Dylan | None
Caroline | None
Stevie | None
Lauren | None
Sean | None
Sarah | None
Shaun | None
Shauna | None
Sheilla | None
Shelby | None
Shiv | None
Stephen | None
Steve | None
Sydney | None
Tanisha | None
Teryn | None
Thomas | None
Tiffany | None
Tim | None
Sarah | None
Travis | None
Valerie | None
Vincent | None
Wendy | None
Weston | None
Will | None
Will | None
Zack | None
Zackery | None
Abby | None
Abigail | None
Agustin | None
Alora | None
Alyssa | None
Anya | None
Tyler | None
Sandra | None
Samantha | None
Sally | None
Mariela | None
Marissa | None
Mark | None
Mary | None
Matt | None
Matt | None
Matthew | None
Matthew | None
Meaghan | None
Mecca | None
Meghan | None
Michael | None
Michelle | None
Miranda | None
Nic | None
Nick | None
Noah | None
Ryan | None
Ryan | None
Roy | None
Ron | None
Reece | None
Rachael | None
Brad | None
Paul | None
Patrick | None
Patrick | None
Pat | None
Nyna | None
Noreen | None
Noelle | None
Patrick | None
Steven | None
Braxton | None
Carlos | None
Hailey | None
Hind | None
Hudson | None
Jaclyn | None
Jacob | None
Jacqueline | None
Jennifer | None
Joshua | None
Joshua | None
JR | None
Kaitlyn | None
Kayton | None
Kelly | None
Kevin | None
Garrett | None
Kirk | None
Kris | None
Kylie | None
Lauren | None
Lauren | None
Lee | None
Leslie | None
Louis | None
Lynne | None
Matt | None
Mackenzie | None
Grant | None
Nicholas | None
Rachelle | None
Ryan | None
Karsha | None
Gagan | None
Kate | None
Katherine | None
Caroline | None
Chris | None
Chris | None
Christina | None
Colin | None
Connor | None
Danielle | None
Danny | None
David | None
Daylen | None
Luke | None
Lucy | None
Lucas | None
Liz | None
Lindsey | None
Lindsay | None
Linda | None
Katie | None
Katie | None
Katy | None
Keith | None
Kelly | None
Kenneth | None
Brooke | None
Krisandra | None
Kumar | None
Kurt | None
Kyle | None
Kyle | None
Brooke | None
Lauren | None
Kristin | None
Brock | None
Kyle | None
Brianna | None
Trent | None
Venus | None
Vincent | None
Vinny | None
Wendy | None
Madison | None
Wade | None
Lexi | None
Michael | None
Megan | None
Madeline | None
Jim | None
Blake | None
1 | None
14 | None
19 | None
31 | None
38 | None
39 | None
41 | None
48 | None
50 | None
63 | None
Tracey | None
Tim | None
Taylor | None
Stephanie | None
Kyle | None
Liandra | None
Luke | None
Marcus | None
Max | None
Merle | None
Nicholas | None
Nick | None
Nick | None
Noreen | None
Rachael | None
71 | None
Rajeev | None
Randy | None
Rob | None
Robert | None
Samantha | None
Samuel | None
Samuel | None
Scott | None
Sean | None
Brittany | None
Slade | None
Stephanie | None
Rami | None
79 | None
Marla | None
Matt | None
Rosie | None
Taryn | None
Jason | None
Brooke | None
Mike | None
Cassie | None
Abby | None
Dre | None
Jamar | None
Ryan | None
Linda | None
Kylie | None
Mackenzie | None
Miranda | None
Gil | None
Kylie | None
Lance | None
Danielle | None
Malinda | None
Parker | None
Matt | None
Kenny | None
Kenny | None
Cameron | None
Bobby | None
Maria | None
Albert | None
John | None
Jasmine | None
Kirk | None
Adam | None
Colette | None
Steven | None
Taylor | None
Michael | None
Ryan | None
Lynne | None
Russ | None
Joe | None
Andrew | None
Joe | None
Danny | None
Nate | None
Brett | None
Luke | None
Fauster | None
Elite | None
Abi | None
Daniel | None
Clint | None
Wade | None
Kayton | None
Josh | None
Kyle | None
Shawn | None
Krista | None
Alex | None
Adrian | None
Kyle | None
Abel | None
Aaron | None
Ryan | None
Nick | None
Nate | None
Doug | None
Kylie | None
Taylor | None
Steve | None
Sean | None
Paul | None
Patrick | None
Lauren | None
Jeremy | None
Eric | None
Allyson | None
Thibaut | None
Sydney | None
Samuel | None
Ricardo | None
Alex | None
Alex | None
Alexander | None
Alexandra | None
Brian | None
Brett | None
Brennen | None
Brandon | None
Brandon | None
Bob | None
Bianca | None
Benjamin | None
Benjamin | None
Austin | None
Anthony | None
Rami | None
Anna | None
Andrew | None
Andrew | None
Andrea | None
Ana | None
Amy | None
Amber | None
Aman | None
Alyssa | None
Alison | None
Ali | None
Alexis | None
Andy | None
Nick | None
Abigail | None
Michael | None
Matt | None
John | None
Addie | None
Kyle | None
Nancy | None
Eric | None
Eric | None
Gannon | None
Garik | None
Gino | None
Greg | None
Louie | None
Hermes | None
Hunter | None
Jaison | None
Jake | None
Jonathan | None
Jordan | None
Justine | None
Kasian | None
Katherine | None
Nathan | None
Kevin | None
Kim | None
Hind | None
Amy | None
Kendall | None
Rachel | None
Joshua | None
Melanie | None
Matt | None
Matt | None
Lauren | None
Kyle | None
Kiefer | None
Kellcie | None
Jordyn | None
Jackson | None
Grant | None
Destin | None
Lynne | None
Alex | None
Adam | None
Ryley | None
John | None
Devon | None
Jacob | None
Danielle | None
Sonya | None
Bryce | None
Andrew | None
Gordon | None
Robert | None
Ashley | None
Michael | None
Renée | None
Ryan | None
Jim | None
Colleen | None
Cyber | None
Ryan | None
Jayesh | None
Joon | None
Kerri | None
Nicole | None
Taneara | None
Celina | None
Kazeliz | None
Michael | None
Gabrielle | None
Jason | None
Erica | None
Maja | None
Sudhanshu | None
Joon | None
Edward | None
Stephanie | None
Stacy | None
Michael | None
Ellen | None
Arjun | None
Jayesh | None
Kajol | None
Abhi | None
Ronak | None
Shalin | None
Ann | None
Isravel | None
Norma | None
Tetiana | None
Mayra | None
Nick | None
Manju | None
Aaron | None
Ernest | None
Abhishek | None
Shalin | None
P | None
Han | None
Rick | None
Pattie | None
Donny | None
Kellie | None
Alaa | None
Sahan | None
Jack | None
Mohammad | None
James | None
Savar | None
Joshua | None
Keenan | None
Samantha | None
Matthew | None
Jacob | None
Josiah | None
Manuel | None
Demetria | None
Kate | None
Sahan | None
Sophia | None
Raout | None
Lester | None
Kendall | None
Katie | None
Esmeralda | None
Austin | None
Andrew | None
Shai | None
Louis | None
Joshua | None
Janxim | None
Jacob | None
Ellen | None
Chandler | None
Cole | None
Jamie | None
Tanner | None
corwin | None
Chrystal | None
Sei | None
Ryan | None
Lynn | None
Andrew | None
John | None
Adam | None
Reena | None
Runa | None
Sam | None
Maddie | None
Chris | None
Anita | None
Mike | None
Dominic | None
Mark | None
Michael | None
Melena | None
Amanda | None
Matthew | None
Ellie | None
Sharon | None
Bryan | None
Patrick | None
Tom | None
Ellie | None
Gary | None
Madhu | None
Theresa | None
Jaime | None
Daniel | None
Katherine | None
Michelle | None
Kayla | None
Morgan | None
Rohan | None
Jason | None
Brianna | None
Emily | None
Lauren | None
Rob | None
Lundyn | None
Michael | None
Ryan | None
Stephen | None
Thomas | None
Tyler | None
Kellie | None
Lukas | None
Debbie | None
Arianne | None
Katie | None
Josh | None
Barbara | None
Kayla | None
Jake | None
Kate | None
Jason | None
Ali | None
Packard | None
Julie | None
Brittany | None
Larissa | None
Brittany | None
Andrea | None
Darko | None
Barbara | None
Jessica | None
Kai | None
Peter | None
Taylor | None
Rachel | None
Chris | None
Kirt | None
Esmeralda | None
Jason | None
Mark | None
Vinnie | None
Shelby | None
William | None
Mike | None
Sewell | None
Gabrielle | None
Jake | None
Bailey | None
Ilene | None
Emmy | None
Jamie | None
Jessica | None
Kayla | None
Lukas | None
Justine | None
Joseph | None
Sara | None
Casey | None
Lundyn | None
Ryan | None
Steve | None
Jonathan | None
Kate | None
Jesse | None
Hannah | None
Jessica | None
Emily | None
Ryan | None
Steven | None
Kayla | None
Matt | None
Morgan | None
Brian | None
Jessica | None
Brittany | None
Andrea | None
Sameera | None
William | None
Lundyn | None
Alan | None
Lindsay | None
Brett | None
Mark | None
Rachel | None
Mark | None
Frank | None
Yolanda | None
Anniston | None
Kirt | None
Jon | None
Siena | None
Matt | None
Gabrielle | None
Graldes | None
Steve | None
Annie | None
Jonathon | None
Jamie | None
Erik | None
Casey | None
Brianna | None
Sarhan | None
Faridoon | None
Jennifer | None
Sewell | None
Jenessa | None
Cori | None
Barbara | None
May | None
Walter | None
Ilene | None
Philip | None
Julie | None
Bailey | None
Parker | None
Kate | None
Jason | None
Kevin | None
emmy | None
jason | None
mia | None
Maggie | None
Rob | None
Shelby | None
Thomas | None
Thomas | None
Eric | None
Morgan | None
Anne | None
Cindy | None
Clow | None
Debbie | None
Greg | None
Ian | None
Jake | None
Esmeralda | None
Victoria | None
Gabrielle | None
Jason | None
Lauren | None
Kate | None
Vinnie | None
Jake | None
Kele | None
Taylor | None
Tom | None
Joshua | None
Mike | None
Kai | None
Shelby | None
Tara | None
Peter | None
Chris | None
Austin | None
Dan | None
Gracie | None
Adriene | None
Tyler | None
Anniston | None
Tracy | None
Taylor | None
Emily | None
Ellie | None
Megan | None
Sarthak | None
Priya | None
Dependra | None
Youssef | None
Sagar | None
Vinny | None
Ruthie | None
Niraj | None
Betty | None
Thomas | None
Paige | None
Kaksha | None
Dr. | None
Tamara | None
Monica | None
Sagar | None
Amy | None
Brian | None
Kaitlyn | None
Harish | None
Ravi | None
Andrew | None
Rehana | None
Addvait | None
Subhash | None
CA | None
Imran | None
Naila | None
Gayle | None
Zachary | None
Kevin | None
Kevin | None
Marc | None
Diane | None
James | None
Darryl | None
Travis | None
Brian | None
Myrna | None
Zach | None
Ivonda | None
Christian | None
Christy | None
Harrison | None
John | None
Darrell | None
Vincent | None
Teresa | None
Kim | None
Lisa | None
Megan | None
Lauren | None
Gina | None
Shanon | None
Stephanie | None
Xavier | None
Bobby | None
Desiree | None
Hannah | None
Sean | None
Charelle | None
Jason | None
DJ | None
Mallory | None
Mike | None
Minh | None
Shannon | None
Pamela | None
Allyson | None
Ashton | None
Madi | None
Shannon | None
Taqiyyah | None
Laurie | None
Angie | None
Kristen | None
Justin | None
Paige | None
Nathaniel | None
Maggie | None
Ethan | None
Kelly | None
Madeline | None
Meghan | None
Jesse | None
Conner | None
Kate | None
Joshua | None
Asia | None
Tania | None
Jennifer | None
Jayme | None
Yonah | None
Cecilia | None
Yujia | None
Dawn | None
Michelle | None
Stephen | None
Michael | None
Antony | None
Myles | None
Daniel | None
Antony | None
Alexander | None
Myles | None
Alan | None
Luis | None
Mauricio | None
Nicole | None
Rene | None
Victor | None
Luis | None
Wynn | None
Cristina | None
Daniel | None
Javier | None
Victor | None
Bianca | None
Erick | None
Adrian | None
Raul | None
César | None
Pablo | None
Christian | None
Scott | None
Ashley | None
Luis | None
Monica | None
Gustavo | None
Michael | None
Miguel | None
Robb | None
Abhinay | None
Max | None
Miguel | None
Tom | None
Ali | None
Luis | None
Vishal | None
Chuck | None
Scott | None
Miguel | None
Brenda | None
Edmundo | None
Raj | None
Eric | None
Jean-Yves | None
Chris | None
Manuel | None
Uriel | None
Prabu | None
Pablo | None
Casey | None
Kristie | None
Trish | None
Shay | None
Shane | None
Nellie | None
Mick | None
Cassidy | None
Jim | None
Jennifer | None
Emily | None
Elaine | None
Ali | None
Brittany | None
Kersten | None
Nellie | None
Nancy | None
Braden | None
Matt | None
Ann | None
Melissa | None
Lindsay | None
Kim | None
Daphne | None
Hannah | None
Leah | None
Tiffany | None
Avery | None
Mary | None
Bjorgum | None
Danielle | None
Hannah | None
Mark | None
Chelsea | None
Kimberly | None
Carter | None
Denise | None
Kim | None
Eric | None
Hunter | None
Shari | None
Ia | None
Lydia | None
Juha | None
Kathryn | None
Elaine | None
Samantha | None
Lara | None
Leah | None
Jessica | None
Matt | None
Kristie | None
Angelina | None
Grace | None
Nick | None
andrea | None
Whitney | None
Tristan | None
Lindsey | None
Kimberly | None
Kayleigh | None
Terre | None
Marcus | None
Erin | None
Bodo | None
Lexy | None
Johna | None
Tara | None
Peter | None
Cassidy | None
Laura | None
Leah | None
Andrea | None
Laurie | None
Valerie | None
Brenda | None
Mick | None
Billy | None
Teresa | None
elaine | None
Kersten | None
Susanne | None
Ia | None
Terre | None
Kimberly | None
Toni | None
Kathryn | None
Angelina | None
Kelsey | None
Laura | None
Olivia | None
Nick | None
Shane | None
Kelsey | None
Laura | None
Jim | None
Mick | None
Angelina | None
Julia | None
Lexy | None
Lydia | None
Kristie | None
Jennifer | None
Matt | None
Sophia | None
Olivia | None
Cassidy | None
Trish | None
Nancy | None
Jamie | None
Nick | None
Kristin | None
Nellie | None
Lindsay | None
Reagan | None
Kelly | None
Lydia | None
Leah | None
Laurie | None
Kersten | None
Angelina | None
Ghie | None
Nick | None
Kimberly | None
grace | None
Andrea | None
ia | None
jessica | None
kim | None
Lily | None
kristie | None
laurie | None
Hogan | None
Annika | None
Adam | None
Nancy | None
McKenna | None
laura | None
Kelsey | None
Jennifer | None
Jamie | None
teresa | None
samantha | None
lexy | None
leah | None
Trish | None
Shay | None
Darby | None
Jason | None
Bill | None
Alan | None
Siti | None
Shamil | None
Joshua | None
Symoonkabir | None
Nikolai | None
Kristine | None
Monika | None
Liana | None
Daksha | None
Siti | None
Yoshie | None
Mario | None
Yoshie | None
Tracy | None
Yenny | None
Tommie | None
Monika | None
Oryani | None
Meng | None
Brandon | None
Budi | None
Chris | None
Kimber | None
Shamil | None
Kurniawan | None
Gary | None
Yohanna | None
Alan | None
Taylor | None
Blake | None
Aleen | None
Kathleen | None
joshua | None
Nikolai | None
Kathleen | None
Ester | None
Divinan | None
Hanna | None
Akhmad | None
Joshua | None
Kimber | None
Silviana | None
Cinn | None
Nate | None
Uyaebah | None
Anwar | None
Widjaya | None
Kristine | None
Brandon | None
Gary | None
Nate | None
Agatha | None
Yenni | None
Melissa | None
Antonio | None
Anjanish | None
Natlie | None
Alex | None
Bobby | None
Sanjeeta | None
Ainars | None
Alex | None
David | None
Hope | None
Bennie | None
Daniel | None
Justin | None
Ronald | None
Jordan | None
William | None
Alfred | None
Patrick | None
Sofia | None
Bernadette | None
Justin | None
John | None
sarah | None
Sha-Sha' | None
Robin | None
Justin | None
John | None
Robert | None
Robin | None
Karl | None
Hector | None
Cameron | None
Raju | None
Andrew | None
Kelly | None
Andrew | None
Keith | None
Shana | None
Mohammed | None
Alex | None
Kelly | None
Kennedy | None
Tara | None
Ken | None
Duane | None
Rachel | None
Darin | None
Evangeline | None
Kate | None
Mychael | None
Ryan | None
Machell | None
Luis | None
Linda | None
Kennedy | None
Denniss | None
Courtney | None
Eric | None
Bethany | None
Joshua | None
vivek | None
Steven | None
Estelle | None
Terence | None
Jim | None
Matt | None
Payton | None
Tanya | None
Patrick | None
CHASE | None
Jackson | None
Kacie | None
Jasmine | None
Tony | None
Tim | None
Randy | None
Mercy | None
Leonardo | None
Jeff | None
Jodi | None
James | None
Marcus | None
Eric | None
Christina | None
Bob | None
Alexandria | None
Ricky | None
Geoffrey | None
Jaren | None
Duane | None
Andrew | None
Gregg | None
John | None
Tracy | None
Greta | None
Elyssa | None
Sandra | None
Steve | None
Tim | None
Tim | None
Hannah | None
Denice | None
Dani | None
Basil | None
Hannah | None
Kelsey | None
Alex | None
Angela | None
Jennifer | None
Denice | None
Brian | None
Sandra | None
Bill | None
Karen | None
Tammy | None
Allyson | None
Reena | None
Randi | None
Pat | None
LinkedIn | None
Kristopher | None
Karl | None
Jordan | None
Miranda | None
Ashley | None
Aza | None
Katie | None
Michael | None
Shane | None
Karl | None
Alexander | None
Miranda | None
Marc | None
Greta | None
Trevor | None
Jeremiah | None
Tugluk | None
Tim | None
Ashley | None
Clayton | None
Allyson | None
Blake | None
Mario | None
Mackenzie | None
Som | None
Isabelle | None
Diane | None
Sarah | None
Kevin | None
Lori | None
Lars | None
Monica | None
Buckner | None
Olivia | None
Susan | None
Courtney | None
John | None
Renato | None
Rich | None
Monique | None
Robert | None
Caroline | None
Dwain | None
Kim | None
Megan | None
April | None
Trista | None
Don | None
Kathryn | None
Joseph | None
Kara | None
Zara | None
Alexa | None
Erin | None
Erin | None
Andrea | None
Victoria | None
David | None
Dinorah | None
Oscar | None
Donald | None
Leanne | None
Christopher | None
Carolyn | None
Mike | None
Nicole | None
Sam | None
Marissa | None
Rob | None
Amanda | None
Kareena | None
Cathy | None
Karen | None
Stacy | None
Bill | None
Andrew | None
Diane | None
Erin | None
Tony | None
Angela | None
Edgar | None
Airene | None
Cari | None
Tedric | None
Caroline | None
DJ | None
Joan | None
John | None
Soladé | None
Carlyn | None
Jahmir | None
Amelia | None
Zachary | None
Kevin | None
Saree | None
Olivia | None
Amy | None
Martin | None
Jordana | None
Maureen | None
Sal | None
Lexis | None
Benjamin | None
Derek | None
Philip | None
Christine | None
David | None
Sarah | None
Maddie | None
Tina | None
Ally | None
Jessica | None
Lisa | None
Kate | None
Tara | None
Kristi | None
Emily | None
Katie | None
Brandon | None
Matthew | None
Michael | None
Robb | None
Courtney | None
J. | None
Samantha | None
Shelby | None
Nicholas | None
Isabelle | None
Max | None
Brianna | None
Drake | None
Elisabeth | None
Elliot | None
Emma | None
German | None
Grace | None
Haley | None
Jack | None
James | None
James | None
Jared | None
Jeremy | None
Michael | None
Jim | None
Joel | None
Joey | None
John | None
Justin | None
Kalli | None
Katherine | None
Kaylee | None
Kyle | None
Madison | None
Matt | None
Matthew | None
Matthew | None
Matthew | None
Joanna | None
Paul | None
Jeffery | None
Samantha | None
Chintan | None
Tanvi | None
Omkar | None
Liberty | None
William | None
Wendy | None
Vince | None
Shane | None
Prabhjot | None
Sean | None
Samantha | None
Ron | None
Richard | None
Rhea | None
Ratthaphon | None
Rachel | None
Patrick | None
Ojass | None
Nicholas | None
Samuel | None
Nic | None
Murali | None
Iram | None
James | None
Michael | None
Amandeep | None
Strickland | None
Robert | None
Monisha | None
Nick | None
Andrew | None
Tiwari | None
Sohil | None
Ragan | None
Shashank | None
Utkarsh | None
Uriya | None
Siddhant | None
George | None
Vivek | None
Leah | None
Omar | None
Maya | None
Vinita | None
Ryan | None
Mona | None
Michael | None
Bryan | None
Blake | None
Bernie | None
Bernard | None
Anthony | None
Andrew | None
Alan | None
Adrian | None
Abigail | None
Calvin | None
Tess | None
Brooke | None
Marge | None
Brandon | None
Vincent | None
Tommy | None
Tom | None
Tim | None
Scott | None
Sara | None
Rachel | None
Mindi | None
Chad | None
Crystal | None
Mariel | None
Lynn | None
Luz | None
Kevin | None
Karan | None
Jordan | None
Jonah | None
Jessica | None
Brian | None
Chanel | None
Jeff | None
Jack | None
Holly | None
Henry | None
Heather | None
Hardik | None
Donny | None
Derek | None
Dency | None
Debleena | None
Jasmine | None
Benjamin | None
Natalie | None
Anna | None
Taylor | None
Brian | None
David | None
Ronak | None
Naman | None
Maaz | None
Katherine | None
Theo | None
Spencer | None
Zachary | None
Vani | None
Travis | None
Susan | None
Steve | None
Stephanie | None
Sofie | None
Sloane | None
Samantha | None
Rob | None
Steven | None
Paige | None
Tami | None
Alexis | None
Rachit | None
John | None
Josh | None
Deepanshu | None
Diksha | None
Thanaboon | None
Tehani | None
Estefani | None
Jill | None
Kody | None
Andrew | None
Steve | None
Christian | None
Harsha | None
Apurva | None
Cherisse | None
Pooja | None
Ben | None
Nenetzin | None
Jay | None
Nicole | None
Matthew | None
Donald | None
Dennis | None
Darrin | None
Craig | None
Conor | None
Colin | None
Cody | None
Chantell | None
Chad | None
Cavan | None
Brian | None
Blake | None
Anosh | None
Annie | None
Alyssa | None
Alec | None
Adam | None
Dileta | None
Drew | None
Michael | None
Emily | None
Hannah | None
Matthew | None
Mary | None
Mariam | None
Macee | None
Louis | None
Lindsay | None
Lewis | None
Lauren | None
Laura | None
Kimberly | None
Justin | None
Justin | None
Josh | None
Jordan | None
John | None
Jillian | None
Jessica | None
Jesse | None
Jackson | None
Ethan | None
Agrima | None
Shahed | None
Anu | None
Nanci | None
Cassandra | None
Cailin | None
Kumar | None
Jean | None
Robson | None
Stephanie | None
Clayton | None
Scott | None
Katie | None
Pranamya | None
Jalyn | None
Aditya | None
James | None
Tim | None
Tanmay | None
Frankie | None
Michael | None
Kristin | None
Kenneth | None
Bobby | None
John | None
Amanda | None
Andrew | None
Alexander | None
Albert | None
Aidan | None
Adam | None
Mitchell | None
Ryan | None
Ivy | None
Yvonne | None
Yash | None
Brad | None
Dana | None
Farhath | None
Anthony | None
Otuo | None
Greg | None
Bahaneh | None
Ashley | None
Spencer | None
Heather | None
Andy | None
Adrian | None
Stacey | None
Mitchell | None
Kevin | None
Tim | None
Tamanna | None
Abigail | None
Karan | None
Michael | None
Mehak | None
Vikram | None
Ritik | None
Blake | None
Roy | None
Sebastian | None
Rahul | None
Kevin | None
Pavel | None
Michael | None
Amit | None
Victor | None
Ashish | None
Sandusky | None
Vikas | None
Charlie | None
Snehal | None
Kelli | None
Gary | None
Daniel | None
Olivier | None
Hailey | None
Allan | None
Kurtiss | None
Richard | None
Rebekah | None
Ankita | None
Derek | None
Cody | None
Aysa | None
Kimberly | None
Alexis | None
Kayla | None
Andrew | None
Tyler | None
Cameron | None
Jeni | None
Lourdes | None
Mario | None
Colleen | None
Jessica | None
Scott | None
Aimee | None
Helen | None
Ryan | None
Bill | None
Dave | None
Adam | None
Joannie | None
Dilek | None
Chaoyang | None
Dariusz | None
Meg | None
Jay | None
Arthur | None
Darren | None
Dan | None
Mark | None
Chaoyang | None
Dennis | None
Mark | None
Arthur | None
Jackie | None
Darren | None
Dana | None
John | None
Lloyd | None
Lance | None
Dave | None
Chaoyang | None
Veronica | None
Mark | None
Michael | None
Dennis | None
Dana | None
Erin | None
Dilek | None
Joannie | None
Arthur | None
Michael | None
Tom | None
Veronica | None
Meg | None
Veronica | None
Michael | None
Arthur | None
Lance | None
Dave | None
Jim | None
Igor | None
Frank | None
Jennifer | None
Joannie | None
Arthur | None
Dilek | None
Darren | None
Erin | None
marcia | None
Lolita | None
sara | None
Cassie | None
andrew | None
Diane | None
Jenny | None
Dawn | None
Jennifer | None
Pratik | None
Orlando | None
Denise | None
Caitlin | None
Patricia | None
Patrice | None
Mackenzie | None
Alejandra | None
Elisha | None
Gladys | None
Jordan | None
Maria | None
Nathan | None
Stephanie | None
Don | None
David | None
Krishna | None
anjin | None
Helen | None
Amie | None
Bhavani | None
Travis | None
Geof | None
Austin | None
jessie | None
kin | None
kin | None
maricel | None
Madelyn | None
Tyler | None
Kenny | None
Recruiters | None
Steve | None
Allison | None
Archie | None
Catherine | None
Deandre | None
Joseph | None
Kaylan | None
Maddy | None
Peter | None
Roger | None
Bridget | None
Barbara | None
Carolyn | None
Chris | None
Courtney | None
Dana | None
Diane | None
Jordan | None
Dana | None
kyle | None
Lori | None
Maddy | None
Mason | None
Tyler | None
Chelsea | None
Waltene | None
Kenny | None
Drew | None
Mark | None
Kelvin | None
Anh | None
Abdul | None
Charlie | None
Yogesh | None
Bob | None
THRIVENI | None
Hitendra | None
Narendra | None
Vinay | None
Nikhil | None
Tilak | None
Marcus | None
Rita | None
Jason | None
Supriya | None
Srinath | None
Lakshmi | None
Zy | None
Puran | None
Bryant | None
Rambhupalreddy | None
Supriya | None
Lakshmi | None
Alyson | None
Monica | None
Puran | None
Mitchell | None
Shradha | None
Pooja | None
Mitchell | None
Lakshmi | None
Gautam | None
Devendra | None
Dharini | None
Gautam | None
Surender | None
Mike | None
K | None
Jason | None
Devendra | None
KR | None
Gautam | None
Gabrielle | None
Devendra | None
HAREESH | None
Yugandhara | None
Rita | None
Nalini | None
Bob | None
Timothy | None
Preethi | None
Supriya | None
Gabrielle | None
Zy | None
Bryant | None
Nima | None
Vivek | None
Marcus | None
Vinita | None
Vaibhaosingh | None
Talal | None
Tatiana | None
Priyanka | None
Lakshmi | None
Sathiya | None
Kakali | None
Vasuki | None
Chandra | None
Fareed | None
Hajeera | None
Vitaly | None
Archi | None
Debra | None
Michelle | None
Patrick | None
Olga | None
Suzanne | None
Abby | None
Lawrence | None
James | None
Steve | None
Adele | None
Pamela | None
Abby | None
DSA | None
Jamie | None
Marie | None
Abraham | None
Richard | None
Jared | None
Kim | None
bradford | None
Phil | None
Jorge | None
Phillip | None
Susan | None
Tom | None
Jeff | None
Carla | None
Andrea | None
Camren | None
Courtney | None
Melissa | None
Zalmai | None
Christine | None
Frank | None
Tony | None
Jaime | None
Wayne | None
Ashley | None
Evan | None
Cherry | None
Christian | None
Michelle | None
Jacob | None
Jeffrey | None
Kerry | None
Pete | None
Jesse | None
Melissa | None
Chris | None
Jane | None
Jennifer | None
Andre | None
Connor | None
Cherry | None
Eddie | None
Josiah | None
Kimberly | None
Brian | None
Bob | None
Andrew | None
Steven | None
Nicholas | None
John | None
Parita | None
Rahim | None
John | None
Julia | None
Madison | None
Jethro | None
Noah | None
Alex | None
Kiley | None
Jillian | None
Jack | None
Sydney | None
Eimantas | None
Haley | None
Yacine | None
Nils | None
Ayden | None
Christy | None
Tommy | None
Jim | None
Julia | None
Barrington | None
Guillermo | None
Emily | None
Garrett | None
Emily | None
Katherine | None
Sarah | None
Noah | None
Dean | None
Om | None
Mohd | None
Kylin | None
Dsmh | None
Dev | None
Biobelemo | None
Arqam | None
Thomas | None
Natalia | None
Christian | None
Olivia | None
Russell | None
Ian | None
Nicolas | None
Morgana | None
Kathy | None
Leo | None
Gaspar | None
Rachel | None
saurav | None
Oleksandr | None
Emily | None
Annika | None
Dean | None
Freddie | None
Ian | None
Izzy | None
James | None
Jude | None
Jude | None
Marco | None
Matt | None
Michal | None
Robin | None
Tiffany | None
Tomas | None
William | None
FLORIAN | None
Rory | None
Danny | None
Erin | None
Carlin | None
Raven | None
John | None
Dianna | None
George | None
Neeraj | None
Christine | None
Vincent | None
Bill | None
Maria | None
Rich | None
John | None
Kevin | None
Brian | None
Mittal | None
Geri | None
Albert | None
Michelle | None
Christopher | None
Carolyn | None
Tracy | None
Christine | None
Vinothroy | None
William | None
Daniel | None
Damien | None
David | None
Anece | None
Bill | None
Christine | None
Gabrielle | None
Savannah | None
Vincent | None
Terence | None
Geoff | None
John | None
Rich | None
Ron | None
John | None
Vincent | None
Neeraj | None
Ronald | None
Vinothroy | None
Jacob | None
Kelly | None
Maria | None
Rachel | None
Ruman | None
Abbey | None
Albert | None
Maria | None
John | None
Bill | None
Maria | None
John | None
Albert | None
Daniel | None
George | None
John | None
Dianna | None
Mary | None
Kadrian | None
Justin | None
Carlin | None
Kevin | None
George | None
Christine | None
Carlin | None
Carolyn | None
Tracy | None
John | None
Neeraj | None
Dianna | None
Mittal | None
Vinothroy | None
Dylan | None
Denis | None
Britt | None
Darci | None
Cameron | None
Sean | None
Ernesto | None
Christina | None
Trevor | None
Alberto | None
Stephanie | None
Tyler | None
Lakshmi | None
Harry | None
Dave | None
Vikrant | None
Lynn | None
Shamesa | None
Ascela | None
Monica | None
Jon | None
Subramanian | None
Geana | None
Raviganesh | None
Pamela | None
Randi | None
Zayne | None
Jojin | None
Saundra | None
Ann | None
Erik | None
Ann-Marie | None
Michael | None
Misty | None
ANUSHA | None
Amalan | None
Antonece | None
Vamsi | None
Preet | None
Barbi | None
Shivani | None
Kim | None
Mamatha | None
Lynda | None
Shantelle | None
David | None
Jennifer | None
Aidas | None
Christine | None
Arnaldo | None
Gladys | None
Rajany | None
Hamdu | None
Amy | None
Trninic | None
Aaron | None
Tracy | None
Alisha | None
Marc | None
LauraLee | None
Monica | None
Haley | None
Jennifer | None
Inna | None
Daniel | None
Srividya | None
Tonya | None
Michael | None
Janaye | None
Christopher | None
Chèree | None
Kate | None
Laura | None
Elena | None
Jennifer | None
Viswanath | None
Kara | None
Melnik | None
Norton | None
Calabrese | None
Patrycja | None
Anguiano | None
Sarfaraz | None
Javier | None
Destiny | None
Melanie | None
Dan | None
Meghan | None
AmarnathReddy | None
Kahina | None
Akshatha | None
Russell | None
Chris | None
Brookelynn | None
Pavlo | None
Chris | None
Anthony | None
Jeanette | None
Maria | None
Danielle | None
Stephen | None
Alexis | None
Gina | None
TEJAS | None
Jason | None
Renata | None
Pulak | None
Danielle | None
Todd | None
Felicia | None
Susan | None
Devendra | None
Keith | None
Larry | None
Cheryl | None
Andrew | None
Jennifer | None
Genevive | None
Medha | None
Amanda | None
Rajany | None
Tina | None
Kimberly | None
Revathi | None
Antonio | None
Shaun | None
Rituparna | None
Santosh | None
Robin | None
Girish | None
Catherine | None
Cindy | None
Niyara | None
Gary | None
Kathy | None
Lilia | None
Shelly | None
Victoria | None
Hariny | None
Parker | None
Jason | None
Kristin | None
Seonghoon | None
Tara | None
Swaminathan | None
Suriyanarayanan | None
Roy | None
Lekisha | None
Noreen | None
Lauralee | None
Leda | None
Quynhlynnette | None
Raven | None
Rosa | None
Kelly | None
Mario | None
Lisa | None
Andrea | None
Bobby | None
Keivan | None
Craig | None
Jenny | None
Sherry | None
Atif | None
Alisa | None
Snizhana | None
Bo | None
Michelle | None
Daniel | None
David | None
Todd | None
Adam | None
Dave | None
Nitu | None
Ronald | None
Cuitlahuac | None
Alinson | None
Marc | None
Teresa | None
Jillyn | None
Christopher | None
Prabhakaran | None
Liz | None
Jessica | None
Ira | None
Christian | None
Pamela | None
Santosh | None
Madelin | None
TOQUILLA | None
Susan | None
Norma | None
Brett | None
Nagesh | None
Srividya | None
Peter | None
Yana | None
Paul | None
Dewayne | None
Lee | None
Alison | None
Bradley | None
VENU | None
Sherri | None
Charles | None
Viktoriia | None
Gregg | None
Raymond | None
Abby | None
Alex | None
Edward | None
Martha | None
Debbie | None
Nancy | None
Swapna | None
Olu | None
Chris | None
Mike | None
Jeff | None
Aaron | None
Steve | None
Leda | None
Jessica | None
Toshaya | None
Renee | None
Stacey | None
Melinda | None
Ken | None
Michele | None
Julie | None
Scott | None
Sai | None
Diane | None
Diane | None
Joseph | None
Stephanie | None
Jamie | None
Nancy | None
Dawn | None
Kristen | None
Brandie | None
Lisa | None
Sushil | None
David | None
Detasha | None
Ria | None
Leda | None
Toni | None
Lorie | None
Kenon | None
Michelle | None
Christina | None
Paul | None
Caroline | None
Mary | None
Nicole | None
Tamika | None
Meeta | None
Venkat | None
Arnab | None
Bert | None
Colleen | None
Vishu | None
ARNALDO | None
C. | None
Nancy | None
Brookelynn | None
Darlene | None
Andre | None
Sha’Rayveone | None
Janice | None
Ruslana | None
Rituparna | None
Manish | None
Joseph | None
Randall | None
Addie | None
Tawanda | None
Rudy | None
Stephanie | None
Daliah | None
Trisha | None
Sheradene | None
Pa | None
June | None
Stacie | None
Sunil | None
Kateryna | None
Alina | None
Daniel | None
Janaye | None
Tanisha | None
Annie | None
Fiona | None
Solinda | None
Patricia | None
Santosh | None
LauraLee | None
Lea | None
Cornelia | None
Deepika | None
Renee | None
Linda | None
Thersia | None
Michael | None
Raymond | None
Jolene | None
Sai | None
Darren | None
Bryan | None
Katrina | None
Laurie | None
Rachel | None
Jorge | None
Scott | None
Heidi | None
Devie | None
Connie | None
Sijesh | None
Daniel | None
Rama | None
Naidu | None
Paul | None
Cindy | None
Nataliia | None
Gloria | None
Dare | None
Mary | None
Lakshmanan | None
Alisha | None
Julie | None
Jackie | None
Tejaswini | None
Meeta | None
Janelle | None
Erika | None
Hassan | None
Dennis | None
Susan | None
Zachary | None
Tonya | None
Adish | None
Patricia | None
Devie | None
Luxoft | None
Melaine | None
Vanessa | None
Tabitha | None
Sarah | None
Sade | None
Rayden | None
Marcia | None
Kyle | None
Kyle | None
Kelli | None
Kathryn | None
Karen | None
Joe | None
Kari | None
Jason | None
Marc | None
Mendel | None
Carden | None
Alexzander | None
Jimmy | None
April | None
Colleen | None
Colleen | None
Fran | None
Freddy | None
Jason | None
Ciara | None
Spencer | None
Team | None
Lise | None
Spencer | None
Spencer | None
Lise' | None
Jim | None
Andres | None
Steve | None
Rechel | None
Patrick | None
Laura | None
Regina | None
Amanda | None
Devon | None
Angela | None
Cathy | None
Angela | None
Helen | None
Jim | None
Tiffany | None
Alli | None
Camille | None
Megan | None
Ann | None
Valerie | None
Kayleigh | None
Eric | None
Tristan | None
Erin | None
Marcus | None
Melissa | None
Amy | None
Billy | None
Christina | None
Renelle | None
Joe | None
Ruby | None
Carly | None
Collin | None
Glen | None
Nikki | None
Rajashekar | None
Scott | None
Viola | None
Amy | None
Nate | None
Nikki | None
Carly | None
Michaela | None
Jessica | None
Paige | None
Louis | None
Joanne | None
Elizabeth | None
Ryannon | None
Rajashekar | None
Scott | None
Collin | None
lauren | None
collin | None
Kayla | None
Lisa | None
Hemali | None
Sarah | None
Jamie | None
Sloane | None
Paige | None
Emma | None
Lukas Denis | None
Aditi S | None
Vincenzo Kulturides | None
Mason Spence | None
Chris Nappi | None
Prince Mishra | None
Deborah | None
Christyn | None
Jackson | None
Kyle | None
Dean | None
TJ | None
Naveen | None
Angela | None
Lucas | None
Joseph | None
Lydia | None
Jane | None
Westly | None
Ellie | None
Brian | None
Deepak | None
Kenneth | None
Reed | None
Alexandra | None
Howie | None
Mark | None
Chuck | None
Rob | None
Shawn | None
Tim | None
Hali | None
Earl | None
Kelly | None
Olivia | None
Peter | None
Kirti | None
Ivana | None
Damco | None
Diane | None
Arn | None
Lynder | None
Edward | None
Sam | None
Megan | None
Harry | None
Charlie | None
Ymkje | None
Surega | None
Sarah | None
Rhys | None
Reda | None
Rayia | None
Nezar | None
Mohru | None
Marre | None
Maddison | None
Luke | None
Jo | None
James | None
Jamie | None
Adam | None
Manuel | None
Tommy | None
Alfie | None
Karel | None
Derk | None
Febraneila | None
Harry | None
Hector | None
James | None
Anthony | None
Rodney | None
Shandean | None
Nanette | None
Kirsten | None
Geeta | None
Alison | None
Newton | None
Mauricio | None
Shamsudeen | None
Carl | None
Shikhar | None
Vinit | None
Ann | None
Ruchik | None
Max | None
Jeffrey | None
Madalyn | None
vikram | None
Terrance | None
William | None
Robert | None
Chad | None
Sheryl | None
Howard | None
Carla | None
Heather | None
Frederick | None
cindy | None
holly | None
Akanksha | None
Kameswaran | None
Manas | None
Clark | None
Scott | None
Jim | None
Sagar | None
Dana | None
Joshua | None
Arthur | None
Sara | None
Michael | None
Michelle | None
Joshy | None
Jacquelyn | None
David | None
Toby | None
Abby | None
Nick | None
Colin | None
Shelley | None
Michael | None
Tyler | None
Vishal | None
Matt | None
Katie | None
Ian | None
Jennifer | None
Geofry | None
Joseph | None
Christina | None
Gary | None
Sheetal | None
Danita | None
Sheetal | None
Don | None
Danita | None
Christina | None
Cody | None
Don | None
Gary | None
Don | None
David | None
Danita | None
Cody | None
Christina | None
Cody | None
Sheetal | None
Shilpa | None
Elliott | None
Rachel | None
Sharon | None
Sarang | None
Alisha | None
Andrew | None
Chad | None
Meena | None
Uday | None
Madhukar | None
Suzanne | None
Cindy | None
Sai | None
Surya | None
Mohammed | None
Yash | None
Vijay | None
Manoj | None
Saketh | None
Ayub | None
Avinash | None
Naresh | None
Luuk | None
Veera | None
Suzy | None
Jason | None
Sary | None
Susan | None
Bryan | None
Jeffrey | None
Debbie | None
Aleksei | None
Raymond | None
Paula | None
Cindy | None
Dana | None
Corinne | None
david | None
Stacey | None
Stacey | None
Christy | None
Christy | None
Debbie | None
Megan | None
Somedeb | None
Katarina | None
Kajunia | None
Priti | None
Kajal | None
Rajeev | None
W | None
Zeerak | None
Craig | None
Kristyn | None
Ryan | None
Ankita | None
Adam | None
Mari | None
Paul | None
Rekha | None
Scott | None
Aditya | None
nagesh | None
harshith | None
Holly | None
Priyanka | None
Chanee | None
Cathy | None
Katie | None
Charlotte | None
Benjamin | None
Kevin | None
Brandon | None
Justin | None
Bill | None
Alan | None
Stacy | None
Bryen | None
Alexandria | None
Sweta | None
Alexandria | None
Sara | None
Jamie | None
Dorothy | None
Wesley | None
Rosy | None
Justin | None
Udita | None
Rosy | None
Belynda | None
Linda | None
Kimberly | None
Lloyd | None
Kimberly | None
Kim | None
Amy | None
Bill | None
Rob | None
Linda | None
Justin | None
alan | None
linda | None
Lynn | None
Brittany | None
Ibitola | None
Keith | None
Larry | None
Alexandria | None
Meciah | None
rob | None
Cory | None
Bryen | None
Jamie | None
Linda | None
Dorothy | None
Rosy | None
Rob | None
Belynda | None
Samantha | None
Neville | None
Samantha | None
Andrew | None
Samantha | None
Keeshyah | None
Greyson | None
Dennis | None
Robert | None
Mark | None
Cory | None
Keith | None
Samantha | None
Mariska | None
Dorothy | None
Jacob | None
Bill | None
Belynda | None
Vivian | None
Michelle | None
Jamie | None
Samantha | None
Sara | None
Lisa | None
Ralph | None
Glynda | None
Neville | None
Glynda | None
Dennis | None
Colston | None
Rita | None
Jacob | None
Stacy | None
Randall | None
Alexander | None
Robert | None
Vikki | None
Rob | None
Mark | None
Robert | None
Rob | None
Shante | None
Keith | None
robino | None
Kelvin | None
Stella | None
Melissa | None
Andre | None
Danielle | None
Dean | None
Kanan | None
Ryan | None
Kyle | None
Steve | None
Stacie | None
Ralph | None
Julie | None
Vaibhav | None
Stefanie | None
Stefanie | None
Stefanie | None
Lynn | None
Juliette | None
Frantz | None
Dan | None
Christopher | None
Erica | None
Selva | None
Regina | None
Lynn | None
John | None
Dan | None
Jackie | None
Rakesh | None
Dheeraj | None
Vinod | None
Teja | None
sugantha | None
Selva | None
Scott | None
Regina | None
Priya | None
Prasad | None
Maharasi | None
Lynn | None
Juliette | None
Colin | None
Arun | None
Abhishek | None
Frantz | None
Scott | None
Elliot | None
Latha | None
Anthony | None
Joseph | None
Monaliza | None
Denny | None
Devisshri | None
Vishnu | None
Chitra | None
Vinod | None
Dheeraj | None
Arun | None
VIVEK | None
Gaurav | None
Gisela | None
Priya | None
RAKESH | None
Velan | None
Jegatheeswaran | None
Selva | None
GIRI | None
Jeff | None
Frantz | None
Jackie | None
Sharon | None
Sadie | None
Saudamini | None
Mary | None
David | None
Cheryl | None
sugantha | None
Abhishek | None
Vivek | None
Juliette | None
James | None
Douglas | None
David | None
Darcy | None
Chase | None
Riccardo | None
Apollo | None
Yosief | None
Julian | None
Kylin | None
Manju | None
Olanrewaju | None
Chris | None
Sophia | None
Jennelle | None
Jonathan | None
Chelsea | None
Rush | None
Joe | None
Seema | None
Michaela | None
Tom | None
Kimberly | None
Brian | None
Mary | None
Ross | None
Nicole | None
Ronald | None
Kristie | None
Jenna | None
Mary | None
marc | None
rafael | None
ryan | None
sarah | None
sean | None
tony | None
william | None
Jordan | None
Victoria | None
Abby | None
Steve | None
Brad | None
Steffanny | None
Shatoria | None
Dalton | None
Nita | None
Ezra | None
Jody | None
linda | None
Samantha | None
Pippa | None
john | None
grace | None
Tamarra | None
Hailey | None
danica | None
Olivia | None
Lindsey | None
Alex | None
Katrina | None
Jessica | None
Laurie | None
Brittany | None
Erin | None
Grace | None
Becky | None
Allison | None
alaina | None
Brittany | None
Philip | None
Grace | None
Brittany | None
LeAndra | None
Melanie | None
Taylor | None
Alex | None
Steve | None
Megan | None
Shane | None
Richard | None
Queenie | None
Pierce | None
Misty | None
Dayte | None
Alvin | None
Cecelia | None
Brandy | None
Bianca | None
Aaron | None
Erin | None
Suhas | None
David | None
Ty | None
Stacy | None
Raju | None
Scott | None
Mark | None
Vinnie | None
Lauren | None
Jake | None
Andrew | None
Libbie | None
Meg | None
Roberto | None
Daniel | None
Meagan | None
Marty | None
Lindsey | None
Peyton | None
Mark | None
Guy | None
Tait | None
Danielle | None
Corinne | None
Mohith | None
Katelyn | None
Jaden | None
Rose | None
Adam | None
Erin | None
Claudine | None
Angelina | None
Nathalie | None
Lauryn | None
Josie | None
Tony | None
Lucas | None
Jessica | None
Natalie | None
Kristin | None
Katy | None
Jake | None
Kimberly | None
Tai | None
Lisa | None
Sonia | None
Vicky | None
LaQuise | None
Garrett | None
Olivia | None
Joey | None
Diva | None
Justin | None
Ray | None
Shawn | None
Mallory | None
Garrett | None
Jamie | None
Morgan | None
Sarah | None
Michael | None
Debby | None
Michael | None
Isabella | None
Colin | None
Tayla | None
Brooke | None
Jason | None
Maylin | None
Mike | None
Amy | None
Joseph | None
Mike | None
Lauren | None
Gilad | None
Andy | None
Ryan | None
Jacqueline | None
David | None
Tonya | None
Lyn | None
Bart | None
Michelle | None
Kathryn | None
Nagarathna | None
Michael | None
Lindsey | None
Lindsay | None
Karen | None
Melody | None
Rick | None
Emily | None
Paige | None
Brandon | None
Rustie | None
Tenaya | None
Jackie | None
Hetal | None
Jill | None
Elle | None
Josh | None
Christi | None
Sara | None
Scott | None
Nicolette | None
Charlotte | None
Michael | None
Hellen | None
Elizabeth | None
Payal | None
Jackie | None
Kiana | None
Richie | None
Tiffany | None
Nelly | None
Qian | None
Don | None
Jennifer | None
Bailey | None
Felicia | None
Kathleen | None
Holly | None
Mohammed | None
Nazima | None
Darren | None
Matthew | None
Srinivas | None
Nayeem | None
Richa | None
Nathan | None
Asim | None
Abraham | None
Mohd | None
Afshan | None
Ramesh | None
Shannon | None
Richard | None
Manpreet | None
Rajesh | None
Daryn | None
Jay | None
Anurag | None
Sirisha | None
Taniya | None
VK | None
Jacqueline | None
Raj | None
Chandra | None
Michelle | None
Sekar | None
Jay | None
Steven | None
Abuzer | None
Sanjana | None
Pooja | None
Laura | None
Rucha | None
Steven | None
Gretchen | None
Brent | None
Mark | None
Erwann | None
Gretchen | None
Jacqueline | None
Michelle | None
Nila | None
Sunil | None
Yogalakshmi | None
Sowjanya | None
Amisha | None
Vidya | None
Deepa | None
Reeti | None
Manoj | None
Smruti | None
Janani | None
Uma | None
Anna | None
Susan | None
David | None
Susan | None
John | None
Andrew | None
Jay | None
Rex | None
Anuradha | None
Joshua | None
Jenish | None
Alejandra | None
Nataly | None
Ashlee | None
Syeda | None
Michael | None
Thyagaraju | None
Eric | None
Jenish | None
Kate | None
Kia | None
Patty | None
Joshua | None
Anthony | None
Camille | None
Russ | None
thyagaraju | None
Patty | None
ashlee | None
joshua | None
michael | None
Rebaz | None
Shila | None
San | None
Parveen | None
Mark | None
Georgina | None
Andy | None
Alex | None
Sam | None
James | None
Jonathan | None
Samuel | None
Paige | None
Paddy | None
Nathan | None
Hayley | None
Harry | None
Anthony | None
Harry | None
Helen | None
Marita | None
Helena | None
Chris | None
David | None
Kevin | None
Charla | None
David | None
Andrea | None
Walesca | None
Ricardo | None
Emerson | None
Kyle | None
Douglas | None
Tim | None
Maggie | None
Emerson | None
Brian | None
Andrea | None
Sandi | None
David | None
Ricardo | None
Kyle | None
Rosemary | None
Peter | None
Joe | None
Bryson | None
Sanjay | None
Nitin | None
Manish | None
Lindsay | None
Heidi | None
Arseniy | None
David | None
Brian | None
Barc | None
Warren | None
Tony | None
Vivian | None
Daniel | None
Joshua | None
Michael | None
Denise | None
Yehuda | None
Latina | None
Cheryl | None
Emma | None
Terri | None
Kimberly | None
Rahul | None
Elizabeth | None
Nipa | None
Tiana | None
Winston | None
Ophelia | None
Sheldon | None
Novelle | None
Tim | None
Garth | None
Darrin | None
Elizabeth | None
Edward | None
Winston | None
Antonio | None
Denise | None
Kawika | None
Victor | None
Eric | None
Roberto | None
Robert | None
lavonne | None
Tiana | None
David | None
Jennifer | None
Tsubasa | None
Danielle | None
Barbara | None
Jennifer | None
Harvest | None
Elizabeth | None
Ozma | None
Britney | None
Aaron | None
Kristina | None
Shenida | None
Erica | None
Shelley | None
Trevor | None
Allyson | None
Craig | None
Joy | None
Kim | None
Laura | None
Matthew | None
Shelli | None
Casper | None
Ferrer | None
Ilya | None
Hadley | None
David | None
Courtney | None
Colbi | None
Christy | None
Britni | None
Brian | None
Bethany | None
Benjamin | None
Asif | None
Angela | None
Amber | None
Justin | None
Sarah | None
Amy | None
Jinah | None
Liza | None
Lori | None
Ami | None
Diana | None
Jenna | None
Trisha | None
Leigh | None
Paige | None
Jessica | None
Steven | None
Samantha | None
Annyssa | None
Sara | None
Stephanie | None
Lara | None
Anna | None
Maheshika | None
Matthew | None
Galand | None
Karen | None
Laurie | None
Luke | None
Taylor | None
Mickey | None
Leah | None
Cory | None
Angela | None
Nora | None
Rebecca | None
Ali | None
Nandini | None
Katelyn | None
Angela | None
Jessica | None
Julia | None
Joe | None
Parkes | None
Nico | None
Elaine | None
Nikolena | None
Angela | None
Dawn | None
Quinn | None
Sharie | None
Robert | None
Marissa | None
Marc | None
Loralee | None
Kelly | None
John | None
Samuel | None
Kelly | None
Melanie | None
Carly | None
Taylor | None
Despina | None
Chris | None
Daisy | None
Priya | None
Renzo | None
Kim | None
Jessica | None
Kit | None
Sydney | None
Catherine | None
Raina | None
Racquelle | None
Chris | None
Kimberlyn | None
Ariana | None
Christian | None
Colin | None
Martina | None
Jose | None
Meg | None
Joseph | None
Jonathan | None
Nikhil | None
Jeremy | None
Savannah | None
Fin | None
Krystle | None
Allen | None
Martina | None
Robert | None
Greg | None
Maryanne | None
Patrick | None
Greg | None
Sean | None
Georgia | None
Stephen | None
Samantha | None
Alex | None
Rob | None
Peter | None
Jesse | None
Chloe | None
Brian | None
Brad | None
Rich | None
Randy | None
Megan | None
Peter | None
Stella | None
Zachary | None
Rob | None
ashlyn | None
catie | None
jignesh | None
Michael | None
joseph | None
tapasya | None
AJ | None
Colleen | None
Irene | None
Knowledge | None
megan | None
Miro | None
Craig | None
Masih | None
Luis | None
Alisa | None
Sadaf | None
Nancy | None
Vanessa | None
Donya | None
Dane | None
Lejla | None
Shelly | None
Kimberly | None
Trish | None
Chloe | None
Mustafa | None
Tyrone | None
Signe | None
Deborah | None
Marcel | None
Alba | None
Allison | None
Lawson | None
Sydney | None
Kim | None
Tomi | None
Emily | None
Cindy | None
Karina | None
Don | None
Melissa | None
Christian | None
Jarah | None
Allison | None
Beth | None
Grace | None
Joshlyn | None
Kierstynn | None
Lauren | None
Marco | None
Dana | None
Tommy | None
Tracy | None
Jessica | None
hana | None
Christyn | None
John | None
Jason | None
Brad | None
Brian | None
Nancy | None
Jordan | None
Kevin | None
Kyle | None
Natalie | None
Rob | None
Shanna | None
Tom | None
Jeff | None
Dan | None
Brandon | None
Collette | None
Christine | None
Dianne | None
Caitlin | None
Brendan | None
Brian | None
Christiana | None
Vanessa | None
Lynnette | None
Tonya | None
India | None
Ayanna | None
Janice | None
Jay | None
Jim | None
Josue | None
Kate | None
Kelly | None
Kevin | None
Kristin | None
Lamont | None
Lisa | None
Liz | None
Tremayne | None
Michael | None
Nefertari | None
Nova | None
Paola | None
Rasheda | None
Rez | None
s. | None
Samantha | None
Scott | None
Shaneisha | None
Sheri | None
Syreece | None
Tair | None
Thelma | None
Naiomy | None
Jose | None
Anastaisa | None
Alex | None
Giovanna | None
Allison | None
Eidayya | None
Amanda | None
Adriana | None
Scott | None
Roberto | None
Lukas | None
Kim Brennan | None
Val Volnykh | None
Dino Tinajero | None
Maggie Doetsch | None
Skylar Kix | None
Scoty Griffin | None
Tom Monroe | None
Terry Daley | None
Jacob Thomas | None
Tracy Kleinschmidt | None
Frank Porco | None
Joe Mandato | None
David Vindiola | None
David Cade | None
Nina Wade | None
Maria Pinon | None
Gil McKee | None
Rasa Nikpour | None
Estee Carlson | None
William Mahoney | None
Samantha Whetstone | None
Eric Arney | None
Erin Alexander | None
Darrel Craig | None
R. James Brownlow | None
Bob Bullman | None
John Koontz | None
Marseyas Fernandez | None
Stacie Robertson | None
Mark Goedde | None
Julie Morrison | None
Patrick Callahan | None
Neil Snow | None
Stanley Cohen | None
Mirek Cieslak | None
Doug Hahn | None
Dawn Perry | None
David MacGrandle | None
Carin Wagner | None
Marce Ahrenberg | None
Amy Katz | None
Thomas Besse | None
Chris Diffey | None
Allan Mulvin | None
Steve Colgrove | None
Steve Christenson | None
Jeremy Stock | None
Dawn Huth | None
Christie Metzler | None
Jeff Lohberg | None
Betsy Pope | None
Suzanne | None
Terri | None
Tracye | None
Kevin | None
Adele | None
King | None
Ayessata | None
Amanda | None
Stephen | None
Kathy | None
Tonya | None
Josh | None
Nellson | None
Rahima | None
Nellson | None
Kaylyn | None
Michael | None
Md | None
Patrick | None
Laura | None
Deanna | None
Tonya | None
Michael | None
Kathy | None
Deanna | None
Ariana | None
amy | None
christi | None
gabriella | None
monica | None
Mason | None
Isabella | None
Jude | None
Bruce | None
Sean | None
Stefani | None
Brian | None
Roy | None
Ateshia | None
Matt | None
Matt | None
James | None
Olivia | None
Colin | None
Taylor | None
Chantell | None
Chad | None
Ross | None
Lauren | None
Sara | None
Samuel | None
Kyle | None
Martin | None
Andrea | None
Conor | None
Austin | None
Vivian | None
Jason | None
Michael | None
Anthony | None
DeLana | None
Kandace | None
Bethany | None
Miguel | None
Julie | None
Kyle | None
Joe | None
Bryanna | None
Dawn | None
Carrie | None
Zackery | None
Ryan | None
Daniel | None
Julia | None
Jacob | None
Jillian | None
Kaitlyn | None
Lewis | None
Macee | None
Madelyne | None
Maharaja | None
Meaghan | None
Monisha | None
Mrunal | None
Jaimin | None
Nickolas | None
Ritesh | None
Shivani | None
Siri | None
Sloane | None
Spencer | None
Suneel | None
Tarun | None
Taylar | None
Taylor | None
Piyal | None
Tyler | None
Jacob | None
Hayden | None
ben | None
jason | None
jocelyn | None
kanen | None
kham | None
mickey | None
mike | None
scott | None
Ainise | None
Ishika | None
AJAY | None
Alice | None
Ashley | None
Canaan | None
Catherine | None
Chad | None
Charlie | None
Christian | None
Ganapathi | None
Geoffrey | None
Akash | None
German | None
Greg | None
James | None
Jaydeep | None
Michael | None
Jacob | None
Quasain | None
Ethan | None
Michael | None
Hayley | None
Deepali | None
Kellie | None
Abhijeet | None
Georgia | None
Michael | None
Scott | None
Trivedi | None
Spinner | None
Michael | None
Seerat | None
Renee | None
Ian | None
Ana | None
Agrima | None
Kami | None
Megan | None
Ashley | None
Jamison | None
Jan | None
Jeffrey | None
Jeffrey | None
John | None
Kenneth | None
Kristin | None
Leo | None
Matt | None
Pooja | None
Rajiv | None
Stephanie | None
Vishal | None
Prakhar | None
Ali | None
Tara | None
Vincent | None
Amarjeet | None
Jessica | None
Sabrina | None
Nick | None
andrew | None
Duane | None
Cecilia | None
Lindsay | None
Mandy | None
Lexi | None
Jordyn | None
Margo | None
Jaime | None
Kelly | None
Josh | None
Almira | None
Jenn | None
Janet | None
Nicholas | None
Skeet | None
Logan | None
Jenelle | None
Lexi | None
Kevin | None
Taylor | None
Jack | None
Grant | None
Ed | None
Bruce | None
Alice | None
Max | None
Anthony | None
David | None
Ryan | None
Michael | None
Justin | None
Joshua | None
Anthony | None
Cody | None
Eric | None
Taylor | None
Matt | None
Sierra | None
Courtney | None
Alex | None
Avery | None
John | None
Carston | None
Abby | None
Jake | None
Michelle | None
Jake | None
Alec | None
Janee | None
Joshua | None
Cody | None
Evan | None
Brian | None
Sam | None
Liberty | None
Alexandra | None
Ken | None
John | None
Amanda | None
Arthur | None
Daphne | None
Peter | None
Madeleine | None
Charlemagne | None
Bryan | None
Luke | None
Ashley | None
DeAnna | None
Dan | None
Ashley | None
Nicole | None
David | None
Tehani | None
Brian | None
Catherine | None
Tara | None
Serina | None
Mackenzie | None
Michael | None
Mark | None
Andrew | None
Maclane | None
Tracy | None
Tanner | None
Randy | None
Rene | None
Amber | None
Gregory | None
Michael | None
Cherisse | None
Georgia | None
Joseph | None
Katie | None
Steven | None
Jenny | None
Sydney | None
Molly | None
Brooke | None
Alexander | None
Steve | None
Sophie | None
Gary | None
Ben | None
Adam | None
Dylan | None
Bianca | None
Shannon | None
Steve | None
Tori | None
Lauren | None
Brandon | None
Alexa | None
Payton | None
Tang | None
Paci | None
Rein | None
McCann | None
Kendrick | None
Buice | None
Graupman | None
Murdock | None
Ahern | None
Levine | None
Baker | None
Larsen | None
Gonzalez | None
Natalie | None
Victoria | None
Cody | None
Ricky | None
Brittiana | None
Kris | None
Dennis | None
Rachel | None
Kyle | None
John | None
Gregory | None
Victoria | None
Adriana | None
Natalie | None
Tim | None
Darian | None
Kelly | None
Hayley | None
Cooper | None
Justin | None
Tanisha | None
Nicole | None
Nicole | None
Stephanie | None
Jesse | None
Alexander | None
Kaley | None
Cara | None
Julia | None
Jamar | None
Rough | None
Dylan | None
Suarez | None
Majzner | None
Colin | None
Priyanka | None
Micayla | None
Harrison | None
Chase | None
Rosie | None
Jared | None
Greg | None
Lauren | None
Elmer | None
Prajjwal | None
Omar | None
Akash | None
Felicia | None
Andrea | None
Zoe | None
Zade | None
Zach | None
Will | None
Valery | None
Tyler | None
Trevor | None
Tom | None
Tim | None
Tiernan | None
Taylor | None
Chloe | None
Kelton | None
Joel | None
Hannah | None
Kayla | None
Katherine | None
Vaishali | None
Adam | None
Ritika | None
Yugandhar | None
Prasangeeka | None
Taylor | None
Amaan | None
Dawn | None
Sohil | None
Sydney | None
John | None
Jiang | None
Jesse | None
Leah | None
Vinay | None
Ashley | None
Raina | None
Nicholas | None
Zack | None
Dani | None
Lauren | None
Kurt | None
Mark | None
Jaclyn | None
Rylee | None
Krumholz | None
Mallory | None
Anthony | None
Drew | None
Stephen | None
Mary | None
Lauren | None
Lauren | None
Maddie | None
Bennett | None
Elizabeth | None
Tim | None
Darrin | None
Jack | None
Halie | None
Sara | None
Greg | None
Leah | None
Lauren | None
Amanda | None
Brian | None
Michael | None
Jennifer | None
Allie | None
Melissa | None
Justin | None
Kayla | None
Reid | None
Scotti | None
Benjamin | None
Jeffrey | None
Joe | None
Zach | None
Evric | None
Maggie | None
Marcus | None
Eliza | None
Darcie | None
Jessica | None
Robert | None
Kaitlin | None
Benjamin | None
Lauren | None
Lily | None
Jack | None
Christina | None
Justin | None
Nikole | None
Jonathan | None
Sarah | None
Grace | None
Shannon | None
Hannah | None
Jason | None
Rowena | None
Yvonne | None
Amanda | None
Mary | None
Josh | None
Lindsay | None
Amanda | None
Rachel | None
Chris | None
Carly | None
Tasha | None
Savanah | None
Jordan | None
Stephen | None
Dana | None
Kari | None
Jerry | None
Tonya | None
Feronica | None
Ashley | None
Andy | None
Stephen | None
Mitchell | None
Rob | None
Kesha | None
Will | None
Britni | None
JoAnna | None
Rosalyn | None
Janna | None
Ryan | None
Brad | None
Abigail | None
William | None
Adam | None
Darren | None
Hal | None
Owen | None
Brianna | None
Taylor | None
Jake | None
Adam | None
Nicole | None
Tracy | None
Maura | None
Mary | None
Brandon | None
Ali | None
Lydia | None
Sky | None
Logan | None
Lindsey | None
Madison | None
Noelle | None
Mia | None
Michael | None
Stephanie | None
Johnny | None
Katherine | None
Kyndall | None
Audra | None
Ashley | None
Isabella | None
Isabelle | None
Julia | None
Abby | None
Nanci | None
Mark | None
Patrick | None
Sharon | None
Sharon | None
Aly | None
Chris | None
Michelle | None
Brenton | None
Samantha | None
Hannah | None
James | None
Paul | None
Katherine | None
Haley | None
Emma | None
Max | None
Collin | None
Dylan | None
Grace | None
Stephanie | None
Drake | None
Anthony | None
Joey | None
Nicole | None
Nicholas | None
Maria | None
Anna | None
Scott | None
Shannon | None
Kalli | None
Dawson | None
Kaylee | None
Michael | None
Joanna | None
John | None
Sophie | None
Matthew | None
Garrett | None
Lucas | None
Jordan | None
Ansley | None
Thomas | None
Tom | None
Hannah | None
Annie | None
Cameron | None
Madeline | None
Samantha | None
Emerson | None
Cindy | None
Emily | None
Adam | None
Charmaine | None
Bishop | None
Emma | None
Daniel | None
Miguel | None
Matt | None
Kevin | None
Rachel | None
Kyle | None
Alyssa | None
Conor | None
Alyxis | None
Aidan | None
Eugene | None
Casey | None
Ryan | None
Liam | None
Natalie | None
Joseph | None
Noah | None
Kiara | None
Alexis | None
Romane | None
Kelly | None
Jose | None
Grace | None
Cheryl | None
Edward | None
Nailah | None
Larry | None
Ella | None
MichaelAnn | None
Joseph | None
Victoria | None
Keanu | None
Stefanie | None
Chloë | None
Katie | None
Zachary | None
Jennifer | None
Sam | None
Veronis | None
Nina | None
Graham | None
Christian | None
Michael | None
Beth | None
Charles | None
Eden | None
Mitchell | None
Paige | None
Nicolas | None
Colin | None
Mark | None
Elisabeth | None
Paige | None
Jeremy | None
Christopher | None
Brianna | None
Riley | None
Jessica | None
Ella | None
Sara | None
Joel | None
Steven | None
Tommy | None
Louis | None
Gregory | None
Natalie | None
Joey | None
Callan | None
Keith | None
Julie | None
Jessica | None
Brekke | None
Tim | None
Tyler | None
Jesse | None
Joe | None
Olivia | None
Andrew | None
Liam | None
Paul | None
Nathan | None
Jose | None
Jodi | None
Jason | None
James | None
Jada | None
Jacob | None
Isaira | None
Hannah | None
Hailey | None
Gwyneth | None
Graham | None
Grace | None
Gavin | None
Joshua | None
Garrett | None
Eric | None
Elise | None
Edyn | None
Dylan | None
David | None
Claire | None
Chloe | None
Cassie | None
Caroline | None
Caitlin | None
Brooke | None
Benjamin | None
Ben | None
Belle | None
Ethan | None
Julianna | None
Justin | None
Karsen | None
Serra | None
Sarah | None
Samantha | None
Romane | None
Rob | None
Paige | None
Nikole | None
Nicole | None
Nathan | None
Morgan | None
Michelle | None
Michele | None
Michael | None
Matthew | None
Matt | None
Matt | None
Matt | None
Karsyn | None
Kevin | None
Kevin | None
Kody | None
Kyle | None
Kyle | None
Ashley | None
Lane | None
Liza | None
Maddie | None
Madison | None
Madison | None
Marianna | None
Leah | None
Travis | None
Andrew | None
Alfred | None
Daniel | None
Kellie | None
Peter | None
Blake | None
Paul | None
Carlye | None
Jordan | None
Colin | None
Nick | None
Alyssa | None
Diane | None
Courtney | None
David | None
Lulu | None
Joelle | None
Alyssa | None
Leah | None
Julia | None
Bridget | None
Sonal | None
Andrew | None
Alfred | None
Vincent | None
Albert | None
Abigail | None
Abby | None
Alexander | None
Catherine | None
Milstead | None
Bre | None
Chloe | None
Christopher | None
Matt | None
Sienna | None
Nathan | None
Sam | None
Praveen.J | None
Desmond | None
Lachanda | None
Andrew | None
Shane | None
Amber | None
Cheryl | None
Marisa | None
Sharon | None
Chris | None
Kim | None
Katelyn | None
Amy | None
Timothy | None
Renna | None
Samantha | None
Carl | None
Haley | None
Joseph | None
Mandy | None
Mitchell | None
Gina | None
Joseph | None
Danielle | None
Jennifer | None
noelle | None
Danielle | None
troy | None
michael | None
jonathan | None
james | None
deepak | None
Cody | None
Ross | None
Katelyn | None
Kellen | None
Jimmy | None
Bill | None
Emily | None
Muhammad | None
William | None
Tommy | None
Syed | None
Jason | None
Yash | None
Alison | None
Andres | None
Ashley | None
Luke | None
Rashmi | None
Madasyn | None
Mitchell | None
Cameron | None
Parker | None
Sonu | None
Tyler | None
Chaitanya | None
Manikandan | None
Trevor | None
Victoria | None
Brianna | None
Rachel | None
Chana | None
Matt | None
Sarah | None
Scott | None
Jon-Michael | None
Christopher | None
Trevor | None
Katherine | None
Manuel | None
Garrett | None
Blaine | None
Brad | None
James | None
Anthony | None
Jose | None
Kayley | None
Daniel | None
Kristi | None
Akhila | None
Samiuddin | None
Jennifer | None
John | None
Brenda | None
Charis | None
Becky | None
Grace | None
Julie | None
Kimberly | None
Diane | None
xin | None
Richard | None
Priyaranjan | None
Matthew | None
Xin | None
Shawn | None
Scott | None
Richard | None
Priyaranjan | None
Jared | None
Evan | None
shawn | None
jared | None
priyaranjan | None
scott | None
Matthew | None
Shawn | None
Xin | None
Richard | None
Jared | None
evan | None
matthew | None
Cherry | None
Ranjini | None
Patrick | None
Shannon | None
Angela | None
Victoria | None
Jen | None
Hillary | None
Laura | None
Bob | None
Ana | None
Stephen | None
Kathrine | None
Kate | None
Angela | None
Chris | None
Becky | None
Don | None
Dominique | None
Holly | None
Jaime | None
Ashley | None
Nicole | None
Shaniqua | None
Douglas | None
Deluna | None
Jeannie | None
Peter | None
Jacob | None
Kelsey | None
Christie | None
Mike | None
Josilyn | None
Don | None
Hillary | None
Robert | None
Rich | None
Becky | None
Ryck | None
Robert | None
Quang | None
Olivia | None
Matthias | None
Kevin | None
Josh | None
Jim | None
Camden | None
Human | None
Erin | None
Deluna | None
Bob | None
Holly | None
Joshua | None
Deluna | None
Kelsey | None
Becky | None
Stephen | None
Jacob | None
Cody | None
Avery | None
Emma | None
Tina | None
Ana | None
Douglas | None
Seamus | None
Jon | None
Kyle | None
JR | None
JR | None
Heather | None
Kathrine | None
Jessica | None
Bob | None
Denise | None
Steve | None
Sabrina | None
Philip | None
Chris | None
Peter | None
Halie | None
Jennifer | None
Connor | None
Jaime | None
Shaniqua | None
Beth | None
Stuart | None
Stacia | None
Christie | None
Chris | None
Avery | None
Greg | None
Michaella | None
Michael | None
Angela | None
Connor | None
Anthony | None
Jon | None
Angela | None
Michael | None
Emily | None
Tina | None
Kathrine | None
Heather | None
Chris | None
Angela | None
Abby | None
Hillary | None
Meghan | None
Carma | None
Michael | None
Sabreen | None
Robert | None
Nicholas | None
Joshua | None
Jaime | None
Holly | None
Halie | None
Connor | None
Melissa | None
Julie | None
Haley | None
Krishnaveni | None
Jaime | None
Camden | None
Cody | None
Grace | None
Victoria | None
Anais | None
Catherine | None
Linda | None
Kirsten | None
Nick | None
Samantha | None
James | None
Isaac | None
Taylor | None
Ash | None
Andrew | None
Ashley | None
Michael | None
Laila | None
Ryan | None
Zach | None
Hollie | None
Ben | None
Cimone | None
Tyler | None
C.R. | None
Melanie | None
Cara | None
Cimone | None
Carrie | None
Luis | None
Kenneth | None
Kiddist | None
Kumar | None
Les | None
Anja | None
Yasser | None
Andrew | None
Scott | None
Aaron | None
Jia-ning | None
Matthew | None
Courtney | None
Brandin | None
Manoj | None
Eva | None
William | None
Sheri | None
Meredith | None
ILAYNA | None
Angela | None
Rizwan | None
Dave | None
Khizer | None
Melonie | None
Rita | None
Sharon | None
Krishna | None
Krishna | None
Jean-Luc | None
Ajay | None
Christine | None
Anthony | None
Dhanalakshmi | None
Melissa | None
Katherine | None
Marcy | None
Gary | None
Jim | None
Adam | None
Ally | None
Constance | None
Victor | None
Anthony | None
Sophia | None
Stacey | None
Sheppard | None
Sharla | None
Jennifer | None
Chris | None
Stuart | None
Kevin | None
Clark | None
Sarah | None
Cristina | None
Holly | None
Nancy | None
Manni | None
Jesse | None
Ivona | None
Sophie | None
Otto | None
Tracy | None
Seth | None
Jessica | None
Rita | None
Brett | None
Kelly | None
Matt | None
Vic | None
Dave | None
Hank | None
Travis | None
Pedro | None
Steve | None
Derik | None
Jeremy | None
Eric | None
Matthew | None
Mark | None
Daniel | None
Mitul | None
Steve | None
Naomi | None
Shankar | None
Dan | None
Albert | None
Scott | None
Tony | None
Joel | None
Chris | None
Mike | None
Susan | None
Robert | None
Mike | None
Jim | None
Tim | None
Lance | None
Chris | None
Philip | None
Derek | None
Jacob | None
Alonzo | None
Karleen | None
Debra | None
Carmen | None
Mark | None
Gayla | None
Quinn | None
Andy | None
Chaitanya | None
Pierre | None
Troy | None
Mike | None
Neale | None
Jeff | None
Anthony | None
Chelsea | None
Joseph | None
Asya | None
Jennifer | None
Michelle | None
Marybeth | None
Helen | None
Bernice | None
Mkhacani | None
Nancy | None
Paula | None
Carol | None
Zoey | None
Jessica | None
austin | None
Brooke | None
Nick | None
Sophia | None
Kai | None
Cassidy | None
Anderson | None
Alexander | None
Adan | None
Victor | None
Thomas | None
Sarah | None
Pearce | None
Paul | None
Zack | None
Kip | None
Marcus | None
Greg | None
Alfred | None
Christy | None
Ashley | None
Adan | None
Katherine | None
Angie | None
Barbara | None
Christy | None
Danish | None
Emma | None
George | None
Samantha | None
Carson | None
Louis | None
Sam | None
Deborah | None
Kamuela | None
Cynthia | None
Leslie | None
Alexandra | None
Christian | None
Luis | None
Elmer | None
Kenneth | None
Claudine | None
Aryn | None
Roger | None
Harry | None
Keith | None
Korby | None
Earl | None
Steve | None
Stephanie | None
Kevin | None
Valeria | None
Taylor | None
Tomasz | None
Stephen | None
Jonny | None
Rushi | None
Paulina | None
Nicholas | None
Matthew | None
Liz | None
Harry | None
Jim | None
Ryan | None
Devon | None
Jack | None
Natalia | None
Jess | None
Dontye | None
Sam | None
Valeria | None
Kian | None
Simone | None
Eddie | None
Emma | None
Joey | None
Spencer | None
Guillermo | None
Odun | None
Malwina | None
Gabriel | None
Arlene | None
Iván | None
Derik | None
Jack | None
Weronika | None
Eleanor | None
Ian | None
Hope | None
Alan | None
Alfie | None
Emma | None
Erica | None
Patrick | None
Yogesh | None
Michael | None
Emily | None
Jacob | None
Trevor | None
Stephen | None
Nabil | None
Monika | None
Elizabeth | None
Weronika | None
Anthony | None
Tom | None
Kimberley | None
TJ | None
Brianna | None
Christian | None
Adam | None
Tony | None
Stephen | None
Ricardo | None
Andrea | None
Emmanuel | None
Isabella | None
Kevin | None
James | None
Teja | None
Angello | None
Antonio | None
Laurie | None
Rakel | None
Tori | None
Samuel | None
Jorge | None
Sydney | None
Shani | None
Katherine | None
Vienna | None
Vienna | None
Sam | None
Matthew | None
jim | None
Rj | None
Heather | None
Jhonalyn | None
Vishnupriya | None
Jot | None
Brittany | None
Ian | None
Delio | None
Brynna | None
Ervie | None
Dave | None
Sara | None
Mark | None
Chirag | None
M | None
Charlotte | None
Rosemarie | None
Melani | None
Naomi | None
Keith | None
Jerome | None
Dionne | None
Caroline | None
James | None
marisol | None
adrit | None
Manoj | None
Scott | None
Kapil | None
Prem | None
Samir | None
Amar | None
Amit | None
Bakkah | None
Shakira | None
Shakira | None
Kristen | None
Rosemarie | None
Noel | None
Kendra | None
Barry | None
Ginny | None
Vanessa | None
Robert | None
Isiah | None
Lindsay | None
Katie | None
Simran | None
Taylor | None
Mia | None
Al | None
Caley | None
Bradley | None
Stephanie | None
Freeman | None
Greg | None
Angie | None
Mike | None
Andrew | None
Liz | None
Kurt | None
Megan | None
Brandon | None
April | None
Sean | None
Lindsay | None
Rick | None
Nicole | None
Lisa | None
Michael | None
Scott | None
Mercy | None
Shana | None
Ashley | None
Nicholle | None
Arvell | None
William | None
Harrison | None
Lena | None
Haley | None
Christine | None
Cricket | None
Cyndi | None
Joshua | None
Alok | None
Limi | None
Angie | None
Brian | None
Lubi | None
Kyle | None
Ethan | None
Jeffrey | None
Debbie | None
John | None
Scott | None
Maureen | None
Tasha | None
Paul | None
Elizabeth | None
Steven | None
Sherry | None
Bamiyo | None
David | None
Harrison | None
Arvell | None
Fabio | None
Lena | None
Michael | None
Kenneth | None
Jimi | None
Chris | None
Matt | None
Howard | None
Haley | None
Michele | None
Tia | None
Katie | None
Shelly | None
Andrew | None
John | None
Matthew | None
Deb | None
Thomas | None
Melissa | None
Gail | None
Jeff | None
Matthew | None
Andrew | None
Abby | None
Robert | None
Hasan | None
Nick | None
Robert | None
Vivek | None
Tom | None
Sunil | None
krishna | None
Laveena | None
Meghan | None
Brenda | None
Julie | None
Neha | None
Tiffany | None
Taylor | None
Patricia | None
Beth | None
Renu | None
Carrie | None
Vivek | None
Cassie | None
Jaimie | None
Dahlia | None
Megan | None
Nick | None
Chantel | None
Carrie | None
Cynthia | None
Ian | None
Jaimie | None
Sammer | None
Lori | None
Keith | None
Cheyenne | None
Brenda | None
Mayank | None
Laila | None
Patricia | None
David | None
Brennan | None
Bobby | None
Susan | None
Kimberly | None
kimberly | None
Swpnil | None
Jiuyang | None
Mike | None
anwar | None
Chris | None
Dwayne | None
Jericho | None
William | None
Tejas | None
David | None
Nathan | None
Duane | None
Christie | None
Ted | None
Laura | None
Eric | None
M | None
Dan | None
Claudine | None
Peggy | None
Brandy | None
Jeff | None
Jim | None
Mitch | None
Paige | None
Becky | None
Mark | None
Cordell | None
Mark | None
Wanda | None
Katie | None
Allyson | None
Ronny | None
Randy | None
Mic | None
Abbie | None
Alexa | None
racquel | None
toni | None
tracey | None
Samuel | None
Smita | None
Amy | None
Laura | None
Jessica | None
Sarah | None
Steve | None
Warren | None
pete | None
Wendy | None
Brady | None
pat | None
amy | None
makayla | None
justin | None
debi | None
david | None
cyara | None
Christopher | None
Chris | None
Richa | None
Alexander | None
Michael | None
Allison | None
Ameera | None
meredine | None
Chelsea | None
meaghan | None
Kelly | None
Sadick | None
Stephan | None
Kory | None
Gauri | None
Walker | None
Christopher | None
Carmen | None
Jon | None
Larry | None
Phoenix | None
Kyle | None
Brianna | None
Meghan | None
Jacob | None
Daisuke | None
Leslie | None
Samantha | None
Matthew | None
Walker | None
Dimitris | None
Walker | None
Samantha | None
Leslie | None
Meghan | None
Joey | None
Dimitris | None
Daisuke | None
Carmen | None
Brianna | None
Breanna | None
Helal | None
LJ | None
Jon | None
Kyle | None
Joey | None
Gauri | None
Carmen | None
Jacob | None
Joey | None
Helal | None
Willie | None
Seth | None
Mikayla | None
Jackie | None
Daniel | None
Kyle | None
gustov | None
Ed | None
Leah | None
Britt | None
Paul | None
Michael | None
Sanjay | None
Richard | None
adam | None
nicole | None
Brown | None
Tracy | None
Nina | None
Jasmine | None
Jenny | None
Glory | None
David | None
Adam | None
tracy | None
taylor | None
Aubrey | None
sandra | None
aubrey | None
carmen | None
sarah | None
david | None
david | None
cody | None
jennifer | None
jenny | None
nina | None
jennifer | None
Justin | None
Ryan | None
Rachael | None
Patrick | None
Kevin | None
Joseph | None
Chris | None
Dani | None
Cassaundra | None
Preety | None
Alex | None
Rhys | None
Connor | None
Grady | None
Matt | None
Mike | None
Lakshmipriya | None
Mohamed | None
Carol | None
Visalakshi | None
Terry | None
Brian | None
Christopher | None
Lucy | None
Sindhura | None
Abdul | None
Tim | None
Steve | None
Alan | None
Joelie | None
Balaji | None
Apryl | None
Brian | None
Christine | None
Nathan | None
Joelie | None
Karupannan | None
Sudheer | None
Krupa | None
Prabhu | None
Joe | None
Jeffrey | None
Chris | None
Viola | None
Jennifer | None
Gloria | None
La | None
Alexis | None
Levertis | None
Nicholas | None
Ignacio | None
Patricia | None
David | None
Garian | None
Ignacio | None
Sneha | None
Ashfaqur | None
Lynn | None
David | None
Ivan | None
Juan | None
Sneha | None
David | None
Terry | None
Patricia | None
Juan | None
Ashfaqur | None
Bill | None
Jonathan | None
shawn | None
Olivia | None
Lisa | None
James | None
Terry | None
Lisa | None
Sean | None
Lynn | None
Lisa | None
Ivan | None
Eileen | None
Jennifer | None
Lynn | None
Shane | None
Jimmy | None
Terry | None
Nick | None
Elaine | None
Amanda | None
Bethany | None
Jennifer | None
Cassondra | None
Tara | None
Suzanne | None
LinkedIn | None
Deidra | None
Chane | None
gulshan | None
jeffrey | None
james | None
john | None
ivan | None
hoa | None
henry | None
erick | None
bill | None
david | None
sam | None
richard | None
richard | None
remington | None
mike | None
mike | None
matt | None
shirley | None
stan | None
stephen | None
trevor | None
dealo | None
vadim | None
yoshua | None
Shannon | None
Mariana | None
abdel | None
antoni | None
antony | None
benjamin | None
bilal | None
binu | None
brennan | None
david | None
wendy | None
steve | None
lisa | None
jorge | None
Alena | None
Cynthia | None
Degory | None
Farida | None
Kyle | None
Julian | None
Geanine | None
Nilsen | None
John | None
Josh | None
Jose | None
Lucinda | None
Sujah | None
Kathleen | None
Aleishia | None
Kendra | None
Jesse | None
George | None
Gregory | None
Aldrin | None
Danny | None
Radhe | None
Mike | None
John | None
Isagani | None
David | None
Jason | None
Clair | None
Michael | None
Caroline | None
Makayla | None
Maggie | None
Maddy | None
Lisa | None
Lauren | None
Cassie | None
Mara | None
Lily | None
Patrick | None
Hannah | None
Fiona | None
Alexandria | None
Andie | None
Justin | None
Gajula | None
Bridget | None
John | None
Jonathan | None
Jessica | None
rob | None
lenzy | None
breanna | None
andrew | None
andi | None
allison | None
Reagan | None
Megan | None
Alexa | None
Chris | None
David | None
Katie | None
Seán | None
Tanis | None
Adan | None
Jeff | None
Sara | None
Arianna | None
Ashley | None
Julia | None
Morgan | None
Riley | None
Steve | None
Vanessa | None
Gill | None
Jadi | None
Steve | None
Barry | None
Due | None
Shannon | None
Jennifer | None
Rajiev | None
Tom | None
Malar | None
Nikki | None
Shree | None
David | None
Staci | None
Jenelle | None
Todd | None
MaLynda | None
Mehul | None
Jaclyn | None
Peter | None
Rick | None
Derek | None
Karina | None
Jennifer | None
Jenelle | None
Jadi | None
Diana | None
Coreen | None
Ann | None
Nikki | None
Jenna | None
Evie | None
Diana | None
Holly | None
Karina | None
Due | None
Jenelle | None
Gary | None
Megan | None
Ranjit | None
Kristin | None
Jenna | None
Coreen | None
Tirso | None
Ann | None
Jaclyn | None
Debbie | None
Jadi | None
Evie | None
Gerda | None
Sheri | None
Christian | None
Frank | None
Holly | None
Glory | None
Kai | None
Sheri | None
Debbie | None
Coreen | None
Gary | None
Josef | None
Pat | None
Jennifer | None
J.D. | None
Ann | None
Ranjit | None
Bill | None
Joe | None
cole | None
Gigi | None
Cole | None
Patrick | None
Dylan | None
Carly | None
Matt | None
Michael | None
Eduardo | None
carly | None
Michael | None
Katherine | None
Tyler | None
Allie | None
Nitasha | None
Matt | None
matt | None
lauren | None
Dennis | None
Manuel | None
Lydia | None
Haisam | None
iliess | None
Amy | None
Patrick | None
Lauren | None
Eric | None
Craig | None
katherine | None
faisal | None
eduardo | None
dylan | None
dennis | None
Emma | None
Faisal | None
Stephen | None
Mickie | None
Takeysha | None
Rickey | None
Hazel | None
SidDavis | None
Jerry | None
Patrice | None
EvaWatson | None
Dave | None
Catherine | None
Borys | None
Emma | None
John | None
Colette | None
Chyne | None
Trish | None
Roxana | None
Ana | None
Alexandra | None
Elvira | None
Jason | None
Alejandro | None
Cristina | None
Henry | None
John | None
Silvia | None
Ernesto | None
Anca | None
Alfonso | None
Roxana | None
Trish | None
Niall | None
Tommy | None
Conor | None
Brendan | None
Patrick | None
Colm | None
Michael | None
Paula | None
Jake | None
Catherine | None
Mark | None
Teresa | None
Nigel | None
Vincent | None
Michael | None
Ernesto | None
Michael | None
Ernesto | None
Elvira | None
Cristina | None
Alejandro | None
Conor | None
Alexandra | None
Paula | None
Vincent | None
Chyne | None
Anca | None
Nigel | None
John | None
Henry | None
Teresa | None
Silvia | None
Mark | None
Patrick | None
Colette | None
Teresa | None
Colm | None
Tommy | None
Catherine | None
John | None
John | None
Alfonso | None
Niall | None
Jake | None
Emma | None
Ana | None
Lisbeth | None
Leon | None
Marlene | None
Luis | None
Dessire | None
Michelle | None
Anna | None
Kosturi | None
Shivam | None
Swati | None
Danny | None
Shah | None
Bruce | None
Francis | None
Mason | None
Paras | None
Aditya | None
Vibhor | None
Dev | None
Apul | None
Charles | None
Jeet | None
Murad | None
Ajay | None
Vincent | None
Aftab | None
Saloni | None
Soumya | None
Rakesh | None
Shubham | None
Sadiya | None
Pratham | None
Brandon | None
Richard | None
Dave | None
Michael | None
Michelle | None
Julie | None
brad | None
Brandon | None
Christopher | None
Aquil | None
Julie | None
Sabrina | None
Matt | None
Angela | None
Edgar | None
Michelle | None
Ivan | None
Boon | None
Ashley | None
Radha | None
Jessica | None
Kelly | None
Brittany | None
Shreena | None
Jonathan | None
Gary | None
Robin | None
Niki | None
Shreena | None
Loretta | None
Ashanti | None
Jaime | None
Sarah | None
Kristy | None
Heba | None
Joanna | None
Brian | None
Kelly | None
Zac | None
Kathy | None
Shannon | None
Andrea | None
David | None
Howard | None
Kaitlyn | None
Shannon | None
Mark | None
Carlo | None
Jim | None
Steven | None
Jim | None
Debora | None
Patrick | None
Caron | None
Hannah | None
Patrick | None
Derek | None
Hannah | None
Emily | None
Joe | None
Max | None
Madison | None
Bettyann | None
Chris | None
Lindsay | None
Ecco | None
Matt | None
ECCO | None
Tamiya | None
Robyn | None
Caron | None
Olayinka | None
ECCO | None
Shelby | None
Jaime | None
Eileen | None
Amber | None
Kevin | None
Ecco | None
Donna | None
Ashley | None
Joni | None
Hiring | None
Emily | None
Emily | None
Lori | None
Patrick | None
Seann | None
Shirley | None
Kim | None
Jerricus | None
Francie | None
Carolynne | None
Shawn | None
Nuno | None
Charisse | None
Cameron | None
Jawona | None
Ted | None
Paul | None
Lisa | None
Vaughn | None
Kevin | None
Olayinka | None
Caron | None
James | None
LeeAndra | None
Scott | None
Caitlynn | None
Lindsey | None
Mike | None
Christopher | None
Douglas | None
Jeffrey | None
Michael | None
Kayte | None
Sia | None
Todd | None
Wayne | None
Wendy | None
Kyle | None
Sara | None
John | None
Shelby | None
Amanda | None
Sara | None
Ali | None
Heather | None
Jared | None
Patrick | None
Emily | None
Claude | None
Max | None
Jacqueline | None
Jeremy | None
Charlie | None
Hector | None
Marc | None
Ryan | None
Bryan | None
Bert | None
Jorge | None
John | None
Leanne | None
David | None
Vlad | None
Corinne | None
Craig | None
Derrick | None
Dhruv | None
Carlos | None
Han | None
Kari | None
Denver | None
Mirasol | None
Sofia | None
April | None
Erica | None
Julianne | None
Allysa | None
Arnie | None
Niña | None
Nicole | None
Alvin | None
Richardson | None
Jairra | None
Hiren | None
Cedric | None
Ronald | None
Merly | None
Froilyn | None
Larah | None
Rhea | None
Gizelle | None
John | None
Joyce | None
Anthony | None
Cedric | None
Pamela | None
Tracy | None
Justine | None
Melove | None
Chantal | None
Eric | None
Yanna | None
Richard | None
Angelo | None
Jenalyn | None
Kevin | None
Ariadne | None
Ma | None
Ryan | None
Tanya | None
Maricar | None
Patt | None
Mannicel | None
Sheila | None
Zachary | None
Kathy | None
Lisa | None
cheryll | None
Aru | None
Lara | None
Andrew | None
Marianne | None
Kay | None
Emilyn | None
Eric | None
Lucy | None
Nelson | None
Ella | None
Christian | None
Rhosiel | None
Nicole | None
Alaine | None
Eric | None
Richardson | None
Jayson | None
Ed | None
Mariel | None
Jairra | None
Kathleen | None
Melgin | None
Angelo | None
Chantal | None
Christian | None
Niña | None
Katherine | None
Felimon | None
Ashley | None
Patrick | None
Zunaira | None
Maeh | None
Marjorie | None
Gentle | None
Eileen | None
Joshua | None
Sheila | None
Liezel | None
Chino | None
Yannik | None
Luke | None
Jhunnel | None
Erica | None
April | None
Bridgette | None
Mariel | None
Jezelle | None
John | None
Kyle | None
Junethel | None
Trisha | None
Ma | None
Jose | None
Nelson | None
Sofia | None
Mannicel | None
Jesus | None
Nicole | None
Alliyah | None
Patty | None
Pam | None
Marisa | None
Alvin | None
Julianne | None
Tenny | None
Lisa | None
Leanne | None
Andrea | None
Richard | None
Edralyn | None
Hiren | None
Justine | None
Lara | None
Joseph | None
Charie | None
Klara | None
Kamille | None
Robeen | None
Jesus | None
Patty | None
Eric | None
Froilyn | None
Greg | None
Greg | None
Hannah | None
John | None
Joy | None
Joyce | None
Katherine | None
Lyndon | None
Marjorie | None
Meghan | None
Ella | None
Mica | None
Natasha | None
Nelson | None
Pam | None
Pamela | None
Paul | None
Raf | None
Rica | None
Rita | None
Tom | None
William | None
Merly | None
Eileen | None
Daniel | None
Dan | None
Joseph | None
William | None
Larah | None
Shiela | None
Gail | None
Kath | None
Homer | None
Milly | None
Dean | None
Heckle | None
Mikka | None
Mica | None
Adrian | None
Alan | None
Anica | None
Anthony | None
Ashley | None
Carlo | None
Chris | None
Christopher | None
Claudine | None
Dan | None
Luke | None
Lara | None
Eric | None
Joseph | None
Ariadne | None
Robeen | None
Patty | None
Kamille | None
Zachary | None
Charisse | None
Kevin | None
Kay | None
Andrew | None
Pamela | None
Shaun | None
Alliyah | None
Arys | None
Maeh | None
Denise | None
John | None
June | None
Dawne | None
Rica | None
Jane | None
Anica | None
Rica | None
Ivy | None
Larah | None
Wilbert | None
Toni | None
Shaun | None
Cheryll | None
Ryan | None
Kamille | None
May | None
Toni | None
Lisa | None
Jhunnel | None
Rose | None
Aileen | None
Andrea | None
Mariel | None
Gizelle | None
Lea | None
Ray | None
Al | None
Pamela | None
Daniel | None
Homer | None
Jefferson | None
Catherine | None
Rhosiel | None
Audrei | None
Jay | None
Kathleen | None
May | None
Bridgette | None
Charisse | None
Moneth | None
Paul | None
Arfel | None
Vanessa | None
Jay | None
Gail | None
Cerina | None
Yanna | None
Jen | None
Steve | None
Audrei | None
Carlos | None
Chino | None
Elland | None
Gladys | None
Paula | None
Harlyn | None
Jhuvie | None
Jomeyann | None
Judy | None
June | None
Kamille | None
Janna | None
Karl | None
John | None
Ellie | None
Jonas | None
Kamille | None
Karen | None
Lisa | None
Moneth | None
Niña | None
Pam | None
Paul | None
Roget | None
Rose | None
Rubina | None
Trisha | None
Vanessa | None
Charess | None
Dana | None
Luke | None
Maercillyn | None
Maria | None
Medea | None
jairra | None
jenalyn | None
jenifer | None
jezelle | None
jimica | None
joan | None
klara | None
lara | None
leanne | None
liezel | None
mariel | None
mirasol | None
nicole | None
ray | None
sofia | None
jackieline | None
Gail | None
gerald | None
ella | None
Patt | None
Randy | None
Red | None
Ruby | None
Shela | None
Trisha | None
abigael | None
angelyn | None
anica | None
arfel | None
arnie | None
ashley | None
charie | None
christelle | None
elaiza | None
euna | None
tenny | None
Eileen | None
Christopher | None
April | None
Christian | None
Kathy | None
Melove | None
Joseph | None
Mica | None
Yanna | None
Patt | None
Maricar | None
Ryan | None
Ella | None
Alvin | None
Chantal | None
Rosalyn | None
Cheryll | None
Greg | None
Ariadne | None
Anthony | None
Zachary | None
Lea | None
Bridgette | None
Marianne | None
Aileen | None
Kathleen | None
Andrea | None
Niña | None
Jesus | None
Mariel | None
Jen | None
Rick | None
Denver | None
Remalyn | None
Maeh | None
Larah | None
Tom | None
Vic | None
Jim | None
Emilyn | None
Darren | None
Jean | None
Ann | None
Pamela | None
Jeff | None
Red | None
Belle | None
Andrew | None
Richelle | None
Alan | None
Charmaine | None
Joy | None
Ed | None
John | None
Adrian | None
Katherine | None
Heckle | None
Allysa | None
Paul | None
Kamille | None
Kay | None
Laura | None
Tracy | None
Rhosiel | None
Beth | None
Edralyn | None
Maria | None
Ella | None
Dan | None
Patricia | None
tracy | None
yannik | None
Charisse | None
Lester | None
Sofia | None
Melove | None
Joyce | None
Jan | None
Alfredo | None
Audrei | None
Shiela | None
Yannik | None
Marianne | None
Jayson | None
Hannah | None
Ella | None
Froilyn | None
Steve | None
Alicia | None
Mark | None
Mica | None
Nick | None
Tracy | None
Shayne | None
Maeh | None
Colin | None
Aljun | None
Ann | None
Sunny | None
Kevin | None
Jhoana | None
Kamille | None
Einnar | None
Edralyn | None
Jim | None
Arnie | None
Marjorie | None
Toni | None
Eileen | None
Jesse | None
Asha | None
Bill | None
Renuka | None
Lisa | None
Katelyn- | None
Darren | None
Venkat | None
Daniel | None
Sarah | None
Abhilash | None
Syed | None
Andrew | None
Don | None
Azhar | None
April | None
Eric | None
Emerick | None
Maria | None
John | None
Mariel | None
Joseph | None
Kevin | None
Allysa | None
Shayne | None
Jazmine | None
Ma | None
Charisse | None
Robeen | None
Larah | None
Kamille | None
Eric | None
May | None
Ronnie | None
Sheila | None
Joseph | None
Sheila | None
Michelle | None
JK | None
Red | None
Ann | None
Lucy | None
April | None
Tracy | None
Eileen | None
Gizelle | None
Leanne | None
Shiela | None
Jayson | None
Mary | None
DJ | None
Francis | None
Marianne | None
Chantal | None
Edward | None
Darlene | None
Anica | None
Joyce | None
Lea | None
Natasha | None
Rita | None
Aldrin | None
Dhariana | None
Gabriela | None
Zunaira | None
Charly | None
Joseph | None
Surah | None
Kate | None
Almira | None
Christelle | None
Anica | None
Eric | None
Cedric | None
Andy | None
Kate | None
Jen | None
Allysa | None
Marissa | None
Mariel | None
Jackieline | None
Patrick | None
Jenalyn | None
Girlie | None
John | None
Joseph | None
Yannik | None
Liezel | None
Hannah | None
Alaine | None
Froilyn | None
Charisse | None
Mariel | None
Melove | None
Larah | None
Joyce | None
Sofia | None
Marianne | None
Jan | None
Audrei | None
Euna | None
Toni | None
Mary | None
Colin | None
Kyle | None
Nicole | None
Jazmine | None
Daniel | None
Karen | None
Marjorie | None
Mark | None
Toni | None
Cheryll | None
Audrei | None
Rhea | None
Patt | None
Lea | None
Ashley | None
Maricar | None
Tracy | None
Marianne | None
Denver | None
Greg | None
Chantal | None
Melove | None
Christopher | None
Chris | None
Ella | None
Hannah | None
Justine | None
Mark | None
Lisa | None
Cherish | None
Julianne | None
Lisa | None
Shaun | None
Rose | None
Francis | None
Natasha | None
Shiela | None
Allysa | None
Maria | None
Ivy | None
Meghan | None
Jefferson | None
Anica | None
Richard | None
Nelson | None
Aileen | None
Dan | None
Jayson | None
Junethel | None
Rhea | None
Shayne | None
Cedric | None
Joshua | None
Paul | None
William | None
Merly | None
Mannicel | None
Gail | None
Carlo | None
Claudine | None
Patty | None
Meghan | None
Robeen | None
Erica | None
Claudine | None
Froilyn | None
Eileen | None
Jackieline | None
Lisa | None
Regina | None
Lucy | None
Marinelle | None
Ray | None
Adrian | None
Chris | None
Einnar | None
Sunny | None
Kristian | None
Tanya | None
Abigael | None
Euna | None
Emilyn | None
Ran | None
Red | None
Homer | None
Hiren | None
Francis | None
Ivy | None
Sofia | None
Alliyah | None
Richardson | None
Eric | None
Shiela | None
Ashley | None
Kevin | None
Lisa | None
Jefferson | None
Lucy | None
Cerina | None
Sheila | None
Justine | None
Jay | None
Jhunnel | None
Audrei | None
Angelo | None
Hannah | None
Alan | None
Joyce | None
May | None
Herbert | None
Holly | None
Bryony | None
Shelley | None
Alexandra | None
Conor | None
Mia | None
Terry | None
Cherry | None
Casey | None
Tara | None
Amanda | None
Nicholas | None
Luis | None
Melanie | None
Allison | None
Jessica | None
Monica | None
Ashley | None
Edward | None
Jason | None
Wendy | None
Tia | None
Kristin | None
Mollie | None
Alex | None
Joan | None
Kristina | None
Joshua | None
D'Ondre | None
Diana | None
Matt | None
Michael | None
Melanie | None
Colton | None
Richard | None
Kyle | None
Clarissa | None
Govind | None
Steven | None
Melissa | None
Alexis | None
Jackie | None
Danielle | None
Alain | None
April | None
Gianpaolo | None
Joseph | None
Christian | None
Mike | None
Kelly | None
Erik | None
Gus | None
Kaylee | None
Denelle | None
Jeff | None
Richard | None
Mariam | None
Katelyn | None
Victoria | None
𝚉𝚊𝚕𝚑𝚊 | None
Stephen | None
Brandon | None
Kofi | None
Yazmin | None
Jamie | None
Oksana | None
Adam | None
Vanessa | None
Olivia | None
Shalisa | None
Jessica | None
Kurt | None
Dave | None
Gregory | None
Gregory | None
Tom | None
Olivia | None
Chris | None
Bradley | None
Gavin | None
John | None
Luis | None
Arnie | None
Pradeep | None
Samuel | None
Reginald | None
Madison | None
Jerry | None
Erik | None
Mia | None
Cynthia | None
Israel | None
Elena | None
Daniel | None
Peter | None
Teresa | None
Taylor | None
Yohan | None
Steven | None
Joseph | None
Eric | None
Kevin | None
Reji | None
Ulrich | None
Tim | None
Vishnu | None
Gregory | None
Tom | None
Avery | None
Eric | None
Kien | None
Andrew | None
Max | None
Kim | None
Grace | None
Hailey | None
Haley | None
Jami | None
Nicholas | None
Nicole | None
Ethan | None
Antony | None
Katie | None
Debra | None
Andrea | None
Joe | None
Nikole | None
Sara | None
Bill | None
Dave | None
Noah | None
Femi | None
Laurie | None
Ashley | None
Melinda | None
Bev | None
Emily | None
Jami | None
Danielle | None
Paul | None
Chaz | None
Chaithanya | None
Dejú | None
kim | None
Jason | None
Melissa | None
Stephanie | None
Victoria | None
Marleny | None
Justine | None
Matthew | None
Meaghan | None
Bradley | None
Courtney | None
Larry | None
Kevin | None
Gale | None
Diane | None
Colleen | None
Jason | None
Melinda | None
Kim | None
Annette | None
Joyce | None
Kevin | None
Judy | None
Roberta | None
Margaret | None
Jason | None
John | None
Scott | None
Sandy | None
Brooke | None
Crystal | None
mykala | None
Anna | None
Daniel | None
Andrea | None
Ryan | None
Lori | None
Nikki | None
Kaylee | None
Dylan | None
Bryan | None
Leigh | None
Alec | None
Ryan | None
Sujan | None
Rick | None
Kaitlyn | None
Emanuel | None
Lexi | None
Doreen | None
Michaela | None
David | None
Ross | None
Jordan | None
Jonathan | None
Robert | None
Gunjan | None
Shane | None
Danielle | None
Mary | None
Abigail | None
Keegan | None
Jadan | None
Anthony | None
Katy | None
mary | None
madison | None
destiny | None
christian | None
Kelly | None
Madison | None
Joy | None
Liz | None
Dave | None
Heather | None
Ron | None
Natalie | None
Erin | None
Dana | None
Cassandra | None
Christopher | None
Elizabeth | None
Emily | None
Stephanie | None
Jake | None
Rita | None
Nikki | None
Emily | None
Brian | None
Ellie | None
Alyssa | None
Andrew | None
Cindy | None
Jordon | None
James | None
Tami | None
Darren | None
Tammy | None
Gayla | None
Jordan | None
Nicky | None
Stephanie | None
Ross | None
Trevor | None
Kelly | None
Ryan | None
Emily | None
Nicholas | None
Brian | None
Abigail | None
Kelsey | None
Haley | None
Tami | None
Jenna | None
Daniel | None
Nicole | None
Danielle | None
David | None
Angela | None
Samantha | None
Claire | None
Hannah | None
Merrill | None
Trevor | None
Bailey | None
Stephanie | None
Abbie | None
Jayme | None
Chloe | None
Madison | None
Jimmy | None
Tammy | None
Traci | None
Elias | None
Shannon | None
Gina | None
Deborah | None
Doreen | None
Jayme | None
John | None
Kim | None
Antony | None
Colleen | None
Kylin | None
Luca | None
Paul | None
Stacy | None
Chaithanya | None
Peter | None
Marguerite | None
Kim | None
Sara | None
Christopher | None
John | None
Joshua | None
Julie | None
Mary | None
Keegan | None
Nate | None
Sarah | None
Ron | None
Thurman | None
Erin | None
Bailey | None
Hailey | None
Patrick | None
Matthew | None
Michaela | None
Merrill | None
Joy | None
Madison | None
Paul | None
Christian | None
Grace | None
Manuel | None
Robyn | None
Sharon | None
Maximillian | None
Jason | None
Nathan | None
Andrew | None
kim | None
Gabrielle | None
Wade | None
Brian | None
Joseph | None
Adam | None
An | None
John | None
Craig | None
Mohammed | None
Andrew | None
Gabriella | None
Wade | None
Kim | None
Munir | None
Maximillian | None
Andy | None
Samantha | None
Joseph | None
Jason | None
Dean | None
Stephanie | None
Manuel | None
Kandy | None
Craig | None
Gabriella | None
James | None
Todd | None
Mohammed | None
Kandy | None
Huong | None
Bruce | None
Steve | None
Jerry | None
Alyssa | None
Jon | None
James | None
Dean | None
Jason | None
Maximillian | None
Jason | None
Michelle | None
Robyn | None
Samantha | None
Amy | None
Jack | None
LinkedIn | None
Robyn | None
Stephanie | None
Stephanie | None
Barbara | None
Nathan | None
David | None
Marckpaul | None
Stephanie | None
Craig | None
Barbara | None
Wayne | None
Colin | None
Jeff | None
Dean | None
Gabrielle | None
Robyn | None
Samantha | None
Lisa | None
Lori | None
Jean | None
Hema | None
Evelyn | None
Munir | None
Jon | None
Noma | None
Robyn | None
Bruce | None
Steve | None
jomel | None
Alex | None
Wayne | None
Arthur | None
Antonio | None
Gyldas | None
Andres | None
Dale | None
Kathy | None
Kilian | None
Maureen | None
Emmie | None
Hanae | None
Corentin | None
Elisa | None
Ludo | None
Leslie | None
Valentine | None
Martin | None
Alice | None
Manon | None
Manon | None
Anaëlle | None
Lauréline | None
Antoine | None
Camille | None
Julie | None
Julia | None
Imane | None
Hanae | None
Florine | None
Floriane | None
Camille | None
Flore | None
Maëva | None
Elisa | None
Doriane | None
Cyril | None
Charline | None
Manon | None
Estelle | None
Célia | None
Corentin | None
Noemie | None
Stevie | None
Rodaïna | None
Solène | None
Siham | None
Sarah | None
Sahra | None
Ophélie | None
Marceau | None
Morgane | None
Méline | None
Phoebe | None
Natasha | None
Erwin | None
Jillian | None
Ellen | None
Cameron | None
Barry | None
Brianna | None
Brian | None
Brandon | None
Erik | None
Hayes | None
Cameron | None
Cayla | None
Francesco | None
Chris | None
Christine | None
Christine | None
Ian | None
Corey | None
Craig | None
Dan | None
Daniel | None
Alana | None
Marykay | None
Patrick | None
Darriane | None
Chad | None
Issaac | None
Elliot | None
Jackie | None
Paula | None
Ryan | None
Aaron | None
Noel | None
Ibby | None
DIPESH | None
Gregory | None
CT | None
Todd | None
Jonathan | None
Meena | None
Miranda | None
Patrick | None
Kelly | None
Max | None
Adam | None
Annie | None
Jennifer | None
Giancarlo | None
Lori | None
Natalie | None
Jackson | None
Austin | None
Jacqueline | None
Will | None
Taz | None
Jake | None
Anushka | None
Justin | None
Jacey | None
Lyndon | None
Maria | None
Asia | None
Mitch | None
Jessica | None
Ryan | None
Sydney | None
Steve | None
Samantha | None
Liam | None
Athens | None
Lance | None
Ashley | None
Nicholle | None
Eugene | None
Steve | None
Coleman | None
Luke | None
Marykay | None
Kylie | None
Jennifer | None
Tracey | None
Ellery | None
Sam | None
Ann | None
Nicki | None
Huma | None
Amanda | None
Kadin | None
Alicia | None
James | None
Lan | None
Jessica | None
Cam | None
Kyle | None
Samantha | None
Brandi | None
Jason | None
Philip | None
Matthew | None
Sophie | None
Dylan | None
Kevin | None
Jeff | None
Amy | None
Asia | None
Juliet | None
Jennifer | None
John | None
John | None
Jesus | None
Jennifer | None
Jasmine | None
Jake | None
Jim | None
Joshua | None
Mark | None
Nedjie | None
Sean | None
Aaron | None
Adam | None
Alex | None
Alexis | None
Allison | None
Mitch | None
Kristin | None
Julie | None
Kyle | None
Melissa | None
Alexander | None
Steve | None
Randy | None
Katie | None
Jacqueline | None
Abby | None
Kimberly | None
Andre | None
Devan | None
Hanna | None
Liv | None
Lindsey | None
Lauren | None
Olivia | None
Kyle | None
Huma | None
Kosta | None
Deb | None
Mikaela | None
Sydney | None
Sam | None
Joey | None
Paula | None
Jackson | None
Mildred | None
Eric | None
Maureen | None
Binuja | None
Kristen | None
Paula | None
Ashley | None
Daniel | None
Katie | None
Brittany | None
Pete | None
Rebecca | None
Delyse | None
Josie | None
Nicole | None
Stefan | None
Haley | None
Jessica | None
Houston | None
Matt | None
Scott | None
Megan | None
Morgan | None
Patrick | None
Raza | None
Alyssa | None
Tim | None
Matthew | None
Hillary | None
Linnéa | None
Brian | None
Mary | None
Reynaldo | None
Louis | None
Ma | None
Madison | None
Marisa | None
Mark | None
Matt | None
Ria | None
Michael | None
Redentor | None
Rebecca | None
Peter | None
Paige | None
omar | None
nicholas | None
Nabila | None
Michelle | None
Lainee | None
Riley | None
Ryan | None
Tyler | None
Jeremy | None
Yaritza | None
Will | None
Valerie | None
Tricia | None
Robert | None
Tom | None
Taylor | None
Tatianna | None
Tara | None
Stuart | None
Shweta | None
Sarah | None
Samantha | None
Mikaela | None
Savannah | None
Chloe | None
Meg | None
John | None
Kimberly | None
Jill | None
Johnny | None
Chris | None
Conor | None
Zak | None
Shelly | None
Chad | None
Wess | None
CT | None
Mark | None
Jamie | None
Jason | None
Jonae | None
Delores | None
Roan | None
Susan | None
Eric | None
Andrew | None
Gunnar | None
Nicholas | None
Kyle | None
Ray | None
Kelby | None
Paula | None
Kevin | None
Hannah | None
Maria | None
Cassidy | None
Ellie | None
Aaliyah | None
Brittany | None
Barb | None
David | None
Steve | None
Laura | None
Chase | None
Richard | None
Marissa | None
Kristy | None
Susan | None
Amanda | None
Shawn | None
Crystal | None
Michael | None
Sophia | None
Molly | None
Sandra | None
Jessica | None
Whitney | None
Nadia | None
Heather | None
Eric | None
Rebecca | None
Bill | None
Harrison | None
Michael | None
Jim | None
Grace | None
Mike | None
Scott | None
Stephen | None
Anna | None
Patrick | None
Amanda | None
Damon | None
Amanda | None
Bennett | None
Jeff | None
Rachel | None
Taylor | None
Hari | None
Patrick | None
Rayvon | None
Lou | None
Matthew | None
Amber | None
Ruffa | None
Madison | None
Maya | None
Harrison | None
Michaela | None
Meena | None
Andrea | None
Michael | None
Melissa | None
Cody | None
Kylie | None
Olesya | None
Cody | None
Jansen | None
MADNUN | None
Evan | None
Diane | None
Ronnie | None
Lori | None
Bianca | None
Nicholas | None
Chelsea | None
Joshua | None
Amy | None
Felix | None
Kevin | None
Megan | None
Ben | None
Tom | None
Daniel | None
Steven | None
Derek | None
Tatiana | None
Zachary | None
Tibor | None
Colin | None
Maria | None
Garson | None
Conner | None
Eric | None
Mackenzie | None
Freddy | None
Kurt | None
Phillip | None
Alice | None
Kyle | None
Danika | None
Maureen | None
Michael | None
Jane | None
Brandon | None
John | None
Nicki | None
Allison | None
Amy | None
Hamelmal | None
Ray | None
Chuck | None
Mary | None
Joan | None
ShivaPrakash | None
Celestina | None
Frank | None
Tom | None
Catherine | None
Makayla | None
Laurel | None
Lan | None
Jeff | None
Jackie | None
Britni | None
Sherry | None
Christopher | None
Lange | None
Karla | None
Bryan | None
John | None
JERRY | None
Arturo | None
Sara | None
Shane | None
Juan | None
Hailey | None
Farhan | None
Katherine | None
Kevin | None
Jenny | None
Ghita | None
Katelyn | None
Jessica | None
Jake | None
Jessica | None
Mollie | None
Isabella | None
Darshana | None
Duffy | None
Cailyn | None
Brandon | None
Brian | None
Benedetto | None
Alicia | None
Amelia | None
David | None
Miles | None
Manmit | None
Matt | None
Kanushka | None
Karina | None
Katelyn | None
Justyna | None
Jenny | None
William | None
Keavy | None
Cailyn | None
Trenton | None
Scott | None
Stephanie | None
Sophie | None
Sydney | None
Rebecca | None
Ross | None
Natalee | None
Matthew | None
Mark | None
Mat | None
Allen | None
Aaron | None
Tania | None
Clotilde | None
Kerry | None
Jennifer | None
Olivia | None
Mohith | None
Janush | None
Jack | None
Anirudh | None
Carolyn | None
Kati | None
Karly | None
Monica | None
Marco | None
Jenny | None
Ryan | None
Zach | None
Deanna | None
Katie | None
Rajandeep | None
Elisha | None
Jeffrey | None
Anas | None
Renee | None
Anastasia | None
Selma | None
Michał | None
Melynda | None
Mohd | None
Lindsey | None
Lenin | None
Lilly | None
Amelia | None
Alyssa | None
Angel | None
Marissa | None
Rustin | None
Lanie | None
Lulu | None
Krunal | None
Nitesh | None
Brian | None
Tushar | None
Julian | None
Daniel | None
Kara | None
Bill | None
Lorelei | None
Bobby | None
Tristan | None
Joseph | None
Patrick | None
Mark | None
Justin | None
Kara | None
Maria | None
Sima | None
Maggie | None
James | None
Virginia | None
Kristen | None
Isaiah | None
Daniel | None
Leilanni | None
Tricia | None
Tim | None
Gina | None
Leilanni | None
Tina | None
Carmen | None
Nicholas | None
Linh | None
Rick | None
ALVIN | None
Shelley | None
Barbara | None
Amy | None
Chandu | None
Leslie | None
Helina | None
Tim | None
Kristie | None
Willow | None
Colton | None
Akhil | None
Jayakrishna | None
Ron | None
Gaayatri | None
Brett | None
Sethupathy | None
Michael | None
Ashley | None
Bradford | None
Emma | None
Jordan | None
Logan | None
Mary | None
Abigail | None
Alix | None
Christy | None
John | None
Jamie | None
Alexis | None
Maddie | None
Haley | None
Mark | None
John | None
Brendan | None
Calvin | None
Paul | None
Ashley | None
Emma | None
Krysta | None
Clayton | None
Kelsea | None
Michael | None
Sarah | None
Larissa | None
Bassel | None
Kate | None
Maggie | None
Madeline | None
Scott | None
Karen | None
Nicole | None
Madison | None
Gregory | None
Ginger | None
Jake | None
Joe | None
Erika | None
Regina | None
Thomas | None
Brittany | None
Jon | None
Jon | None
Will | None
Elizabeth | None
Joseph | None
Derek | None
Danny | None
Nigar | None
Brenda | None
Aaron | None
ems | None
Jeff | None
Lindsey | None
Vinicius | None
Josh | None
Eirik | None
Jeffery | None
elizabeth | None
lindsey | None
Josh | None
vinicius | None
Calvin | None
Randy | None
Michelle | None
Ryan | None
nigar | None
Lauren | None
Jen | None
Armetrice | None
Nicole | None
Melissa | None
Justin | None
Patty | None
Andrea | None
Laura | None
Kristen | None
Michelle | None
Lisa | None
Katie | None
Stephanie | None
Kiersten | None
Courtney | None
Elizabeth | None
Vanessa | None
Paul | None
Carman | None
Bill | None
Eric | None
Erin | None
Kevin | None
Samantha | None
Allison | None
Jason | None
Lance | None
Lucy | None
Sandy | None
Persefoni | None
Michael | None
Krisztina | None
Christine | None
Jason | None
Jenifer | None
Daniel | None
Moriah | None
Moriah | None
Courtney | None
Ben | None
Erin | None
Tyler | None
Milana | None
Liia | None
Aliaksandra | None
Kseniya | None
Alena | None
Tetiana | None
Jennifer | None
Mark | None
Michael | None
Di | None
Valeryia | None
Ekaterina | None
Anthony | None
Julia | None
Todd | None
Wendy | None
Patricia | None
Masha | None
Rachel | None
Samuel | None
Jeff | None
Bob | None
Kim | None
Julia | None
Hunt | None
Joseph | None
Jessica | None
Jess | None
Jane | None
Hannah | None
Ethan | None
Erin | None
Emily | None
Drew | None
Kellie | None
Dom | None
Chris | None
Brian | None
Blake | None
Stephon | None
Beth | None
Austin | None
Angelina | None
Andres | None
Andrea | None
Colby | None
Kelly | None
Kevin | None
Kyla | None
Ryan | None
Steven | None
Thea | None
Trudie | None
Winona | None
Kenneth | None
Olivia | None
Katie | None
Chloe | None
Abby | None
Preston | None
Parita | None
Noah | None
Michael | None
Michael | None
Mia | None
Mason | None
Marisa | None
Maggie | None
Lenin | None
Kylie | None
Anabel | None
Allyson | None
BJ | None
Alec | None
Bryce | None
Alexis | None
Christopher | None
Clay | None
Colby | None
Elizabeth | None
Ethan | None
Jack | None
Jack | None
Kate | None
Lily | None
Luke | None
Matthew | None
Oliver | None
Olivia | None
Rachel | None
Regan | None
Jacob | None
Sarah | None
Alec | None
Jae | None
Amanda | None
Kelly | None
Greg | None
Brooke | None
Sophia | None
Sydney | None
Sebastian | None
Kyle | None
Brandon | None
Abby | None
Amanda | None
Kathleen | None
Julia | None
Katie | None
Christopher | None
Samm | None
Sarah | None
Spencer | None
Sophia | None
Fulton | None
Chris | None
Amoa | None
Sumbul | None
Stacy | None
Mark | None
Christi | None
Christi | None
Anne | None
Gary | None
Ilda | None
Kimi | None
Karl | None
Millie | None
Кариева | None
Joe | None
Lyon | None
Chelsey | None
Stephanie | None
Sita | None
Nikki | None
Bianca | None
Richard | None
Adam | None
Aaron | None
Sajid | None
miles | None
lis | None
lirona | None
lauren | None
giuliana | None
enxhi | None
clarke | None
Elliot | None
Sarah | None
Jon | None
Johnny | None
Ben | None
Joseph | None
Cena | None
Abigail | None
Helen | None
Alex | None
John | None
John | None
Valentina | None
Steven | None
Rob | None
Frank | None
Olivia | None
Marissa | None
Lauren | None
Kurt | None
Kevin | None
Kelly | None
Katie | None
Kasey | None
Megan | None
Esa | None
Jessee | None
Carlisle | None
Alden | None
Breanna | None
Bennett | None
Alexa | None
Andrea | None
Emma | None
Leo | None
Greg | None
Mauriccio | None
Tammi | None
William | None
Alan | None
Carlos | None
Kaylene | None
LaTonya | None
Laurie | None
Jennifer | None
elka | None
Ruben | None
Rachel | None
Shannon | None
Gina | None
Paul | None
Chris | None
Madison | None
Chris | None
Jasper | None
Jack | None
Susan | None
John | None
heather | None
Anna | None
Jasmine | None
Layla | None
Lynsey | None
Marwa | None
Paola | None
sam | None
Yasmin | None
Lynsey | None
Gabrielle | None
Ellen | None
Joseph | None
keneisha | None
ATES | None
Team | None
Nora | None
Hiring | None
Romonda | None
Ali | None
Ryan | None
Steven | None
Ann | None
Alex | None
sam | None
Nora | None
Jasmine | None
Moe | None
Steve | None
Paola | None
Sam | None
Lisa | None
diane | None
dina | None
Marina | None
Lynsey | None
Eric | None
edward | None
edwin | None
jamie | None
mohamed | None
patricia | None
pavan | None
percy | None
rodolfo | None
srinivas | None
Moe | None
Ryan | None
Diane | None
Nora | None
Sal | None
Ryan | None
Jasmine | None
Lynn | None
Tami | None
Steve | None
Kevin | None
Roy | None
Christopher | None
Jeff | None
Brian | None
Randy | None
Chris | None
Roslyn | None
Ryan | None
Joseph | None
Meghan | None
Joseph | None
MarkAnthony | None
Rebecca | None
Tony | None
Noah | None
Ryan | None
jacob | None
lauren | None
paula | None
richard | None
yesica | None
Lauren | None
Heather | None
Elli | None
Michael | None
Laurel | None
Chang | None
Christopher | None
Jaclyn | None
Kevin | None
Alexander | None
Chang | None
Laurel | None
Kevin | None
bill | None
joey | None
kevin | None
marisol | None
Andy | None
Adam | None
Daniel | None
Frenzy | None
Jayme | None
Marisol | None
Carlee | None
Katie | None
Kellie | None
Kevin | None
Valerie | None
Suzie | None
Marisol | None
suzie | None
Heather | None
Bill | None
Brittney | None
Dennis | None
Rick | None
Brenda | None
Barry | None
Nick | None
Chuck | None
Cherlyn | None
Patti | None
John | None
Laura | None
Mike | None
Nicole | None
Brian | None
Katie | None
Sarah | None
Dominique | None
Erica | None
Christine | None
Michael | None
Michael | None
John | None
Chang | None
Jaclyn | None
Andy | None
Kelly | None
Brittney | None
Alexandra | None
Joey | None
Marisol | None
Dominique | None
Kelly | None
Marisol | None
Alexandra | None
Christine | None
Cristian | None
Patti | None
Adam | None
Sarah | None
Gene | None
Kevin | None
Mark | None
Pallavi | None
Rashmi | None
Sandeep | None
Dheeraj | None
Sukhvinder | None
Meghdeep | None
Akhil | None
Jatin | None
Sandeep | None
Sumit | None
Vishal | None
Utkarshi | None
Ishita | None
Manshi | None
Rajat | None
Shivam | None
Ron | None
Mir | None
Preeti | None
Attar | None
Braj | None
Abhipraay | None
Andrew | None
Tania | None
Christina | None
Amandeep | None
Sangeeta | None
Jyoti | None
Gracy | None
Darryl | None
Kuncham | None
Nikshep | None
Nidhi | None
Kajol | None
Naman | None
Meenal | None
Tia | None
Mohit | None
Aman | None
Aayushi | None
Monica | None
Ramandeep | None
Neha | None
Stephen | None
Pallavi | None
Parmender | None
Shivam | None
Harsh | None
Jatin | None
Param | None
Rishika | None
Alicia | None
Madan | None
Sahil | None
Nikhil | None
Dishani | None
Harneet | None
Aaron | None
Suraj | None
John | None
Amit | None
Vinn | None
Gurkamal | None
Sahil | None
Puneet | None
Neha | None
Ellen | None
Madhu | None
Amit | None
Varun | None
Pratiksha | None
Akriti | None
Swati | None
Harshi | None
Hardik | None
Ramit | None
David | None
William | None
Brian | None
Brian | None
Ashley | None
Ashlee | None
April | None
Aaron | None
thomas | None
suzanne | None
suzanne | None
ryan | None
nikki | None
nidhi | None
molly | None
lauren | None
juan | None
farrah | None
erica | None
emily | None
carlie | None
c | None
brooke | None
aubrey | None
ashlee | None
andrew | None
amy | None
Linsay | None
Savannah | None
Catherine | None
Chase | None
Dane | None
Dayna | None
Snigdha | None
Simran | None
Shweta | None
Sharon | None
Sarah | None
Sarah | None
Sabira | None
Rahul | None
Rachel | None
Norm | None
Nidhi | None
Nazreen | None
Myra | None
William | None
Melanie | None
Marsha | None
Madhumita | None
Lila | None
Leonard | None
Yusuf | None
Karrar | None
Kaitlin | None
Juan | None
Jill | None
JD | None
Jasmine | None
Karen | None
Gulafsha | None
Meg | None
Hannah | None
Kate | None
Farrah | None
Hannah | None
Eleanore | None
Ian | None
Ewelina | None
Marcus | None
Nathan | None
Kelly | None
Ryan | None
Anthony | None
Jack | None
Chris | None
Alice | None
Kerry | None
Charlotte | None
Payman | None
Chris | None
Chris | None
Kaelan | None
Hannah | None
Joe | None
Jack | None
Jack | None
Nathan | None
Yasmin | None
Anton | None
Evan | None
Scott | None
Richard | None
Rebecca | None
Jessica | None
Kelly | None
Rob | None
Jennifer | None
Ezequiel | None
Natalia | None
Team | None
Erick | None
María | None
Andres | None
Maria | None
Ezequiel | None
Jose | None
Maryori | None
Pauly | None
Kelsey | None
Bryan | None
Abby | None
Ayoyemi | None
Tyler | None
Cody | None
Cammie | None
Steve | None
Shea | None
Jill | None
Anna | None
Anthony | None
Christopher | None
Dakota | None
Jeff | None
Lindsey | None
Kosta | None
Mike | None
Tyler | None
Jason | None
Sam | None
Alexandra | None
Brendan | None
Eric | None
Eric | None
Gregory | None
Justin | None
Krystal | None
Matt | None
Oluwaseun | None
Bianca | None
Robert | None
Bindu | None
Reis | None
Prasee | None
Nathan | None
Dan | None
Brianna | None
Lindsay | None
Shelby | None
Ryan | None
Megan | None
Jill | None
Lindsey | None
Sam | None
Tamika | None
Stephen | None
Steve | None
Sam | None
Stephen | None
Meredyth | None
Ruth | None
Dana | None
Steven | None
Laura | None
Jana | None
Phillip | None
Jill | None
Rachel | None
Matthew | None
Anderson | None
Jenny | None
Alexandra | None
Elliott | None
Nina | None
Andrew | None
Manuel | None
Lorraine | None
Christyn | None
Jonathan | None
Juan | None
Caitlin | None
Nishant | None
Amol | None
Dominic | None
Alex | None
Ivan | None
Joey | None
Anamika | None
Asif | None
Yufei | None
Maria | None
Sarah | None
Christine | None
Jordan | None
Norma | None
James | None
Jake | None
Herman | None
Kim | None
Gabrielle | None
Betti | None
Filip | None
Abdur | None
Megan | None
Kristyn | None
Maxwell | None
Shanquencia | None
Allison | None
Matthew | None
Holden | None
Ryan | None
Lindsay | None
Dustin | None
Jen | None
Mala | None
Dianti | None
Hannah | None
Indro | None
Matt | None
Irene | None
Mike | None
Sarah | None
Alrick | None
Noel | None
Vicki | None
Aaron | None
Sandeep | None
Jeff | None
Henry | None
Michael | None
David | None
Dan | None
Sahana | None
Mandeep | None
Anantha | None
Brianna | None
Ruchika | None
Abhijith | None
Avni | None
Jayesh | None
Bhupinder | None
Madhavi | None
Aanchal | None
Holley | None
Rohan | None
Isabella | None
Kusshal | None
Jacob | None
Archana | None
Deepak | None
Rakkshit | None
Jayakrishnan | None
Harish | None
Rakshith | None
Doug | None
Amanda | None
Richard | None
Chelsea | None
Amelia | None
Monica | None
Kevin | None
Brian | None
David | None
Noah | None
Amien | None
Jenny | None
Todd | None
Corey | None
Corey | None
Karl | None
Tim | None
Mitch | None
Tim | None
Laura | None
Michael | None
Lizette | None
Lindsay | None
Kristina | None
Alain | None
Ahmed | None
Rachel | None
Jessica | None
Jerico | None
Christina | None
Corey | None
Curtis | None
Dana | None
Daniel | None
Daniela | None
Michael | None
Kobie | None
Jesenia | None
Kristina | None
Itamar | None
Miguel | None
Chan | None
Cathy | None
Carolina | None
Carlos | None
Carlos | None
Cara | None
Caine | None
Cheryl | None
Brittany | None
Brenden | None
Ariane | None
Anna | None
Amanda | None
Alan | None
Vicel | None
Vaishnavi | None
Briana | None
Michelle | None
Alberto | None
Wendy | None
Nicole | None
Nicole | None
Paola | None
Ricardo | None
Ricci | None
Rigo | None
Ryan | None
Alba | None
Ryann | None
Sarah | None
Sergio | None
Shelby | None
Stephanie | None
Timothy | None
Tracy | None
Valerie | None
Sarah | None
Michael | None
Kaila | None
Jacqui | None
Mackenzie | None
Martin | None
Mika | None
Misael | None
Noe | None
Osiris | None
Lisa | None
Paola | None
Holden | None
Hana | None
Grace | None
Fernanda | None
Erica | None
Eastridge | None
Jenna | None
Lisa | None
Linda | None
Lauren | None
Gina | None
Holden | None
Israel | None
Israel | None
Jessica | None
Jessica | None
Jonathan | None
Jonathan | None
Kenia | None
Kim | None
Kris | None
Kris | None
Lanae | None
Lanae | None
Laura | None
Diondra | None
Diane | None
Sara | None
Darby | None
Vaishnavi | None
Chris | None
Carlos | None
Carlos | None
Brooke | None
Andrea | None
Alexandria | None
Tyler | None
Tracy | None
Son | None
Darryn | None
Sheila | None
Christina | None
Courtney | None
Courtney | None
Dijon | None
Donna | None
Federick | None
Darius | None
Gabriela | None
Diana | None
Kimberly | None
Lindsey | None
Sruthi | None
Keri | None
Adam | None
Josie | None
Brian | None
Ralph | None
Vaishnavi | None
Reagan | None
Brett | None
Callie | None
Tokio | None
Jessica | None
Joe | None
Eric | None
Zaneb | None
Kristi | None
Adrienne | None
Lauren | None
William | None
Mickey | None
Josh | None
Jesika | None
Ashley | None
Sarah | None
Ravynne | None
William | None
Jaclyn | None
Fabian | None
Manny | None
Vince Agoyaoy | None
Ty Perdue | None
Keith Duderstadt | None
Jonathan Reardon | None
Ryan McDonald | None
Ross Lannan | None
Melinda Gorman Dohmen | None
Bella Bryan | None
Vijetha Jain | None
Brad Richardson | None
Haley Sales | None
Steve Mazur | None
Jason Griffin | None
Barbara M | None
Scaasi Guidera | None
Romulo Tachna | None
Chloe Tobin | None
Tucker Jones | None
Jeffrey Castaneda | None
Tre Barzenji | None
Peter Ferrelli | None
Valerie Jarosik | None
John Blum | None
Mathew Combs | None
Ricardo Elysse | None
Swathi Rao | None
Sarah Flohr | None
Jhessa Crizelle Guzman | None
Cherish Banlaoi | None
Joshua Naranja | None
John Christian Bautista | None
Nina Jane Gonos | None
Dan Lloyd Ambac | None
Maria Adeline Hazal | None
Jedrick Macalino | None
Danilo Bagnas | None
Allan Salise Jr | None
Mark Kevin Paz | None
Morris Rocamora | None
Jhents Tamayo | None
Raymundo Del Mundo | None
Ian Rebenito | None
Keiht Occidental | None
Christabelle De Leon | None
Alexander Tapalla | None
Tracy Redoblado-Pamparo | None
Junethel Binuya | None
Jasmine Jash | None
Kimberly Vallejos | None
Regina Joy Garcia | None
Katherine Lai | None
Austin Bliss | None
Lloyd Stephen Davao | None
Tom Hurley | None
Kevin Butler | None
Ronald Teves | None
Thea Mae Reese | None
Jeremy Sapugay | None
Charie Corpuz | None
Aphryl Belarmino | None
Angela Marielle Ferrer | None
Jezabelle Lopena | None
Mark Anthony Salvador | None
Joemark Solomon | None
Randy Alon | None
Rosalie Pascual | None
Cherry Ann Dujale | None
Alexandro Ancheta | None
Hazel Vallo | None
Patricia Anne Mendoza | None
Mary Joyce De Lemos | None
Nina Lee | None
Czarlyn Torralba | None
Francis Ruben | None
Thom Omar Castillo | None
Emil Edward Caisido | None
Jio Juane | None
Benjie Tendido | None
Timothy Cristian Sison | None
John Carpenter | None
Jan Neon Agranzamendez | None
Edzen Mark Cervito | None
Sarah Anne B | None
Michaela Regan | None
Jake Krantz | None
Kelli Taylor | None
Jennifer Marks | None
Connor Gilbert | None
Jose Martin Belmonte | None
Sarah Mitchell | None
Brenna Manocchio | None
Rebecca Chambers | None
Stephanie Stusse | None
Marla Gloston-Perkins | None
Chris Garabedian | None
Kaitlin Cannata | None
Jasmine Luttrell | None
Heather Sweeney | None
Katina Perry | None
Christine Barnes | None
Justin Wainscott | None
Crystal Webb Jenkins | None
Jericoh Castillo | None
Ralph Angelo Malit | None
Paulyn De Guzman | None
Melgin Roxas | None
Khalid Geul | None
Michael Schwarz | None
Christopher J Surette | None
Joan Malaluan | None
Edgar de Guia | None
Sharon Rodriguez | None
Mark Ian Tan | None
Zoe Clay | None
Ed John Pechay | None
Maria Victoria Dejeron | None
Chast Renz Emmanuelle Padilla | None
Nicholas Tanet | None
Catherine Tomas | None
Ashley Collado | None
Jan Lester Candilado | None
Maricris Velasquez | None
Red V. | None
Rick Cafiero | None
Mica Garcia | None
Sherry Villadares | None
Eric Feil | None
Andrei Lorenzo | None
Kim Aly | None
Vincent Agoyaoy | None
Aldrin John Dela Cruz | None
Adriane Dumadapat | None
Bianca Violette G. | None
Andre Diotay | None
Melchor Mari | None
Abbey Grubbs | None
Jigs Parel | None
Angela Dela Cruz | None
Roque III Rigua | None
Maxell Milay | None
John Michael Pinuela | None
Symon L. | None
Dan Angeles | None
Napoleon Tandog | None
Emerson Tong | None
Arlo Bryan Latayan | None
Michelle del Rosario | None
Janice Vedia Aya-ay | None
Christian de Jesus | None
Mia Charly Gimeno-Alagase | None
Christopher Seno | None
Denver Pasiliao | None
Robert Raymundo | None
Patrishia Pascua | None
Mary Joy Corona | None
Cherry Joy Gumasing | None
Mark Anthony De Guzman | None
Janneh Neil Patrick Opanto | None
Christian Montesa | None
Mira Zapatero | None
Jezabelle Batas | None
Kimberly Rose Broqueza | None
Allyn Villacorta | None
Mike Anlap | None
Karen Valencia | None
Justine Estrela | None
Ma Cerina Antonnette Dizon | None
Jazmine Camille Candilado | None
Mon Sedilla | None
Marianne Erlyn Joy Bernardo | None
Karen | None
Paul | None
David | None
Gino | None
Sarah | None
Raluca | None
Sara | None
Lexi | None
Paige | None
Lori | None
Maizoua | None
Kristin | None
Lise | None
Melissa | None
Unnamed Recruiter | None
Allison | None
Katie | None
Katie | None
Amanda | None
Anna | None
Chantel | None
Chris | None
Dan | None
Megan | None
Kedric | None
Joel | None
Dara | None
Elissa | None
Kirsty | None
Travis | None
Sofía | None
Shannon | None
Reneah | None
Kelly | None
Natalie | None
Mercedes | None
lynne | None
Lizzie | None
Lindsey | None
Kristine | None
Kris | None
Natalie | None
Huy | None
Sahil | None
Alan | None
Kate | None
Paul | None
Leah | None
Lipika | None
Michael | None
Monica | None
Marcia | None
Kaitlyn | None
Rebecca | None
Ketan | None
Harry | None
Drew | None
Jeannine | None
Alfred | None
Stetson | None
Danielle | None
Kaitlyn | None
Fernando | None
Kaitlyn | None
Tiffany | None
Stephanie | None
Stacy | None
Len | None
Sheina | None
Delio | None
Armando | None
Timothy | None
Beth | None
Charlotte | None
Jason | None
Rich | None
Takeshia | None
Tessa | None
Tyler | None
Tessa | None
Justyna | None
Josh | None
Alexandra | None
Alex | None
Brandon | None
Erin | None
Nicholas | None
Anna-Jane | None
Joe | None
Dennis | None
Garrett | None
Zach | None
Austin | None
Caberay | None
Alyssa | None
Isaac | None
Fatima | None
Kelly | None
Brittany | None
Matthew | None
Vatricia | None
Dallas | None
Jay | None
Alexis | None
Sarah | None
MaryKay | None
Stephanie | None
Samrah | None
Karla | None
Sharon | None
Kevin | None
Laura | None
James | None
Wes | None
Heather | None
Steve | None
Laura | None
Raphael | None
Larry | None
Stacey | None
Tracy | None
Savannah | None
Dennis | None
Andrea | None
Mariah | None
Michael | None
Kristen | None
Katie | None
Charlotte | None
Sharon | None
Jazmin | None
Jeff | None
Ria | None
Megha | None
Cleasy | None
Kristina | None
Mackenzie | None
Hadley | None
Nora | None
Zachary | None
Mara | None
Taylor | None
Nathaniel | None
Serena | None
George | None
Latha | None
Matt | None
Georgia | None
Louis | None
Nicola | None
Josh | None
Chris | None
Ella | None
Ross | None
Prabhsaran | None
Harry | None
Jack | None
Ella | None
Jodie | None
Abbey | None
Josh | None
Tom | None
Josh | None
Alex | None
Daniel | None
Kai | None
Jade | None
Ben | None
Tom | None
Jade | None
Josh | None
Matt | None
Matt | None
Max | None
Nick | None
Portia | None
Prabhsaran | None
Nicola | None
Ella | None
PriyaDarshani | None
Ben | None
Ross | None
Harry | None
Nathan | None
Akaisha | None
Josh | None
Chelsea | None
Jack | None
Jodie | None
Kai | None
Ella | None
Emma | None
Beth | None
Paul | None
Sam | None
Marcus | None
Hannah | None
Kirsty | None
Lewis | None
Jack | None
Charlie | None
Francesca | None
Holly | None
Chloe | None
Chelsea | None
Abbey | None
Alex | None
Bobby | None
Chris | None
Cody | None
Jessica | None
Daniel | None
Stephanie | None
Mark | None
Patty | None
Melany | None
Lexi | None
Katherine | None
Shelley | None
Jen | None
Daniel | None
Shannon | None
Shannon | None
Mary | None
Julia | None
Jazelle | None
Justine | None
Julie | None
Fran | None
Nicole | None
Amy | None
Angie | None
Heather | None
April | None
Melany | None
Jeri | None
Marcie | None
Nicole | None
Kyle | None
Suzanne | None
Sydney | None
Amy | None
Rose | None
Angie | None
Heather | None
Justine | None
Bruce | None
Sarah | None
Katie | None
Teresa | None
Jeri | None
Nicole | None
Melany | None
Fran | None
Shelley | None
April | None
Gayla | None
Kalyani | None
Ambrosia | None
Jeremy | None
David | None
Desiree | None
Ronnie | None
Jessica | None
Joan | None
Stephen | None
Karen | None
Catherine | None
Malathy | None
Dan | None
Shrawan | None
Tom | None
Adam | None
Matthew | None
Martin | None
James | None
Justin | None
Jennifer | None
Art | None
Tavish | None
Lesley | None
Elyse | None
Tim | None
McInerney | None
Peggy | None
John | None
Mike | None
Muzammil | None
Alexandra | None
Farhasadab | None
Nicole | None
Deidra | None
Alexis | None
Aaron | None
Michael | None
Carrie | None
Leslie | None
Nathaniel | None
James | None
Marisa | None
MaKenzie | None
Maggie | None
Claire | None
Julia | None
Claire | None
Caroline | None
Christina | None
Ward | None
Michael | None
Tom | None
Pat | None
Nicole | None
Kathleen | None
Jon | None
Barry | None
Thomas | None
Shellie | None
John | None
Jeffrey | None
John | None
Don | None
Firouzeh | None
Alexander | None
Lisa | None
Rosa | None
Corina | None
Jennifer | None
Ilyas | None
Zach | None
Marc | None
Taylor | None
Tammy | None
Alma | None
Cindy | None
Prasaad | None
Sarah | None
Jake | None
Holly | None
Colleen | None
Donna | None
Stefanie | None
Christi | None
Julia | None
Janine | None
James | None
Kim | None
Liz | None
Charlie | None
Rachel | None
Lauren | None
Brett | None
Josephine | None
Ted | None
Oleksii | None
Andrew | None
Nick | None
Stephanie | None
Cassandra | None
Jack | None
Lewis | None
Joel | None
Jessica | None
Tayania | None
Nilukshan | None
Yaro | None
Tracy | None
Bryan | None
Joel | None
Andrew | None
Madeline | None
Tayania | None
Lise | None
Lisa | None
Deanna | None
Brett | None
Matt | None
Hawa | None
Hilary | None
Jason | None
Casteina | None
Michael | None
Miguel | None
Rita | None
Vik | None
Vic | None
Marcus | None
Ron | None
Ron | None
Katie | None
Kate | None
Cassey | None
Heather | None
Shaun | None
Elizabeth | None
Aaron | None
Daniel | None
JP | None
Stacy | None
Linda | None
Holly | None
Stacy | None
Demetri | None
Richard | None
Brandon | None
Grace | None
Debbie | None
Debbie | None
Virtrance | None
Zoe | None
Burkwald | None
Jordan | None
Aja | None
Anne | None
Lisa | None
Adam | None
Richa | None
Aman | None
Harkirat | None
Nikita | None
Jennie | None
Susan | None
Nickolas | None
Sou | None
Victoria | None
Amanda | None
Anshu | None
Becky | None
Dhananjay | None
Divya | None
Erica | None
Erica | None
Tristan | None
Ryan | None
Karan | None
Matthew | None
Mohd | None
Elizabeth | None
Randy | None
Roshni | None
Ryland | None
Tavarishai | None
Shubham | None
Preston | None
Jessica | None
Alan | None
Jeromy | None
Jaclyn | None
Neth | None
Sou | None
Adrian | None
Alan | None
Juan | None
Preston | None
Tristan | None
Chan | None
Jeromy | None
Juan | None
Juan | None
Julian | None
Lisa | None
Steve | None
Steven | None
Meron | None
Rachel | None
Athena | None
Tristan | None
Jordan | None
Alan | None
Adrian | None
Steven | None
Jaclyn | None
Preston | None
Jordan | None
Katherine | None
Kori | None
Jeff | None
Chris | None
Caroline | None
Chris | None
Leslie | None
Caroline | None
Trevor | None
Brock | None
William | None
Charissa | None
angelica | None
charissa | None
jennifer | None
leslie | None
Leslie | None
steve | None
Trevor | None
brogan | None
Andrew | None
Jennifer | None
Angelica | None
Jeremy | None
Jyoti | None
Adam | None
Brogan | None
brock | None
andrew | None
Brianna | None
Ajay | None
Richard | None
James | None
Brianna | None
Nicholas | None
Lindsay | None
caroline | None
Caroline | None
Richard | None
Tyler | None
Jennifer | None
Ben | None
Katie | None
Stephanie | None
Edoardo | None
Willa | None
Anna | None
Tora | None
Jeff | None
Giovanni | None
Ineta | None
Darius | None
Tim | None
Juliette | None
Lauren | None
Lily | None
Adam | None
Debbie | None
Elicere | None
ryan | None
arjun | None
Rohit | None
Ben | None
Bradley | None
Tim | None
Jason | None
Chris | None
Crystal | None
Ryan | None
Nicole | None
Arjun | None
Duran | None
Martin | None
ben | None
bradley | None
crystal | None
duran | None
jason | None
martin | None
nicole | None
tim | None
Nathan | None
Victoria | None
Louis | None
Colleen | None
Jessica | None
donna | None
Colleen | None
Bryan | None
Natalie | None
Liladhar | None
Kenneth | None
Franklin | None
Ray | None
Gene | None
Natalie | None
John | None
Jeff | None
Ryan | None
Sarah | None
ajit | None
Rob | None
natalie | None
Steve | None
tammy | None
Robert | None
Lori | None
Himen | None
Dom | None
Angie | None
ven | None
Samantha | None
Monica | None
Moises | None
Allen | None
Adam | None
Mary | None
Verity | None
Susan | None
Desiree | None
Jaylene | None
Christi | None
Brand | None
Katelyn | None
Stomy | None
Stephanie | None
Malia | None
Camillio | None
Mark | None
Henry | None
Jane | None
Melissa | None
Amanda | None
Nicholas | None
Angela | None
Barry | None
Tyler | None
Stephanie | None
Annsley | None
Joan | None
Ade | None
Andrea | None
Katherine | None
Phasia | None
Shea | None
Nedrick | None
Antoine | None
Justin | None
Sheryl | None
Niailah | None
Warren | None
Precious | None
Tara | None
Aline | None
Sundeep | None
Gatling | None
Danilo | None
Patrick | None
Holly | None
Stacey | None
Mark | None
Leon | None
Alvin | None
Brian | None
Thomas | None
Caleb | None
Erik | None
Jason | None
Kendra | None
Michael | None
Michael | None
Christopher | None
George | None
Samantha | None
Tom | None
rodyhouse | None
John | None
Louise | None
Benjamin | None
Chris | None
Daniel | None
dharshanaa | None
Georgia | None
euan | None
James | None
jessica | None
Joe | None
joseph | None
Lia | None
Megan | None
jack | None
Mosi | None
Dylan | None
Alex | None
Tom | None
Adam | None
John | None
Faro | None
Tara | None
Louise | None
Rob | None
Reece | None
Harvey | None
George | None
Dylan | None
Max | None
Harriet | None
rosie | None
Sam | None
Paul | None
Rylee | None
Bosil | None
Kevin | None
J.P. | None
Hannah | None
Stephanie | None
Manny | None
Jen | None
Michael | None
Peter | None
Nick | None
Joe | None
Adam | None
Christopher | None
Alyssa | None
Ashwathi | None
Daniel | None
Stephen | None
Jeremy | None
Kyla | None
Kurt | None
Kristen | None
Kismet | None
Kimberly | None
Kim | None
Kim | None
Kerstin | None
Kendall | None
Kelly | None
Kelley | None
Stephanie | None
Kyle | None
Kylee | None
LaToya | None
Laura | None
Lauren | None
Lauren | None
Lauren | None
Leo | None
Leslie | None
Leslie | None
leticia | None
Katie | None
Kathie | None
Katelin | None
Kary | None
Jason | None
Jasmine | None
Jarique | None
Janie | None
Jamie | None
Jamie | None
Jamale | None
Jake | None
Jayme | None
Jade | None
Ivette | None
Heather | None
Heather | None
Heather | None
Heather | None
Hayli | None
Haydhi | None
Ginger | None
Jacob | None
Jazz | None
Jeandalee | None
Jennifer | None
Karla | None
Kalilah | None
Kailey | None
Julianna | None
Joycelyn | None
Joshua | None
Josh | None
Jorge | None
Jordan | None
Jordan | None
Joline | None
Johanna | None
joey | None
Jodi | None
Joanne | None
Jessica | None
Jessica | None
Jennifer | None
Jennifer | None
Lizbeth | None
Lori | None
Marsha | None
Lou | None
Michelle | None
Miranda | None
Missia | None
My’Eshia | None
Nichole | None
Stephun | None
Nikki | None
Oliver | None
Paige | None
Payton | None
Peggy | None
Phylicia | None
Phyliss | None
Stephanie | None
Priscilla | None
Ray | None
Rebecca | None
Steph | None
Stacy | None
Stacy | None
Spencer | None
Sindy | None
Sierra | None
Michaela | None
Shantelle | None
Shannon | None
Sean | None
Scott | None
Samantha | None
Ruben | None
Rebecca | None
Shantal | None
Michael | None
Mersy | None
Melody | None
Francesca | None
Thomas | None
Tiffany | None
Timothy | None
Mary | None
Mary | None
Terrell | None
Martha | None
Marissa | None
Marisela | None
Marilu | None
Marie | None
Marenda | None
Maelee | None
Stephanie | None
Lori | None
Teresa | None
Taryn | None
Melissa | None
Melanie | None
Megan | None
Meagan | None
Mason | None
Mary | None
Tatiana | None
Sue | None
Tamera | None
Tammie | None
Tara | None
Tara | None
Tara | None
Taria | None
Sydney | None
Evan | None
Christina | None
Erin | None
Christina | None
Felicitas | None
Holt | None
Chris | None
Rachel | None
Donna | None
Derek | None
Cherie | None
Michelle | None
Connie | None
Cathy | None
Diane | None
Bobby | None
Greg | None
Brigitte | None
Joseph | None
Jillene | None
Samantha | None
Hannah | None
Jackie | None
Jordan | None
Reyna | None
Kirstyn | None
Heather | None
Brittany | None
Doyle | None
Marschelle | None
Jessica | None
Jason | None
Brenda | None
Austin | None
Joni | None
Ilana | None
Cheryl | None
Kelly | None
Angela | None
Randy | None
Tina | None
Omeka | None
Makeithra | None
Stacy | None
Heidi | None
Matthew | None
Tommie | None
Juanita | None
Juanita | None
John | None
Hunter | None
Hollie | None
Tina | None
Julie | None
Marquelle | None
Lisa | None
Angelena | None
Alexandria | None
Janet | None
Alicia | None
Ivon | None
Karime | None
Sharahn | None
Cristina | None
Mary | None
Phoebe | None
Lorrie | None
Candace | None
AJ | None
Norma | None
Amanda | None
Julie | None
Ethan | None
Lori | None
Ashley | None
Christopher | None
Christian | None
Cheyenne | None
Chelsea | None
Chad | None
Cassie | None
Christopher | None
Casey | None
Carrie | None
Candice | None
Candashia | None
Candace | None
Brooke | None
Brooke | None
Carrie | None
Brittney | None
Clyde | None
Cristina | None
Eric | None
Elijah | None
Efrain | None
Dylana | None
Dylan | None
Douglas | None
Courtney | None
Diane | None
David | None
David | None
Danielle | None
Daniel | None
Crystal | None
Crystal | None
Diana | None
Crystal | None
Brittany | None
Brandie | None
Angela | None
Andrew | None
Ana | None
Amy | None
Amanda | None
Alyssa | None
Angelica | None
Alondra | None
Alexis | None
Alexis | None
Alethea | None
Alejandra | None
Aide | None
Ahkeshia | None
Allison | None
Britnie | None
Angelica | None
Anneris | None
Brandi | None
Branda | None
Bill | None
Beverly | None
Bernadette | None
Becky | None
Anita | None
Baraquiel | None
Austin | None
Athena | None
Ashley | None
Ariel | None
Antonia | None
Anthony | None
B | None
Toni | None
Charne | None
Tony | None
Velvet | None
Vernee | None
Veronica | None
Vicki | None
Viviana | None
Wendy | None
Yaneli | None
Danyiel | None
Hannah | None
Lucia | None
Miranda | None
Tony | None
David | None
Karen | None
Carl | None
Ben | None
Michael | None
Jason | None
Andraea | None
Elaine | None
Naira | None
Vahan | None
Timothee | None
Maya | None
Jason | None
Tricia | None
Karen | None
E. | None
Michelle | None
Stephanie | None
Aylene | None
Kelsey | None
Heather | None
Ryan | None
Bernard | None
Jamie | None
Joseph | None
Heather | None
Joel | None
Melanie | None
Jason | None
Chad | None
Jack | None
Jiji | None
Jill | None
Mayra | None
Michelle | None
Jennifer | None
Daniel | None
Katherine | None
Anna | None
Vanessa | None
Sarah | None
Jeanine | None
Cynthia | None
Christina | None
Jake | None
Monica | None
Arjie | None
Malinda | None
Stevie | None
Amanda | None
Alexis | None
Yulianne | None
Danielle | None
Danielle | None
Becca | None
Matt | None
Lauren | None
Horacio | None
Patrick | None
Tina | None
Dhaara | None
Jared | None
Ana | None
Steve | None
Fiona | None
Exiquiel | None
daphnie | None
Thomas | None
John | None
Dave | None
Mike | None
Shaw | None
Lexi | None
Tim | None
jeffrey | None
Luke | None
Alyssa | None
Ethan | None
jonathan | None
Patricia | None
Lorna | None
Lucas | None
Michelle | None
Lucas | None
Luke | None
Lorna | None
Cheyenne | None
Brian | None
Patrick | None
Bill | None
Bob | None
Louis | None
Recruiter | None
Joshua | None
McKayla | None
Peter | None
Ana | None
Allison | None
Michelle | None
Mark | None
Lee | None
Mark | None
D'Ontra | None
Chris | None
Kristen | None
Andrew | None
Traci | None
Bethany | None
Mike | None
Amber | None
Stephanie | None
Margaret | None
Symone | None
Lincoln | None
Oliver | None
Kayla | None
Jenni | None
Mike | None
Rishard | None
D'Ontra | None
Lauren | None
Stephanie | None
Traci | None
Morgan | None
Oliver | None
Amber | None
Margaret | None
Kayla | None
Kristen | None
Chris | None
Symone | None
Brenda | None
Alex | None
Matthew | None
Michelle | None
Lauren | None
Sara | None
Bethany | None
Jacqui | None
Jon | None
Chris | None
Rob | None
Trevor | None
Colleen | None
Charlotte | None
Jon | None
Trevor | None
Briana | None
Colleen | None
Etimbuk | None
Chris | None
Jon | None
Etimbuk | None
Rachel | None
Charlotte | None
Chris | None
Colleen | None
Rob | None
Jacqui | None
Rob | None
Rachel | None
Max | None
Jacqui | None
Trevor | None
Sagar | None
Carolyne | None
Carly | None
Emergent | None
Julio | None
Maureen | None
John | None
Marc | None
Ness | None
Ryan | None
Mary | None
Jonathan | None
Robert | None
Joseph | None
Ryan | None
Julio | None
John | None
Marc | None
Maureen | None
Ness | None
Carolyne | None
Vivian | None
Carly | None
John | None
Sheilyn | None
Marc | None
Abigail | None
erica | None
john | None
laila | None
lauren | None
mark | None
michele | None
ruth | None
stephen | None
lynn | None
Emma | None
Matilda | None
Christie | None
Christie | None
Kaushik | None
Angela | None
Jason | None
Mari | None
Michael | None
Mo | None
Oliver | None
Kizzy | None
Scott | None
Taylor | None
Tilly | None
Tommy | None
Dan | None
Ish | None
Traci | None
William | None
Paul | None
Ish | None
Hamza | None
Syed | None
Kat | None
Jonathan | None
Henry | None
Ben | None
Emma | None
Graham | None
James | None
Justin | None
Neisa | None
Steve | None
Jeremiah | None
Aisha | None
Allyn | None
Andrew | None
April | None
Callum | None
Callum | None
deborah | None
Todd | None
Francesca | None
Izzie | None
Adam | None
Harvey | None
Lewis | None
Devin | None
Anais | None
Esme | None
Taylor | None
Eliran | None
Lola | None
Sultan | None
Berrin | None
Sebastian | None
Jack | None
Todd | None
Sonya | None
Paweł | None
Odin | None
Melis | None
Mailyn | None
Francesca | None
Craig | None
Adelinda | None
Andrew | None
Sarah | None
Jamie | None
Sultan | None
Katie | None
Findlay | None
Woody | None
Paweł | None
Chris | None
Grant | None
Alfie | None
Georgia | None
Eren | None
Peggy | None
Shannon | None
David | None
Andrew | None
Henning | None
David | None
Russell | None
Anthony | None
Stephen | None
Rosita | None
Bree | None
thomas | None
Iveta | None
Jonathan | None
ana | None
Nick | None
Ben | None
Robert | None
Mark | None
Anthony | None
Steve | None
Josh | None
Tom | None
Will | None
Toby | None
Debbie | None
Ana | None
Susan | None
Jeannette | None
Stephanie | None
Matthew | None
India | None
Corey | None
Sonia | None
Sara | None
Jamie | None
Kelvin | None
Michael | None
Sarah | None
Dyan | None
Victoria | None
Sorany | None
Matheo | None
Chantcey | None
Bridgette | None
Kara | None
Ziba | None
Teri | None
Beth | None
Shay | None
Lindsey | None
Donald | None
Angie | None
Samantha | None
Ashley | None
Susanna | None
Elizabeth | None
Angel | None
Contrice | None
Melissa | None
Heather | None
Krystin | None
Rose | None
John | None
Marc | None
Abbi | None
Daniel | None
Mandy | None
Lindsey | None
Whitney | None
Leslie | None
Lisa | None
Ricardo | None
Landanese | None
Jaime | None
Mary | None
Jeffery | None
Monika | None
Brad | None
Diane | None
Ashton | None
Brittany | None
Amanda | None
Julainy | None
Victoria | None
Abigail | None
Juanita | None
Charlene | None
Sabrina | None
CAROLEE | None
Renee | None
Fabiola | None
Jaqueline | None
Hannah | None
Yazmine | None
Tish | None
Donald | None
Ashley | None
Twanikia | None
Debbie | None
Eduardo | None
Jenna | None
Yakayra | None
Priscilla | None
Caleb | None
Abby | None
Berlin | None
Sydnee | None
Julie | None
Zack | None
Gina | None
Tatiana | None
Ashley | None
Halley | None
Sarah | None
Yessenia | None
Nayeli | None
Lisa | None
Xotchill | None
Ray | None
Jessica | None
Susan | None
Hector | None
Robert | None
Stuart | None
Malachi | None
Anne | None
Kayla | None
Dennis | None
Jalen | None
Sarah | None
David | None
Martell | None
Will | None
Gaoshoua | None
Laurie | None
Bronwyn | None
Stephanie | None
Kris | None
Jennifer | None
Kay | None
Haley | None
Jaden | None
David | None
Thomeisha | None
Leonelle | None
Ambar | None
Paige | None
Ruben | None
Dominic | None
Brianna | None
Jose | None
Marolyn | None
Vickie | None
Leeat | None
Angel | None
Lindsay | None
Sasha | None
Anthony | None
Isela | None
Amanda | None
Belen | None
Tiffany | None
James | None
Rodney | None
Yelixza | None
Kenikka | None
Danielle | None
Deneil | None
Jeff | None
Andy | None
Patricia | None
Djona | None
Cindy | None
Greg | None
Brianna | None
Jake | None
C | None
Olivia | None
Kelsey | None
Aline | None
Allie | None
Cathi | None
Kristen | None
Michelle | None
Haley | None
Lesley | None
Betty | None
Sabrina | None
Gretchen | None
Remy | None
Cheyenne | None
Whitney | None
Michael | None
Brenda | None
Kristin | None
Amy | None
J'la | None
Jonathan | None
Trina | None
Austin | None
Jason | None
Kristen | None
Gloria | None
Tracey | None
Merri | None
Jill | None
Holeg | None
Julie | None
Courtney | None
Tamara | None
David | None
Armando | None
Tasha | None
Mayra | None
Viridiana | None
Jeremy | None
Amber | None
Georgette | None
Gabriela | None
Cody | None
Aidan | None
Kyle | None
Avery | None
Kelly | None
Altanica | None
Rick | None
Jesyca | None
Kristen | None
Teresa | None
Yuli | None
Lisa | None
Shanna | None
Ali | None
Sydney | None
Miguel | None
Liliana | None
Beky | None
Sybille | None
Albert | None
Melinda | None
Grace | None
Kyesha | None
Matthew | None
Rhonda | None
Reggie | None
Amanda | None
Melanie | None
Katie | None
Gloria | None
Jon | None
Melinda | None
Amy | None
Kevin | None
Amanda | None
Amanda | None
Danielle | None
Trent | None
Emily | None
Gabby | None
Kaydee | None
Kelsie | None
Karlanda | None
Lilibeth | None
Nikolos | None
Tammy | None
Kimberly | None
Wendy | None
Meghan | None
Lena | None
McKenna | None
Tiffany | None
Stephanie | None
Cindy | None
Alicia | None
Kari | None
Alex | None
Kristin | None
Christopher | None
Erika | None
Manny | None
Atlanta | None
Sean | None
Skip | None
Corissa | None
Darla | None
Melissa | None
Magdalena | None
Debbie | None
David | None
Sharon | None
Mayra | None
Angie | None
Mary | None
Victoria | None
Jennifer | None
Sarah | None
Naeli | None
Taneia | None
Jason | None
Melissa | None
Dan | None
Julie | None
Alejandra | None
Kathy | None
Joshua | None
Clarence | None
Tessie | None
Lori | None
Kirsten | None
Jacob | None
Charlene | None
Brandon | None
Kim | None
Sean | None
Christine | None
Rene | None
Jesus | None
Trisha | None
Sabrina | None
Keith | None
Monica | None
Cara | None
Richie | None
Arturo | None
Daniela | None
Eric | None
Lionel | None
Hugo | None
Cheryl | None
Tabitha | None
Crystal | None
Matthew | None
Angela | None
Krishna | None
Andrew | None
Jamie | None
Nancy | None
David | None
Christin | None
Gina | None
Alan | None
Miriam | None
Linda | None
Kayla | None
Julie | None
Dawn | None
Ellen | None
Khadijah | None
Sarimar | None
Don | None
Suheydy | None
Maritza | None
Nidia | None
Brady | None
Heather | None
Heather | None
Rachel | None
Suzan | None
Kim | None
Lisa | None
Kianna | None
Neal | None
Jeannie | None
Marines | None
Ken | None
Lisa | None
Delores | None
Dulce | None
Shane | None
Venetia | None
Aracelis | None
Ruth | None
Edward | None
Kara | None
Billy | None
Elizabeth | None
Wendy | None
Samantha | None
Shannon | None
Zana | None
Paige | None
Gary | None
Steven | None
Ashlee | None
Linda | None
Natalie | None
Roxanne | None
Farhanah | None
Cendia | None
Rena | None
Donnie | None
Sarah | None
Briseida | None
James | None
Kathryn | None
Madison | None
Mayra | None
Leigh | None
Heather | None
Luis | None
Amy | None
Teresa | None
Jonas | None
Gale | None
Stacey | None
Shelby | None
Peter | None
Josh | None
Sogol | None
Duverson | None
Diana | None
James | None
David | None
Felipe | None
Kristy | None
Melanie | None
Katie | None
Jessica | None
Guillermo | None
Sundy | None
Kandi | None
Arisleydis | None
Candis | None
James | None
Lisa | None
Linda | None
Lois | None
Jalisa | None
Jean | None
Liz | None
Savannah | None
Servando | None
Cristin | None
Peter | None
Paul | None
Rick | None
Marty | None
Clement | None
Frank | None
Lilian | None
Sanjeeth | None
Vikas | None
Seshanth | None
Craig | None
Sean | None
TONY | None
Joseph | None
Sachin | None
Aron | None
Sandeep | None
Raja | None
Naseer | None
Mohammed | None
biharilal | None
Ben | None
Tom | None
Mary | None
Lesley | None
Rudy | None
Natalie | None
Alexander | None
Jolanta | None
Pablo | None
Sarah | None
Martin | None
Gaston | None
Tihamer | None
Juan | None
Kate | None
Weston | None
Mohamed | None
Ariel | None
Elijah | None
Syed | None
Abbie | None
Srihitha | None
Scott | None
Zach | None
Jordan | None
Ifeoluwa | None
Nathan | None
Liz | None
John | None
Alex | None
Jake | None
Saumya | None
Taylor | None
John | None
Luciana | None
Matthew | None
Ross | None
Megan | None
Omer | None
Conner | None
Bhagya | None
Priya | None
Sirisha | None
Kondamadugu | None
T | None
Masood | None
Sharath | None
NITESH | None
Mohammed | None
Srinivas | None
Joe | None
Mike | None
Srihitha | None
Satya | None
Chad | None
Kayleigh | None
Ashley | None
Ron | None
Kristy | None
Olivia | None
Conner | None
Ashley | None
Bernard | None
Ashley | None
Grace | None
Tim | None
Jake | None
Nicholas | None
Kimberly | None
Olivia | None
Megan | None
Tim | None
Mike | None
Samantha | None
Angel | None
Mike | None
Kayla | None
Kara | None
Jay | None
Todd | None
Emily | None
Eric | None
Alyssa | None
Todd | None
Zach | None
Doug | None
Jason | None
Samantha | None
Hannah | None
Rogelio | None
Greg | None
Adina | None
Hannah | None
Zach | None
Randy | None
Daniel | None
Megan | None
Jenifer | None
Liz | None
Kristy | None
Nicholas | None
Bernard | None
Saumya | None
Janet | None
Gem | None
Doug | None
Bernard | None
Alyssa | None
Steven | None
Scott | None
Saumya | None
Megan | None
Eric | None
Doug | None
Kara | None
Conner | None
Randy | None
Jay | None
Kayla | None
Saumya | None
Tim | None
Zach | None
Aysha | None
Jordan | None
John | None
Daniel | None
Jason | None
Ifeoluwa | None
Greg | None
Grace | None
Adina | None
Ashley | None
Tina | None
James | None
Alex | None
Chad | None
Gem | None
Corey | None
Jake | None
Taylor | None
Srilekha | None
Tamara | None
Kevin | None
Stephen | None
Victoria | None
Adam | None
James | None
Jacob | None
Angélica | None
Ashley | None
Brooke | None
Chen | None
Eilidh | None
Ewan | None
Faye | None
Ian | None
Jacob | None
Jan | None
Jenny | None
Kosara | None
Lily | None
Marnie | None
Matthew | None
Mauro | None
Miguel | None
Stewart | None
Jay | None
Alan | None
Jaime | None
Miguel | None
Basi | None
Melanie | None
Elliot | None
Bob | None
Ewan | None
David | None
Jack | None
Jack | None
Jan | None
Jenny | None
Joe | None
Nathan | None
Payton | None
Samantha | None
Tommy | None
Will | None
Gonzalo | None
James | None
Rafael | None
Samuel | None
Banks | None
Jonathan | None
Chris | None
George | None
Brooke | None
Ian | None
Taylor | None
Matthew | None
Beatriz | None
Joseph | None
Jake | None
Emily | None
Mark | None
Dave | None
Daisy | None
Adrian | None
Charlotte | None
Kieran | None
Holly | None
Charlie | None
Ben | None
Jessie | None
Craig | None
Oliver | None
Nicole | None
Oliver | None
Ryan | None
Alex | None
Jason | None
Francisco | None
Louis | None
Stephen | None
Chengetayi | None
Amani | None
Matthew | None
Michael | None
Eilidh | None
Sheree | None
David | None
Jehan | None
Phil | None
Mary | None
zzd | None
Angela | None
Simran | None
Britney | None
Reetika | None
Ritvik | None
Asma | None
Don | None
Annie | None
Zhang | None
Danica | None
Ganesh | None
Sushma | None
Recruiter | None
Enfec | None
Archana | None
Anit | None
Amrita | None
amala | None
Venkatesh | None
Bhavani | None
Tracy | None
Manthan | None
Sushma | None
Swapna | None
Talent | None
Meera | None
Anit | None
Umesh | None
Cheung | None
Danica | None
Archana | None
Swati | None
Kai | None
Derek | None
Sujaya | None
Garett | None
Brett | None
Nicole | None
Jason | None
Tom | None
Taffari | None
Pam | None
Sharon | None
Robert | None
Ree | None
Raymond | None
Wendi | None
Julia | None
Ziga | None
Tom | None
Christopher | None
Monique | None
Taffari | None
Janet | None
Cheryl | None
Claudette | None
Michael | None
Pam | None
Don | None
Monique | None
Jodi | None
Connor | None
Joanne | None
John | None
Matthew | None
Danielle | None
Margo | None
Kyle | None
Michael | None
Christopher | None
Brett | None
Bijayalaxmi | None
Barbara | None
Anthony | None
Debbie | None
Claudette | None
Tony | None
Miles | None
Dot | None
Anthony | None
Wendi | None
Sharon | None
Margo | None
Raymond | None
Cheryl | None
Sujaya | None
Dot | None
Debbie | None
Michael | None
Kristine | None
Heidi | None
Kelly | None
Kieron | None
John | None
Joanne | None
Miles | None
Janet | None
Julia | None
John | None
Jodi | None
Heidi | None
Freonia | None
Joseph | None
Derek | None
Denise | None
Courtney | None
Carolyn | None
Audrie | None
Avis | None
Domunique | None
James | None
Rebekah | None
Bonnie | None
Geoffrey | None
Nicole | None
Kimberly | None
Marty | None
Ron | None
Samantha | None
Scott | None
Shawneen | None
Tiffany | None
Tracey | None
Jennifer | None
Tandi | None
Natanael | None
Elias | None
Gabriella | None
James | None
Annie | None
Vipul | None
Alie | None
Molly | None
Tara | None
Josh | None
Briana | None
Bekkah | None
Ali | None
Meredith | None
Natalie | None
Heloisa | None
Shanna | None
Laura | None
Caroline | None
Elizabeth | None
Lily | None
Chelsea | None
Danielle | None
Sydney | None
Garrett | None
Rachel | None
Vincent | None
Vishal | None
Jessica | None
Nick | None
Didrik | None
Briana | None
Josh | None
Shanna | None
Annie | None
Sydney | None
Kylie | None
Rachel | None
Paige | None
Ryan | None
Tara | None
Montana | None
Henry | None
Meredith | None
Vincent | None
Josh | None
Taylor | None
Bekkah | None
Casey | None
Demi | None
Victoria | None
Josh | None
James | None
Ali | None
Andrea | None
Alie | None
Danielle | None
Sienna | None
Elizabeth | None
Garrett | None
Darren | None
Caroline | None
Heloisa | None
Michelle | None
Laura | None
Jedrek | None
Adam | None
Peyton | None
Rachel | None
Alexa | None
Molly | None
Lauren | None
Caroline | None
Kait | None
Kyle | None
Trevor | None
Rebecca | None
Mackenzie | None
Dominika | None
Andrew | None
Jack | None
Skylar | None
Brooklyn | None
Rob | None
Olivia | None
Dega | None
Hari | None
Hunter | None
Mark | None
Michaela | None
Jake | None
Nevin | None
Jack | None
Aaron | None
Gareth | None
Tyler | None
Stephen | None
Noah | None
Chloe | None
Lauren | None
Megan | None
Payton | None
Laura | None
Kait | None
Sierra | None
Bridget | None
Al | None
Claire | None
Tess | None
Eric | None
Christopher | None
Zach | None
Matt | None
Yianni | None
Brad | None
Luke | None
Bridget | None
Ronnie | None
Nicole | None
Kelly | None
Chloe | None
Madeline | None
Calin | None
Christopher | None
Ashley | None
Ellie | None
Hannah | None
Colin | None
Casey | None
Renee | None
Charles | None
Drew | None
Jake | None
Kylie | None
Christopher | None
Edward | None
Aaron | None
Kevin | None
Daniel | None
Kara | None
Richard | None
Chris | None
Henry | None
Lynneth | None
Daniel | None
Benjamin | None
LaQuisha | None
Stephen | None
Jim | None
Dennis | None
Ismael | None
Roy | None
megan | None
Tanesha | None
Devin | None
Alejandro | None
Lucas | None
Andrew | None
Lelis | None
robin | None
Kerwin | None
Lee | None
Michael | None
Tristan | None
Mark | None
Dakari | None
Moises | None
Chris | None
Monique | None
Amber | None
Scott | None
Andrew | None
Paige | None
Susan | None
Michelle | None
Ali | None
Joe | None
Lesley | None
Leeann | None
Bruce | None
Ryan | None
Elyse | None
Sara | None
Maura | None
Denise | None
Michael | None
Omar | None
Paul | None
Steven | None
Sarah | None
Wayne | None
Umesh | None
Brandon | None
Raj | None
Ken | None
Aaron | None
Nick | None
Rochelle | None
David | None
Jim | None
Judy | None
Emily | None
Jim | None
Linda | None
Jason | None
Marc | None
Olivia | None
Kevin | None
Jennifer | None
Priyanka | None
Shobhit | None
Kevin | None
Scott | None
Kevin | None
Jason | None
Summer | None
Larry | None
Gennaro | None
Calvin | None
Maria | None
Jeremy | None
Tapan | None
Arghya | None
Lennox | None
Rajeev | None
Eric | None
Danielle | None
Jason | None
Andri | None
John | None
Harsha | None
Salvatore | None
Rob | None
David | None
Shreeparna | None
Matthew | None
Delbert | None
Ken | None
Mandy | None
Terence | None
Tania | None
Jason | None
Jason | None
John | None
Greg | None
Thomas | None
Michelle | None
Kristi | None
Katie | None
Jay | None
Robin | None
Michael | None
Anuj | None
Jim | None
Neha | None
Heather | None
Ravi | None
Jerry | None
Laura | None
Linda | None
Tyler | None
Dolly | None
Julliana | None
Debra | None
Kirk | None
Anthony | None
Greg | None
Denise | None
Christine | None
George | None
GLORIA | None
Michelle | None
Ravi | None
Don | None
Michael | None
Nick | None
Derrin | None
Kirk | None
Lily | None
Michael | None
Ken | None
Pooja | None
Linda | None
Smita | None
Steven | None
Harish | None
Maggie | None
Kiran | None
John | None
Erica | None
Mayra | None
Troy | None
Elton | None
Neil | None
Sandeep | None
James | None
Tania | None
Ron | None
Nate | None
Lynn | None
Bill | None
Monica | None
Tom | None
Lucy | None
Mandeep | None
William | None
Richard | None
Satinder | None
Parker | None
Dylon | None
Daniel | None
Nandakumar | None
Tina | None
Kelly | None
Colin | None
Jan | None
Kirthika | None
Prachi | None
Bradley | None
Paul | None
Chris | None
Jennifer | None
Kayvon | None
Jada | None
Teresa | None
Mark | None
Colette | None
Ajay | None
Surender | None
Jay | None
Jay | None
Namrata | None
Victor | None
Jourdan | None
Sneha | None
Siddheshwar | None
Rabiya | None
Nikhil | None
Ankit | None
Michalina | None
Linda | None
Nithya | None
Mohammed | None
Benjamin | None
Emma | None
David | None
Osman | None
Nicholas | None
Jeevan | None
Ylenia | None
James | None
Matthew | None
Bill | None
Jacqueline | None
Kinsley | None
Suresh | None
Nitai | None
Kristy | None
Vineet | None
Angela | None
Taya | None
William | None
Dave | None
J | None
Tiara | None
Adrian | None
Christine | None
Chuck | None
Linda | None
Mike | None
Paul | None
Shannon | None
David | None
Grace | None
Jeff | None
Jeena | None
John | None
Katelin | None
Saad | None
Mark | None
David | None
Roger | None
Jefferey | None
Catherine | None
Scott | None
Bill | None
Dan | None
Peter | None
Heather | None
Chris | None
Greg | None
Sathya | None
Aruna | None
Aruna | None
Mary | None
Meena | None
Tom | None
JAMES | None
Ben | None
Anjali | None
Angel | None
sam | None
Kathy | None
Marc | None
Hao-En | None
Talitha | None
Celeste | None
Jimmy | None
Sophia | None
Tom | None
Jim | None
Rachael | None
Mehnaz | None
Dharnidhar | None
Jackie | None
Ruslan | None
Rob | None
Ash | None
James | None
Michael | None
Michael | None
Jason | None
Steve | None
Paul | None
Kevin | None
Naiya | None
Peter | None
Patrick Patrum | None
John | None
Harley Davis | None
Scott Beaupre | None
Yassine Farhane | None
Rhiannon Lane | None
Tomas Jahn | None
Dennis Jensen | None
Matthew | None
Thomas | None
Jacqui | None
Aasif | None
Lauren | None
Sarah | None
Patricia | None
Alex | None
Austin | None
Douglas | None
Nikki | None
William Tibbe | None
Prashant | None
Vincent Cantone | None
Jo-anna R. | None
Matthew Hendricks | None
Anthony | None
Diana | None
Allen | None
Alexis | None
Michael | None
Melissa | None
John | None
Katelyn | None
Jaime Biggs | None
Amy Gillam | None
Zachary Murray | None
Joe Bonfiglio | None
Channys Almonte | None
Justin Bagby | None
Michele Curra | None
Ray Procaccini | None
Aengus McGill | None
Nicholas Frias | None
Edgar Suero | None
Carrie Reimer | None
Una Harte | None
Audette Elfar | None
Brian | None
Michael | None
Kelly | None
Emma | None
Sara | None
Patricia | None
Marge | None
Allison | None
Bruce | None
Matty | None
Richard | None
Kaitlyn | None
Jack | None
Bobbi | None
Christopher | None
Andrea | None
Jordan | None
Jamie | None
Ray | None
Paul | None
Melissa | None
Daniel | None
Neysa | None
Jason | None
Joe | None
Matt | None
Samuel | None
Rishav | None
Joseph | None
Jenni | None
Jo-anna | None
Matt | None
David | None
Ryan | None
Matthew | None
Ryan | None
Christopher | None
Phillip | None
Dave | None
Chris | None
Joshua | None
Austin | None
Jim | None
Rich | None
Derek | None
Cheryl | None
Morgan | None
Brian | None
Chris | None
Christine | None
Andrea | None
David | None
Rohit | None
Sumiko | None
Yamini | None
Surbhi | None
Shehnaz | None
Bruce | None
Bhanu | None
Nikhil | None
Ravi | None
Manas | None
atyam | None
Dustin | None
Josue | None
Pankaj | None
Michael | None
John | None
John | None
Victoria | None
Richard | None
Ricardo | None
rob | None
Archit | None
Stephanos | None
Ranjana | None
Connor Binegar | None
Chase L. | None
Andrina Dasilva | None
Michael Giarrusso | None
Paul DeSantis | None
Joshua Sousa | None
Annika Fisher | None
Brett Robishaw | None
Mike Maniotis | None
Hector Romero | None
Mitchel Gaffney | None
Deep | None
Stacy | None
Deno | None
Sara | None
Kayleigh | None
Sean | None
Katelyn | None
Tom | None
Aman | None
Melissa | None
Paul | None
Christopher | None
Patricia | None
Meghan | None
Alan | None
Adam | None
Taylor | None
Bob | None
Vianca | None
Swarnim | None
Surendra | None
Sam | None
Rumaan | None
François Lemaire | None
Ron | None
Naved | None
Mohd | None
Michael | None
Michael | None
Mary | None
Jerry | None
Jason | None
Domenick | None
Derek | None
Nikhil | None
Bernard | None
Carlo | None
Chris | None
MacKenzie | None
Lindsay | None
Lew | None
Kyle | None
Kevin | None
Keith | None
Keith | None
Kalynn | None
Kaitlyn | None
Kaitlyn | None
Josh | None
Joseph | None
John | None
Jennifer | None
Jeff | None
Jeff | None
Ian | None
Ian | None
Dave | None
Cristal | None
Christina | None
Nicholas | None
Mathew Abrantes | None
Elizabeth | None
Bryce Willman | None
Elizabeth | None
Eduardo | None
David | None
Daniel | None
Tim Henline | None
Dan | None
Colby | None
Christos | None
Christopher | None
Emma | None
Nicholas Kroll | None
Christopher | None
Christian | None
Chris Bregoli | None
Aaron Lewis | None
Alex Goldsmith | None
Bob Bolster | None
Eric Hubler | None
Jinifer Ables | None
Leif Abrahamson | None
Christopher Sherron | None
Eric | None
Garrett | None
Gavin | None
Marna | None
Luke | None
Luis | None
Logan | None
Laurie | None
Kyla | None
Kevin | None
Kendrick | None
Katelyn | None
Julian | None
John | None
Joe | None
Jeremy | None
Jenna | None
Jared | None
Jamie | None
Jacob | None
Hannah | None
Grisselle | None
George | None
Isaiah MacDonald | None
Mary | None
Harrison Siegrist | None
Nicole Schlingmann | None
Anthony | None
Anthony | None
Howard Bycer | None
Andrew | None
Amanda | None
Alysia | None
Allison | None
Alex | None
Stephanos V. | None
Ashley | None
Brendan | None
Codi | None
Eric | None
Josh | None
Michael | None
Noah | None
William | None
Aaron | None
Brendan Yergeau | None
John | None
Brady | None
Brandon | None
Brendan | None
Troy Perrone | None
Carl Magri | None
Yaroslav Shuter | None
GeNea' W. | None
Joan Jenson | None
Jhason Hardy | None
J.D. Levesque | None
Gerry Davidson | None
Connor DiPasquale | None
Justin Martin | None
Seth Jeffries | None
Randy Cufr | None
Michael Ricard | None
John McFadden | None
Patrick G. | None
Casey | None
Brian | None
Brendan | None
Brendan | None
Brendan | None
Brendan | None
Tommy Ramshur | None
Matthew | None
Kyle | None
Michael | None
Patrick | None
Matthew | None
Kylie | None
Brendan | None
Raye | None
Andrew | None
Tulika | None
Saurav | None
Priyansh | None
Daniel | None
Steve | None
Matt | None
Rick | None
Thomas | None
Marge | None
Melissa | None
Jim | None
Robert | None
Nikki | None
David | None
Patrick | None
Anjali | None
Craig | None
Gaurav | None
Cara | None
Paul McDaniels | None
Bobby Toland | None
Scott Schlee | None
Trenton Brown | None
Dom Chan | None
Alex Miranda | None
Tony Barbaro | None
Taylor | None
Kevin Nimke | None
George | None
Zack | None
Vianca | None
Cody | None
Stephen | None
Jeanine | None
Eric | None
Hannah | None
Debora | None
Judi | None
Dan | None
Sammi | None
Abigail | None
Stephanos | None
Tim | None
Judith | None
Shawn | None
Shaun | None
Sebastian | None
Samuel | None
Ryan | None
Drew | None
Ryan | None
Ryan | None
Shawn | None
Ryan | None
Robert | None
Richard | None
Rich | None
Puneet | None
Nick | None
Nick | None
Nate | None
Michelle | None
Michael | None
Russell | None
Tavo | None
Ryan | None
Tim | None
Corey | None
Ken | None
Maureen | None
John | None
Michael | None
Adam | None
Sean | None
Thomas | None
Brendan | None
Dawson | None
Justin | None
Travis | None
Tyler | None
Tyler | None
Tyler | None
Tracy | None
Brett | None
Vianca | None
Marlon | None
Shelbie | None
TJ | None
Brian | None
Magha | None
Bruce | None
Seann | None
Jake | None
Joe | None
Tyler | None
Bobby | None
William | None
Ron | None
Elliot | None
Brian | None
John | None
Ken | None
Segun | None
Stephanie | None
Carly | None
Carly | None
Susie | None
Kristen | None
McCauley | None
Liz | None
Neil | None
Madison | None
Jordan | None
Helen | None
McKena | None
Francesca | None
Nathan | None
JC | None
alyssa | None
anna | None
ashley | None
ramey | None
Erin | None
sam | None
zack | None
Arron | None
Zackary | None
Philip | None
Lisa | None
Charmaine | None
Alyssa | None
Erin | None
Sunny | None
Ballari | None
Jiyu | None
Kelsey | None
George | None
Gabriel | None
William | None
William | None
Eei | None
Rita | None
Stephan | None
EEI | None
George | None
Brian | None
Christy | None
Balaji | None
Isaak | None
Jack | None
William | None
Veronica | None
George | None
Rodelio | None
Jonathan | None
Sergio | None
Nick | None
Jarred | None
Ballari | None
William | None
Sandra | None
Kelsey | None
Rita | None
Karpur | None
EEI | None
Christy | None
Brian | None
Elvira | None
Ronald | None
Kyle | None
William | None
Dana | None
Frances | None
Shawn | None
Matthew | None
John | None
Misael | None
Kevin | None
John | None
Jennifer | None
Jon | None
Chris | None
Jaime | None
Vernon | None
Erin | None
Sara | None
Smitesh | None
Matt | None
Paul | None
Lorie | None
Lina | None
Jordan | None
Emma | None
Danielle | None
Jordan | None
Lorie | None
Maxine | None
Paul | None
Sabrina | None
Randwell | None
Emma | None
Joe | None
Lina | None
Jake | None
J.P | None
Michael | None
Charlene | None
Jay | None
Collin | None
Patrick | None
Tin | None
Lina | None
Janet | None
Tamara | None
Michelle | None
Nathan | None
Ben | None
William | None
Stetson | None
Patrick | None
Pam | None
Morgan | None
Kaitlyn | None
Amarilis | None
Dawn | None
Brady | None
Michael | None
Adrienne | None
Tiffany | None
Robert | None
Christopher | None
Michael | None
Eduard | None
Fred | None
Grant | None
Canaan | None
Denise | None
Jonathan | None
George | None
Andrew | None
Revital | None
Mark | None
Daniel | None
Gary | None
Joseph | None
Chelsea | None
Max | None
Antonio | None
Roman | None
Paul | None
Mark | None
Stephen | None
Gregory | None
Ramy | None
Jim | None
JOSEPH | None
Andrew | None
Brian | None
Luke | None
Adrienne | None
Brian | None
Alex | None
Joe | None
Alex | None
Justin | None
Brian | None
Isaiah | None
Zachary | None
Brian | None
Alan | None
Bryan | None
Bethany | None
Albert | None
AMINU | None
Daniel | None
Christopher | None
Chuck | None
Joe | None
Bob | None
Angel | None
Alvaro | None
Andre | None
Gina | None
Jon | None
Daniel | None
Mark | None
Michael | None
Marcus | None
Michael | None
Nickolaus | None
Paul | None
Peter | None
Rimsky | None
Rich | None
Ryan | None
Raymond | None
Sharon | None
Stephanie | None
Shea | None
scott | None
Todd | None
Tim | None
Thomas | None
YAHIA | None
Chris | None
Dylan | None
Michael | None
Mark | None
David | None
Eric | None
Frank | None
Fontana | None
Gary | None
idounou | None
Jeff | None
Jamie | None
Madelyn | None
John | None
Jerry | None
Jeffrey | None
Joe | None
James | None
Kenneth | None
Kyle | None
Ken | None
Kris | None
Kristina | None
Mary | None
Jason | None
Christopher | None
Chris | None
Kieran | None
Mousumi | None
Ryan | None
Krista | None
Matthew | None
Joseph | None
David | None
Tehjon | None
Donald | None
David | None
Kristy | None
Giovanni | None
Scott | None
Roy | None
Rick | None
Nick | None
Vyshnavi | None
Matthew | None
Joanne | None
Jerry | None
Jamie | None
CJ | None
Brett | None
Alexandra | None
Ryan | None
Cindy | None
John | None
Terri | None
Deepthi | None
Ferderica | None
Kim | None
Jerry | None
Roy | None
Joe | None
Joelle | None
William | None
Mike | None
Angelic | None
Scott | None
Cody | None
Kristin | None
Ernie | None
Hanaa | None
Chinlih | None
Erica | None
Brett | None
Sai | None
KC | None
Ian | None
Steve | None
Krista | None
Steve | None
Golda | None
Annette | None
Elaine | None
Joseph | None
Andre | None
Mark | None
Mike | None
Natnicha | None
Nick | None
Ryan | None
Kristy | None
Mike | None
Charlie | None
Amy | None
Bailey | None
Ben | None
Brooke | None
Paul | None
Ellie | None
Kyle | None
Gabrielle | None
Eliza | None
Mariyah | None
Mark | None
Anthony | None
Denaldo | None
Lydia | None
Gemma | None
Gibson | None
Alfie | None
Amaan | None
Theodore | None
Harry | None
Mustafa | None
Jakiah | None
Kyle | None
Luke | None
Isabella | None
Jordan | None
Matthew | None
Mollie | None
Thomas | None
Marcus | None
Mattie | None
Ashley | None
Finley | None
Isabella | None
Ivan | None
Kylie | None
Humza | None
Louise | None
Lydia | None
Maddi | None
Matt | None
Matthew | None
Max | None
Oliver | None
Lillie | None
Reece | None
Patrick | None
Ben | None
Luke | None
Humza | None
Sophie | None
Connor | None
Ayoola | None
William | None
Warren | None
Saul | None
Oliver | None
Samuel | None
Dustin | None
Brandon | None
Nicole | None
Julia | None
Neil | None
Cole | None
Shelya | None
Michaela | None
Justin | None
Brian | None
Tessa | None
Sara | None
Addison | None
Heather | None
Darren | None
Raymond | None
Shwetabh | None
Pritesh | None
Monishasivaranjani | None
Mohammed | None
Khushboo | None
Gajanand | None
Alan | None
Sahil | None
Manish | None
Erika | None
Ankit | None
Uma | None
Arun | None
Vijay | None
Swaran | None
Poonam | None
Rishikesh | None
Anakarina | None
Deepti | None
Ana | None
Lorena | None
Ashwini | None
Kstone | None
Monica | None
Richard | None
Sadie | None
Peggy | None
Helmuth | None
Henri | None
Laura | None
Marc | None
Nicole | None
Rashmi | None
Laura | None
Jennifer | None
Charleen | None
Madelyne | None
Mirza | None
Benoit | None
vikram | None
Amy | None
Laura | None
Suzanne | None
Raúl | None
Floretta | None
Gina | None
betty | None
Alesia | None
jimmy | None
Daniela | None
Astha | None
Jill | None
Brandon | None
Caitlin | None
Danielle | None
Jake | None
Michael | None
Emerito | None
Patrick | None
Natasha | None
Andrew | None
Joseph | None
Mariela | None
James | None
Khalid | None
Jeffrey | None
Marc | None
Tony | None
Virginia | None
LinkedIn | None
Jennifer | None
Yolande | None
Taek | None
Rory | None
Ryan | None
Patricia | None
Catherine | None
Michael | None
ToniAnn | None
Ri | None
Abbie | None
Scott | None
Grace | None
Gunjan | None
Jeanne | None
Bari | None
Shannon | None
Robert | None
Natalie | None
Monte | None
Jeffrey | None
Jessica | None
Jeffery | None
Kristen | None
Luanne | None
Mary | None
Nims | None
Andrew | None
Alexandra | None
Bryan | None
Candace | None
Ethan | None
Emily | None
Glenn | None
Hunter | None
Jourdan | None
John | None
Frank | None
Bryan | None
Caleb | None
A. | None
Steven | None
Lisa | None
Tanesha | None
Richard | None
Cody | None
Debbie | None
Elizabeth | None
Tony | None
Joshua | None
Briana | None
Lisa | None
Seth | None
Kurt | None
Amber | None
Joshua | None
Rachel | None
Tyler | None
Jennifer | None
Ethan | None
Patrick | None
Olivia | None
Ryan | None
Justin | None
Daniella | None
Marisa | None
Brian | None
Connor | None
James | None
Macon | None
Tiffany | None
Avery | None
Debbie | None
Keegan | None
Kimberly | None
Madeline | None
Michael | None
Michelle | None
Matteo | None
Joe | None
Samantha | None
Scott | None
Anna | None
James | None
Antonio | None
Nathania | None
Wesley | None
Randall | None
Cesar | None
Terri | None
Jessica | None
Cam | None
Stacy | None
Kevin | None
Kai | None
Kelley | None
Melvin | None
Natalie | None
Amy | None
Robbie | None
Stacey | None
Kristen | None
Elizabeth | None
Kristy | None
Krystal | None
Bryan | None
Luke | None
Jordan | None
Yuliya | None
Antonio | None
Kim | None
Daniel | None
Scott | None
Brian | None
Christina | None
Tina | None
Michael | None
Amanda | None
Mylinh | None
Michelle | None
Chelsea | None
Mike | None
Holly | None
Katie | None
Tamara | None
Mary | None
Tiffany | None
Dru | None
Scott | None
David | None
Jennifer | None
Pamela | None
Tracey | None
Brandon | None
Cory | None
Rhonda | None
Davis | None
Chuck | None
Pamela | None
Jeri | None
Joey | None
Thomas | None
Miles | None
Zachary | None
Jordii | None
Jordan | None
Joey | None
Jasen | None
Arjun | None
Amber | None
Tina | None
Jasen | None
Heather | None
Jessa | None
Alan | None
Angela | None
Connie | None
Gideon | None
J | None
Sheena | None
Mark | None
Kristy | None
Marissa | None
Kayla | None
Daniel | None
Jeanette | None
Radhicka | None
Jordii | None
Jordii | None
Christina | None
Lindsey | None
Luke | None
Claire | None
Mylinh | None
Jena | None
Dakoda | None
Erika | None
Taylor | None
Katie | None
Daniel | None
Debbie | None
Jessica | None
Kate | None
Joanah | None
Gabby | None
Kevin | None
Jean | None
Bradley | None
Nick | None
Irum | None
Brittany | None
Tai | None
Trishia | None
Kristen | None
Arista | None
Frank | None
Stephanie | None
Tyler | None
Stephanie | None
Norah | None
Michael | None
Bianca | None
Matthew | None
Rachel | None
Juan | None
bianca | None
Matthew | None
Julia | None
Michael | None
Shannon | None
Chris | None
Julia | None
Shannon | None
Bryan | None
Griffin | None
Kgabo | None
Dominique | None
Rob | None
Christopher | None
Dori | None
Brian | None
Promise | None
Bianca | None
jas | None
Rob | None
Anisha | None
Rafael | None
Manigandan | None
Oleksandr | None
Bobbie-lee | None
KARTHIKEYAN | None
Sarva | None
Nisha | None
Richa | None
Elizabeth | None
Claire | None
Roselle | None
Dan | None
Janine | None
Kylie | None
Matthew | None
Mark | None
Nicole | None
Wanyee | None
Richard | None
Linus | None
Piers | None
Valerie | None
Cherrie | None
Sharanya | None
Samantha | None
Rupinder | None
Jillian | None
Carrie | None
Blake | None
Ian | None
Dan | None
Andrew | None
Robert | None
Tania | None
Richard | None
Carrie | None
Natalie | None
Brandon | None
John | None
Dave | None
Thomas | None
Chrissy | None
Werner | None
Alambir | None
Dianna | None
Scott | None
Rao | None
Murugesan | None
Thomas | None
John | None
Kevin | None
Casey | None
Chrissy | None
Scott | None
Dave | None
Brandon | None
Casey | None
Alambir | None
Kevin | None
Rao | None
Dianna | None
Werner | None
Daniel | None
Janine | None
Benjamin | None
David | None
christina | None
Mayte | None
Avani | None
Keabetswe | None
Jo | None
laura | None
Reece | None
Otto | None
Mona | None
Michael | None
Joseph | None
William | None
Tomas | None
Stephen | None
Melissa | None
Mia | None
Laura | None
Joe | None
Darren | None
Heidi | None
Guy | None
Iryna | None
David | None
guy | None
darren | None
bliss | None
Jenna | None
George | None
mia | None
michael | None
Nathan | None
Adam | None
Abbie | None
Bliss | None
Doron | None
William | None
David | None
otto | None
Christian | None
Michele | None
Carlos | None
Jen | None
Even | None
Ekaterina | None
Kimberly | None
Kolli | None
John | None
Kolli | None
Raj | None
Rachel | None
Dave | None
Roy | None
Sara | None
Bill | None
Rich | None
Dave | None
Lawrence | None
Ankita | None
Mohammed | None
Michael | None
Stephen | None
Jordan | None
Chris | None
Randy | None
Tom | None
Cory | None
Michaela | None
Junhui | None
Zie | None
Genevieve | None
Kurt | None
Bhargavi | None
Koteswara | None
Jacob | None
Ai | None
María | None
Ashley | None
Tim | None
Jose | None
Eyon | None
Michael | None
Carlos | None
Harry | None
Kolappan | None
Andrew | None
Robbie | None
Allan | None
Ron | None
Aimee | None
Jake | None
Chris | None
Jack | None
Justin | None
Shan | None
Chris | None
Sandy | None
Anju | None
Rajat | None
Pragya | None
Avin | None
Michelle | None
Atul | None
SARMA | None
Kate | None
Lexi | None
Alex | None
Shalom | None
Raquel | None
HR | None
Julie | None
KC | None
Ramya | None
Shan | None
Ayushi | None
Thomas | None
Daniel | None
Satya | None
Noah | None
Thanh | None
Tushar | None
Corey | None
Dennis | None
Erick | None
Jill | None
nyakundi | None
Aeron | None
Henna | None
Wassim | None
Page | None
Heide | None
Jason | None
Nika | None
Arin | None
Virginia | None
Conrad | None
John | None
Lisa | None
Tamara | None
Kristine | None
Jennifer | None
Ryan | None
Jason | None
Wayne | None
Daniel | None
Tony | None
Jesse | None
Dan | None
Brian | None
Abdul | None
Christa | None
Katelyn | None
Tony | None
Chad | None
Karen | None
Nate | None
Steve | None
David | None
Greg | None
Cody | None
Sarah | None
April | None
AJ | None
Dave | None
Bri | None
Matt | None
Jessica | None
Jonny | None
Joseph | None
Derek | None
Tiffany | None
Chance | None
Alison | None
Bette | None
Eon | None
Michele | None
Tavia | None
Antonio | None
Coronel | None
Peter | None
Sharri | None
Lina | None
Rene | None
Lori | None
Wafa | None
Mary | None
Joshua | None
Susan | None
Randie | None
Monica | None
Andrew | None
Ravi | None
Rajat | None
Anuj | None
Nitish | None
Km | None
Golu | None
Daniel | None
utkarsh.rastogit | None
Anand | None
Shalabh | None
Prabhakar | None
Sumit | None
Abhishek | None
Rajnee | None
Abhishek | None
Varsha | None
Mohit | None
Puja | None
Sandeep | None
Aditya | None
Tejshree | None
Anjali | None
Suryansh | None
Megha | None
Abhishek | None
Himanshu | None
Pooja | None
Michael | None
Kathryn | None
Hannah | None
Dana | None
Catalina | None
Aryn | None
Andy | None
Aaron | None
Kelly | None
Alex | None
Caitlyn | None
Steven | None
Rachel | None
Chelsey | None
Ann | None
Brandon | None
Madison | None
Lindsay | None
Brad | None
Tierra | None
Matia | None
Destiny | None
Sean | None
Harry | None
Charleigh | None
Erika | None
Jake | None
Isabelle | None
Matt | None
Kylen | None
Dana | None
lance | None
James | None
Sarah | None
Romita | None
Payton | None
Morgan | None
Katelin | None
Laura | None
Isabelle | None
Donald | None
Natalie | None
Rebecca | None
Stephen | None
Scotty | None
Tia | None
Teejay | None
Marc | None
Tom | None
Seve | None
Christopher | None
Megan | None
Fred | None
Daniel | None
John | None
George | None
Mike | None
Andrew | None
Lynn | None
Walt | None
Vincent | None
Joseph | None
Kristen | None
Hampton | None
Justin | None
Kody | None
Ashlyn | None
Frank | None
David | None
Courtney | None
Cole | None
Cooper | None
Brynna | None
Andria | None
Abi | None
Alex | None
Alecka | None
Angela | None
Brittany | None
Brian | None
Luke | None
Liz | None
Kayleigh | None
Patrick | None
Reichell | None
Kiersten | None
Kevin | None
William | None
Victoria | None
Tuan | None
Taylor | None
Claire | None
Peter | None
Phil | None
Mike | None
Matt | None
Mark | None
Mario | None
Nicholas | None
Paul | None
Branigan | None
david | None
Sean | None
Victoria | None
Michael | None
Tuan | None
Chelsea | None
Amanda | None
DeLisa | None
John | None
Jason | None
Cristina | None
Mark | None
Christen | None
lindsey | None
David | None
John | None
Chris | None
Kristen | None
George | None
Senia | None
Roseanne | None
Lisa | None
Lindsey | None
Lina | None
Meghan | None
Alliance | None
Gary | None
Douglas | None
Arleen | None
Shelley | None
Steve | None
Niloofar | None
Scott | None
Tina | None
Brittany | None
Ally | None
David | None
Robert | None
Douglas | None
Aaron | None
Taylor | None
Tara | None
Susan | None
Michael | None
Richard | None
Daria | None
Jack | None
Vincent | None
Kerry | None
Bob | None
Jane | None
Tony | None
Brittany | None
Ryan | None
Lisa | None
Claudia | None
Matt | None
Irina | None
Keenex | None
Shem | None
Lauren | None
Teri | None
Leanna | None
Lyndsey | None
James | None
Erika | None
David | None
Joseph | None
Antonio | None
Cris | None
Ella | None
Jolene | None
Benji | None
Shelby | None
Logan | None
Amanda | None
Dheryld | None
Claire | None
Monya | None
Denis | None
Adam | None
Raquel | None
Loretta | None
Caroline | None
Ad | None
James | None
Jason | None
Vanessa | None
Samantha | None
Kim | None
Wayne | None
Jeffrey | None
Suzanne | None
Mihaela | None
Jenna | None
Khalil | None
Jonas | None
Filbert | None
Eric | None
Dragos | None
Andreea | None
Kere | None
Jonathan | None
Christopher | None
Benjamin | None
Lalo | None
Nelly | None
Jacob | None
Emre | None
Eric | None
Lauren | None
Temitope | None
Michael | None
Peter | None
Vladimir | None
Kalas | None
Mamta | None
Joe | None
Ryan | None
Patrick | None
Linda | None
Doug | None
Jerry | None
Brian | None
Alicia | None
Kevin | None
Melissa | None
Scott | None
Jon | None
Jake | None
Lynn | None
Sarah | None
Jeffrey | None
Terri | None
Ncrcom | None
Christy | None
C. | None
Clarence | None
Jessica | None
Don | None
Jim | None
Michael | None
Brent | None
Christy | None
Christy | None
Monica | None
Terri | None
Mark | None
Clarence | None
Lauren | None
Lauren | None
Ben | None
Brent | None
Doug | None
Terri | None
Don | None
Jodi | None
Lauren | None
Jake | None
John | None
Alex | None
Avalon | None
Joyce | None
Jaimil | None
Jennifer | None
Jarell | None
Jason | None
Julia | None
Julia | None
Jyot | None
Joshua | None
Joanna | None
John | None
Imelda | None
Greg | None
Gaurav | None
Grace | None
Grace | None
Giuseppe | None
Hayley | None
Hartej | None
Harshita | None
Ishani | None
JC | None
Jennifer | None
Kari | None
Joshua | None
Greg | None
Julio | None
Juli | None
Jabeen | None
Jessica | None
Khafila | None
Krystal | None
Kelly | None
Kassi | None
Katie | None
Komal | None
Kailyn | None
Kaytlin | None
Kelsi | None
Kensei | None
Katie | None
Jessie | None
Kandace | None
Emily | None
Erik | None
Erica | None
Ed | None
Emily | None
Eber | None
Emily | None
Federica | None
Frank | None
Jana | None
Jodi | None
Jitendra | None
Jitender | None
Alex | None
Fayth | None
Laura | None
Lalit | None
Lissette | None
Logan | None
Alex | None
Adrian | None
Luke | None
Lizzy | None
Lauren | None
Anisha | None
Adam | None
Lara | None
Molly | None
Matthieu | None
Luke | None
Melida | None
Meredith | None
Michelle | None
Michael | None
Malvika | None
Mohit | None
Meredith | None
Mary | None
Marta | None
Marina | None
Alise | None
Alexis | None
Alona | None
Sam | None
Michael | None
Lauren | None
Laura | None
Lisa | None
Tejas | None
Tanya | None
Tasha | None
Tania | None
Tim | None
Tricia | None
Thomas | None
Rico | None
Selene | None
Sravan | None
Savannah | None
Shivangi | None
Sean | None
Sanjana | None
Shivraj | None
Stephanie | None
Stacy | None
Samantha | None
Shivam | None
Sara | None
Sam | None
Ashish | None
Adriana | None
Kirti | None
Kenzie | None
Kelvin | None
Karen | None
Kim | None
Laurie | None
Sarah | None
Sheena | None
Stephen | None
Shari | None
Michelle | None
Magno | None
Megha | None
Melissa | None
Mohit | None
Mathangi | None
Miriam | None
Marcus | None
Michelle | None
Mike | None
Marissa | None
Nadia | None
Nishtha | None
Nada | None
Nita | None
Nita | None
Nathan | None
Nikki | None
Nancy | None
Nicholas | None
Nicole | None
Olivia | None
Pat | None
Paul | None
Patrick | None
Patrick | None
Ping | None
Rishabh | None
Rupria | None
Ryan | None
Tashana | None
April | None
Alison | None
Sarah | None
Suzana | None
Sharon | None
amit | None
Aishwarya | None
Antonina | None
Aakanksha | None
Elizabeth | None
Kimberly | None
Ashley | None
Alberto | None
Alex | None
Abby | None
Stephanie | None
Sarah | None
Sara | None
Sheena | None
Savanna | None
Simran | None
Saqif | None
Aubrey | None
Arshi | None
Ritika | None
Ragan | None
Rachel | None
Robert | None
Robin | None
Ryan | None
Rich | None
Alex | None
Tyler | None
Scarlet | None
Amanda | None
Cris | None
Cavan | None
Chanise | None
Cristine | None
Caleb | None
Connie | None
Carolin | None
Darek | None
Chris | None
Tanmay | None
Divya | None
Dipti | None
Danielle | None
Daniel | None
Dei | None
Daniel | None
David | None
Dawn | None
Dan | None
Clydia | None
Cameron | None
Christa | None
Gemma | None
Anushtha | None
Anne | None
Alan | None
Amy | None
Andrea | None
Brad | None
Bernita | None
Brett | None
Beth | None
Brendan | None
Brandon | None
Bry | None
Ben | None
Charlotte | None
Cheryl | None
Christopher | None
Cassidy | None
Christopher | None
Dayna | None
Dezaray | None
Rachana | None
Andrew | None
Ari | None
Vasundhara | None
Vibha | None
Victoria | None
Vincent | None
Vennela | None
Winnie | None
YASHIKA | None
Yaryna | None
Yennah | None
Michael | None
Brian | None
Swamy | None
John | None
Raudy | None
TJ | None
Jessica | None
Lisa | None
Nicholas | None
Rachel | None
Christian | None
Mike | None
SOUMALI | None
Jillian | None
Michael | None
Hannah | None
Jeff | None
Martha | None
Stephanie | None
Brock | None
Patty | None
Chad | None
Annalee | None
Charles | None
Jeff | None
John | None
Alex | None
Scott | None
Glenn | None
Viraj | None
Michael | None
Ryan | None
Jacquelyn | None
Jacqueline | None
Hiren | None
Tino | None
Hanan | None
Lisa | None
Adam | None
Tressa | None
Shaunna | None
Catherine | None
Nicole | None
Erica | None
Carl | None
Cyndy | None
Jill | None
Pamela | None
TJ Stepanovich | None
Nicole Gutierrez | None
Michelle Boudreau | None
Jill Archbold | None
Zachary Baliva | None
Patrick Brown | None
Brian McGuire | None
Kathryn Seyfarth | None
Jackson Holdaway | None
Sara Tonnis | None
Anthony Turyn | None
Kristine Hall | None
David Dasher | None
Mitch Galligan | None
Teddy Dwyer | None
Chris Klinkner | None
A.J. Harris | None
Beth Smith | None
Angela Hannam | None
Hugh Paxton | None
Shaday Dillard | None
Brian Danihel | None
Andrew Reyes | None
Devin S. | None
Brianna Banks-Oliver | None
Jerrold Donato | None
Obioma Okonko | None
Keane Cheng | None
Denise Roberts | None
Paul Hastings | None
Jasmijn F. | None
Lucas Sambugaro | None
Jay Hollis | None
Kim Thomas | None
Stephany Lerer McCollum | None
Robert S. | None
Annie Torres | None
Allison Dadoun | None
Brendan O'Connor | None
Francisco Guerra | None
Austin Davis | None
Lynzey Baker-Larson | None
Mark Magruder | None
Rachele Officier | None
Lori Workman | None
Gary Ngo | None
Kari Wright | None
Steve Kletzok | None
Leslie Eubanks | None
Kevin Hollinger | None
Erik Soderstrom | None
Rod Johnson | None
Darren Benskin | None
David Jones | None
KAHEALANI KANE | None
Gunes S. | None
Matthew D. | None
Tsin Wing Hung | None
Darrin House | None
David Li | None
Annette Boone | None
Chris Wilson | None
Jack Seymour | None
Steve Shriver | None
Andreas Huebner | None
Jamie Zdybek | None
Trenity W. | None
Seljan Zeynalova | None
Tom Nesler | None
Aaron Goldberg | None
Mark Kopmann | None
Ian Lanning | None
Dustin Ruskell | None
Mark Felt | None
Mike S. | None
Aleece Lipes | None
Dave Lalor | None
Joe Galati | None
Grant Hovik | None
Matthew P. | None
Bailey Youngblood | None
Curtis Dixon | None
Christian Smith | None
Michael Hall | None
edbrian perez | None
Brooke Farley | None
Eva Yip | None
Yuchi Hung | None
Suzie Davidson | None
Michael Decillis | None
Emanuel Quezada | None
Jerry Digdigan | None
Matt McAdams | None
Nicole Tognotti | None
Peter Klaebe | None
Brian Feltham | None
Adam Foelsch | None
Bobbi Hekkanen | None
Brett Wightman | None
Sarah Duenwald | None
Brandon Roake | None
Sarah Morriss | None
Dan Anajovich | None
David Jordan | None
Jonathan H. | None
Bryan Wolcott | None
Carlos Nelson | None
Forrest Daniels | None
Cheri Lowe | None
Jacob Staudt | None
Daisy Noto | None
Dallas Wilson | None
Kalana Tipton | None
mike gallardo | None
Cassidy Williams | None
LaChelle Cook | None
Jordan Fishburn | None
Jesse Griswold | None
TeSheila B. | None
Sean Costello | None
Nicole Chapa | None
Shari Doran | None
Meredith Crosby | None
Alexia Dudley | None
Karissa Thelen | None
David Neira | None
Kadean Kendall | None
Mary Ann Velnetske | None
Dontrell Fells | None
Michael Mueller | None
Lucy Vang | None
Charles Quinn | None
Lee Mueller | None
Paul Bachhuber | None
Alysia Thao | None
Julie Bergeron | None
Ramon V. | None
Patrick Howell | None
Victoria Robinson | None
Daizy G. | None
BROOKE RAMOS | None
James Andre | None
Daniel Reposh | None
Daniel Huffman | None
Kathi Koenig | None
Patrick Ngueguim | None
Laura Lovell | None
Celine W. | None
James Midgett | None
Shelby Horn | None
Matt Hopfer | None
Cooper Cathcart | None
Melinda Etnyre | None
Nelli O. | None
Fred Lutzeier | None
Jerry Wilkerson | None
Judy Giacoma | None
Joel Williams | None
Laci Trevino Sarlls | None
Barry Wallis | None
Geetha A. | None
Kala Chase | None
Julie Kimps | None
Jon Landis | None
Jennifer Boomgarden | None
Jill Ferris | None
Jacob F. | None
Hailey Green | None
Lisa Bradley | None
Alex Miller | None
Nashita Mazhar | None
Maceo Allen | None
Jenny Wilhelm | None
Grace LoCoco | None
Brittny Calkins-Karnes | None
Nanine Barnes | None
Vicki Schroeder | None
Linda Gibson | None
Diana Weiss | None
Kelli O'Mara | None
Hunter Frost | None
Mark Joseph | None
Juliet John O | None
Abiodun Belo | None
Donald Birth | None
Ifedamola Adisa | None
Eddy Ruhana | None
Don Kincaid | None
Tim Powers | None
Jonathan Hill | None
Jean Miller | None
Lewis Botello | None
Katelyn James | None
Adebimpe Oladesu | None
Taylor T. | None
Tricia Radoff | None
Evelina Longoria | None
Monique Smith | None
Rachel Clawson | None
Cindy Connel | None
Desiree Orsot | None
Brian M. Legg | None
Rick Weld | None
Jeana Watson | None
Leslie Ochoa | None
Todd Waite | None
Leshter Delgado | None
ABIODUN A | None
Jimmy Toriola | None
Jane Mangiafico | None
Kim Bennett | None
Nellie Bakuwa | None
Shwan Mustafa | None
Sierra Vara (Boyd) | None
Dave Combs | None
Marc Anthony | None
Hector "Eloy" Gutierrez | None
Kirsys Marte-Chavez | None
Ifoma Mbah | None
Gary Fesenbek | None
Celso Chavarri | None
Danielle Lewis-Payne | None
Melinda Wetzel | None
John Lovell | None
Dee M. | None
Kathy Miller | None
Diana Arias | None
Amy Smart | None
Shanterra Reign Smith Amon Quarcoo | None
Carl Morgan | None
Mark Griffith | None
Jesse Rivas | None
Jonathan Adeniyi | None
Janet Kayode | None
Keith Allison | None
Kirstin Moore | None
Stephanie M. | None
Audrey M. Soto | None
Omotayo Oloyade | None
Onome Igbeyi | None
Ron James | None
Maureen Fitzgerald | None
Kit Little | None
Brett Martin | None
Naomi Emilimor | None
Lorena Ruiz | None
Jarrett Gunnels | None
Michael Martinez Jr. | None
Bridget Canterbury | None
Shanetta Clayton | None
Jose Rivera Zambrano | None
Anthony Pedroza | None
Jane Ross | None
Azeez Kehinde | None
Evan Armstrong | None
Gaye Unverferth | None
Macy Fenton | None
Joshua Ngo | None
Scott Cryer | None
Abraham Hiel | None
Krystie Reidhead-Watson | None
Victor Salako | None
Jack E. | None
Adriana Rojo | None
Jade Heide | None
Jacob Barr | None
Jaime Padilla | None
William Sherman | None
Santiago Quinio | None
Renee Johnstone | None
Matt Oakley | None
Alec Caprarella | None
Lee Wallace | None
Stephen Marconcini | None
Jamie S. Smith | None
Richard Eldridge | None
Julianna Crudele | None
Lillie Fuller | None
Matthew Howard | None
Wyatt Akins | None
AJ Groff | None
Tammy McEwin | None
Aleks M. | None
Matt Birmingham | None
Jerome Bunkers | None
David Seils | None
Jade T. | None
Bruce Eigenberger | None
Ben Weddle | None
Maureen Roderick | None
Derrick Brockel | None
Elena Gray | None
Amanda Bautista | None
Casey Feasby | None
Jeremy Calvin | None
David Taylor | None
Jay Bolt | None
Clay Taylor | None
Mycael Spear | None
Becky Lau | None
Sarah Pasley | None
Nila Kershner | None
Fred Stradling | None
Ivan Thomas | None
Clarke Smith | None
Nikki Haag | None
Landon Fowler | None
Andrea Thompson | None
Danny F. | None
Evan Darling | None
Marc Galardy | None
Michelle P. | None
Danny Wahl | None
Cari Pearson | None
Christopher Siemon | None
Sharon Carter | None
Sydney Smith | None
Wendy Taylor | None
Stephen Veith | None
Sebastian Adam Prokuski | None
Melanie Asiedu-ofei | None
Amanda Moss | None
Zachary Salladay | None
Marc Muklewicz | None
Sherick B. | None
John Monroe | None
Shilouette Taylor | None
Kevin Hanson | None
Debadrita Pratihar | None
Jessica Felt | None
Liberato Dinglasan | None
John Krohn | None
Annie John | None
Kristy Hendel | None
Josh Franzen | None
Jim C. | None
John Duffy | None
Luke Thoreson | None
Michael Heil | None
Susan Unger | None
Sam Skoyen | None
Roxanne Avise | None
Dave Darling | None
Leslie LaLonde | None
Kathryn Jesperson | None
Matt Jackson | None
Rhonda Croke | None
Janice Stifelman | None
Sheila Hedin | None
Martin Orji | None
Jackie Sullivan | None
Jenny Coughlin (Laspesa) | None
Nick Brady | None
Anthony V. | None
Paige Evans | None
Athens Springer | None
Mitchell Fanter | None
Ramiro Gonzalez | None
Ken Blanck | None
William Watkins | None
Kerry Burrell | None
Janet Wheatman | None
Allyson Catanese | None
Theresa Anderson | None
DAVID WALTON | None
Melissa Senkoski | None
Ann Harmon | None
Steve Mart | None
Holly Nelson | None
Brent Hayes | None
Steve B. | None
AARON ROBINSON | None
Sheila Shermetaro | None
Molly McGovern | None
Danielle Reid | None
Brian Hicks | None
Terrie Donaldson | None
Richard Arechar | None
Joe McGinn | None
Dave Bencko | None
Teri Zeithammel | None
Robert McGee | None
Maricela Gamboa | None
Priya Prakash Nayak | None
Missy | None
Aaron Losik | None
Geoffrey | None
Melissa | None
Angel | None
Fawn | None
John | None
Gary | None
Gregory | None
Matthew | None
Matthew | None
Billy | None
Carolyn | None
Zia | None
Gregory | None
Andrew | None
Mahmoud | None
Ajit | None
Jaheer | None
Courtney | None
Ryan | None
Frank | None
Jarrett | None
Osman | None
Santhana | None
Patricia | None
Abimbola | None
Jesus | None
Mike | None
Auraum | None
Tara | None
Chad | None
David | None
Ryan | None
Mary | None
Lauren | None
Matthew | None
Devon | None
John | None
Caitlin | None
Karen | None
Larry | None
Chris | None
Tony | None
Kim | None
Brooke | None
Mario | None
MaryLynn | None
Patrick | None
Ignacio | None
Margie | None
Collin | None
Anthony | None
Alonnah | None
Kate | None
Isaac | None
Ivan | None
Monica | None
Ranal | None
Gaye | None
Nikki | None
John | None
Tej | None
Laveita | None
Danielle | None
Hunter | None
Leah | None
Vijay | None
Tavon | None
Michael | None
Logan | None
Maxx | None
Amy | None
Brettany | None
Megan | None
Nora | None
Robert | None
Kim | None
Michelle | None
Jonathan | None
Jennifer | None
Whitney | None
Quinn | None
Dan | None
Clay | None
Kevin | None
Dan | None
Sunil | None
Leo | None
Scott | None
Caroline | None
Nicholas | None
Jesse | None
Maureen | None
Matt | None
Tom | None
Kathy | None
Brian | None
Kerin | None
Eric | None
Thomas | None
Randy | None
Dustin | None
JeCorey | None
Cornel | None
Ed | None
Ashleigh | None
Christine | None
Tim | None
Lily | None
Ravi | None
Nathan | None
Patrick | None
Ian | None
Michael | None
Femi | None
Arthi | None
Dinesh | None
Kendra | None
Jennifer | None
Kristina | None
Christian | None
Anthony | None
Melissa | None
Wyatt | None
Will | None
Jeremy | None
Alan | None
Jeffrey | None
Ankitha | None
Madhumitha | None
Bhoopendra | None
Agnes | None
Prasanth | None
Meenaka | None
Jerusha | None
Charan | None
Nishant | None
Rakesh | None
Utkarsh | None
Nivedhitha | None
Aakash | None
Saichand | None
Harshitha | None
Ramya | None
Saniya | None
Manichandana | None
Taufique | None
Chirag | None
Oman | None
Boin | None
Manigandan | None
Nibedita | None
Kumar | None
Rafel | None
Sayali | None
Bhavana | None
Sadaf | None
Sharmila | None
Radhika | None
Beulah | None
Divyaa | None
Bhavya | None
Anurag | None
Bhaswar | None
Anisha | None
Inês | None
Mohan | None
Maniprasad | None
Sudarshan | None
Tanuja | None
Pooja | None
Shubham | None
Madhu | None
Shubham | None
Srichandana | None
Parna | None
Sindhu | None
Bondili | None
Keerthi | None
Karimullah | None
Aahana | None
Amit | None
Pravesh | None
Ankita | None
Priya | None
Bairava | None
Pavana | None
Ritam | None
Kuntal | None
Rubitha | None
Amita | None
Puja | None
Sreedhar | None
Berkiel | None
Angel | None
Gabriel | None
Debby | None
David | None
Jeremy | None
Kate Heck | None
Harish | None
Scott | None
Casey | None
Nate | None
Christy | None
Melissa | None
Mahdi | None
Jordan | None
Frank | None
Joe | None
Hannah | None
Joseph | None
Jennifer | None
Chris | None
David | None
Alex | None
Vamsi | None
Becky | None
Jon | None
John | None
Eric | None
Jedidiah | None
Amanda | None
Ravinder | None
Frederick | None
Priyadarshi | None
Aparna | None
Neha | None
N | None
Leena | None
Priyanka | None
Spandana | None
Amrapali | None
Nagaswetha | None
Mohammed | None
Tejaswini | None
Aindrila | None
Priyanka | None
Mercy | None
Kumar | None
Carrie | None
Paul | None
Stacey | None
Heather | None
Sylvia | None
Tyler | None
Aron | None
Blake | None
Lainey | None
Bekir | None
Serhiy | None
Jaramis | None
Jay | None
Melissa | None
Tarun | None
Amrita | None
Laura | None
Evan | None
Rachana | None
Perry | None
Jerlys | None
Kyle | None
Grant | None
Alex | None
Jennifer | None
William | None
Tripty | None
Vandana | None
Darla | None
Emma | None
Shannon | None
Kaley | None
Rachel | None
Miguel | None
Ben | None
Destanee | None
Michael | None
Oliver | None
Israel | None
Frances | None
Judy | None
Jasmine | None
Alisa | None
Tom | None
Brianna | None
Michael | None
George | None
Claudia | None
Njouojouo | None
Mojeed | None
JR | None
Aaron | None
Justin | None
Swathi | None
Ayodele | None
Nicole | None
Brenda | None
Jim | None
Tonna | None
Charles | None
Cam | None
Cori | None
AJ | None
Victor | None
Eddie | None
Raul | None
John | None
Collin | None
Hemachandra | None
Lauren | None
Owolabi | None
Todd | None
Tamika | None
Naomi | None
Kimberly | None
Andrea | None
Steven | None
Terence | None
Carmen | None
kazeem | None
Naina | None
Mukunda | None
Michele | None
Nathan | None
Joshua | None
Shubham | None
Nick | None
Subhankar | None
Avishek | None
Sasi | None
Valentina | None
Ashley | None
Kelly | None
Venkata | None
Temi | None
Tim | None
Stephanie | None
Eileen | None
Emily | None
Kelly | None
Patrick | None
Melinda | None
Sunil | None
Charlotte | None
Patricia | None
George | None
lewis | None
Donna | None
Liz | None
Shawn | None
Hemant | None
Dahnay | None
Robert | None
Angela | None
Charles | None
Trey | None
Evan | None
Lauren | None
Matthew | None
Fausto | None
Chandelle | None
Dudley | None
Joe | None
Steven | None
Clay | None
Sushank | None
Hannah | None
Maurice | None
Calvin | None
Sam | None
Randy | None
Michelle | None
Angela | None
Nolan | None
Justin | None
Tim | None
Jason | None
Christian | None
Kyle | None
Christina | None
Jim | None
William | None
Paul | None
Sandeep | None
Tracey | None
Lawrence | None
Shawn | None
Fady | None
Haadie | None
Morgan | None
Jim | None
Dave | None
Angela | None
Cody | None
Michael | None
Cortney | None
Sydney | None
Corey | None
Diksha | None
Jacqueline | None
Jamie | None
Jamie | None
Aldel | None
Sai | None
Austin | None
Katie | None
Sonu | None
Anvesh | None
Michael | None
Venkata | None
Rachana | None
Ashish | None
Christo | None
sharoon | None
Krystal | None
Stephanie | None
Caitlin | None
Deborah | None
Eric | None
Sandra | None
Toriano | None
David | None
Jackie | None
Cathy | None
Hitesh | None
Brandie | None
Melissa | None
Jennifer | None
NiiOblie | None
Colby | None
Kareen | None
Denise | None
Justin | None
Sikiru | None
Kevin | None
Natasha | None
Deborah | None
Michele | None
Jose | None
Shamil | None
Patrice | None
Kerry | None
Tomi | None
Thomas | None
Kye | None
Dalton | None
Nanette | None
Scott | None
Ravi | None
Shweta | None
Shaheen | None
Michael | None
Tashe | None
Susan | None
Draven | None
Brock | None
Alex | None
Clifford | None
David | None
Roy | None
Christopher | None
Amy | None
Margaret | None
Michael | None
Brenda | None
Jenny | None
Carrie | None
Troy | None
Bess | None
Sam | None
Delmont | None
Cheryn | None
Angela | None
Michael | None
Teresa | None
Lakecia | None
Terricka | None
Tammy | None
Stefan | None
Rosiland | None
Justin | None
Kelly | None
Joe | None
Al | None
Vishal | None
Shubham | None
Herman | None
Rehan | None
Bhagyashri | None
Jon | None
Ria | None
Mark | None
Shubham | None
Ramesh | None
Durga | None
Kurt | None
Abirami | None
Shivani | None
SHAKIL | None
Rohini | None
Mohammed | None
Rajesh | None
Jennifer | None
Mohammad | None
Daniel | None
Sachin | None
Mike | None
Gregory | None
Shelley | None
Paul | None
Anthony | None
Constance | None
Rich | None
Emma | None
Lauren | None
Priyam | None
Sakshi | None
Jeannie | None
Cristina | None
Irving | None
Jubi | None
Destanee | None
Benjamin | None
Lydia | None
Kevin | None
Aram | None
Owen | None
Melissa | None
Irene | None
Josh | None
Rocío | None
Sherick | None
James | None
Sandra | None
Alessia | None
Jennifer | None
Chase | None
Ashley | None
Sophie | None
Hayley | None
Amy | None
Cooper | None
Jacob | None
Yasmin | None
Farah | None
Rehan | None
Douglas | None
Jeanne | None
Kathrine | None
Tomy | None
Felipe | None
Cathrine | None
Marc | None
Sheri | None
Bethany | None
Diana | None
Camille | None
Karen | None
Paola | None
Alisa | None
Jacqueline | None
Maciej | None
Kathryn | None
Behrang | None
Deborah | None
Cam | None
Tracy | None
Itzel | None
Maria | None
Marcus | None
Ouria | None
Sarah | None
Tracey | None
Niya | None
Vladyslav | None
Arjun | None
Maxx | None
Paul | None
Myriam | None
Dan | None
Dave | None
Claudia | None
Domingo | None
Nurul | None
Ryan | None
Marie | None
Joana | None
Jackie | None
Stephanie | None
Mary | None
Koteswarao | None
Noemi | None
Jeanette | None
Michele | None
Arti | None
Francesca | None
Tiago | None
Krystal | None
Tina | None
Jon | None
Charles | None
Ishfaq | None
Emma | None
Richard | None
Charlie | None
Ren | None
Samantha | None
Roderick | None
José | None
Sy | None
Margaret | None
Shannon | None
Saranya | None
Anvesh | None
Nick | None
Will | None
Jessie | None
Allison | None
Marek | None
S | None
Lindsay | None
Daniel | None
Mark | None
Sabrina | None
Jordan | None
Kavitha | None
Anthony | None
David | None
Dilip | None
Charlotte | None
Matt | None
Christina | None
Jared | None
Jessica | None
Bryce | None
Benjamin | None
Rachana | None
Evan | None
Jackie | None
Andrew | None
Andrea | None
Ashish | None
Zhang | None
Alexis | None
Yasmine | None
Kate | None
Nicolette | None
Alison | None
Taylor | None
Mario | None
Aisha | None
Brennan | None
Lindsay | None
Devan | None
Sahitya | None
Brendan | None
Tania | None
Monica | None
Peter | None
Aziz | None
Christine | None
Alyssa | None
Vandana | None
Elisa | None
Isaac | None
Madhuri | None
Gabby | None
Kalyan | None
Julie | None
Joshua | None
Charles | None
J | None
Alexander | None
Todd------ | None
Haadie | None
Alyssa | None
Melissa | None
Brendan | None
Kevin | None
Laura | None
Kris | None
Adriana | None
Lawrence | None
Lindsay | None
Kit | None
Richard | None
Noemi | None
Ana | None
Daizy | None
Tripty | None
Michelle | None
Howard | None
Allison | None
Jenifer | None
Anthony | None
David | None
Mary | None
Paul | None
Ravi | None
Will | None
Velmurugan | None
Kumar | None
Kathrine | None
Steve | None
Antwon | None
Douglas | None
Sam | None
Sagar | None
Justin | None
Valdemar | None
Guillaume | None
Anthony | None
alexandra | None
Spencer | None
Paige | None
Kelly | None
Kaylie | None
Jessica | None
Aaron | None
Tracey | None
Lydia | None
LinkedIn | None
Whitney | None
Arielle | None
Brittany | None
Collin | None
M | None
Naina | None
Denver | None
Michelle | None
Patrick | None
Alejandro | None
Elric | None
Sam | None
Kyle | None
Darla | None
George | None
Nalla | None
Tripty | None
Julie | None
Logan | None
Katia | None
Justin | None
Samantha | None
Yasmin | None
Diane | None
Eric | None
Jonathan | None
Spencer | None
Annie | None
Connor | None
Louis | None
Alejandra | None
Sly | None
Rachel | None
Yash | None
Ruth | None
Suman | None
Jennifer | None
Marc | None
Philip | None
Saisena | None
Daniel | None
Renee | None
Sierra | None
Mike | None
Cole | None
Stephane | None
Romain | None
Pragati | None
Linda | None
Sunny | None
Sidra | None
Joanne | None
Robert | None
Mayuri | None
Nabanita | None
Kritika | None
Jhuma | None
Hema | None
Bestha | None
Sampoorna | None
Sushma | None
Krishna | None
Rashim | None
Haritha | None
Mohd | None
Richard | None
Neetika | None
Bhagya | None
Meena | None
Joao | None
Dhanashri | None
Mahesh | None
Siripireddy | None
Soumya | None
Kavitha | None
Rinki | None
Rohit | None
Neha | None
Pallavi | None
Anant | None
Gauri | None
Fouziya | None
Taanaya | None
Ben | None
Paul | None
Laura | None
Mary | None
Micha | None
Cristina | None
Bianca | None
Mohamed | None
Katie | None
Jason | None
Amanda | None
Antara | None
Alyssa | None
Carmen | None
Quinton | None
Pratik | None
Anna | None
Ani | None
Amira | None
Davide | None
Dipak | None
Payal | None
Sonia | None
Shiva | None
Sunny | None
Soumi | None
KSayeeda | None
Ragini | None
Kirk | None
Vaishnavi | None
Shealita | None
Prathibha | None
Jayeeta | None
Abhipsa | None
Sandhyarani | None
Srikanth | None
Prasanna | None
Tanisha | None
Rita | None
Surekha | None
John | None
Swathi | None
Thilagavathi | None
Srinu | None
Dara | None
Sathish | None
Abhilash | None
Arpita | None
Monischa | None
Christine | None
Joshuva | None
Dalia | None
Mohammed | None
Shivalika | None
Gowtham | None
Rajashekar | None
Jyotsana | None
Prasanna | None
Girish | None
Shannon | None
Rehan | None
Neha | None
Sweedel | None
Rachana | None
Sonalika | None
Jai | None
Gaurav | None
Dipti | None
Michael | None
Anjali | None
Heron | None
Bhavika | None
Arijit | None
Shubham | None
Pallavi | None
Surya | None
Arijit | None
Krish | None
Elite | None
Lakshmi | None
Prasad | None
AJ | None
Jyoti | None
Anuradha | None
Harsha | None
Vamshi | None
Syed | None
Thyadi | None
Prerna | None
Kavya | None
Nithya | None
Sushree | None
Naina | None
Amruta | None
Vijaya | None
Marta | None
Oxana | None
Craig | None
Luís | None
Steve | None
Eric | None
Fallon | None
Giulia | None
Yu-Chen | None
Moran | None
Carrie | None
Noy | None
Salvador | None
Yash | None
Ryan | None
Mickenzie | None
Vidhi | None
Letizia | None
Nolan | None
Tracey | None
Chad | None
Nicole | None
Luke | None
Mary | None
Miquel | None
Andrea | None
Myles | None
Austin | None
Michael | None
Iris | None
Harsha | None
Nádia | None
Viviana | None
Susana | None
Cassyn | None
Matt | None
Starsha | None
José | None
Sofia | None
Xena | None
Anne | None
Leah | None
Arturo | None
Vince | None
Alberto | None
Jane | None
Carlos | None
Troy | None
Corey | None
Ana | None
Luna | None
Carolina | None
Mickell | None
David | None
Kia | None
Patrícia | None
Itzel | None
Kathleen | None
Polly | None
Cindy | None
Rehan | None
Tony | None
Susan | None
Donna | None
Chad | None
Sheliza | None
Devon | None
Arjun | None
Lidia | None
Swamy | None
Satya | None
Undavalli | None
Javier | None
Ron | None
Randy | None
Lynn | None
Anna | None
Gene | None
Yvonne | None
Marina | None
Adhara | None
Joshua | None
Ishfaq | None
Borja | None
Federico | None
Connor | None
Timothy | None
Agata | None
Harris | None
Katiuscia | None
Samantha | None
Liliana | None
Guillaume | None
Suvarna | None
Jintha | None
Maria | None
Marta | None
Emanuele | None
Jon | None
Thomas | None
Durga | None
Jack | None
Jeanne | None
Christina | None
Jeanne | None
Destanee | None
Amelia | None
Céline | None
Melissa | None
Sandra | None
Rodrigo | None
Gal | None
Jacob | None
Ravi | None
Myriam | None
Melanie | None
Ana | None
Martina | None
Barbara | None
Sabrina | None
Dilip | None
Kareonno | None
Jennifer | None
Alex | None
Megan | None
Joana | None
Sara | None
Priyanka | None
Farhana | None
Dara | None
Enita | None
Mary | None
Anastasia | None
Victoria | None
Jamie Rivera | None
Jonathan A. Coad | None
Gabby Scaglione | None
Anna Tatar (Ladanyi) | None
Jeffrey Smith | None
Tye Mason Jr. | None
Andres Idarraga | None
Adam Veazie | None
Richard Faircloth | None
Elise De Villiers | None
Saara Tampio | None
David Rodriguez | None
Timothy Shelfer | None
Samantha Phillips | None
Michelle Butler | None
Stacey Mendoza | None
David Tyrie | None
Amy Paluso | None
Michael Waver | None
Robert Murphy | None
Jason Allan | None
Cedric Benjamin | None
Lawrence Joseph | None
Kaitlyn F. | None
Andres Ramirez Ortiz | None
Thaddeus Thompkins | None
Pete OGHRE | None
Jill Harlamert | None
Susan Clark | None
Chardaja Adams | None
Roya Milotte | None
Thomas L. Eselin | None
Shina Caldwell | None
Chris James | None
Stephen Natowich | None
Patrick Morris | None
Floyd Thompson | None
Harley Goodwin | None
Madeline Holland | None
Manami S. | None
Jeffrey Bedard | None
Cynthia Sutton | None
Angelia McClanahan | None
Madison Allen | None
Bradley Hatcher | None
Alex Pivchin | None
Sanitra Floyd | None
Benjamin Hazel | None
David Kelley | None
Richard McFarland | None
Michael D. Snell | None
Gary Novy | None
Ralph “Rafael” Dugas | None
Cerena Hardney | None
Baldo Leon | None
Melinda Ibarra | None
Robyn Downard | None
Michael Budhu | None
Ernest Niwore | None
Kellie Hoff | None
Wan Choi | None
Demond Johnson | None
Liz McCormick | None
Devin Martin | None
Tyheim Dyer | None
Princess Baptiste | None
Hunter | None
Georgia | None
Emily | None
Derrick | None
Daisy | None
Connor | None
Connor | None
Caryl | None
Konteint R. | None
Caroline | None
Melanie Moore | None
Melanie Spamer | None
James Arnold | None
Shuron Washington | None
Jequila Lilly | None
Monica Crawford | None
Olu Akanmu | None
Cathy Pearson | None
Kathleen Wall-Spector | None
Jiraporn Ann Huynh | None
Samuel Merchant | None
Kim Arnold | None
Elina Misicka, PhD | None
Windell Camp | None
Brett Cowan | None
Caroline | None
Lynne Blanton | None
Holly C. | None
Marquette Hillery | None
Darren Davis | None
John H. | None
Danielle Watson | None
Stephanie Kearney Small | None
Fredrick Walker | None
Jennifer Roche | None
Karla Ozuyaman | None
Tom Murphy | None
Nicole Anderson | None
Susan Huff | None
Jamal Ibrahim | None
Olando Hall | None
Jalon Amica | None
Alison Sponaas | None
Steve Gleichweit | None
Giovanni Flores | None
Bill R. | None
Candace T. | None
Chris Quaale | None
Amari Tasby | None
Dianne Johnson | None
Felix Abah | None
Haruko Watkins | None
Aniya Lay | None
Riah McNeil | None
Krish Experis | None
Diane Hunt-Cook | None
Latasha L. | None
Anne Marbold | None
Carlio Murray | None
Jennifer B. | None
Shaneoux Forrester | None
Julianne K. | None
Josh Miller | None
Sindy | None
Sarah | None
Samantha | None
Ruth | None
Rolando | None
Robert | None
Rhonda | None
Rachelle | None
Rachel | None
Prudvi | None
Peggy | None
Paul | None
Patrick | None
Tanya | None
Parker | None
Nikki | None
Mitchell | None
Michelle | None
Melissa | None
Maura | None
Makayla | None
Lindsay | None
Linda | None
Lily | None
Lauren | None
Kyle | None
Kobe | None
Klea | None
Noah | None
Tara | None
Teagan | None
Tess | None
Meghan | None
Pedro | None
Katie | None
Drew | None
Katherine | None
Aaron | None
Melissa | None
Amanda | None
Sara | None
Jeshika | None
Travis | None
Rosy | None
Erin | None
Phoenix | None
Irving | None
Vidhi | None
Melanie | None
Alula | None
Tammy | None
George | None
Zack | None
Mario | None
Emilia | None
William | None
Kizzie | None
Glen | None
Keirsten | None
Garrett | None
Tiffany | None
Kimberly | None
Carl | None
Kiley | None
Katie | None
Kimberly Pellom-Fennell | None
Brian French | None
Leon Barber | None
Maria Cabrera | None
Karyn Beach | None
Tiffany Kurth | None
Jessica Spencer | None
Ron Brinson | None
James Jacobs | None
Laura Peeples | None
Renee G. | None
Shawna Williams | None
Cynthia Clarke | None
Deb Hart | None
Scott Jacomb | None
Bailey Butler | None
Sue Fiala | None
Jessica Vazquez | None
Sarah Bethke | None
Sadé Kelly | None
Keegan Fraker | None
Dan Hall | None
Kadeen Balthazar | None
Diane Whitmore | None
Taya D. | None
Ann Schnee | None
Ron Knighton | None
Phil Kaveler | None
James Baldwin | None
Blake Williams | None
Chris Blackstone | None
Josh Stahl | None
Katherine | None
Kate | None
Kara | None
Justin | None
Joycelyn | None
Joseph | None
Joel | None
Jeremy | None
Jenny | None
Jenna | None
Jeannie | None
Jayme | None
Jadyn | None
Jacelyn | None
Joseph Bartolotta | None
Mikhail Usyk | None
Emily Gaines | None
Justin Lamb | None
Chelsea McBeath | None
Costley Bryan | None
Jackson Bissette | None
Bill Corcoran | None
Tasha Moss | None
Shawn Huggins | None
Brian Springs | None
Michael P. | None
Tony Fiel | None
Trudy Sands | None
Don Ralph | None
Katie | None
Joanie | None
Laura Masone | None
Brandon | None
Andrea Dugan | None
Bill Bishop | None
Daria DiTorro | None
Joseph Russo | None
Philip Dye | None
David Taing | None
Christopher Marotta | None
Lisa D'Amelio | None
Allison Weber | None
Kevin Croskey | None
Andrew LeSage | None
Eveliz Aviles | None
Jim Goggin | None
Dalton B. | None
Monee Walker | None
Shawna L. L. | None
T. Danielle F. | None
Derek Hutchinson | None
Spencer Eckis | None
Chris Mahan | None
Craig Martin | None
Philip Arnhold | None
Frederick Brown | None
Amanda Goyer | None
Melissa Tolliver-Lewis | None
Matthew Palumbo | None
Andrew Baumgartner | None
Amanda N. Cropper | None
William T. Barnes | None
Devoralyn Brandon | None
Danielle Budenz | None
Melissa Gambone | None
Josh | None
Joanne | None
Jessie | None
Jenna | None
Jase | None
Jared | None
Jarae | None
James | None
James | None
Jake | None
Henry | None
Heather | None
Glen | None
Susan Sheehan | None
Connor | None
Mark Director | None
Jonathan Rodriguez | None
Spencer Pheil | None
Ben Boyles | None
Seth Bradley | None
Jack | None
Nik Harper | None
Joseph Kiley | None
Brian McGeehan | None
Marjorie Sears-Stillwel | None
Craig Havens | None
Ryan Courtney | None
Larry Holmes | None
Malery | None
Melissa Reynolds | None
Kate Flannery | None
Bill Bryce | None
Shannon Thomas II | None
Maria Mazur | None
Erin B. | None
Brian Varney | None
Ryan S. | None
Robert Hoon | None
Naomi Akinlua | None
Julia Sullivan | None
Bruce Be Vier | None
Alyssa G. | None
Hattie Howell | None
Phil Connor | None
Ali Mubin | None
Daniel I | None
Tom Drooger | None
Craig Lincoln | None
Gary Babst | None
Scott Barker | None
Robert Codd | None
Mindy Kiss | None
Melissa S. | None
Chad Rankin | None
Nhan Le | None
Daniel Nutter | None
Kevin Jordan | None
Al Schroeder | None
Finn Raftery | None
Grant Joyner | None
Elba Huerta | None
Michael Sivils | None
Charles Brashear | None
Deanna Sallee | None
Greg Gingerich | None
Mat Gookin | None
Terrie P. | None
Lee Ulsas | None
Brittany Torres | None
Michael Graham | None
Cayman Kaurich | None
Colin McNeely | None
Evan Yoho | None
Jim Smith | None
Elizabeth Wrasman | None
Brooke Preiser | None
Craig King | None
Jan Szpila | None
George White | None
Cito McClure | None
Tolulope Bello | None
Justin Fortener | None
Alex McKinley | None
Carrie Rockel | None
Sunil Paul | None
Sandy Keneipp | None
Christian Badar | None
Trent Larson | None
Jordan Stewart | None
William Lester | None
Dawon Lee | None
Stephen Murgan | None
Derek Hoppe | None
Josh | None
Mikhail | None
Walter | None
Natalie | None
Robert C | None
Avice Maughan | None
Ezan Kodjo | None
Robert Salay | None
Lucille Fitzsimmons | None
YORLETTY CASSO | None
Rosife Cusi | None
Phyllis Ferro | None
Jack Spataro | None
Alexandria Howley | None
Bradley D Atkinson | None
Alejandra Acosta | None
Sue Raneri | None
Joe Zito | None
B Sanchez | None
Helen Kuhn | None
Andrew Bishop | None
Joy Gundersen | None
Sarah Healy | None
Erin Oberg | None
Bernardo G. | None
Ronald Goldman | None
Barney Polanco | None
Anson Wong | None
Ayo Farai | None
Larry Pfaff | None
Lenny Rod | None
Isaac Olorunisola | None
Nathan Brody | None
April Bolton | None
Jim Sidoti | None
Brandon | None
Jason Ramsey | None
Shay B. | None
Olamide Yusuf | None
Mickell B. | None
Irene Liebensfeld | None
Matthew Patterson | None
Kyle G. | None
Nikhil Bavanasi | None
Andrea McCoy | None
Marion Grounds | None
Amanda | None
Allison | None
Diana Castiello | None
Sandy Bloom | None
Kohl Meyers | None
Stewart Steel | None
Mike Affa | None
Gary Del Grande | None
Nick Picerni | None
Peter Bankuti | None
James Ellis | None
Fatih ER | None
Florencia Soliza-Ilagan | None
Michael Caputo | None
Emmanuel Asante-Krobea | None
Wei Cheng | None
Matthew Kahn | None
Marlene Garcia | None
Mark Mesterman | None
Brian | None
Dawn Roberts | None
Carmelle Fiona Fleury | None
Beau Smith | None
Brad Piper | None
Erica Rodgers | None
Meaghan Eisenhart | None
G.J. Weiss | None
Georgia F. | None
Steve Steklenski | None
Elizabeth Whiting | None
David A. Palladino | None
Jeanette Hand Archetto | None
Christopher Thorn | None
Anna Feldman | None
Lauren Carew | None
Nancy Burris | None
Robert Thomson | None
Tom Riley | None
Alexis | None
Alexander | None
Alex | None
Alex | None
Alan | None
Akeeba | None
Adam | None
Adam | None
Emily | None
Kristopher | None
Annalee | None
Bailee | None
Steve Stephenson | None
Sarah Koehler | None
Wayne Kelley | None
Dani Wright | None
Charlie Ding | None
Afua Boatemaa Poku | None
Gregory Frink | None
Nerissa C. | None
Stephane Touya | None
Maximo Guillen | None
Stephanie Love | None
Lauren Antico | None
Alexandra Gaydos | None
Will C. | None
Brittany Gunn | None
Peter Marus | None
Angela Sterling | None
Carmen Suárez | None
Olexa Capili | None
Kharese Gittens | None
Reina Rosa | None
Mallory McManus | None
Brett Reeves | None
Joshua Eastman | None
Jason Smith | None
Kathleen Hicks | None
Derek Coons | None
Nikki Fitzharris | None
Kevin Ndife | None
Kevin V. | None
Chris Eckman | None
Joyce Hicks | None
Mingcoya Jones | None
Valentine Lugovsky | None
Raymond | None
Jodi Maxson | None
Carolyn | None
Robert | None
Clay | None
Aaron | None
Chris | None
Phil | None
Kia | None
Kathleen | None
Frank | None
Klea | None
Kyler | None
Michele | None
Devyn | None
Mandy | None
Aaron | None
Reid | None
Owen | None
Seth | None
Karly | None
Nick | None
Mack | None
Katie | None
Mady | None
Jackie | None
M’Kenzy | None
Bianca | None
Ashley | None
Tasha | None
Sly | None
Charles | None
Alex | None
Stephen | None
Julia | None
Vince | None
Marla | None
Judi | None
Vu | None
Carol | None
Ashley | None
Elizabeth | None
Julie | None
David | None
Satyam(Sam) | None
Mike | None
Veronica | None
Hannah | None
Will | None
Roderick | None
Wendy | None
Maria | None
Amy | None
Cassie | None
Douglas | None
Niko | None
Brittany | None
Alexandria | None
Christina | None
Emilie | None
Maria | None
Porter | None
Madison | None
Kris | None
Casey | None
Syesha | None
Sydney | None
Sy | None
Saranya | None
Sarah | None
Richard | None
Rakesh | None
Patrick | None
Nikita | None
Niketia | None
Nicole | None
Nick | None
Tatyana | None
Nathan | None
Matt | None
Mahendra | None
Madison | None
Logan | None
Lindsay | None
Kyle | None
Kit | None
Kimberly | None
Kevin | None
Kelsey | None
Kayla | None
Karuppaiah | None
Kaitlyn | None
Matthew | None
Teagon | None
Timothy | None
Tina | None
Lillie | None
Samuel | None
Christina | None
Mara | None
Michael | None
Kathleen | None
Dorian | None
Annmarie | None
Marquis | None
Mohammad | None
Duhita | None
Howard | None
Stephanie | None
Cassyn | None
Pavithra | None
Antonio | None
Jo | None
Braelynn | None
Ray | None
Alexandra | None
Zachary | None
Jean | None
Christopher | None
Sadie | None
Sydney | None
Nathan | None
Will | None
Traci | None
Jubi | None
Starsha | None
George | None
Sujatha | None
virginia | None
Virginia | None
Divya | None
Irfat | None
Joy | None
Fran | None
Justin | None
Courtney | None
Cristina | None
Jim | None
Eric | None
Rashim | None
Sabrina | None
Michael | None
Amanda | None
Jessica | None
Dan | None
Adam | None
Yao | None
Katherine | None
Stephanie | None
Nancy | None
Holly | None
Tanner | None
Jazzmin | None
Andrew | None
Leigh | None
Trent | None
Jennifer | None
Kevin | None
Terry | None
Amy | None
Calvin | None
Brittany | None
Erika | None
S | None
Helen | None
Kelly | None
Trish | None
Steve | None
Kate | None
Michele | None
Rachele | None
Manoj | None
Karan | None
Michael | None
Nidhi | None
Gyan | None
Ada | None
Le'Trell | None
Ryan | None
Josten | None
Don | None
Vandy | None
Meredith | None
Virginia | None
Fellito | None
Kurt | None
Donna | None
Giovanni | None
Devyn | None
Kaelyn | None
Arti | None
Matt | None
Alexandra | None
Jennifer | None
Alec | None
WHITNEY | None
Kathryn | None
Michael | None
Matt | None
Susan | None
Brandon | None
Tracey | None
Jordan | None
Rhonda | None
Chase | None
Darkeisha | None
Jessica | None
Rachel | None
Donavon | None
Marek | None
Tina | None
Britt | None
Rahil | None
Lily | None
Prudvi | None
Emily | None
Jasmine | None
Alan | None
Destanee | None
Richard | None
Sly | None
Dawn | None
Amanda | None
Michael | None
Amanda | None
Geeta | None
Sreenidhi | None
Alan | None
Karen | None
Polly | None
Michael | None
David | None
Maxwell | None
Darnell | None
Twila | None
Stephen | None
Kay | None
Sohil | None
Reilly | None
Isabelle | None
Santhana | None
Chad | None
Jordan | None
Linda | None
Megan | None
Adison | None
Hannah | None
Holly | None
Maria | None
April | None
Lindsay | None
Macy | None
Todd | None
Michelle | None
Jyothiprakash | None
Christopher Davidson | None
Joshua | None
Jeffrey | None
Becky | None
Wendy | None
Ronel | None
Carissa | None
Bailey | None
Michael | None
Melissa | None
Michaela | None
Megan | None
Aleisha | None
Jessica | None
Emilie | None
Dylan | None
Christine | None
Leanne | None
Jonathan | None
Taylor | None
Adrienne | None
Matt | None
Nick | None
Karen | None
Luke | None
Kim | None
Holly | None
Christopher | None
Lawrence | None
Amy | None
Meghan | None
Myles | None
Alessandra | None
Yao | None
Jeffrey | None
Jon | None
Ashley | None
Amanda | None
Shirley | None
Ben | None
Carrie | None
Doreen | None
Anna | None
Elizabeth | None
Jessica | None
Joel | None
Jase | None
Joe | None
Barbara | None
Viviana | None
Payton | None
Miguel | None
Danny | None
William | None
Diana | None
Katie | None
Karen | None
Andrea | None
Chuck | None
Jason | None
Leslie | None
Marla | None
Amy | None
Melissa | None
Aaron | None
Kirti | None
Deborah | None
Anjali | None
Pooja | None
Tom | None
Christopher | None
Jeff | None
Alex | None
Paul | None
Urvashi | None
Chris | None
Nick | None
Jon | None
Jasmine | None
Emily | None
Jazmin | None
Arpita | None
Amy | None
Imahni | None
Alba | None
Annie | None
Hayley | None
Danielle | None
Samantha | None
Samantha | None
Joshua | None
William | None
Emily | None
Mark | None
Marita | None
Gerardo | None
Experis | None
Kate | None
Experis | None
Isaac | None
Kendall | None
Marcus | None
Lauren | None
Taylor | None
Luna | None
Adriana | None
Santhana | None
Achidi | None
Tahlor | None
Taylor | None
Liz | None
Keegan | None
Gabriel | None
Shashank | None
Andrea | None
Jill | None
Deborah | None
Hil | None
Jeanelle | None
Kevin | None
Amy | None
Sean | None
John | None
Sophia | None
Sabina | None
Kris | None
Nathan | None
Blaine | None
Tayia | None
Andrew | None
Conor | None
Darren | None
Nicolette | None
Chad | None
Mickenzie | None
Spenser | None
Madeline | None
Stacey | None
Kimberly | None
Hayley | None
Susanna | None
Matt | None
Aaron | None
Lerin | None
Kaszya | None
Austin | None
Annie | None
Kendall | None
Joseph | None
Derek | None
Blake | None
Stephanie | None
Derrick | None
Gyan | None
Maddie | None
Aisha | None
Alainnah | None
Alexis | None
Patrick | None
Jessica | None
Jennifer | None
Jeffrey | None
Jayme | None
Irina | None
Hope | None
Grapcy | None
Grant | None
Gina | None
Giancarlo | None
Financial | None
Evie | None
Erica | None
Durga | None
Domingo | None
Destiny | None
Denika | None
Daontae | None
Damon | None
Corey | None
Chris | None
Chase | None
Bryce | None
Bharath | None
Baker | None
Ashlea | None
Alyssa | None
Sarah | None
Annie | None
Matthew | None
Nishad | None
Deborah | None
Elena | None
Amanda | None
Sarah | None
Michelle | None
Peter | None
Ebony | None
Kathleen | None
Derron | None
Michael | None
Rich | None
Michaela | None
Stephen | None
Lawrence | None
Susie | None
Todd | None
Judi | None
Ashley | None
Brandon | None
David | None
Jubi | None
Jeannie | None
Jules | None
Julie | None
Carol | None
Akeeba | None
Mike | None
Kaszya | None
Carl | None
Jay | None
Eric | None
Dan | None
Peter | None
Derek | None
Tahlor | None
Kimberly | None
Adam | None
Crystal | None
Andrew | None
Blake | None
Chad | None
Chris | None
Tanisha | None
Achidi | None
Crystal | None
Melissa | None
Lindsey | None
Breanna | None
Edith | None
Rick | None
Tara | None
Audrey | None
George | None
Kate | None
Natalie | None
Tom | None
Mario | None
Devin | None
Stephanie | None
Brandon | None
Matt | None
Jill | None
Diana | None
Pearl | None
Eva | None
Deborah | None
Christopher | None
Cade | None
Lauren | None
Crystal | None
2 | None
Terious | None
Billy | None
Grace | None
Chris | None
Love | None
Denise | None
Peter | None
Grace | None
Muhammad | None
David | None
Mark | None
Paul | None
Christopher | None
Scott | None
Luzmar | None
Matthew | None
Daniel | None
Christopher | None
Stephen | None
Christopher | None
Chip | None
Colby | None
Ram | None
Love | None
Christopher | None
Cy | None
Muhammad | None
Pirtica | None
Pon | None
Pragadish | None
Raluca | None
Prajakta | None
Pranesh | None
Pranoti | None
Rabiye | None
Raine | None
Phanie | None
Rima | None
Salma | None
Robert | None
Robyn | None
Rocío | None
Rufus | None
Sai | None
Sally | None
Peter | None
Salomé | None
Sandra | None
Sandra | None
Sandy | None
Rob | None
Pavithra | None
Nathalie | None
OTHMANE | None
Marc | None
Mariana | None
Manisha | None
Marion | None
Mark | None
Marwa | None
Mathilde | None
Megha | None
Mélanie | None
Melody | None
Michelle | None
Moamen | None
Monica | None
Muge | None
Mukesh | None
Nadia | None
Nadia | None
Nadia | None
Nadine | None
Naomi | None
Santhosh | None
Nicole | None
Ninon | None
Noëlie | None
Ophelie | None
Pauline | None
SAPAN | None
Silvia | None
Sarah | None
Vincent | None
Vrindha | None
Wojtek | None
Yasmina | None
Yasmine | None
Yehia | None
Zeina | None
Meenakshi | None
Sreelatha | None
Lena | None
Sophia | None
Vikas | None
Will | None
Jancarla | None
ELIZABETH | None
Harshal | None
Amy | None
Sreenivasan | None
Rizwan | None
Kailash | None
Elías | None
Christopher | None
Ryan | None
Lisha | None
Gregory | None
Sarah | None
Venkatesh | None
Valentin | None
Saskia | None
Seygoleine | None
Shilpa | None
Siân | None
Simon | None
Sindhuja | None
Siphosethu | None
Sneha | None
Sofiane | None
Sophie | None
Sowbagyam | None
Vanessa | None
SRAVANTHI | None
Stephanie | None
Sthabiso | None
Subin | None
Sylvester | None
Tania | None
Taryn | None
Thamizhselvan | None
Thomas | None
TulioAlberto | None
Ulysse | None
Uwe | None
Sreeraka | None
Malvina | None
Marion | None
Luiza | None
Auriella | None
Bill | None
Camille | None
Carmen | None
Catherine | None
Cécile | None
Cecilia | None
Célia | None
Chaima | None
Charlotte | None
Chloé | None
Aurélien | None
Christine | None
Claudia | None
Clémence | None
Conor | None
Constance | None
Daniela | None
DAVID | None
DELPHINE | None
Denisa | None
Divya | None
Eimear | None
Elena | None
Clara | None
Audrey | None
Astrid | None
Asma | None
Sofia | None
Mădălina | None
Julika | None
William | None
Abigail | None
Adina | None
Akshay | None
Alba | None
ALEXANDRE | None
Alix | None
Alizee | None
Amandine | None
Amando | None
Amélie | None
Amira | None
Amparo | None
Anda | None
Ange | None
Angelina | None
Aniel | None
Ankita | None
Anthony | None
Anusha | None
Archana | None
Ashutosh | None
Elisa | None
Elisa | None
ELDJAZIA | None
Emmanuelle | None
Julia | None
Emmanuel | None
Karen | None
Karthik | None
Kevin | None
Kim | None
Kineta | None
Koloina | None
Laetitia | None
Larissa | None
Laura | None
Laura | None
Laura | None
Laura | None
Laurine | None
Lauryn | None
Laurys | None
Lea | None
Léa | None
Liana | None
Lina | None
Lisa | None
Lucía | None
Lucille | None
Lucy | None
Joe | None
João | None
Julien | None
Jeya | None
Erin | None
Estelle | None
Eve | None
Fabien | None
Fabienne | None
Flavien | None
Gabriela | None
Ganesh | None
Joachim | None
Gregory | None
Hari | None
Hema | None
Gokulraj | None
Ilia | None
Jennyssa | None
Ikbal | None
Jessica | None
Jamie | None
Jagadish | None
Janelle | None
Izabela | None
israe | None
Inês | None
Imene | None
Ilona | None
Jacquie | None
Shervin | None
Libby | None
Dounia | None
Phillips | None
Phillips | None
Emma | None
Michelle | None
Yalin | None
Jesus | None
Lauren | None
Paul | None
Amelia | None
Krista | None
Katrine | None
Omar | None
Majik | None
Leslie | None
Marie | None
Marina | None
Marissa | None
Marissa | None
Mark | None
Mariano | None
Mark | None
Mark | None
Mark | None
Martha | None
Marissa | None
Maria | None
Marcela | None
Marcus | None
Martha | None
Maral | None
Manuel | None
Mandy | None
Mandy | None
Malonis | None
Lynnea | None
Luwenda | None
Lucas | None
Lori | None
Lori | None
Maria | None
Marty | None
Mary | None
Mary | None
Nicole | None
Nicki | None
Nick | None
Nichole | None
Nichole | None
Nicholas | None
Nicholas | None
Nemour | None
Monica | None
Molly | None
Molly | None
Miranda | None
Mina | None
Mary | None
Mike | None
Mike | None
Mikdalia | None
Miguel | None
Midge | None
Mickayla | None
Michelle | None
Melissa | None
Maurice | None
Matthew | None
Matthew | None
Matt | None
Mary | None
Lisa | None
Mike | None
Lisa | None
Lindi | None
Lisa | None
Karen | None
Karen | None
Karen | None
Kaila | None
Justine | None
Justin | None
Julie | None
Julian | None
Julia | None
JP | None
Josh | None
Josh | None
Joseph | None
Jonathan | None
Jonathan | None
Jonathan | None
Jon | None
Johnny | None
John | None
Jocelyn | None
Joan | None
Jessica | None
Jessica | None
Jessica | None
Jesse | None
Jess | None
Nicole | None
Kate | None
Lisa | None
Kathryn | None
Kaya | None
Lisa | None
Linda | None
Linda | None
Leyden | None
Lee | None
Laura | None
Larry | None
Kylie | None
Kylie | None
Kyle | None
Kristopher | None
Kristin | None
Kristie | None
Kristi | None
Kirk | None
Kirby | None
Kimberly | None
Kim | None
Kerri | None
Kerri | None
Kendrah | None
Kelly | None
Kelly | None
Kelly | None
Keith | None
Keisha | None
Kaytee | None
Katrina | None
Nicole | None
Terry | None
Orlando | None
Penny | None
Rosa | None
Jeniffer | None
Angelina | None
Yvette | None
Will | None
Wesley | None
Wade | None
Vonnie | None
Volinda | None
Visperas | None
Vanessa | None
Valentina | None
Troy | None
Trista | None
Trisha | None
Tracie | None
Traci | None
Tonya | None
Tonya | None
Tom | None
Tim | None
Tiffany | None
Tiffany | None
Tibe | None
Theresa | None
Theresa | None
Anna | None
Jerry | None
Nicholas | None
Angelo | None
Chris | None
Jennifer | None
Craig | None
Liliana | None
Connie | None
Javier | None
Samuel | None
Kristen | None
Lilian | None
Stephanie | None
Julia | None
Lesa | None
Olivia | None
Isabel | None
Abigail | None
Kyle | None
Rayna | None
Matthew | None
Marcelina | None
Loran | None
Isai | None
Kenya | None
Crystal | None
Francis | None
Karen | None
Brittany | None
Kristen | None
Brindi | None
Terri | None
Tawnie | None
Tañea | None
Sandi | None
Sam | None
Ryan | None
Ryan | None
Ryan | None
Ryan | None
Roxanne | None
Rose | None
Rose | None
Robyn | None
Robert | None
Rob | None
Rivers | None
Ricky | None
Rick | None
Richard | None
Rebecca | None
Raeanne | None
Rachel | None
Rachel | None
Rachel | None
QK | None
Precious | None
Pamela | None
Pam | None
Paige | None
Otika | None
Sanja | None
Saqueeta | None
Sara | None
Sara | None
Tammy | None
Sydnee | None
Suzanne | None
Stephfon | None
Stephanie | None
Stephanie | None
Stephanie | None
Stephanie | None
Stephanie | None
Smail | None
Sisney | None
Siera | None
Sheila | None
Orfilia | None
Shawna | None
Sharon | None
Shannon | None
Shannon | None
Shannie | None
Shakeh | None
Selina | None
Searl | None
Sean | None
Sean | None
Sean | None
Sarah | None
Sarah | None
Sara | None
Shasta | None
Jenny | None
Frances | None
Jennifer | None
Amy | None
Amelia | None
Amber | None
Amber | None
Amber | None
Amanda | None
Amanda | None
Amanda | None
Amanda | None
Amanda | None
Amanda | None
Alyssa | None
Aliyah | None
Alix | None
Alicia | None
Alexandra | None
Alex | None
ALEX | None
Alethea | None
Al | None
Aida | None
Adriana | None
Adrian | None
Adia | None
Adam | None
Abby | None
Aaron | None
Ana | None
Ana | None
Anita | None
Bob | None
Blythe | None
Blake | None
Bill | None
Bill | None
Beverly | None
Betty | None
Betsy | None
Bethany | None
Bethanie | None
Beth | None
Benjamin | None
Barbara | None
Aubrey | None
Ashley | None
Ashley | None
Ashley | None
Ashley | None
Ashley | None
Ashley | None
Ashleigh | None
Ariane | None
Jennifer | None
Anna | None
Anna | None
Anna | None
Anna | None
Angie | None
Brandon | None
San | None
Nikki | None
Brandon | None
Vanessa | None
Kandi | None
Russell | None
Daisy | None
Cody | None
Jacklyn | None
Matt | None
Mary | None
Tania | None
Karen | None
Jessica | None
Katelyn | None
Bordon | None
Nathan | None
Nancy | None
Morgan | None
Morena | None
Cassandra | None
Stacey | None
Tiffany | None
Emma | None
Dimpho | None
Laran | None
Kevin | None
Hailee | None
Savannah | None
Jake | None
Rancho | None
Anna | None
Scott | None
Michaela | None
Malia | None
Maggie | None
Jessica | None
Griffin | None
Emily | None
Daniel | None
Criszalin | None
Ashley | None
Amy | None
Tini | None
Denzel | None
Choinski | None
Gibson | None
Jennifer | None
Eric | None
John | None
Sarah | None
Brittany | None
Kendall | None
Bettye | None
Tyler | None
Madeline | None
Valerie | None
Jean | None
Molly | None
Anna | None
Bradley | None
Brelynn | None
Annemarie | None
Brianna | None
Ginger | None
Gina | None
Gina | None
Gia | None
Breyana | None
Frank | None
Frank | None
Evanie | None
ERNIE | None
Erika | None
Erika | None
Erica | None
Eric | None
Emma | None
Emily | None
Emily | None
Emily | None
Ellen | None
Elizabeth | None
Elizabeth | None
Elizabeth | None
Elisha | None
Elicia | None
Elena | None
Ed | None
Doug | None
Doug | None
Glenda | None
Dorie | None
Grace | None
Greg | None
Jennifer | None
Jeniffer | None
Jeff | None
Jeff | None
Jeff | None
Jeannine | None
Jasreen | None
Jasmine | None
Jano | None
Janet | None
Janet | None
Jan'ea | None
Jamisyn | None
James | None
Jair | None
Jacqueline | None
Jackie | None
Irma | None
Hussain | None
Hope | None
Holly | None
Hilary | None
Hilary | None
Heather | None
Hank | None
Haley | None
Haleigh | None
Grant | None
Donovan | None
Franky | None
Donna | None
Chrishawn | None
Chris | None
Chris | None
Chelsea | None
Chad | None
Chad | None
Cecily | None
Catherine | None
Catherine | None
Catherine | None
Cassandra | None
Casey | None
Casey | None
Carrie | None
Carolyn | None
Carlos | None
Carlos | None
Carlene | None
Candice | None
Candice | None
Camille | None
Caleena | None
Donna | None
Brooke | None
Brittnie | None
Briley | None
Bridgette | None
Christian | None
Christina | None
Bryce | None
Christophe | None
Christine | None
Dimitar | None
Dick | None
Dianne | None
Diana | None
Diana | None
Deseray | None
Derek | None
Denise | None
Debra | None
Debbi | None
DeAndre | None
David | None
David | None
Rhayne | None
Dan | None
Daniel | None
Christopher | None
Cindy | None
Cindy | None
Cindy | None
Citlali | None
Chrystal | None
Courtney | None
Crystal | None
Curtiss | None
Cynthia | None
Dakota | None
Courtney | None
Damon | None
Cody | None
Dan | None
Mike | None
John | None
Matt | None
Mary | None
Natasa | None
Kylie | None
Sam | None
Jason | None
Dalycia | None
Ryan | None
Joy | None
Brent | None
Anna | None
Stacie | None
Nick | None
Josh | None
John | None
Scott | None
Lindsey | None
Trisha | None
Valerie | None
Lindsay | None
Tiffany | None
Eric | None
Rachael | None
Patrick | None
Sarah | None
Tiffany | None
Molly | None
Irina | None
Kanesha | None
Tim | None
Madeline | None
Candice | None
Vanessa | None
Jessica | None
Sidney | None
Craig | None
Nicholas | None
Aaron | None
Scooter | None
Cindy | None
Brandon | None
Bob | None
Stephanie | None
John | None
Sarah | None
David | None
Stacy | None
Kerry | None
blake | None
Joey | None
Lauryn | None
Jen | None
Isabella | None
Corey | None
Jen | None
Mario | None
Rahul | None
Mallory | None
Michele | None
Krystal | None
Richard | None
Peter | None
Shelly | None
Erica | None
Molly | None
Julie | None
François | None
Gene | None
José | None
Kathy | None
Cliff | None
François | None
Rose | None
Samuel | None
Rose | None
Tibor | None
Molly | None
Julie | None
Gene | None
Kathy | None
Julie | None
Darla | None
Josiah | None
Mostafa | None
Lisa | None
Molly | None
Juan | None
Michael | None
Emre | None
Jonathan | None
Eric | None
REINALDO | None
Oscar | None
Noel | None
William | None
Gerald | None
Abdul | None
LOUIS | None
Murad | None
sotirios | None
Charles | None
Denis | None
Keith | None
Cody | None
Rafael | None
Daniel | None
Jordan | None
scott | None
Leldon | None
Jerren | None
Donny | None
Paige | None
Christopher | None
Will | None
Tracy | None
Jeff | None
Catherine | None
Wagner | None
Edmundo | None
Kalup | None
Ken | None
terry | None
Heather | None
Marco | None
Mohamed | None
Carol | None
Omar | None
Ted | None
Narendra | None
Christina | None
Dwayne | None
Cameron | None
Sara | None
Michaela | None
hannah | None
Clarissa | None
andrea | None
Andi | None
Troy | None
Tracy | None
Joshua | None
Rafael | None
Debbie | None
jason | None
Clarissa | None
Andi | None
Teddy | None
Sara | None
Katelynn | None
Clarissa | None
Zachary | None
Donny | None
Milton | None
Jason | None
Matthew | None
Jason | None
Joshua | None
Jamie | None
Taofeek | None
alan | None
John | None
Sean | None
Victor | None
Angelo | None
Chuck | None
Milton | None
joshua | None
Zachary | None
Dan | None
Teddy | None
Debbie | None
Prevail | None
Paige | None
Troy | None
zachary | None
Troy | None
Paige | None
Jason | None
Andrea | None
Stephen | None
Birgit | None
Robbie | None
Amy | None
Janet | None
Mason | None
Brandon | None
Garrett | None
Michele | None
Fuad | None
Ryan | None
Charissa | None
Brenda | None
Lauren | None
Ikenna | None
Mark | None
Jerry | None
Karen | None
Michael | None
Dorothy | None
Tristan | None
Antoinette | None
Linda | None
Bradley | None
Ahmed | None
YVONNE | None
Matt | None
Shawntel | None
Terri | None
Katherine | None
Marissa | None
Alexander | None
Tristan | None
Mark | None
Robert | None
Jessica | None
Marie | None
Kelvin | None
David | None
Kristin | None
Simon | None
Larry | None
Cathi | None
Stephanie | None
Carol | None
Dustin | None
Brittany | None
Courtney | None
Shawntel | None
Shawntel | None
Amber | None
Robert | None
Shelley | None
Jackie | None
Susana | None
John | None
Jason | None
Matthew | None
Michael | None
Kristin | None
Paul | None
Tina | None
Mitch | None
Billy | None
Patty | None
Amanda | None
Divya | None
Danny | None
Mariia | None
Kathryn | None
Adalgisa | None
Robert | None
Corey | None
Julianna | None
Ashley | None
Monica | None
Fernando | None
Danielle | None
Diana | None
Kathy | None
Seth | None
Carrie | None
Bryan | None
Colin | None
Zeke | None
Ann | None
Leith | None
Daisy-Alice | None
Peter | None
Lisa | None
Ava | None
Sara | None
Clint | None
Francesca | None
Lauren | None
Penelope | None
Joseph | None
Maxine | None
Rosie | None
Deshon | None
Henry | None
Jill | None
Danya | None
Ainur | None
Howard | None
Cynthia | None
Packard | None
Samantha | None
Matthew | None
Melissa | None
Marketa | None
Michael | None
Nicole | None
Patrick | None
Pulin | None
Ron | None
Sandra | None
Tyler | None
Sharahn | None
Stephen | None
Tammy | None
Tanzeela | None
Marielle | None
William | None
Alyssa | None
Taylor | None
Nicholas | None
Jessica | None
Kevin | None
Sarah | None
Madison | None
John | None
Kyle | None
Foliano | None
Alaina | None
Alexis | None
Alexis | None
Amanda | None
Andrew | None
Betty | None
Brandi | None
Brandon | None
Brett | None
Madison | None
Brian | None
Chaitali | None
Corey | None
Daimary | None
Danielle | None
Demetras | None
Ilke | None
Jessica | None
Jorge | None
Joyce | None
Kristine | None
Carrie | None
Robertson | None
Janice | None
Mccosh | None
Nicole | None
Nina | None
Nolan | None
Oumaima | None
Paul | None
Peggy | None
Pierce | None
Pradeep | None
Prajoy | None
Princess | None
Priyank | None
Rachael | None
Rachel | None
Rakesh | None
Rakesh | None
Nicki | None
Ramachandran | None
Nicholas | None
Nambi | None
Mark | None
Marwan | None
Matt | None
Meghan | None
Michael | None
Michael | None
Michael | None
Michael | None
Michael | None
Michelle | None
Michelle | None
Milan | None
Mohammad | None
Murti | None
Nadine | None
Nicholas | None
Mark | None
Ramani | None
Raveen | None
Tanya | None
Taylor | None
Therese | None
Thomas | None
Tiffany | None
Tiffany | None
Tim | None
Tracey | None
Traci | None
Uday | None
Valerie | None
Vasu | None
Wade | None
Wesley | None
Borrusch | None
Tanja | None
Randy | None
Suvendu | None
Sofija | None
Ravi | None
Richard | None
Robert | None
Rohit | None
Rutwij | None
Sandhya | None
Sandra | None
Sandy | None
Seth | None
Sharon | None
Shawn | None
Shelly | None
Shivanee | None
Shivanna | None
Smitha | None
Steve | None
Mario | None
Zona | None
Margaret | None
Brock | None
Carl | None
Cathleen | None
Conner | None
Daniel | None
Darren | None
Brian | None
Darren | None
Deirdre | None
Dharanesh | None
Don | None
Emma | None
Eric | None
Eric | None
David | None
Brian | None
Brian | None
Brian | None
Marie | None
Walker | None
Billings | None
Adimulam | None
Adriano | None
Amanda | None
Amar | None
Amy | None
Ankur | None
Belinda | None
Blake | None
Bob | None
Brendan | None
Brent | None
Brett | None
Erik | None
Greg | None
Dan | None
Harshal | None
Kelly | None
Ken | None
Kenneth | None
Kevin | None
Komal | None
Kristin | None
Kyle | None
LaTasha | None
La'Trice | None
Lily | None
Linda | None
Hale | None
Lynda | None
Manashjyoti | None
Marco | None
Kayla | None
Kay | None
Liz | None
Karina | None
Jatin | None
Kartikay | None
Jayne | None
Jeff | None
Jennifer | None
Jeremy | None
Jihene | None
Jessica | None
John | None
John | None
John | None
Hermínio | None
Kari | None
Joe | None
Bailey | None
Jessica | None
Jared | None
Michael | None
Jose | None
Mike | None
Desiree | None
Joshua | None
Justin | None
Keegan | None
Keith | None
Kevin | None
Kira | None
Kristin | None
Lisa | None
Mathew | None
Michael | None
Michaela | None
Ricardo | None
Ross | None
Sarah | None
Steve | None
Tom | None
Victoria | None
Vijetha | None
John | None
Danielle | None
Pete | None
Jennifer | None
Lauren | None
Haley | None
Halley | None
John | None
Karen | None
Anurag | None
Alexa | None
Connor | None
Kristina | None
Mathew | None
Nina | None
Barbara | None
Zachary | None
Jake | None
Kranthi | None
Desiree | None
Alyssa | None
Austin | None
Carrie | None
Akira | None
Chris | None
Christopher | None
Destiny | None
Geoff | None
Elizabeth | None
Nick | None
Cassidy | None
Nathan | None
Luke | None
Amy | None
Ryan | None
Sergio | None
William | None
Chance | None
Kennon | None
Anica | None
Tracy | None
Linda | None
Roger | None
Romaro | None
Zach | None
Kean | None
Kyle | None
Lance | None
Blaine | None
Sean | None
Patrick | None
Mark | None
Lauren | None
John | None
Macy | None
Todd | None
Kevin | None
Ingrid | None
Matthew | None
Hannah | None
Maria | None
Ben | None
Michael | None
Hunter | None
Chris | None
James | None
Gary | None
Mort | None
Karmen | None
Hunter | None
Sandi | None
Dana | None
Lisa | None
Morgan | None
Kristen | None
Gabriella | None
Cori | None
Bernadette | None
Nicole | None
Ashley | None
Jamie | None
Terry | None
Matt | None
Lauren | None
Son | None
Charles | None
Christian | None
Dylan | None
Ezequiel | None
Arielle | None
chris | None
Kristina | None
Samuel | None
Francesca | None
Franck | None
Jonathan | None
Matt | None
Megan | None
Michaela | None
Michael | None
Nick | None
Olivia | None
Saad | None
Maxime | None
Quentin | None
Beatriz | None
Tony | None
Delfina | None
Sheen | None
RB | None
Brett | None
Anne | None
Silvia | None
Alejandra | None
Andrew | None
Tamara | None
Tait | None
Renee | None
Georgios | None
Muhammad | None
Toby | None
Sandy | None
Tom | None
Jeremy | None
Milena | None
Steven | None
Jacqueline | None
Stephanie | None
Adam | None
Alfredo | None
Jarred | None
Michael | None
Michael | None
Moray | None
Steve | None
Christopher | None
Isaiah | None
Keenan | None
Thomas | None
Michael | None
Sarah | None
Matthew | None
Harrison | None
Jan | None
Ally | None
Sejal | None
Amey | None
Tipton | None
Jeff | None
Andrew | None
Mala | None
Kristie | None
Lucious | None
David | None
Ty | None
Deviprasad | None
Alec | None
Joseph | None
Saheli | None
Kirti | None
Jordan | None
Leah | None
Kelsey | None
Scott | None
Lisa | None
Eric | None
Audrey | None
Wendy | None
Jennifer | None
Ben | None
Lizet | None
Charles | None
Connie | None
Kellin | None
Kathryn | None
Eva | None
Curtis | None
Elizabeth | None
Luke | None
Shannon | None
Whitney | None
Todd | None
Georgia | None
Tinisha | None
Robert | None
Taylor | None
Aarushi | None
Peter | None
Evan | None
Melissa | None
Megan | None
Erin | None
Emma | None
Caren | None
Emily | None
Laurel | None
Frank | None
Pamela | None
Kelly | None
Anne | None
Shannon | None
Whitney | None
Francheska | None
Malorie | None
Amy | None
Amy | None
Erica | None
Sharon | None
Jon | None
Heather | None
Kristi | None
Phillip | None
Destony | None
Annie | None
Anne | None
Marilyn | None
Stephanie | None
Val | None
Claire | None
Christina | None
Hannah | None
Meredith | None
Anastacia | None
Kylie | None
Julie | None
Vanessa | None
Jennifer | None
Rachael | None
Lillian | None
Kelsea | None
Daniel | None
Ruth | None
Kritt | None
Sangya | None
SherriAnnelle | None
Arielle | None
Kathleen | None
Eric | None
Haley | None
Brian | None
Felicia | None
Chijuana | None
Disha | None
Stephanie | None
Nathan | None
Karen | None
Shubho | None
Jeff | None
Michael | None
Amina | None
Shaima | None
Joe | None
Mallory | None
Moyosore | None
Erin | None
Monica | None
Edward | None
Mark | None
Katelin | None
Bryana | None
Janet | None
Mary | None
Jessica | None
Claire | None
Andrea | None
Gaspare | None
Elizabeth | None
Fred | None
Mandy | None
Priyanka | None
Kristin | None
Jared | None
Stephanie | None
Richard | None
hadassah | None
mia | None
jason | None
deepti | None
jc | None
jessica | None
meaka | None
eunice | None
neel | None
Christina | None
reagan | None
richard | None
rob | None
shiron | None
suresh | None
Joel | None
Sarah | None
Dina | None
Carla | None
christopher | None
nicole | None
chris | None
Michael | None
breanna | None
ceclynn | None
Lindsay | None
Michael | None
Joe | None
Yen | None
John | None
Greg | None
Alicia | None
Melanie | None
Sushant | None
Crystal | None
lindsay | None
Char-leigh | None
Jamie | None
Johnny | None
Nathan | None
allison | None
andi | None
andrew | None
jessica | None
Renee | None
Tiffany | None
Alyssa | None
Amanda | None
Kristyn | None
June | None
Zara | None
Eric | None
Nicholas | None
Alyssa | None
Mike | None
Brenda | None
Aimee | None
Brooke | None
Doris | None
Marla | None
Nathanael | None
Leslie | None
Esther | None
Roberto | None
Trav | None
Bob | None
Deirdre | None
Sue | None
Katie | None
Deirdre | None
Laura | None
Darren | None
Marlyn | None
Bharani | None
Lesley | None
Suneel | None
Chris | None
Sujatha | None
Ryan | None
Robin | None
Paul | None
Melinda | None
Maxx | None
Maria | None
Mackenzie | None
Kate | None
Isabelle | None
David | None
Heather | None
Holly | None
Andrea | None
Andy | None
Benjamin | None
Ali | None
Cammie | None
Craig | None
Michael | None
Erin | None
Bill | None
Mark | None
Simon | None
Cecilia | None
Pierre | None
Kathryn | None
Nathaniel | None
Blythe | None
Vincent | None
MA | None
Brandon | None
Pooja | None
Kanak | None
Anitha | None
Elizabeth | None
Andrew | None
Rachel | None
Dani | None
Benjamin | None
Ethan | None
Cal | None
Michael | None
Amanda | None
Abby | None
Jayde | None
Shanna | None
Caroline | None
Marissa | None
Nichole | None
Leigh | None
Herb | None
Caylee | None
Joni | None
Crystal | None
Kyle | None
Holly | None
Stacey | None
Parris | None
Rebecca | None
Gerardo | None
Maricarmen | None
Monica | None
Beatriz | None
Marisol | None
Maricarmen | None
Ximena | None
Fast | None
Monica | None
Sylvia | None
Paulo | None
Natalia | None
Isabela | None
Guillermo | None
Gerardo | None
Temugin | None
Vitor | None
Delia | None
Ximena | None
Brenda | None
Monica | None
Luis | None
marco | None
Hifza | None
LAZARO | None
Didier | None
Sylvia | None
Selene | None
Sylvia | None
Vitor | None
Maria | None
Fabian | None
Alexis | None
Ximena | None
Natalia | None
Namrata | None
Berta | None
Mariana | None
Ramon | None
Ximena | None
Temugin | None
Isabel | None
Isabel | None
Monica | None
Cristina | None
Ligia | None
Ligia | None
Rocio | None
Antonio | None
Ricardo | None
Veronica | None
Maricarmen | None
Ligia | None
Anabel | None
Beatriz | None
Maricarmen | None
Delia | None
Enrique | None
Jose | None
Guillermo | None
Maricarmen | None
Valeria | None
Monica | None
Enrique | None
Miguel | None
Nancy | None
Monica | None
Gerardo | None
Maria | None
Natalia | None
Mariana | None
Carlos | None
Carlos | None
Vitor | None
Mariana | None
Delia | None
Amber | None
Lisa | None
Kev | None
Ron | None
Joel | None
Chad | None
Bradley | None
Greg | None
Gerry | None
Shayne | None
Marc | None
Mark | None
John | None
David | None
Rueben | None
Larry | None
Keyur | None
Chandu | None
Ann | None
Andrea | None
Jennifer | None
Harold | None
Brian | None
Aniket | None
Karen | None
Brett | None
Prakash | None
Kash | None
Sherry | None
Joe | None
Erin | None
Ted | None
Taliucci | None
Steven | None
Liz | None
Molly | None
Michael | None
Maria | None
Lisa | None
Howard | None
Becky | None
Rob | None
Mohammed | None
Bob | None
Kim | None
Chris | None
John | None
Greg | None
Brandon | None
Jaclyn | None
Leah | None
C | None
Jaclyn | None
Kevin | None
Kim | None
Renee | None
Heidi | None
Rich | None
Graceanne | None
Michael | None
Shawn | None
Renee | None
Karen | None
Ryan | None
Nathan | None
Janette | None
Amanpreet | None
Kevin | None
Doug | None
Valerie | None
Patrick | None
Karen | None
Chris | None
Kelly | None
Brandon | None
Leah | None
Laura | None
Eric | None
D | None
Angela | None
Aarti | None
Shawn | None
Michael | None
Mark | None
Ron | None
Prakash | None
Austin | None
Trent | None
Meir | None
Carol | None
Cameron | None
Terri | None
David | None
Mike | None
Taylor | None
Lauren | None
Emma | None
Rachel | None
Lynsey | None
Mark | None
Will | None
Patrick | None
David | None
Tom | None
Jesse | None
Martin | None
Phadeline | None
Rosa | None
Marc | None
Kirsten | None
Jackie | None
Janitha | None
Carey | None
Maria | None
Gerry | None
Marnae | None
Connor | None
Christopher | None
Jill | None
Florina | None
Rowena | None
Shawn | None
Rushel | None
nikhil | None
Rich | None
Lisa | None
Diane | None
Howard | None
Joseph | None
Audrey | None
Erin | None
Liz | None
Faiza | None
Rob | None
Danyalle | None
Florina | None
Janette | None
John | None
Karen | None
Laura | None
Renee | None
Chris | None
Andrea | None
jill | None
supritha | None
Stacey | None
Rebecca | None
Kyle | None
Don | None
Sugra | None
Sanjay | None
Jay | None
Prabhu | None
Heidi | None
Jaclyn | None
Graceanne | None
Leah | None
Alicia | None
Kevin | None
Shawn | None
Madhavan | None
Scott | None
Rita | None
Andrew | None
Pravallika | None
Sanjaykumar | None
Matt | None
Ashley | None
Harold | None
Liz | None
Nathan | None
rowena | None
Kirsten | None
Silke | None
sujithra | None
Lindsey | None
Kirsten | None
Joshua | None
Michael | None
Florina | None
Karen | None
Liz | None
Debby | None
Eric | None
Tyler | None
Bosa | None
Michelle | None
Clay | None
Kenny | None
Bosa | None
Eric | None
Lauren | None
Chris | None
Shelley | None
Megan | None
Marissa | None
Lynn | None
Kelly | None
Jessica | None
Jenny | None
Frank | None
Elizabeth | None
Roberta | None
Chelsea | None
Eric | None
Bosa | None
Chelsea | None
Michelle | None
Julie | None
Tony | None
Kenny | None
Titus | None
Suzanne | None
Jackie | None
Brittany | None
Charles | None
Charmaine | None
Chase | None
Christopher | None
Cory | None
Donnie | None
Jackie | None
Jessica | None
Joseph | None
Taylor | None
K. | None
Kelly | None
Kim | None
Lisa | None
MacKenzie | None
Melissa | None
Rebecca | None
Rhieannon | None
Roni | None
Sara | None
Sheppard | None
Skye | None
Keith | None
Lauren | None
Rye | None
Sunny | None
Kellan | None
Jenna | None
Kolby | None
Jill | None
Tracy | None
Danielle | None
Amy | None
Casey | None
Chloe | None
Danielle | None
Kate | None
Landon | None
Saba | None
Shelby | None
Mickie | None
Anna | None
Shirin | None
Cesseley | None
David | None
Jamie | None
Marvin | None
Christina | None
Jonathon | None
Fabiana | None
Jennifer | None
Carolyn | None
Brooks | None
Melissa | None
Nathan | None
Thuli | None
Ruthu | None
Scott | None
Neerja | None
Richard | None
Chitti | None
Alexis | None
Patrick | None
Jake | None
Lamont | None
Suzanne | None
Franchesca | None
Lauren | None
Fancie | None
Aleayah | None
Amanda | None
Aliaksandra | None
Aleayah | None
Emily | None
Tara | None
Brian | None
Bridgette | None
Christine | None
Denae | None
Eleni | None
Heidi | None
Imani | None
Justin | None
Justin | None
Kevin | None
Lucas | None
Lauren | None
Ariana | None
Megan | None
Melinda | None
Nicholas | None
Omar | None
Robyn | None
Ryan | None
Sydney | None
Tim | None
Kyle | None
Amitesh | None
Nina | None
Madison | None
Josaun | None
Spencer | None
Nicole | None
Valerie | None
T.J. | None
Abhilasha | None
Chip | None
Dalton | None
Jarrod | None
Molly | None
Michael | None
Heather | None
Alix | None
Mary | None
Claude | None
Micah | None
Karl | None
Romonda | None
Brittany | None
Kayla | None
Kameshia | None
Aubry | None
Wiam | None
Beatriz | None
Cátia | None
Vanda | None
Luis | None
Eduardo | None
Margarida | None
Anna | None
Anayatzing | None
Sara | None
Joana | None
Doug | None
Kevin | None
Marta | None
Beatriz | None
Mackenzie | None
Sydney | None
Anna | None
Chris | None
Dan | None
Evan | None
Sarah | None
Rachel | None
Jenna | None
Rick | None
Ian | None
Hunter | None
Will | None
Daniel | None
Morgan | None
Madison | None
Matt | None
Elli | None
Luke | None
Hannah | None
Kristie | None
Anna | None
Madi | None
Chris | None
Gavin | None
Elizabeth | None
Jimmy | None
Madi | None
Sarah | None
Brenna | None
Dan | None
Sydney | None
Claire | None
Matt | None
Josey | None
Jerry | None
Halli | None
Eddie | None
Maeghen | None
Calvin | None
Sarah | None
Zack | None
Sophie | None
Dora | None
Ryan | None
George | None
Megan | None
Megan | None
Jennifer | None
Jared | None
Angel | None
Braden | None
Emilio | None
James | None
Jude | None
Arman | None
Preston | None
Seema | None
Bill | None
Rachel | None
Eden | None
Malik | None
Bryce | None
Calvin | None
Karen | None
Case | None
Alicia | None
Colin | None
Matthew | None
Sarah | None
Trish | None
Ryan | None
Heather | None
Alan | None
Marisa | None
John | None
Tommy | None
Jennifer | None
Alexa | None
Pete | None
Kayla | None
Mathew | None
Heather | None
Sarah | None
Swathi | None
Brad | None
Jeffrey | None
John | None
Haley | None
Sarah | None
Alyssa | None
Victoria | None
Peter | None
Ricardo | None
Michaela | None
Jonathan | None
Erin | None
Dave | None
Connor | None
Barbara | None
Ashley | None
Abbey | None
Sarah | None
Sarah | None
Rebecca | None
Pan | None
Katina | None
Sarah | None
Jessica | None
Chris | None
Deborah | None
Michael | None
Austin | None
Justin | None
Keith | None
Mike | None
Mathew | None
Destiny | None
Tom | None
Kristina | None
John | None
Kira | None
Ross | None
Halley | None
Zachary | None
Geoff | None
Danielle | None
Pete | None
Vijetha | None
Haley | None
Karen | None
John | None
Kevin | None
Elizabeth | None
Lauren | None
BARBARA | None
Keegan | None
Carrie | None
Jasmine | None
Samantha | None
Rebecca | None
Melanie | None
Lauren | None
Lisa | None
Ross | None
Kevin | None
Keith | None
Justin | None
Joshua | None
John | None
Jennifer | None
Halley | None
Christopher | None
Austin | None
Halley | None
Stephanie | None
Laureen | None
halley | None
Emily | None
Brian | None
Christopher | None
Lauren | None
Ricardo | None
Jake | None
Marlane | None
Sarah | None
Jennifer | None
Srujana | None
Joshua | None
Lesley | None
Victoria | None
Kristin | None
Michael | None
Sarah | None
Vijetha | None
Michaela | None
Haley | None
Kira | None
Laureen | None
Kristina | None
Katina | None
Karen | None
John | None
John | None
Jasmine | None
Jalen | None
Hannah | None
Evan | None
David | None
Amy | None
Alyssa | None
Grace | None
Tom | None
Swathi | None
Alyssa | None
Allyson | None
Michael | None
Brad | None
Brown | None
Carrie | None
Emily | None
Elizabeth | None
Geoff | None
John | None
Steve | None
Chris | None
Heather | None
Marc-Andre | None
Simon | None
Nadin | None
Gustavo | None
Leonor | None
Jennifer | None
Jennifer | None
JC | None
Marisol | None
Christopher | None
Rev | None
JC | None
Brittany | None
Marisol | None
Luis | None
Lillian | None
Gustavo | None
Ryan | None
Ted | None
Jourdyn | None
Marianna | None
Jonathan | None
Kristin | None
Peter | None
Jessica | None
Claire | None
Anne | None
Tonya | None
Camey | None
Jamie | None
Jeff | None
Ted | None
Twinkle | None
Ryan | None
Keri | None
Kelly | None
Jay | None
Spencer | None
Catherine | None
Vallari | None
Vedansh | None
Navneet | None
Medha | None
Shawn | None
Jessica | None
Alicia | None
Leanne | None
Nishant | None
Kathy | None
Priyanka | None
Provides | None
Megan | None
Nathan | None
Caroline | None
Heather | None
Kristin | None
Jeff | None
Mike | None
Nicholas | None
Sydney | None
Megan | None
Linda | None
Karen | None
Claire | None
Cameron | None
Raja | None
Brette | None
Rob | None
Pierre | None
Chad | None
James | None
Jim | None
James | None
Darrel | None
Eric | None
Todd | None
Bryan | None
Mary | None
Marion | None
Morgan | None
Medha | None
Robyn | None
Jackson | None
James | None
Krystal | None
Kimberly | None
Michael | None
Marianna | None
Madison | None
Jeff | None
Nicholas | None
Shelby | None
Taylor | None
Virginia | None
Allison | None
Anna | None
Anne | None
Ann | None
Rich | None
Alex | None
Jessica | None
Drew | None
Shelby | None
Tom | None
Kristy | None
Samantha | None
Townsend | None
Margaret | None
Emily | None
Donny | None
Sara | None
John | None
Alicia | None
Becca | None
BayLeah | None
Brianne | None
Christin | None
Courtney | None
Marycruz | None
Christine | None
Christen | None
Caleb | None
Carson | None
Mark | None
Kathryn | None
Riley | None
Demie | None
Steve | None
Carrie | None
James | None
Sarah | None
Kelly | None
Evelyn | None
Meagan | None
Shannon | None
Megan | None
Melanie | None
Betsy | None
Sarah | None
Michele | None
Courtney | None
Cody | None
Danese | None
Evelyn | None
Erin | None
Jessica | None
Janell | None
Jay | None
Mary | None
Megan | None
Rich | None
Samantha | None
Samantha | None
Navneet | None
Tonya | None
Taylor | None
jonathan | None
Marion | None
Paul | None
Mark | None
Tasleem | None
Daniel | None
Stephanie | None
Jessica | None
Cindy | None
Kayla | None
Connie | None
Shilpa | None
Sara | None
Eve | None
Eve | None
Marta | None
Charlotte | None
Stephanie | None
Joseph | None
Magdalena | None
Claire | None
Lauren | None
Ethan | None
Vicky | None
Matteo | None
Tom | None
Erin | None
Farabundo | None
Reggie | None
Nelda | None
Andrea | None
ALISTAIR | None
Steven | None
ADRIANNA | None
Tom | None
Tina | None
Susannah | None
Rebecca | None
Luz | None
Michael | None
MAX | None
Stephanie | None
Bridget | None
Andres | None
Max | None
Sophie | None
Philip | None
Maple | None
Masumi | None
Mahwish | None
Mercury | None
Philip | None
Luis | None
Ella | None
Ahmed | None
Sonali | None
Nataly | None
Drew | None
Luz | None
Trent | None
Melissa | None
Nivea | None
Sean | None
Gemma | None
Katherine | None
Zara | None
Jinal | None
RODI | None
Daisy | None
Kevin | None
Rebecca | None
LUZ | None
Mubin | None
Kamal | None
DAVID | None
Saffron | None
Suzy | None
Katrina | None
Christopher | None
Alexander | None
Laura | None
Kaitlyn | None
Hassan | None
Celeste | None
Josh | None
Jorge | None
JINGYANG | None
JIAN | None
Jessica | None
Jerry | None
Jeremy | None
Jean | None
Jason | None
Jamaludin | None
Jahirul | None
Itzel | None
Ian | None
Gustavo | None
Glerica | None
Gladys | None
Giulia | None
Girlie | None
Giovanni | None
George | None
Gemma | None
ge | None
Eliza | None
Eric | None
Joy | None
Alistair | None
Arturo | None
Atiqullah | None
Daniel | None
Andy | None
Luz | None
Lulu | None
Lulu | None
Luke | None
Luis | None
Laura | None
Lily | None
li | None
Lei | None
Louise | None
Yelena | None
Richard | None
Edgar | None
Kevin | None
Apolo | None
Aarthi | None
Zoe | None
Deepa | None
Ted | None
Monica | None
Adrianna | None
Claye | None
Mason | None
Raegan | None
mitzi | None
Rachel | None
Jason | None
Scott | None
Mitchell | None
Katie | None
Sarah | None
Carson | None
Jack | None
Chandler | None
Christina | None
Austin | None
Miles | None
Christopher | None
Amanda | None
Bryan | None
Aaron | None
Jordan | None
Ryan | None
Daniela | None
julia | None
Kara | None
Alexander | None
Addison | None
Bonnie | None
Jason | None
Keisha | None
Lynn | None
Laura | None
RKL | None
Spencer | None
Taylor | None
Matt | None
William | None
Zack | None
Bo | None
Bailee | None
Brian | None
Brittany | None
Brittney | None
Conor | None
Dana | None
Ruba | None
Zack | None
Patrick | None
Alexander | None
Darnell | None
Sam | None
Paul | None
Joseph | None
William | None
Cailin | None
Tiernan | None
Kevin | None
Brianna | None
Joseph | None
Sean | None
Keaton | None
Julia | None
Jason | None
Josh | None
Leanne | None
Bill | None
Ushma | None
Susan | None
Kevin | None
Tyler | None
Janna | None
Lisa | None
Taylor | None
William | None
Chacko | None
Christopher | None
Debbie | None
Zoe | None
Justin | None
Kevin | None
Aaron | None
Nicole | None
Brandon | None
Susan | None
Libby | None
Ryan | None
Brandon | None
Kara | None
Chacko | None
Leanne | None
Paul | None
Brittany | None
Michelle | None
Cailina | None
Peter | None
Sam | None
Jacquelyn | None
Natasha | None
John | None
Michael | None
Alex | None
Jesus | None
Anthony | None
Herbin | None
Terry | None
Emily | None
Julia | None
Kevin | None
Francesca | None
Kevin | None
Dan | None
Justin | None
Kevin | None
Laura | None
Laura | None
Lewis | None
Marikate | None
Matt | None
Matt | None
Megan | None
Patrick | None
Patrick | None
Patrick | None
Rebecca | None
Johanna | None
Sara | None
Taylor | None
Thomas | None
Emily | None
Macrae | None
Darnell | None
Julia | None
Amanda | None
Lauren | None
Brooke | None
William | None
Sebastian | None
Cailin | None
Abbi | None
Sara | None
Lindsay | None
William | None
James | None
Moran | None
Emily | None
Jonathan | None
Tyler | None
Jessica | None
Zack | None
William | None
Jenna | None
Brian | None
Leanne | None
Lauren | None
Brooke | None
Lindsay | None
Jonathan | None
Debbie | None
James | None
Marty | None
Darnell | None
Emily | None
Lily | None
Sam | None
Brian | None
Amanda | None
Blake | None
Bonnie | None
Alyssa | None
Shelby | None
Gabrielle | None
Christina | None
Olivia | None
Kevin | None
Sam | None
Kevin | None
Daniela | None
Amanda | None
Elizabeth | None
Kira | None
Brian | None
Emily | None
Reegan | None
Brian | None
Vincent | None
Joseph | None
David | None
Stephen | None
Tommy | None
Brittany | None
Zoe | None
Andrew | None
Sean | None
Amanda | None
Jason | None
Susan | None
Joseph | None
Kara | None
Jim | None
Kelly | None
Erin | None
Ben | None
Macrae | None
Moran | None
William | None
Tyler | None
Gabrielle | None
Blake | None
Lauren | None
Debbie | None
Jonathan | None
Shelby | None
Marty | None
Chloe | None
Matt | None
Bill | None
Darnell | None
Lily | None
Emily | None
Francesca | None
Amanda | None
Bob | None
Alyssa | None
Joseph | None
Julia | None
Jenna | None
Macrae | None
Jennifer | None
Jason | None
Brittany | None
Christina | None
Aaron | None
Jonathan | None
Kevin | None
Jennifer | None
Jason | None
Kara | None
Chloe | None
Nicole | None
Christopher | None
Julia | None
Erin | None
Zachary | None
Matt | None
Patrick | None
Matt | None
Jared | None
Wayne | None
Bob | None
Jeffrey | None
Francesca | None
April | None
Kim | None
Mark | None
Paul | None
Taylor | None
Bill | None
Joseph | None
Kevin | None
Janet | None
Emily | None
Olivia | None
Brittany | None
Johanna | None
Leanne | None
Sruteja | None
Allen | None
Sarah | None
Nicholas | None
Heisey | None
Larsen | None
Kimberly | None
Lauren | None
Marissa | None
Matthew | None
Michele | None
Nicole | None
Shannon | None
Sarah | None
Steven | None
Kimberly | None
Ted | None
Tamara | None
Ryan | None
Katie | None
Dawn | None
Janis | None
Josh | None
Darrell | None
Danielle | None
Brian | None
Bambi | None
Alexis | None
Alyssa | None
Angela | None
Jason | None
Jeff | None
Leanna | None
Belinda | None
Katherine | None
Chan | None
Christian | None
Jamie | None
Taylor | None
Scott | None
Dana | None
Andrew | None
Maguire | None
Jen | None
Angie | None
Laura | None
Angie | None
Michelle | None
Jezebel | None
Alex | None
John | None
Lorgen | None
Dixie | None
Jesse | None
Glenda | None
Marra | None
Karen | None
Latisha | None
Kim | None
Dedic | None
Nate | None
Zack | None
David | None
Chris | None
Valerie | None
Clarice | None
Marilyn | None
Sydney | None
AutoReply2 | None
Howard | None
Zach | None
Michael | None
Michael | None
James | None
Dylan | None
Christopher | None
Beatriz | None
Harrison | None
Ashleigh | None
Hannah | None
Jared | None
Collin | None
david | None
bonnie | None
David | None
Irina | None
Spencer | None
Emily | None
Jake | None
Maarten | None
Byron | None
Stacey | None
Daniel | None
Bonnie | None
Kelly | None
Ali | None
Grant | None
Audrey | None
Syeda | None
Justin | None
Kirk | None
Gary | None
Kevin | None
Emily | None
Kerry | None
Jerry | None
Eli | None
Ryan | None
Ethan | None
Deepika | None
Eric | None
Nyle | None
Matt | None
Brian | None
Jeremiah | None
Kaira | None
Cassie | None
Ciara | None
John | None
Cody | None
Julia | None
Renato | None
Duyen | None
Allie | None
Rennie | None
Américo | None
Tricia | None
Scott | None
Raquel | None
Paul | None
Nicole | None
Nick | None
Natalie | None
Mina | None
Michelle | None
Melanie | None
Matt | None
Kristin | None
Kelli | None
Gloria | None
Erin | None
Diane | None
Derrick | None
Cameron | None
Ally | None
Victor | None
Bianca | None
Marissa | None
Emily | None
Mark | None
Mike | None
Rachel | None
Selin | None
Adam | None
Alana | None
Rachel | None
Aranzazu | None
Liam | None
Leslie | None
Amber | None
Emily | None
Addison | None
Beth | None
Matthew | None
Tara | None
Amanda | None
Nicki | None
Angelina | None
Akash | None
Lucy | None
Jane | None
Patrick | None
King | None
Robert | None
Michael | None
Ron | None
Teri | None
Matt | None
Kristen | None
Zoë | None
Roberto | None
Kevin | None
Chris | None
Jamison | None
Sola | None
Winnie | None
Wei | None
Isobel | None
Annelise | None
Chaim | None
Christopher | None
Gabrielle | None
Taylor | None
Jiun | None
Katherine | None
Lily | None
Michael | None
Natalie | None
Ronak | None
Sara | None
Sydney | None
Kelly | None
Ai | None
Aiastan | None
Ethan | None
Gajanan | None
Vishal | None
Erin | None
Lauren | None
Linda | None
Chad | None
Denmark | None
Giardy | None
Rodrigo | None
Mark | None
Camille | None
Troy | None
Darryl | None
Allianah | None
Daniel | None
Czarinalyn | None
Jayvee | None
Noel | None
Diana | None
Jessica | None
Rowena | None
Maria | None
Mario | None
Tiffany | None
Judy | None
Cynthia | None
Rima | None
Rosanne | None
Aileen | None
Shiela | None
Richard | None
Jay | None
Cecille | None
Sherwin | None
Mark | None
Catherine | None
Riyam | None
Rose | None
Sarah | None
Onedia | None
Patricia | None
Jasmin | None
Noel | None
Tonia | None
Rowena | None
Jay | None
Jayvee | None
Rima | None
Giardy | None
Shiela | None
Mark | None
Sarah | None
Diana | None
Mario | None
Giovanni | None
Alynna | None
Camille | None
Daniel | None
Allianah | None
Derryl | None
Michael | None
Kleent | None
Nikhil | None
Karissa | None
Czarinalyn | None
Aileen | None
Jayvee | None
Sherwin | None
Sherwin | None
Sophia | None
Joey | None
Lorraine | None
Shayla | None
Nathan | None
Kris | None
Eric | None
Regei | None
Mayo | None
Janeth | None
Shiela | None
Genesis | None
Jay | None
Mark | None
Cynthia | None
Sophia | None
Tonia | None
Aileen | None
Shiela | None
Rose | None
Rosanne | None
Mark | None
Guia | None
Cecille | None
Rodjero | None
Eileen | None
Diana | None
Cynthia | None
Mark | None
Regei | None
Giovanni | None
Pamela | None
Jessica | None
Chin | None
Alynna | None
Rima | None
Janeth | None
Daniel | None
Sherwin | None
Denmark | None
Kaycee | None
Aimee | None
Bless | None
Jay | None
Camille | None
Judy | None
Pamela | None
Rose | None
Shiela | None
Jeremy | None
Patricia | None
Rowena | None
Vanessa | None
Justin | None
Aimee | None
Shiela | None
Mario | None
Jay | None
Ghee | None
Jessica | None
Mayo | None
Mark | None
Rima | None
Guia | None
Mark | None
Maria | None
Noel | None
Patricia | None
Richard | None
Rodrigo | None
Sarah | None
Mark | None
Aileen | None
Alynna | None
Bless | None
Camille | None
Daniel | None
Diana | None
Shiela | None
Vlada | None
Kenzie | None
Securria | None
Zachery | None
Lauren | None
Geoff | None
Katie | None
Christa | None
Nathan | None
Cassandra | None
Kathryn | None
Kyle | None
Lisa | None
Belinda | None
Haleigh | None
Marlette | None
Allison | None
Raihana | None
Thomas | None
Mitchell | None
Denise | None
Julia | None
Leo | None
Karla | None
Amberly | None
Cooper | None
Tanner | None
McKenna | None
Khalil | None
Ashley | None
Matt | None
Brittany | None
Amy | None
Jenee | None
Ricardo | None
Melanie | None
Netra | None
Travis | None
Mario | None
Chris | None
Megan | None
Jennifer | None
Jenny | None
Allyson | None
Eric | None
Chris | None
Alicia | None
Tanya | None
Marcus | None
Shane | None
Donald | None
M. | None
Lonna | None
Tyler | None
Cassidy | None
Savannah | None
Patrick | None
Taylor | None
Isaiah | None
Kimmie | None
Amanda | None
Christy | None
Ashlyn | None
Alex | None
Dylan | None
Justin | None
Dina | None
Domenic | None
Jordan | None
Mathew | None
Zipporah | None
Sarah | None
Cayley | None
Roddy | None
Kaela | None
Tabari | None
Jayna | None
Brad | None
Brieanna | None
Conner | None
Sophia | None
Tyler | None
Britney | None
Samara | None
Emily | None
Bailey | None
Hannah | None
Alexandria | None
Jake | None
Bill | None
Natalie | None
Laura | None
Ashley | None
Lloyd | None
Maizie | None
Ashley | None
Bradley | None
Lucas | None
Lindsay | None
Gage | None
Madeleine | None
Gareth | None
Paige | None
Jennifer | None
Amber | None
Jordan | None
Emily | None
Alyson | None
Scott | None
James | None
Michelle | None
Jessa | None
Rhiana | None
Cassie | None
Zaideh | None
Christina | None
Kristina | None
Larry | None
Mary | None
Dorota | None
Hema | None
Sou | None
Stefan | None
Walter | None
Ken | None
Tom | None
Jessica | None
Tim | None
Sabin | None
Ken | None
Charles | None
Wayne | None
Ali | None
Taylor | None
Floriberta | None
Monica | None
Emma | None
Alejandra | None
Kevin | None
Sandra | None
Rylan | None
Renee | None
Paige | None
Matthew | None
Morgan | None
Diana | None
Dara | None
Carly | None
Carter | None
Blake | None
Asia | None
Luckesha | None
Lexi | None
Lesly | None
Jenny | None
Kaitlyn | None
Jay | None
Kathryn | None
Lindsey | None
Mason | None
Hannah | None
Simon | None
Stephen | None
Susan | None
Druex | None
Sophia | None
Chandler | None
Kevin | None
Kristin | None
Halle | None
Amanda | None
Carmen | None
Charisma | None
Cyndie | None
Andrea | None
Bre'Anna | None
Haley | None
Jabril | None
Brooke | None
Dara | None
Natalie | None
Allyson | None
Ashley | None
Amy | None
Jessica | None
Peter | None
Ted | None
Tanya | None
Bree | None
Eric | None
Henry | None
Arthur | None
Josey | None
Jordan | None
Jared | None
Jeff | None
Brent | None
Jason | None
Kim | None
Kellen | None
Lindsey | None
Lynda | None
Michelle | None
Marisa | None
Rachel | None
Shawn | None
Kenny | None
Tamara | None
Brian | None
Abby | None
Tyra | None
Thomas | None
Steve | None
Michael | None
Mow | None
Matt | None
Laura | None
Lisa | None
Brandon | None
Kaylyn | None
Jason | None
Jessica | None
Joshua | None
John | None
Gonzalo | None
Daniel | None
Craig | None
Brian | None
John | None
Ashley | None
Isabel | None
Ravin | None
Brandan | None
Brian | None
Cory | None
Vicki | None
Anna | None
Michael | None
Ralph | None
Stevan | None
Tracy | None
Ancelet | None
Jessica | None
Dylan | None
Kristin | None
John | None
Sean | None
Zachary | None
Jacob | None
Ahmed | None
Dave | None
Craig | None
Kevin | None
Phillip | None
Hannah | None
Zach | None
Chip | None
Andrew | None
John | None
Adam | None
Dillan | None
Emily | None
Querenzo | None
Seth | None
Hailee | None
Katie | None
Maddi | None
Tina | None
Michelle | None
Vicki | None
Sierra | None
Kyle | None
Robin | None
Elena | None
Nikola | None
Pavlin | None
Mike | None
Iva | None
Ashlyn | None
Maria | None
Jesus | None
Eric | None
Greta | None
Linda | None
Louis | None
Kapil | None
Meg | None
Will | None
Vineet | None
Tommy | None
Shaina | None
Sashko | None
Natalie | None
Melissa | None
Max | None
Manoj | None
Katie | None
Edwin | None
Danelle | None
Courtney | None
Annmary | None
Annabelle | None
Allison | None
Alexander | None
Adam | None
Scott | None
Christopher | None
Brittany | None
Danny | None
Kelly | None
Josh | None
David | None
Jessica | None
Renee | None
Natalie | None
Heidi | None
Tracy | None
Joe | None
Jack | None
Sarah | None
Ashlyn | None
Ashley | None
Pasquale | None
Gabe | None
Michelle | None
Michael | None
Kelsey | None
Ian | None
Patrick | None
Julia | None
Sarah | None
David | None
Samantha | None
Aisha | None
Alan | None
Michael | None
Diptiman | None
Jane | None
Karen | None
Kat | None
Sadaf | None
Marybeth | None
Matthew | None
Stephen | None
Deb | None
Lauren | None
Chris | None
Shelley | None
Bernie | None
Bob | None
Matt | None
Sameer | None
Joseph | None
James | None
James | None
Melissa | None
Steve | None
Shaniqua | None
Jaspal | None
Samantha | None
Mira | None
Eric | None
Bill | None
Kim | None
Terry | None
Walker | None
Eric | None
Tony | None
John | None
Earlene | None
Dave | None
Josiah | None
Kaycee | None
Michael | None
Nichole | None
Sam | None
Tawnya | None
Hannah | None
Jason | None
Jason | None
Dave | None
Jacquie | None
Bob | None
Griffin | None
Hailey | None
Hayley | None
Jason | None
Jason | None
Ashley | None
Carson | None
Clint | None
Sean | None
Johnny | None
Vanessa | None
Ricardo | None
Dominic | None
Zafirah | None
Jamie | None
Cheryl | None
Akhil | None
Deb | None
Julie | None
Brett | None
Christopher | None
rahul | None
Swethasri | None
Kushal | None
Maryjane | None
Randy | None
blake | None
maryjane | None
randy | None
taylor | None
troy | None
Taylor | None
Troy | None
Taylor | None
Maryjane | None
Troy | None
Randy | None
Blake | None
Greg | None
Nick | None
Mark | None
Samir | None
Meyah | None
Walid | None
Gav | None
Samir | None
Lloyd | None
Ashley | None
Toby | None
Rachel | None
Mike | None
Mick | None
Megan | None
Matt | None
Mark | None
Luke | None
Laura | None
Jonathan | None
John | None
James | None
Israel | None
Harry | None
Elena | None
Mike | None
Cesar | None
Thomas | None
Robin | None
Ryan | None
Sally | None
Sarah | None
Sasha | None
Sean | None
Sean | None
Sharmila | None
Robin | None
Simon | None
stephan | None
george | None
paddy | None
sean | None
Andrew | None
Ashley | None
Chloe | None
Christopher | None
Simon | None
Peter | None
Rachel | None
Peter | None
Jose | None
Farzam | None
Mick | None
Anne | None
Borhan | None
Cheree | None
Fabian | None
Grant | None
Rachel | None
Joel | None
Megan | None
Michael | None
Michelle | None
Mike | None
Nicki | None
Olly | None
Paddy | None
Paul | None
Laura | None
José | None
Francesca | None
Natalie | None
Jill | None
Dan | None
Kimberly | None
Marissa | None
Teja | None
Elizabeth | None
Kealey | None
Martin | None
Daniel | None
Jerry | None
Jenny | None
Lauren | None
Shanese | None
Jenny | None
Iain | None
Fitz | None
Reid | None
Jeanelle | None
Heather | None
Austin | None
Abigail | None
Katrin | None
Stuart | None
Jonathan | None
Perri | None
Kimberly | None
Michael | None
Iain | None
Allisson | None
Jared | None
Brittany | None
Abel | None
Austin | None
Claudia | None
Daniel | None
Charlie | None
Eric | None
Elizabeth | None
Rob | None
Lizzie | None
Claudia | None
Elizabeth | None
Jenny | None
Anika | None
Emmanuelle | None
Josh | None
Kina | None
Dee | None
Darlenys | None
Anya | None
Andrea | None
Rene | None
Abbi | None
Bea | None
Abbi | None
Daniel | None
Kay | None
Roberto | None
Amber | None
Abbi | None
Andrea | None
Natalie | None
Bill | None
Phyllis | None
Roberto | None
Amber | None
Abbi | None
Daniel | None
Kay | None
Lisa | None
Patricia | None
Rene | None
Wayne | None
Terri | None
Rene | None
Daniel | None
Edolia | None
NaJee | None
Beth | None
John | None
Wayne | None
Andrea | None
David | None
Lauren | None
Fabian | None
Ben | None
Francesca | None
Jonathan | None
Aleksandra | None
Ryan | None
Christopher | None
Jon | None
Lloyd | None
Christophe | None
Jaya | None
Sasza | None
Israel | None
Olly | None
Sean | None
Ragene | None
Katy | None
Ashley | None
Mianna | None
Joseph | None
Ross | None
Ross | None
Muhammad | None
christina | None
Dave | None
Joshua | None
Natalie | None
Manuel | None
Daniel | None
Mark | None
Brian | None
Luke | None
Billy | None
Nicholas | None
Cecilio | None
Nicolas | None
Emily | None
Scott | None
Ken | None
Patty | None
Mel | None
Mick | None
Christine | None
Suzanne | None
Thomas | None
Dominick | None
Nancy | None
Gene | None
Sarah | None
Kevin | None
Chad | None
Kathy | None
Dorri | None
Caroline | None
Ray | None
Bill | None
Edward | None
Kolja | None
21 | None
Sandra | None
Diane | None
Vernon | None
Quinn | None
Karen | None
Sarah | None
Kelsey | None
Paige | None
Rich | None
Joseph | None
Sara | None
Parker | None
Jessica | None
Rick | None
morgan | None
nancy | None
nathan | None
michelle | None
randall | None
mary | None
kristina | None
jessica | None
grace | None
faith | None
abigail | None
emily | None
bryan | None
breanna | None
bhagath | None
Jeffrey | None
erica | None
Chris | None
Martin | None
Ann | None
Jose | None
Lisa | None
Ruslan | None
Kellie | None
Ashley | None
Rory | None
Ann | None
Yildiz | None
Brenden | None
Leva | None
Gaurav | None
Tom | None
Ann | None
Yildiz | None
Connor | None
Jose | None
Marcela | None
Karen | None
Jalen | None
Jessica | None
Rohit | None
Joel | None
Randall | None
Cheryl | None
Christopher | None
Randall | None
Rhiannon | None
Kimberly | None
Noemi | None
Gracen | None
Emily | None
Amy | None
Jourdon | None
Mikaela | None
Grant | None
Kayla | None
Steven | None
Samantha | None
Sandi | None
Vanessa | None
Thomas | None
Steven | None
Alexis | None
Alexander | None
Molly | None
Marsha | None
Dylan | None
Djanaphine | None
Nadia | None
Sandra | None
Megan | None
Larry | None
Mike | None
Tiffany | None
Dwayne | None
Matthew | None
Ashley | None
Aaron | None
Jim | None
Zerlina | None
Daniela | None
Erin | None
Gregory | None
Kristin | None
Larry | None
Emmanuel | None
Mira | None
Robby | None
Mary | None
Sharon | None
Jess | None
Heather | None
annabel | None
alex | None
aaron | None
Kershia | None
Harry | None
Kylie | None
Thomas | None
Sean | None
Lucy | None
Jessica | None
Brett | None
Alex | None
Roheel | None
Richard | None
Charley | None
Angela | None
Alex | None
ben | None
chloe | None
christian | None
Blake | None
Dominic | None
Stuart | None
Joe | None
Joe | None
Chloe | None
Stephen | None
Callum | None
June | None
Corin | None
Brogan | None
Jack | None
Maddie | None
Victor | None
Phoebe | None
Jack | None
Gulam | None
Daniel | None
Brogan | None
Finlay | None
Zoe | None
Jake | None
Stephan | None
Lydia | None
Jack | None
Brogan | None
Alley | None
Erika | None
Tia | None
Nathan | None
James | None
Sheanne | None
Oliver | None
Christian | None
Gabriella | None
Scott | None
myfanwy | None
mia | None
matthew | None
lucas | None
joe | None
jade | None
Olivia | None
jack | None
harry | None
harry | None
hannah | None
grace | None
ellis | None
david | None
harry | None
Amy | None
reuben | None
sam | None
Jack | None
Brogan | None
Lillian | None
Christian | None
Ben | None
Ben | None
sam | None
Shawna | None
Sahir | None
Grant | None
Freddie | None
Arthur | None
vivia | None
thomas | None
Samir | None
Angelo | None
Naomi | None
Jillian | None
Jan | None
Dana | None
Vinita | None
Morgan | None
Mike | None
Brady | None
Michaela | None
Stefani | None
Kirsten | None
John | None
Merritt | None
Alex | None
Alison | None
Janet | None
Edvan | None
Edabelle | None
Diana | None
Bill | None
Bernadette | None
Ava | None
Aron | None
Abby | None
Michael | None
Deanna | None
Renee | None
Angelique | None
Joshua | None
Amanda | None
Xavier | None
Ericka | None
Randy | None
Kenneth | None
Chris | None
Beverley | None
Chris | None
lettrice | None
Amanda | None
Joseph | None
Salina | None
Jack | None
Pernilia | None
Keneia | None
John | None
Niña | None
Michael | None
Arnold | None
Maria | None
Seth | None
Janice | None
Anissa | None
April | None
Sam | None
Tamari | None
Merritt | None
Niña | None
Anita | None
joseph | None
Julianne | None
Maria | None
Maria | None
Russell | None
Tazha | None
Edvan | None
Kristopher | None
Jalanya | None
Michelle | None
Jacqueline | None
Emmylou | None
Alice | None
Meghan | None
Virginia | None
Jeffriel | None
Grace | None
Danielle | None
Thomas | None
Jessica | None
Roxanne | None
Bill | None
Chad | None
Joe | None
Ilyse | None
Laura | None
Matthew | None
Ahana | None
Amit | None
Vanessa | None
Shilpa | None
Sanjam | None
Kishore | None
Diane | None
Kando | None
Adrion | None
Tim | None
Sierra | None
Terry | None
Tim | None
Kevin | None
Erin | None
Hayli | None
Madison | None
Emily | None
Shelley | None
subash | None
Lee | None
Gary | None
Hannah | None
Liam | None
Josh | None
Jon | None
Adam | None
Tom | None
Charlie | None
Jack | None
Will | None
Tom | None
Joanna | None
Charity | None
Annabel | None
Joseph | None
Jason | None
Tracey | None
Justin | None
Anne | None
Anthony | None
Lucas | None
Heide | None
Allison | None
Michelle | None
Mary | None
Marshall | None
Jim | None
Alaina | None
Dallas | None
Jacqueline | None
Conor | None
Rob | None
Lauren | None
George | None
Shane | None
Seth | None
Dina | None
Brian | None
Graeme | None
Nabil | None
Stephen | None
Tracey | None
Dorothy | None
Kristen | None
Meg | None
Keith | None
Miriam | None
Jim | None
Bryan | None
Brent | None
Benjamin | None
Susan | None
Jessie | None
Yari | None
Katherine | None
Keith | None
Carmen | None
Helen | None
Tia | None
Patricia | None
Frank | None
Susan | None
Haley | None
John | None
Kirsey | None
Luis | None
Marines | None
Roselin | None
Jeff | None
Sarah | None
Shelby | None
Kelvin | None
Susan | None
Alfredo | None
Astrid | None
Christina | None
Holly | None
Tara | None
Lee | None
Rod | None
Corinne | None
Kressa | None
Brandon | None
Darnley | None
Elizabeth | None
Edward | None
Evan | None
Dustin | None
Rebecca | None
Rene | None
Dena | None
Lora | None
Dalton | None
Julian | None
Matt | None
Bill | None
Jack | None
Kevin | None
Will | None
Dafydd | None
Oliver | None
Algida | None
Chris | None
Ryan | None
Connor | None
Brooke | None
Kirren | None
Ben | None
Robyn | None
Jacob | None
Lewis | None
Patricia | None
Katherine | None
Craig | None
Mahsam | None
Dominique | None
Steven | None
Leonie | None
David | None
Nawid | None
Gareth | None
Lisa | None
Ben | None
Thomas | None
Adam | None
Stuart | None
Scott | None
Mary | None
Priscila | None
Lukas | None
Jordan | None
Hannah | None
Charles | None
Konstantin | None
Matthew | None
rahma | None
sebastian | None
tarkan | None
zoe | None
Emily | None
Dominik | None
Jasmine | None
Kristin | None
Lauren | None
Philipp | None
Joshua | None
Jasmine | None
Noah | None
Angus | None
Oliver | None
Manuel | None
Harry | None
Freddie | None
Xenia | None
Jonas | None
Jordan | None
Mevlüt | None
Adam | None
Adriana | None
Jamie | None
Aneta | None
Rahma | None
Thomas | None
Martin | None
noelle | None
michael | None
Marina | None
maximilian | None
Mahsam | None
Algida | None
aimee | None
ben | None
camille | None
charlotte | None
charlotte | None
christian | None
ivonne | None
jack | None
james | None
jasmine | None
joel | None
jordan | None
alfs | None
kevin | None
lewis | None
lucia | None
julia | None
lukas | None
marc | None
max | None
matthew | None
marius | None
Gurveen | None
Grant | None
Ellen | None
Dionne | None
Peter | None
Billy | None
Hannah | None
Shan | None
Julia | None
Lisa | None
Michael | None
Denni | None
Denise | None
David | None
Jamal | None
Joanne | None
Jim | None
Joanita | None
John | None
John | None
Moses | None
Monique | None
Monika | None
Cuong | None
Matthew | None
Max | None
Mayuri | None
Meghan | None
Mia | None
Michael | None
Jennifer | None
Christine | None
Arzo | None
Chris | None
Richard | None
Rob | None
April | None
Rachel | None
Qasim | None
Phillip | None
Mary | None
Nathan | None
Nadia | None
Christine | None
Michele | None
Shanelle | None
Shawnee | None
Simone | None
Tarah | None
Theresa | None
Alexandria | None
Chandra | None
Chan | None
Cecily | None
Carlisa | None
Carey | None
Billy | None
Christine | None
Billy | None
Ayantika | None
Ralph | None
Aruquia | None
Angie | None
Amelia | None
Amanda | None
Bill | None
Manuel | None
Malcolm | None
Kayla | None
Lavendar | None
Carl | None
Jason | None
Jonathan | None
Aruquia | None
josh | None
katherine | None
kelly | None
kevin | None
kristen | None
lisa | None
jon | None
michael | None
morgan | None
natalie | None
osama | None
laurie | None
john | None
jack | None
jamal | None
raj | None
irene | None
heather | None
fideli | None
dylon | None
david | None
christopher | None
christine | None
brett | None
alex | None
alec | None
Bri | None
Kaylin | None
jeff | None
renee | None
nicole | None
Vinita | None
Leticia | None
Amanda | None
Ravyn | None
Rob | None
William | None
William | None
rhonda | None
Michael | None
Blake | None
Michael | None
Joel | None
James | None
Alli | None
Alex | None
zanner | None
zachary | None
terra | None
steffan | None
Kevin | None
Bill | None
Leticia | None
Clay | None
Liezel | None
Leanna | None
Nick | None
Mai-ling | None
Kris | None
Dariis | None
Mohd | None
Suma | None
Julie | None
Teage | None
Andrea | None
Scott | None
Rodrigo | None
Rich | None
Paul | None
Matthew | None
Marco | None
Johnny | None
Debra | None
DJ | None
David | None
James | None
Gene | None
Fraser | None
Vincent | None
Trisha | None
Jamie | None
Andrea | None
Alayna | None
Subeksha | None
Neal | None
Melanna | None
Arthi | None
Austin | None
Chris | None
Prachi | None
Aaron | None
Kevin | None
Anna | None
Naomi | None
Lindsey | None
Leslie | None
Jerri | None
Marylyn | None
Mindy | None
Alex | None
Shauna | None
Lena | None
Jordan | None
Erin | None
Erika | None
Derek | None
Brittany | None
Kenneth | None
Ali | None
Jenna | None
Alison | None
Kurt | None
Heather | None
Shauna | None
Rachel | None
Dan | None
Mackenzie | None
Dorian | None
Hannah | None
Akachi | None
John | None
Yoalli | None
Joel | None
Micah | None
Poornima | None
Ethan | None
Alexander | None
Sarah | None
Stephen | None
Christine | None
Alan | None
Nipur | None
Erin | None
Travis | None
Julia | None
Jackie | None
Ziggy | None
Jared | None
Cass | None
Nate | None
jon | None
Eric | None
Doug | None
Danny | None
Adam | None
Todd | None
John | None
Ty | None
Justin | None
Sadie | None
Jeff | None
Mark | None
Tina | None
Randy | None
Shaleen | None
Pooja | None
Dimple | None
Candela | None
James | None
Jonathan | None
Akshar | None
Rushikesh | None
Vinayak | None
Andres | None
Vinny | None
Smruti | None
Rocío | None
Valeria | None
Marcus | None
Monica | None
JC | None
Nina | None
Deepak | None
Nisha | None
Madeleine | None
Lezlie | None
Kyle | None
Julie | None
Chloe | None
Hannah | None
Daniel | None
Andrew | None
Allie | None
Abigail | None
Jimmy | None
Nicholas | None
Drew | None
David | None
Paul | None
Jack | None
Amber | None
Luke | None
Amber | None
John | None
Kevin | None
Nicole | None
John | None
Brent | None
Nick | None
Nico | None
Ivana | None
Jonathan | None
Kylee | None
Elizabeth | None
Cooper | None
Thomas | None
Kyra | None
Jenna | None
Jennah | None
Bret | None
Zac | None
Stephanie | None
Jesus | None
Tyree | None
Abbey | None
Rachel | None
John | None
Cullen | None
Lauren | None
Nate | None
Traci | None
Zoe | None
Stu | None
Tara | None
Mason | None
Taylor | None
Taeko | None
Dan | None
Tony | None
Shera | None
Diana | None
Connor | None
Kaelin | None
Karlee | None
Joe | None
Tom | None
Abby | None
Amber | None
Patrick | None
Nate | None
Mike | None
Mark | None
Madi | None
Logan | None
Katie | None
Jesse | None
Alexandra | None
Jeff | None
EmmaLee | None
Emma | None
Emily | None
Casandra | None
Brooke | None
Brianna | None
Brandon | None
Annie | None
Jacob | None
Jacob | None
Will | None
Whitley | None
Richard | None
David | None
Paul | None
Charles | None
Willian | None
Leslie | None
Connor | None
Dylan | None
Jackson | None
Javier | None
Daniel | None
Michael | None
Robert | None
Celeste | None
Samuel | None
Charles | None
Kyle | None
Heather | None
Richard | None
richard | None
thomas | None
Lindsay | None
Carrie | None
Casey | None
Zack | None
Allie | None
Chandler | None
Dakota | None
Preslee | None
Courtney | None
Garrott | None
Kelsee | None
Krista | None
Audrey | None
Adam | None
Tiffany | None
Jason | None
Madison | None
Ryan | None
Cortney | None
Jackie | None
Rebekah | None
Madison | None
Katie | None
Danielle | None
Preston | None
Bailey | None
Allison | None
Jon | None
Hannah | None
Kaitlyn | None
Grace | None
Destiny | None
Kelsey | None
Jordan | None
McKenna | None
Kelsee | None
Calvin | None
Rosie | None
Karee | None
Albert | None
Mayokia | None
Marvin | None
Vik | None
Meldan | None
Troy | None
Rodrigo | None
Meldan | None
Drew | None
Cole | None
Christy | None
Ben | None
Jake | None
David | None
Ronald | None
Jennifer | None
Kelani | None
Kirstee | None
Lisa | None
Mariah | None
Darien | None
Tammy | None
Tristan | None
James | None
James | None
Lisa | None
Tom | None
Jeff | None
David | None
Luke | None
Amanda | None
Ishara | None
Rebekah | None
Robert | None
Rachel | None
Leslie | None
James | None
Lianne | None
Laura | None
Amy | None
Ross | None
Robin | None
Krista | None
Lianne | None
Sarra | None
Regina | None
Lisa | None
Jacob | None
Matt | None
Nick | None
Tricia | None
Alicia | None
Alexa | None
Jacob | None
Rebekah | None
praveenr | None
Mboyina | None
Deepthi | None
Jeff | None
Jonathan | None
Debra | None
Kenneth | None
Chris | None
Chang | None
Chuck | None
Kevin | None
Chris | None
Michael | None
Randolph | None
Troy | None
Anh-Tuan | None
William | None
Robert | None
Kevin | None
Alvaro | None
Dawn | None
Sheryl | None
Christine | None
Ryan | None
Angel | None
Chris | None
Teresa | None
Latha | None
Mahesh | None
Hi | None
Allison | None
Adam | None
ADELA | None
Ashtyn | None
Anne | None
Andrea | None
Aliya | None
Amanda | None
Alyssa | None
Alec | None
Alex | None
Aubrey | None
Alex | None
Andy | None
Barrett | None
Beth | None
Becki | None
Emily | None
Emily | None
Courtney | None
Christopher | None
Chiara | None
Chelsea | None
Becca | None
Chase | None
Brit | None
Brian | None
BJ | None
Bethany | None
Emily | None
Becky | None
Cameron | None
Drew | None
Kelley | None
Thomas | None
Joshua | None
Jordan | None
Jordan | None
John | None
Jessie | None
Jessica | None
Matt | None
Jes | None
Jeffrey | None
Jeff | None
Jeff | None
Jamie | None
Matt | None
JAKE | None
Jennifer | None
Jacob | None
Marissa | None
Lori | None
Kayleen | None
Kayla | None
Katie | None
Katie | None
Katie | None
Julie | None
MacKenzie | None
Kendall | None
Kim | None
Kirbi | None
Kristin | None
Lauren | None
Leslie | None
Lindsey | None
Kiley | None
Heidi | None
Heather | None
Hannah | None
Patrick | None
Patrick | None
Raymond | None
Richard | None
Ron | None
Ryan | None
Pam | None
Samantha | None
Stef | None
Susan | None
Sydney | None
Taylor | None
Taylor | None
Taylor | None
Sarah | None
Nichole | None
Molly | None
Mike | None
Hannah | None
Haley | None
Gregg | None
Gene | None
Evan | None
Erin | None
Ty | None
Adam | None
Kelvin | None
Megan | None
Megan | None
Megan | None
Melissa | None
Michael | None
Michael | None
Tyler | None
Aaron | None
Thomas | None
SARAH | None
Shanel | None
Tom | None
Lauren | None
Nate | None
Jonathan | None
Abhilas | None
Tausif | None
Rahul | None
jane | None
Fatima | None
Umer | None
Megan | None
Ambreen | None
Umer | None
Tracy | None
Sherry | None
Keith | None
John | None
Jane | None
Crystal | None
Umer | None
Rajat | None
Ola | None
Fatima | None
Sainadh | None
John | None
Glory | None
Julie | None
Charlie | None
Shelby | None
Michelle | None
Dyan | None
Pinchas | None
Gabrielle | None
Erin | None
Jay | None
Dan | None
Steve | None
Nick | None
Kristin | None
Daniel | None
Sarah | None
Marc | None
Gene | None
Lindsey | None
Kiersten | None
Joseph | None
Sabrina | None
Sean | None
Victoria | None
Michael | None
Christian | None
Anthony | None
Brett | None
Laura | None
Erica | None
Mark | None
Mary | None
Carly | None
Colin | None
Amy | None
Joshua | None
Phi | None
Lauren | None
Avery | None
Leon | None
Sam | None
Kevin | None
Eleesha | None
Beverly | None
Bryan | None
Dekoven | None
Jared | None
Laura | None
Maribel | None
Martin | None
Matthew | None
Stephanie | None
Tim | None
18 | None
Katie | None
Todd | None
3 | None
1 | None
Jillian | None
Jerry | None
Mari | None
Michelle | None
Devon | None
15 | None
Sarah | None
Amber | None
Jennifer | None
Alex | None
Matthew | None
alex | None
sarah | None
rick | None
yvonne | None
Mike | None
Andrew | None
keith | None
Keith | None
amber | None
Gianni | None
Ana | None
Ferdinand | None
Juliana | None
Predrag | None
Patrick | None
Shelby | None
Bin | None
Oleksii | None
Kevin | None
Stephen | None
Timothy | None
Shubham | None
Md | None
Augustine | None
Iwá | None
Joel | None
Timothy | None
Celeste | None
Dev | None
Joel | None
Chandana | None
Daniel | None
Roman | None
LaPlace | None
Patrick | None
Kevin | None
Gabriela | None
Jay | None
Ana | None
Jean | None
Alex | None
Ivor | None
Gabe | None
Predrag | None
Juliana | None
Leonardo | None
Leeanna | None
Dhruv | None
Bruno | None
Md | None
Maebellyne | None
Gabe | None
Gabriel | None
klaudja | None
Roman | None
andrea | None
enrique | None
ferdinand | None
gabriel | None
ian | None
Stephen | None
gabriela | None
gabriela | None
Kevin | None
Christa | None
Michael | None
Patrick | None
Leigh | None
Megan | None
Calvin | None
Johnny | None
Ryan | None
Megan | None
Joselyn | None
Andrea | None
Jake | None
Christopher | None
Gary | None
Jacqueline | None
Nehul | None
Christopher | None
Graeme | None
DD | None
Krystle | None
Sheila | None
Emily | None
Analu | None
Evan | None
Jill | None
Nicole | None
Ryan | None
Meghan | None
Griffin | None
Sean | None
David | None
Genessa | None
Rich | None
Jeremy | None
Brendan | None
Riley | None
Shannon | None
Greg | None
Erin | None
Michelle | None
Lauren | None
Diogo | None
Jennifer | None
Jenny | None
Jeremy | None
Jessica | None
Kelly | None
swillis | None
Julia | None
Keeghan | None
Analu | None
Lynne | None
Gokulnath | None
Deborah | None
Roshan | None
Marie | None
Lowell | None
Jeff | None
Kyle | None
Debbie | None
Lauren | None
Bhawani | None
Senthil | None
Djibril | None
Daryl | None
Dylan | None
Mo | None
Meryl | None
Daquaan | None
Riley | None
Ashley | None
Bill | None
Michael | None
Jason | None
Terry | None
Davis | None
Erin | None
Taylor | None
Jennifer | None
Chelsea | None
Steve | None
Steve | None
Chuck | None
Kamri | None
Ben | None
Kimm | None
Matthew | None
Alexander | None
Erin | None
Erin | None
Matt | None
Loren | None
Paul | None
LaClea | None
Bela | None
Riley | None
Jack | None
Mark | None
Erin | None
Travis | None
Manuel | None
Tom | None
Steve | None
Perry | None
Dan | None
Dan | None
Anastasia | None
Ian | None
Joe | None
Zach | None
Joseph | None
Zach | None
Sean | None
Jason | None
Thomas | None
Hannah | None
Holly | None
Daniel | None
Rodney | None
Mariana | None
Vishal | None
Luigi | None
Staci | None
Danielle | None
Mark | None
Zaakir | None
Chary | None
Homer | None
Kevin | None
Jeff | None
Peter | None
Owen | None
Pallavi | None
Seth | None
Jonathan | None
Shushma | None
Gautami | None
Robert | None
Mark | None
Bryan | None
Nicholas | None
Dan | None
Anuj | None
Lisa | None
John | None
Semion | None
Bhavesh | None
Antra | None
tina | None
Sumiti | None
Rochelle | None
MOHD | None
Jennifer | None
Ja'Nien | None
Mike | None
Danielle | None
Krupa | None
Aaron | None
Julie | None
Prathamesh | None
Patrick | None
Keith | None
Luyin | None
Neal | None
Balaji | None
Cyrus | None
Jeremy | None
Dhanapriya | None
Scott | None
Pravallika | None
Michael | None
krushanu | None
Jennifer | None
Andy | None
Nino | None
Randy | None
Kyle | None
Eunice | None
Rich | None
Kelley | None
Catrina | None
Vicki | None
Wesley | None
Adam | None
Aaron | None
Tina | None
Stella | None
Shaunessy | None
Neelam | None
Ashley | None
teneesha | None
madhu | None
barbara | None
Amber | None
Holly | None
Holly | None
Richard | None
Rebecca | None
Kevin | None
Becky | None
Cort | None
David | None
Neil | None
Laura | None
Sara | None
Jake | None
Amy | None
Ashley | None
tina | None
Rikki | None
Mick | None
Larry | None
Kevin | None
Kamali | None
Julie | None
Jonathan | None
James | None
Andrea | None
Jackie | None
Gina | None
James | None
David | None
Bernadette | None
Bernard | None
Genevieve | None
Christa | None
Brenda | None
Claire | None
Crystal | None
Danielle | None
Christopher | None
Michael | None
William | None
Deno | None
Kevin | None
Mark | None
Jeff | None
Mark | None
Michael | None
Tom | None
Jen | None
Michael | None
Mathew | None
Joseph | None
Kevin | None
David | None
Shahnawaz | None
Tobias | None
Jaeni | None
Ekta | None
Dipasha | None
Sonali | None
Hetal | None
Faizan | None
Faisal | None
Casee | None
Roger | None
Ronnie | None
Antony | None
Aman | None
Kym | None
Kranthi | None
Michael | None
Gemma | None
Pankaj | None
Jack | None
Dan | None
Ananya | None
Saket | None
Anjohns | None
Andrew | None
Akshayta | None
Kanish | None
Adriana | None
Krishanga | None
Shahnawaz | None
Tobias | None
Casee | None
Ekta | None
Yash | None
Luis | None
Adriana | None
Hetal | None
Melson | None
Jonathan | None
Shalvi | None
Rohit | None
Aditi | None
jaeni | None
Faizan | None
Steve | None
Sean | None
Mohammad | None
Christopher | None
Jonathan | None
Luis | None
Tyler | None
Sean | None
Yash | None
Sophie | None
Sophie | None
Yajushee | None
Kevin | None
Utkarsh | None
Saket | None
Charandeep | None
Mahek | None
Sophie | None
Sean | None
Jose | None
Jonathan | None
Jay | None
Hope | None
Hiriam | None
Gabriella | None
Tapasya | None
Fred | None
Donna | None
Crissy | None
Bryce | None
Adriana | None
Andy | None
Sonali | None
Parul | None
Mehta | None
Yash | None
Rohit | None
Faizan | None
Emma | None
Pranav | None
Arshad | None
Alessio | None
Ciara | None
Pulkit | None
Mohit | None
Pranav | None
Mayank | None
Jitendra | None
Tom | None
Karen | None
Dhruvi | None
Shridhi | None
Yajushi | None
Bhavya | None
Sonali | None
Raghav | None
Akshay | None
Padam | None
Deeksha | None
Tapasya | None
Charandeep | None
Shahnawaz | None
Faisal | None
Saket | None
Abhijeet | None
Hetal | None
Stephen | None
Lara | None
Jenna | None
Michele | None
Will | None
Tori | None
Tina | None
Dhiran | None
Hampton | None
Ginny | None
Christopher | None
Kimber | None
Taylor | None
Dominique | None
Skyler | None
Alicia | None
Iryn | None
Hunter | None
Doug | None
Christopher | None
Molly | None
Shelby | None
Mohammad | None
Ann | None
Alicia | None
Brenda | None
Mark | None
Christian | None
Will | None
Wade | None
Ryan | None
Ernie | None
Bhavika | None
Justin | None
Hampton | None
Jacqueline | None
Robert | None
Richard | None
Maurice | None
Ashley | None
Avery | None
Justin | None
Jacob | None
Joel | None
Gene | None
Darlene | None
Tyara | None
Misti | None
Heidi | None
Sara | None
C. | None
Jason | None
Darla | None
Cassandra | None
Crystal | None
Michelle | None
Brooke | None
Cheyenne | None
Caleb | None
Rhonda | None
Tiffiny | None
Harrison | None
Anthony | None
Madeline | None
Paul | None
Caleb | None
Jason | None
Blaine | None
Robert | None
Molly | None
Logan | None
Ashley | None
Roxanne | None
Kaylee | None
JJ | None
Zachary | None
Bill | None
Melinda | None
Wendell | None
Russell | None
Lee | None
Levi | None
Amanda | None
Heidi | None
Callie | None
Michele | None
Megan | None
Jamie | None
Makai | None
Logan | None
Libbey | None
Lauren | None
Kelly | None
Katie | None
Jonmorgan | None
Jesse | None
Jason | None
Jamie | None
Hannah | None
Erin | None
Hunter | None
Paul | None
Amanda | None
Skyler | None
Dominique | None
Mehak | None
Nicholas | None
Nicole | None
Rosmery | None
Isabella | None
Garren | None
Deleecia | None
Christine | None
Tiffany | None
Alison | None
Sloan | None
Garrett | None
Rich | None
Taylor | None
Shelby | None
Tyler | None
Tiffiny | None
Tiffany | None
Brianna | None
Tara | None
Shawna | None
Tabitha | None
Donnie | None
Dillon | None
Sabrina | None
Matthew | None
Hannah | None
Richie | None
Justin | None
Isabella | None
Alison | None
Dhiran | None
Logan | None
Jeremy | None
Lamar | None
Mallory | None
Caleb | None
Ali | None
Scott | None
Dreika | None
Cole | None
Carolyn | None
Caroline | None
Michaela | None
Mallory | None
Caleb | None
Scott | None
Jerricus | None
Colby | None
David | None
Amanda | None
Kimber | None
Iryn | None
Amanda | None
Christopher | None
Kaitlyn | None
Troy | None
Jud | None
Tori | None
Harrison | None
Michelle | None
Alex | None
Crystal | None
Amanda | None
Steve | None
Logan | None
Shane | None
Sabryn | None
Denni | None
Gene | None
Hunter | None
Hannah | None
Iryn | None
Jonathon | None
Justin | None
Jay | None
Joel | None
Garrett | None
Jamal | None
Kimber | None
Logan | None
Levi | None
Logan | None
Lamar | None
Misti | None
Matthew | None
Michelle | None
Jason | None
Mallory | None
Gregory | None
Darlene | None
Amanda | None
Amanda | None
Amanda | None
Adam | None
Brooke | None
Brad | None
Crystal | None
Conner | None
Dominique | None
C | None
Cheyenne | None
Crystal | None
Colby | None
Caleb | None
Cassandra | None
Christopher | None
Dillon | None
Darla | None
Caleb | None
Cameron | None
Amanda | None
Pam | None
Amanda | None
Jeremy | None
Jeremy | None
Dillon | None
David | None
Lara | None
Steve | None
Dhiran | None
Michaela | None
Jenna | None
LinkedIn | None
Pam | None
Rolando | None
Troy | None
Bridget | None
Kelsey | None
Sophie | None
Jerricus | None
Alan | None
Nick | None
Sabrina | None
Justin | None
Rhonda | None
Raj | None
Rolando | None
Scott | None
Sara | None
Sabryn | None
Sabrina | None
Steve | None
Skyler | None
Tiffiny | None
Tori | None
Vincent | None
Wesley | None
Wendell | None
Jay | None
Gena | None
Shelby | None
Tyara | None
Alex | None
Breona | None
Bianca | None
Erik | None
Steve | None
Triniti | None
Bridget | None
Conner | None
Denni | None
Garren | None
Hannah | None
Jerricus | None
Justin | None
Kaylee | None
Kelsey | None
Kevin | None
Lamar | None
Sabryn | None
Logan | None
Bill | None
Steve | None
Scott | None
Conner | None
Crystal | None
Julia | None
Steve | None
Christopher | None
Skyler | None
Nash | None
Jenna | None
Shelby | None
Sabryn | None
Sabrina | None
Michaela | None
Paula | None
Blaine | None
Alisa | None
Glen | None
Lee | None
72 | None
Colby | None
Alden | None
LinkedIn | None
Andrew | None
Greg | None
Muskan | None
Michael | None
Misti | None
Megan | None
Gena | None
Jason | None
Kathy | None
Darlene | None
Wesley | None
Vincent | None
Wesley | None
Nick | None
Dave | None
Kevin | None
Jay | None
Crystal | None
Denni | None
Paula | None
Jacob | None
Kirsten | None
Kevin | None
Conner | None
Ginny | None
Tina | None
Julia | None
Eileen | None
Donnie | None
Mallory | None
Hannah | None
Jonathon | None
Heath | None
Gregory | None
Flora | None
Denni | None
Darla | None
Jerricus | None
Deleecia | None
CJ | None
Christine | None
Brad | None
Jay | None
Brooke | None
Cassandra | None
Cody | None
Caleb | None
Kelsey | None
Mallory | None
Benjamin | None
Angie | None
Andria | None
Andrew | None
Taylor | None
Tiffiny | None
Maddison | None
Troy | None
Sophie | None
Sabryn | None
Sloan | None
Rolando | None
Nick | None
Michelle | None
Tiffany | None
Alex | None
Alan | None
Isabella | None
Crystal | None
Sara | None
Jud | None
Matthew | None
Doug | None
Lamar | None
Garrett | None
Mohammad | None
Richie | None
Tabitha | None
Troy | None
Wesley | None
Madison | None
Sophie | None
Kirsten | None
Isabella | None
Gena | None
Kelly | None
David | None
Mike | None
Scott | None
Lara | None
Vincent | None
Michaela | None
Eileen | None
Terry | None
Amanda | None
Logan | None
Mallory | None
Sabrina | None
Ali | None
Stephanie | None
Amanda | None
John | None
Hitesh | None
Jemma | None
Vivek | None
Saurabh | None
Tushar | None
Neelam | None
Shibu | None
Saumyadevi | None
Rajesh | None
Hitesh | None
Sandeep | None
Jemma | None
Saurabh | None
Thomas | None
Jim | None
Neelam | None
Swatee | None
Tushar | None
Jindal | None
Saumyadevi | None
Ashish | None
Bhushan | None
Rajesh | None
Marci | None
Sandeep | None
John | None
Anil | None
Evie | None
Sachin | None
Vineet | None
Stephen | None
Karam | None
judy | None
Charles | None
Jon | None
Justin | None
Kayla | None
Michael | None
Robert | None
Rowan | None
Ryan | None
Shane | None
Will | None
Brandon | None
Casey | None
Chris | None
Lauren | None
Lee | None
Matt | None
Tommy | None
jacob | None
David | None
Sandra | None
Ashok | None
Sandra | None
Isaac | None
Jeffrey | None
Todd | None
Brent | None
Joey | None
Woodrow | None
Jesse | None
Dejan | None
katherine | None
lynne | None
mary | None
mya | None
nakeisha | None
rosemary | None
roshan | None
sandra | None
shrity | None
travis | None
Aaron | None
Amye | None
Jack | None
Jason | None
Jennifer | None
Julie | None
Keri | None
Laura | None
Lindsey | None
Rashmi | None
Sandra | None
shrity | None
Andrew | None
Ashley | None
Brett | None
Jeff | None
Fabian | None
William | None
Jerrod | None
Victoria | None
John | None
Alex | None
Jennifer | None
Collin | None
hemavathy | None
elizabeth | None
david | None
clayton | None
christine | None
brad | None
karen | None
bob | None
amber | None
Mackenzie | None
Emma | None
Victoria | None
Sandra | None
Hiba | None
Bob | None
Sydney | None
Joshua | None
Mike | None
GD | None
anbarasi | None
Dan | None
Jeffrey | None
Russell | None
Brandon | None
Rhasaan | None
Joel | None
Andie | None
Jayasurya | None
Daniel | None
Anirudh | None
JW | None
Dewayne | None
Pallavi | None
Carrie | None
Daniel | None
Jamie | None
Mark | None
Stan | None
Ken | None
Trish | None
Victoria | None
Paul | None
Rick | None
Iwalani | None
Edward | None
Benjamin | None
Irwin | None
Stephen | None
jennifer | None
kaycie | None
REBECCA | None
Colleen | None
Wiktoria | None
Leah | None
Richard | None
Derek | None
Alice | None
Ronald | None
Thomas | None
Sarah | None
Samantha | None
Lance | None
Vel | None
Cathryn | None
Jack | None
Clint | None
Tasha | None
Sarah | None
John | None
Christine | None
Carlos | None
Matthew | None
Sami | None
Melissa | None
Rebecca | None
Rachel | None
Duane | None
DJ | None
Deidra | None
Danielle | None
Chazzerea | None
Casey | None
Caitlyn | None
Brandon | None
Bob | None
Ayreona | None
Ashley | None
Arianne | None
Andrea | None
Robert | None
Ryan | None
Ryan | None
Sabrina | None
Rachel | None
Tricia | None
Venkat | None
Will | None
Richard | None
Alana | None
Ellen | None
Alvin | None
Amelia | None
Shefali | None
Sean | None
Scott | None
Sanjana | None
Sammy | None
Amanda | None
Taylor | None
Eric | None
Erica | None
Namita | None
Morgan | None
Michelle | None
Michele | None
Mendy | None
Megan | None
Matt | None
Mary | None
Marib | None
Marcela | None
Lucas | None
Lisa | None
Lilian | None
Lesley | None
Erica | None
Laura | None
Kimani | None
Faye | None
Genevieve | None
Gopika | None
Jalonni | None
James | None
Jami | None
Latoya | None
Jas | None
Jayashree | None
Jessica | None
Joshua | None
Juree | None
Karen | None
Karolien | None
Jasonta | None
Stephan | None
Dolores | None
Linda | None
Pam | None
Mandy | None
Robert | None
Roger | None
Saccheen | None
Vandana | None
Nicole | None
Christopher | None
Leo | None
Dave | None
Harini | None
Jack | None
Mitra | None
Syed | None
PRITHVI | None
Maria | None
Meagan | None
Kartik | None
Lauren | None
John | None
Jaala | None
Nofal | None
Jennifer | None
Daniel | None
Kelsey | None
Amber | None
Ani | None
Anna | None
Jose | None
Art | None
Brian | None
Cathy | None
Christine | None
Crista | None
Damian | None
Desiré | None
Diane | None
Aswin | None
Sheila | None
S | None
Seth | None
Ryan | None
Tara | None
Nick | None
Michael | None
Spencer | None
Patricia | None
Stephanie | None
Jeri | None
Melanie | None
Dyanna | None
Eric | None
Eveliz | None
Frank | None
Frank | None
Giovanni | None
Deborah | None
Jackie | None
Joseph | None
Kimberly | None
Larry | None
Lauren | None
Lewis | None
Lori | None
Joseph | None
Marion | None
David | None
Darren | None
Brittany | None
Dawn | None
David | None
Collin | None
Allyson | None
Mark | None
Andrew | None
Ben | None
Brian | None
Craig | None
Craig | None
Andrea | None
Marie | None
Mark | None
Joseph | None
Kristina | None
Amber | None
Jacquelyn | None
Haley | None
Jonathan | None
Carly | None
Isabella | None
Shannon | None
Ajeet | None
Fiona | None
Jacqueline | None
Christina | None
Bronna | None
Kady | None
Haley | None
Colleen | None
Riley | None
Snehith | None
Clare | None
Syed | None
Bennett | None
Eileen | None
John | None
abid | None
Gabriel | None
Nidhi | None
Shannon | None
riley | None
Colleen | None
Addie | None
Milan | None
Alejandra | None
Kristina | None
Michael | None
Shreeya | None
Shannon | None
Abid | None
Isabella | None
Kathy | None
Nicholas | None
Ashlee | None
Addie | None
Anne | None
Rose | None
Ryan | None
Kenny | None
Tamara | None
Rafael | None
Lorie | None
Barry | None
Jennifer | None
Kasey | None
Charley | None
Brandi | None
Kate | None
Emily | None
Steven | None
Lindsay | None
Sharmeen | None
Steven | None
Melody | None
Laura | None
Rachel | None
Reginald | None
Khristina | None
Matthew | None
Angella | None
Victoria | None
Cordelia | None
Robin | None
Elyse | None
Michele | None
John | None
Dorothy | None
David | None
Tony | None
Michelle | None
Lynne | None
Jenni | None
Michael | None
Cynthia | None
Debbie | None
Kathryn | None
Lauren | None
Lisa | None
Tania | None
Kelly | None
Amy | None
Krista | None
Shari | None
Sarah | None
Kayla | None
Marisela | None
Melissa | None
Keely | None
Karina | None
Kate | None
Alexis | None
Ryan | None
Donna | None
Lindsay | None
Ed | None
Jenny | None
Stewart | None
Christie | None
Stacy | None
Tina | None
Stephanie | None
Benjamin | None
Stephanie | None
Shari | None
Reid | None
Matthew | None
Rebecca | None
Joe | None
Giahna | None
Mikayla | None
Kayley | None
Hutton | None
Brooke | None
Brittany | None
Alyssa | None
Shannon | None
Elizabeth | None
Renée | None
Patricia | None
Kayla | None
Laura | None
Kasey | None
Brittany | None
Harold | None
Anthony | None
Kristin | None
Cyndi | None
Caroline | None
Frank | None
Derek | None
Laikyn | None
Anita | None
Sara | None
Tara | None
Shelbie | None
Cassandra | None
Mitzi | None
Emily | None
Elizabeth | None
Brittany | None
Desirae | None
Caroline | None
Denise | None
Mark | None
Jordan | None
Marlee | None
Anthony | None
Christina | None
Kevin | None
Laikyn | None
Steve | None
Holly | None
Anthony | None
Frances | None
Meadow | None
Shane | None
Megan | None
Crystal | None
Shannon | None
Matthew | None
Karla | None
Margaret | None
Garrett | None
Gabrielle | None
Liam | None
Kirsten | None
Charles | None
Megan | None
Peter | None
Brian | None
Joe | None
Jeffrey | None
Connor | None
Julianne | None
Bob | None
Mary | None
Ashley | None
Andrew | None
Emma | None
Thomas | None
Byron | None
Chase | None
Marcus | None
Bret | None
Kristin | None
Jessica | None
Jake | None
Matthew | None
Madison | None
Jessica | None
Jordan | None
Ryan | None
Jonathan | None
Susan | None
Jaime | None
Kevin | None
Rich | None
Mary | None
Megan | None
Jacob | None
Sara | None
Marcus | None
Justin | None
Hunter | None
Olivia | None
Farren | None
Denise | None
Farren | None
Chris | None
Travis | None
Rachel | None
Mike | None
Alyssa | None
Devon | None
Joey | None
Melody | None
Roger | None
Thomas | None
Mackenzie | None
Nancy | None
Jennifer | None
John | None
Melissa | None
Mitzie | None
Sarah | None
Jeanine | None
Charles | None
Bill | None
Pete | None
Camille | None
Keenya | None
Jennifer | None
Annie | None
Gianna | None
Cameron | None
Anthony | None
Kimberly | None
Maggie | None
Rebecca | None
Gavin | None
Danielle | None
Matthew | None
Josh | None
Rebecca | None
Cynthia | None
Martha | None
Nicole | None
Shaina | None
Jamie | None
Tyler | None
Jim | None
Kasi | None
Joann | None
Greg | None
Sam | None
Lucas | None
Lauren | None
Douglas | None
Samantha | None
Donald | None
Jeff | None
Mike | None
Biana | None
Louis | None
Gervon | None
Trenton | None
Tom | None
Chuck | None
Tamar | None
Cheryl | None
Jennifer | None
Brandon | None
Jill | None
Sal | None
Genica | None
Collin | None
Cara | None
Jackie | None
Joan | None
Jon | None
Rachael | None
Leslie | None
Christina | None
Eric | None
Fran | None
Mitch | None
Priscilla | None
Debra | None
Vanessa | None
Ryan | None
Shannon | None
Melody | None
Rami | None
Tammy | None
Faith | None
Elizabeth | None
Glen | None
Tara | None
Vanessa | None
Jacquelyn | None
Sigrid | None
Rotana | None
Sara | None
Megan | None
William | None
Aimee | None
Jean | None
Cheryl | None
Laura | None
Erik | None
Tina | None
Lisa | None
Adriana | None
Aleana | None
Alexis | None
Hunter | None
Ahsan | None
Aaron | None
Steve | None
Dean | None
Olivia | None
Nate | None
Emily | None
Colin | None
Laurel | None
Maddie | None
Dustin | None
Aleksandra | None
Marie | None
Abs | None
Allison | None
Kyla | None
Richard | None
Javeria | None
Alexandra | None
Christina | None
Kyle | None
Alex | None
Matthew | None
dillon | None
Ashley | None
Naiha | None
Emily | None
Amber | None
Elvin | None
Andrew | None
Andrea | None
Kylie | None
Sherif | None
Katie | None
June | None
Alexandra | None
Luke | None
Tim | None
Tyler | None
Beth | None
Petros | None
Brittany | None
Erin | None
Bailey | None
Austin | None
Sara | None
Melanie | None
Maggie | None
Kate | None
Joachim | None
Jake | None
Jade | None
Jenni | None
Jackie | None
Juan | None
Nubia | None
Jonathan | None
Joseph | None
Charlie | None
Sean | None
Bradley | None
Isaac | None
Josh | None
Angela | None
Laura | None
Trevor | None
Nikolas | None
Beth | None
Liana | None
Liron | None
Christopher | None
Chris | None
David | None
John | None
Rachel | None
Troy | None
Rachel | None
Graham | None
Mirian | None
Amy | None
Hannah | None
Lee | None
Kylah | None
Kendra | None
Kelley | None
Kate | None
Josh | None
Jetson | None
Jessica | None
Jenny | None
Jennifer | None
Jenna | None
Laura | None
James | None
Heather | None
Hannah | None
Fatima | None
Ericka | None
Emma | None
Daniel | None
Chelsea | None
Brooke | None
Beth | None
Bekim | None
Jaclyn | None
Brendan | None
Laura | None
Lewis | None
James | None
Baiza | None
Adam | None
Zahra | None
Zac | None
Whitney | None
Tynan | None
Tom | None
Thao | None
Stephen | None
Leila | None
Sal | None
Ralph | None
Quentin | None
Paul | None
Patrick | None
Max | None
Matt | None
Mary | None
Mary | None
Lori | None
London | None
Sairish | None
Leigh | None
Brooks | None
Vincent | None
Stephen | None
Amaris | None
Aseel | None
Bekim | None
Brooke | None
Chanice | None
Chelsea | None
Chris | None
Cristian | None
Elias | None
Holly | None
Joshua | None
Kevin | None
Kirstie | None
Bryan | None
Mariam | None
Luke | None
Trevor | None
Tom | None
Taylor | None
Shahzadi | None
Sean | None
Shaina | None
Parina | None
Molly | None
Matthew | None
Maryam | None
Marina | None
Samra | None
Benjamin | None
Stephen | None
Leo | None
Otmane | None
Philip | None
Ryley | None
Scott | None
Aimee | None
Laura | None
Jennifer | None
Lori | None
Mark | None
Laurie | None
Matthew | None
Stephanie | None
Donny | None
Friedo | None
Sharron | None
Kate | None
Julie | None
Kelli | None
Jerry | None
Don | None
Mitali | None
Arthur | None
David | None
joseph | None
David | None
Kathy | None
Robert | None
Joseph | None
Leena | None
Pooja | None
Mike | None
Ryan | None
Jyothi | None
Mitali | None
Mark | None
Julie | None
Eric | None
leena | None
Leena | None
Jemel | None
Kris | None
Mark | None
Meghan | None
Lydia | None
Kyrisha | None
Jennifer | None
Tony | None
John | None
Amy | None
Tery | None
Adrik | None
Frank | None
Mark | None
Phey | None
Nikki | None
Mitchell | None
Max | None
Matt | None
Kieran | None
Kieran | None
Anthony | None
Joe | None
Jenson | None
Jakob | None
Inshaf | None
Edd | None
Akaash | None
Cameron | None
Callum | None
Edd | None
Joshua | None
Scarlett | None
Joshua | None
Dan | None
Daniel | None
Josef | None
Daniel | None
Sophie | None
Tyronn | None
Jacynda | None
Melissa | None
Jeff | None
Jacquelyn | None
Kristen | None
Keith | None
Brian | None
Jeff | None
Jason | None
Brian | None
Dayanara | None
Karen | None
Kevin | None
Kris | None
Marc | None
Kyle | None
Kyle | None
Marydawn | None
Sean | None
J | None
Frank | None
Trisha | None
Robert | None
Michelle | None
Linda | None
David | None
John | None
Jim | None
Elaine | None
Howard | None
Kathleen | None
Ginza | None
Denise | None
Kelsey | None
Sandy | None
Michael | None
Cooper | None
Maximilian | None
Christielee | None
Amin | None
Patrick | None
Edward | None
Zahkyia | None
Amy | None
Natasha | None
Dexter | None
Mehran | None
Maryam | None
Alishba | None
Dilawaiz | None
Zohaib | None
Fran | None
Farnaz | None
Gurpreet | None
Nancy | None
Samuel | None
Tommi | None
Adam | None
Misael | None
Katherine | None
Jonathan | None
Sean | None
Paola | None
Oscar | None
JENNIFER | None
Crystal | None
Paolo | None
Tim | None
Dillon | None
Janat | None
Shanna | None
Othon | None
Julie | None
Christopher | None
Tamara | None
Angelica | None
Olga | None
Lauren | None
Mike | None
Humberto | None
Ashley | None
Matt | None
Robert | None
Josephine | None
Michelle | None
Marc | None
Gerald | None
Ankit | None
Nicole | None
Kazi | None
Kalpesh | None
Mike | None
Kevin | None
Michael | None
Nicholas | None
Kareem | None
Christian | None
Primal | None
Eric | None
Isis-Luna | None
Martin | None
Alex | None
Farooq | None
Richard | None
Eric | None
enid | None
Emily | None
Jean | None
Shawn | None
Michelle | None
Lexi | None
Jasmine | None
Donald | None
Albert | None
Tinuola | None
tinuola | None
soniya | None
sarah | None
Madison | None
julianne | None
Christine | None
Akinsola | None
Nicole | None
Soniya | None
Sarah | None
Nicole | None
Matt | None
Leanna | None
Patricia | None
Russell | None
Jodi | None
Heather | None
Garrett | None
Elisa | None
Suman | None
Deborah | None
Sheena | None
Brittany | None
Brianna | None
Braxton | None
Allison | None
Kevin | None
John | None
Shauna | None
Samantha | None
Adam | None
Julianne | None
Dylan | None
Dicky | None
Susan | None
Ken | None
Andre | None
John | None
Shauna | None
Anurag | None
Jonathan | None
Erin | None
Nikita | None
Nicholas | None
Amanda | None
Greg | None
Jaryd Wilson | None
Christine | None
Pankaj | None
Anthony | None
Sheena | None
John | None
Susan | None
Steve | None
Trenton | None
Phillip | None
Chris | None
Brandon | None
Crew | None
Tony | None
Nicole | None
Carson | None
Glen | None
Jamee | None
Larry | None
Nicki | None
Anthony | None
Himanshu | None
Robert | None
Amit | None
Nikita | None
Mary | None
Lexi | None
Adam | None
trenton | None
Trenton | None
tony | None
shauna | None
susan | None
julianne | None
Dylan | None
sarah | None
nicole | None
mike | None
larry | None
Kalpesh | None
Tony | None
Julianne | None
Allison | None
Anthony | None
Julianne | None
Russell | None
Samantha | None
Shauna | None
Heather | None
Braxton | None
Jonathan | None
Susan | None
Christine | None
Dicky | None
Tony | None
Tinuola | None
Ankit | None
Kalpesh | None
Sheena | None
Trenton | None
Brandon | None
Larry | None
Emily | None
jaryd | None
Christine | None
Nicole | None
Samantha | None
Jamee | None
Emily | None
Dylan | None
Sheena | None
Soniya | None
Susan | None
Leanna | None
Adam | None
Jodi | None
Jim | None
Jennifer | None
Jason | None
Jaryd | None
Jamee | None
Jacob | None
Greg | None
John | None
John | None
Lexi | None
John | None
heather | None
anthony | None
brandon | None
braxton | None
crew | None
dicky | None
Dicky | None
enid | None
jamee | None
heather | None
Dylan | None
Teresa | None
Fernando | None
Jacquie | None
Bryan | None
Brooke | None
Amie | None
Tanner | None
Shannon | None
Rahul | None
julie | None
kellie | None
melissa | None
samantha | None
Jason | None
Tammy | None
Jenny | None
Ashley | None
Hamed | None
Jeff | None
Jordan | None
Karl | None
Kristin | None
Morgan | None
Daniel | None
Jessica | None
Samuel | None
Kari | None
Taj | None
Austin | None
Kristina | None
Jordan | None
Stephanie | None
Federico | None
Tenicia | None
Mariela | None
Samantha | None
Jonathan | None
Tracie | None
Jordan | None
Tanner | None
Kellie | None
Yvonne | None
Julia | None
Douglas | None
Brian | None
jason | None
David | None
Keith | None
Kelli | None
Juan | None
Kathi | None
Ryan | None
Herschel | None
Amy | None
Brooke | None
Natasha | None
Amie | None
Avery | None
Wendy | None
Jairus | None
Dan | None
Chris | None
Kelli | None
Brandon | None
Katherine | None
Kavon | None
Tenicia | None
Kiera | None
Franzen | None
Christopher | None
Gordon | None
Audra | None
Chad | None
Jenny | None
Nichole | None
Abraham | None
Lisa | None
Vincent | None
Bob | None
Juli | None
Kenneth | None
Michelle | None
Lee | None
Keith | None
Carolyn | None
Vincent | None
Michael | None
Bonnie | None
Cynthia | None
Ivan | None
Wendy | None
Christos | None
Rachel | None
Karen | None
Alice | None
Anthony | None
Marcus | None
Robin | None
Frances | None
Wairimu | None
Mike | None
Michael | None
Mike | None
Mike | None
Sarai | None
Brooke | None
Milenie | None
Taylor | None
Yahra | None
David | None
McKenna | None
Liz | None
James | None
Lani | None
Cynthia | None
Milroy | None
Sanjeev | None
Leon | None
Monica | None
Lucy | None
Lynn | None
Maahiy | None
Megan | None
Mohamed | None
Maaz | None
Tina | None
Dennis | None
Kassandra | None
Kurtis | None
Koren | None
Kimberly | None
Kien | None
Kiara | None
Katie | None
Rachel | None
Karla | None
Radha | None
Katherine | None
Alex | None
T'Edra | None
Debora | None
Katie | None
Holly | None
Julie | None
Yahra | None
Michael | None
Tim | None
Hilary | None
Ghislaine | None
Ashley | None
Jeevan | None
Natividad | None
Sylvia | None
T'Edra | None
Tiffany | None
Tom | None
Tricia | None
Vernell | None
Swan | None
Kariangely | None
Aditya | None
Nikki | None
Sindhuja | None
Shravya | None
Billie | None
Brenda | None
Shirley | None
Shagufta | None
Evelyn | None
Elisabeth | None
Ed | None
Dexter | None
Denise | None
Scharlotte | None
Santhosh | None
Sanjay | None
Sudhakar | None
David | None
Rose | None
Roopesh | None
Daniel | None
Dale | None
Crystal | None
Craig | None
Chloe | None
Pamela | None
Rita | None
Charles | None
Rick | None
Reshmi | None
Princess | None
Caleb | None
Ruchi | None
Shelton | None
Falgun | None
Frances | None
Nolan | None
Brittany | None
Alexis | None
Alvin | None
Amanda | None
Amanda | None
Amanda | None
Amber | None
Amira | None
Juanita | None
Joseph | None
Jose | None
Joan | None
Jilian | None
Fathima | None
Jessica | None
James | None
Inés | None
Andrea | None
Angel | None
Annette | None
Antoinette | None
Arunkumar | None
ashwini | None
Axel | None
Bill | None
Huston | None
Gina | None
Gerard | None
Gabriel | None
Jay | None
Rohini | None
Lauren | None
Leena | None
Melissa | None
Shivika | None
Ross | None
Andrea | None
William | None
Anjali | None
Sowmya | None
Rakesh | None
Rani | None
Priyanka | None
Madhavi | None
Jincy | None
Sudipa | None
Usha | None
Madhusmita | None
Smitha | None
sudipa | None
K | None
Padmini | None
Chitra | None
Deepshikha | None
Syed | None
Keerthi | None
Deondre | None
Noel | None
Mark | None
Peter | None
Disha | None
Pradeepa | None
Phil | None
jazmine | None
Vidya | None
Asha | None
Sanjeev | None
Naren | None
Hermain | None
Sandhya | None
santoshi | None
Shekuntala | None
Erica | None
Maggie | None
Nadia | None
Stephano | None
Nupur | None
Harshitha | None
Deneisha | None
Jerry | None
Saba | None
Jyothi | None
Amahesh | None
Jackie | None
Carol | None
Greg | None
Daniel | None
Larry | None
Lawrence | None
Rick | None
Teresa | None
v | None
Vincent | None
Wendy | None
Michelle | None
Jacob | None
David | None
Dee | None
Fentie | None
Jason | None
Piyush | None
Lauren | None
Phil | None
Jacob | None
Michael | None
Aaron | None
Dee | None
Anthony | None
Mike | None
Angellou | None
Andy | None
Noor | None
David | None
Erica | None
Erin | None
Jason | None
kevin | None
Andrew | None
Chuck | None
Jeremy | None
Steve | None
Emily | None
Griffin | None
Angel | None
Joe | None
Laura | None
Greg | None
Chelsea | None
Lauren | None
Brendan | None
Matthew | None
Ben | None
David | None
Meghan | None
Rich | None
Shannon | None
Erin | None
Mary | None
Beth | None
Erin | None
Megan | None
Michael | None
Carl | None
Esther | None
Paul | None
Olivia | None
Sarah | None
Salvatore | None
Stephen | None
Deborah | None
Lynda | None
Amber | None
Ashtin | None
Kat | None
Nicole | None
Pierre | None
Nicole | None
Gloria | None
Sarah | None
Shayne | None
Carrie | None
Chrisi | None
Nicole | None
Hadley | None
Bryan | None
elahe | None
hema | None
Larissa | None
Riley | None
Rynnetta | None
Sarah | None
Ben | None
Ray | None
Gareth | None
Vincent | None
John | None
Garrett | None
Joseph | None
Stefan | None
Gary | None
Srikanth | None
Menno | None
Anusha | None
David | None
Manraj | None
Damian | None
Jayesh | None
Balarama | None
Mir | None
Jodie | None
Jyoti | None
Laura | None
Blaize | None
Robert | None
Maram | None
Ian | None
Sarah | None
Corinna | None
Hanna | None
Rebecca | None
William | None
Samuel | None
Tamara | None
Nitin | None
Namrata | None
Brian | None
Carl | None
Dennis | None
Destine | None
Diana | None
Diane | None
JENNIFER | None
Patience | None
Sarah | None
William | None
Charlie | None
Gregg | None
Benlor | None
Luke | None
Christine | None
William | None
Paul | None
Zack | None
Dean | None
Pearline | None
Christopher | None
Kristia | None
Anila | None
Hanna | None
Vonlehi | None
Stephanie | None
Preethi | None
Caryl | None
Jim | None
Abhilash | None
Adrian | None
Carol | None
Chaim | None
Shani | None
Jacques | None
Heather | None
Corey | None
Ebonee | None
Emma | None
Joseph | None
Kevin | None
Scott | None
Jeffrey | None
Bonita | None
Kevin | None
Ryan | None
James | None
Kyla | None
Safdar | None
Tsinu | None
Jakob | None
Cliff | None
Michelle | None
Reese | None
Zach | None
Stephanie | None
Vickie | None
Shelbey | None
Brittany | None
Kincer | None
Holston | None
Dave | None
Penfold | None
Harrison | None
Alisha | None
Powell | None
Ebony | None
Michael | None
Jennifer | None
Sarah | None
Breanne | None
Craig | None
Benita | None
Lanette | None
Michael | None
Rosalyn | None
Chanda | None
Tony | None
Breanne | None
Jamar | None
Brooks | None
Lynda | None
Jennifer | None
McGuire | None
Chi | None
Breeana | None
Destiny | None
Nicholas | None
Emma | None
Tony | None
Derrick | None
Anicet | None
Justin | None
Lindsay | None
Elizabeth | None
Andrea | None
Sean | None
Mariam | None
Meghan | None
Aaron | None
Alison | None
Peter | None
Stephen | None
Mark | None
Arthur | None
Casper | None
Bridgette | None
Darius | None
April | None
Kentra | None
Kerry | None
Kristal | None
Kristin | None
Kyle | None
Lindsay | None
Lisa | None
Lisa | None
mather | None
Media | None
Melvin | None
Micah | None
Michael | None
Nancy | None
Natalie | None
Sean | None
Shannon | None
Sherry | None
Siobhan | None
Stephanie | None
Vatche | None
Donna | None
KevenMichele | None
Julia | None
Deborah | None
Jordan | None
Mark | None
John | None
Patrick | None
Kelly | None
Bill | None
Karen | None
Kathryn | None
Keith | None
Kate | None
Jessica | None
Jessica | None
Jessica | None
Jennifer | None
Jason | None
Heather | None
George | None
Erica | None
Derrick | None
Debbi | None
David | None
Clay | None
Charmayne | None
Bruce | None
Brian | None
Brad | None
Bobbie | None
Alisa | None
Tendayi | None
Stephanie | None
Shannon | None
Shanise | None
Michelle | None
Lindsay | None
Laquet | None
Kia | None
Kate | None
Julianna | None
Stephanie | None
Gregory | None
Natasha | None
Cullen | None
Sachin | None
Angie | None
Ruth | None
Rebekah | None
Tim | None
Richad | None
Raul | None
Simon | None
Adam | None
Saloni | None
Brent | None
Kevin | None
Nick | None
Trey | None
Peter | None
Neel | None
Kate | None
Ken | None
Jennifer | None
Josh | None
Jack | None
Scott | None
Laura | None
Rebecca | None
Justin | None
Vipin | None
MJ | None
Peter | None
Dana | None
Rahul | None
Asli | None
Stefane | None
Aman | None
Susan | None
Shari | None
Jennifer | None
Kuan | None
Stephanie | None
John | None
Himanshu | None
Sahara | None
Sarah | None
Whenrick | None
Vinny | None
Anthony | None
Mark | None
Katrina | None
Tracy | None
Nate | None
Erin | None
Erin | None
David | None
Nicole | None
Abdul | None
Jeremy | None
Bryan | None
Robert | None
Taylor | None
Ed | None
John | None
Greg | None
Sherri | None
Kelly | None
Andrea | None
Patrick | None
Steve | None
Kashif | None
Terry | None
Renee | None
Megan | None
Re’Shanda | None
Pierre | None
Jaimi | None
Danielle | None
Lane | None
Wayne | None
Jasmine | None
Sooraj | None
Cameron | None
Catherine | None
Austin | None
Joleen | None
Cheryl | None
Daoud | None
Ashley | None
Edward | None
Mark | None
Patrick | None
Annie | None
Rick | None
Marian | None
Shelley | None
Bonnie | None
Paula | None
Ted | None
Erica | None
Michael | None
Terry | None
Angela | None
Christina | None
Jered | None
Joseph | None
Christopher | None
Ralph | None
Kurt | None
Stephanie | None
Lauren | None
Julie | None
Stephanie | None
Scot | None
Debby | None
Christie | None
Stella | None
Carla | None
Ed | None
Janice | None
Dominic | None
Rhonda | None
Jered | None
Uwem | None
Chris | None
Colleen | None
Kelly | None
Simon | None
Sarah | None
Crystal | None
Charlie | None
Jared | None
Lindsay | None
Maria | None
Butame | None
Kelly | None
Seth | None
Tayo | None
Darby | None
Penni | None
Raul | None
Rita | None
Sam | None
John | None
Madelyne | None
Abdul | None
Shawn | None
Remster | None
Michael | None
Nichoel | None
Gina | None
Janice | None
Lauren | None
Mariah | None
Collen | None
Matthew | None
Mark | None
Lauren | None
Mike | None
Sachin | None
Sudhanshu | None
Rahul | None
Carlie | None
Tarun | None
Lauren | None
Deanna | None
Alyssia | None
Sajida | None
John | None
Kailin | None
Faisal | None
Gary | None
Tyler | None
Elisha | None
Julius | None
Jess | None
Stella | None
Anthony | None
Adam | None
Josie | None
Talitha | None
Talia | None
Avi | None
Alex | None
Nick | None
Beth | None
Isn.com | None
Mere | None
Jack | None
Jim | None
Stacy | None
Karen | None
Daniela | None
Terry | None
Karen | None
Barb | None
Connie | None
Tamara | None
Marcia | None
Ronn | None
Stacy | None
Robert | None
Michelle | None
Jon | None
Lisa | None
Marina | None
Janet | None
Frances | None
Mike | None
Brett | None
Connor | None
Raven | None
Richard | None
Thomas | None
Marie | None
Jo | None
Kurt | None
Jenetta | None
Sanchit | None
Marie | None
Nikki | None
Deborah | None
Bill | None
Natashia | None
An | None
Edward | None
Chris | None
Supriya | None
Cole | None
Kinslee | None
Kristen | None
Supriya | None
Marian | None
Dennis | None
Chris | None
Jason | None
Cheryl | None
Cole | None
Jason | None
Sherry | None
Justin | None
Kelcie | None
Jessica | None
Phil | None
Issys | None
Michael | None
Kelcie | None
Clayton | None
Issys | None
Meetu | None
Tiffany | None
Ashley | None
Michael | None
Blythe | None
Stine | None
Michele | None
Bryan | None
Imre | None
Kimberley | None
Jannie | None
Grace | None
Ana | None
Michele | None
Tony | None
Isabel | None
Nunzia | None
Dave | None
Dawn | None
Alexander | None
Melissa | None
Kathy | None
Rebecca | None
Traci | None
Ali | None
Monica | None
Tom | None
Jake | None
George | None
Wayne | None
Walter | None
Taylor | None
Taylor | None
Sabin | None
Jake | None
Charles | None
Manthan | None
Kamlesh | None
Avinash | None
Samantha | None
Abby | None
Makenna | None
Dave | None
Marissa | None
Adam | None
Faith | None
Derrick | None
TJ | None
Steve | None
Vipul | None
Wesley | None
Rob | None
Dan | None
Russel | None
Conor | None
Haydon | None
Casey | None
Paige | None
Randi | None
Makenna | None
Stanley | None
Samantha | None
Austin | None
Jesse | None
Michele | None
Brandon | None
Kyasia | None
Ronin | None
Arnold | None
Seema | None
Uri | None
russel | None
paige | None
michele | None
kyasia | None
Beau | None
Nicole | None
Silvio | None
Coelleen | None
James | None
Blake | None
Rose | None
Meg | None
Trevor | None
Vipul | None
Stanley | None
austin | None
faith | None
haydon | None
jesse | None
seema | None
uri | None
Adam | None
Arnold | None
Rohit | None
Dave | None
Jensen | None
Derrick | None
Avinash | None
Faith | None
Jensen | None
Liz | None
Abhishek | None
Albert | None
Andrew | None
Parker | None
Mikayla | None
Justin | None
Juan | None
Jessica | None
Drew | None
claire | None
Russel | None
Kelly | None
Sheldon | None
brandon | None
Randi | None
Albert | None
Tosha | None
Steven | None
Tamieka | None
Paul | None
Sofia | None
Erin | None
Andrew | None
Brian | None
Lindsay | None
Brett | None
kyle | None
lena | None
mabel | None
meredith | None
nathaniel | None
April | None
Amy | None
Bruce | None
Brian | None
Christina | None
Greg | None
Andrew | None
jennifer | None
John | None
Marsha | None
Helen | None
Stephen | None
Mark | None
Cerissa | None
Andrew | None
Sue | None
Mary | None
Tom | None
bruce | None
cerissa | None
christina | None
Helen | None
John | None
Kyle | None
Kandra | None
Amy | None
April | None
Brian | None
Greg | None
cole | None
Cerissa | None
Marsha | None
Amy | None
Provides | None
Tonia | None
Team | None
Mary | None
Renee | None
Meredith | None
Mabel | None
Nathaniel | None
Sam | None
Stephen | None
helen | None
Carolyn | None
Melissa | None
Cristina | None
Chelsea | None
Liz | None
Jessica | None
Kelly | None
Kendra | None
Bryson | None
Sean | None
Kristina | None
Bea | None
Simon | None
Addison | None
Viko | None
tandro | None
Teena | None
Irinaldo | None
Charles | None
Alexsandra | None
Nathi | None
Raymond | None
Robinson | None
Mark | None
Anand | None
Gary | None
Dan | None
Glaro | None
James | None
David | None
Desmond | None
Jerom | None
Jonathan | None
Moses | None
Sebastian | None
william | None
Leo | None
Tony | None
Federico | None
Mike | None
Jokim | None
Edward | None
Kurubaran | None
Patience | None
Victor | None
Ma. | None
Margarita | None
Chathura | None
Ben | None
Jason | None
Thomas | None
Amilkan | None
Irudhaya | None
Laavin | None
Stephan | None
Ryan | None
Krish | None
Derek | None
Thomas | None
Nathi | None
Adrienne | None
Jean | None
Luciana | None
Colleen | None
Lindsay | None
Libby | None
Laurie | None
Jordan | None
Jessica | None
Jessica | None
James | None
James | None
Georgette | None
Daniela | None
Pedro | None
Carolina | None
Priscila | None
Anca | None
Matías | None
Jeanette | None
Ashleigh | None
Lindsey | None
Michelle | None
Lauren | None
Bernard | None
Carli | None
Daniel | None
Jeanne | None
Vanessa | None
Claire | None
Elisha | None
Ashley | None
Eduardo | None
Jacqueline | None
Nicholas | None
Jake | None
Caroline | None
Shannon | None
Jeff | None
Matt | None
Jack | None
Jay-ant | None
Michelle | None
Austin | None
Aiste | None
Lauren | None
James | None
Steve | None
Bryan | None
Jamie | None
Michelle | None
Manjeet | None
Archit | None
Andy | None
Analissa | None
Maggie | None
Sherida | None
John | None
Justin | None
Jake | None
Erin | None
Cale | None
Aishwarya | None
Michaela | None
Michael | None
Destiny | None
Thomas | None
Barbara | None
Robert | None
Sylvia | None
Krista | None
Hannah | None
Lynn | None
Michael | None
Seema | None
Jenna | None
Caitlin | None
Holly | None
Shaun | None
Jordan | None
Heather | None
Matt | None
Laura | None
Kyra | None
Mariah | None
Sarah | None
Gina | None
Lydia | None
Davis | None
Mike | None
Dennis | None
Dani | None
Vasilisa | None
Joe | None
Joshua | None
Lindsay | None
Matt | None
Jess | None
Josy | None
Jonathan | None
Kelsey | None
Sagai | None
Steve | None
Mark | None
Monnisha | None
Gareth | None
Jillian | None
Kevin | None
Ella | None
Ella | None
Peter-Eric | None
Maximillian | None
Raymond | None
Rithik | None
Nawaz | None
Vanessa | None
Blaine | None
Bianca | None
ALEXZANDRIA | None
Jesse | None
Darren | None
António | None
Joshua | None
Raedawn | None
Luz | None
Mark | None
Mason | None
Melissa | None
Natasha | None
Joseph | None
Tiffany | None
Kynnia | None
Sonia | None
Ana | None
Cheyenne | None
Bryan | None
Tyler | None
Janell | None
Mallory | None
Denise | None
Vivianne | None
Darren | None
Nicholas | None
Nicole | None
Alisa | None
Antonio | None
Edwin | None
Kara | None
Sarah | None
sam | None
thomas | None
thomas | None
usua | None
Ankita | None
Alejandra | None
Alexander | None
Caroline | None
rafael | None
vivek | None
noah | None
Elisa | None
jasmin | None
ishara | None
eric | None
demi | None
alejandra | None
alec | None
Filippos | None
Thomas | None
Carey | None
kilian | None
Dimitrios | None
Gai | None
Irma | None
Kathleen | None
Alejandra | None
Thomas | None
Laura | None
Thomas | None
Jolene | None
Tom | None
JoshPrudden | None
AlexanderVögele | None
Francesco | None
Veli | None
Tomasz | None
Nelson | None
Malwina | None
Mona | None
Margarida | None
Lola | None
Laura | None
Isabell | None
Ivan | None
goureeshankar | None
Enterprise | None
Alexander | None
Usua | None
Sophia | None
Razvan | None
Jady | None
Alec | None
Thomas | None
Eric | None
Sophia | None
Ishara | None
Hiroaki | None
Garrett | None
Ryan | None
Matthew | None
Jasmin | None
goureeshankar | None
Usua | None
Vivek | None
Ankita | None
kalpesh | None
Laura | None
Manyano | None
Annabelle | None
Rafael | None
James | None
Evgenia | None
Pham | None
Kilian | None
Irma | None
Marco | None
Gai | None
Fleur | None
Adam | None
Josh | None
John | None
Archie | None
Levi | None
Sana | None
Sam | None
Giannis | None
Ann-Kathrin | None
Annabelle | None
Angelos | None
Tristan | None
Sagar | None
Thomas | None
Demi | None
Emma | None
Mel | None
Venkat | None
Tauseef | None
Recruiters | None
Tina | None
Vani | None
Venkat | None
Naz | None
Debra | None
Poonam | None
Deshawn | None
Tina | None
Charles | None
Sam | None
Poonam | None
Vani | None
Naz | None
Tina | None
amman | None
Joanne | None
Joanne | None
Sid | None
Amman | None
Naz | None
Naz | None
Poonam | None
Tauqeer | None
Vani | None
Venkat | None
Naz | None
Joanne | None
John | None
Bophamary | None
Tuyet | None
Gloria | None
Anastasia | None
Lori | None
Tina | None
Vishal | None
Arnold | None
Tiffany | None
A. | None
Joanna | None
Asim | None
Daniel | None
Greg | None
Kellin | None
Chrysta | None
Seth | None
Daeton | None
Lisa | None
Robert | None
Andrew | None
Nash | None
Jack | None
Robert | None
Sarah | None
Lisa | None
Audrey | None
Anastasia | None
Darren | None
John | None
Jeffrey | None
Row | None
Ryan | None
Robert | None
Anastasia | None
Robert | None
Andrew | None
Robert | None
Miguel | None
Row | None
Darren | None
Sarah | None
Chrysta | None
Patty | None
Jeffrey | None
Row | None
John | None
Audrey | None
A. | None
C. | None
A. | None
Miguel | None
Tyana | None
Patty | None
Nash | None
Luis | None
John | None
Sarah | None
Anastasia | None
Jeffrey | None
Asim | None
Audrey | None
Ryan | None
Andrew | None
Chrysta | None
Lori | None
Darren | None
Robert | None
Marli | None
Cheri | None
Huda | None
Eric | None
Kelli | None
Christopher | None
Kelly | None
Brad | None
Andi | None
Steve | None
Isiah | None
Nishit | None
Ashok | None
Rubin | None
Rene | None
Luis | None
Bhavin | None
Dianeth | None
Rahil | None
Chandra | None
Kumar | None
Veronica | None
Manoj | None
Greg | None
Krishal | None
Mohan | None
Viral | None
Mark | None
Nishit | None
Paul | None
Randy | None
Rakesh | None
sharath | None
Mohammed | None
David | None
Manoj | None
Alen | None
Dave | None
Mark | None
Vatsal | None
William | None
Bijal | None
Mihan | None
Jitendra | None
Sam | None
Namrata | None
Ravindra | None
Vimlesh | None
Prathyusha | None
Dave | None
Samta | None
Keerthana | None
Dr. | None
Sharanya | None
Dale | None
Rajiv | None
Pratik | None
Leena | None
Jesse | None
Rob | None
Sapana | None
Vishal | None
Mike | None
Manikshya | None
Sean | None
Fanny | None
Mitali | None
Shravan | None
Juhi | None
Damian | None
sheryl | None
Saquib | None
Sahil | None
Sruthi | None
Simon | None
Santosh | None
Shalom | None
Sai | None
Sharmila | None
Soma | None
Syed | None
Syed | None
Srikanth | None
Tyler | None
Rick | None
Sachendra | None
Shawn | None
Syed | None
Saadan | None
Robin | None
Ruhita | None
Rehan | None
Rahul | None
Ram | None
Randy | None
Terri | None
Pattie | None
Pooja | None
Narendra | None
Scott | None
umar | None
Faisal | None
Uri | None
Ashish | None
Ratan | None
Nidhi | None
morning | None
morning | None
Lynn | None
Mario | None
Amrita | None
Phil | None
Yusuf | None
Julianne | None
Alan | None
Saood | None
Muhammad | None
Kenny | None
Emily | None
Brian | None
Nathan | None
Jim | None
Vishnu | None
Andrea | None
Melissa | None
ERIC | None
Shalom | None
Isaac | None
Steve | None
Vishnu | None
Umar | None
Utkarsh | None
Umair | None
Niyaz | None
Amy | None
Mohammad | None
Anant | None
Ayesha | None
Ankit | None
Agnish | None
Ayesha | None
Aasim | None
sarah | None
eric | None
Sean | None
Sally | None
Marcia | None
Jennifer | None
David | None
Aayush | None
Sonam | None
Faiz | None
Shivam | None
Molly | None
Devan | None
Anisha | None
Lauren | None
Ruhita | None
Joseph | None
Shraddha | None
Ann | None
Mark | None
Lanisha | None
Adam | None
Caleigh | None
Bilal | None
Adarsh | None
Mahendra | None
Mohita | None
Matt | None
Mairaj | None
Meraj | None
Mark | None
Kevin | None
Kishore | None
Karter | None
Justin | None
Joseph | None
Isaac | None
Himanshu | None
Jack | None
Brad | None
Chris | None
Chris | None
David | None
Harsh | None
Divya | None
Dawood | None
Danish | None
Flaubert | None
Gurjeet | None
Gena | None
Gomathy | None
Durga | None
Mary | None
Cheryl | None
Darianne | None
Jake | None
Burl | None
Dan | None
Kyle | None
Joann | None
Garry | None
Joseph | None
Benjamin | None
Travis | None
Stefani | None
Ty | None
Andy | None
Michael | None
Michael | None
Fred | None
Bob | None
Benjamin | None
Heidi | None
Heidi | None
Dave | None
Ted | None
Sheila | None
Samantha | None
Jeff | None
Jason | None
Bob | None
Mounica | None
cris | None
Damon | None
Stuart | None
Walter | None
tony | None
isabel | None
jess | None
josh | None
Dave | None
Jason | None
Jeff | None
Michael | None
Travis | None
Stefani | None
Ty | None
Fred | None
Rekha | None
Varada | None
Benjamin | None
Julia | None
Scott | None
Cayla | None
Ty | None
Matt | None
Darren | None
Stefani | None
Gage | None
Erin | None
Vincent | None
Ron | None
John | None
Jason | None
Farwa | None
Mitchell | None
David | None
Rebecca | None
Andy | None
Steve | None
Carol | None
Ryan | None
Kristian | None
Mike | None
Jyothsna | None
Bryan | None
Mary | None
Bob | None
Bill | None
Gwynne | None
Julie | None
Neil | None
Tom | None
Paul | None
Briana | None
Anusha | None
Julian | None
Nicholas | None
Cynthia | None
Ann | None
Marc | None
Manisha | None
Jessica | None
Martin | None
Iñaki | None
Princi | None
Reginald | None
Sam | None
Diego | None
Diego | None
Mohan | None
Ahsen | None
Karina | None
Diego | None
Peter | None
Sebastian | None
Mariana | None
Patrick | None
Matias | None
Jim | None
Juan | None
Jose | None
Julie | None
Scott | None
Pablo | None
Juan | None
Paul | None
Ramiro | None
Sofia | None
Neal | None
Michael | None
Tomás | None
Ricardo | None
Fernando | None
Sebastian | None
Derald | None
Patricia | None
Gonzalo | None
Karina | None
Marc | None
Mark | None
Danielle | None
Andrea | None
A | None
Angel | None
Andy | None
Javier | None
Priyanka | None
Adam | None
Don | None
Martin | None
Julio | None
Earl | None
Daniel | None
Javier | None
Joseph | None
Lautaro | None
Diego | None
Maximiliano | None
James | None
Leah | None
James | None
Kiran | None
Francisco | None
Pablo | None
Jose | None
Jorge | None
Steven | None
Dimple | None
Hernan | None
Payam | None
Gonzalo | None
Denise | None
Gary | None
Jorge | None
Laura | None
Sebastián | None
Sunshine | None
Cesar | None
Marlon | None
Patrick | None
Larry | None
Arun | None
Martin | None
Saurabh | None
Rick | None
Siddhartha | None
Manuela | None
G | None
Shyju | None
Jorge | None
Cleodenis | None
Javier | None
Laura | None
Venkat | None
Marilina | None
Hector | None
Magdalena | None
Matt | None
Javier | None
Mauro | None
William | None
Marla | None
Pablo | None
Cesar | None
Hericta | None
Anusha | None
Niloy | None
Rodrigo | None
Lorena | None
Mercedes | None
Nicole | None
Karsin | None
Carey | None
Rodrigo | None
Morgan | None
Rosie | None
Matt | None
Marcelo | None
Jhonatan | None
Marlen | None
Camila | None
Jazmin | None
Agustina | None
Bruce | None
Lori | None
Guadalupe | None
Vincent | None
Maria | None
Julian | None
Natalia | None
Marla | None
Marc | None
Dan | None
Jordan | None
Jordan | None
Joel | None
Sam | None
Sam | None
Hernan | None
Steve | None
Sebastian | None
Paul | None
Jimena | None
Roberto | None
Alejandro | None
Daniel | None
Payam | None
Brent | None
Robert | None
Agustin | None
Rod | None
Katie | None
Srirama | None
Luciano | None
Alex | None
Fernando | None
Chirag | None
Eduardo | None
Nadia | None
Jeronimo | None
Francisco | None
Diego | None
Kyle | None
Danielle | None
Esteban | None
Vincent | None
Marshall | None
Fernando | None
Hans | None
Ignacio | None
William | None
Prasanna | None
Alexandra | None
Nicolás | None
Nicole | None
Basit | None
Anju | None
Laura | None
Pablo | None
Rodrigo | None
Amy | None
Josh | None
Adam | None
Nils | None
Katie | None
Louis | None
Madison | None
Devin | None
Oliver | None
Matthew | None
David | None
Christine | None
Dea | None
Dursun | None
Ibrahim | None
Noah | None
Robin | None
Michael | None
Trinity | None
Noah | None
Rudy | None
Lauren | None
Meg | None
Tobias | None
Dylan | None
Luisa | None
Leonel | None
Nora | None
Freddie | None
Sohaib | None
Lisette | None
Patrick | None
Maddy | None
Joshua | None
Jenny | None
Georgia | None
Kyle | None
Yoann | None
Peter | None
Genevieve | None
Seb | None
Tara | None
Nicole | None
Mikayla | None
MacKenzie | None
Lilley | None
Katherine | None
Katarina | None
Kamil | None
Kaileigh | None
Domonique | None
Christopher | None
Vlera | None
Sarah | None
Rieley | None
Muhammad | None
Jowayne | None
Jayde | None
Helena | None
Kevin | None
Kaitlyn | None
Carl | None
Matthew | None
Joseph | None
Conor | None
Erika | None
Giancarlo | None
Jordan | None
Raneen | None
Seamus | None
Kim | None
Mesha | None
Nathan | None
Hayden | None
German | None
Vincent | None
Jordan | None
Joshua | None
Ryan | None
Joshua | None
James | None
Alex | None
Alissa | None
Kylie | None
Jack | None
Jordan | None
Alex | None
Sarp | None
Jawan | None
Hailey | None
Michael | None
Claire | None
Erin | None
Hasun | None
Kripika | None
Conor | None
Rhey | None
Olivia | None
Ali | None
Alex | None
Lyss | None
Humza | None
Lucianna | None
Gustave | None
Danny | None
Jack | None
Kany | None
Ariel | None
Angela | None
Joey | None
Tony | None
Nick | None
Nick | None
Ramona | None
Shawn | None
Scott | None
Shannon | None
Staci | None
Scott | None
Tara | None
Hiring | None
KimAnne | None
Lucy | None
Mallory | None
Michael | None
Nicole | None
Steven | None
Adam | None
Beth | None
Brian | None
Kim | None
Elizabeth | None
Kelley | None
Jeff | None
Kevin | None
KimAnne | None
Arpe | None
Adam | None
Beth | None
Brian | None
Chantel | None
Chad | None
Chantel | None
Daniel | None
Autumn | None
Gary | None
Heather | None
Heather | None
Jennifer | None
Jeff | None
Kristy | None
Kimberly | None
David | None
Edward | None
Atul | None
Rajesh | None
Ramesh | None
Akansha | None
Rohit | None
Warren | None
Sherry | None
Joshua | None
Rob | None
Jessica | None
James | None
Dakota | None
Aimeé | None
Shiwani | None
Roger | None
John | None
Bill | None
Dawn | None
John | None
Eric | None
Chris | None
Michael | None
Travis | None
Steve | None
Katelynn | None
Rebecca | None
Ashanti | None
Eric | None
Ashley | None
Tyler | None
Alison | None
Natalie | None
Peyton | None
Mary | None
Liz | None
Ashanti | None
Nick | None
David | None
Vitalii | None
James | None
FREDDIE | None
Nicholas | None
Michael | None
Susan | None
Ashley | None
Parker | None
Michael | None
Danny | None
Justina | None
Anissa | None
Joe | None
susan | None
Justina | None
Alison | None
Ashton | None
Dustin | None
Sara | None
Tom | None
Tyler | None
Kayla | None
Aleczander | None
Justina | None
Tagg | None
Mary | None
Orin | None
Matthew | None
Rohini | None
Richard | None
Michael | None
joshua | None
Steve | None
Jaime | None
Walter | None
Mark | None
Elvis | None
Rodriguez | None
Pablo | None
Augusto | None
Augusto | None
Katie | None
Phil | None
Asha | None
Avijeet | None
Pankhudi | None
Riya | None
Ramandeep | None
Aman | None
Neitika | None
Shivangi | None
riya | None
Rohit | None
Shalu | None
Shristi | None
Colby | None
Deepak | None
Jasweet | None
KARANVEER | None
Dominic | None
Jeff | None
Lisa | None
Megan | None
Saumya | None
Ishita | None
Monica | None
Brian | None
Shrasti | None
Kevin | None
abigail | None
crystal | None
Trevor | None
Steve | None
Annie | None
nicole | None
Courtney | None
Jennifer | None
Kaylee | None
Jenny | None
Sherri | None
Adam | None
Zack | None
Dylan | None
Ishan | None
danielle | None
Liz | None
Alec | None
Savannah | None
Kerri | None
Steve | None
Tyler | None
Jon | None
Alex | None
Tucker | None
Michael | None
Brian | None
Bradley | None
Andrew | None
James | None
Brendan | None
Walter | None
Hannah | None
Lilly | None
Laura | None
Fred | None
Taylor | None
Maggie | None
Dylan | None
Matt | None
Thomas | None
Katie | None
Tom | None
Kris | None
Jeanette | None
Vanessa | None
Salim | None
Raeesa | None
Ryan | None
Ruth-Beth | None
Richard | None
Kyle | None
Rachel | None
Phoebe | None
Sadie | None
Avi | None
Elliott | None
Billy | None
Chris | None
Christyna | None
Elizabeth | None
Jamie | None
Natthajak | None
Oliver | None
Richard | None
Sophia | None
Zachary | None
Magella | None
Jamie | None
Oscar | None
Beatrice | None
Olivia | None
Josh | None
Matthew | None
Mia | None
Joe | None
Jade | None
Dan | None
Alice | None
Andrew | None
Bradley | None
Caitlyn | None
Caolán | None
Christeen | None
Connan | None
Ellie | None
Ben | None
Faye | None
Lillian | None
Elliott | None
Lewis | None
Khalid | None
Katy | None
Kate | None
Kieran | None
Jed | None
Henry | None
Harriet | None
Hany | None
George | None
Jessie | None
Tad | None
William | None
Alex | None
Sharon | None
Jana | None
Jared | None
Yashi | None
William | None
Umadevi | None
Stephanie | None
Trish | None
Stuart | None
Steven | None
Steven | None
Sheryl | None
Shamir | None
Scott | None
Rollie | None
Danielle | None
Troy | None
MICHAEL | None
George | None
Roy | None
Phillip | None
Steven | None
Wynn | None
Ghali | None
Shon | None
John | None
Desiree | None
April | None
Patrick | None
Phil | None
Eshon | None
Darnell | None
Kim | None
Julia | None
Jon | None
Dee | None
Renee | None
Darin | None
Tyler | None
Sinead | None
Lena | None
Christina | None
Nick | None
Briana | None
Michael | None
Nancy | None
Casey | None
Bryan | None
Brenda | None
Bill | None
Bill | None
Angela | None
Allegra | None
Adam | None
Andrea | None
Lynnette | None
Sara | None
Jackie | None
Justin | None
Antonio | None
Allison | None
Rex | None
Holly | None
Steve | None
Cavanna | None
Charlene | None
Cassandra | None
Chris | None
Michael | None
Michael | None
Michael | None
Melisa | None
Matt | None
MarQ | None
Cheryle | None
Kirstie | None
Katie | None
Jessica | None
Leandra | None
Jason | None
Jennifer | None
Chuck | None
Dan | None
Darren | None
Christine | None
Eric | None
Gordon | None
Jacqueline | None
Drew | None
Google | None
Google | None
Teja | None
Jay | None
Hitesh | None
Alyssa | None
Bryan | None
Haseena | None
Charu | None
Richard | None
Shipra | None
Brooke | None
Bryan | None
Jason | None
Matthew | None
Samuel | None
Jorge | None
Mark | None
Amy | None
Peter | None
Erik | None
Heather | None
Casey | None
Scott | None
Jaime | None
Peter | None
William | None
Audra | None
Andrea | None
Kyla | None
Wayne | None
John | None
Lisa | None
Christopher | None
Rory | None
Faith | None
Jon | None
Jennifer | None
Adam | None
Joe | None
Jennifer | None
Chris | None
Charlie | None
Pete | None
Mason | None
Andrew | None
Hank | None
Pablo | None
Finlay | None
Steve | None
Jonathon | None
Kelly | None
Chris | None
Tricia | None
Matthew | None
Allison | None
ethan | None
Andrea | None
Bert | None
Victor | None
Andrea | None
Amy | None
Colleen | None
Jennifer | None
Jay | None
Jaime | None
Tricia | None
Kelly | None
Finlay | None
Erik | None
Jennifer | None
Kelly | None
Neil | None
Jay | None
Trevor | None
Brady | None
Ann | None
Jeff | None
Chris | None
Bernadette | None
Pete | None
Bob | None
Rory | None
Ron | None
William | None
John | None
Scott | None
Fara | None
Joe | None
Robert | None
Steven | None
Victor | None
Audra | None
Kena | None
Matt | None
Neil | None
Mohammed | None
David | None
Christopher | None
Ethan | None
Quinn | None
Trevor | None
Krishna | None
William | None
Donna | None
Damien | None
Corbett | None
Robert | None
Mallory | None
Jose | None
Trent | None
Alise | None
Angela | None
Katrishia | None
Matthew | None
Wesley | None
Ryan | None
Ricardo | None
Eric | None
April | None
Michael | None
Meredith | None
Mason | None
Chad | None
Shayla | None
Cindy | None
Shimar | None
Celia | None
Cielito | None
Kathy | None
Victor | None
Pamela | None
Emyly | None
Manny | None
Andreaka | None
Brittany | None
Nichole | None
Lauren | None
Barbara | None
Victoria | None
Rory | None
Samuel | None
Chris | None
Megan | None
Lauren | None
China | None
Warren | None
Alex | None
Renita | None
Kris | None
William | None
carolina | None
Neale | None
Angela | None
Anna | None
Brenna | None
Nesli | None
Tommy | None
Julia | None
Tammy | None
Kim | None
Angela | None
Rebecca | None
Diana | None
Sarah | None
Jose | None
Dan | None
Tania | None
Brent | None
renita | None
Tommy | None
Andrew | None
Aaron | None
Edward | None
Christopher | None
Jessica | None
Jose | None
William | None
Ericka | None
Cassi | None
John | None
Wale | None
Thomas | None
Anthony | None
Kris | None
Mary | None
Chris | None
Jennifer | None
Marquis | None
Lacy | None
Malory | None
lucia | None
Katherine | None
Audy | None
vianey | None
mariel | None
sarah | None
mónica | None
Maynor | None
lucía | None
mariana | None
vanessa | None
Martin | None
Lupita | None
Ernesto | None
Nicolas | None
Alexander | None
Jennifer | None
Paulina | None
Kranthi | None
Alma | None
Athira | None
Yolmar | None
Josue | None
Ernesto | None
leslie | None
Danielle | None
Diana | None
isabela | None
Bryan | None
andrea | None
Alejandra | None
flavia | None
Karen | None
Lucia | None
Alba | None
Melanie | None
Maria | None
Ivanna | None
Paola | None
Gabriel | None
Ivette | None
Roxana | None
algenib | None
Maynor | None
Leandro | None
Audy | None
Maria | None
Rebeca | None
Mitch | None
Jasmine | None
Jessica | None
Kate | None
Michelle | None
Elisabet | None
Brooke | None
Suzanna | None
Gianna | None
Erin | None
Stenson | None
Grayson | None
Amy | None
Megan | None
Tonya | None
Keshanna | None
Jordan | None
Rosa | None
Celine | None
Merlis | None
Christin | None
Alexa | None
Christopher | None
Ashley | None
Ben | None
Jim | None
Gary | None
Gabriel | None
Robert | None
Amber | None
Stephanie | None
Dace | None
Will | None
Chrystal | None
Alejandra | None
Michael | None
Jill | None
Valentina | None
Yesica | None
Jose | None
Lexus | None
Shian | None
Angelica | None
Fepronia | None
Reyna | None
alma | None
Kevin | None
Merlin | None
Gregg | None
Erin | None
Cinthia | None
Megan | None
Jansy | None
Jesys | None
Lydia | None
Ever | None
Daniel | None
Joe | None
Emily | None
Alexander | None
Emily | None
Chris | None
Kara | None
Kayla | None
TJ | None
Rhianne | None
Tanner | None
Brady | None
Jessica | None
Hope | None
Ina | None
James | None
Jane | None
Jolene | None
Justo | None
Jazmin | None
Scott | None
Olisa | None
Ahmed | None
Anna | None
Dux | None
Felix | None
Fermin | None
Hamza | None
Henry | None
Isha | None
Kam | None
Kevin | None
Maeve | None
Rania | None
Ryan | None
Samarth | None
Wasif | None
John | None
Abhishek | None
Brandon | None
Samuel | None
Mercy | None
Soundary | None
Varatharajan | None
ManikandaPrabu | None
Kavitha | None
Prabu | None
Balasaravanan | None
Luís | None
Chase | None
Cecilia | None
Judy | None
Belle | None
Marcus | None
Zibon | None
Shivani | None
Sharon | None
SaGar | None
Roberto | None
Mike | None
Mike | None
Michael | None
MD | None
Levi | None
Mark | None
Maretha | None
sumitha | None
Kimi | None
boing | None
Jaden | None
Amy | None
Ally | None
ramya | None
jose | None
Jennifer | None
Jake | None
Chase | None
Jack | None
Khalid | None
Isabelle | None
fernando | None
Brunno | None
Dirk | None
Donny | None
Gina | None
Irfan | None
Brian | None
Jack | None
Hannah | None
Clark | None
Evan | None
Diamond | None
Violeta | None
Dora | None
Evan | None
Sara | None
Antonio | None
Jim | None
Shubham | None
Krishna | None
Vinny | None
Lily | None
Jennifer | None
Kaylon | None
Rob | None
Keith | None
Atkia | None
Martina | None
Amy | None
Cameron | None
Brandon | None
Daniel | None
Stephanie | None
Ryan | None
Erica | None
Erica | None
Gianna | None
Gianna | None
Gianna | None
Jabali | None
Joe | None
Jordan | None
Sarah | None
Juan | None
Law | None
Luke | None
Matt | None
Matthew | None
Max | None
Paige | None
Paige | None
Robby | None
Kylie | None
Colin | None
Josh | None
Casey | None
Ali | None
Meghan | None
Alexa | None
Quinton | None
Liam | None
Law | None
Katherine | None
John | None
Jennifer | None
Hope | None
Emily | None
Michael | None
Elise | None
AJ | None
Colleen | None
CJ | None
Austin | None
Alexis | None
Romello | None
Ally | None
Juan | None
Cameron | None
Stephen | None
Gabriel | None
Jessica | None
Ryan | None
Cullen | None
Jake | None
Jack | None
Logan | None
Ashton | None
Rick | None
Emily | None
Ryan | None
MD | None
Liam | None
Maxwell | None
Melissa | None
Patrick | None
Jude | None
Autumn | None
Keith | None
Nick | None
George | None
Bishoy | None
Tristan | None
Andrew | None
Vanessa | None
Samantha | None
Michelle | None
Vanessa | None
Kim | None
John | None
Ruthie | None
Machelle | None
Carlos | None
Alyssa | None
Ana | None
Debbie | None
Craig | None
Scott | None
Edmund | None
Terrence | None
Greg | None
Eric | None
Dale | None
Barbara | None
Wendy | None
Tom | None
Alexander | None
Shawna | None
Dan | None
Jillian | None
Paul | None
Robin | None
Naomi | None
Celeste | None
Rory | None
Whitney | None
Larry | None
Tim | None
Steven | None
Susan | None
Michael | None
Mary | None
Jessa | None
Mary | None
Justin | None
Lee | None
Samara | None
Lindsay | None
Nicole | None
Danny | None
Alexa | None
Charles | None
Jackie | None
Natalie | None
Matthew | None
Brittany | None
Thomas | None
Steph | None
Matthew | None
Jacob | None
Bonnie | None
Liam | None
David | None
Michael | None
Rob | None
Christina | None
Lindsey | None
Victoria | None
Michael | None
Lynsey | None
Francela | None
Caroline | None
Anthony | None
Traci | None
Dan | None
Paul | None
Kevin | None
Andrew | None
Elizabeth | None
Dan | None
Dayna | None
Scott | None
Emma | None
Kate | None
John | None
Michael | None
Amy | None
Ruchika | None
Judy | None
Christopher | None
Shivam | None
Natali | None
Tara | None
Julia | None
Samara | None
Andres | None
Kim | None
David | None
Matthew | None
Lucas | None
Matthew | None
Olivia | None
Caroline | None
Sydney | None
Michael | None
Susan | None
Mary | None
Michelle | None
Isabel | None
Amber | None
Michelle | None
Greg | None
Jodi | None
Matthew | None
Richard | None
Thomas | None
Scott | None
Jeffrey | None
Dara | None
Jon | None
Tyler | None
Erika | None
Sean | None
Tim | None
Jason | None
Elizabeth | None
Trisha | None
Jared | None
Rufus | None
Robert | None
Emily | None
Nicole | None
Lauren | None
Meredith | None
Todd | None
Taylor | None
Lindsay | None
Brian | None
Alin | None
Zachary | None
Jacob | None
Mary | None
Brandi | None
Thea | None
Krista | None
Kelly | None
David | None
Jacqueline | None
Susie | None
Wady | None
Stacy | None
Shauna | None
Rosa | None
John | None
John | None
Dustin | None
Jesus | None
Andrew | None
Maria | None
Alexandra | None
Michael | None
Vanessa | None
Adam | None
Chris | None
Alayne | None
Tyler | None
John | None
Maria | None
Alexander | None
Kelsey | None
Jason | None
Colton | None
Kelly | None
Alexandra | None
Bryan | None
Hannah | None
Jason | None
Jennifer | None
Karah | None
Kwmane | None
Derian | None
Ellen | None
Logan | None
Jennifer | None
Colton | None
Jennifer | None
Mckayla | None
Heidi | None
Kori | None
Alexander | None
Alexandra | None
Ellen | None
Morgan | None
Wendy | None
Michael | None
Karah | None
Mckayla | None
Mackenzie | None
Michael | None
Kelly | None
Sheldon | None
James | None
David | None
Jenni | None
Kyle | None
Jennifer | None
Hunter | None
Allie | None
Tim | None
Maria | None
David | None
Allie | None
Hunter | None
Jill | None
Tim | None
Marius | None
Sunsue | None
David | None
Drew | None
Maria | None
Marius | None
Danielle | None
Phillip | None
Suryanarayanan | None
Kristi | None
Beth | None
Steve | None
Stephen | None
Mark | None
Jamie | None
Craig | None
Chuck | None
Zul | None
Bill | None
Jon | None
Jason | None
Chris | None
joshua | None
Allen | None
eric | None
Tony | None
wayne | None
jon | None
Jason | None
Kelly | None
Rebecca | None
Andrea | None
Nicole | None
Waseem | None
Zintle | None
Rebecca | None
Rhodius | None
Catherine | None
John | None
Lilly | None
Shane | None
Helen | None
Ola | None
Aleksandra | None
Thomas | None
Jason | None
Brad | None
Jessica | None
Karla | None
Lisa | None
Jeremy | None
Samantha | None
Courtney | None
Lauren | None
Oksana | None
Karla | None
Ignacio | None
Koa | None
Courtney | None
Thomas | None
Mark | None
Kyra | None
Ian | None
Juwan | None
Abbey | None
Caroline | None
Kathleen | None
Ryan | None
Connor | None
Corey | None
David | None
William | None
Jenna | None
Jackson | None
Erin | None
Stephen | None
Will | None
Jenn | None
Glen | None
Karsa | None
Jack | None
Scott | None
Jani | None
Geoffrey | None
Trevor | None
Chris | None
Naeem | None
Doug | None
Jeff | None
Monte | None
Dan | None
Mikale | None
Emily | None
Ashton | None
Andrea | None
Nathan | None
Laura | None
Travis | None
Ashley | None
Mark | None
Connor | None
Valnekia | None
Tim | None
Greyson | None
Janmejoy | None
Ruth | None
Jeanne | None
Karyn | None
Michael | None
Fiama | None
Nathan | None
James | None
Jacob | None
Kyle | None
Maricel | None
Daniel | None
Alejandro | None
Drew | None
Mike | None
Rhiannon | None
Jordan | None
Alex | None
Jeffrey | None
Gregg | None
Thomas | None
Jennifer | None
Maggie | None
Lisa | None
Beth | None
Amy | None
Suerrette | None
Brandyn | None
Paul | None
Gregory | None
Mike | None
Nick | None
Jeremiah | None
Tyler | None
Jillian | None
Tina | None
Jami | None
Laveecia | None
Kevin | None
Josh | None
Tom | None
Jeremy | None
Sarah | None
Alisha | None
Sean | None
Matthew | None
Chris | None
Bill | None
Thomas | None
Nick | None
Angela | None
Jeremy | None
Ashton | None
Isihack | None
Stacey | None
Klint | None
Kelsey | None
Sam | None
Katie | None
Luis | None
Christopher | None
Christine | None
Becky | None
Jeff | None
Nischal | None
Rob | None
Patty | None
Justin | None
Zachary | None
John | None
Amanda | None
Christian | None
Edwin | None
Kevin | None
Jaeheung | None
Simon | None
Carter | None
Isabel | None
Saba | None
Louiza | None
Terry | None
Derek | None
Denny | None
Michael | None
Deb | None
Anthony | None
Brenda | None
Jennifer | None
Jordan | None
Kyle | None
Taylor | None
Marissa | None
Angelique | None
Tanya | None
Larry | None
Juan | None
Samantha | None
Terri | None
Tracy | None
Dayana | None
Dayana | None
Lara | None
Oscar | None
Taran | None
Nikki | None
Karla | None
Tabish | None
Lindsay | None
Matthew | None
Alexa | None
Carmela | None
Michael | None
Ray | None
Tabish | None
Carissa | None
Gregory | None
Jason | None
Tori | None
Devin | None
Marie-Gisele | None
Tisty | None
Matthew | None
Christopher | None
Jake | None
EJ | None
Michael | None
Lara | None
Sujana | None
Sheena | None
Ray | None
Nikki | None
Alycia | None
Samantha | None
Eric | None
Gracie | None
Alexandria | None
Angelica | None
Alexandra | None
Alexa | None
Lilli | None
Kari | None
Judy | None
Jenny | None
Rona | None
Sina | None
Jarrell | None
Frosina | None
Marialissa | None
Lashawn | None
Annalisa | None
Lindsay | None
Adam | None
Adam | None
Ajwalia | None
Razia | None
Marie | None
Rachael | None
Calli | None
Chelsea | None
Pam | None
Hannah | None
Yvette | None
Brooke | None
Phil | None
Kerry | None
Molly | None
Helen | None
Graham | None
Emma | None
Alex | None
Robin | None
Vincent | None
Darshana | None
Kathy | None
Matthew | None
Chris | None
Ian | None
Shalini | None
Katrina | None
Kyle | None
Liga | None
Alyssa | None
Stephen | None
Alexander | None
Ryan | None
Haley | None
Doug | None
Mackenzie | None
Amber | None
Marybeth | None
Matthew | None
Danielle | None
Nabeel | None
Michele | None
Utkarsh | None
Richard | None
Hannah | None
Linda | None
Biana | None
Serena | None
Larissa | None
Brittany | None
Kerri | None
Ernesto | None
Megan | None
Michelle | None
Jeffrey | None
Phyllis | None
Shay | None
Oana | None
Katy | None
Lauren | None
Lily | None
Matthew | None
Wendy | None
Kelly | None
Danielle | None
Andy | None
Abby | None
Susan | None
Megan | None
Aisha | None
Elizabeth | None
Sara | None
Jonathan | None
Julie | None
Abby | None
Jon | None
Phineas | None
Jodie | None
Louise | None
Jennifer | None
Joshua | None
Martye | None
Amy | None
Viraj | None
Edyta | None
Marc | None
Amy | None
Justyna | None
Lee | None
Vanessa | None
Heather | None
Victoria | None
Isabelle | None
Ryan | None
Guillaume | None
Danielle | None
Jessie | None
Penny | None
Britney | None
Terri | None
Steve | None
Lawrence | None
Danny | None
Fausto | None
Teresa | None
Amanda | None
Arhum | None
James | None
Ryan | None
Georgia | None
Kimberly | None
Sheri | None
Andrew | None
Todd | None
Lori | None
Jessica | None
John | None
Wendy | None
Rachel | None
Mohamed | None
Nikki | None
Rukshana | None
Barry | None
Aileen | None
Soph | None
Mominah | None
Julia | None
Edyta | None
Catherine | None
Emma | None
Kelvin | None
Hope | None
Ewelina | None
Priya | None
Jovie | None
Srutee | None
Parth | None
Marie | None
Meet | None
Stephanie | None
Aamir | None
Jade | None
Max | None
Tom | None
Natasha | None
Rob | None
Chloe | None
Kate | None
Ben | None
Sophie | None
Rafhia | None
Chris | None
Amber | None
Denny | None
Donald | None
David | None
Randall | None
Justin | None
Wayne | None
Jaclyn | None
Dorothy | None
Mark | None
Will | None
Stacy | None
Joshua | None
Eucharia | None
Joseph | None
Daniel | None
Brian | None
Chris | None
Britt | None
Matthew | None
Minseo | None
Britt | None
Maya | None
Bryan | None
Michael | None
Robert | None
Albert | None
Spencer | None
Alton | None
Amy | None
Tim | None
Dillon | None
Robert | None
Michelle | None
Sean | None
Christopher | None
Renae | None
Randy | None
Micheal | None
Brittany | None
Mike | None
Marisa | None
Mandy | None
Caron | None
Ben | None
Ashton | None
Trevor | None
Thomas | None
Taylor | None
Brian | None
Andrea | None
Nick | None
Serina | None
Nicole | None
Michael | None
Zack | None
David | None
Kyle | None
Jack | None
Michael | None
Alex | None
Chris | None
Aaron | None
Dereck | None
Emory | None
Fran | None
Jamie | None
Jonas | None
Kevin | None
Beth | None
Chris | None
Andrew | None
Karissa | None
Teryn | None
Esther | None
Madison | None
Jennifer | None
Susan | None
Daniel | None
Henry | None
Ferlyn | None
Jason | None
Lina | None
Eric | None
Nicole | None
Sarah | None
Scott | None
Justin | None
Tanner | None
Wendy | None
Nidia | None
Rebecca | None
Brent | None
Sarah | None
Kristin | None
Liz | None
Braedon | None
Roger | None
Saleece | None
Hina | None
Ryan | None
Destri | None
Aparimita | None
Matthew | None
Kathryn | None
Brittany | None
Jennifer | None
Doug | None
Jalyn | None
Carisue | None
Angela | None
Alexa | None
Samar | None
Jessie | None
Robert | None
Romina | None
Artemio | None
Bethany | None
Jesper | None
Yvonne | None
Rachelle | None
Laila | None
Patrick | None
Salil | None
Spencer | None
Ashlee | None
Spring-Eve | None
Lauren | None
Jessica | None
Jennifer | None
Monique | None
Kim | None
Cristina | None
John | None
Ashley | None
Jacob | None
Kyle | None
Wei | None
Christopher | None
Amber | None
Ryan | None
Debra | None
Sherri | None
Jennifer | None
Brittany | None
Laura | None
Anna | None
Gloria | None
Regina | None
Sheldon | None
Maurice | None
Troy | None
Nancy | None
Laura | None
Wendy | None
Will | None
David | None
Lori | None
Nicholas | None
Dawn | None
Tamara | None
Esmeralda | None
Hayley | None
Lara | None
Vanessa | None
Lucie | None
Kelli | None
Brianne | None
Tami | None
Dorothy | None
Taylor | None
Michelle | None
Michelle | None
Hillary | None
Janice | None
Anne | None
Miriam | None
Natalie | None
Bridgett | None
Ashley | None
Alfred | None
Abby | None
Amber | None
Sabrina | None
Nancy | None
Kaajal | None
Jennifer | None
Joezane | None
Taylor | None
Tom | None
Brittany | None
Tony | None
Sherry | None
Isabel | None
Leigh | None
Teri | None
Austin | None
Michael | None
Andro | None
Emily | None
Lara | None
Amber | None
Meredith | None
Jenny | None
Aida | None
Jonathan | None
Barron | None
Marissa | None
Ron | None
Nathan | None
Anne | None
Megha | None
Cory | None
Tanner | None
Aicha | None
Alicia | None
Alexis | None
Adia | None
Jaya | None
Benjamin | None
Tiffany | None
Isaac | None
Amanda | None
Doug | None
Brad | None
Isabella | None
Karla | None
Veronica | None
Ray | None
Tricia | None
Ravinder | None
Jennifer | None
Tom | None
Michael | None
Chris | None
Mark | None
Jeff | None
Divya | None
Girk | None
Michelle | None
Martha | None
Chris | None
Todd | None
Romulus | None
Tiana | None
Ashleigh | None
Britta | None
Alana | None
Jake | None
Rob | None
Jon | None
Moriah | None
Chad | None
Tabitha | None
Jasmin | None
Mercedes | None
Robert | None
Monica | None
Vasant | None
Asma | None
Julie | None
Naomi | None
Trent | None
Tiffeney | None
Jorge | None
Brittany | None
Ji | None
Brian | None
Felix | None
Kristen | None
Ian | None
Elizabeth | None
Rebecca | None
Melinda | None
Amit | None
Benjamin | None
Richard | None
Valerie | None
Rae | None
Jeff | None
Angie | None
Jessica | None
Leah | None
Emily | None
Andrew | None
Kota | None
Lauren | None
Shari | None
Brandon | None
Justin | None
Ashley | None
Helen | None
Tyler | None
Venkat | None
Tiffany | None
Jesus | None
Kristyn | None
Kelsy | None
Traci | None
Clifton | None
Eric | None
Sean | None
Trever | None
Trina | None
Guy | None
Bruce | None
Jon | None
Linda | None
Rick | None
Jacqueline | None
Gerald | None
Colin | None
Austin | None
Alicia | None
Maranda | None
Anne | None
Kate | None
Anchal | None
Gary | None
Martin | None
Madison | None
Kimberly | None
Ryan | None
Hannah | None
Phillip | None
Julian | None
Steven | None
Sonya | None
Courtney | None
Nicole | None
Michael | None
Priya | None
Siva | None
Wyatt | None
Jack | None
Kaitlyn | None
Gabriel | None
Sally | None
Alexandra | None
JaBri | None
Rebecca | None
Jade | None
Lindsey | None
Melinda | None
Shaun | None
Konstantinos | None
Britt | None
Sarah | None
Genitha | None
Payton | None
Jordan | None
Heidi | None
Teresa | None
Raquel | None
Tausha | None
Taylor | None
Gus | None
Jacki | None
Brooklyn | None
Pamela | None
George | None
Casey | None
Kat | None
Sarah | None
Brooklyn | None
Mark | None
Kim | None
Brooklyn | None
Casey | None
Tausha | None
Teresa | None
Dave | None
Taylor | None
Darlene | None
Pamela | None
Kim | None
Deneen | None
Heather | None
Tracy | None
Peter | None
Donna | None
Pamela | None
Teresa | None
Mandie | None
Dave | None
Sabitha | None
Dave | None
Zach | None
Rachita | None
Shannon | None
Frederick | None
Gwen | None
Mike | None
Adam | None
Jeff | None
Chris | None
Karen | None
Tim | None
Terri | None
Nancy | None
Geoffrey | None
Stephanie | None
Jennifer | None
Jeremy | None
Caitlin | None
Charles | None
Dave | None
Ashley | None
Catherine | None
Cheryl | None
Caitlin | None
Ashley | None
Greg | None
Kaija | None
Pam | None
John | None
Rajesh | None
Marcin | None
Randy | None
Rocne | None
Yuxuan | None
Gray | None
Joy | None
Everett | None
Leslie | None
Darko | None
Sheikh | None
SP | None
Al | None
Kobe | None
Gloria | None
Bob | None
Vanessa | None
Fred | None
Joshua | None
Stephen | None
Yuandong | None
Demyrio | None
Erin | None
Will | None
Chris | None
Melisande | None
Kendrick | None
Leo | None
Aashish | None
DAVID | None
Ketan | None
Arlen | None
Ash | None
Chandler | None
Kim | None
Eric | None
Jillyan | None
Keith | None
Luke | None
Mike | None
Nina | None
Sadie | None
Samantha | None
Sara | None
Tanika | None
Troy | None
anna | None
Arman | None
Chandan | None
Court | None
Deepak | None
Keith | None
M | None
Manjeet | None
Daniel | None
Megan | None
Michael | None
Quinn | None
Sean | None
Noah | None
Karan | None
Emily | None
James | None
Md | None
Harrison | None
Dillon | None
Jason | None
Aida | None
Beckham | None
Jackson | None
Uche | None
Marjorie | None
Darby | None
Erik | None
Adam | None
Brandy | None
Shahzeb | None
Rajan | None
Zohaib | None
Shashi | None
Stephen | None
Jay | None
Michelle | None
Grace | None
Danish | None
Sharon | None
Yashoda | None
Monika | None
Dilip | None
Rohith | None
Prasanth | None
Deepak | None
Chandana | None
Sana | None
Monisha | None
Devita | None
Latha | None
Brian | None
Derek | None
Mansi | None
Leo | None
Frank | None
Hoke | None
Jackie | None
Vamsi | None
Modi | None
Jane | None
Changlin | None
Rizwan | None
Mike | None
Sarah | None
Richard | None
Matt | None
Ben | None
Trey | None
Mia | None
Ashley | None
Leena | None
Andy | None
Dara | None
Elif | None
Tushar | None
Shaik | None
Harshita | None
Tavishi | None
Sakshi | None
Neha | None
Karthikeyan | None
Geetu | None
Tanaya | None
Uday | None
Prachi | None
Karthick | None
Reshma | None
Harsh | None
Arpan | None
Vivek | None
Sangeeta | None
Gourav | None
Litty | None
Utkarsh | None
Elizabeth | None
Narendra | None
Harish | None
Manish | None
Jitendra | None
Mamatha | None
Saurabh | None
Vikas | None
Jyothi | None
Nakul | None
Prithayan | None
Tanushree | None
Pooja | None
Rajat | None
Prakhya | None
Soundarya | None
Mahesha | None
Thamarai | None
Mohammed | None
Aishwarya | None
Sonali | None
Susan | None
Harsha | None
Sneh | None
Sriram | None
Vijayanand | None
Shivangi | None
Varsha | None
Himanshu | None
Parnika | None
Kartik | None
Balasubramaniam | None
Diksha | None
Malti | None
Anjali | None
Mohd | None
Alok | None
Risha | None
Astha | None
Oshin | None
Avinash | None
Anant | None
Sultan | None
Arti | None
Deepthi | None
Arsath | None
Bhavani | None
Sneha | None
Vikneswari | None
Deepika | None
Mohit | None
Abhishek | None
Karthi | None
Kumar | None
Liza | None
Purnima | None
Arpita | None
Siva | None
Ankur | None
Aliza | None
Neeraj | None
Prashant | None
Sivaramakrishnan | None
Amrta | None
Rachna | None
Greeshma | None
Shobhna | None
Deepthi | None
Sumit | None
Tapaswinee | None
Susanta | None
Alok | None
Satish | None
Shashi | None
Sathish | None
Amitava | None
Amuthan | None
Poovizhi | None
Uttara | None
Gunjan | None
Shreya | None
Ranjit | None
Shipra | None
Lakshmi | None
Shalu | None
Ashwin | None
Gowshigan | None
Vimal | None
Wilson | None
Diksha | None
Prasath | None
Vishnu | None
Sanjeev | None
Divyanshi | None
Priyanka | None
Jenit | None
Yash | None
Sanya | None
Santhosh | None
Kapil | None
Aruta | None
Sudhir | None
Deepa | None
Hitesh | None
Taroon | None
Kulbhushan | None
Pragya | None
Banwari | None
Leena | None
Rohit | None
Raja | None
Kajal | None
Sumit | None
Resham | None
Harish | None
Lavanya | None
Ashok | None
Ashish | None
Manoj | None
Alkesh | None
Priya | None
Akshay | None
Akanksha | None
PRANJAL | None
Vaibhavi | None
Baljot | None
Namrata | None
Akanksha | None
Riya | None
Mohit | None
Anku | None
Jollyka | None
Juisha | None
Manikanta | None
Swarali | None
Abhishek | None
Shivani | None
Abilash | None
Kanika | None
Yati | None
Himanshu | None
Dimple | None
Akanksha | None
Prince | None
Tanvi | None
Khusboo | None
Mahima | None
Sanjeev | None
Nidhi | None
TARAB | None
Aakash | None
Arpana | None
POOMALAR | None
Debjit | None
Ayushi | None
Pragati | None
Shraddha | None
Twanistha | None
Sushma | None
Aradhana | None
Taniya | None
Venkatesh | None
Bhuvaneshwari | None
Sonali | None
Harish | None
M | None
Rahul | None
Dennis | None
Aditi | None
Anshika | None
Abhaya | None
Lavika | None
Nayan | None
Manuj | None
Shruti | None
Sandhiya | None
Sadhana | None
Shubhangani | None
Neha | None
Neerja | None
Razal | None
Abhishek | None
Ronald | None
Akash | None
Roshni | None
Khyati | None
Rohit | None
ACHAL | None
Shrutika | None
Ankit | None
Karthick | None
Khushboo | None
Sudhanshu | None
Rajalakshmi | None
Mitali | None
Subhash | None
Naina | None
Siddharth | None
Raghav | None
Prankur | None
Karthikeyan | None
Amrit | None
Tripti | None
Maheshwari | None
Taniya | None
Damini | None
Rajesh | None
Akshat | None
Rafath | None
Pramod | None
Divya | None
Priyanka | None
Gayathri | None
Alok | None
Naveen | None
James | None
Mugilan | None
Anshumaan | None
Lavanya | None
Mandeep | None
Prashant | None
Ekhlaque | None
Ishita | None
Kishore | None
Ritu | None
Omer | None
Smitha | None
Rafael | None
Jikesh | None
Pooja | None
Jyothi | None
Lavani | None
Poornima | None
Sarthak | None
Soumya | None
Mrinmoy | None
Aparna | None
Rajat | None
Tarun | None
Prasanna | None
Nitya | None
J | None
Priya | None
Jaspreet | None
Pradeep | None
Iram | None
Harit | None
Riaan | None
Twinkle | None
Rajneesh | None
Ashish | None
Shreya | None
Saloni | None
Riya | None
Arnav | None
Rajkumar | None
Laveena | None
Zulfiqar | None
Deepak | None
Sharmela | None
Aaiman | None
Dhara | None
Shridha | None
Anil | None
Muskan | None
Sonal | None
Priya | None
Divya | None
Anushka | None
Balasubramanian | None
Alphonisha | None
Mohit | None
Roopa | None
Chiranjeevi | None
Arun | None
Rasna | None
Varsha | None
Rupak | None
Nikita | None
Rupa | None
Insha | None
Sachin | None
Gunaseelan | None
Vivek | None
Pratosh | None
GR | None
Rajesh | None
Harshita | None
Dougles | None
Shri | None
Ankur | None
Ravindra | None
Gagan | None
Keerthi | None
Sangeeta | None
Emon | None
Lathika | None
Keerthiharan | None
Sulagna | None
Priyanka | None
Swetha | None
Rishav | None
Anamika | None
Vineet | None
Praveen | None
Ritika | None
Sonia | None
Sweety | None
Ashutosh | None
Sandeep | None
Teenu | None
Ashwini | None
Sushma | None
Praveen | None
Shreyansh | None
Madhu | None
Ranjith | None
Moyo | None
Dyuti | None
Saanvari | None
Athira | None
Dinesh | None
Prerna | None
Nitin | None
Harshpal | None
Akhil | None
Sandeep | None
Mayank | None
Shobhit | None
Tana | None
Madhumitha | None
Sangeetha | None
Avadhesh | None
Surendhar | None
Priya | None
Sravani | None
Asish | None
Aruna | None
Akash | None
Avantika | None
Visali | None
Aishwarya | None
Samiksha | None
Kotireddy | None
Vishi | None
Tanya | None
Sumit | None
Mohammad | None
Aravindhan | None
Pawan | None
Aditi | None
Taru | None
Nipurn | None
Sriganesh | None
Divya | None
Narender | None
Bhanu | None
Mounika | None
Chella | None
Suresh | None
Gunjan | None
Soumya | None
Priya | None
Asif | None
Vinamra | None
Nagaraju | None
Priyanka | None
S | None
Abishek | None
Trilochan | None
Venkatendra | None
Surbhi | None
Toshi | None
Nidhi | None
Ritesh | None
Rajamurugan | None
Vaishnavi | None
Mohamed | None
Aastha | None
Nikhil | None
Priyanka | None
Niraj | None
Parikshit | None
Padmashini | None
Veenushree | None
Praneet | None
Mandru | None
Bandhan | None
Mahima | None
Shashank | None
Poonam | None
Alvin | None
Shivani | None
Ruchi | None
Maheswara | None
Priyanka | None
Akanksha | None
Amisha | None
Saravanaperumal | None
Vaibhav | None
Nikhil | None
Sowmiya | None
Nakul | None
Namrata | None
Nishanthi | None
Neha | None
Adarsh | None
Sumit | None
Garima | None
Gaurav | None
Sandra | None
Jai | None
Shivani | None
Aditi | None
Nidhi | None
Sanya | None
Pratibha | None
Himanshi | None
Sushma | None
Hema | None
Arnold | None
Sumit | None
Nirupama | None
Jenil | None
Pravin | None
Prakriti | None
Preksha | None
Arpana | None
Muskan | None
Himanshi | None
Amit | None
Abhishek | None
Yanosh | None
Agila | None
Rupesh | None
Priyanka | None
Nitin | None
Bhavani | None
Devesh | None
Tanya | None
Suvarna | None
Sagar | None
Jagadish | None
Seema | None
Shubhangi | None
Nikita | None
Priyadarshini | None
Pooja | None
Jagadeesh | None
Neha | None
Rucha | None
Anisha | None
Saranya | None
Shreya | None
Nandhini | None
Subhashini | None
Jothi | None
Hemavathy | None
Mohana | None
Roopashree | None
Ankita | None
Arshi | None
Mythili | None
Prasanna | None
Dheeraj | None
Krishna | None
Lokesh | None
Srinivasan | None
Puneet | None
Vineeta | None
Ayushi | None
Vivek | None
Utkarsh | None
Uday | None
Ashwani | None
Rashmi | None
Tarun | None
Monish | None
Kalyan | None
Gautam | None
Sasikumar | None
Ganesh | None
Divyashree | None
Nimrat | None
Dharanya | None
Ravi | None
HR | None
Ankita | None
Kriti | None
Ramneek | None
Yashaswi | None
Praveen | None
Gaurav | None
Ashish | None
Vaishali | None
Riddhi | None
Sadana | None
Cecilia | None
Devika | None
Rajesh | None
Prabhakaran | None
Vidyadhar | None
Ajay | None
Rashmi | None
Bhawani | None
Vishesh | None
Prateek | None
Sandeep | None
Narayan | None
Dipti | None
Sangeetha | None
Felixing | None
Anunay | None
Geetika | None
Rama | None
Neha | None
Samiksha | None
Ghotkekar | None
Parimita | None
Nishanthi | None
Ragini | None
Meenu | None
Bhuwan | None
Yash | None
Akhilesh | None
Kanchan | None
Samiksha | None
Paridhi | None
Omega | None
Pankhuri | None
Arun | None
Sonika | None
Deeksha | None
Muskan | None
Rahul | None
Somina | None
Mrunali | None
Prachi | None
Aruna | None
Nishant | None
Twinkle | None
Hariharan | None
Himanshu | None
Arthi | None
Sridhar | None
Shibu | None
Kulshresht | None
Reena | None
Mukesh | None
Jayaram | None
Ajai | None
Shaik | None
Gaurav | None
Ajithkumar | None
Nandhini | None
Jyoti | None
Chaithra | None
Priya | None
K | None
Joy | None
Jagan | None
Vaishali | None
Sarika | None
Arsha | None
Navya | None
Sumalin | None
Ramesh | None
Gopala | None
Jahanvi | None
Subbu | None
Monica | None
Mohit | None
Iram | None
Raman | None
Giriraj | None
Beauti | None
Sowmya | None
Deepak | None
Anoushka | None
Ravi | None
Rakesh | None
Mohamed | None
Aasim | None
Charu | None
Rishi | None
Suvetha | None
Greeshma | None
Vishal | None
Sunil | None
Yatin | None
Vishal | None
Samriddhi | None
Gauthami | None
Jugal | None
Dhanya | None
Bhuvana | None
Ritika | None
Vidya | None
Prideep | None
Neelofar | None
Anand | None
Suchithra | None
Surabhi | None
Rohit | None
Vineet | None
Nitin | None
Radhika | None
Prabakaran | None
Monika | None
Harshit | None
Shorbani | None
Amarjyot | None
Vibha | None
Ambari | None
Nitin | None
Sivaramakrishnan | None
Megha | None
Ajay | None
Syed | None
Hari | None
Sujith | None
Wajeed | None
Diwaker | None
Priya | None
Sai | None
Sushovan | None
Vikas | None
Anjali | None
Kalpana | None
Aparna | None
Nikhil | None
Sanchita | None
Litty | None
Jayasree | None
Pankaj | None
Pawan | None
Sona | None
Sunil | None
Mukul | None
Janarthanan | None
Gaurav | None
Vibhuti | None
Reetika | None
Trupti | None
Kartik | None
Rajesh | None
Shikha | None
Shakshi | None
Manjula | None
Akansha | None
Havisha | None
Akanksha | None
Sakshi | None
Dinesh | None
Pallavi | None
S | None
Saurabh | None
Kanika | None
Ajay | None
Divya | None
Kumkum | None
Sirajudeen | None
Ram | None
Kleent | None
Nikhil | None
Michael | None
Angela | None
Jo | None
Robert | None
Jennifer | None
Betty | None
Christopher | None
Jasmin | None
Nathan | None
Tiffany | None
Michael | None
Lorraine | None
Eric | None
Onedia | None
Joey | None
Jonathan | None
Occhaly | None
Jasmin | None
Kleent | None
Onedia | None
Onedia | None
Steve | None
Susie | None
James | None
Tim | None
Joe | None
Rena | None
Staci | None
Jen | None
Marissa | None
Bill | None
Chad | None
Cyndi | None
Desiree | None
Lisa | None
Maura | None
Samantha | None
Najah | None
Blake | None
Chris | None
Amber | None
Natalie | None
Valencia | None
Marina | None
Gabe | None
Belinda | None
Marquia | None
Mark | None
Amy | None
David | None
Lindsay | None
Maria | None
Michele | None
Mozella | None
Kelly | None
Jeff | None
Rosaura | None
Eugenia | None
Katherine | None
Fernando | None
Dennis | None
Zuny | None
Francisco | None
Yeison | None
Dianelys | None
Nayara | None
Maria | None
Heriberto | None
Manjunath | None
Camila | None
Diana | None
David | None
Maria | None
Jennifer | None
Camila | None
Diego | None
Alyssa | None
Laura | None
Lia | None
Joy | None
Mike | None
Luis | None
Ronald | None
Chad | None
Mark | None
Kaylie | None
Kirsten | None
Mitza | None
Laurie | None
Keisha | None
Katie | None
Chyli | None
Stephanie | None
Amy | None
Thia | None
J. | None
LaToya | None
Jackie | None
Kelsey | None
Taylor | None
Jared | None
Tiffany | None
Christopher | None
Laura | None
Seann | None
Stephen | None
Richard | None
Peter | None
Olivia | None
Amy | None
Reyes | None
Ethan | None
Drew | None
Denita | None
Christopher | None
Brad | None
Brandi | None
Amy | None
Annette | None
Jordan | None
Christopher | None
Eric | None
Jay | None
Leah | None
Heather | None
Tom | None
Erika | None
Andrea | None
Blair | None
Drew | None
Victor | None
Antonio | None
Zhanna | None
Janie | None
Blair | None
Thomas | None
Kristian | None
Joyce | None
Barbara | None
Bob | None
Frank | None
Tammy | None
Princess | None
Erika | None
Jonathan | None
Peter | None
Patrick | None
Mona | None
Chris | None
Drew | None
David | None
Eilon | None
Victor | None
Joyce | None
Rachel | None
Vladmir | None
Nelson | None
Jamil | None
Victor | None
Andrea | None
Drew | None
Princess | None
Janet | None
Gabriela | None
Lupita | None
Guadalupe | None
Julio | None
Linda | None
Leidy | None
Karen | None
Debbie | None
Julio | None
Kevin | None
Danielle | None
Camille | None
Kitty | None
Natalia | None
Jessica | None
Jonathan | None
Lora | None
Divya | None
Scott | None
Heidi | None
Nicolas | None
Nicole | None
Tiff | None
Kaitlynn | None
Wright | None
Candace | None
Rich | None
Melissa | None
Maricris | None
suzy | None
sheryll | None
Rivera | None
Nita | None
Maluto | None
Camille | None
Krezel | None
karen | None
harry | None
Dianne | None
Anne | None
ace | None
Maguikay | None
Sailaja | None
Camila | None
Melanie | None
Paul | None
Scott | None
Sophia | None
Shea | None
Steve | None
Kimberly | None
Kristin | None
Lindsey | None
Stella | None
Leeor | None
Elen | None
Dr. | None
Isabella | None
Krissa | None
Laura | None
Toni | None
Javier | None
Armine | None
Brian | None
Dalya | None
Danielle | None
Sarah | None
Kirti | None
Krishan | None
Jerry | None
Meghan | None
Megan | None
Lorraine | None
Houston | None
Carolina | None
John | None
Brittanie | None
James | None
Michele | None
Elizabeth | None
Alicia | None
Nancy | None
Alyssa | None
Dillon | None
Iris | None
Todd | None
Reginald | None
Rachel | None
Virginia | None
Bruce | None
Michael | None
Eugene | None
Alex | None
Amanda | None
Svetlana | None
Jeff | None
Lisa | None
Gloria | None
Stanislav | None
Danny | None
Mohsen | None
Amy | None
Brendan | None
Elizabeth | None
Sasha | None
RajeshKumar | None
Ash | None
Todd | None
Lana | None
Jana | None
Kayci | None
Martin | None
April | None
Rachel | None
Steve | None
Elizabeth | None
Seth | None
Teanna | None
Maria | None
Marcano | None
Heather | None
Denise | None
Brittany | None
Brittany | None
Jennifer | None
Shannon | None
Brandy | None
Brad | None
Stephanie | None
Brandon | None
Gina | None
Jessica | None
Tracy | None
Adorna | None
Melony | None
Bobby | None
Jocelynn | None
Ariel | None
B | None
Emily | None
Shawn | None
Taylor | None
Jessica | None
Alex | None
Andrea | None
Antonia | None
Jordan | None
Ben | None
Matthew | None
Brad | None
Jon | None
Matt | None
Erin | None
Mandy | None
Maggie | None
Taylor | None
Kate | None
Emily | None
Dusty | None
Natalie | None
Kimberly | None
Kevin | None
Heather | None
Morgan | None
Kelsey | None
Karl | None
Shane | None
Brian | None
Trey | None
adeline | None
GiGi | None
Drew | None
Dionne | None
Abigail | None
Adeline | None
natalie | None
liam | None
kelsey | None
holly | None
dusty | None
drew | None
dionne | None
Liam | None
alisa | None
Kelly | None
Amanda | None
Hamie | None
Gino | None
Julia | None
Ruben | None
Luke | None
Barb | None
Therese | None
Blake | None
Christopher | None
Hakan | None
blake | None
Cem | None
Beverly | None
Pablo | None
Patricia | None
Sandeep | None
Rick | None
Hannah | None
Clinton | None
Josh | None
Humberto | None
Chester | None
Eldrick | None
kate | None
Nica | None
Stephen | None
Jeanette | None
Humberto | None
Josh | None
Clinton | None
Kate | None
Paul | None
Dan | None
Kate | None
Shiva | None
Susanne | None
Brandon | None
David | None
Laura | None
Nagaraju | None
Pravin | None
Sai | None
Chetana | None
Karthika | None
Sugumaran | None
Sathishkumar | None
Saurabh | None
Bowrnika | None
Louis | None
Jayanthi | None
Padma | None
Mathan | None
Rekha | None
Anup | None
Priyanka | None
Vijayabaskar | None
Kulanthysamy | None
Nirmala | None
Thariq | None
Shambhavee | None
Rakesh | None
Naidu | None
Tamil | None
Chandni | None
Gaurav | None
Ansu | None
Arunkumar | None
Nivetha | None
CA | None
deepu | None
Suriya | None
Sachin | None
Divya | None
Amit | None
Kalai | None
Anupama | None
Ravichandran | None
Seethalakshmi | None
Venkat | None
Nithya | None
Aishwarya | None
Janaki | None
Veeraraghavan | None
Divya | None
K | None
Shalini | None
Esakkiammal | None
Chethan | None
Mubeena | None
Mohanram | None
Anusha | None
Kiran | None
Suyamprabha | None
Maria | None
Hemlata | None
Madheswaran | None
Poovizhi | None
Sanaa | None
Srinivasan | None
Naveena | None
Gnaneswari | None
Soumya | None
Prashanth | None
Madhumitha | None
Soma | None
Neha | None
Viswanathan | None
Jayesh | None
Natraj | None
Varun | None
Neeta | None
Akash | None
Sunitha | None
Tara | None
Vikranth | None
Vijay | None
Samantha | None
Sachin | None
Brett | None
Sanjeev | None
Vidyadhar | None
Ajay | None
Janice | None
Soni | None
Manoj | None
Archana | None
Jayashree | None
Vimal | None
Dinesh | None
felsy | None
Pawan | None
Vijaykumar | None
Ugandhar | None
Arvindh | None
Saurabh | None
Rajesh | None
Ragotham | None
Priyal | None
Ragunath | None
Nisha | None
Srinivasa | None
Balachandren | None
Nareshchand | None
Ashish | None
Aayush | None
Shyam | None
Sowmiya | None
Bhuvanesh | None
Ramu | None
Rahul | None
Manju | None
Selvaganesan | None
Akhil | None
Sundari | None
Niharika | None
vignesh | None
Vijay | None
Harini | None
Raju | None
Mohan | None
Balaji | None
Rupesh | None
keerthiya | None
Akil | None
Rajasekar | None
Arivazhagan | None
Kaviya | None
MeenaKumari | None
Shruti | None
Jeevan | None
Abhishek | None
Kanaga | None
Shruthi | None
VishnuNarayanan | None
Sasikala | None
Sathiya | None
Ajay | None
sudheer | None
Gopi | None
Kavitha | None
Sparsh | None
Anoop | None
Mohamed | None
Priya | None
Krishna | None
Gokula | None
Girish | None
Christopher | None
Nancy | None
Joe | None
Heather | None
Gayathri | None
Prashantha | None
Nicholas | None
Srivalli | None
Jill | None
Alissa | None
Loganathan | None
Harish | None
Vyshakh | None
Sai | None
Mejo | None
Farthaze | None
Sushil | None
Babu | None
Ajaykumar | None
Dharanie | None
Sankarakumar | None
Rajiv | None
Anu | None
Surendar | None
UdayaPandian | None
Romit | None
Sarah | None
Pamela | None
Vishwas | None
Manoj | None
Krishnamohan | None
Cindy | None
Soumitra | None
Ravi | None
Bhuvaneshor | None
Imran | None
Don | None
Sarah | None
Crystal | None
Stacy | None
Jerry | None
Mejo | None
Nathan | None
Guru | None
Harika | None
J | None
Rushh | None
Sakthisaravanan | None
Vinodh | None
leola | None
Elizabeth | None
Melissa | None
Regan | None
Sangeeta | None
Avijit | None
Kavitha | None
Vinay | None
Aakanksha | None
Janakinath | None
Hector | None
John | None
Kedar | None
Josh | None
Jessica | None
Deanna | None
Kristyn | None
Mariammal | None
Girish | None
Pugazharasu | None
Hariram | None
Priyanka | None
Arun | None
Nivetha | None
Kalaiselvan | None
Tameem | None
Madhanraj | None
Varsha | None
Mudasir | None
Shrijeet | None
Krishan | None
Anjali | None
Kumar | None
Vijay | None
Satish | None
Venkatesh | None
Veeramani | None
Bharti | None
Bindushree | None
Kothandaraman | None
Ashok | None
Abel | None
M | None
Vasu | None
Amit | None
Jay | None
Suresh | None
Vijaya | None
Vishal | None
Sonam | None
Aaron | None
Balaji | None
S | None
Gomathy | None
Abel | None
Raj | None
Benly | None
Sheela | None
Shobana | None
Keerthana | None
Poonguzhali | None
Siddhant | None
Karthik | None
Dhananjayan | None
Sarayu | None
Anand | None
Selvanayagi | None
Sivajyothi | None
Kaniraj | None
Sukumar | None
Lakshmi | None
Vani | None
Victor | None
Bhanu | None
Sapna | None
Lokesh | None
Amrita | None
N | None
Suganya | None
KaveriSelvan | None
Vidhya | None
Sowbhakyawathi | None
Sreedhar | None
Priyadharsini | None
Kingsley | None
Sridhar | None
Rahul | None
Vidya | None
Harsha | None
Vipin | None
K | None
Sangavi | None
Nirmal | None
Felix | None
Ranjini | None
Naren | None
Balagopal | None
Joe | None
Donavan | None
Gunasekaran | None
Brittany | None
vikram | None
Tanvi | None
Karthik | None
Richa | None
Jeff | None
Bala | None
Al | None
Rajeev | None
Rakesh | None
SUNDAR | None
Dnyaneshwar | None
Mulka | None
Chidozie | None
Benhur | None
Srikanth | None
Vijay | None
Tamilarasan | None
Madhan | None
Balaji | None
Shailaja | None
Pavan | None
Saumya | None
Maniraja | None
Eric | None
Sumathi | None
Rajesh | None
Anand | None
Ramya | None
Kailash | None
Balaguru | None
Chethan | None
Tram | None
Sravan | None
Kishore | None
Lane | None
Ankita | None
Courtney | None
Ronnie | None
Harshal | None
Deepti | None
Regan | None
Vishal | None
Heather | None
Sangeeth | None
Biswajit | None
Dr.Muthukumaran | None
Devashish | None
Sibi | None
Bill | None
Carol | None
Sunilkumar | None
Adrienne | None
Vicki | None
Kavya | None
Jennifer | None
Windsor | None
Murali | None
Wan-Chu | None
Indrani | None
Peggy | None
Venu | None
Sivakumaran | None
Sakthivel | None
Alan | None
Prerna | None
Jayanth | None
Vinai | None
Tina | None
Prabhakaran | None
Jeff | None
Adnan | None
Sunita | None
Suvitra | None
Wai | None
Uma | None
Umesh | None
Satheesh | None
Jonathan | None
Anthony | None
Ariel | None
Vazreshwari | None
Saji | None
Ayana | None
Ajay | None
Leesa | None
Himanshu | None
Hadi | None
Stephon | None
Anthony | None
Kelly | None
Mark | None
Deepthi | None
Dhruva | None
Amit | None
Steve | None
Mike | None
Manish | None
Samya | None
Jai | None
Jeff | None
Bhavna | None
Kevin | None
Nalin | None
Giles | None
Manpreet | None
Rajesh | None
Susanne | None
Neal | None
Ankita | None
Sriram | None
Satish | None
David | None
Vinay | None
Margaret | None
Steve | None
Neha | None
Prashitha | None
Peter | None
Peter | None
Roger | None
Sarah | None
Dana | None
Ganapathy | None
Stephen | None
Aditya | None
James | None
Leena | None
Ashok | None
KaSaundra | None
Neil | None
Gaurav | None
Sameera | None
CA. | None
Ram | None
Sundararajan | None
Yazar | None
Sunil | None
Srikanth | None
sandhya | None
Ravi | None
Ramya | None
Anusha | None
Vedavathi | None
Abhishek | None
AROCKIA | None
Vishnu | None
Hazimah | None
Rajendra | None
Priya | None
Ragul | None
Kamala | None
Nishi | None
Elizabeth | None
Sai | None
sandy | None
Deepankumar | None
Karan | None
Karthigaa | None
Koka | None
Prem | None
Priyanka | None
Pradeep | None
David | None
Arnikh | None
Nidhi | None
Ashwathi | None
Chitra | None
JAIKAUSHIK | None
Perumal | None
Thibhagar | None
Eric | None
Riji | None
Sathish | None
Tauqir | None
Sarah | None
Bagyalakshmi | None
Bhavani | None
Shreeshail | None
Subrata | None
Abhishek | None
Anusaya | None
Anand | None
Raj | None
Kunal | None
Srinivasan | None
Varun | None
Goutham | None
Pradeepa | None
Don | None
Jaikaushik | None
SATYA | None
Mamta | None
Vidhi | None
Lilavathi | None
V | None
Amritha | None
CASEY | None
Jenny | None
Christopher | None
April | None
Santosh | None
Magesh | None
Senthilkumar | None
Rashmi | None
ravichandran | None
Hafeeza | None
Lee | None
Kartik | None
Rajib | None
Mark | None
Natalie | None
Narman | None
Gavi | None
Satyam | None
Belinda | None
Kevin | None
Mrutunjay | None
Arun | None
Milan | None
Tom | None
Sayeed | None
Ravi | None
Archana | None
Bala | None
Biswanath | None
Tristan | None
yogeshwari | None
Joseph | None
Lakshya | None
Asha | None
Chandni | None
vijayakumar | None
Yogesh | None
Venkata | None
Arshad | None
Diego | None
Devanshi | None
Rakesh | None
Julia | None
Koruth | None
Prasanna | None
Uday | None
Priti | None
Solomon | None
Hari | None
Shruti | None
Shubham | None
Ajithsam | None
Swapnil | None
Sowmya | None
Nitin | None
Jebastin | None
Sanjeet | None
Karthick | None
Sowmya | None
Gayathri | None
Varun | None
Annie | None
Khayali | None
Monika | None
Carmen | None
Misha | None
Alyssa | None
Nicole | None
Dylan | None
Robert | None
Gerald | None
Amanda | None
Jeremy | None
Jennifer | None
Kristin | None
Sabrina | None
Shawn | None
Kimberly | None
Yusamy | None
Caroline | None
Abby | None
Kim | None
Andrea | None
Ryan | None
Karen | None
Angelique | None
Derek | None
Julie | None
Jill | None
Ellen | None
Todd | None
Herb | None
Tyler | None
Jill | None
Alexa | None
Kristin | None
Jessica | None
Christina | None
Berkley | None
Karsyn | None
Michaela | None
Lucy | None
Michael | None
Paul | None
David | None
Jordan | None
Andrea | None
Lydia | None
Philip | None
isaac | None
daniel | None
connor | None
bea | None
jack | None
Alex | None
Kunal | None
Kate | None
Manek | None
Hannah | None
Ally | None
Amanda | None
Emily | None
callum | None
jeremy | None
lewis | None
George | None
Ray | None
Oliver | None
Nick | None
Maliek | None
Lauren | None
Kevin | None
Kailey | None
Joshua | None
Joseph | None
Hannah | None
jordan | None
Hui | None
Elena | None
Devin | None
Chris | None
Alaina | None
Alexandre | None
Asma | None
taylor | None
shelby | None
sasha | None
parker | None
Harrison | None
Will | None
Matt | None
Christopher | None
Willana | None
Danny | None
Ashley | None
Alun | None
Liam | None
Martin | None
Adara | None
Katherine | None
Adelynn | None
Morgan | None
Laura | None
Kendall | None
Oliver | None
William | None
Will | None
Valentijn | None
Victoria | None
Allison | None
Olivia | None
Mark | None
Stephanie | None
Chris | None
Ilanna | None
Faye | None
Ellie | None
Patrick | None
Justin | None
Joseph | None
Jonny | None
Elena | None
Jonathon | None
Harriet | None
Hannah | None
Rhian | None
Cassandra | None
Teddy | None
Sam | None
Ali | None
Emma | None
Jake | None
Thomas | None
Babu | None
Sushma | None
Florence | None
Karchiwala | None
Swapna | None
Sandeep | None
Bhargav | None
Sushila | None
Suneel | None
Surya | None
Rajesh | None
Arvind | None
Hemanth | None
Vasanthi | None
Mounika | None
Nithin | None
Amoga | None
Pallavi | None
Steve | None
John | None
Kim | None
Antony | None
Jason | None
Colleen | None
Rick | None
Alberto | None
Eduards | None
Mark | None
Jessica | None
Tayo | None
Tadd | None
Deon | None
Derek | None
Jerry | None
Jessica | None
Guy | None
Matt | None
Jennifer | None
Steven | None
Stevan | None
Priscilla | None
Dan | None
Gilbert | None
Hillary | None
Tracey | None
Jessica | None
Laura | None
Joe | None
Chris | None
Matthew | None
Meg | None
Caitlin | None
Jonathan | None
Greg | None
Adam | None
Mike | None
Ryan | None
Tyler | None
Mark | None
Nancy | None
Jessica | None
Carolin | None
Patrick | None
Joseph | None
Crystal | None
Sandra | None
Varun | None
Steve | None
Afsar | None
Desiree | None
Trisha | None
Theo | None
Brett | None
Justin | None
Alexander | None
Kevin | None
Carol | None
Donald | None
Dan | None
Harmon | None
Emma | None
Neha | None
Ethan | None
Albert | None
Chris | None
Thomas | None
Justin | None
Steven | None
Jason | None
Louis | None
Ron | None
Violeta | None
Jenna | None
Eric | None
satish | None
Ethan | None
Gina | None
Emily | None
Craig | None
Matt | None
Matthew | None
Artora | None
Vicki | None
Kristin | None
Benard | None
Avi | None
Joshua | None
Nicholas | None
Mollie | None
Eduardo | None
Joseph | None
Fritz | None
Benjamin | None
Jason | None
Josa | None
Justin | None
Chrissy | None
bijou | None
Greg | None
Thomas | None
Samuel | None
Dawn | None
Matthew | None
James | None
Jillian | None
Joe | None
Allison | None
Erica | None
Briana | None
Scot | None
Haytham | None
Mike | None
Jake | None
Jonathan | None
Ron | None
Angela | None
Michael | None
Jamell | None
Cassandra | None
Nick | None
Benton | None
Noah | None
Jordan | None
Beatrice | None
Ryan | None
Katherine | None
Jason | None
Julie | None
Nicole | None
Pamela | None
Brad | None
Heather | None
Lucas | None
Allyson | None
Gary | None
Chrislet | None
Darrell | None
Racheal | None
Bill | None
Greg | None
Dana | None
Trudi | None
Thuan | None
Brady | None
Anne | None
Joana | None
Brad | None
Katherine | None
Giridhar | None
Madhu | None
swaraj | None
Mark | None
James | None
MANI | None
Qun | None
Dayna | None
Stefanie | None
Anisha | None
Dylan | None
Jay | None
Shahzadi | None
Kathy | None
Ed | None
Diane | None
Ardalan | None
Steve | None
Chad | None
Joe | None
Xin | None
Alekya | None
George | None
Beau | None
Gianna | None
Carolyn | None
Nicholas | None
Lloyd | None
Donna | None
Steven | None
Gwen | None
Julia | None
Meagan | None
Jessica | None
Keith | None
David | None
Evan | None
Jacquat | None
Timothy | None
Gianna | None
Samantha | None
David | None
Christopher | None
Steve | None
Madeline | None
Georges | None
Ashley | None
Tram | None
Alyson | None
Ashley | None
Tyler | None
Aly | None
Eric | None
Showri | None
Vams | None
Ravikiran | None
Theo | None
Matthew | None
Russell | None
Sam | None
Provides | None
Will | None
Benjamin | None
May | None
Danielle | None
Simon | None
Olivia | None
Jake | None
Joe | None
abby | None
Abby | None
Adam | None
Alfie | None
Charlie | None
Charlie | None
charlotte | None
Charlotte | None
Chris | None
Ellis | None
Henrikas | None
Henry | None
Imogen | None
Jack | None
Joe | None
Jake | None
Lauren | None
Jenny | None
Morgan | None
theo | None
simon | None
Russell | None
Lauren | None
Natasha | None
Nathan | None
Reuben | None
shivaji.b | None
Todd | None
Jenny | None
Carl | None
Sarah | None
Wesley | None
Val | None
Nicholas | None
Laura | None
Greg | None
Miguel | None
Samantha | None
Mounika | None
Dan | None
Ayo | None
Matthew | None
Brent | None
David | None
victoria | None
Mohan | None
Stephen | None
Sasi | None
Hussain | None
Ryan | None
Srivallabh | None
Izaak | None
Madhusudan | None
Rebecca | None
michael | None
Debasis | None
Zobair | None
Michael | None
Rahman | None
Mayur | None
Matthew | None
Marina | None
louis | None
jalana | None
cathy | None
Bradley | None
Victoria | None
Rahul | None
Patrick | None
Barney | None
Diego | None
Tabitha | None
Xiomara | None
Victoria | None
Valerie | None
Tom | None
Till | None
Tara | None
Sonny | None
Sebastian | None
Sarah | None
Samantha | None
Sam | None
Harry | None
Ryan | None
Olivia | None
Drew | None
Rhonda | None
Aaron | None
Will | None
Max | None
Rian | None
Sam | None
Joe | None
Harry | None
Joel | None
Kaine | None
Lydia | None
Rian | None
Finnan | None
George | None
Bobby | None
Jack | None
Tom | None
Anthony | None
Mitchell | None
Louis | None
Thomas | None
Oliver | None
Jack | None
Aaron | None
Emerson | None
Toby | None
Alexander | None
Joe | None
Joel | None
John | None
Jordan | None
Kaine | None
Katie | None
Kieran | None
Landon | None
Laurence | None
Jamie | None
Lewis | None
Luca | None
Luna | None
Lydia | None
Matthew | None
Max | None
Mitchell | None
Nicholas | None
Nick | None
Oliver | None
Alex | None
James | None
Louis | None
Jack | None
Anthony | None
Antonio | None
Arthur | None
Autumn | None
Ben | None
Brayden | None
Cameron | None
Charles | None
Charlie | None
Conrad | None
Daniel | None
Jai | None
Edward | None
George | None
Harry | None
Henry | None
Andrew | None
Holly | None
Aneesha | None
Dave | None
Gino | None
Justin | None
Courtney | None
Hoda | None
Ruby | None
James | None
Hugo | None
Sean | None
Ross | None
Mike | None
Greg | None
Aimee | None
Ruby | None
Vas | None
Stuart | None
Jake | None
Arie | None
Andrew | None
Alexandria | None
Lisa | None
Brad | None
Chris | None
Matt | None
Kelly | None
Jeanette | None
Carolyn | None
David | None
Jeanne | None
Jesella | None
Lauren | None
Lauri | None
Marie | None
Martha | None
Miranda | None
Nancy | None
Ryan | None
Samuel | None
Taylor | None
Charlie | None
John | None
Jim | None
Nicholas | None
Hailey | None
Joseph | None
Valerie | None
Jill | None
David | None
Arie | None
Jeanette | None
Kelly | None
Christopher | None
Almir | None
Arieana | None
Cierra | None
Alexandria | None
Tammi | None
Jennifer | None
Jill | None
Lindsey | None
Nicholas | None
Matt | None
Haley | None
Sandri | None
Kristine | None
Rob | None
Ashley | None
Ashley | None
Gregory | None
Hayley | None
Shae | None
Alyssa | None
MD | None
Hayley | None
Jason | None
Shae | None
Eden | None
Hamid | None
Shae | None
Allison | None
Michael | None
Alex | None
Rob | None
Katy | None
Lauren | None
Nissa | None
Heather | None
Nicholas | None
Arman | None
Wade | None
Jeremy | None
Griffin | None
Gabriela | None
Bill | None
Zahid | None
Andy | None
Danielle | None
TJ | None
Matt | None
Mike | None
Brooke | None
Kim | None
Maura | None
John | None
Jenna | None
Alyvia | None
Kimberly | None
Kelly | None
Meredith | None
Tom | None
Taylor | None
Megan | None
Matt | None
Suzy | None
Amy | None
Mary | None
Bradley | None
Erin | None
Brian | None
John | None
Andrew | None
Matthew | None
John | None
Sam | None
Jeana | None
Kelly | None
Maddy | None
Jeff | None
Ashley | None
Ieva | None
Grace | None
Tanya | None
Oliver | None
Fin | None
Chris | None
Charlie | None
Danielle | None
Kenny | None
Jose | None
Elissa | None
Adam | None
Laura | None
Dan | None
Khoury | None
ROBERT | None
Ryan | None
Savion | None
Andre | None
Stephanie | None
Sierra | None
Tyler | None
Heather | None
Dario | None
Drew | None
Troy | None
Greg | None
Danny | None
4 | None
Jack | None
Luc | None
David | None
Nick | None
George | None
harry | None
Malia | None
Sasha | None
Amy | None
Milka | None
Ross | None
April | None
Kelly | None
Dominika | None
Evan | None
Dave | None
Jake | None
thomas | None
Daniel | None
Danny | None
Emily | None
Jack | None
Luc | None
Raquel | None
Jacob | None
Kaitlyn | None
Court | None
Courtney | None
Cyrus | None
Nicolas | None
sean | None
Mojola | None
Liam | None
Emma | None
Ella | None
Ben | None
Grace | None
Samantha | None
Stacey | None
Tim | None
Charlie | None
Jack | None
Jack | None
Jonny | None
kavya | None
Tsar | None
sandra | None
olivier | None
olivia | None
Ashley | None
Amy | None
Alexandra | None
McElla | None
Ashby | None
Jenni | None
Brett | None
Haley | None
Matt | None
Romaine | None
Taylor | None
Marina | None
Charlie | None
alfie | None
anthony | None
cameron | None
cassie | None
chris | None
christopher | None
emma | None
gabriella | None
grace | None
hamad | None
izabella | None
jack | None
jemma | None
libby | None
max | None
max | None
Kirstie | None
Ali | None
Rose | None
Thomas | None
Shelly | None
Amy | None
Georgina | None
Jordan | None
Charlie | None
Theo | None
Amanda | None
Callum | None
Emma | None
Shane | None
Oisín | None
Camille | None
Simon | None
Rosie | None
Lloyd | None
Marcus | None
Mark | None
David | None
Wesley | None
Fran | None
Krishen | None
Ewan | None
Kyle | None
Sam | None
Wesley | None
Cormac | None
Amine | None
Miklovana | None
Noah | None
Kendall | None
Nick | None
Fareeda | None
Rosie | None
Jose | None
Jamie | None
Robert | None
Lauren | None
Mitchell | None
Conor | None
Spencer | None
Luke | None
Sam | None
Kyle | None
Marcus | None
Jake | None
Pablo | None
Natalie | None
Randy | None
Michael | None
Davis | None
Jamie | None
Ryan | None
Eric | None
Amber | None
Elizabeth | None
Riley | None
Timothy | None
Sam | None
Tintin | None
Alec | None
Shaila | None
Jose | None
Riley | None
Cara | None
Sean | None
Benjamin | None
Mason | None
Michelle | None
DeJon | None
Matt | None
Lauren | None
Lorna | None
Shay | None
Ryan | None
Jamie | None
Mark | None
Andrew | None
Vanessa | None
Sofie | None
Gwyneth | None
Jason | None
Olivia | None
Raquel | None
Jack | None
Ciara | None
Joshua | None
Hannah | None
Joshua | None
Charlie | None
Josefina | None
Matt | None
Dan | None
Del | None
Nathan | None
Liam | None
Charlie | None
Toby | None
Jonny | None
Nadia | None
George | None
Lucia | None
James | None
Con | None
Rob | None
Maria | None
Zac | None
Rebecca | None
Carl | None
Kate | None
Joey | None
Max | None
Archie | None
Ciara | None
Hari | None
Celia | None
Harriet | None
Sean | None
Sam | None
Pete | None
Ian | None
Lauren | None
Barry | None
Scott | None
Carl | None
Nadia | None
Toby | None
Andrew | None
Ryan | None
Derek | None
Jason | None
Keith | None
Harvard | None
Sofia | None
James | None
Nancy | None
Matthew | None
Uday | None
Steve | None
Matthew | None
Lisa | None
tony | None
James | None
Terra | None
Brendan | None
Jill | None
Milan | None
STEPHANIE | None
Diana | None
John | None
Al | None
MIAN | None
Renee | None
Robert | None
Nga | None
Tom | None
Hollie | None
Christinia | None
Michelle | None
Paulette | None
Jamie | None
Judy | None
Samantha | None
Sheila | None
Jen | None
Nishant | None
Rohit | None
Sai | None
Jayachandrudu | None
Nitesh | None
Faiz | None
Sreenivas | None
Masood | None
Sanjay | None
Shabab | None
Chandini | None
Supraja | None
Anil | None
Iyngaran | None
Blessy | None
Sabiha | None
Jacob | None
Shoeb | None
Said | None
Sweety | None
Ngan | None
Darryl | None
Kerri-Jane | None
Narasimha | None
Monica | None
Lalitha | None
Sara | None
Irfan | None
Hemavathi | None
Jill | None
Sam | None
Pauline | None
Lusanne | None
Eraina | None
Craig | None
Jaana | None
Gary | None
Rachel | None
Robbert | None
Åza | None
Jan-Erik | None
Esthers | None
Leo | None
Simon | None
Sebastian | None
Catharina | None
Mohit | None
Abdul | None
Aran | None
Canute | None
Waseem | None
Rimo | None
Rupesh | None
Tanuja | None
Abdul | None
Mohammad | None
Sharan | None
Fatih | None
Rakesh | None
Annie | None
Dung | None
Emma | None
Natalie | None
Richard | None
Steven | None
Terrence | None
Donal | None
Magnus | None
Chris | None
Heikki | None
Hai | None
Priyanka | None
Sieu | None
Tran | None
Nguyen | None
Lan | None
Tuan | None
Phương | None
Tuan | None
Andy | None
Ashley | None
Esther | None
Mike | None
Jonas | None
Elles | None
Hung | None
Long | None
Duy | None
Son | None
Nguyen | None
Laraib | None
Ravi | None
Jackson | None
Gaurav | None
Mohammed | None
Mohammed | None
Aryan | None
Bahadur | None
Ayushmaan | None
Sateesh | None
Faisal | None
Sadiq | None
M | None
Rajesh | None
Farid | None
Neis | None
Kaif | None
Raviteja | None
Shekhar | None
Sanchit | None
Suganya | None
Mohit | None
Chandra | None
Phani | None
Shaik | None
Durga | None
Mitesh | None
Ripudaman | None
Afreen | None
Mohit | None
Mitali | None
Sakshi | None
Dinesh | None
Surender | None
Shyam | None
Aswin | None
Anil | None
Naazer | None
Lokesh | None
Veera | None
Mudassir | None
Abdul | None
Sai | None
Mohammed | None
Prashanth | None
Hemasundhar | None
Adil | None
Oscar | None
Ajay | None
Dharan | None
Mohammed | None
Vikram | None
Prajwal | None
Sahil | None
Khaled | None
Ajit | None
Rohit | None
Karthik | None
Harish | None
Rakesh | None
Ankita | None
Vedansh | None
M. | None
Dinesh | None
Vamshi | None
Mehran | None
Shafeeq | None
Taylor | None
Pauline | None
Erika | None
Thanh | None
Mikael | None
Sarah | None
Stephanie | None
Charlotte | None
Erick | None
Sergey | None
Michael | None
Charlie | None
Kelsey | None
Preethi | None
Deepika | None
Jessica | None
Natalie | None
Michael | None
Enrica | None
Jordan | None
Abby | None
Aditya | None
Afzal | None
Ali | None
Anil | None
Sreekanth | None
Anurag | None
Karin | None
Nataliya | None
Kevin | None
Raj | None
Dang | None
Rajat | None
Ciara | None
Tai | None
Hang | None
Farah | None
Bac | None
Stella | None
Rebecca | None
Thanh | None
Yuliia | None
Rachel | None
Ami | None
Binh | None
Natalie | None
Hema | None
Asghar | None
Raya | None
Trâm | None
H’ | None
Tobias | None
Artem | None
Anh | None
Dominik | None
Marlena | None
Venessa | None
Avinash | None
Brian | None
Rashmeet | None
Ravi | None
Rohit | None
Roshni | None
Roy | None
Jennifer | None
Deedee | None
Carlos | None
Rachel | None
Julia | None
Waqar | None
Randy | None
Vijay | None
Varun | None
Tulsi | None
Thomas | None
Suganya | None
Steney | None
Sonia | None
SM | None
Sheik | None
Shana | None
Shafeeq | None
Sandeep | None
Saikiran | None
Venkatesh | None
Bobby | None
Rajesh | None
Rahul | None
Christy | None
Daniel | None
Farid | None
Gunjan | None
Harika | None
Heather | None
Jamie | None
JAMIL | None
Joe | None
Kishore | None
Krishna | None
Linh | None
Raj | None
Mahender | None
Meghan | None
Mikael | None
Mohammed | None
Mohd | None
Naazer | None
Naga | None
Naveen | None
Neis | None
Nishant | None
Parupkar | None
Pratap | None
Rachel | None
Mayur | None
Cameron | None
Trong | None
Minh | None
Chau | None
Shubham | None
Rajesh | None
Dinesh | None
Randy | None
Linh | None
Mika | None
Andrew | None
Jason | None
Trang | None
Lola | None
Amy | None
Katherine | None
Kyle | None
Leo | None
Brianne | None
Laura | None
Vu | None
Ngan | None
Pratap | None
Shrinkhala | None
Rachael | None
Quang | None
Viet | None
Teja | None
Sofie | None
Aleksandra | None
Carlos | None
Tom | None
Jenny | None
Trinh | None
Simone | None
Himanshu | None
Long | None
Sophie | None
Pragati | None
Maureen | None
Shauna | None
Alexandra | None
Alex | None
Naveen | None
Anh | None
Merve | None
Thuy | None
Adam | None
Kishan | None
Suresh | None
Trang | None
Landon | None
Helen | None
Neil | None
Peter | None
Mehak | None
Anna | None
Đang | None
Tram | None
David | None
Adam | None
Leah | None
Joanne | None
Pulli | None
Sara | None
Vu | None
Srikant | None
Koen | None
Hang | None
Tom | None
Ricardo | None
Hans | None
Arshad | None
Wim | None
Sofie | None
Vo | None
Joanna | None
Lina | None
Julia | None
Matilda | None
Hans | None
Mirja | None
Tran | None
Julie-Caroline | None
Tho | None
Thuy | None
Tatiana | None
Doan | None
Kathy | None
Catharina | None
Shruti | None
Tiên | None
Dung | None
Avinash | None
Swati | None
Amy | None
Roy | None
Van | None
Trung | None
Casey | None
Melissa | None
Mucella | None
Dan | None
Vibe | None
Prabhu | None
Luiza | None
Gustaf | None
Julie | None
Preethi | None
Anna | None
Rashmeet | None
Julie | None
Steven | None
Keeley | None
Peaches | None
Anh | None
Jodi | None
Babar | None
Grace | None
Trinh | None
Ylva | None
Ryan | None
Melissa | None
Anh | None
Tom | None
Mr | None
Marike | None
Michelle | None
Thương | None
Ellie | None
Hiếu | None
Duy | None
Bảo | None
Thai | None
Hoang | None
Anh | None
Norman | None
Thuy | None
Trinh | None
Bert | None
Viet | None
Ha | None
Nguyen | None
Kim | None
Hans | None
Anika | None
Nguyen | None
Mo | None
Katarzyna | None
Rachel | None
Linh | None
Thomas | None
Nhan | None
Phuong | None
Carmen | None
An | None
Zbigniew | None
Michael | None
Tuan | None
Khẩn | None
Fiona | None
Cuong | None
Abhinav | None
Pvm | None
Tai | None
Vaibhav | None
Chaitanya | None
Tony | None
Madhu | None
Prem | None
Charles | None
Thomas | None
Mirza | None
Sự | None
Tien | None
Trong | None
Ryan | None
Gillian | None
Phuc | None
George | None
Jailynn | None
James | None
Matt | None
Lam | None
P | None
Markus | None
Rakesh | None
Emmanuel | None
Gururaghavendra | None
Bao | None
Jason | None
Marc | None
Thinh | None
Nicolas | None
Sandra | None
Aysun | None
Tran | None
Trinh | None
An | None
Diep | None
Samantha | None
Hien | None
Andy | None
Ngan | None
Gemma | None
Khoa | None
Roy | None
Cathy | None
Frank | None
Vy | None
Uzma | None
Luc | None
Ashish | None
Anne | None
Tuan | None
Jimmy | None
Seán | None
Christian | None
Alistair | None
Nguyen | None
Phil | None
Mattias | None
Calle | None
Andrzej | None
Ville | None
Robert | None
Maximilian | None
Monica | None
William | None
Milena | None
Dirk | None
William | None
Robert | None
Phalynn | None
Carol | None
Nick | None
Allison | None
Suzie | None
Claudia | None
Ana | None
Noah | None
Joana | None
deborah | None
deborah | None
clarisse | None
clarisse | None
brittany | None
Tim | None
brittany | None
aarum | None
aarum | None
aaron | None
aaron | None
Abby | None
Joshua | None
jam | None
Victoria | None
joana | None
Haein | None
jam | None
Anna | None
Bolling | None
Lauren | None
Michael | None
Jonathan | None
michele | None
noah | None
michele | None
noah | None
Sarah | None
Michele | None
Michael | None
Brian | None
Nina | None
Chrissy | None
Cheryl | None
bryany | None
Dan | None
Wayne | None
Andrea | None
Meghan | None
Kenzie | None
Megan | None
Maria | None
Laura | None
Cailin | None
Emily | None
Karen | None
Alan | None
Jack | None
Gunnar | None
Rich | None
Kim | None
Bobby | None
Cami | None
Amanda | None
Amanda | None
Courtney | None
Joseph | None
Amanda | None
Livia | None
Emilee | None
Bridget | None
Jenna | None
Paige | None
Phu | None
Katie | None
Carlos | None
Vienna | None
Sarah | None
Petra | None
Nina | None
Karolina | None
Julia | None
Johann | None
David | None
Danesh | None
Christina | None
Antonio | None
Sughir | None
Annika | None
Robert | None
Kerlyn | None
Jose | None
Cori | None
Chris | None
Carly | None
Amanda | None
Aaron | None
Michelle | None
Aaron | None
Stephen | None
Anna | None
Ken | None
David | None
Tate | None
Federica | None
Vivian | None
Karin | None
Ivan | None
Carolyn | None
Jordan | None
Ian | None
Tom | None
Evangelos | None
Wladimir | None
Inès | None
Rohit | None
Keith | None
Sue | None
Jason | None
Cara | None
Sarah | None
Alex | None
Julia | None
David | None
Michelle | None
Oana | None
Steven | None
Sahana | None
Julia | None
Larina | None
Aaron | None
Shenlee | None
Sophie | None
Craig | None
Tatiya | None
Alexander | None
Gethin | None
Jess | None
Latisha | None
Petter | None
Christy | None
Joan | None
McKinzie | None
Leibforth | None
Karkeek | None
Stephenie | None
Mohona | None
Camila | None
Fannika | None
Hansa | None
Mandy | None
Alexis | None
Chaz | None
Shania | None
Andrea | None
Chrystina | None
Jeff | None
Katherine | None
Kerlyn | None
Lucas | None
Maria | None
Monique | None
Jennifer | None
S | None
Sophie | None
Stephanie | None
Catarina | None
Ka'Tara | None
Stephanie | None
courtney | None
Marcus | None
Kendall | None
sandip | None
Kayla | None
Stephen | None
Layla | None
Thomas | None
William | None
Vienna | None
Sughir | None
Sylvia | None
Frederico | None
Daniel | None
Steven | None
Manisha | None
Mark | None
Kate | None
Areli | None
David | None
Allison | None
zhanna | None
Sophia | None
Megan | None
Matt | None
Lilly | None
Karli | None
Joy | None
Jessica | None
Kaitlyn | None
Kati | None
Kellee | None
Kelsey | None
Laurie | None
Megan | None
Michael | None
Michael | None
Jordan | None
Miguel | None
Sean | None
Shannon | None
Taylor | None
Jennifer | None
Joy | None
Mark | None
Zachary | None
Amanda | None
Sarah | None
Jonathan | None
Jessica | None
Jeff | None
Jeremiah | None
Cori | None
Christy | None
bronwyn | None
brandie | None
Bailey | None
Anthony | None
Andrea | None
Ashley | None
Bianca | None
Briana | None
Brianna | None
Cameron | None
Connor | None
David | None
Emily | None
Heather | None
Calista | None
Carley | None
Kelli | None
Christina | None
Upasana | None
Kelli | None
Shawn | None
Rosemary | None
Gene | None
Sarah | None
Alec | None
Maria | None
Jeff | None
Jon | None
Magdalena | None
Julia | None
Candace | None
Latisha | None
Ramona | None
Vikrant | None
Ali | None
Daniel | None
Kylia | None
Molly | None
Michelle | None
Martina | None
Kaitlyn | None
Jeff | None
Ryan | None
Danny | None
Samantha | None
Ashley | None
Samantha | None
Casey | None
Jackie | None
Ksenia | None
Brandon | None
Mark | None
Małgorzata | None
Nozomi | None
Talita | None
Aubrey | None
Elio | None
James | None
Carolyn | None
Karim | None
Ryan | None
Vennis | None
Beau | None
Ross | None
Jose | None
David | None
Keri | None
Therese | None
Alex | None
Bethany | None
Brittney | None
Sara | None
Karen | None
Ila | None
Rosbely | None
Erika | None
Beatriz | None
Lana | None
Shelly | None
Jamila | None
Niki | None
Matthew | None
Aliquan | None
Giuliana | None
Juliana | None
Aaron | None
Martina | None
Craig | None
Jane | None
Karla | None
Bélize | None
Ira | None
Sev | None
Sruthi | None
Lyra | None
Rafa | None
Rupal | None
Javier | None
Toby | None
Daniel | None
Muhammad | None
Angela | None
Demi | None
Cindy | None
Serra | None
Natalie | None
Vasudha | None
Kostas | None
Rachael | None
Vincent | None
Byron | None
Sarah | None
Rachel | None
Lucas | None
Kimberly | None
Elizabeth | None
Tarasia | None
Patricia | None
Laura | None
Marissa | None
Brianna | None
Taylor | None
Marjorie | None
David | None
Michael | None
Anh | None
Rodrigo | None
Ryan | None
Amanda | None
Lisa | None
Sean | None
Mayank | None
Thomas | None
Kayla | None
Megan | None
Debra | None
Mariah | None
Evelyn | None
Haley | None
Tyra | None
Merideth | None
Alexis | None
Charles | None
Steven | None
Krista | None
Priyanka | None
Wendy | None
Malini | None
Matthew | None
Emily | None
Bria | None
Anthony | None
Camila | None
Alexander | None
Shane | None
Michelle | None
Molly | None
Lilly | None
Jasmine | None
Randy | None
Mackenzie | None
Kaelynn | None
Will | None
Kate | None
Madeline | None
Louis | None
Daveyuanna | None
Krista | None
John | None
Alexander | None
Jake | None
Alyce | None
Adam | None
Abigail | None
Ashley | None
Caroline | None
Tanya | None
Helene | None
Dan | None
Joshua | None
Kimberly | None
Clint | None
Mark | None
Robert | None
Kelly | None
Kathryn | None
Griffin | None
Clint | None
Paul | None
Michelle | None
Wesley | None
Diane | None
Carie | None
Kim | None
Jason | None
Jude | None
Alexander | None
Donnie | None
Melissa | None
Justin | None
Travis | None
Uribe | None
Jeff | None
Kim | None
Rachelle | None
Sherry | None
Heather | None
Brett | None
Todd | None
Heather | None
Todd | None
Jude | None
Garrett | None
Matt | None
Brandon | None
Michael | None
William | None
Justin | None
Donnie | None
Clare | None
Jason | None
Melissa | None
Larry | None
Brandon | None
RJ | None
Sharnelle | None
William | None
Heather | None
Susan | None
Alma | None
Eric | None
Andrea | None
Stephanie | None
Gina | None
John | None
Malcolm | None
Nicole | None
Abby | None
Kathy | None
Latisha | None
Carolyn | None
Chanteal | None
daniel | None
chanteal | None
brandon | None
andrew | None
alyssa | None
alma | None
Joshua | None
Philip | None
Tom | None
Paige | None
Douglas | None
Samantha | None
Philip | None
Larry | None
Julie | None
Christine | None
Gen | None
Tim | None
Roni | None
Nick | None
Neika | None
Makayla | None
Lindsey | None
Lindsey | None
Kevin | None
Andy | None
Amber | None
Maggie | None
Sofia | None
Marc | None
Taylor | None
Tosha | None
Ted | None
Jonathan | None
Ashley | None
Kantonio | None
Justin | None
Brad | None
Christopher | None
Nimmy | None
Abby | None
Philip | None
Esther | None
Cynthia | None
Armin | None
Rosa | None
Amber | None
Cole | None
Justin | None
Luis | None
Alex | None
Warren | None
Kathleen | None
Cynthia | None
Kate | None
Brandyn | None
Abraham | None
Krista | None
Walkisa | None
Brian | None
Andrew | None
jessica | None
Yildiz | None
Maggie | None
Braniff | None
Andrea | None
Shanell | None
Shannon | None
Larry | None
Rhonda | None
Jonathan | None
Chanteal | None
Cole | None
Melanie | None
Andrea | None
Nimmy | None
Luis | None
Caroline | None
Perla | None
Caroline | None
Armin | None
Pariia | None
Cathaleena | None
Kyle | None
dillon | None
donald | None
elaina | None
heather | None
Kelly | None
Donna | None
Brenda | None
Perla | None
Joshua | None
Nora | None
Sharice | None
Tom | None
Bruce | None
Deirdre | None
heather | None
Charles | None
Taylor | None
Ted | None
Christine | None
Sharice | None
Candace | None
Patrice | None
Christine | None
Carolyn | None
Cameron | None
Andy | None
vicki | None
susan | None
susan | None
paul | None
Estefany | None
Chanteal | None
michael | None
melissa | None
luis | None
lindsey | None
kimberly | None
katherine | None
kari | None
julie | None
michael | None
Justin | None
nicole | None
Lindsey | None
Michael | None
Kathy | None
Melissa | None
Matt | None
Katherine | None
imoan | None
Kari | None
Paul | None
Imoan | None
Heather | None
Donald | None
Daniel | None
Brandon | None
Sharice | None
Shanell | None
Neika | None
Vicki | None
Susan | None
Jake | None
Kevin | None
David | None
Ron | None
Tammy | None
André | None
Ravie | None
Angel | None
Lourdes | None
Rachel | None
Samantha | None
Grant | None
Brian | None
Alejandro | None
Lane | None
Lynell | None
Jessica | None
Antonedei | None
Fitsum | None
Genu | None
Abbas | None
Chiran | None
Charles | None
Jordan | None
Nicole | None
Baylee | None
Cameron | None
Wilson | None
Wilson | None
Chris | None
Wilson | None
Kimberly | None
Jennifer | None
Becca | None
Li | None
Fábio | None
Jennifer | None
Dagmawi | None
Arun | None
Wilson | None
Chris | None
Simon | None
Joshua | None
Rami | None
Hagos | None
Thiago | None
Chiranjeevi | None
Marcus | None
Diamonte | None
Jamie | None
Becca | None
Clint | None
Dan | None
Taylor | None
Jaxon | None
Carrie | None
Ornes | None
Anjali | None
Antonio | None
Joey | None
Darryl | None
Kyle | None
Carole | None
Taylor | None
Jennifer | None
Brad | None
William | None
Chad | None
Clarissa | None
Vishnu | None
Victoria | None
Vinícius | None
Jade | None
Matt | None
Logan | None
Madison | None
Brianna | None
Chris | None
Ravie | None
Mohammad | None
Matheus | None
KRANTI | None
Karen | None
Gurunath | None
Alicia | None
Lahari | None
Rene | None
Marcus | None
Rosalie | None
Brayden | None
Erica | None
Michele | None
Shivani | None
Randy | None
Sajana | None
April | None
Cristia | None
Shateiah | None
Megan | None
Pauline | None
Heather | None
Indira | None
Paige | None
Erik | None
Randy | None
Chua | None
Ali | None
Sue | None
DaJohna | None
Abby | None
Sarah | None
April | None
Christa | None
Erik | None
Cristia | None
DaJohna | None
Lauren | None
Paige | None
Christa | None
Erica | None
Jorge | None
Kylie | None
Mike | None
Nicole | None
Patrick | None
Jennifer | None
Sean | None
Catherine | None
Matt | None
Hanna | None
Matt | None
John | None
John | None
Scott | None
Sandra | None
Ellen | None
Ahmed | None
Mariah | None
Tatem | None
Halle | None
Vijaya | None
Dan | None
Jeff | None
Jane | None
Steve | None
Kristin | None
Ellen | None
Rebecca | None
Lauren | None
Marcus | None
Adrianna | None
Karen | None
Ellen | None
Charles | None
Lindsay | None
Ty | None
Alexa | None
Katie | None
Eric | None
Teraesa | None
Jonathan | None
Greg | None
Maria | None
Bonnie | None
Sean | None
Lauren | None
Maryam | None
Hisham | None
Michael | None
Darren | None
Daniel | None
Devyn | None
Sarah | None
Elizabeth | None
Christopher | None
Erin | None
Dawn | None
Ray | None
Angela | None
Annie | None
Amy | None
Eliza | None
Elisabetta | None
Brad | None
Daniel | None
Alex | None
Renee | None
Kyle | None
Dennis | None
Rebecca | None
David | None
August | None
Renee | None
Brea | None
Megan | None
Mekhi | None
Katherine | None
Sandra | None
Lisa | None
Erika | None
Sam | None
David | None
Borjana | None
Sara | None
Cadeem | None
Xena | None
Anne | None
Sunny | None
Marie | None
Jordan | None
Elliana | None
Chessy | None
Irene | None
Jack | None
Dinesh | None
Mary | None
Jimmy | None
Jarrad | None
Richard | None
Caroline | None
Alyssa | None
Donald | None
Phyllis | None
Joe | None
Grace | None
Bridget | None
Amy | None
Julian | None
Hugh | None
Emily | None
Billy | None
Amanda | None
Michael | None
Elizabeth | None
Morgan | None
Stephanie | None
Bianca | None
Tony | None
Sara | None
Brandon | None
Jonathan | None
Tom | None
Flora | None
Olivia | None
Liam | None
Kira | None
Monika | None
Britt | None
Isabelle | None
Brian | None
Jackie | None
Ryan | None
Stephanie | None
Marquise | None
Lara | None
Victoria | None
Anna | None
Sarah | None
Bill | None
Alexandra | None
Lauren | None
Margaret | None
Jeff | None
Adam | None
Ciara | None
Alexandra | None
Melissa | None
Anne | None
Charlotte | None
Ryan | None
Lauren | None
Lauren | None
Leslie | None
Alexia | None
Jenna | None
Carley | None
Kirsten | None
Sophie | None
Thais | None
Scott | None
Catherine | None
Amanda | None
Michael | None
Francie | None
Tina | None
Adrianna | None
Paul | None
Matti | None
Inès | None
Meredith | None
Erin | None
Eric | None
Marylin | None
Nannapat | None
John | None
Elmer | None
Katherine | None
Colleen | None
Zaida | None
Matthew | None
Martina | None
Spencer | None
Crystal | None
Dustin | None
Nancy | None
Kaeley | None
Arielle | None
Megan | None
Elisa | None
Kaitlin | None
Gautham | None
Adam | None
Pramod | None
Rory | None
Adam | None
Robin | None
Beau | None
Lauren | None
Gaurav | None
Ying | None
Paul | None
Andrew | None
Jo | None
Lisa | None
Tina | None
Mike | None
Caroline | None
Davis | None
Kecia | None
Heath | None
Kathleen | None
Jane | None
Pat | None
Gene | None
Pat | None
Lori | None
Sara | None
Helena | None
Craig | None
Jason | None
Norm | None
Ray | None
Matt | None
William | None
Dawson | None
Kellie | None
Shannon | None
Kimberly | None
Richard | None
Heather | None
Mario | None
Anthony | None
Doug | None
Shannon | None
Landon | None
Michael | None
Julianne | None
Martin | None
Dan | None
William | None
Jeffrey | None
Dwight | None
Yvonne | None
Brian | None
Alex | None
Chad | None
Connor | None
Erika | None
Joe | None
Joe | None
Sara | None
ying | None
Sophia | None
Kirk | None
Caroline | None
Anna | None
Jane | None
Cheryl | None
MeLing | None
Heather | None
Steve | None
Catherine | None
Joan | None
Rory | None
gaurav | None
Michael | None
Doug | None
John | None
Scott | None
Jim | None
Anna | None
Betsy | None
pramod | None
Callie | None
Toby | None
Autumn | None
Stephanie | None
Andrea | None
Don | None
Matt | None
Christine | None
Janet | None
James | None
Guy | None
Kecia | None
Jessica | None
Michael | None
Gary | None
Lori | None
Paul | None
Pat | None
Jason | None
Tammy | None
Mario | None
Joan | None
Davis | None
Jason | None
Omar | None
Raymond | None
Fola | None
Jonnie | None
Cheryl | None
Kimberly | None
Nancy | None
David | None
Rose | None
John | None
Kim | None
Aaron | None
Sarah | None
Cesar | None
Nicole | None
Elijah | None
Brittany | None
Ryan | None
Pat | None
Caroline | None
Jade | None
Max | None
Dawson | None
Norm | None
Gene | None
Jennie | None
Sabrina | None
Felicia | None
Lauren | None
Bubba | None
Hannah | None
Jennie | None
Janet | None
Brandi | None
Nicole | None
Sheena | None
Melisa | None
Reece | None
Felicia | None
Elijah | None
Marilyn | None
Rose | None
Tina | None
Keaton | None
Jason | None
Jessica | None
Roy | None
Kenneth | None
David | None
Jade | None
Aaron | None
Jill | None
Alesia | None
Bruce | None
Patty | None
Kim | None
Sylvia | None
Sarah | None
Donald | None
Max | None
Constance | None
Stan | None
Gilda | None
Debra | None
Maureen | None
Debra | None
Frank | None
Robin | None
Karim | None
Matthew | None
John | None
Aaron | None
Sean | None
Kevin | None
Jordan | None
Marleine | None
Wanga | None
LAMECH | None
Nisha | None
Anjali | None
Amir | None
Kaliah | None
Harold | None
Levi | None
Truddiann | None
Anjali | None
Allen | None
Kahil | None
Kahil | None
Aaron | None
Harold | None
Reginald | None
Randy | None
Myles | None
Jon | None
Caitlin | None
Zac | None
Rich | None
Dan | None
John | None
Jason | None
Aaron | None
Lisa | None
Tom | None
Scott | None
Isabelle | None
Toby | None
ANDRE | None
Alex | None
Gordon | None
Fergus | None
Rowan | None
Susie | None
Abigail | None
Stephanie | None
Sean | None
Nick | None
Nathan | None
Jack | None
Ian | None
Ben | None
Noah | None
Mark | None
Sol | None
Kate | None
Alex | None
Stephanie | None
Curtis | None
Tanya | None
Matt | None
Nathan | None
Tim | None
David | None
John | None
Nick | None
Siân | None
Jake | None
Matthew | None
James | None
Thomas | None
Myles | None
Stuart | None
Ben | None
Charlotte | None
Vito | None
Maya | None
Hunter | None
Leah | None
Theo | None
Matt | None
Sean | None
Ian | None
Caolan | None
Marc | None
Kayleigh | None
Lin | None
Benjamin | None
Iain | None
Grant | None
Barry | None
Sol | None
Mark | None
Marc | None
William | None
Elin | None
Susie | None
Jason | None
Andrea | None
Danny | None
Jen | None
George | None
Isabelle | None
David | None
DAVID | None
David | None
Ben | None
Aidan | None
Chloe | None
Scott | None
Alyssa | None
Miranda | None
Leor | None
Shannon | None
Nathan | None
Jack | None
Robbie | None
Callum | None
Mark | None
Martin | None
Lara | None
Kristopher | None
Mary | None
Alexa | None
Ian | None
Matthew | None
Chaz | None
Rachael | None
Dillon | None
William | None
Jason | None
Bharath | None
Walt | None
Jane | None
Analhy | None
Muriel | None
Alica | None
Weijia | None
Elisabetta | None
Laura | None
Matthew | None
Amy | None
BROUSSEAU | None
SINGER | None
ARGRAVES | None
Chaz | None
Saad | None
Vikram | None
Bhavesh | None
Sourav | None
Ghafran | None
Bharat | None
Amit | None
Manoj | None
D. | None
Anurag | None
Prasath | None
Ravikiran | None
Brian | None
Vijay | None
Caroline | None
Hari | None
Pallavi | None
Andrey | None
Lynn | None
Sai | None
Rohit | None
Brianna | None
Serdonnafer | None
Danielle | None
Sagar | None
Andrea | None
Kavin | None
Vaishnavi | None
Aravind | None
Loganathan | None
Rajan | None
Santhana | None
Kush | None
Bhaskar | None
Oscar | None
Prakash | None
Daniel | None
Rajesh | None
Jyoti | None
Curtis | None
Sudharshan | None
Balaji | None
LinkedIn | None
Gowshik | None
Rhonda | None
Brendon | None
Julie | None
Rahul | None
Erica | None
Harendra | None
Purnimarani | None
Suresh | None
Santosh | None
Abdul | None
Coelien | None
Lucy | None
Harsha | None
Nicole | None
Tracy | None
Roxane | None
Keith | None
Clark | None
Alison | None
Darren | None
Ava | None
Alison | None
Lisa | None
Clark | None
William | None
Kimberly | None
Tony | None
Liz | None
Anne | None
Syed | None
Dave | None
Clark | None
Lisa | None
Scott | None
William | None
Anne | None
Lisa | None
Joshua | None
Liz | None
Kathy | None
Stephany | None
Lindsay | None
Tony | None
Danica | None
Mistie | None
Frank | None
Kelsey | None
Gibson | None
Taylor | None
Michelle | None
Bryan | None
Kelle | None
Kristen | None
Monte | None
Darcy | None
Cielle | None
Jim | None
Daryl | None
Garry | None
Nick | None
Will | None
Sidrat | None
Alexander | None
Morgan | None
Grant | None
Jo | None
Mark | None
Charles | None
Kevin | None
Shelbi | None
Alexandria | None
Shawn | None
Jared | None
Danny | None
Todd | None
Nathan | None
Monte | None
Kevin | None
Kristen | None
Marisa | None
Mark | None
Michelle | None
Kelsey | None
Morgan | None
Will | None
Nichole | None
Shawn | None
Shelbi | None
Sidrat | None
Taylor | None
Todd | None
Kevin | None
Kelle | None
Nathan | None
Kathleen | None
Gibson | None
Jim | None
Alexander | None
Nathan | None
Gibson | None
Nick | None
Alexander | None
Alexandria | None
Bryan | None
Jo | None
Charles | None
Dan | None
Darcy | None
Daryl | None
Garry | None
Grant | None
Hettie | None
Jared | None
Cielle | None
Danny | None
Amelie | None
Tiffany | None
Shawnda | None
Sara | None
Tonja | None
Tim | None
Bob | None
Christi | None
Ramona | None
Jacquelynn | None
Leana | None
Jeff | None
Scott | None
Jon | None
Tammy | None
Tim | None
Neal | None
Katherine | None
Jatin | None
Mike | None
Linda | None
Kellie | None
Judy | None
Dan | None
Fela | None
Dave | None
Danny | None
Ashley | None
Jennifer | None
Trevor | None
Del | None
Dave | None
SameeR | None
Kellie | None
Patrick | None
Isabel | None
Alex | None
Neel | None
caroline | None
Joseph | None
Hayley | None
Rod | None
Richard | None
Joshua | None
Alex | None
Jamie | None
Julian | None
David | None
Drew | None
Morgan | None
Amanda | None
Kasey | None
Jamie | None
Nicholas | None
Grace | None
Paul | None
Deblina | None
Angela | None
Frazer | None
David | None
Kevin | None
Bailey | None
Nic | None
David | None
Rob | None
Rhiannon | None
John | None
Kristina | None
Heather | None
Cristina | None
Jeff | None
Justin | None
Aaron | None
Amy | None
Lisa | None
Carrie | None
Amrita | None
Abril | None
Jon | None
Devin | None
David | None
Ron | None
Kat | None
Patrick | None
Elijah | None
Miguel | None
Amina | None
Rachel | None
Christina | None
Wendy | None
Paul | None
Matt | None
Shubham | None
Nick | None
Paige | None
Teresa | None
Lilly | None
Sharon | None
Monica | None
Drew | None
Cathy | None
Brayden | None
Kyle | None
Jessica | None
Greg | None
Jessica | None
Andy | None
Keith | None
Marie | None
Alesha | None
Adam | None
Joseph | None
Michael | None
Matt | None
Chris | None
Tony | None
Allison | None
Jessica | None
Caryn | None
Margaret | None
Nicole | None
Ann | None
Renee | None
Donna | None
Nathan | None
Harleigh | None
Barbara | None
Lynn | None
Richard | None
Matthew | None
Brad | None
Logan | None
Seth | None
Julie | None
Paul | None
Richard | None
Danielle | None
Jim | None
Kate | None
Angela | None
John | None
Mayuko | None
Ann | None
Mary | None
Sharon | None
Sandford | None
Carrie | None
Kara | None
Brisa | None
Crawford | None
Stefan | None
Alison | None
Jenny | None
Ryan | None
Bebe | None
Larry | None
Jordan | None
Sarah | None
Alicia | None
Adam | None
Carlo | None
Martin | None
David | None
Jacob | None
Caroline | None
Julia | None
Samantha | None
Geoff | None
Julianna | None
Patrick | None
Cami | None
Lauren | None
Jesse | None
Anna | None
Jennifer | None
Erika | None
Jennifer | None
Jill | None
Linda | None
Yiing-Harn | None
Pam | None
Gladys | None
Thomas | None
DeLise | None
Seth | None
Brittany | None
Emily | None
Kimberly | None
Nick | None
Bethene | None
Seth | None
Ginny | None
Paul | None
Joe | None
Matt | None
Ann | None
Mariano | None
Tom | None
Percival | None
Brian | None
Joy | None
Clyde | None
Tina | None
Lisa | None
Gail | None
Amber | None
Renee | None
Sophie | None
Erin | None
Logan | None
Robert | None
Lori | None
Shamim | None
Mickey | None
Kandice | None
Preciosa | None
Michael | None
Alan | None
Melissa | None
David | None
Brenda | None
Garett | None
Russell | None
Robb | None
Bali | None
Indra | None
Sean | None
Pam | None
Bill | None
Laurence | None
Kimberly | None
Sandy | None
Benjamin | None
Aras | None
William | None
Dylan | None
Harish | None
Nusrat | None
Steve | None
Nav | None
Agnes | None
Ray | None
Nancee | None
Daniel | None
Venkat | None
Genevieve | None
John | None
Brendan | None
Brian | None
Pete | None
Lauren | None
Tinnu | None
Patti | None
Zach | None
Julie | None
Bernie | None
Gary | None
Brent | None
Luke | None
Nancy | None
Kimberly | None
Chris | None
Kathleen | None
Marmeille | None
Nishanth | None
Gus | None
Jennifer | None
William | None
Janet | None
Aubrey | None
ron | None
Mark | None
David | None
aubrey | None
mary | None
vanessa | None
Kevin | None
Nathan | None
Ashley | None
Michael | None
Stephen | None
Prince | None
Kyle | None
Matthew | None
Kevin | None
Jaimee | None
Yana | None
Rafael | None
Pablo | None
Luis | None
Miriam | None
Felix | None
Miriam | None
Jesus | None
Stefan | None
Cecille | None
Camila | None
Monica | None
Diego | None
Jeison | None
Josue | None
Kush | None
Amy | None
Marc | None
Rolando | None
Bubbs | None
Brittany | None
Catherine | None
Ian | None
Ryan | None
Mich | None
Aroosa | None
Leslie | None
Nathan | None
Dei | None
Brittany | None
Daniel | None
Luis | None
Bryan | None
Jazmin | None
Lester | None
Jose | None
Shihan | None
Jay | None
Cecille | None
Kelly | None
Daniel | None
Kyle | None
Olavo | None
Haresh | None
Nicole | None
Yana | None
Sergio | None
Alexis | None
Martina | None
Bubbs | None
Lance | None
Rushabh | None
Pablo | None
Joesalie | None
Lucero | None
Daneli | None
Brett | None
Lee | None
Darien | None
Diana | None
Eleonora | None
Eryn | None
Gregory | None
Holly | None
Janelle | None
Janet | None
Keith | None
Liza | None
Lucky | None
Mark | None
Martijn | None
Matt | None
Megan | None
Mel | None
Crosby | None
Chris | None
Chris | None
Chris | None
Yuriy | None
Tami | None
Maddie | None
Hannah | None
Graham | None
Courtney | None
Coleen | None
Anita | None
Melanie | None
Alexander | None
Michaela | None
Hannah | None
Yaritsa | None
Cecilia | None
Mikkel | None
Maddie | None
Ben | None
Bradford | None
Winter | None
Alex | None
Michael | None
Nicole | None
Michelle | None
Brett | None
Vince | None
JohnK | None
Vince | None
Asia | None
Ana | None
Alexander | None
Zach | None
Vernita | None
Ulrike | None
Tiffany | None
Brittney | None
Renee | None
Michelle | None
Jill | None
Sam | None
Amy | None
Erwin | None
Maria | None
Caro | None
Hamill | None
Valeria | None
Julissa | None
Ivania | None
Jossie | None
Leisha | None
5 | None
4 | None
3 | None
Jasmin | None
Rachel | None
Hannah | None
Jeannette | None
Paul | None
Isabella | None
Tyler | None
Miguel | None
Alana | None
Steve | None
Luke | None
Gary | None
Megan | None
Chuck | None
Daddario | None
Kramer | None
Osegueda | None
Kahele | None
Echo | None
Team | None
Iris | None
Kaitlyn | None
Nicholas | None
Yunxuan | None
Neio | None
Fuling | None
Michelle | None
Nicolette | None
Corey | None
Christopher | None
Carolina | None
Breeana | None
Liam | None
Scott | None
Jennifer | None
David | None
Sean | None
Brett | None
Liv | None
Melissa | None
pauline | None
ross | None
martha | None
Justin | None
judy | None
chenique | None
lindsay | None
Austin | None
Ryan | None
Greg | None
Peter | None
Solomon | None
Jane | None
shweta | None
sayali | None
kimberly | None
kelly | None
harshada | None
Misty | None
Lewis | None
Daniel | None
Daniel | None
Loredana | None
Mathew | None
Jill | None
James | None
Stanley | None
akshat | None
Frank | None
Austin | None
Kishan | None
Katie | None
Anna | None
Tyler | None
Kelli | None
Rommel | None
parul | None
Suzanne | None
Sally | None
Marissa | None
Malia | None
Audrey | None
Andrew | None
Gabriel | None
Karina | None
Jacqueline | None
Gregory | None
Rodrigo | None
Melissa | None
Alex | None
Sarah | None
Ashanti | None
Chase | None
Gary | None
Heynner | None
Katie | None
Paige | None
Johann | None
Moazzim | None
Daniela | None
Nina | None
Aaron | None
Andrew | None
Chase | None
Treven | None
Jelani | None
Jenna | None
Ericka | None
Jelani | None
Joseph | None
Nicole | None
Jordynne | None
Luis | None
Lindsay | None
Harrison | None
Maria | None
Abelardo | None
Rachel | None
Ashanti | None
Graham | None
Gregg | None
Libby | None
Jocelyn | None
Alex | None
Ashanti | None
John | None
Rebecca | None
Ericka | None
Mario | None
Gwen | None
Angela | None
Katherine | None
Rebecca | None
Thomas | None
Matthew | None
Tarun | None
Essie | None
Emma | None
Kyla | None
Quinton | None
Lia | None
Craig | None
Sumiit | None
Vinita | None
Jessica | None
Glen | None
Essie | None
Dan | None
Craig | None
Reyan | None
Brianna | None
Lia | None
Nicole | None
Tuffail | None
Chandler | None
Priyesh | None
Raghu | None
Amlan | None
Valerian | None
Gitika | None
Victor | None
Sanford | None
Paul | None
Mark | None
Christopher | None
James | None
Phil | None
Julio | None
James | None
Kurt | None
Jason | None
Nichole | None
Shivam | None
Monika | None
Sonam | None
Vivek | None
Jules | None
Nick | None
Julia | None
Courtney | None
Sri | None
Krishnan | None
Bharatkumar | None
Shrishti | None
Mayank | None
Mukesh | None
María | None
Ishwar | None
Ramya | None
Ayushi | None
Cathy | None
Jitendra | None
Sofia | None
Michael | None
Lisa | None
Lisa | None
Susan | None
Dana | None
Brian | None
Nivetha | None
Jay | None
Waris | None
Vishal | None
Marcela | None
Shivam | None
Simran | None
Piyush | None
Naveen | None
Trusha | None
Karmina | None
Mahak | None
Sparsh | None
Abhinav | None
Vaibhav | None
Kim | None
Prakash | None
Ankur | None
Komal | None
Priyanshu | None
Anuj | None
Shaan | None
Vimal | None
Khushi | None
Renuka | None
Ross | None
Dana | None
Stella | None
renuka | None
vishal | None
Aditya | None
Afzal | None
Aniket | None
ramya | None
priyanshu | None
Deepti | None
Evan | None
Harkishan | None
Jaclyn | None
Jenifer | None
Kabir | None
lucy | None
María | None
Meredith | None
Pruthvi | None
Rishabh | None
Rishaw | None
shaan | None
Sachin | None
shrishti | None
stella | None
Lisa | None
Meredith | None
Michael | None
Josh | None
Emma | None
Anjali | None
Pruthvi | None
Vivek | None
Vaishali | None
Rajesh | None
John | None
Ravi | None
Shweta | None
Renuka | None
Jyoti | None
vimal | None
vaibhav | None
twinkle | None
trusha | None
sparsh | None
Shalini | None
Shweta | None
twinkle | None
Sofia | None
piyush | None
nivetha | None
naveen | None
mukesh | None
michael | None
mahak | None
lalit | None
khushi | None
karmina | None
bharatkumar | None
ayushi | None
anuj | None
ankur | None
abhinav | None
Aidan | None
Akash | None
Lalit | None
Prakash | None
Chris | None
stella | None
Will | None
prakash | None
Ujjwal | None
Varsha | None
Vivek | None
Will | None
Brian | None
Caitie | None
Concepcion | None
Dan | None
Felicia | None
Evan | None
jay | None
John | None
krishnan | None
Leif | None
Marc | None
Michael | None
nandha | None
Robyn | None
scott | None
Terranova | None
Jermaine | None
Alex | None
Erica | None
Patrick | None
Sharon | None
Keri | None
Rachel | None
Dan | None
Bri | None
Hannah | None
Julianne | None
Ally | None
Taylor | None
Leah | None
Gina | None
Gina | None
D'Arcy | None
AJ | None
Kaitlyn | None
Bharath | None
Arleny | None
bryan | None
cody | None
Chelsea | None
Carrie | None
Brian | None
Lindsey | None
brent | None
bob | None
bliss | None
Ashley | None
danielle | None
Brett | None
darren | None
deandra | None
debra | None
liz | None
Maddie | None
madison | None
Marc | None
mark | None
Matthew | None
mia | None
Michael | None
Miguel | None
Molly | None
Morgan | None
nazanin | None
otto | None
rachel | None
laura | None
Raven | None
will | None
Kyle | None
kelsey | None
Kelly | None
Kayla | None
jonathan | None
john | None
jessica | None
jennifer | None
Jeff | None
jassi | None
harshita | None
Emily | None
Derek | None
tina | None
Dimitri | None
Margaret | None
Alex | None
Robert | None
Rebecca | None
Stephanie | None
Margaret | None
Louis | None
Jill | None
Greg | None
Matthew | None
Don | None
Rosanna | None
Alex | None
Paige | None
Kyle | None
Caroline | None
Sasha | None
Nicole | None
Raven | None
Allie | None
Michael | None
Ryan | None
Morgan | None
Shannon | None
James | None
Jack | None
FA | None
Diana | None
sammie | None
anna | None
Dawn | None
zachary | None
Tully | None
Jordan | None
Ali | None
Allie | None
Andrew | None
Caroline | None
Christopher | None
Daniel | None
Don | None
James | None
Janis | None
Jillien | None
Joe | None
Kara | None
Katy | None
Eliza | None
Nicholas | None
Philip | None
Richard | None
Robert | None
Rosanna | None
Shannon | None
Stephen | None
Zac | None
Lilly | None
Michael | None
Jimmy | None
Jordan | None
Joe | None
Nick | None
Nicole | None
Adam | None
saurabh | None
savannah | None
Nicholas | None
Nick | None
Rebecca | None
Samantha | None
Stephanie | None
Tully | None
Kara | None
Molly | None
Emily | None
Robert | None
Liz | None
Vincent | None
Shawn | None
Chris | None
Dawn | None
Rosanna | None
Jack | None
Michelle | None
Matthew | None
Marlee | None
abigail | None
Taylor | None
Brett | None
Drew | None
Eliza | None
Greg | None
Hunter | None
Jasmine | None
Joe | None
Jordan | None
Kierra | None
Louis | None
Margaret | None
Zac | None
Bill | None
Cory | None
Molly | None
Shania | None
Daniel | None
Matthew | None
Sasha | None
Skylar | None
Nick | None
Philip | None
Jill | None
Himanshu | None
Andrew | None
Tessa | None
Pieter | None
Shaun | None
Tom | None
Bart | None
Tom | None
James | None
Shaun | None
Raj | None
Selenay | None
Michael | None
Andrew | None
Selenay | None
Grace | None
Andrew | None
Melanie | None
Samia | None
Dipu | None
Crystal | None
Corey | None
Johan | None
Robert | None
Marshall | None
Jeremy | None
Lucas | None
Kaylan | None
Kelly | None
Brittany | None
Xianghui | None
Prasad | None
Franklin | None
Justin | None
Howard | None
Malini | None
Ranjit | None
Aaron | None
Jim | None
Vishal | None
Lisa | None
Edie | None
Chelsye | None
Sam | None
James | None
Christopher | None
Shawn | None
Kyra | None
Greg | None
Brandi | None
Holly | None
Mallory | None
Hari | None
Aaron | None
Maruf | None
Rebecca | None
Rajiv | None
Dipti | None
Brad | None
Benny | None
Chaitanya | None
Kristy | None
Pavan | None
Carlo | None
Ashley | None
Seethal | None
Debbie | None
Travis | None
Branden | None
Christopher | None
Mohammad | None
Derric | None
Anne | None
Danielle | None
Alvin | None
Dan | None
Andrew | None
Deepthi | None
marcus | None
Eric | None
Tempest | None
Kevin | None
Robin | None
Louis | None
Jeff | None
Bill | None
Rodney | None
Joanne | None
Tony | None
Michael | None
Camille | None
Beth | None
Alex | None
Jessica | None
Lisa | None
Diana | None
Ann | None
Arthur | None
Molly | None
Steve | None
Bethany | None
Peter | None
Susan | None
Jennifer | None
Jim | None
Amelia | None
Barbara | None
Mike | None
Larry | None
Danny | None
Joyce | None
James | None
Zoe | None
Emma | None
Stephanie | None
Renee | None
Elisa | None
Tim | None
Daniel | None
Charlie | None
Chad | None
Marion | None
Warren | None
Tiffany | None
Tammy | None
Drew | None
Adolph | None
Margaret | None
Larry | None
Barbara | None
Jamie | None
Keith | None
Heather | None
Maxine | None
David | None
Madonna | None
Teresa | None
Nicholas | None
Heidi | None
Tom | None
Vicki | None
Jeff | None
Josh | None
Molly | None
Melissa | None
Paul | None
Brianna | None
Michelle | None
Heather | None
Ashton | None
Geo | None
Bruce | None
Ajay | None
Lynn | None
Aaron | None
Zhaire | None
A. | None
Samuel | None
Nyounee | None
John | None
Lafaye | None
Orlando | None
Sean | None
Jan | None
Dewakar | None
Jean | None
Elisa | None
John | None
Anna | None
Michelle | None
Tom | None
Brianna | None
Wendie | None
Greg | None
Kate | None
Lavondra | None
Marissa | None
Dakota | None
Michael | None
Becca | None
Jennifer | None
Hannah | None
Matt | None
Annie | None
Tia | None
Mike | None
Maddie | None
Chantal | None
Sanjay | None
Ashley | None
Wayne | None
Amanda | None
Gabriel | None
Elise | None
James | None
Jared | None
Heidi | None
Brenna | None
Beth | None
Megan | None
Ryan | None
Mike | None
Carolyn | None
Don | None
Angela | None
Tracy | None
Kurt | None
Kelly | None
Michael | None
Amy | None
Ross | None
Evan | None
Michael | None
Tan | None
Corrin | None
Deb | None
Xander | None
Kyle | None
Jeremy | None
Abigail | None
Walt | None
Breanna | None
Chad | None
Miriam | None
Katherine | None
Matthew | None
Sam | None
Tom | None
Seth | None
Harrel | None
Sean | None
Martin | None
Dedeepya | None
Steven | None
Wesley | None
Lauren | None
Davin | None
Teri | None
Arden | None
Andrea | None
Carolina | None
Justin | None
Laura | None
Luis | None
Ankit | None
Derek | None
Myles | None
Tarun | None
Mohan | None
Randy | None
Swapnil | None
Terri | None
Mario | None
Lakshminarayana | None
Ed | None
Eric | None
Alison | None
Ben | None
Sherry | None
Doug | None
Byron | None
Arielle | None
Becky | None
Brandon | None
Christy | None
Danielle | None
David | None
Erick | None
Grant | None
Rick | None
James | None
Jim | None
Harry | None
Johnisha | None
Romuald | None
Taura | None
Josh | None
Tina | None
Jodilyn | None
Tara | None
Shari | None
Tiffany | None
Mario | None
Madison | None
Machel | None
Kelly | None
Justin | None
Julie | None
Richard | None
Marge | None
Scott | None
Marc | None
Leonard | None
Jacob | None
Puja | None
Heather | None
Jasnoor | None
Shantanu | None
Roger | None
Matt | None
Ava | None
Von | None
Sylvia | None
Hafsa | None
Gemma | None
Andre | None
Abbey | None
Alex | None
Shane | None
Matt | None
Andy | None
Brittany | None
Pat | None
Kristin | None
Mark | None
Alex | None
Tim | None
Adam | None
James | None
Dana | None
Jaime | None
Alissa | None
Hayley | None
Caroline | None
Stephen | None
Chris | None
Jennifer | None
Garrick | None
Gabriel | None
Brayan | None
Ashley | None
Eric | None
Travis | None
Scott | None
Ahmad | None
Teri | None
Janya | None
Stephen | None
John | None
JP | None
Christopher | None
Larry | None
Jason | None
Isabella | None
Jessika | None
Tracy | None
Nikki | None
Tessa | None
Michele | None
Kaitlin | None
Liyba | None
Shannon | None
Aakash | None
Nick | None
Anece | None
Kevin | None
Samantha | None
Amanda | None
Nathan | None
Jake | None
Emily | None
Liam | None
Cody | None
Leif | None
Chris | None
Cory | None
Ram | None
Alexandra | None
John | None
Timothy | None
Roslind | None
Jeff | None
Brianna | None
Kemi | None
Charla | None
Sebastian | None
Michael | None
Korbyn | None
Justin | None
Kevin | None
Cory | None
Misty | None
Harinath | None
Donavon | None
Senora | None
Ram | None
Emilie | None
Amanda | None
Kemi | None
Cheryl | None
Andy | None
Jody | None
Erin | None
Tushar | None
Vishal | None
Nur | None
Chaitra | None
Suntar | None
Soumodeep | None
Alenna | None
Sean | None
Katina | None
Dan | None
Michele | None
Anna | None
Travis | None
Michael | None
Rama | None
Andy | None
Sam | None
Kratika | None
Noah | None
Sachin | None
Ronak | None
Vincent | None
Brianna | None
Allison | None
Jason | None
Tony | None
Nick | None
Neha | None
JP | None
Jeff | None
Timothy | None
Allison | None
Jamie | None
Kris | None
Amanda | None
Tracy | None
John | None
Nei | None
Chris | None
Vigya | None
Tawanda | None
Andrew | None
alanna | None
daniel | None
jamie | None
justin | None
Dan | None
Jake | None
Jason | None
Belal | None
Calvin | None
Delaney | None
Kevin | None
Diwa | None
Kratika | None
Harinath | None
Prakash | None
Ben | None
Anece | None
Jocelyn | None
Josh | None
Lauren | None
Lauren | None
Becher | None
John | None
Chris | None
Emily | None
Derek | None
Sindhu | None
Elisa | None
Justin | None
Tessa | None
Abhipsa | None
Geoff | None
Sindhu | None
Jessica | None
Tushar | None
Arianna | None
Jordan | None
Dhrupit | None
Todd | None
Jegatheeswari | None
Chaitanya | None
Alanna | None
Rachana | None
Ali | None
Peter | None
Nick | None
Alma | None
Lauren | None
Vigya | None
Hunter | None
Rachel | None
Tawanda | None
Daniel | None
Jeremy | None
Chris | None
Kratika | None
Chadd | None
Ravi | None
Kelly | None
Luke | None
Mary | None
Naveen | None
Sarah | None
Sarah | None
Savannah | None
Sinoha | None
Tricia | None
Sam | None
Ilyas | None
Ankit | None
Sam | None
Namratha | None
Jacob | None
Sindhu | None
Ayushi | None
Radha | None
Jesse | None
Benjamin | None
Sid | None
Teri | None
Justin | None
anna | None
jacob | None
kaitlin | None
korbyn | None
Harpreet | None
Alanna | None
Ayushi | None
Hunter | None
Kratika | None
Radha | None
Tawanda | None
Syed | None
teri | None
Samantha | None
kar | None
Kaitlin | None
Robert | None
Arianna | None
Jessica | None
Cory | None
Jake | None
Jeremy | None
Jamie | None
Todd | None
Jesse | None
Donavon | None
Kris | None
Ravi | None
Sachin | None
Chadd | None
Alexandra | None
Chris | None
Allan | None
William | None
Matthew | None
Tadhg | None
Titus | None
Chantelle | None
Priscila | None
Richard | None
Andy | None
Saleem | None
Fritz | None
Juan | None
Jamyon | None
Evan | None
Seth | None
corey | None
david | None
michelle | None
matt | None
Ben | None
Ian | None
Matt | None
Ben | None
kristen | None
Heather | None
Ozan | None
David | None
Corey | None
Lisa | None
Kristen | None
Rouella | None
Ted | None
Dan | None
Sevan | None
Lisa | None
Michelle | None
Emilee | None
Alex | None
Molly | None
Leila | None
Alex | None
Angelyn | None
Adrian | None
Jeff | None
Sivakumar | None
Otieno | None
John | None
Nicholas | None
Chris | None
Christopher | None
Micu | None
John | None
Michael | None
Tim | None
Janie | None
Sherry | None
Jeremy | None
Matthew | None
Travis | None
Jesse | None
Noah | None
Paul | None
Christopher | None
Pam | None
Donna | None
Suzie | None
Angela | None
Kent | None
Lana | None
Joan | None
Jim | None
Rick | None
Mike | None
Dustin | None
Tony | None
Kai | None
Melissa | None
Lindell | None
Zach | None
Lyle | None
Gayle | None
John | None
Joe | None
Jadon | None
Tammy | None
Franchesca | None
Olivia | None
Pierce | None
Drew | None
Sondra | None
Elizabeth | None
Jason | None
John | None
Greg | None
David | None
Crystal | None
Rodney | None
Tamera | None
Lawrence | None
Rhonda | None
Kelly | None
Billy | None
Shannon | None
Darin | None
Deanna | None
Kayla | None
Mark | None
Brian | None
Hamida | None
Genevieve | None
Nicole | None
Lynn | None
Kevin | None
Sheila | None
Megan | None
Bill | None
Lenita | None
Anthony | None
Asha | None
Bonnie | None
Candilyn | None
David | None
Greg | None
Arielle | None
Maria | None
Barry | None
Lauren | None
Sarah | None
Matt | None
Anshum | None
Dai | None
Kelsey | None
Adam | None
Rebecca | None
Damien | None
Jennifer | None
Julia | None
Eric | None
Anna | None
Mark | None
Alma | None
LUIS | None
Catalina | None
Berny | None
Beverly | None
Yamah | None
Stefanie | None
John | None
Courtney | None
Vagner | None
Juliana | None
Alexandra | None
Blair | None
Jennifer | None
Zulie | None
Paola | None
Desiree | None
Maddie | None
Ana | None
Nghia | None
Gabriel | None
Megan | None
Diana | None
Vanessa | None
Laura | None
Carl | None
Maria | None
Eliza | None
Flavien | None
Emily | None
Kevin | None
Tad | None
Kaitlyn | None
Alexis | None
Elyse | None
Eric | None
Karin | None
Richard | None
Sam | None
Matt | None
Srinivas | None
Jason | None
James | None
Hannah | None
Pam | None
SumanN | None
Satya | None
Srinivas | None
Eric | None
Thomas | None
Deb | None
victor | None
hannah | None
tom | None
R2 | None
Cindy | None
allison | None
amy | None
charlie | None
christina | None
dana | None
travis | None
eddie | None
drew | None
jadyn | None
jenn | None
jennifer | None
john | None
julie | None
jurgen | None
leland | None
rudy | None
shannon | None
eleanor | None
Shannon | None
Heather | None
Nathalie | None
Wayne | None
Kyla | None
Erin | None
Kara | None
Lauren | None
Travis | None
Sanghamitra | None
Pradeep | None
Trung | None
Elliott | None
Carajane | None
Katie | None
Noah | None
Bryce | None
Peter | None
Reggy | None
Camry | None
Ryan | None
Michael | None
Jared | None
Emilie | None
Jessica | None
Bryan | None
Olivia | None
Katy | None
Hannah | None
Gaurav | None
Lee | None
Holly | None
Sarah | None
Milo | None
Pavitra | None
Tess | None
Tom | None
Brook | None
Jessa | None
Colin | None
Nathaniel | None
Nish | None
Sheevani | None
Ben | None
James | None
Desmond | None
Christopher | None
Olivia | None
Gabe | None
Robbie | None
Robin | None
Ian | None
Nicholas | None
Dominic | None
Ryan | None
Olivia | None
Hattie | None
Stuart | None
David | None
Alisha | None
Benjamin | None
Ash | None
Arshee | None
Alex | None
Aly | None
Caitlin | None
Charlie | None
Devon | None
Gaurav | None
Han | None
Aly | None
Jessa | None
Jay | None
Kyla | None
Harry | None
Luke | None
Rob | None
Samuel | None
Stephen | None
Stephen | None
Zack | None
Abbi | None
Dominic | None
Vijay | None
Arwen | None
Valencia | None
Darius | None
Dulces | None
Alex | None
Camilo | None
Ivy | None
Chris | None
Dynette | None
Dulces | None
Doug | None
Melissa | None
Lydia | None
Julia | None
Anna | None
Jennifer | None
Natalie | None
Liz | None
Kyle | None
Sheila | None
Soren | None
Laura | None
Kyle | None
Jonelle | None
Maureen | None
Jackie | None
Cody | None
Pat | None
Talaina | None
Liz | None
Wendy | None
Adrian | None
Kyle | None
Lupita | None
Greg | None
Angela | None
Tori | None
Dynette | None
Rachel | None
Liz | None
Trevor | None
Dynette | None
Ginny | None
Sharon | None
Teresa | None
Dulces | None
Doug | None
Christina | None
Ashley | None
Ashley | None
Amber | None
Amber | None
Cathy | None
Alicia | None
Alicia | None
Alex | None
Adam | None
Adam | None
Jessica | None
Ileana | None
Kylee | None
Ileana | None
Jackie | None
Rachelle | None
Rachelle | None
Melissa | None
Liz | None
Liz | None
Kylee | None
Kyle | None
Kathryn | None
Kathryn | None
Jonelle | None
Jonathan | None
Jonathan | None
Jim | None
Jim | None
Jessica | None
Ivy | None
Melissa | None
Lindsay | None
Jane | None
Denise | None
Marcelina | None
Corey | None
Gabrielle | None
Stephanie | None
David | None
Kathryn | None
Raquel | None
Andrew | None
Andrew | None
Malachi | None
Tori | None
Nate | None
Margaret | None
Kate | None
Jody | None
Joshua | None
Shelley | None
Christina | None
Gage | None
Ayana | None
Mary | None
Daniel | None
Zach | None
Nuria | None
Gary | None
Lindell | None
Jenny | None
Robert | None
Nicholas | None
Reed | None
Megan | None
Michelle | None
Carol | None
Adrienne | None
Elizabeth | None
Nicolas | None
Chloe | None
Conor | None
Lydia | None
Ashley | None
Paige | None
Georgianna | None
Lainey | None
Bailee | None
Amanda | None
Zane | None
Justin | None
Lily | None
Alexis | None
Sarah | None
Lindsay | None
Megan | None
Kyle | None
Alyssa | None
Ryan | None
Sharon | None
Nicholas | None
Karl | None
Kyle | None
Jenna | None
Jillian | None
Elena | None
leah | None
dan | None
brennan | None
Eleonora | None
Carla | None
Cody | None
Evan | None
Lisa | None
Mike | None
Alexis | None
Taylor | None
Shannon | None
Maja | None
Mallory | None
Claire | None
Danielle | None
Jeeun | None
Elithia | None
Cathy | None
Oliver | None
Skylar | None
Jenna | None
Spencer | None
Hailey | None
Nancy | None
Neko | None
Shantrese | None
Samantha | None
Taylor | None
Kristy | None
Andrew | None
Joel | None
Lauren | None
Peiran | None
Carese | None
Joanne | None
Ayi | None
Tamara | None
Toyin | None
Merlijn | None
Giulia | None
Kenta | None
Margaux | None
Rocky | None
Raúl | None
Selim | None
Erwan | None
Patrick | None
Savannah | None
John | None
Camille | None
Guillem | None
Anton | None
aabia | None
Anne | None
Alexander | None
Ariel | None
Andrew | None
Amina | None
sultan | None
sneha | None
ronald | None
pyong | None
pat | None
michea | None
marija | None
laura | None
kashaf | None
james | None
hanine | None
ethan | None
ellie | None
coleen | None
chandni | None
brendan | None
Philipp | None
Urooj | None
Ilan | None
Eva | None
Elizabeth | None
Irene | None
Heena | None
Tillmann | None
Graham | None
Ronald | None
Isa | None
Julien | None
Joseph | None
Tom | None
Courtney | None
Laura | None
Ayano | None
Julie | None
Louise | None
Cory | None
Louisa | None
Robin | None
Sem | None
Anna | None
Peter | None
Ala | None
Caroline | None
Jessica | None
Emma | None
Iman | None
Benjamin | None
Hana | None
Matthew | None
Shane | None
Yannik | None
Avi | None
Emanuel | None
Arnaud | None
Ikram | None
Andrea | None
Frederique | None
Emily | None
Maria | None
Caroline | None
Sarah | None
Benjamin | None
Vanessa | None
Joey | None
Marlene | None
Sterre | None
Sarah | None
Arnaud | None
Adam | None
Brian | None
Belle | None
Joanna | None
Jack | None
Serge | None
Alvaro | None
Marija | None
Aditya | None
Philong | None
Hanine | None
Evan | None
James | None
Isa | None
Dennis | None
Chandni | None
Karamoko | None
Christian | None
Sam | None
Lauranne | None
Hanneke | None
Jiten | None
Pierre | None
Kim | None
Eric | None
Nicholas | None
Joris | None
Kirstyn | None
Joe | None
Doha | None
Stijn | None
Jacqueline | None
James | None
Laura | None
Sarah | None
Pyong | None
Alessandro | None
Sitsubin | None
Jaime | None
Lisa | None
Simon | None
Chinh | None
Farah | None
Henry | None
Lawrie | None
Mel | None
Smita | None
Marine | None
Sara | None
Frazer | None
Ethan | None
Zina | None
Coleen | None
Kathleen | None
Theo | None
Gabriella | None
Holly | None
Lewis | None
Mika | None
Ellie | None
Daan | None
Rachel | None
Pablo | None
Sumaya | None
Zach | None
Susan | None
Samah | None
Hiral | None
Masato | None
Leonidas | None
Dani | None
Anna | None
Celia | None
Sebastian | None
Vanessa | None
Luuk | None
Morgane | None
Sophie | None
Romy | None
Julia | None
Sebastiaan | None
Guillem | None
Eric | None
Dennis | None
Gini | None
Elisabeth | None
Reyo | None
Gayathri | None
John | None
Georgette | None
Joanne | None
Chris | None
Philip | None
Karminder | None
Naomi | None
Fatma | None
Ashley | None
Sarah | None
Maria | None
Arun | None
Lotte | None
Daantje | None
Kimberley | None
Teun | None
Sofia | None
Antonios | None
Kate | None
Rico | None
Jordan | None
Meivy | None
Tessa | None
Bisma | None
Bart | None
Pat | None
Lisa | None
Alexandra | None
James | None
Mareike | None
Laila | None
Tom | None
Swetlana | None
Sem | None
Andrew | None
Matthew | None
Kim | None
Chhavi | None
Inesh | None
Shelley | None
Marina | None
Daniel | None
Adrià | None
Marieke | None
Sadaf | None
Nikki | None
Avery | None
Eline | None
Stéphane | None
Luuk | None
Parker | None
Raman | None
Agustí | None
Fatima-Zahra | None
Adina | None
Robin | None
Ava | None
Lorenzo | None
Leonidas | None
Lindsay | None
Maria | None
Morgane | None
Mel | None
Mel | None
Matthew | None
Marine | None
Nathan | None
Naomi | None
Narjiss | None
Olivier | None
Pierre | None
Robin | None
Rocky | None
Raymond | None
Richard | None
Yaoyao | None
Tamara | None
Thomas | None
Theo | None
Tom | None
Tahmid | None
Laura | None
Shane | None
Sahwa | None
Susan | None
Shelley | None
Simon | None
Sumaya | None
Stéphane | None
Salvatore | None
Kimberley | None
Katharina | None
Joris | None
Dennis | None
Dan | None
Doha | None
Dennis | None
Dyon | None
Celia | None
Diane | None
Craig | None
Claudia | None
Clay | None
Coen | None
Corinne | None
Brandon | None
Yetta | None
Cyrielle | None
Youmna | None
Daan | None
Ege | None
Jiten | None
Jonathan | None
Jack | None
Julie | None
Joe | None
Ilan | None
Emily | None
Hélène | None
George | None
Georgia | None
Gabriella | None
Frazer | None
Famke | None
Eva | None
Halaina | None
Gabriella | None
Hailey | None
Jacqueline | None
Kyle | None
Nick | None
Tooba | None
Dayne | None
James | None
Ellis | None
Peter | None
Josh | None
Raman | None
Anna | None
Sam | None
Inesh | None
Matthew | None
Nick | None
Nicholas | None
Christian | None
Dan | None
Paula | None
Brendan | None
Henry | None
Makbule | None
Blaise | None
Jack | None
Laura | None
Lauren | None
Halaina | None
Petsi | None
Dalal | None
Judith | None
Maria | None
Salvatore | None
Marc | None
Mahi | None
James | None
Omna | None
Alyssa | None
Hajar | None
Farah | None
Eugene | None
Emily | None
Elliot | None
Dominique | None
Halaina | None
Diana | None
Catherine | None
BARBARA | None
ANNA | None
Cory | None
Amir | None
Ambre | None
Daala | None
Holly | None
Danny | None
Olivia | None
Jess | None
Brandon | None
Joel | None
Sean | None
Louisa | None
Mairam | None
Marc | None
Matthew | None
Wesley | None
Tiaryn | None
Ireno | None
Phil | None
Sanae | None
Stefan | None
Sam | None
Theresa | None
Michael | None
Leon | None
Joshua | None
Corey | None
Rebecca | None
Christopher | None
Taylor | None
Andrew | None
Sam | None
Madison | None
Dominique | None
Thomas | None
Joshua | None
Jyoti | None
Rachel | None
Holly | None
Amy | None
Robert | None
Sadie | None
Alexandra | None
Thanpisit | None
Mark | None
Greg | None
Megan | None
Simon | None
Kristen | None
Kelsey | None
Robert | None
Megan | None
Michael | None
Michael | None
Naomi | None
Peter | None
Caitlin | None
Preston | None
Jonathon | None
Danielle | None
Emma | None
Olivia | None
Flora | None
Nathan | None
Laura | None
Ben | None
Sean | None
Flora | None
Bridget | None
Alex | None
Rachel | None
Alexis | None
Ben | None
Amber | None
Kroekchai | None
Liz | None
Kori | None
Marc | None
Calum | None
Lisley | None
Chase | None
Naomi | None
Sarah | None
Gillian | None
Hayley | None
Tim | None
Kailey | None
Shane | None
Chris | None
Amber | None
James | None
Katherine | None
Matthew | None
Susannah | None
Ross | None
Haley | None
Leah | None
Andy | None
Bailey | None
Divna | None
Warren | None
Ryan | None
Amy | None
Summer | None
Jordan | None
Sydney | None
Afroze | None
Alicia | None
Michelle | None
Diana | None
Yasmin | None
Judy | None
Oliver | None
Jamie | None
Ross | None
Calum | None
Sydney | None
Yasmin | None
Kori | None
Amber | None
Rachel | None
Michelle | None
Ross | None
Jordan | None
Erika | None
Raad | None
Liz | None
Julia | None
Sophie | None
Amelia | None
Aaron | None
Fabienne | None
Ryan | None
Beth | None
Divna | None
Bailey | None
Fiona | None
Hunter | None
Ivan | None
James | None
James | None
Jenna | None
John | None
Joshua | None
Kimia | None
Andy | None
Amy | None
Haley | None
Katherine | None
Lisley | None
Ryan | None
Sarah | None
Warren | None
Ben | None
Alicia | None
Joseph | None
Oliver | None
Taylor | None
Kroekchai | None
Maham | None
Marc | None
Naika | None
Natasha | None
Peter | None
Peter | None
Tim | None
Katherine | None
Amy | None
Ben | None
Beth | None
Cameron | None
Chris | None
Dan | None
Dan | None
Diana | None
Hunter | None
April | None
Clare | None
Karen | None
Gillian | None
Stephanie | None
Gareth | None
Oliver | None
Faheema | None
Afroze | None
Leah | None
Liz | None
Lucia | None
Hayley | None
Alexis | None
Diana | None
Marina | None
Naika | None
Naomi | None
Oliver | None
Alicia | None
Amy | None
Bridget | None
Chase | None
Chris | None
Oliver | None
Albert | None
Scott | None
Rebecca | None
Mya | None
Royce | None
Andrei | None
Dmitrii | None
Tania | None
Kevin | None
Brett | None
Zack | None
Chris | None
Edward | None
Carlie | None
Ricky | None
Emma | None
Andrew | None
Chloe | None
Jason | None
Stuart | None
Nuel | None
Zack | None
Ben | None
Sam | None
Rachel | None
Taylor | None
Luke | None
Charlotte | None
Ackash | None
Ivana | None
Carlie | None
Stuart | None
Jack | None
Timi | None
Aleena | None
James | None
Taylor | None
Shanice | None
Laura | None
Nuel | None
Nuel | None
Emilija | None
georgina | None
Rachel | None
Chloe | None
Luke | None
Sarah | None
James | None
debra | None
david | None
andrew | None
aleena | None
ackash | None
Elliott | None
edward | None
Lorena | None
Ricky | None
Mark | None
Lillie | None
Jack | None
David | None
Ben | None
Zack | None
emilija | None
Eve | None
fabio | None
emma | None
Fabio | None
Chris | None
Chris | None
Charlotte | None
Ben | None
georgina | None
timi | None
shanice | None
laura | None
jason | None
jack | None
ivana | None
Alex | None
Ted | None
Brandon | None
Shawn | None
Heather | None
John | None
Corey | None
J | None
Christopher | None
Turner | None
Smith | None
Jessica | None
Angel | None
Suzanne | None
Dana | None
Sherry | None
Sean | None
Shane | None
Austin | None
Jamie | None
Mary | None
Tara | None
Chris | None
Andrew | None
Sam | None
Akeel | None
Gino | None
Matt | None
John | None
Gwenn | None
Lauren | None
Ray | None
Brooke | None
Robert | None
Trung | None
Darlyn | None
Ryan | None
Zoe | None
Shannon | None
Enrique | None
Bren | None
Zoe | None
Jamie | None
neelam | None
Shivani | None
Harsh | None
Kuldeep | None
Puneet | None
Peter | None
Satyam | None
Indrajith | None
Samrat | None
Satish | None
Akash | None
Rea | None
Akash | None
Felicia | None
Amit | None
Ray | None
Vincent | None
Ruth | None
Keith | None
Nicole | None
Tommy | None
Therese | None
Curtis | None
lindsey | None
klaudia | None
matt | None
khalid | None
jonny | None
teny | None
daniel | None
sarah | None
sarah | None
russell | None
robert | None
nicola | None
minnie | None
scott | None
helen | None
megan | None
aimee | None
glen | None
archana | None
anthony | None
bhavik | None
bhavika | None
Stephanie | None
damian | None
michael | None
dean | None
Richard | None
carlton | None
ali | None
tim | None
Samantha | None
chris | None
Suzette | None
Hashiru | None
Sherrianne | None
Olu | None
Charity | None
Olayinka | None
Halima | None
Tayo | None
Anu | None
David | None
Crystal | None
Michael | None
Sana | None
Megan | None
Josh | None
Luis | None
Manare | None
Kayla | None
Anthony | None
David | None
Harrison | None
Terry | None
Liz | None
John | None
James | None
Chandler | None
Jim | None
Carolyn | None
Angel | None
Becca | None
Colleen | None
Caryn | None
Brittney | None
Devin | None
Terri | None
Tyler | None
Liz | None
Philip | None
Alyssa | None
Jason | None
Mike | None
Pamela | None
Lakshmi | None
Jamila | None
April | None
Sandeep | None
James | None
John | None
Chris | None
Andrew | None
Erica | None
Aman | None
Joshua | None
Veronica | None
Polly | None
Keaira | None
Tami | None
James | None
Gaurav | None
Sarah | None
Alexys | None
Jyotsna | None
Sayantee | None
Lawrence | None
Vaishnavi | None
Amen | None
Andrea | None
Spencer | None
Noah | None
Chavon | None
Jessica | None
Mamta | None
Jay | None
Lauren | None
Grace | None
Stephanie | None
Ben | None
Marlene | None
Erica | None
Adrien | None
Paul | None
Lauren | None
Kelly | None
Rebecca | None
Namrata | None
Suzanne | None
Pournamy | None
Mirlande | None
Jamie | None
Angie | None
Heather | None
Larkin | None
Mike | None
Victoria | None
Scott | None
Lawrence | None
Victoria | None
Michelle | None
Nikole | None
Michelle | None
Larry | None
Jessica | None
Adriana | None
Kerry | None
Blake | None
Amy | None
Jen | None
Troy | None
Katie | None
Indya | None
Scott | None
Kristen | None
Kristin | None
Lissa | None
Shannon | None
Shawn | None
Josh | None
Daniel | None
Vertika | None
Deepika | None
Shweta | None
Anusha | None
Sam | None
Vanessa | None
Dan | None
Alysia | None
Ruth | None
Megan | None
You-Lan | None
Michael | None
Jason | None
Sandy | None
T | None
Landon | None
Lartrecia | None
Bethany | None
Kasey | None
Kara | None
valarie | None
simone | None
richard | None
Drew | None
Patrick | None
rhonda | None
Pamela | None
Alyssa | None
Lisa | None
Charitha | None
Ken | None
Tami | None
Ashley | None
Yevgeniya | None
Debbie | None
Tracey | None
Lisa | None
Lisa | None
Jason | None
Ashok | None
Heloise | None
amber | None
angela | None
brianna | None
jenny | None
lacy | None
lisa | None
mckenna | None
monique | None
nicholas | None
nina | None
oge | None
Callie | None
Kasey | None
Melanie | None
Stephen | None
Patrick | None
David | None
Joseph | None
Steven | None
Merredith | None
Amy | None
Khue | None
Mindy | None
Toyka | None
Lauren | None
Neha | None
Treasure | None
Yolanda | None
Brandon | None
Jeff | None
Andrea | None
Ruby | None
Sidharth | None
Alex | None
Jessica | None
Joseph | None
Toyka | None
Amy | None
Alecia | None
Mauricio | None
Drew | None
David | None
Luke | None
Rachel | None
Marc | None
Pamela | None
Amy | None
Allison | None
Francisco | None
Zachary | None
Sherry | None
Lindsay | None
Asia | None
David | None
Punam | None
Pamela | None
Laura | None
Sarah | None
Konrad | None
Raul | None
Jody | None
Mauricio | None
Merredith | None
Khue | None
Patrick | None
Angela | None
Patrick | None
Nikki | None
Ashley | None
Brittany | None
Michelle | None
Anil | None
Eddie | None
MARIE | None
Laara | None
Jennifer | None
Michael | None
Nick | None
Elena | None
Analeigha | None
Jonathan | None
Christina | None
Scott | None
Jennifer | None
Tracey | None
Amber | None
Brigitte | None
Steven | None
Nikki | None
Eric | None
Jessica | None
Joseph | None
Martha | None
Matthew | None
Meghan | None
Mikaylin | None
Scott | None
Rhys | None
Robert | None
Ryan | None
Mario | None
Pradyumna | None
Marc | None
Julia | None
Luke | None
Farrah | None
Lucas | None
Lexi | None
Lexi | None
Lauryn | None
Kellen | None
Kaleigh | None
Serena | None
Josh | None
Marc | None
Serena | None
Franklin | None
Shannon | None
Tempestt | None
Casey | None
Jacqueline | None
Samantha | None
Christopher | None
Kelly | None
Julie | None
Patrick | None
Nichole | None
Chiara | None
Odunayo | None
Maria | None
Jordan | None
Emma | None
Alexander | None
Angelito | None
Atley | None
Alex | None
Zachary | None
Skylar | None
Shelby | None
Seth | None
Jon | None
Cindy | None
Janae | None
Emily | None
Alicia | None
Zachary | None
Max | None
Odunayo | None
Calli | None
Jimmy | None
Jordan | None
Alexandra | None
Martha | None
Kara | None
Mary | None
Bri | None
Moe | None
Scott | None
Marc | None
Ryan | None
Michael | None
Miles | None
Karl | None
Paul | None
Walter | None
Filomena | None
Addison | None
Jimmy | None
Kimberly | None
Miles | None
Isaac | None
Grace | None
Elizabeth | None
Elisa | None
Elisa | None
Dillon | None
Delfina | None
Connor | None
Colby | None
Chris | None
Britt | None
Briana | None
Brandan | None
Braedy | None
Barbara | None
Allison | None
Alexandra | None
Jakob | None
Allison | None
Alexandra | None
Thomas | None
Chris | None
Liz | None
Chris | None
Meghan | None
Christine | None
Katie | None
Rose | None
Rosana | None
Rogerio | None
Rodrigo | None
Robert | None
Renato | None
Sabrina | None
Reggie | None
Paul | None
Paul | None
Pablo | None
Nicole | None
Nick | None
Naya | None
Ralph | None
Natura | None
Sara | None
Sean | None
Patricia | None
Trey | None
Thomas | None
Thomas | None
Terry | None
Terri | None
Scott | None
Terrence | None
Steven | None
Stephanie | None
Sherry | None
Sharon | None
Shaquee | None
Selena | None
Susan | None
Nathália | None
Natalie | None
Natalia | None
LaToya | None
LaTonya | None
Larissa | None
lamar | None
Kyna | None
Kristine | None
Lauren | None
Kristel | None
Kimberly | None
Kevin | None
Kevin | None
Kelsey | None
Kelly | None
Katie | None
Kristel | None
Lawrence | None
Leigh | None
Lester | None
Miranda | None
Miki | None
Mike | None
Mike | None
Michael | None
Michael | None
Mary | None
Mary | None
Marlon | None
Marisol | None
Marie | None
Maria | None
Lucile | None
Lila | None
Lijo | None
Tricia | None
Kathy | None
Von | None
Hannah | None
Kristen | None
Erin | None
Mary | None
Zachary | None
Joe | None
Victoria | None
Tanya | None
Tracy | None
Sharon | None
Ross | None
Robin | None
Rich | None
Patrick | None
Mike | None
Tammy | None
Maya | None
Colton | None
Gretchen | None
Wryan | None
Megan | None
Jordan | None
Milana | None
Doug | None
Sarina | None
Bonnie | None
Milton | None
Stewart | None
David | None
Jessica | None
Leslie | None
Paul | None
Anthony | None
Priya | None
Maureen | None
Louis | None
Lisa | None
Calee | None
Brian | None
Betie | None
Azim | None
Austin | None
Anthony | None
Chase | None
Annette | None
Tessa | None
Seth | None
Patrick | None
Rita | None
Lindsey | None
Kate | None
Zachary | None
Christeen | None
Courtney | None
Cristina | None
Lauren | None
Kylie | None
Kyle | None
Kiley | None
Joseph | None
Jennifer | None
Jean | None
Jacob | None
Grant | None
Georgia | None
Fay | None
Eric | None
Elyssa | None
Donald | None
Derrick | None
William | None
Katheleen | None
Kat | None
Jyothi | None
Hassan | None
Nina | None
Jessica | None
Gabe | None
Dallas | None
Kristen | None
Sara | None
Courtney | None
Jennifer | None
Stacey | None
Jazmine | None
Terri | None
Sherry | None
John | None
Matthew | None
Stephanie | None
Miles | None
Michael | None
Annie | None
Andrew | None
Andrew | None
Andrea | None
Ana | None
Amélie | None
Sarah | None
Amelia | None
Jason | None
Taylor | None
Kyle | None
Brittany | None
Jessica | None
Jayson | None
Adalberto | None
Alex | None
Bryan | None
Aaron | None
Assilya | None
Michael | None
Evan | None
Shay | None
Sara | None
Sharon | None
Laquiesha | None
Chapman | None
Dan | None
Matthew | None
Justin | None
Jenna | None
Claire | None
Nika | None
Neel | None
Candela | None
Abigale | None
Gary | None
Virginia | None
Will | None
Patricia | None
Andre | None
Mindy | None
Nicole | None
Eric | None
Mikaylin | None
Bonnie | None
Jeevan | None
John | None
Megan | None
Charlotte | None
Lizzy | None
Alex | None
Antonio | None
Austin | None
Banu | None
Beatrice | None
Jan | None
Jan | None
James | None
Inna | None
Heather | None
Hamid | None
Jaqueline | None
Guizany | None
Gregory | None
Greg | None
Geraldinne | None
Gema | None
Freya | None
Francois | None
Griff | None
Jason | None
Jaylene | None
Jazmine | None
Julie | None
Joy | None
Joseph | None
Joni | None
Jonathan | None
Jojo | None
John | None
John | None
Joe | None
Jimena | None
Jim | None
Jennifer | None
Jennifer | None
Jennifer | None
Jenna | None
Francesca | None
Pratima | None
Fernanda | None
Fabiana | None
Cheryl | None
Cheri | None
Chelsey | None
Carson | None
Carlos | None
Carlos | None
Susan | None
Carlos | None
Caitlyn | None
Bryce | None
Bryan | None
Bryan | None
Bruce | None
Britany | None
Candie | None
Christopher | None
Chuck | None
Clayton | None
Fabia | None
Elen | None
Donald | None
Devrath | None
Denise | None
Débora | None
Debbie | None
Deana | None
Dante | None
Daniel | None
Dang | None
Dan | None
Dan | None
Cristina | None
Cristiani | None
Fernanda | None
Gigi | None
Lucas | None
Lisa | None
Karen | None
Gregory | None
Ron | None
Pam | None
Jim | None
Wolfgang | None
Nathaly | None
Matthew | None
Tom | None
Melanie | None
Veronica | None
Christina | None
Andy | None
Sophie | None
Farrah | None
Michael | None
Andrea | None
Sima | None
Page | None
William | None
Anthony | None
Ashleigh | None
Adam | None
Chloe | None
Satyra | None
Rebecca | None
Sara | None
Vincent | None
David | None
Marleigh | None
Erica | None
Michael | None
Tamara | None
Jennifer | None
James | None
Shawn | None
Anne | None
Kim | None
Cristina | None
Elena | None
Maria | None
Brooke | None
Pam | None
Matthew | None
Leah | None
Brian | None
Joseph | None
Maureen | None
Scott | None
Anne | None
Tony | None
Kala | None
Berkley | None
Eric | None
Kate | None
Gordon | None
Justin | None
Chris | None
Brooke | None
Ashlee | None
Paige | None
Melissa | None
Antoine | None
Rupinder | None
Shalmali | None
Talesha | None
Virginia | None
Curtis | None
Lorna | None
Abhishek | None
Jerred | None
Tisha | None
Ashley | None
Jenn | None
Barry | None
Elle | None
Benjamin | None
Christa | None
Sara | None
Gregory | None
Diane | None
Dominic | None
Rachel | None
Ashley | None
Andrea | None
Mariana | None
Stephanie | None
Alena | None
Gustavo | None
Kevin | None
Loren | None
Tracey | None
Jillian | None
Sarah | None
Supriya | None
Michele | None
Rich | None
Denae | None
Jasmine | None
Stewart | None
Mike | None
Marina | None
Thomas | None
Lue | None
Annie | None
Stephanie | None
Loryn | None
Sheila | None
Nicole | None
Tom | None
Max | None
Roger | None
Jason | None
Noah | None
ChenXia | None
Riley | None
Ralph | None
Tanya | None
Alexander | None
Sarah | None
Latrell | None
Ava | None
Harold | None
Ava | None
Jaime | None
Rita | None
Shay | None
Tannor | None
Kayla | None
Dinesh | None
Melissa | None
Lindsay | None
Roxy | None
Marshall | None
Vickie | None
Sean | None
Sara | None
Stacy | None
Melissa | None
Adam | None
Puneet | None
Jennifer | None
Brianna | None
Suzanne | None
Sara | None
Lisa | None
Hiral | None
Conor | None
Anjali | None
Michelle | None
Rhonda | None
Jerry | None
Leila | None
Jane | None
Adam | None
Cathleen | None
Kat | None
Tricia | None
Phillip | None
Dave | None
Harold | None
Oren | None
Cassandra | None
Aabi | None
Tonita | None
Maureen | None
Emanuel | None
Kathryn | None
Raine | None
Chris | None
Jon | None
Yiping | None
Michelle | None
Rina | None
Cindy | None
Bill | None
Nash | None
Angelito | None
Rebecca | None
Erica | None
Leepika | None
Michael | None
Sarah | None
Connor | None
Lisa | None
Erinn | None
Louis | None
Sarah | None
Heidi | None
Stacey | None
Shelby | None
Ethan | None
Carolyn | None
Jim | None
Brett | None
Elliott | None
Delfina | None
Elisa | None
Klara | None
John | None
Peter | None
Sergio | None
Richard | None
Ryann | None
Jason | None
Becky | None
Alyse | None
Fawn | None
Brian | None
Alex | None
Ellen | None
Erin | None
Breylin | None
Camden | None
Susan | None
Mike | None
Jennifer | None
Laura | None
Jenny | None
Kelly | None
George | None
Mariya | None
Devin | None
Kelly | None
Nick | None
Wendy | None
Linda | None
Laura | None
Jill | None
Ana | None
Brian | None
Dan | None
Seth | None
Natalie | None
Tammy | None
Elizabeth | None
Joy | None
Tammy | None
Jamie | None
Laura | None
Kimberley | None
Andrea | None
Sam | None
Jeff | None
Maggie | None
Shannon | None
Kathryn | None
Carolyn | None
Maddie | None
Geremy | None
Aram | None
Katie | None
Andreia | None
Sarah | None
Ashley | None
Sandy | None
Diane | None
Ricardo | None
Nathalie | None
Sherese | None
Maribel | None
Jennifer | None
Daniel | None
Rob | None
Stephanie | None
Chris | None
Flora | None
Monique | None
Jack | None
Armi | None
Kelly | None
Brooke | None
Dawn | None
Lisa | None
Debby | None
Colleen | None
Tom | None
Robyn | None
Serena | None
Bryon | None
Julia | None
Samantha | None
Leigh | None
Lisa | None
Doreen | None
Mary | None
Cameron | None
Amy | None
Jonathan | None
Olivia | None
Brittney | None
Yahel | None
Deborah | None
Kelli | None
Mike | None
Jennifer | None
Doug | None
Tiffany | None
Andrea | None
Kurtez | None
Sara | None
Nevada | None
Jesse | None
Roger | None
Rebecca | None
Karli | None
Rinku | None
Betsy | None
Denise | None
Nichelle | None
Paul | None
Paul | None
Jennifer | None
Tyler | None
Angela | None
Jenn | None
Dave | None
Allison | None
Julie | None
Ashley | None
Jennifer | None
Leann | None
Kyle | None
Michelle | None
Jay | None
Josh | None
Wendy | None
Ashley | None
Allen | None
LaShea | None
Kristi | None
Emilee | None
Michelle | None
Michelle | None
Kimbre | None
Kristine | None
John | None
Christopher | None
Kulu | None
Derek | None
Sarah | None
Brian | None
Kristin | None
Gabrielle | None
Monique | None
Paula | None
Sherica | None
Patrick | None
Tamara | None
Dusty | None
Amanda | None
Trey | None
Kayla | None
Julia | None
Tierra | None
Lilly | None
Sara | None
Jason | None
Jason | None
Jacqueline | None
Melinda | None
Vanessa | None
Monica | None
Chelsea | None
Eddie | None
Wayne | None
Autumn | None
Kim | None
Kennedy | None
Jennifer | None
Will | None
Katie | None
Xaymara | None
David | None
Liz | None
Hilary | None
Melissa | None
Jonathan | None
Jason | None
Lina | None
Ushma | None
Mary | None
MK | None
Brandy | None
Adriane | None
John | None
Zachary | None
Nerma | None
Grady | None
Georgia | None
Lateef | None
Shubham | None
Amy | None
Allison | None
Lindsay | None
Jeff | None
Arelis | None
Adrianne | None
Vincent | None
Ebonee | None
Erin | None
Connor | None
Josh | None
Isaac | None
Shonda | None
Nick | None
Jessalyn | None
Tiana | None
Daniel | None
Anna | None
Anna | None
LeeAnn | None
Tiffany | None
Meagan | None
Corey | None
Deon | None
Kelli | None
Keadra | None
Chasity | None
Audra | None
Vikki | None
Kelly | None
Elisa | None
Andrea | None
Laura | None
Charnay | None
Jenni | None
Josh | None
Amy | None
Kim | None
Marci | None
Kateryna | None
Robyn | None
Michelle | None
Emily | None
Julio | None
Kyla | None
Hugh | None
Chaz | None
Alexander | None
Wilson | None
Taylor | None
Skylar | None
Rachel | None
Nick | None
Marni | None
Kristin | None
Heidi | None
Gisele | None
Frankie | None
Erin | None
Duane | None
Crystal | None
Cristela | None
Christine | None
Charles | None
Brittani | None
Brett | None
Andrea | None
Dirk | None
Nadia | None
Alex | None
Laurel | None
Julie | None
Joe | None
Madeline | None
Bob | None
Tonya | None
Nicole | None
Kendall | None
Emory | None
Kathryne | None
Christine | None
Andrew | None
Luke | None
Kelly | None
Jennifer | None
Amrita | None
Mia | None
Emma | None
Tfani | None
Melissa | None
Kevin | None
Justine | None
Alyson | None
Laura | None
Colleen | None
Stacey | None
Biddle | None
Jeffery | None
Krista | None
Suruchi | None
Matt | None
Jimmy | None
Alexandra | None
Jason | None
Leigh | None
Carrie | None
Abigail | None
Brooke | None
Keith | None
Jackie | None
Nikolas | None
John | None
Brent | None
Brandon | None
Jenni | None
Melissa | None
Barrett | None
Shayna | None
Blair | None
Kaitlyn | None
Dominic | None
Beth | None
Michael | None
Jeff | None
Austin | None
Erica | None
Tiffany | None
Juana | None
Tara | None
Marcie | None
Samantha | None
Shawn | None
Cindy | None
Lindsey | None
Ben | None
Jane | None
Patricia | None
Megan | None
Toni | None
Kunal | None
Lauren | None
Halley | None
Laura | None
Diane | None
Tessa | None
Kevin | None
Jennifer | None
Tracey | None
Belinda | None
Brittany | None
Amanda | None
Maria | None
Jessica | None
Eliana | None
Courtnie | None
Lisa | None
Angela | None
Val | None
Astrid | None
Paul | None
Carol | None
Britt | None
Clair | None
Anthony | None
Nancy | None
Bradley | None
Vikki | None
Alison | None
Brandon | None
Grant | None
Dave | None
John | None
Judith | None
Symantha | None
Fred | None
Jeff | None
Rebecca | None
Kenndra | None
Callie | None
John | None
Rene | None
Joy | None
Erica | None
Richard | None
Cristina | None
Ally | None
Mariana | None
Sarika | None
Heidi | None
Erica | None
Steven | None
Nicole | None
Christopher | None
Kelly | None
Priya | None
Elizabeth | None
Julio | None
Maegen | None
Staci | None
Brian | None
Lauryn | None
Sasha | None
Nicholas | None
Bethany | None
Tessa | None
Lindsay | None
Michele | None
Brandy | None
Noel | None
Charu | None
George | None
Jim | None
Lori | None
Erin | None
James | None
Miranda | None
Amy | None
Wally | None
Monica | None
Jackie | None
Maddie | None
Nicholas | None
Christine | None
Sarah | None
Kristen | None
Kacie | None
Christopher | None
Jenna | None
Alanna | None
Allison | None
Donna | None
Laura | None
Christopher | None
Francine | None
Timothy | None
Kaitty | None
Pattie | None
William | None
Devynn | None
Megan | None
Dawn | None
Cate | None
Michael | None
Katherine | None
Irina | None
Thomas | None
Emefa | None
Ryan | None
Katie | None
Nancy | None
John | None
Shanna | None
Morgan | None
Brittany | None
Jon | None
Dennise | None
Paul | None
Yanira | None
Jan | None
Caroline | None
Latoya | None
Maria | None
Rachel | None
Lindsay | None
Alexandra | None
Brenda | None
John | None
Christel | None
Claudia | None
Darci | None
Mark | None
Chase | None
Kayla | None
Lauren | None
Maggie | None
Angela | None
Shannon | None
Tammy | None
Lisa | None
Gisele | None
Robin | None
Sara | None
Megan | None
Eileen | None
Alicia | None
Lizbeth | None
Joy | None
Travis | None
Jenna | None
Ramona | None
Karena | None
Andrea | None
Melissa | None
Jay | None
Shruthi | None
Aleshia | None
Juana | None
David | None
Melisa | None
Jonahdine | None
Cesar | None
Clair | None
Samantha | None
Sara | None
Mike | None
Johanna | None
Coral | None
Byron | None
Heidi | None
John | None
Madison | None
Jessica | None
Josh | None
Hanna | None
Nicole | None
Liz | None
Bryan | None
Veronica | None
Jen | None
Laurie | None
Kelly | None
Jennifer | None
Julie | None
Shari | None
Julia | None
Wendy | None
Caroline | None
Christina | None
James | None
Crystal | None
Lauren | None
Melissa | None
Michelle | None
Chip | None
Megan | None
Shelby | None
Annie | None
Andrea | None
Ashley | None
Wendy | None
Liesl | None
Anna | None
Lisa | None
Laura | None
Annie | None
Emily | None
Lisa | None
Michelle | None
Kristin | None
Mitch | None
Stephanie | None
Michelle | None
John | None
Mariano | None
Anastasia | None
Stephanie | None
Heather | None
Brennan | None
Heather | None
Charles | None
Tiffany | None
Brittney | None
Molly | None
Nicole | None
Scott | None
John | None
Brett | None
David | None
Caroline | None
Sydney | None
Ashley | None
Crystal | None
Kelly | None
Scott | None
Alexandra | None
Lisa | None
Stacie | None
Maren | None
Alex | None
Eric | None
Taylor | None
Matt | None
Dan | None
Erin | None
Julie | None
Christina | None
Allison | None
Jennifer | None
Becky | None
Kelly | None
Rahul | None
Tammy | None
Alex | None
Crystal | None
Jeff | None
Stephen | None
Laura | None
Ritchelle | None
Rebecca | None
Philip | None
Zach | None
Jenni | None
Valerie | None
Ian | None
Kelly | None
wenli | None
Wendy | None
Teri | None
Michael | None
John | None
Katie | None
Lev | None
Heather | None
Keith | None
Kristy | None
Anam | None
Claire | None
Anthony | None
Marc | None
Paul | None
Ray | None
Holly | None
Jamie | None
Jim | None
Rick | None
Cayla | None
Robert | None
Linda | None
Daniel | None
Douglas | None
David | None
Amber | None
Emily | None
Todd | None
Robert | None
Erin | None
McKenzi | None
Vanessa | None
Martina | None
Debra | None
Limpa | None
John | None
Ben | None
John | None
Amanda | None
Mahmoud | None
Liz | None
Lisa | None
Lydia | None
Santiago | None
Gigi | None
Eric | None
Chris | None
Paige | None
Jesus | None
Wouba | None
Michelle | None
Mary | None
Andrea | None
Rodolphe | None
Carol | None
Christensen | None
Kim | None
Hart | None
Sandra | None
Karen | None
William | None
Dan | None
Utkarsh | None
Lernik | None
John | None
Eric | None
David | None
Danica | None
Josh | None
Dana | None
Joseph | None
Paul | None
Sam | None
Pooja | None
Matt | None
Paul | None
Seshu | None
Kenny | None
Nivedita | None
John | None
Ben | None
Evan | None
Lana | None
Kevin | None
Vaishali | None
Paul | None
Turner | None
Dalton | None
Stephen | None
Hardik | None
Vvidya | None
Greg | None
Paul | None
Ashar | None
Terae | None
Kristin | None
Alex | None
Jessica | None
Donte | None
Steven | None
Chelsea | None
Jacqueline | None
Riley | None
Branch | None
Ariel | None
Cole | None
Robert | None
Ruby | None
Micah | None
Sarah | None
Samaria | None
Kollin | None
Kathryn | None
Abby | None
Walt | None
Ben | None
Abigail | None
Jasmine | None
Heather | None
Taylor | None
Alexa | None
Carley | None
Colton | None
Blake | None
Tori | None
Keely | None
Caroline | None
Demitrius | None
Mark | None
Jillian | None
Maggie | None
Hailey | None
Mackenzie | None
Brooke | None
Elizabeth | None
Connor | None
Sonia | None
Will | None
Tyler | None
Chase | None
Grace | None
Cole | None
Colton | None
Emily | None
Emily | None
Emily | None
Erica | None
Haley | None
Hannah | None
Hayden | None
Hunter | None
Ibrahim | None
Ibrahim | None
Jacqueline | None
John | None
Joshua | None
Katie | None
Kiara | None
Kirstyn | None
Lauren | None
Alexzandria | None
Lauren | None
Celeste | None
Cassidy | None
Tracey | None
Vincent | None
Zakneka | None
Bryce | None
Kaitlin | None
Mark | None
Paul | None
Riley | None
Theodore | None
Terae | None
Abby | None
Alexandra | None
Ali | None
Allie | None
Annaleigh | None
Avery | None
Briana | None
Caleb | None
Catherine | None
Lily | None
Mackenzie | None
MacKenzie | None
Jenna | None
Julie | None
Jackie | None
Katherine | None
Katherine | None
Paula | None
Paige | None
Ryan | None
Shanice | None
Sara | None
Vanessa | None
Vivian | None
Kori | None
Natalie | None
Josh | None
LeeAnn | None
Leo | None
Sophia | None
Kara | None
Emilia | None
Ellen | None
Donald | None
Brooke | None
Maddi | None
Morgan | None
Nate | None
Nick | None
Nicole | None
Nolan | None
Phil | None
Rachel | None
Ryley | None
Morgan | None
Sarah | None
Taylor | None
Taylor | None
Abby | None
Amanda | None
Anna | None
Amy | None
Abby | None
Ariel | None
Annet | None
Shingirai | None
Boomer | None
Brooke | None
Samantha | None
Fatima | None
Tori | None
Lexi | None
Wes | None
Rachel | None
Abby | None
Ebonee | None
Brendon | None
Katie | None
Vivian | None
Mackenzie | None
Nakia | None
Daniel | None
Brian | None
Jordan | None
Matt | None
Mary | None
Elena | None
Hoytt | None
Tanner | None
Madeline | None
Kimberley | None
Kelli | None
Perneir | None
Samantha | None
Nick | None
Kathryn | None
Ashley | None
Jack | None
Kevin | None
Terae | None
Natalie | None
Samantha | None
Will | None
Madison | None
Kenny | None
Kathryn | None
Hailey | None
Alexzandria | None
Will | None
Connor | None
Jillian | None
Taylor | None
Grace | None
Javier | None
Toks | None
Casey | None
Meredith | None
Sarah | None
Kelly | None
Beth | None
Brandon | None
Thriza | None
Ryan | None
Stephen | None
Jourdan | None
Bridgitt | None
Hannah | None
Sarah | None
Emily | None
Lauren | None
Jamie | None
Chekol | None
Matthew | None
Gracie | None
Paris | None
Shanice | None
Elizabeth | None
Keely | None
Natasha | None
Briana | None
Tori | None
Madi | None
Connor | None
Allison | None
Mackenzie | None
Sonia | None
Hailey | None
John | None
Alex | None
Grace | None
Blythe | None
Taylor | None
Cienna | None
Steven | None
Donte | None
Nikki | None
Payton | None
Maddie | None
Brian | None
Bella | None
Greta | None
Allison | None
Alexis | None
Shanice | None
Paris | None
Nikki | None
Shelby | None
Jourdan | None
Madi | None
Jessica | None
Jamie | None
Jordan | None
Leo | None
Grey | None
Knox | None
Kori | None
Maxwell | None
Kelsey | None
Sarah | None
Julie | None
Brandon | None
Sidney | None
Guillermo | None
Evan | None
Alexa | None
Sonia | None
Branch | None
Josh | None
Gabrielle | None
Lexi | None
Brandon | None
Megan | None
Amanda | None
Natalie | None
Allison | None
Jamie | None
Jacqueline | None
Walt | None
Hayden | None
Carley | None
Gavin | None
Christina | None
Sonia | None
Mark | None
Benjamin | None
Brian | None
John | None
Taylor | None
Kat | None
Spencer | None
Alex | None
Kendall | None
Connor | None
Griffin | None
Lauren | None
Casey | None
Katie | None
Alexa | None
Bridget | None
Catherine | None
Avery | None
Christine | None
Matthew | None
Kelsey | None
Sarah | None
Robin | None
Joan | None
Caroline | None
Sydney | None
May | None
Holley | None
Emily | None
Grace | None
Lauren | None
Greetings | None
Nathan | None
Kathryn | None
Crystal | None
Jessica | None
Bonnie | None
Zane | None
Ashley | None
Mary | None
Brandon | None
Allison | None
Scott | None
Fiona | None
Isabella | None
Lauren | None
Abby | None
Carley | None
Cienna | None
Emily | None
Emily | None
Foluwa | None
Julia | None
Cailyn | None
Jamie | None
Catherine | None
Reagan | None
Mallarie | None
Dilan | None
Ryan | None
Victoria | None
Terran | None
Payton | None
Noah | None
Hannah | None
Hadley | None
Sam | None
Kori | None
Emma | None
Isabella | None
Brooke | None
Sam | None
Amanda | None
Amanda | None
Anna | None
Kennedy | None
Kristi | None
Katie | None
Kyle | None
Kathryn | None
Logan | None
Lexi | None
Lexi | None
Avery | None
Michelle | None
Mary | None
Madison | None
Mallarie | None
Mia | None
Maria | None
Nelson | None
Parker | None
Robert | None
Rachel | None
Sophia | None
Sidney | None
Samaria | None
Samantha | None
Kwasi | None
Justin | None
Josh | None
Edward | None
Diane | None
Eric | None
Danielle | None
Donnie | None
Caroline | None
Curtis | None
Cara | None
Breanna | None
Carla | None
Amanda | None
Evan | None
Elise | None
Grace | None
Garrett | None
Grayson | None
Hannah | None
Hannah | None
Bridgitt | None
Jessica | None
Diana | None
Julie | None
Mike | None
Thomas | None
Wendy | None
Carlos | None
Yohanna | None
Blanca | None
Luis | None
Hannah | None
Hugo | None
Francisco | None
Rene | None
María | None
Daniel | None
Andrew | None
Luis | None
Malina | None
Carlos | None
Ana | None
Joshua | None
Francisco | None
Erick | None
Alexander | None
Joshua | None
Jesus | None
Anna | None
Joshua | None
Yann | None
Daniel | None
Blanca | None
Yohanna | None
Ruddy | None
Malina | None
Abraham | None
Hugo | None
Jesús | None
René | None
Francisco | None
Alexander | None
Sara | None
Ana | None
Jesus | None
Sarilyn | None
Melissa | None
Michael | None
Mike | None
Morgan | None
Nathan | None
Peter | None
Sarilyn | None
Spencer | None
Stevan | None
Susan | None
Tige | None
Todd | None
Trevor | None
Vanessa | None
Yamila | None
Matt | None
Mark | None
Michael | None
Karen | None
Britto | None
Alberto | None
Ashley | None
Chris | None
Laura | None
Dave | None
Desmond | None
Duane | None
Erin | None
Dave | None
Erin | None
Gene | None
Jaco | None
Jared | None
John | None
Jeffrey | None
Jessica | None
Kevin | None
Dan | None
Sammy | None
Jash | None
Kevin | None
Stella | None
Toni | None
Scott | None
Niki | None
Kayla | None
Joe | None
Paul | None
Jackie | None
Brynley | None
Makoto | None
James | None
Subash | None
Gaby | None
Kelly | None
Tejalaxmi | None
Tiffany | None
Brian | None
Fran | None
Leslie | None
Donald | None
Noel | None
Jack | None
Lauren | None
2 | None
5 | None
6 | None
7 | None
3 | None
Mike | None
Sarah | None
Lindsay | None
4 | None
Yaritza | None
Qimmy | None
Yaritza | None
Felix | None
Nebus | None
Heber | None
shayla | None
jennifer | None
Jennifer | None
kristi | None
michela | None
nathan | None
frank | None
Ellie | None
August | None
Kaleb | None
Laurie | None
Shayla | None
alex | None
kristin | None
Frank | None
Joel | None
Kristin | None
Cameron | None
Chelsea | None
Dave | None
Isaac | None
Samantha | None
Edward | None
Nick | None
Slater | None
Nate | None
Andrea | None
Kira | None
Edward | None
Hussein | None
Lindsay | None
Cara | None
Farlane | None
Holly | None
Liz | None
NyTasha | None
Ralo | None
Tera | None
Jennifer | None
Kisses | None
Vee | None
Danielle | None
Dave | None
Johna | None
Julien | None
Thomas | None
Farlane | None
Shannon | None
Dariela | None
Cassondra | None
Elissa | None
Shelby | None
Kevin | None
Ivy | None
Hunter | None
Wright | None
Sydney | None
Ryan | None
Rachel | None
Prince | None
Nathan | None
Misti | None
Porter | None
Jonathan | None
Jenna | None
Jasmin | None
Haylie | None
Elizabeth | None
Clay | None
Cara | None
Vee | None
Coralia | None
Ashley | None
Driton | None
Mackeever | None
Marcus | None
Juan | None
Driton | None
Johna | None
Amanda | None
Helen | None
Megan | None
Sarah | None
Richard | None
Ravisha | None
Peter | None
Patrick | None
Melissa | None
Manish | None
Madeline | None
Liz | None
Lilly | None
Kevin | None
Kesha | None
Kenneth | None
Kamil | None
Julia | None
Janhvi | None
James | None
Caryl | None
Chrissy | None
Julien | None
Jennifer | None
Anna | None
Ashley | None
Alex | None
Cassie | None
David | None
Devanshi | None
Erica | None
Flynn | None
Gokulesh | None
Haylie | None
Chrissy | None
Tevin | None
Kristen | None
Margot | None
Sydney | None
Michelle | None
Cara | None
Taryn | None
Brad | None
Christine | None
Robert | None
Andrea | None
Michael | None
Nicholas | None
Elizabeth | None
Alli | None
Lindsay | None
Tera | None
Michael | None
Terence | None
Samantha | None
Katie | None
Leo | None
Nytasha | None
Soo | None
Coralia | None
Jeff | None
Holly | None
Liz | None
Maria | None
Slater | None
Kristen | None
Misti | None
Cindy | None
Taylor | None
Nick | None
Nate | None
Kristen | None
Krista | None
Harold | None
Erica | None
Mike | None
Cara | None
Clair | None
Diane | None
Antonia | None
Candice | None
Enoch | None
Matthew | None
Rudi | None
Matt | None
Miguel | None
Nicholas | None
Joan | None
Jessica | None
Karen | None
Hayley | None
Kristin | None
Jim | None
Lewis | None
Kyle | None
Crystal | None
Anna | None
Tabitha | None
JP | None
Marney | None
Darien | None
Dave | None
Ricky | None
Sydney | None
Jennifer | None
Timothy | None
Alexa | None
Summer | None
Thomas | None
Morgan | None
Zackary | None
Cassidy | None
Connor | None
Ronnesha | None
Erika | None
Susanna | None
Janet | None
Elizabeth | None
Gillian | None
Jada | None
MacKenzie | None
Christian | None
Sam | None
Julie | None
Sean | None
Justin | None
TMarkovic | None
Susan | None
Valrise | None
Ben | None
Walid | None
Thomas | None
David | None
Vik | None
Valrise | None
Michael | None
Diann | None
Cari | None
Diann | None
Sameena | None
Walid | None
Walter | None
Felice | None
David | None
Susan | None
Bernichio | None
Patricia | None
Jin | None
Litai | None
Tonya | None
Karen | None
Lizett | None
Margaret | None
Mariana | None
Mariela | None
Mark | None
Marlena | None
Mary | None
Mary | None
Lisa | None
Megan | None
Adam | None
Aisha | None
Isadora | None
Gabrielle | None
Erin | None
Erica | None
Emily | None
Nia | None
Eric | None
KRISTINE | None
Kirsten | None
Khushbu | None
Katie | None
Katie | None
Kelsey | None
Jordan | None
Jordan | None
John | None
Nicole | None
Jéssica | None
Jessica | None
Jennifer | None
Jane | None
Jade | None
Jaclyn | None
Gabrielle | None
Linda | None
Gaby | None
John | None
Camille | None
Kevin | None
Josh | None
Nicole | None
Darasia | None
Quincy | None
Aldani | None
Ame | None
Ariel | None
Ashley | None
Ashlie | None
Azra | None
Alysha | None
Barbara | None
Diane | None
Bridget | None
Christina | None
Christina | None
Dani | None
Paula | None
Brendan | None
Yennifer | None
Alice | None
Sarah | None
Vanessa | None
Rachel | None
Tracy | None
Todd | None
Suzan | None
Stephanie | None
Simon | None
Shelisha | None
Shaheed | None
Selin | None
Vincent | None
Sami | None
Rohin | None
Robbie | None
Rebecca | None
Carlo | None
Carlo | None
Justin | None
Frank | None
Michael | None
Joseph | None
Sarah | None
Julie | None
Miranda | None
Robert | None
Enrique | None
Ken | None
Dorothy | None
Maxine | None
Ashley | None
Jim | None
Ramon | None
Courtney | None
Rosanna | None
Paul | None
Tom | None
Janiece | None
Katie | None
Wanda | None
Melissa | None
Yomi | None
Doug | None
Krystian | None
Bannor | None
Jacob | None
Neheleen | None
Nancy | None
Lisa | None
Mark | None
D.K. | None
Andrzej | None
Yanique | None
Sarah | None
Annelise | None
Ted | None
Mike | None
Rob | None
Shelby | None
vaughn | None
alex | None
Katelin | None
Robby | None
Samantha | None
Ted | None
Katie | None
Anthony | None
Clint | None
Emma | None
Greg | None
Kassidy | None
Katie | None
Logan | None
Ethan | None
Deidre | None
Joe | None
Kevin | None
Christy | None
Melissa | None
Michelle | None
Dustin | None
Rachel | None
Oscar | None
Nicola | None
Bethany | None
Ryan | None
Michelle | None
Alex | None
Hatheway | None
Teresa | None
Adam | None
Irina | None
Georgia | None
Reid Nelson | None
Brittany Olson | None
Hailey Brownewell | None
Chris T. | None
Dan Jones | None
Brian Foy | None
Ed Murton | None
Donna Henrie | None
Mike Fabro | None
Irias Avila | None
JoAnn | None
Ursula | None
Stephen | None
Neil | None
TIM | None
Carl | None
David | None
Olivia | None
Peter | None
Adeola | None
Timot | None
Sonja | None
Miguel | None
Sallie | None
Qingfeng | None
Courtney | None
Austin | None
Patti | None
Ken | None
James | None
Scott | None
Megan | None
Tim | None
Zachary | None
Brian | None
Stephen | None
Cindy | None
Mia | None
Megan | None
Eduardo | None
Austin | None
Brian | None
Doug | None
Iris | None
IRIAS | None
Julia | None
Mike | None
Ronald | None
Reagan | None
Joel | None
Denise | None
Amy | None
Zach | None
Elisa | None
Michael | None
Pujitha | None
Trinath | None
Harish | None
Mamta | None
Trinath | None
Jeff | None
Christina | None
Monique | None
John | None
Christina M. | None
Dovie | None
Andrew Fischer | None
Dovie Damen | None
Rusty Morefield | None
Jeff | None
Drew | None
Christina | None
Trinath | None
Christina | None
John | None
Steve | None
Andrew | None
Jasmine | None
Steve | None
Darren | None
Jeff | None
Drew | None
Angelica | None
Edson | None
Alex | None
Dimitri | None
Priscillia | None
Neha | None
Blanca | None
Andrea | None
Diana | None
Joe | None
Darius | None
Eric | None
Marques | None
Eric | None
Edwin | None
David | None
Lance | None
Bryan | None
Jon | None
Kate | None
Mitzi | None
Wendy | None
Edward | None
Romeo | None
Rob | None
Paulina | None
Eghdami | None
Rubena | None
David | None
Maci | None
Chris | None
Christian | None
Stacy | None
Krissa | None
Ameer | None
Wendy | None
Jessie | None
Dallas | None
Robert | None
Jennifer | None
Allen | None
Cheryl | None
Gina | None
supritha | None
Umaad | None
Pule | None
Priyanka | None
Pragathi | None
Hope | None
Jacqueline | None
Melanie | None
Gordon | None
Harrison | None
Isha | None
Katie | None
Prateek | None
Dara | None
Armando | None
Gordon | None
Louis | None
Rebekah | None
Lily | None
Karly | None
Julia | None
JJ | None
Ed | None
Darby | None
Bob | None
Martin | None
Jacob | None
Brett | None
Emma | None
David | None
CRAIG | None
Jerry | None
Colleen | None
Bill | None
Shevaun | None
Vimal | None
hari | None
siddhu | None
larry | None
Belkis | None
Cody | None
Eric | None
lauren | None
Larry | None
Moses | None
Paula | None
Rocio | None
Steven | None
Larry | None
Ivette | None
Eric | None
Sasha | None
tyler | None
Shaun | None
JESSICA | None
Ivette | None
Jonathan | None
Kristina | None
Moses | None
Shaun | None
JESSICA | None
Larry | None
Kristina | None
Anjali | None
tiffany | None
Ivette | None
richard | None
kimberlee | None
joel | None
jessica | None
rocio | None
ivette | None
hayley | None
hannah | None
dani | None
anjali | None
alexis | None
Steven | None
Jessica | None
jana | None
Ivette | None
Anjali | None
raymond | None
paula | None
pat | None
nicole | None
ray | None
Belkis | None
Paula | None
Joseph | None
Rocio | None
linkedin | None
Autumn | None
Tameisha | None
aprna | None
KM | None
Arbazuddin | None
Sheetal | None
Abdullah | None
Jasmine | None
Baber | None
Donald | None
Geeta | None
Edward | None
Autumn | None
Autumn | None
Jonathan | None
Ray | None
Timothy | None
Gregory | None
Meena | None
Jennifer | None
Kevin | None
Trina | None
Michelle | None
Meena | None
Alex | None
Aleta | None
Anu | None
Daniel | None
Kevin | None
Paul | None
Geeta | None
Andrew | None
Sheetal | None
Eric | None
John | None
Sal | None
Taylor | None
Nick | None
Moe | None
Mike | None
Lauren | None
Jake | None
Derek | None
Ariel | None
Mile | None
Tim | None
Roger | None
Nic | None
Carisa | None
Michele | None
Roger | None
Jessie | None
Nic | None
Scott | None
Chris | None
Nicholas | None
Jordan | None
Jessie | None
John | None
Carisa | None
Mile | None
Nicholas | None
Sal | None
chris | None
kristen | None
nate | None
Jordan | None
Anh | None
Vinny | None
Jonathan | None
Leah | None
Jackie | None
Ann-Renee | None
Phillip | None
Sierra | None
Randy | None
Vishal | None
Randy | None
Daniel | None
Randy | None
Justin | None
Anna | None
Ismael | None
Ty | None
Jacob | None
Quintay | None
Natalia | None
Ashley | None
Kristina | None
Abel | None
Brandon | None
Matthew | None
Abel | None
Katie | None
Amber | None
Ellen | None
Alison | None
Chloe | None
Kellie | None
Tanya | None
Jelena | None
Anika | None
Elena | None
Erzana | None
Glory | None
Liesl | None
Jackie | None
Margi | None
Lauren | None
Jai | None
Christian | None
Woody | None
Kirk | None
Kati | None
Victor | None
Paul | None
Gina | None
Karen | None
Victor | None
Kristal | None
manan | None
Siva | None
ghouse | None
Maciej | None
Chris | None
Mike | None
Katherine | None
Elyse | None
Kevin | None
Kristin | None
Sidhant | None
Anthony | None
Amanda | None
Chaz | None
Anthony | None
Aric | None
Josh | None
Mike | None
Annika | None
Nicolas | None
Christian | None
Kaylie | None
Andrea | None
Donna | None
Nicolasa | None
Karin | None
Emma | None
siva | None
siva | None
Vamsi | None
Amanda | None
Kristin | None
Dan | None
Steven | None
Archie | None
Elyse | None
Bob | None
Elaine | None
Dj | None
William | None
Noni | None
Molly | None
Jocelyn | None
Imelda | None
Danielle | None
Julie | None
Andrew | None
Amber | None
Jonathan | None
Kelly | None
Farraen | None
Amy | None
Keith | None
Kellie | None
Ray | None
Brenda | None
Mara | None
Kaitlyn | None
Michelle | None
JG | None
Hannah | None
Greg | None
Eleanor | None
Denver | None
Brice | None
CJ | None
Vickey | None
Bethany | None
Whitney | None
John | None
Dakota | None
Jon | None
Shae | None
Julia | None
Katharine | None
Lia | None
Rachel | None
Rodnica | None
Sheliah | None
Suzanne | None
Sydney | None
Sydney | None
Taylor | None
Vickey | None
Wes | None
Suzanne | None
Jordan | None
Sheliah | None
Kristin | None
Sarah | None
Angela | None
Serena | None
Alex | None
Mike | None
Ben | None
Brandon | None
Brian | None
Carley | None
Caroline | None
Carrie | None
Catherine | None
Catherine | None
Christy | None
Daniel | None
Drew | None
Natalie | None
John | None
Jana | None
Morgan | None
Mike | None
Michael | None
Meredith | None
Melissa | None
Meg | None
Michael | None
Leslie | None
Laurie | None
Morgan | None
Kevin | None
Kelli | None
Mark | None
Karsen | None
Blake | None
Chad | None
Beth | None
Gil | None
Cody | None
Patrick | None
Janet | None
Martha | None
Michael | None
Larry | None
Kalyn | None
Mohammed | None
Diana | None
Brandon | None
Pasquale | None
Joshua | None
James | None
Special | None
Christopher | None
Amanda | None
Angela | None
Geoff | None
Joseph | None
Harry | None
Meghan | None
Marisel | None
Jake | None
Omar | None
Amanda | None
Gil | None
April | None
Carrie | None
Tina | None
Karen | None
Rob | None
Krishna | None
Jada | None
Carrie | None
Meghan | None
Michael | None
Omar | None
Mary | None
Diana | None
James | None
Matthew | None
Russell | None
Hawa | None
Matthew | None
Stefanie | None
Maurice | None
Christopher | None
Rob | None
Janet | None
Carlos | None
Martha | None
Alexis | None
Dawn | None
Colin | None
Brian | None
Marc | None
Karma | None
Ataa | None
Bara' | None
Marah | None
Kacie | None
Autumn | None
Mark | None
Saray | None
Autumn | None
Ian | None
Stephanie | None
Robin | None
Anand | None
Lorraine | None
Uday | None
Trish | None
Allison | None
Akash | None
Darryl | None
Mohim | None
Shalini | None
Justin | None
Martin | None
Gemma | None
Shushil | None
Feroz | None
Bob | None
Abby | None
Jennifer | None
Dennis | None
Yehia | None
Joseph | None
Adele | None
Alexander | None
Ruadhri | None
Sean | None
Shabana | None
Joel | None
Saket | None
Priti | None
Fabio | None
Nilesh | None
Rob | None
Shradha | None
Vishal | None
Ahmed | None
Michelle | None
Sara | None
Mary | None
George | None
Fazi | None
John | None
Jagadish | None
Mary | None
Fazi | None
Joy | None
John | None
Tauryn | None
John | None
Jeanne | None
Alicia | None
Cassandra | None
Christopher | None
Alvilda | None
Yatika | None
Gail | None
David | None
Akela | None
Thierry | None
Mohamed | None
Jonathan | None
Syeda | None
Cathy | None
Dean | None
Patrick | None
Felicitas | None
Cecile | None
Rashmi | None
John | None
Goodwin | None
Charlie | None
Lorraine | None
Ces | None
Sajid | None
Ali | None
Don | None
Joy | None
Prashant | None
Raquel | None
Graeme | None
Ashley | None
Jawad | None
Gretchen | None
Ryan | None
Sandra | None
Doug | None
Kelly | None
Jon | None
Lori | None
Rick | None
Bob | None
Julie | None
Michael | None
Margaret | None
Daniella | None
Jaime | None
Andreas | None
Aaron | None
Jay | None
Kristi | None
Taylor | None
Damon | None
Eric | None
Paul | None
Joe | None
Bruce | None
Boyd | None
Russ | None
Nathan | None
Emily | None
David | None
Trish | None
Jennifer | None
Tracy | None
Cynthia | None
Shane | None
Alberto | None
Lamar | None
Sasja | None
Don | None
Carl | None
Erick | None
Scott | None
Karoline | None
Alicia | None
Dani | None
Art | None
Barbetta | None
Muhammad | None
Kari | None
Sonya | None
Levy | None
Sandy | None
Joseph | None
Andy | None
Wadad | None
Anna | None
Dave | None
Walt | None
Shuja | None
Angela | None
Zaryab | None
Kevin | None
Jason | None
Bridgett | None
Christina | None
Dan | None
Rebecca | None
Umar | None
Maria | None
Pavel | None
Indra | None
Mia | None
Robert | None
Raheel | None
Patrick | None
Tabana | None
Kashif | None
John | None
Hilary | None
Shanda | None
Laura | None
Wajahat | None
Jenna | None
Tatyana | None
Shine | None
Jill | None
Brett | None
Elizabeth | None
Jeff | None
Jackie | None
Jeffrey | None
Rabiya | None
Kim | None
Savannah | None
Annette | None
Adeel | None
Amy | None
Ricky | None
Jack | None
Preeti | None
Maria | None
Abraham | None
Francisco | None
Danyel | None
Jessica | None
Eduardo | None
Evelin | None
Jonathan | None
Sophia | None
Edie | None
Irfan | None
Emilie | None
Dave | None
Claire | None
Brian | None
Bill | None
Alan | None
Amanda | None
Patrick | None
Brett | None
Anupama | None
Stacy | None
Sally | None
Pam | None
Mark | None
Stanley | None
Nithya | None
Stanly | None
Sandy | None
Chidera | None
Paul | None
Dmitriy | None
Mike | None
Dante | None
Clay | None
Luka | None
Bijal | None
Kevin | None
Wolfgang | None
Marianne | None
Rafael | None
Parker | None
Otto | None
Matthew | None
Son | None
Alejandra | None
Niki | None
Sean | None
Amy | None
Joe | None
Rupali | None
Casey | None
Howard | None
Joey | None
Avi | None
David | None
Theresa | None
Christina | None
Sarah | None
Adam | None
Brian | None
Vanessa | None
Connor | None
Ryan | None
Amy-Katherine | None
John | None
Mary | None
Julie | None
Recruiting | None
Danielle | None
Aaron | None
Ellie | None
Jeff | None
Rob | None
Cindy | None
Maddy | None
Julie | None
Kristina | None
Wade | None
Ana | None
Lesslie | None
Zach | None
eveangely | None
Kelly | None
Samantha | None
Ty | None
Lee | None
Jack | None
Amanda | None
karissa | None
Adam | None
Christian | None
Stacey | None
Marion | None
Meghan | None
Amanda | None
Heidy | None
amy | None
Zayn | None
Ethan | None
Wylie | None
Alex | None
kyle | None
luis | None
luisa | None
maria | None
samantha | None
sean | None
sue | None
Ashley | None
Shakeem | None
Ashley | None
Gail | None
Hailey | None
Ivo | None
Kyle | None
joy | None
Sean | None
Brian | None
Joy | None
Ben | None
blanca | None
erica | None
Aileen | None
Joe | None
Ken | None
Thomas | None
Sharon | None
Chris | None
Lakshmi | None
Aravind | None
Brandon | None
Chris | None
Tom | None
Grant | None
Joe | None
Justin | None
Jerry | None
Christopher | None
Kerri | None
Brian | None
Anne | None
Ramesh | None
Anthonia | None
Scott | None
Mohamed | None
John | None
Cedric | None
Chris | None
Johanna | None
Antony | None
Becky | None
Rebecca | None
Jean | None
Rick | None
Ray | None
Paula | None
Howard | None
Mike | None
Taco | None
Bianca | None
kyle | None
Crystle | None
Dave | None
McKenna | None
Lyn | None
Kurstin | None
Anna | None
Brandon | None
Kohle | None
Madison | None
Leonor | None
Lauren | None
Alison | None
Kristen | None
Stacy | None
justin | None
Tracy | None
Tyler | None
John | None
Mike | None
Jeromy | None
Jan | None
Jamie | None
Heather | None
Garrett | None
Frank | None
Dawn | None
Christopher | None
Rachel | None
Robyn | None
Ben McLachlan | None
Betty Davis-Robinson | None
James Onslow | None
Adam Jaber | None
Molly | None
Mya | None
Victor | None
Casey | None
Nicole | None
Nigel | None
Sarah | None
Ariel | None
Lea | None
Shane | None
Rachel | None
Cassie | None
Jason | None
Rachel | None
Esther | None
Lea | None
Jason | None
Mike | None
Lea | None
Cassie | None
Valerie | None
Jason | None
Scott | None
Christopher | None
Danny | None
Cris | None
Kayla | None
Alexander | None
Carly | None
Tonya | None
Jonathan | None
Jamie | None
Jasmine | None
Monica | None
Farrukh | None
Marcus | None
Jonathan | None
Rakia | None
Diane | None
Erin | None
Onny | None
Jasmine | None
Farrukh | None
Jamie | None
Marcus | None
Onny | None
TJ | None
Constance | None
Loraine | None
Erin | None
Shawn | None
Danielle | None
Joe | None
Stephen | None
Jody | None
Mary | None
Shaun | None
Audra | None
Amy | None
Dionica | None
Cierra | None
Jeffery | None
Katie | None
Emmanuel | None
Maeve | None
Jeffery | None
Yves | None
Yves-Laurent | None
Audra | None
TJ | None
Shawn | None
Shaun | None
Samuel | None
Mary | None
Mario | None
Joe | None
Gina | None
Deborah | None
Monica | None
Loraine | None
Reagan | None
Timna | None
Adam | None
Justin | None
Michael | None
Shelli | None
Anton | None
Matt | None
Jason | None
David | None
Carling | None
Mike | None
Russ | None
Sara | None
Chelsea | None
Roderic | None
Jenn | None
Tyler | None
Erika | None
Lisa | None
Cory | None
Scooter | None
Scott | None
Torey | None
Derric | None
Courtney | None
Carrie | None
Florence | None
Makayla | None
Erik | None
Jeff | None
Roderic | None
Gabriela | None
Kris | None
Josh | None
Elaine | None
Andrew | None
Darren | None
Sara | None
hernan | None
Ralph | None
Jason | None
Ben | None
Tonya | None
Laura | None
Stanley | None
Douglas | None
Russell | None
Ben | None
Venkat | None
Hernan | None
Emily | None
Janakiram | None
George | None
Laura | None
Lowell | None
Alan | None
Aimee | None
Mark | None
Amy | None
Shelli | None
Laura | None
Jay | None
Ehren | None
Jenn | None
Russell | None
Ben | None
Matt | None
Liliana | None
Owen | None
Amelia | None
Kieran | None
Darcey | None
Danny | None
Joe | None
Jack | None
Jordan | None
Olivia | None
Sophie | None
Jessica | None
Alex | None
Lizzie | None
Lily | None
Rob | None
Max | None
Brittany | None
Will | None
Lucy | None
Freya | None
Billy | None
Gina | None
Ellie | None
Aidan | None
Henry | None
Michael | None
William | None
Jasmin | None
Ellis | None
Justin | None
Amelia | None
Jade | None
Luke | None
Brooke | None
Sean | None
Alexis | None
Anthony | None
Gabriel | None
Jack | None
Luke | None
Will | None
Zilly | None
Owen | None
Luke | None
Danny | None
Ashley | None
brian | None
rich | None
Xiomara | None
Nicole | None
Ann | None
Melanie | None
Sean | None
Devan | None
Patti | None
Viet | None
Ira | None
Ejay | None
Rod | None
Michael | None
Parag | None
Pedro | None
Vincent | None
Gustavo | None
Nader | None
Garik | None
Yashila | None
Amruta | None
Prateek | None
Amir | None
Takahiro | None
James | None
Prakshoti | None
Prajyot | None
Arj | None
John | None
Keegan | None
Godfrey | None
Shahzore | None
Jurien | None
Jen | None
Hannah | None
Gustavo | None
Min | None
Sumeet | None
Alexander | None
Jarrett | None
Sanket | None
Gunjan | None
Michael | None
Jai | None
Marco | None
Amit | None
Ty | None
Brian | None
Harmeet | None
Tony | None
Kris | None
Scot | None
Julie | None
AJ | None
Brandon | None
Miruna | None
Mark | None
Jennifer | None
Vonda | None
Robyn | None
Richard | None
Arquimides | None
Aaron | None
Avni | None
Brian | None
Charles | None
Stephanie | None
Mike | None
Brandon | None
Joseph | None
Phil | None
Auguste | None
Ben | None
Mark | None
Ken | None
Lesly | None
Debra | None
Mike | None
Sharath | None
Olayinka | None
Jim | None
Andrew | None
Sean | None
Shun | None
Brandon | None
Evan | None
Joseph | None
Janet | None
Bryan | None
Jonathan | None
Jenae | None
Joseph | None
Mark | None
Chukwudi | None
Thomas | None
Austin | None
Ryan | None
Kevin | None
Erich | None
Carl | None
Renee | None
Jared | None
David | None
Charles | None
Eric | None
Eric | None
Okane | None
Matthew | None
Lisa | None
Nathaniel | None
Jacob | None
Jerry | None
Conor | None
Lisa | None
Sherrod | None
Charles | None
Ethan | None
Joshua | None
Oscar | None
Alondra | None
John | None
Briana | None
Natasha | None
Kelly | None
Dan | None
Imani | None
Isaac | None
Jessica | None
Keely | None
Lara | None
Lena | None
Makenzie | None
Shawn | None
Corey | None
Niko | None
Rylie | None
Tyler | None
Victoria | None
Allison | None
Zoe | None
Chelsea | None
Samantha | None
Michelle | None
Becky | None
Maclaine | None
Alex | None
Sarah | None
Taylor | None
Troy | None
Kerry | None
Maddy | None
Lindsey | None
Jennifer | None
Nick | None
Kristin | None
Matthew | None
Kirsty | None
Jack | None
Jen | None
Jennifer | None
Jill | None
Jordan | None
Ingrid | None
Ana | None
Justin | None
Christina | None
Tess | None
Kylie | None
Josh | None
Lauren | None
Megan | None
Niki | None
Martin | None
Manuel | None
Austin | None
Mikah | None
Michelle | None
Rikki | None
Christopher | None
Jackson | None
Saj | None
Elida | None
Chase | None
Sara | None
Sylvia | None
Joshua | None
Megan | None
Jill | None
Andrew | None
Tommie | None
Abby | None
Madi | None
Ana | None
Lauren | None
Ashley | None
Mike | None
Lindsey | None
Courtney | None
Aaron | None
Sarah | None
Stacy | None
Natalie | None
Jake | None
Sam | None
Ray | None
Noah | None
Blythe | None
Lauren | None
Channing | None
Trenton | None
Sara | None
Nathan | None
Rachel | None
Sam | None
Erin | None
Niki | None
Kyshon | None
Hannah | None
ally | None
ariel | None
Becky | None
chris | None
christina | None
daniela | None
hailee | None
jack | None
jamie | None
jessica | None
kara | None
Ashley | None
Ashley | None
Aaron | None
Mary | None
sayeeda | None
nick | None
Katherine | None
michael | None
Megan | None
mariah | None
mallory | None
lynn | None
kristie | None
Koedi | None
meredith | None
R. | None
Britt | None
Jordan | None
Britt | None
Gangadhar | None
Britt | None
Megan | None
morning | None
Pie | None
Niki | None
Allie | None
Julie | None
Delia | None
Oscar | None
John | None
Tanner | None
Kyle | None
John | None
Blythe | None
Catherine | None
Laci | None
Jessica | None
Randi | None
Lauren | None
Corey | None
Jennifer | None
Peter | None
Alexandra | None
Clay | None
Tess | None
Brynn | None
Blythe | None
Kendall | None
Ingrid | None
Zach | None
Christy | None
Rachel | None
Christian | None
Ebony | None
Dakota | None
Maddie | None
Mallory | None
Mikaela | None
Monica | None
Morgan | None
Lindsey | None
Krista | None
Preston | None
Natalie | None
Katie | None
Joe | None
Janisa | None
Ingrid | None
Hayley | None
Erin | None
Emilee | None
Kelsey | None
Elli | None
Ebony | None
Rosa | None
Scott | None
Shelby | None
Sarah | None
Nate | None
Stephanie | None
Ken | None
Chelsea | None
Katherine | None
Julie | None
John | None
Jessica | None
Holly | None
Erlina | None
Chris | None
Judy | None
Alicia | None
Ken | None
Lorrie | None
Grant | None
Elle | None
John | None
Jeleene | None
Mark | None
Cara | None
Nate | None
Jamie | None
Hannah | None
Doug | None
Ben | None
Andrew | None
Rob | None
Jessica | None
John | None
David | None
Sam | None
Ma | None
Lyle | None
Jeleene | None
Jesse | None
Rick | None
Brian | None
Pete | None
Jarred | None
Zack | None
Wesley | None
Carmela | None
chris | None
reesa | None
Austin | None
Mike | None
Nate | None
hannah | None
isis | None
jeremy | None
julia | None
kathryn | None
tiffany | None
vicki | None
Tom | None
Becca | None
Dan | None
David | None
Billy | None
Pilar | None
Bemenet | None
Carey | None
Charlotte | None
Emilee | None
Crosby | None
Taylor | None
Merlin | None
Georgia | None
Pallavi | None
Ronel | None
Bina | None
Payal | None
Saket | None
Kavya | None
Payal | None
Shivani | None
Vishnu | None
Steffi | None
Kashish | None
Nishat | None
Garima | None
Aakarshak | None
Anwesha | None
Jayanthi | None
Anna | None
Meghna | None
Rohit | None
Jill | None
Anitha | None
Jennifer | None
Rohan | None
Crissy | None
Rakesh | None
Janice | None
Megan | None
Ayomide | None
Pranjali | None
Heidi | None
LaShanta | None
Arunabh | None
Naveena | None
Ameya | None
Mihir | None
Rose | None
Alexa | None
Sameer | None
Hiren | None
Shakshi | None
Sindhu | None
K | None
Namita | None
Rucha | None
Rajashekar | None
Elysha | None
Bhagyashri | None
Anil | None
Harshita | None
Pallavi | None
Augustine | None
Aviral | None
Supriya | None
Athiba | None
Krishna | None
Siddarth | None
Shloka | None
Vijayanandan | None
Saptarshi | None
Mohit | None
Shilpa | None
Bincy | None
Raghavendra | None
Aishwarya | None
Prakhar | None
Chetan | None
Sakshi | None
Chandrashekar | None
Ajith | None
Anshul | None
Rashmi | None
Sumanth | None
Robin | None
Nandit | None
Shubham | None
Abhichetan | None
Leena | None
Avinash | None
Manjula | None
Devesh | None
Ann | None
Vidushi | None
Destri | None
John-Vincent | None
Kamesh | None
Vinayak | None
Yashika | None
Ishita | None
Tanveer | None
Piyush | None
Apurv | None
Shreya | None
Divya | None
Nehal | None
Raj | None
Madhan | None
Anand | None
Sukriti | None
Saloni | None
Mangeshprasad | None
Dr. | None
Kumar | None
Rohit | None
KETAN | None
Sanket | None
Thariq | None
Nibedita | None
Saurabh | None
Kiran | None
anubhav | None
Suhas | None
Aswin | None
Sagnik | None
Parul | None
Zuber | None
Priya | None
Greeshma | None
Ayush | None
Sreepriya | None
Tanmay | None
Samantha | None
Tulasi | None
Nilesh | None
Jyoti | None
D | None
Shilpa | None
Preeti | None
Chirag | None
Pavithra | None
Mayank | None
Saira | None
Ritesh | None
Sachin | None
Ajith | None
Gaurav | None
Syed | None
Swami | None
Moumita | None
Prakrithi | None
Akash | None
Vishwanatha | None
Sunita | None
Revathy | None
Nitin | None
BALAJI | None
Maithili | None
Shagun | None
Subhradeep | None
Deepak | None
Vyakhya | None
Amanjot | None
Maja | None
Stacey | None
Aiswariya | None
Glen | None
Vikas | None
Robert | None
Robert | None
Alyssa | None
Shalini | None
Jeff | None
Chaitali | None
Amrita | None
Mythreyi | None
Niharika | None
SACHIN | None
Shyam | None
Shivani | None
Avishek | None
Sumod | None
Kanv | None
Manoj | None
Akshita | None
Sumeet | None
Sanjay | None
Kamesh | None
Greeshma | None
Satyam | None
Denin | None
Pramod | None
Akanksha | None
Praveen | None
Mohit | None
Shashidhar | None
Neha | None
Thammineni | None
Prabhu | None
Sudheer | None
Aman | None
Tania | None
Kathleen | None
Tariq | None
Samantha | None
Janelle | None
Nick | None
Robert | None
Kevin | None
Dan | None
Joe | None
Laura | None
Brad | None
Alison | None
Michelle | None
Eric | None
Derrick | None
Tina | None
Verlin | None
Lee | None
Steven | None
Jeremy | None
Rhonda | None
Val | None
Matthew | None
Matt | None
Charles | None
Michael | None
Michelle | None
Jay | None
Idris | None
Supriya | None
Valentino | None
Brooke | None
Mallory | None
John | None
Felipe | None
Rajesh | None
Sabrina | None
Tonya | None
J | None
Charles | None
Ciaran | None
Evan | None
Evan | None
Hannah | None
Kateryna | None
Jennifer | None
Madison | None
Melanie | None
Nikki | None
Steven | None
Jenna | None
Ben | None
Alexis | None
Jeffrey | None
Steve | None
Ryan | None
Robert | None
Rick | None
Jeffrey | None
Felicia | None
Dawn | None
Chris | None
Brian | None
Alyssa | None
Ally | None
Tate | None
Alicia | None
Lucas | None
Liza | None
Sean | None
John | None
Amber | None
Christina | None
Amber | None
Richard | None
Rachel | None
Elaine | None
Greg | None
Ron | None
Shawn | None
Aaron | None
Joshua | None
Kayla | None
Varsha | None
Mark | None
Amber | None
Lydiajean | None
Kacy | None
Paarth | None
Sam | None
Susie | None
Alex | None
Alex | None
Scott | None
Ryan | None
Srinid | None
Taavo | None
Ryan | None
Kayla | None
Virginia | None
Amish | None
Dan | None
Chris | None
Alexander | None
Colin | None
Barbara | None
Jules | None
Jonathan | None
John | None
Jessica | None
Jennifer | None
Jennifer | None
Jeanine | None
Jessica | None
Clint | None
Luke | None
Austin | None
Bill | None
art | None
David | None
Justin | None
Anna | None
Steve | None
John | None
Anthony | None
Tharon | None
Blake | None
Sarah | None
Sheldon | None
Ruben | None
Daniel | None
Kelsey | None
Matt | None
Ben | None
Isaac | None
Paul | None
jonathan | None
Bruce | None
Thomas | None
Elias | None
Tyler | None
Muhammad | None
Scott | None
Faiza | None
James | None
Shoaib | None
Phil | None
Randall | None
Raj | None
Dan | None
Bill | None
Joanna | None
Infinitive | None
Brad | None
Stephanie | None
Robert | None
Lindsay | None
Christie | None
Addison | None
David | None
Daniel | None
Stephan | None
Alex | None
Joan | None
John | None
Wendy | None
Jennifer | None
Mary | None
Paul | None
Habib | None
Tracy | None
Matthew | None
Wendy | None
Ameet | None
Sheila | None
Lisa | None
Larry | None
Wanda | None
Kishankumar | None
Jim | None
Gretser | None
Dennis | None
David | None
Chandra | None
Chelsea | None
Murali | None
Bruce | None
Amanda | None
Amarender | None
Adeel | None
Aayush | None
Abdul | None
Brandi | None
Penny | None
Piriyanka | None
Lisa | None
Christina | None
Diana | None
Brenda | None
Manbir | None
Kartheek | None
Scott | None
Ramya | None
Marie | None
Robert | None
Rifat | None
Nirav | None
Niveditha | None
Morgan | None
Jani | None
vinay | None
Dan | None
Everett | None
Heather | None
Neel | None
Taylor | None
Mikael | None
Jocelyn | None
Makenna | None
Mohammad | None
Alex | None
Brian | None
Natalie | None
Sal | None
Siva | None
Christophe | None
Byron | None
Judy | None
Vyas | None
Elyse | None
Sharzad | None
Narayanan | None
Brooks | None
Jivan | None
Juma | None
Tam | None
Lakshmi | None
Kaveh | None
Monica | None
Nikita | None
Eric | None
Grace | None
Gabriel | None
Rinat | None
Troy | None
Michael | None
Douglas | None
Lewis | None
Megan | None
Srujana | None
Infopeople | None
Kiran | None
Mounika | None
Micah | None
Gopinath | None
Brian | None
Shanu | None
Sanketh | None
Lauara | None
Rachel | None
David | None
Mary | None
Richard | None
Vinayak | None
Chan | None
Lionel | None
Venessa | None
Sanidhay | None
Nooman | None
Vishnu | None
Jaykiprasad | None
Shailesh | None
Andy | None
Gufran | None
Velita | None
Mariano | None
Mario | None
Gabriella | None
Tony | None
Lenny | None
Bill | None
Brendan | None
Patrick | None
Tom | None
Varun | None
Bhakti | None
Tyrone | None
Aditi | None
Malvika | None
Ken | None
Brent | None
Shariq | None
Scott | None
Kevin | None
Usman | None
Usman | None
Sharon | None
Anand | None
Hormuz | None
Amit | None
Shelza | None
Suvarna | None
Stephanie | None
Chairak | None
Houston | None
John | None
Lori | None
Patti | None
Sierra | None
Sierra | None
Patti | None
Houston | None
Alisa | None
Houston | None
Lori | None
Cody | None
Stephanie | None
Cody | None
Beri | None
Carrie | None
Sherine | None
Jaymie | None
Nichole | None
Aminata | None
Kathy | None
Babak | None
Tracy | None
Toby | None
Adam | None
Courtney | None
Brittany | None
Brian | None
Ashley | None
Amy | None
Amaechi | None
Jeff | None
Ali | None
Alana | None
Dolly | None
Evan | None
Holland | None
Jamie | None
Kaitie | None
Kit | None
Matt | None
Merideth | None
Daniel | None
David | None
Sam | None
Mike | None
John | None
Michael | None
Val | None
Curt | None
Victoria | None
Tanisha | None
Lia | None
Mark | None
Isaac | None
Katie | None
Michelle | None
John | None
Aubrey | None
Derek | None
Steven | None
Derek | None
Walter | None
Danielle | None
Taylor | None
David | None
Barry | None
Nazmi | None
Michael | None
Kanwal | None
Devon | None
Richard | None
Mike | None
Nargis | None
Samantha | None
Julier | None
Dave | None
Leuris | None
Fiona | None
Frantz | None
Anidiz | None
Junior | None
Caitlin | None
Morgan | None
Sahil | None
Stephen | None
Payton | None
Cindy | None
Laura | None
Naseer | None
Kamaljeet | None
Sunnie | None
Gokulesh | None
James | None
Deepthi | None
Julien | None
Amanda | None
Yan | None
Jake | None
Saurabh | None
Lakshmi | None
Katie | None
Jeffrey | None
Pragya | None
Zach | None
Siomara | None
Sean | None
Skiy | None
Mike | None
Daniel | None
Araceli | None
Simran | None
Rajnikant | None
Hari | None
Patty | None
Mohit | None
Candice | None
Drew | None
Heidi | None
Stephen | None
Kyle | None
Genevieve | None
Guisela | None
Alexa | None
Len | None
Harry | None
Margie | None
Sharon | None
Patrick | None
Mary | None
Joi | None
Kenetha | None
Daniel | None
Suzanne | None
Hassan | None
Kelly | None
Veronica | None
Zenovia | None
Aparna | None
Janice | None
Ryan | None
Jose | None
Bradley | None
David | None
Jim | None
Nithya | None
Aishwarya | None
Sahil | None
Jennifer | None
Lindsay | None
Binita | None
Jennifer | None
Vere | None
Jeetu | None
Derek | None
Robert | None
Sana | None
Tim | None
Roger | None
Ashutosh | None
Smita | None
Michael | None
Shiva | None
Vinay | None
Himanshu | None
Nicole | None
Cynthia | None
Gary | None
Taylor | None
Caley | None
Molly | None
Mikaela | None
Max | None
Mandy | None
Lianne | None
Julie | None
Joshua | None
ANN | None
Andrew | None
Virginia | None
Vipin | None
Vanessa | None
Sylvia | None
swapan | None
Sudip | None
Savinay | None
Leah | None
Mary | None
Marion | None
Mohd | None
Mohd | None
Janelle | None
Nicholas | None
Michael | None
Paul | None
Rakesh | None
Rejit | None
Riyanka | None
Robert | None
Sandeep | None
Nimrah | None
Patrick | None
Trey | None
Jennifer | None
Danielle | None
Shivani | None
Pritika | None
Prem | None
Leslie | None
Alison | None
Zoe | None
Erin | None
Melissa | None
Maya | None
David | None
Khary | None
Tony | None
Shelton | None
Laura | None
Lindsay | None
Lee | None
Gary | None
Linda | None
Shai | None
Sara | None
Rajan | None
Karen | None
Becky | None
Melissa | None
Paul | None
Greg | None
Jamshed | None
Tracey | None
Kristi | None
Christy | None
Joy | None
Yasmeen | None
Kenneth | None
Jodi | None
Pankaj | None
Harsha | None
Mohit | None
Mamta | None
Parth | None
Anand | None
Sara | None
Mohd | None
Navyasri | None
Mohit | None
Talat | None
Sierra | None
Essence | None
Nancy | None
Jacintha | None
Carrie | None
Pamela | None
Mohit | None
Andy | None
John | None
Chad | None
Kristin | None
Kyle | None
Vince | None
Julia | None
Rachel | None
Leah | None
Archana | None
Daniel | None
Suraj | None
Matthew | None
Karthik | None
Ashish | None
Bhupendra | None
Chuck | None
Cindy | None
Cuong | None
Daniel | None
Anisha | None
Dan | None
Dennis | None
Evgeny | None
Gregory | None
Jasnira | None
Jittin | None
Josephine | None
Deepa | None
kelly | None
Alex | None
Stephanie | None
Carter | None
Varadharajan | None
Mandy | None
Tiffany | None
Johnson | None
Doron | None
Jessica | None
Niki | None
Teresa | None
Claudine | None
Iryna | None
Greg | None
Bill | None
Matt | None
Jeremy | None
McKenna | None
Mrinal | None
Michael | None
Michelle | None
Krystal | None
Basheer | None
Joe | None
Emily | None
Tashima | None
Phyllis | None
Julie | None
Chayenne | None
Preston | None
Roberto | None
Michelle | None
Cameron | None
Paige | None
Brendan | None
Lori | None
John | None
Jeffrey | None
Dan | None
Marielle | None
Jordan | None
Rachael | None
Tiffany | None
Sebastian | None
Bri | None
Emilee | None
Katherine | None
Paige | None
Bernie | None
Laurie | None
Nancy.shor | None
Hiring | None
Saini | None
Ayan | None
Greg | None
Michael | None
AARON​​ | None
Tina | None
Racharlla | None
Abhishek | None
Susan | None
Angie | None
Matt | None
Bachir | None
Nicole | None
Judy | None
Joe | None
Mark | None
Kevin | None
Tiffany | None
Daisy | None
Marne | None
Trevor | None
Terence | None
Andrea | None
Derrick | None
Helen | None
Ravisha | None
Patrick | None
Juan | None
Janhvi | None
Erica | None
Devanshi | None
Ralo | None
Carly | None
Jenna | None
Dennys | None
Navita | None
Jessie | None
Derrick | None
Kevin | None
Candice | None
Slater | None
Brian | None
Abdullah | None
Marshall | None
Katherine | None
Flynn | None
Amanda | None
Kesha | None
Lauren | None
Marcus | None
Karen | None
Danielle | None
Greg | None
Tram | None
Cristy | None
Brenda | None
Mary | None
Ashley | None
Kim | None
Jessica | None
Nicki | None
Leslie | None
Vincenza | None
Andrea | None
Rebecca | None
Nadia | None
Khalid | None
Bobbi | None
Anne | None
Michael | None
Danielle | None
Shannon | None
Angela | None
Olgert | None
Lauren | None
Bharati | None
Jessica | None
Jennifer | None
Amelia | None
John | None
John | None
Randy | None
Innovar | None
Nikhil | None
David | None
Beth | None
James | None
Christian | None
Chris | None
Mallory | None
Agustin | None
Jason | None
Jessica | None
Amy | None
Alyssa | None
Michael | None
Ben | None
Jeremy | None
Tami | None
Alyssa | None
Darryl | None
Denise | None
Jennifer | None
Glenn | None
brie | None
Nikolai | None
Meagan | None
Anne | None
Mary | None
Eric | None
Tu | None
Timothy | None
Michelle | None
Grace | None
Esther | None
Francesca | None
Janet | None
William | None
Paula | None
Laura | None
Christie | None
Luigi | None
Roxanne | None
Emily | None
Brittney | None
Laura | None
Joshua | None
Markus | None
Ryan | None
Samantha | None
Caroline | None
Jack | None
Jacolahn | None
Katherine | None
Shelby | None
Jerome | None
Laiza | None
Colleen | None
Todd | None
Joseph | None
Michael | None
Peter | None
farhana | None
William | None
Sue | None
Bryan | None
Ericka | None
Jessica | None
Rosalyn | None
Bill | None
Gina | None
Casilyn | None
Cee | None
Luis | None
Lizzy | None
Jessica | None
Sanjay | None
James | None
Maricris | None
Jessica | None
Jessica | None
Chuck | None
Melissa | None
Michael | None
Joel | None
Amer | None
Laiza | None
Jessica | None
MaryJane | None
Erwin | None
Rossythel | None
Angelica | None
Lynette | None
Carl | None
Lizzy | None
Erwin | None
Bryan | None
Adrin | None
Liz | None
Marlou | None
Ana | None
Isg | None
Luis | None
Rossythel | None
Lizzy | None
Joe | None
Lynette | None
Laiza | None
Ferdinand | None
Craig | None
Shreeja | None
Michelle | None
Jensen | None
Jessica | None
Merlin | None
Claude | None
Cindy | None
Gerry | None
Kristina | None
Leslie | None
Eugene | None
Ferdinand | None
Joe | None
Lisa | None
steven | None
Jeanhel | None
Marlou | None
Sanjay | None
Merlin | None
Manabendra | None
Luis | None
Krishna | None
Craig | None
Rafael | None
Jessica | None
Lhancy | None
Andrew | None
Daniel | None
Jon | None
Jon | None
Johnna | None
Gloria | None
Daniela | None
Cristina | None
Kelsie | None
Camryn | None
Josh | None
Jackie | None
Adam | None
Ben | None
Merrimon | None
Furqan | None
Josh | None
Nichole | None
Antonio | None
Casey | None
Anthony | None
Ryan | None
Richard | None
Chelsea | None
Riley | None
Camryn | None
Kyle | None
Tiffany | None
Amanda | None
Mike | None
Matthew | None
Mary | None
Jamie | None
Julia | None
Pamela | None
Ashley | None
Sean | None
Lauren | None
Jennifer | None
Michaela | None
Ryan | None
Will | None
Michaela-Jo | None
Ryan | None
Chris | None
Joseph | None
Gloria | None
Adam | None
Daniel | None
Courtney | None
Ryan | None
Merrimon | None
Monika | None
Ryan | None
Brennan | None
Kayla | None
Mike | None
Luke | None
Ben | None
William | None
Michaela-Jo | None
Jennifer | None
Victoria | None
Gracen | None
Brandon | None
Zoe | None
Jordan | None
Mitchell | None
Dutch | None
Jaiana | None
Ryan | None
Becky | None
Sydney | None
Zach | None
Tonya | None
Kaylee | None
Camryn | None
Jake | None
Jack | None
Flint | None
Christopher | None
Brad | None
Bevin | None
Taylor | None
Lily | None
Erika | None
Eli | None
Spencer | None
Cameron | None
Emma | None
Max | None
Elda | None
Jessica | None
Ashley | None
Jonathan | None
Matt | None
Eric | None
Rob | None
Tobias | None
Finnley | None
Trish | None
Gia | None
Nimisha | None
Donya | None
Ashton | None
Michelle | None
Dina | None
Georgie | None
George | None
Mohamed | None
Erin | None
Mary | None
Jemima | None
Jennifer | None
Shakthi | None
Tatyna | None
Jennifer | None
Raven | None
allison | None
allison | None
brent | None
jackie | None
greg | None
matt | None
melissa | None
reginald | None
taylor | None
Erika | None
erin | None
chelsey | None
Claire Blount | None
Name | None
Matt Krayowski | None
Cameron Stober | None
Aubrey Manalastas | None
Misha Vause | None
Meredith Klosterman | None
Brittany Gosz | None
Mary-Peyton Betke | None
Erica Good | None
Catie Durand | None
Se’Dasia Love | None
Gabriela Macario | None
Alexandria Vitols | None
Matthew Goodie | None
Joe | None
Lori | None
Andrea | None
Aman | None
Alec | None
Jason | None
Karen | None
AANCHAL | None
Aaron | None
Aman | None
Amanda | None
Boris | None
Ari | None
Ryan | None
Ryan | None
Samantha | None
Sarah | None
schkena | None
Scott | None
Ruth | None
Sean | None
Shiela | None
Sid | None
Swetha | None
Tammi | None
Tara | None
Taylor | None
Shari | None
Thomas | None
Raechel | None
Paulo | None
Melissa | None
Michael | None
Michelle | None
Mikala | None
mike | None
Mikki | None
Priyanka | None
Neil | None
Nicole | None
Nikki | None
Osacar | None
PamellaVieedCamille | None
Patricia | None
Patrick | None
Nick | None
Toni | None
Tracy | None
Tyler | None
Gabrielle | None
Gladys | None
Gunther | None
Jalpa | None
Jenefer | None
Joshi | None
Filippo | None
Manuel | None
Matt | None
Michael | None
Montserrat | None
Nancie | None
Sam | None
Sharmaine | None
Mark | None
Eileen | None
Daniel | None
Dan | None
Vanessa | None
Vienna | None
Vishal | None
Wes | None
William | None
Yati | None
Ynah | None
Zhaira | None
Zienat | None
Aimee | None
Aisling | None
Anna | None
Austin | None
Brett | None
Cynthia | None
Megan | None
Marissa | None
Marissa | None
Mario | None
Drew | None
Dylan | None
Enrico | None
Erin | None
Ernest | None
Evert | None
Don | None
Giulia | None
Günther | None
Hayden | None
Hemalata | None
Imogen | None
Isabella | None
Ivana | None
Greg | None
Dominic | None
Denisse | None
Dan | None
Arian | None
Ashley | None
Austin | None
Avery | None
Bill | None
Blake | None
Marina | None
Branden | None
Bri | None
Brock | None
Bryan | None
Candy | None
Christina | None
Christine | None
Craig | None
Jake | None
Ansu | None
Janine | None
Jeff | None
Keshav | None
Kevin | None
Larry | None
Laura | None
Le | None
Lindsey | None
Katy | None
Lisa | None
Lorilei | None
Manny | None
Marco | None
Maria | None
Maria | None
Marie | None
Lisanne | None
Kathlene | None
Katarina | None
Karen | None
Jen | None
Jennifer | None
Jeremy | None
Jerome | None
Jessie | None
Joanne | None
Johanna | None
John | None
John | None
John | None
Jophiel | None
Josh | None
Josie | None
Julie | None
Jyotsana | None
Jared | None
Elana | None
Katrina | None
Erin | None
Tricia | None
Matt | None
Shannon | None
Kelli | None
Ashley | None
Isabel | None
Isaac | None
Isaac | None
Ireland | None
Hunter | None
Hunter | None
Isabel | None
Hunter | None
Hope | None
Ilza | None
Isabella | None
Isabelle | None
Isabella | None
Hope | None
Isabelle | None
Jabril | None
Jacinda | None
Jack | None
Jack | None
Jack | None
Jack | None
Jack | None
Jack | None
Isabella | None
Holly | None
Helaine | None
Helen | None
Grace | None
Grace | None
Grace | None
Grace | None
Grace | None
Grace | None
Hadley | None
Hadley | None
Hannah | None
Hannah | None
Hannah | None
Hannah | None
Hannah | None
Hannah | None
Harley | None
Harlie | None
Harlie | None
Haydan | None
Haydn | None
Hayley | None
Hayley | None
Jack | None
Holly | None
Jackson | None
Jacob | None
Jennilyn | None
Jenny | None
Jeremy | None
Jessica | None
Jewell | None
Jill | None
Jill | None
Jillian | None
Jillian | None
Joanna | None
Joe | None
Joe | None
Joey | None
John | None
John | None
John | None
John | None
John | None
Jonathon | None
Jonny | None
Jordan | None
Jordan | None
Jennifer | None
Jenna | None
Jenna | None
Jenna | None
Grace | None
Jacob | None
Jacob | None
Jacqueline | None
Jacquie | None
Jadyn | None
Jaimie | None
Jake | None
Jake | None
Jake | None
Jake | None
Jacob | None
Jake | None
Jamie | None
Janine | None
Jarod | None
Jaxon | None
Jay | None
Jazzmin | None
Jeanette | None
Jenna | None
Jenna | None
Jenna | None
Jenna | None
Jake | None
Grace | None
Gina | None
Ginx | None
Dean | None
Della | None
Demi | None
Derek | None
Derick | None
Deven | None
Devin | None
Devon | None
Diana | None
Dominic | None
Dominika | None
Drayton | None
Drew | None
Drew | None
Edgar | None
Elijah | None
Elisabeth | None
Elise | None
Eliza | None
Eliza | None
Elizabeth | None
Ella | None
Dayne | None
David | None
David | None
Darren | None
Connor | None
Conor | None
Cooper | None
Cora | None
Cort | None
Courtney | None
Courtney | None
Courtney | None
Cristina | None
Cristina | None
Ella | None
Dalton | None
Daniel | None
Daniela | None
Danielle | None
Danielle | None
Danielle | None
Danielle | None
Danielle | None
Danny | None
Darby | None
Darcy | None
Daniel | None
Ellen | None
Ellen | None
Ellie | None
Eric | None
Erica | None
Erin | None
Erin | None
Erin | None
Erin | None
Erin | None
Erin | None
Eryn | None
Evan | None
Emmie | None
Evani | None
Floyd | None
Francesca | None
Francis | None
Franz | None
Gabe | None
Gabriel | None
Gabriella | None
Garrett | None
Garrett | None
Gianna | None
Jordan | None
Farah | None
Gordon | None
Emma | None
Emma | None
Ellie | None
Ellie | None
Ellie | None
Ellise | None
Emery | None
Emilea | None
Emily | None
Emily | None
Emily | None
Emily | None
Emily | None
Emma | None
Emily | None
Emily | None
Emily | None
Emily | None
Emily | None
Emily | None
Emma | None
Emma | None
Emma | None
Emma | None
Emma | None
Emma | None
Emily | None
Jordan | None
Josh | None
Josh | None
Lucas | None
Luke | None
Luke | None
Luke | None
Lydia | None
Mackenzie | None
Mackenzie | None
Mackenzie | None
Mackenzie | None
Madalyn | None
Maddie | None
Maddie | None
Maddie | None
Maddie | None
Connor | None
Maddie | None
Maddie | None
Maddie | None
Maddix | None
Maddy | None
Madeline | None
Luca | None
Lowery | None
Logan | None
Liza | None
Lauren | None
Lauren | None
Lawrence | None
Leah | None
Leah | None
Leigh | None
Lexi | None
Lexi | None
Lexi | None
Lexi | None
Lexie | None
Madeline | None
Lia | None
Liam | None
Liam | None
Libbie | None
Libby | None
Lillian | None
Lily | None
Lindsay | None
Lindsey | None
Lindsey | None
Lindy | None
Lia | None
Lauren | None
Madelyn | None
Madison | None
Maryalys | None
Maryam | None
Maryam | None
Mary-Peyton | None
Matt | None
Matthew | None
Matty | None
Maura | None
Max | None
Maya | None
Maya | None
Kennedy | None
McKenna | None
McKenna | None
McKenna | None
McKenzie | None
Meagan | None
Megan | None
Megan | None
Megan | None
Kendra | None
Kendall | None
Mary | None
Mary | None
Mary | None
Mary | None
Madison | None
Madison | None
Madison | None
Madison | None
Madison | None
Madison | None
Madison | None
Madison | None
Maggie | None
Maggie | None
Maite | None
Mallory | None
Malori | None
Maren | None
Margaux | None
Margaux | None
Mariann | None
Marino | None
Marisa | None
Mark | None
Mark | None
Marlee | None
Makenzie | None
Jordan | None
Lauren | None
Lauren | None
Katherine | None
Katherine | None
Katherine | None
Katheryn | None
Katie | None
Katie | None
Katie | None
Katie | None
Katie | None
Katie | None
Katie | None
Katie | None
Katie | None
Katie | None
Katie | None
Kayla | None
Kayla | None
Kayla | None
Kayla | None
Kaylee | None
Kaylyn | None
Kaylyn | None
Keara | None
Kate | None
Kate | None
Kat | None
Josh | None
Joshua | None
Josie | None
Josie | None
Josie | None
Julia | None
Julia | None
Julia | None
Julia | None
Julia | None
Julianne | None
Keely | None
Julianne | None
Justus | None
Kacie | None
Kaely | None
Kaitlyn | None
Kaleb | None
Kalyn | None
Kamrin | None
Karen | None
Karly | None
Kasey | None
Kassidy | None
Justin | None
Lauren | None
Keith | None
Kellie | None
Krystal | None
Kyle | None
Kyle | None
Kyle | None
Kylie | None
Kylie | None
Kylie | None
Lacey | None
Laney | None
Larissa | None
Laura | None
Laura | None
Laura | None
Lauren | None
Lauren | None
Lauren | None
Lauren | None
Lauren | None
Lauren | None
Lauren | None
Lauren | None
Lauren | None
Kristin | None
Kristin | None
Kristen | None
Kristen | None
Kellie | None
Kelly | None
Kelly | None
Kelly | None
Kelsey | None
Kelsey | None
Kelsey | None
Kelsey | None
Kelsey | None
Kendal | None
Kelli | None
Kenzie | None
Kerry | None
Kevin | None
Kobe | None
Kobi | None
Kolton | None
Korina | None
Korinn | None
Kostin | None
Kenzie | None
Conner | None
Alexis | None
Colin | None
Karlie | None
Morgan | None
Zac | None
Kevin | None
Joshua | None
Morgan | None
Megan | None
Megan | None
Emelia | None
Jacob | None
Daisy | None
Clint | None
Amanda | None
Cameron | None
Patrick | None
Ben | None
Georgia | None
Austin | None
Spencer | None
Emma | None
Molly | None
Erin | None
Pat | None
Zoe | None
Alex | None
Andrea | None
Benton | None
Jackie | None
Sophia | None
Andrew | None
Brendan | None
Collin | None
Brandon | None
Philip | None
Erin | None
Andrew | None
Drake | None
Talley | None
Sinclair | None
David | None
Courtney | None
Madeline | None
Madison | None
Kendra | None
Isaac | None
Mia | None
Mya | None
Raeana | None
Rory | None
Sam | None
Sean | None
Tessa | None
Tycie | None
Virginia | None
Claire | None
Sarah | None
Francesca | None
Miguel | None
Anthony | None
Silvestro | None
Andrew | None
Mackenzie | None
Brogen | None
Brianna | None
Madison | None
Aubree | None
Kiana | None
katie | None
Jade | None
Hannah | None
Drey | None
Marissah | None
Olivia | None
Sofia | None
Tyree | None
Riley | None
Lauren | None
Haley | None
Jenelle | None
Emma | None
Morgan | None
Marissa | None
Matthew | None
Billy | None
Olivia | None
Kelsey | None
Kenzie | None
Maddy | None
Amy | None
Carly | None
Dean | None
Gabrielle | None
Easton | None
Isabelle | None
Sean | None
James | None
Nick | None
Deepak | None
Rachel | None
Steven | None
Mickey | None
Steve | None
Aaron | None
Stephen | None
Kaylee | None
Drew | None
Alex | None
William | None
Rajkumar | None
Madelyn | None
Bryce | None
Samuel | None
Macy | None
Bilal | None
Erin | None
Brandon | None
Cory | None
Julie | None
Matthew | None
Donna | None
Dennis | None
JAMES | None
Joey | None
Jacqueline | None
Bryan | None
Joseph | None
Adrienne | None
Usama | None
Trent | None
Sarah | None
Mia | None
Libby | None
William | None
Storm | None
Izzy | None
Melissa | None
Christina | None
Steven | None
Taylor | None
Dan | None
Katie | None
Blake | None
Rachael | None
Jenna | None
Shelby | None
Teresa | None
Conner | None
Alex | None
Margaret | None
Jacob | None
Tyrek | None
Jenny | None
Charles | None
Gravatt | None
Ronald | None
Patrick | None
Elizabeth | None
Sydney | None
Michael | None
Naser | None
Meghan | None
Sarah | None
Abby | None
Chase | None
Maggie | None
Ann | None
Emily | None
Ryann | None
Sapna | None
Mitch | None
Marshall | None
Katie | None
Katie | None
Angela | None
Mahbub | None
Meghan | None
Haydan | None
Andrea | None
Lauren | None
Liz | None
Jeremy | None
Anthony | None
Mya | None
Matthew | None
Stephanie | None
Alyssa | None
Kristen | None
Kurt | None
Torri | None
John | None
Karly | None
Megan | None
Harper | None
Lauren | None
Heidi | None
Sophie | None
Irvin | None
Devin | None
Emalie | None
Quentin | None
Logan | None
Clay | None
Karolyne | None
Lauren | None
Brionni | None
Brittany | None
Brittany | None
Bronwyn | None
Brooke | None
Brooklyn | None
Bryn | None
Cade | None
Cade | None
Caitlin | None
Caitlyn | None
Caleigh | None
Cameron | None
Cameron | None
Cameron | None
Cameron | None
Cami | None
Cami | None
Camille | None
Camille | None
Camryn | None
Cara | None
Bridget | None
Brianna | None
Brianna | None
Ben | None
Berkeley | None
Bill | None
Billie | None
Brady | None
Brandon | None
Brandon | None
Brandon | None
Brandon | None
Brantley | None
Carly | None
Breanne | None
Brenan | None
Brendan | None
Brenden | None
Brenden | None
Brenna | None
Brent | None
Brenton | None
Brian | None
Brianna | None
Brianna | None
Breanne | None
Ben | None
Carly | None
Caroline | None
Chandler | None
Charissa | None
Charlie | None
Chase | None
Chase | None
Chelsee | None
Chloe | None
Chloe | None
Chloe | None
Chris | None
Christian | None
Christie | None
Christopher | None
Christopher | None
Christopher | None
Clarke | None
Clayton | None
Cody | None
Cody | None
Cole | None
Colin | None
Chandler | None
Celynn | None
Celsea | None
Cayla | None
Caroline | None
Caroline | None
Caroline | None
Caroline | None
Caroline | None
Caroline | None
Caroline | None
Caroline | None
Caroline | None
Caroline | None
Carly | None
Caroline | None
Carolyn | None
Carrie | None
Carrie | None
Carson | None
Carthen | None
Casey | None
Cassidy | None
Cassie | None
Catherine | None
Catherine | None
Catherine | None
Caroline | None
Beau | None
Baylee | None
Adam | None
Alana | None
Alec | None
Aleksandr | None
Alex | None
Alex | None
Alex | None
Alex | None
Alex | None
Alex | None
Alex | None
Alexa | None
Alexa | None
Alexandra | None
Alexandra | None
Alexandra | None
Alexandra | None
Alexis | None
Alexis | None
Alexis | None
Alexis | None
Ali | None
Alicia | None
Abigail | None
Abigail | None
Abigail | None
Abigail | None
Ashley | None
Antonio | None
Nico | None
Addison | None
Mercedes | None
Brad | None
Karsten | None
Taryn | None
Heather | None
Ashlin | None
Allie | None
Ilona | None
Nina | None
Quin | None
Zahng | None
Autumn | None
Aaron | None
Abby | None
Abby | None
Abby | None
Abby | None
Abby | None
Abby | None
Allie | None
Allie | None
Arizona | None
Ashleigh | None
Ashley | None
Ashley | None
Ashley | None
Ashley | None
Ashley | None
Ashley | None
Ashley | None
Ashton | None
Ashton | None
Anthony | None
Ashton | None
Austen | None
Austin | None
Austin | None
Austin | None
Autumn | None
Ava | None
Ava | None
Ava | None
Avery | None
Azaria | None
Bailey | None
Aubrey | None
Colin | None
Annie | None
Anna | None
Allie | None
Allison | None
Allison | None
Allison | None
Allyson | None
Aly | None
Alyssa | None
Alyssa | None
Annalise | None
Alyssa | None
Amanda | None
Amanda | None
Amanda | None
Amelia | None
Andre | None
Andrea | None
Andrea | None
Andrew | None
Angela | None
Anna | None
Alyssa | None
Ben | None
Megan | None
Megan | None
Alexandra | None
Kourtney | None
Kassie | None
Rachel | None
Alyssa | None
Julia | None
Annabelle | None
Alyssa | None
Lauren | None
Savannah | None
Olivia | None
Jiah | None
Kendall | None
Kennedy | None
Rebekah | None
Lexi | None
Matthew | None
Danielle | None
Tanner | None
Kayla | None
MaKayla | None
Kenzie | None
Nicholle | None
Caroline | None
Thomas | None
Caleb | None
Rebecca | None
Madison | None
Susannah | None
Sydney | None
Ariel | None
Emma | None
Dana | None
Max | None
Saba | None
Mia | None
Fiona | None
Tea | None
Jerry | None
Victoria | None
Jasmine | None
Ashley | None
Trevor | None
Brett | None
Camryn | None
Bauer | None
Jesus | None
Randy | None
Bailey | None
Paul | None
Christopher | None
Kara | None
Maddie | None
Lucia | None
Brandee | None
Nicolai | None
Jessica | None
Sydney | None
Lexie | None
Nicole | None
Toby | None
Katherine | None
Jessica | None
Jessica | None
Jessica | None
Sydney | None
Sydney | None
Hannah | None
Cole | None
Kylie | None
Sophie | None
Isabelle | None
Renee | None
Sarah | None
Katherine | None
Julia | None
Bronwen | None
Cody | None
Andre | None
SaraLynn | None
Erica | None
Gianna | None
Abigail | None
Gabriella | None
Milan | None
Bob | None
Jacob | None
Evan | None
Kathryn | None
Katherine | None
Lisa | None
Isabella | None
Nick | None
Grace | None
Hanna | None
Zachary | None
Ashley | None
Danyel | None
Ali | None
Sierra | None
Rebecca | None
Brent | None
Stephanie | None
Bernie | None
Alyssa | None
Madi | None
Matthew | None
Hanna | None
Colton | None
Lydia | None
Caroline | None
Gabriel | None
Claire | None
Ansley | None
Kayla | None
Bowie | None
Jason | None
Annie | None
Anna | None
Neha | None
Malia | None
Gabriella | None
Jenna | None
Sydney | None
Zoe | None
Lindsey | None
Emily | None
Chase | None
Chris | None
McKenna | None
Alyssa | None
Corrin | None
Marissa | None
Nichole | None
Riley | None
Kenedy | None
Zach | None
Jonathan | None
Anthony | None
Emma | None
Juliana | None
Emma | None
Jen | None
Emmala | None
Sarah | None
Joseph | None
Allison | None
Wyatt | None
Sophie | None
Kathryn | None
James | None
Joseph | None
Emily | None
ron | None
Caylee | None
Nikki | None
Tate | None
morning | None
Thomas | None
Jessica | None
Jessica | None
Catherine | None
Maddy | None
Morgan | None
Kayla | None
Molly | None
Aylin | None
Avery | None
Ashton | None
Jessen | None
Ann | None
Sydney | None
Kaitlin | None
Peyton | None
John | None
Carlin | None
Raelyn | None
Eric | None
Samantha | None
Daniel | None
Katelyn | None
Rudy | None
Julianna | None
Collin | None
Curtis | None
Leesa | None
Erin | None
Seth | None
LaCresha | None
Sean | None
Khalilla | None
Aaron | None
David | None
Jorde | None
Daquan | None
Mel | None
paul | None
Julia | None
Jon | None
Kelly | None
Summer | None
Cooper | None
Ryan | None
Gauri | None
Joe | None
Lily | None
Jessi | None
Juan | None
Wayne | None
Stephanie | None
Ella | None
Nikhil | None
Keila | None
Matt | None
Taylor | None
Casey | None
Lexi | None
Tori | None
Celeste | None
Rachel | None
Irvin | None
David | None
Kelley | None
Paolo | None
William | None
Jane | None
Sahar | None
Kelsey | None
Katie | None
Ross | None
Maria | None
Lillian | None
Benjamin | None
Alex | None
Julian | None
Janice | None
Shelby | None
Alissa | None
Chelsea | None
Catrina | None
Becca | None
Lucas | None
Alexander | None
Jake | None
Gavin | None
Olivia | None
Madeline | None
Eryn | None
Brooke | None
Tara | None
Brianna | None
Allison | None
Bryan | None
Kenny | None
Chris | None
JT | None
Kelly | None
Devin | None
Pat | None
Joshua | None
Ciara | None
Jenna | None
Andrew | None
Emma | None
Holly | None
Kasey | None
Sammy | None
Morgan | None
Samantha | None
Ellie | None
Kayla | None
Hope | None
Chris | None
Mckenna | None
Brian | None
Saloni | None
Alli | None
Sophia | None
Kylee | None
Nicole | None
Jill | None
Ryan | None
Marissa | None
Josh | None
Nicholas | None
Isaiah | None
Gracie | None
Emily | None
Eleanor | None
Giovanna | None
Tierra | None
Robbi | None
Michael | None
Shea | None
Eva | None
Greg | None
Milan | None
Lindsey | None
Ksenia | None
Charles | None
Carly | None
Veronica | None
Olivia | None
Belle | None
Mckenzee | None
Catherine | None
Kate | None
Jacob | None
Blake | None
Gabriel | None
Vanessa | None
Savannah | None
Reagan | None
Melissa | None
Bianca | None
Annie | None
Ali | None
Jadyn | None
Daisy | None
Katelyn | None
Axel | None
Jaclyn | None
Alexandra | None
Michael | None
Emily | None
Staci | None
Maddie | None
Christine | None
Regan | None
Meghan | None
Hannah | None
Kacy | None
Olivia | None
Izzi | None
Kendall | None
Marcues | None
Lauren | None
Amber | None
Aemelia | None
Alexandra | None
Leila | None
Catie | None
Haley | None
Jasmine | None
Tim | None
Michaela | None
Austin | None
Anastasia | None
Stephanie | None
Melody | None
Olivia | None
Lindsay | None
Amanda | None
Tyler | None
Diego | None
Stacy | None
Alec | None
Adam | None
Cade | None
Max | None
Sierra | None
Sydney | None
Lauren | None
Bryce | None
Piper | None
Alex | None
Madison | None
grace | None
Alex | None
Cameron | None
Jessica | None
Joseph | None
Joseph | None
Kylie | None
Anthonee | None
Megan | None
Shelby | None
Brett | None
Karli | None
Lorna | None
Grant | None
Hannah | None
Rachel | None
Sally | None
Benjamin | None
Brooke | None
Courtney | None
Theresa | None
Marley | None
Kelly | None
Meredith | None
Lauren | None
Sammie | None
Eric | None
Hannah | None
Chloe | None
Chloe | None
Natalie | None
Amanda | None
Blake | None
Samantha | None
Lexi | None
Madison | None
Marissa | None
Caitlin | None
Aleah | None
Laura | None
Brad | None
Kristen | None
Jeffrey | None
Diane | None
Morgan | None
Zunika | None
Jonathon | None
Ovie | None
Frankie | None
Alyson | None
Brett | None
Kaylie | None
Julia | None
Kaitlyn | None
Carly | None
John | None
Ryan | None
Taylor | None
Georgia | None
Megan | None
Ella | None
Kelly | None
Alexandria | None
Becca | None
Joey | None
Bri | None
Victoria | None
Erica | None
Marius | None
Luke | None
Matthew | None
Keith | None
Alex | None
Nick | None
Sarah | None
Matthew | None
Carolyn | None
Brooke | None
Clarissa | None
Julia | None
Erica | None
Olivia | None
Elizabeth | None
Dylan | None
Diana | None
Samantha | None
Steve | None
Lindsay | None
Kathryn | None
Dustin | None
Matt | None
Drew | None
Ashley | None
Jazmin | None
Spencer | None
Samantha | None
Patrick | None
Cori | None
Jacob | None
Samuel | None
Sarah | None
Kasey | None
Emily | None
James | None
Carley | None
Morgan | None
Laine | None
Morgan | None
Maggie | None
Anna | None
Morgan | None
Owen | None
Auriella | None
Emily | None
Allie | None
Hope | None
Aly | None
Kymble | None
Sydney | None
Erika | None
Gage | None
Cici | None
Christine | None
Kian | None
Jordan | None
Matthew | None
katie | None
paul | None
jonathan | None
Chad | None
John | None
Crystal | None
Mark | None
Lindsey | None
Cecil | None
Alex | None
Kim | None
Sarah | None
Cassie | None
Andrew | None
Kristen | None
Caroline | None
Adrienne | None
Emily | None
Vanessa | None
Wes | None
Becca | None
Jessica | None
Tim | None
Sekhar | None
McKenzie | None
Jordan | None
Stephen | None
Michelle | None
Chasity | None
Tia | None
Daisha | None
Erika | None
Paige | None
Jim | None
Marlana | None
Janelle | None
Gareth | None
Jessica | None
Gus | None
Brindy | None
Katie | None
Brian | None
Jake | None
Rashi | None
Kristen | None
Robyn | None
Cyrus | None
Lauren | None
Drew | None
Alex | None
Robin | None
Claire | None
Christian | None
Brian | None
Bala | None
Jared | None
Chris | None
Jason | None
Hannah | None
Andrew | None
Patrick | None
Shane | None
Anna | None
Sam | None
Courtney | None
Kelsey | None
Arielle | None
Madison | None
Devon | None
Bradley | None
Oluwaseyi | None
Katrina | None
Cillian | None
Micah | None
Courtney | None
Sowmya | None
Rachel | None
Zachary | None
James | None
Christian | None
Pierre | None
Diego | None
Kesha | None
Shanay | None
William | None
Wynn | None
Claire | None
Babalola | None
Amber | None
Yolanda | None
Ryan | None
Paige | None
Audrey | None
Ashley | None
Standard | None
Matt | None
Venessa | None
Gabrielle | None
Dawit | None
Erica | None
Lauren | None
Erin | None
Carol | None
Cacenta | None
Lucie | None
Charleia | None
Paige | None
David | None
Madeleine | None
Bob | None
Kailey | None
Ryan | None
Gowri | None
Caitlin | None
Laura | None
Sarthak | None
Natalie | None
Alexandra | None
Garima | None
Andee | None
Sara | None
Flynn | None
Ravindra | None
Kelly | None
Josiah | None
Dahlin | None
Venkatesh | None
Brittany | None
Kristy | None
Will | None
Devin | None
Hallie | None
Diana | None
Stephanie | None
Christie | None
Stephen | None
Maddie | None
JordannKingston | None
Jeremy | None
Lauren | None
Vanessa | None
Gabrielle | None
Todd | None
Angelea | None
Daniel | None
Angela | None
Georgia | None
Elizabeth | None
Caroline | None
Danielle | None
Jekelvin | None
Judy | None
Courtney | None
Christie | None
Kendall | None
Mario | None
Kiley | None
Tyler | None
Erasmo | None
Rusty | None
Megan | None
Pete | None
Joseph | None
Karly | None
Alex | None
Stephanie | None
Alanna | None
William | None
Caroline | None
Gage | None
Narain | None
Michael | None
Sarah | None
Ali | None
Chadwick | None
Kylie | None
Sunny | None
Alan | None
Sudhansu | None
Victor | None
Soujanya | None
Meredith | None
Olivia | None
Trey | None
Aubrey | None
David | None
Djenaba | None
Katie | None
Luke | None
Taylor | None
Henry | None
Isabella | None
Katy | None
Emma | None
Lacey | None
Natalie | None
Shayauna | None
Suresh | None
Chris | None
Jordan | None
Nick | None
Juliana | None
Courtney | None
Jake | None
Tim | None
Daunte | None
Natalie | None
Lillie | None
Julianna | None
Alexis | None
Callie | None
Madison | None
Vanessa | None
Meghan | None
Rhonda | None
Kyle | None
Payal | None
Fan | None
Jeremy | None
Steve | None
Kyle | None
Gabby | None
Kinte | None
Corey | None
Julia | None
John | None
Manav | None
Andrea | None
Natalie | None
Nerea | None
Fiona | None
Casey | None
Natalie | None
Karah | None
Grace | None
Kallie | None
Mahalia | None
Alex | None
Sophie | None
Claire | None
Bobby | None
Renée | None
Mary | None
Tyler | None
Ryan | None
Makenzie | None
Lara | None
Colleen | None
Stephen | None
Morgan | None
Steve | None
Carlie | None
Grady | None
Jenna | None
Sydney | None
Macayla | None
Darrell | None
Adam | None
Yasmin | None
Kaitlin | None
Erica | None
Kaitlin | None
Elese | None
Megan | None
Robert | None
Jared | None
Dominique | None
Sara | None
Erin | None
Sami | None
Kelsey | None
Charlotte | None
Michelle | None
Clay | None
Matthew | None
Austin | None
Santonya | None
Elizabeth | None
Alex | None
Kylie | None
Sarah | None
Rebecca | None
Maria | None
Nick | None
John | None
Somer | None
Megan | None
Emily | None
Liam | None
Lewis | None
Max | None
Van | None
Sharon | None
Carly | None
Lexi | None
Cesar | None
Giorgio | None
Julia | None
Natalie | None
Amber | None
Siddhartha | None
Manasa | None
Alexa | None
Brooke | None
Mary | None
John | None
Tara | None
Lindsay | None
Amanda | None
Diego | None
Chantelle | None
Nate | None
Nicholas | None
Zach | None
Olivia | None
Haley | None
Kayla | None
Samantha | None
Vanessa | None
Carly | None
Megan | None
Lexi | None
Emily | None
Jordan | None
Nicholas | None
Jacob | None
Meghana | None
Jose | None
Kate | None
Samantha | None
Kamila | None
Abbie | None
Emme | None
David | None
Jack | None
Wynser | None
Arden | None
Amirica | None
Mya | None
Joseph | None
Lucie | None
Sarah | None
Melissa | None
Madison | None
ian | None
Cade | None
Nikki | None
Gianna | None
Christina | None
Noelle | None
Hadley | None
Sebastian | None
Miriam | None
Lauren | None
Eleanor | None
Jonnathan | None
William | None
Isabella | None
Haley | None
Julia | None
Genevieve | None
Carlee | None
Nikolas | None
Robert | None
Lauren | None
Tessa | None
Davis | None
Ben | None
Kaelyn | None
John | None
David | None
Kristin | None
Daniel | None
Grant | None
Abigail | None
Briana | None
Matthew | None
Kurt | None
Victoria | None
Rachel | None
Elizabeth | None
Steve | None
Pravin | None
Gracie | None
Nancy | None
Alisha | None
Cassidy | None
Jason | None
Timothy | None
Halena | None
Hillary | None
Courtney | None
Jada | None
Drew | None
Dan | None
Jack | None
Ashley | None
Zachary | None
Jeff | None
Tori | None
Christopher | None
Steve | None
Steve | None
Lauren | None
Layne | None
Phillip | None
Alexis | None
Zachary | None
Brian | None
Jaime | None
Rachel | None
Derek | None
Denise | None
Anish | None
Satorie | None
Jackson | None
Viviana | None
Jeremy | None
Steve | None
Laura | None
Cole | None
Karthik | None
Alexandra | None
Katie | None
Sarah | None
Murielle | None
Brandy | None
Kate | None
Mariela | None
Devi | None
Ernest | None
Jeremy | None
Nicki | None
James | None
Emily | None
Madison | None
Wendell | None
Colby | None
Jakayla | None
Nico | None
Shahista | None
Dean | None
Gabby | None
Archit | None
Jason | None
Mckenna | None
Haylie | None
Shannon | None
Arrie | None
Savannah | None
James | None
Kirsten | None
Michael | None
Kelly | None
Marley | None
Stephanie | None
Morgan | None
Valeria | None
Jordan | None
Amanda | None
Matt | None
Kayleigh | None
Dominique | None
Madison | None
Taylor | None
Giavanna | None
Karen | None
Aynsley | None
Nicole | None
Brooke | None
Daler | None
Julia | None
McKenzie | None
Dillon | None
OMEED | None
Robert | None
Adam | None
McKenzie | None
Rin | None
Jared | None
Erika | None
John | None
Taylor | None
Jenna | None
Brian | None
Jeff | None
Rion | None
Chris | None
Reid | None
Toyin | None
Elizabeth | None
Ann | None
Nick | None
Hannah | None
Ellie | None
Jameson | None
Jessica | None
Abby | None
Eli | None
Nicholas | None
Raphael | None
Nikki | None
Samuel | None
Ryan | None
Deborah | None
Daniella | None
Nashwa | None
Parker | None
Nicolle | None
Zack | None
Makaley | None
Kyle | None
Koryna | None
Jessica | None
Phillip | None
Kaki | None
Bernie | None
Abby | None
Chloe | None
Annie | None
Kamryn | None
Norah | None
Emma | None
Kristen | None
Aaron | None
Gabby | None
Peter | None
Brittney | None
Cole | None
Karli | None
Ashley | None
Trisha | None
Hannah | None
Claire | None
Rebecca | None
Jane | None
Jonathan | None
Jessica | None
Isaac | None
Milad | None
Kelsey | None
Jenny | None
Jake | None
Irem | None
Ibrahim | None
Hannah | None
Courtney | None
Christina | None
Alex | None
Wunmi | None
Devan | None
Amber | None
Monroe | None
Jensen | None
Jack | None
Sofia | None
Shannon | None
Virginia | None
Regan | None
Bryce | None
Ryan | None
Steven | None
Ericka | None
Vida | None
Ellie | None
Corbin | None
Mathew | None
Elise | None
Trevon | None
Jenn | None
Caroline | None
Melanie | None
Jacob | None
Sarah | None
Makayla | None
Alec | None
Melanie | None
Ashleigh | None
Zoe | None
Zoe | None
Zoe | None
Emily | None
Zoe | None
Zach | None
Zach | None
Yasmin | None
William | None
Will | None
Wil | None
Virginia | None
Veronica | None
Veronica | None
Tyler | None
Tyler | None
Tyler | None
Tyler | None
Zachary | None
Audrey | None
Jeremy | None
Joseph | None
John | None
Tim | None
Courtney | None
Brian | None
Taylor | None
Abigail | None
Paige | None
Virginia | None
Megan | None
Jackson | None
Claire | None
Caroline | None
Caroline | None
Ada | None
Tyler | None
Skyler | None
Paige | None
Susan | None
Ashleigh | None
Gabriella | None
Meredith | None
Sophie | None
Maya | None
Lexi | None
Jake | None
Emma | None
Claire | None
Claire | None
Griffin | None
Troy | None
Emily | None
Lucas | None
Taylor | None
Sloane | None
McGregor | None
Isabella | None
Evan | None
Chambers | None
Avery | None
Spencer | None
Jessica | None
Jaylen | None
Grace | None
Courtney | None
Will | None
Tinsley | None
Julie | None
Isabelle | None
Holden | None
Evan | None
Colin | None
Vannis | None
Jonathan | None
Avery | None
Scott | None
Sarah | None
Moze | None
Kylie | None
Jessica | None
Hillary | None
Jacob | None
Kaelyn | None
Maggie | None
Alexis | None
Katie | None
Kassidy | None
Kaitlin | None
David | None
Christine | None
Madison | None
Kiana | None
Michael | None
Maya | None
Emma | None
Daniella | None
Robert | None
Keri | None
Lexi | None
Joseph | None
Stephanie | None
Francheska | None
Alexis | None
Spencer | None
Emma | None
Gable | None
Tyler | None
Dylan | None
Domenique | None
Ava | None
Megan | None
Jacob | None
Courtney | None
Jeremiah | None
Hailey | None
Eva | None
Hailee | None
Andrew | None
Garrett | None
Brock | None
Ryan | None
Gianna | None
Courtney | None
Keeley | None
Caden | None
Faith | None
Sydney | None
Madison | None
Madeline | None
Sarah | None
Lauren | None
Mike | None
Kerri | None
Henry | None
Alistair | None
Darcy | None
Claire | None
Tara | None
Rachel | None
Hannah | None
Andrew | None
Allen | None
Wendy | None
Nikki | None
Max | None
Maria | None
Adam | None
Jackson | None
Samantha | None
McKenna | None
Katie | None
Bensu | None
Angela | None
Jenna | None
Makenzi | None
Carleigh | None
Josh | None
Jetton | None
Rob | None
Jared | None
Larry | None
Emily | None
Ashley | None
Tanner | None
Sully | None
Samuel | None
Rebecca | None
Justyn | None
Haley | None
Ethan | None
Victoria | None
Emilyanna | None
Andrew | None
Catherine | None
Sienna | None
Marcus | None
Mariah | None
Natalie | None
Trevor | None
Trent | None
Paige | None
Paige | None
Paige | None
Paige | None
Olivia | None
Olivia | None
Olivia | None
Olivia | None
Olivia | None
Olivia | None
Olivia | None
Olivia | None
Olivia | None
Paige | None
Olivia | None
Olivia | None
Olivia | None
Olivia | None
Oderaa | None
Nolan | None
Nolan | None
Nolan | None
Noam | None
Nnamdi | None
Nina | None
Nina | None
Nicolette | None
Nicolette | None
Olivia | None
Paige | None
Paige | None
Parker | None
Richard | None
Richard | None
Rhyan | None
Reilly | None
Reile | None
Reed | None
Rebecca | None
Rebecca | None
Raven | None
Raquel | None
Randi | None
Rae | None
Rachel | None
Rachel | None
Rachel | None
Rachel | None
Rachel | None
Rachel | None
Rachael | None
Price | None
Porter | None
Peyton | None
Peter | None
Payton | None
Payton | None
Paul | None
Patricia | None
Parker | None
Nicole | None
Ricky | None
Nicole | None
Nicole | None
Monica | None
Molly | None
Molly | None
Molly | None
Miller | None
Miller | None
Mike | None
Mike | None
Mike | None
Mikalann | None
Michelle | None
Michelle | None
Michael | None
Michael | None
Michael | None
Michael | None
Mia | None
Meredith | None
Melissa | None
Melissa | None
Mel | None
Meghan | None
Megan | None
Megan | None
Megan | None
Michael | None
Morgan | None
Morgan | None
Morgan | None
Nicole | None
Nicole | None
Nicole | None
Nicole | None
Nicki | None
Nick | None
Nick | None
Nick | None
Nicholas | None
Nicholas | None
Nicholas | None
Nichol | None
Nic | None
Nate | None
Nate | None
Natasha | None
Natasha | None
Natalie | None
Natalie | None
Natalie | None
Natalie | None
Natalie | None
Natalee | None
Najla | None
Nadine | None
Mounika | None
Morgan | None
Morgan | None
Morgan | None
Nicole | None
Trevor | None
Riley | None
Riley | None
Taylor | None
Taylor | None
Taylor | None
Tawni | None
Tatum | None
Tatum | None
Taryn | None
Tara | None
Tanner | None
Talle | None
T | None
Sydnie | None
Sydney | None
Taylor | None
Sydney | None
Sydney | None
Sydney | None
Sydney | None
Sydney | None
Sydney | None
Susie | None
Summer | None
Summer | None
Steven | None
Steven | None
Steve | None
Stephen | None
Stephanie | None
Sydney | None
Taylor | None
Taylor | None
Taylor | None
Tori | None
Tori | None
Tori | None
Tori | None
Tony | None
Toni | None
Tommy | None
TJ | None
TJ | None
Tim | None
Tim | None
Tim | None
Tiffany | None
Tiffany | None
Tiffany | None
Tessa | None
Tessa | None
Terry | None
Temo | None
Tea | None
Taylor | None
Taylor | None
Taylor | None
Taylor | None
Taylor | None
Taylor | None
Taylor | None
Taylor | None
Taylor | None
Stephanie | None
Riley | None
Stephanie | None
Sarah | None
Sammy | None
Sammie | None
Sami | None
Samara | None
Samantha | None
Samantha | None
Samantha | None
Samantha | None
Samantha | None
Sam | None
Sam | None
Sadie | None
Sarah | None
Sabrina | None
Ryan | None
Ryan | None
Ryan | None
Ryan | None
Ryan | None
Ryan | None
Ryan | None
Ryan | None
Russ | None
Rudy | None
Rose | None
Rosalia | None
Rob | None
Ryane | None
Sarah | None
Sarah | None
Sarah | None
Stephanie | None
Steph | None
Spencer | None
Soham | None
Sofia | None
Skylar | None
Silas | None
Sierra | None
Shelby | None
Shelby | None
Shelby | None
Shelby | None
Shannon | None
Shannon | None
Shane | None
Shane | None
Seth | None
Sesely | None
Seneca | None
Sean | None
Sean | None
Scott | None
Scott | None
Schuyler | None
Scarlett | None
Savannah | None
Savannah | None
Savanna | None
Stephanie | None
Megan | None
Victoria | None
Mackenzie | None
Marissa | None
Meg | None
Aden | None
Erica | None
Emma | None
Emily | None
Maggie | None
Alexander | None
Darren | None
Zach | None
Ashley | None
Samantha | None
Ryan | None
Hannah | None
Kennedy | None
Olivia | None
Katherine | None
Alexa | None
Ian | None
Ellen | None
Megan | None
Sofia | None
Grace | None
Grinning | None
Claudia | None
Sheri | None
Avery | None
Jennifer | None
Grayson | None
Alex | None
Viviana | None
Emmet | None
Evelyn | None
Boaz | None
Violet | None
Julianna | None
Evan | None
Megan | None
Chase | None
Madison | None
Julia | None
Katherine | None
Ben | None
Kiara | None
Megan | None
Madeline | None
Candice | None
Candace | None
Carlie | None
Dana | None
Megan | None
Patrick | None
Julia | None
Nicoletta | None
Alex | None
Alexandra | None
Amanda | None
Jolene | None
Samantha | None
Aidan | None
Maham | None
Chloe | None
Kaley | None
Tiffanie | None
Danny | None
Ali | None
Kristen | None
Sage | None
Bryant | None
Casey | None
Emily | None
Megan | None
Eric | None
Ryan | None
Austin | None
Kristen | None
Haley | None
Lucas | None
Jonathan | None
Ashley | None
Arielle | None
Josh | None
Nicholas | None
Vanessa | None
Madison | None
Morgan | None
Abigail | None
Travis | None
Emma | None
Gunar | None
Cole | None
Emma | None
Darius | None
Kristjana | None
Michael | None
Maria | None
David | None
Elise | None
Diana | None
Isabella | None
Josiah | None
Daniel | None
Matthew | None
Evan | None
Lyndsey | None
Zane | None
Grace | None
Alex | None
Dominick | None
Ezekiel | None
Will | None
Anna | None
Francesca | None
Anna | None
Lindsey | None
Rachell | None
Michael | None
Caroline | None
Heather | None
Jessica | None
Alexis | None
Lauren | None
Samantha | None
Bobby | None
Cortney | None
Tyler | None
Briana | None
Noah | None
Khari | None
Chase | None
Kate | None
Sydney | None
Carley | None
Aidan | None
Lauren | None
Harvey | None
Mathew | None
Jenna | None
Allison | None
Tara | None
Michael | None
Maddie | None
Ella | None
Kristen | None
Austin | None
Kyle | None
Kate | None
Micah | None
Rhiannon | None
Elizabeth | None
Alex | None
Kyle | None
David | None
Sarah | None
Whitney | None
Duncan | None
Savannah | None
Zachary | None
Seonna | None
Loren | None
Kelsey | None
Aubree | None
Gabby | None
Jackie | None
Riley | None
Julianna | None
Timothy | None
Kyle | None
Payton | None
Dakota | None
Stone | None
Lexi | None
Kate | None
Shelby | None
Megan | None
Dylan | None
Charlotte | None
Robert | None
Nick | None
Quinn | None
Sam | None
Molly | None
Moriah | None
Josh | None
Patrick | None
Jaise | None
Fernando | None
Kat | None
Taylor | None
Leah | None
Brianna | None
Dominic | None
Alyssa | None
Steve | None
Janey | None
Tamar | None
Mike | None
Kenny | None
Ashlee | None
Jessica | None
Sarah | None
Cassandra | None
Lindsay | None
Catherine | None
Caitlin | None
Margaret | None
Laney | None
Kian | None
Michael | None
John | None
Victoria | None
Bianca | None
Morgan | None
Lena | None
Samantha | None
Jennifer | None
John | None
Megan | None
Gabrielle | None
Jake | None
Cody | None
Maddie | None
Jessica | None
Will | None
Ben | None
Anna | None
Neemat | None
Sydney | None
Amber | None
Connor | None
Lucy | None
Maddie | None
Wyatt | None
Nolan | None
Mitchell | None
Sophia | None
Philip | None
Sydney | None
Andrew | None
Lane | None
Janey | None
Emily | None
Jessica | None
Kyle | None
Karissa | None
Savannah | None
Jess | None
Emily | None
Frank | None
Preston | None
Anna | None
Molly | None
Caroline | None
Bill | None
Chelsea | None
Jennifer | None
Nicholle | None
Jordan | None
Alex | None
Lindsay | None
Megan | None
Grace | None
Mason | None
Jordan | None
Libby | None
Rachel | None
Delaney | None
Trevlyn | None
Allison | None
Julia | None
Keara | None
Erin | None
Francesca | None
Marissa | None
Remington | None
Kinsey | None
Nikolas | None
Anna | None
Hannah | None
Liam | None
Hailee | None
Trevor | None
Taylor | None
Kevin | None
Carly | None
Isabella | None
Peyton | None
Alissa | None
Patrick | None
Morgan | None
Allison | None
Michael | None
Stacey | None
Abigail | None
Bianca | None
Lauren | None
Jennie | None
Kelly | None
Kelsey | None
Maddie | None
Jordan | None
Kaitlyn | None
Parker | None
Paige | None
Caroline | None
Alix | None
Grace | None
Annabel | None
Dylan | None
Brett | None
Trevor | None
Nicholas | None
Kellie | None
Lani | None
Benjamin | None
Austin | None
Ciara | None
Haley | None
Sandra | None
Spencer | None
Alec | None
Sarah | None
Peyton | None
Emily | None
Mandy | None
Kelly | None
Mike | None
Audrey | None
Doug | None
Lexie | None
Jeremy | None
Jalen | None
Mason | None
Kyle | None
Elijah | None
Dominique | None
Julianne | None
Hillary | None
Nic | None
Francesca | None
Ashley | None
Ali | None
Sydney | None
Natalie | None
Kayla | None
Grace | None
George | None
Lindsay | None
Mary | None
Kirsten | None
Levi | None
Sommer | None
Nimrit | None
Lindsay | None
Emily | None
Maddy | None
Kylie | None
Sophia | None
Samantha | None
Devan | None
Mollie | None
Paige | None
Brook | None
Kaitlyn | None
Katie | None
Haley | None
Nicholas | None
Morgan | None
Marisa | None
Eliza | None
Jazmin | None
Caroline | None
Kellye | None
Maggie | None
Taylor | None
Isabella | None
Francesca | None
Val | None
Allison | None
Kaylee | None
Hannah | None
Cameron | None
Sophie | None
Thalia | None
Raya | None
Kristi | None
Tara | None
Mia | None
Ryan | None
Taylor | None
Molly | None
Mallory | None
Syrina | None
Sofia | None
Brianna | None
Nathan | None
Rachelle | None
Shalu | None
Jake | None
Ely | None
Claude | None
Harold | None
Candace | None
Libby | None
Kathryn | None
Christopher | None
Lauren | None
Erik | None
Caroline | None
Lauren | None
Samantha | None
Ryan | None
Stephanie | None
Michel | None
Edward | None
Eva | None
Christina | None
Stanley | None
Wamblee | None
Orlane | None
Samantha | None
Madison | None
Vanessa | None
Grace | None
Rob | None
Kelsey | None
Mattilyn | None
Shawn | None
Jessica | None
Justin | None
Lucy | None
Jenna | None
Lyric | None
Kirstyn | None
Kate | None
Kelly | None
Courtney | None
Casey | None
Marisa | None
Francesca | None
Kristen | None
Holly | None
Taylor | None
Alana | None
Savannah | None
Brett | None
Jackie | None
Jonah | None
Shae | None
Sebastiana | None
Jessie | None
Audrey | None
Lauren | None
Carlee | None
Molly | None
Kahlil | None
Anna | None
Kailey | None
Erin | None
Cameron | None
Lexi | None
Carlie | None
Wesley | None
Katie | None
Abby | None
John | None
Emma | None
Emma | None
Ty | None
Cassandra | None
Rebekalyn | None
Hannah | None
Jessica | None
Megan | None
Riley | None
Amanda | None
Emily | None
Sanil | None
Kenneth | None
Amanda | None
Alec | None
Courtney | None
Sarah | None
Taylor | None
Lilli | None
Ana | None
Lani | None
Anna | None
Lauren | None
Olivia | None
Kacey | None
Sam | None
Caroline | None
Jacob | None
Tea | None
Nicole | None
Alexis | None
Ethan | None
James | None
Javier | None
Rachel | None
Kristen | None
Spencer | None
Cassie | None
Olivia | None
Charlie | None
John | None
Caroline | None
Aquinnah | None
Lauren | None
Emily | None
Nathaniel | None
Ramya | None
Alli | None
Sergey | None
Sara | None
Chris | None
Ella | None
Jackie | None
Jenny | None
Jennifer | None
Alexia | None
Victoria | None
Gianna | None
Kirsten | None
Darith | None
Will | None
Olivia | None
Giana | None
Olivia | None
Christopher | None
Kyleigh | None
Frances | None
Emily | None
Erica | None
Brian | None
Antonia | None
Gabriella | None
Kaylee | None
Gabrielle | None
David | None
Katerina | None
Nidhi | None
Caroline | None
Rob | None
Tom | None
Westley | None
Jonathan | None
Aida | None
Yarendi | None
Ethan | None
Kelsi | None
Zach | None
Ty | None
Juan | None
Robert | None
Eve | None
Julaine | None
Tricia | None
Alexander | None
Max | None
Molly | None
Ryan | None
Dylan | None
Ryan | None
Prathamesh | None
Jonathan | None
Joanna | None
Suresh | None
Cassie | None
Emily | None
Kyle | None
Mahammad | None
Katie | None
Summer | None
Giselle | None
Lauren | None
José | None
Nicole | None
Emily | None
Rebecca | None
Jose | None
Thomas | None
Mark | None
Evan | None
Kristen | None
Kylee | None
Leah | None
Merin | None
Gemma | None
Bentley | None
Morgan | None
Kat | None
Shaylyn | None
Pearson | None
Dakarai | None
Adelyn | None
Reagan | None
Victoria | None
Anna | None
Pierce | None
Michela | None
Kendall | None
Sophia | None
Renee | None
Sam | None
Rebecca | None
Jena | None
Faith | None
Alec | None
Lauren | None
Shane | None
Justus | None
Katy | None
Destiny | None
Cade | None
Jayla | None
Emily | None
Molly | None
Shelby | None
Louise | None
Lauren | None
Joseph | None
Addie | None
Roshan | None
Dariana | None
Irie | None
Ricardo | None
Taylor | None
Anna | None
Alex | None
Sandra | None
Domonique | None
Lena | None
Kendra | None
Emma | None
Annabel | None
Amelia | None
Macey | None
Darius | None
Jacqueline | None
Dalton | None
Olivia | None
Taye | None
Baylor | None
Brooke | None
Maria | None
Rotisha | None
Alexa | None
Charlie | None
Mary | None
Elizabeth | None
Rizwan | None
Emma | None
Paolo | None
Erika | None
Matty | None
Austin | None
Anna-Claire | None
Marisa | None
Alexa | None
Hailey | None
Erin | None
Valentina | None
Mary | None
Victoria | None
Rosalind | None
Mike | None
Tamira | None
Nicole | None
Emily | None
Sophia | None
Sarah | None
Stacy | None
Catherine | None
Lydia | None
Logan | None
Robert | None
Allan | None
Emily | None
Juliet | None
Edward | None
Jillian | None
Addison | None
Shelby | None
Alexis | None
AnnieGrace | None
Katie | None
Giulia | None
Ashley | None
Fernando | None
Doug | None
Ashly | None
Brett | None
Berman | None
Campbell | None
Alexis | None
Hanna | None
Blythe | None
Sydney | None
Adam | None
Makenzie | None
Allison | None
Alexis | None
Campbell | None
Alexandra | None
Thairen | None
Krystal | None
Neftali | None
Jaden | None
Christopher | None
Claudia | None
Ally | None
Sandra | None
Kelly | None
Matt | None
Stephanie | None
Priya | None
Nathan | None
Willow | None
Karly | None
Emily | None
Merrick | None
Cait | None
Lisa | None
Bianca | None
Parin | None
Jessica | None
Devan | None
Eric | None
Jacob | None
Bridget | None
Stefanie | None
Doug | None
Michelle | None
Ali | None
Tanya | None
Lindsey | None
Keely | None
Danielle | None
Tommy | None
Hailey | None
Emma | None
Jordan | None
Brynn | None
Alyssa | None
Taylor | None
Nicole | None
Yousef | None
Jade | None
Jesus | None
Skylar | None
Grace | None
Scott | None
Salvatore | None
Peter | None
Cassandra | None
Rob | None
Manish | None
Jackie | None
Scotty | None
Jacob | None
Liani | None
Richard | None
Mike | None
Madison | None
Kathleen | None
Mark | None
Courtney | None
Kelly | None
Fritz | None
Jenna | None
Jen | None
Tristan | None
Kate | None
Dain | None
Aliah | None
Aidan | None
Emily | None
Briana | None
Soumodeep | None
Miranda | None
Jennifer | None
Alyson | None
Ryan | None
Brian | None
Kaylee | None
Michael | None
Chloe | None
Chloe | None
Laurie | None
Terrance | None
Olivia | None
Zita | None
Lauren | None
Mike | None
Tania | None
Mitch | None
Kim | None
Holly | None
Dave | None
Anna | None
Carey | None
Madison | None
Rachel | None
Amanda | None
Lauren | None
Ann | None
Sarah | None
Taylor | None
Ellie | None
Sara | None
Arden | None
Mackenzie | None
Rachel | None
Jeffrey | None
Shae | None
Robert | None
Isobel | None
Colleen | None
Arriana | None
Sarah | None
Alessandra | None
Lily | None
Billie | None
Katie | None
Claire | None
Noel | None
Ricardo | None
Nicole | None
Lauren | None
Amanda | None
Haley | None
Abanoub | None
Joshua | None
Franchesca | None
Reese | None
Alexandra | None
Ashley | None
Eladia | None
Gabrielle | None
Sofia | None
Austyn | None
Megan | None
Leilani | None
Sarah | None
Jaymie | None
Jacqueline | None
Colby | None
Kylie | None
Courtney | None
Allyson | None
Mia | None
Ava | None
Madeline | None
Jessie | None
Joey | None
Liv | None
Sydney | None
Monika | None
Elisa | None
Christina | None
Marva | None
Nicholas | None
Kelly | None
Kasey | None
Clark | None
Katie | None
Christopher | None
Christie | None
Sarah | None
Stef | None
Julia | None
Vincent | None
Gianni | None
Thomas | None
Emily | None
Bella | None
Danielle | None
Anthony | None
Tiffany | None
Claire | None
Jonathan | None
Kristen | None
Alexander | None
Simon | None
Amy | None
Eric | None
Samantha | None
Harry | None
Sean | None
Natalia | None
Quentin | None
Dominique | None
Alex | None
Josephine | None
Stevens | None
Daniel | None
Mason | None
Gabrielle | None
Nicoletta | None
Annika | None
Melanie | None
Karen | None
Brittany | None
Marquis | None
Cristina | None
Jonathan | None
Megan | None
Elizabeth | None
Chandler | None
Ryan | None
Téa | None
Katie | None
Kaitlynn | None
Tiffany | None
Jordyn | None
Ashley | None
Alyssa | None
Megan | None
Kaylee | None
Tatum | None
Gracie | None
Erica | None
Ellie | None
Julian | None
Petya | None
Quinton | None
Ramesh | None
Richard | None
Ridda | None
Steve | None
Valerie | None
Francesca | None
Daniel | None
Gage | None
Kyle | None
Nilav | None
Syrus | None
Deluna | None
Aradhana | None
Shane | None
Alise | None
Connor | None
Ethan | None
Ranjan | None
Paul | None
Jessica | None
Anwuli | None
Orion | None
Pralobh | None
Chuck | None
Sheena | None
Gage | None
Ozlem | None
Barrett | None
Pravin | None
Jeremy | None
Jack | None
Kailey | None
Lyric | None
Abigail | None
Katie | None
Daniel | None
Param | None
Estela | None
Veronica | None
Isaias | None
Charlotte | None
Gregory | None
Brandon | None
Brianna | None
Laurel | None
Eric | None
Prabin | None
Amanda | None
Ella | None
Tripp | None
Tony | None
Stacy | None
Shelby | None
Rusty | None
Marissa | None
Lindsay | None
Lauren | None
Kyle | None
Kesiah | None
Kaylie | None
Katie | None
Katie | None
Julian | None
John | None
John | None
Jessica | None
Jazmin | None
Jared | None
Janey | None
James | None
Jacob | None
Harvey | None
Vanessa | None
Virginia | None
Rachel | None
Brienna | None
Sarah | None
Dyann | None
Grace | None
Danna | None
Aradhana | None
Sarah | None
Emma | None
Michael | None
Maddie | None
Kaylyn | None
CJ | None
Gina | None
Jessie | None
Camden | None
Kailey | None
Samantha | None
Hope | None
Colleen | None
Ryan | None
Caroline | None
Melissa | None
Eleia | None
Nicole | None
Samuel | None
Andre | None
Nicole | None
Andrew | None
Kylie | None
Kristen | None
Taylor | None
Milannah | None
Katie | None
Brodie | None
Gina | None
Nicole | None
Sarah | None
Skyler | None
Anthony | None
Lauren | None
Avery | None
Gianna | None
Meryam | None
Max | None
Sydney | None
Carly | None
Jordyn | None
Teresa | None
Kelsey | None
Jamie | None
Janae | None
Morgan | None
Ellie | None
Heer | None
Meredith | None
Brianna | None
Grace | None
Julia | None
Matthew | None
Emily | None
Michael | None
Tara | None
Hailey | None
Griffin | None
Natalie | None
Tara | None
Samantha | None
Carleigh | None
Ruchika | None
Darren | None
John | None
Alexa | None
Matthew | None
Kathleen | None
Stefanie | None
Conor | None
Jacob | None
Emily | None
Jennifer | None
Riley | None
Haley | None
Ana | None
Caroline | None
Carrie | None
Mauri | None
Keerthi | None
Tom | None
Jeff | None
Steve | None
Paul | None
Erin | None
Brian | None
Lexie | None
Jignesh | None
Jack | None
Gene | None
Christine | None
Craig | None
Michelle | None
Anna | None
Parris | None
Alexis | None
Amanda | None
Josh | None
Kara | None
Jimmy | None
Erica | None
Erin | None
Kevin | None
Jessica | None
Isabella | None
Ava | None
Marcelo | None
Caitlin | None
Adam | None
Adam | None
Amelia | None
Anthony | None
Brian | None
Brooklyn | None
Kayla | None
Christopher | None
Cynthia | None
Dave | None
Desiree' | None
Giovanni | None
Kaushlendra | None
Mark | None
Martin | None
Isabella | None
Serena | None
Matthew | None
Carly | None
Cole | None
Emily | None
David | None
Daniel | None
crystal | None
Connor | None
Connor | None
Claire | None
Chelsea | None
Chelsea | None
Catherine | None
casey | None
Brittany | None
brienna | None
brent | None
Brenna | None
Bianca | None
Ben | None
Avery | None
Austin | None
Ashley | None
Annie | None
Angie | None
Andrea | None
Alison | None
Kira | None
Darby | None
Darian | None
David | None
Ellie | None
Kelly | None
Kayla | None
Katie | None
Katelyn | None
Kaley | None
Jordan | None
Jordan | None
Jordan | None
Jordan | None
Jordan | None
Jordan | None
Kayla | None
jon | None
Jocelyn | None
Jessica | None
Jessica | None
Jeishka | None
Jake | None
Hayley | None
Gabrielle | None
Frank | None
Euanda | None
Emily | None
Emily | None
John | None
Catherine | None
Cassie | None
Carolina | None
Amjad | None
Brooklyn | None
Avinash | None
Brenna | None
Matt | None
Ibrahim | None
Quinn | None
Samantha | None
Sarah | None
Ena | None
Skyler | None
Kyle | None
Sydney | None
Cal | None
Sienna | None
Eveliz | None
Claudia | None
Sarah | None
Olivia | None
Braeden | None
Katie | None
Maya | None
Sierra | None
Neeve | None
Ella | None
Kyle | None
Angelina | None
Bizzy | None
Carleigh | None
Bianca | None
Lillian | None
Samantha | None
Jeanne | None
Alyzzia | None
Paula | None
Ella | None
Joseph | None
Nathan | None
Riley | None
Lisa | None
Sruthi | None
Abby | None
Anna | None
Andrea | None
Annie | None
Hunter | None
JeanMarie | None
Grant | None
Izzy | None
Devon | None
Youssef | None
Eli | None
John | None
Emerson | None
Kyle | None
Kylie | None
Zach | None
Kyndal | None
Caroline | None
Chase | None
Alex | None
Caroline | None
Robin | None
Erik | None
Madeline | None
Julia | None
Brooke | None
Daniella | None
Hannah | None
Seth | None
Madison | None
Jenna | None
Maddie | None
Paul | None
Alyssa | None
Emma | None
Alexa | None
Katrina | None
Emily | None
Sydney | None
Taylor | None
Hannah | None
Taylor | None
Connor | None
Christie | None
Bryce | None
Brittany | None
Bill | None
Ashley | None
Anthony | None
Amber | None
Joe | None
Maia | None
Brooke | None
Jessica | None
zachary | None
William | None
wesley | None
vanessa | None
Tyler | None
Tomas | None
Tim | None
Tiffany | None
Thomas | None
Taylor | None
Taylor | None
Jasmine | None
George | None
Oviyha | None
Saismita | None
Nicole | None
Monica | None
Milena | None
Megan | None
Marlia | None
Marissa | None
Mahlyk | None
Madison | None
Madison | None
Madeline | None
Madeline | None
Nicole | None
Loren | None
Li | None
Lexie | None
Kendall | None
Mari | None
Madelynn | None
Mark | None
Miah | None
Nicki | None
Matthew | None
Lexi | None
Lauren | None
lily | None
kylee | None
Nora | None
Olivia | None
Rajani | None
Ryan | None
Ethan | None
Kelsi | None
Katrina | None
Brad | None
Bailey | None
Laura | None
Jacob | None
Lesly | None
Aaron | None
Olivia | None
Melanie | None
John | None
Dave | None
Ted | None
Claire | None
Ryan | None
Olivia | None
Madeline | None
Jack | None
Sheila | None
Reagan | None
Paige | None
Liam | None
Cali | None
Leila | None
Joseph | None
Preston | None
Katie | None
Caitlin | None
Maddy | None
Robert | None
Hailey | None
Taya | None
William | None
Holly | None
Reece | None
Maddie | None
Paul | None
Jossy | None
Megan | None
Holly | None
Tovah | None
Brandon | None
Emma | None
Edie | None
Jeff | None
Nathaniel | None
Eveline | None
Jake | None
Dave | None
Abhilash | None
Paige | None
Bri | None
Jennifer | None
Anna | None
Abby | None
Lindsey | None
Anthony | None
Andi | None
Keith | None
Gabriel | None
Jeanette | None
Ryan | None
Dimitri | None
Sam | None
Adriana | None
Holley | None
Jessica | None
John | None
Brax | None
Sean | None
Phil | None
Brooke | None
John | None
Taylor | None
Juliana | None
Jackie | None
John | None
Marissa | None
Bob | None
Joshua | None
Reed | None
Drayan | None
Kim | None
Teresa | None
Cam | None
Olivia | None
Meagan | None
Geoff | None
Kennedy | None
Lauren | None
Katelyn | None
Kailey | None
Kathleen | None
Megan | None
Taylor | None
Mimi | None
Matthew | None
Graycie | None
Casey | None
Tucker | None
Yoni | None
David | None
Allison | None
Grady | None
Hunter | None
John | None
Ciara | None
Tyler | None
Austin | None
Sophia | None
Madelyn | None
Olivia | None
Angelique | None
Jessica | None
Carolina | None
Karen | None
Stephanie | None
Andrew | None
Ezra | None
Anthony | None
Brett | None
Erika | None
Derek | None
Kendal | None
Daniela | None
Israel | None
Aaron | None
Hallie | None
Cutler | None
Kyle | None
Russ | None
Azad | None
Shannon | None
Kiley | None
Ashleigh | None
Elisha | None
Brenna | None
Sameer | None
Sydney | None
Daniella | None
Tatiana | None
Andrew | None
Kennedy | None
Ibrahim | None
Kate | None
Maxwell | None
Teagan | None
Grace | None
Kaylie | None
Lauren | None
Alexis | None
Carly | None
Andrea | None
Garrett | None
Ashley | None
Ricardo | None
Jessen | None
Ivan | None
Amanda | None
Abby | None
Taye | None
Christopher | None
Connor | None
Skyler | None
Jon | None
Jeanelle | None
Rahul | None
Stephanie | None
Cody | None
Christal | None
Makena | None
Alyson | None
Andy | None
Hannah | None
Mckenzie | None
Shelby | None
Noelle | None
Emily | None
Candice | None
Peter | None
Haley | None
Ashley | None
Kate | None
Haley | None
Alicia | None
Fancy | None
Andrew | None
Hayden | None
Edward | None
Jake | None
Isabelle | None
Taylor | None
Ashleigh | None
Ashlyn | None
Kalen | None
Martina | None
Terry | None
Landon | None
Rebecca | None
Joe | None
Maddie | None
Kali | None
Ellie | None
Peyton | None
Josie | None
Lloyd | None
Nathan | None
David | None
Demetrius | None
Delaney | None
Maddie | None
Anna | None
Katie | None
Carsen | None
Dominic | None
Michael | None
Siena | None
Chad | None
Tyler | None
Wes | None
Alexandria | None
Alexandria | None
Jacob | None
David | None
Omar | None
Trent | None
Georgia | None
Madison | None
Andrew | None
Lainie | None
Bailey | None
Abbey | None
Clarissa | None
Joseph | None
Amanda | None
Cameron | None
Madelaine | None
Brett | None
Payton | None
Michael | None
Annalee | None
Stella | None
Erica | None
Kaitlyn | None
Raymie | None
Madeline | None
Sean | None
Josh | None
Chelsee | None
Emma | None
Tyler | None
Nicole | None
Afomia | None
Alaina | None
Shelby | None
Jeff | None
Sarah | None
Grace | None
Lexis | None
Sophia | None
Brooke | None
Christian | None
Zachary | None
Diana | None
Robert | None
Madeleine | None
Lindsay | None
Morgan | None
Anna | None
Wenzhong | None
Michael | None
Jacob | None
Katy | None
Harkamal | None
Mari | None
Terry | None
Jeremy | None
Stella | None
Taylor | None
Svetlana | None
Jared | None
Maiya | None
Julia | None
Justine | None
Alex | None
Max | None
Cody | None
Alle | None
Hannah | None
Daniel | None
Uriah | None
Amira | None
Cory | None
Robert | None
Savannah | None
Raja | None
Emma | None
Katie | None
Jazmine | None
Hailey | None
Nikki | None
Tiffany | None
Bernie | None
Kathryn | None
Steven | None
Ian | None
Sammie | None
Marina | None
Michelle | None
Jared | None
Alex | None
Lydia | None
Lauren | None
Simran | None
Noah | None
Devan | None
Aaron | None
Brianna | None
Avry | None
Erica | None
Kelsey | None
Erin | None
Erin | None
Tyler | None
Alex | None
Mark | None
Logan | None
Carly | None
Taylor | None
Greg | None
Ava | None
Amelia | None
Wendy | None
Rottman | None
Lucy | None
Maya | None
Maggie | None
Grace | None
Robert | None
Lena | None
Carson | None
Meg | None
Mikaela | None
John | None
Avery | None
Ashleigh | None
Taylor | None
Kacey | None
Bria | None
Tom | None
Megann | None
Mindi | None
Taylor | None
Wanda | None
Jerry | None
Madelyn | None
Lauren | None
Levi | None
Fernando | None
Tiffany | None
Charlotte | None
Nial | None
Lisette | None
Madeleine | None
Lindsay | None
Danie | None
Polly | None
Thai | None
Theresa | None
Emily | None
Shane | None
Amanda | None
Emma | None
Matthew | None
Carly | None
Nico | None
William | None
Alberto | None
Cameron | None
Jorge | None
Davis | None
Alyssa | None
Hailey | None
Dalyn | None
Cameron | None
Julia | None
Mary | None
Shea | None
Dalton | None
Travis | None
Jacob | None
Bridget | None
Caitlyn | None
Riley | None
Ella | None
Madison | None
Grace | None
Andrew | None
Lena | None
Kyle | None
Mia | None
Christian | None
Katy | None
Alex | None
Melanie | None
Nicole | None
Allegra | None
Eric | None
Kara | None
Bryan | None
Ollie | None
Jon | None
Taylor | None
Emily | None
Colton | None
Evan | None
Alderico | None
Trey | None
Aidan | None
Layne | None
Kylie | None
Sasha | None
JT | None
Kelly | None
Pratik | None
Tommy | None
Cassidy | None
Paige | None
Harrison | None
Manuel | None
Cori | None
Aggie | None
Mckenzie | None
Marvin | None
Sidney | None
Tyler | None
Erin | None
Daniel | None
Jill | None
Mariah | None
Cedric | None
Anya | None
Téa | None
Emily | None
Orion | None
London | None
Geoff | None
Kalianne | None
Sarah | None
Taylor | None
Wendy | None
Triston | None
Taylor | None
David | None
Hannah | None
John | None
James | None
Jacqueline | None
Hannah | None
Erin | None
Erin | None
Eliza | None
Daniel | None
Sophia | None
Liam | None
Abby | None
Maggie | None
Halley | None
Armani | None
Tatiana | None
Jenna | None
Liz | None
Trace | None
Shiva | None
Danny | None
Amanda | None
Lukas | None
Julia | None
Kenzie | None
Ken | None
Karly | None
Laura | None
Grace | None
Ali | None
Whitney | None
Wesley | None
VIPUL | None
Taylor | None
Stephanie | None
Stephen | None
Stephanos | None
Rollin | None
Lily | None
Rob | None
Natalie | None
Mo | None
Melissa | None
Matthew | None
Maggie | None
Mal | None
Madison | None
Lexie | None
LaKeeyerra | None
Kristy | None
Reed | None
Lindsey | None
Devante | None
Dante | None
Brad | None
Jacqueline | None
Katelynn | None
Travis | None
Brianna | None
Crystal | None
Erin | None
Drew | None
Julie | None
Paige | None
Lanna | None
Miranda | None
Shannon | None
Zach | None
Lauren | None
Grace | None
Kylie | None
Mallory | None
Alec | None
Abbey | None
Lauren | None
Cole | None
John | None
Mark | None
Ryan | None
Laura | None
Charles | None
Adam | None
Kassie | None
Amanda | None
Alyssa | None
Andrew | None
Angelica | None
Andie | None
Ainslie | None
Maggie | None
Farha | None
Anthony | None
Derick | None
Mahenaz | None
Paul | None
Ally | None
Drew | None
Eman | None
Aisha | None
Carolyn | None
Jori | None
Madeline | None
Brooke | None
Marissa | None
Gary | None
Roniva | None
Geraldine | None
Savanah | None
Katelyn | None
Lanie | None
Bria | None
Nate | None
Jayme | None
Riley | None
Nicole | None
Molly | None
Catrina | None
Reilly | None
Caroline | None
Christopher | None
Jenna | None
Michael | None
Skylar | None
Harold | None
Lori | None
Connor | None
Naida | None
James | None
Leah | None
Abbie | None
Tess | None
Michael | None
Jason | None
Jessica | None
Tyler | None
Kate | None
Jim | None
Kyra | None
Kristen | None
Randy | None
LaShawn | None
Molly | None
Brittany | None
Georgi | None
Andrew | None
Christine | None
Billie | None
Ellie | None
Michael | None
Paige | None
Johanna | None
Tracy | None
Kristi | None
Chloe | None
Christy | None
Thomas | None
Emily | None
Ronnie | None
Joshua | None
Dan | None
Alex | None
Andrae | None
Derrick | None
Taylor | None
Stephen | None
Frank | None
Muhammad | None
Martin | None
Sarah | None
Taylor | None
Mackenzie | None
Irene | None
Adrienne | None
Kayla | None
Ayodeji | None
Caitlyn | None
Isabella | None
Fletcher | None
Sonam | None
Sophie | None
Mohamed | None
Ashlynn | None
Mahmoud | None
Jill | None
Delta | None
Danielle | None
Tyler | None
Stacy | None
Lia | None
Devan | None
Mathiyan | None
George | None
Liz | None
Isabella | None
Jadelyn | None
Bella | None
Brigitte | None
Owen | None
Bryse | None
Scott | None
Rachel | None
Julia | None
Joseph | None
Samantha | None
Samantha | None
William | None
Jade | None
Hope | None
Carly | None
Maurice | None
Sydney | None
Romualdo | None
Kevin | None
Scott | None
Karla | None
Tim | None
Bruna | None
Julian | None
Nicci | None
Prashanth | None
David | None
Christian | None
Ignacio | None
Damaris | None
Kelsey | None
Alexander | None
Jaden | None
Jeff | None
Annie | None
Millie | None
Cornelius | None
Danica | None
Gracie | None
Chris | None
Mindy | None
Isaac | None
Chandler | None
Peyton | None
James | None
Caroline | None
Josie | None
Robert | None
Stephanie | None
Shelley | None
Antonio | None
Halie | None
Regan | None
Mollie | None
Lexie | None
Hannah | None
Rodney | None
Jess | None
Brandon | None
Alex | None
Jaclyn | None
Tammy | None
Tyler | None
Aren | None
Micah | None
Christian | None
Ty | None
Jackie | None
Valerie | None
Annie | None
Jaela | None
Jordyn | None
Anna | None
Nolan | None
Jasmine | None
Rachel | None
Garrett | None
Baleigh | None
Brendan | None
Keyon | None
Jack | None
Rebekah | None
Tara | None
Claire | None
Tara | None
Russell | None
Michael | None
Shane | None
Corean | None
Quinn | None
Hemant | None
Brian | None
Walyn | None
Jonhson | None
Santiago | None
Ravi | None
Sarah | None
Antonio | None
Amber | None
Jackson | None
Audrea | None
Rachel | None
Mallori | None
Lexi | None
Samantha | None
Audrey | None
Anna | None
Brooks | None
Gracie | None
Rebekah | None
Sam | None
Callie | None
Hunter | None
Madison | None
Simone | None
Lance | None
Madison | None
Anna | None
Timothy | None
Katie | None
Katherine | None
Ketch | None
Brandon | None
Taylor | None
Lyndzi | None
Alyssa | None
Kaushik | None
Jennifer | None
Michael | None
Devyn | None
Chloe | None
Shelby | None
Chris | None
Cam | None
Ohan | None
Jane | None
Kelsey | None
Grace | None
Kaila | None
Taylor | None
Ethan | None
Gianna | None
Nicole | None
Kaley | None
Haley | None
Katy | None
Ellie | None
Senthil | None
Lexi | None
Gabe | None
Sydnee | None
Nathan | None
Kelley | None
Peyton | None
Natasha | None
Molly | None
Baylee | None
Samira | None
Shelby | None
Tyler | None
Katie | None
Valerie | None
Nina | None
Ally | None
Lee | None
Laura | None
Kellie | None
Zak | None
Kirsten | None
Christopher | None
Cheyenne | None
Diego | None
Maria | None
Emma | None
Ivy | None
Grace | None
CiCi | None
Tiffany | None
Lindsey | None
Cody | None
Morgan | None
Henry | None
Kiran | None
Dylan | None
Kathryn | None
Roberto | None
Abigail | None
Matt | None
Christopher | None
Nicole | None
Abbasali | None
Erin | None
Christiane | None
Skye | None
Kiernan | None
Samuel | None
Allie | None
Lana | None
Alexis | None
Gregory | None
Gaby | None
Teresa | None
Magan | None
Brieann | None
Jillian | None
Yanna | None
Matt | None
George | None
Hannah | None
Natalie | None
Ryan | None
Christopher | None
Nicole | None
Bailey | None
Taylor | None
Audrey | None
Lindsey | None
Trey | None
David | None
Mohamad | None
Austin | None
Karly | None
Korinn | None
Austin | None
Dani | None
Kendall | None
Lindsey | None
Caroline | None
Jennifer | None
Richard | None
Samantha | None
Harlie | None
Keerthi | None
Aaron | None
Morgan | None
Brooke | None
Taylor | None
Matthew | None
Daniel | None
Jack | None
Tom | None
MaryJo | None
Amanda | None
Emily | None
Maddie | None
Trip | None
Sharice | None
Devon | None
Fernanda | None
Brooke | None
Lindsey | None
Thomas | None
Creighton | None
Mark | None
Kaitlynn | None
Dolan | None
Taya | None
Lisa | None
Katlynn | None
Stephanie | None
Helen | None
Allison | None
Brooke | None
Michelle | None
Erynn | None
Alaina | None
Paige | None
Maria | None
Ashley | None
Will | None
Jamie | None
Laura | None
Leea | None
Sandra | None
Deepika | None
JP | None
Omar | None
Robert | None
Laura | None
Frank | None
Ada | None
Frankie | None
Martha | None
Becky | None
Jenna | None
Shay | None
Juan | None
Jessica | None
Jill | None
Megan | None
Brian | None
Pamela | None
Heidi | None
Natalie | None
Brittni | None
Christopher | None
Lauren | None
Christopher | None
Phil | None
Kate | None
Nicholas | None
Jennifer | None
Shannon | None
Brian | None
Sridevi | None
Quinn | None
Chad | None
Cody | None
Bianca | None
Lisa | None
Jonathan | None
Joy | None
Shazia | None
Laura | None
Paul | None
Billy | None
Kathy | None
Munawara | None
Shivani | None
Heather | None
Michele | None
Jake | None
Briana | None
Christina | None
Lisa | None
Lisa | None
Eugenia | None
Robert | None
Tyler | None
Caleb | None
Dayna | None
Tracey | None
Evan | None
Jerry | None
Christiana | None
Jessica | None
Joe | None
Christina | None
Pat | None
Elisa | None
Laura | None
Christina | None
Jean | None
Sabrina | None
Gisela | None
Shane | None
Karina | None
Jason | None
Amanda | None
Julie | None
Tim | None
Steve | None
Carlos | None
T. | None
Brooke | None
Kristin | None
Travis | None
Patrick | None
Carly | None
Sheri | None
Kimberly | None
Sue | None
Drew | None
Sal | None
Jaune' | None
Copelyn | None
Amber | None
Leslie | None
Lila | None
Jogi | None
Zizo | None
Satvik | None
Sarah | None
Aaron | None
Sheetal | None
Michael | None
CHETAN | None
Larry | None
Kelly | None
Kate | None
Kate | None
Jessica | None
Jacob | None
Surya | None
Cade | None
Brandon | None
Apekcha | None
Anam | None
Ahmed | None
Dinesh | None
Larry | None
CHETAN | None
Aaron | None
Jogi | None
Barbara | None
Apekcha | None
Sarah | None
Kate | None
Kelly | None
Yashvardhan | None
Byron | None
Brandon | None
Jacob | None
Ahmed | None
Sheetal | None
Jane | None
Daija | None
Matt | None
Jose | None
Julia | None
Marnie | None
Mike | None
Johnny | None
Ashlee | None
Lance | None
Elsbeth | None
Jim | None
Mohamed | None
Animesh | None
Elsbeth | None
Mike | None
Janice | None
Jack | None
Andrew | None
Noah | None
Jenn | None
Rona | None
Daniel | None
Jodi | None
Lisamarie | None
Sina | None
Mary | None
Parker | None
Lindsey | None
Jodi | None
Elizabeth | None
Tab | None
Sina | None
Noah | None
Mirjana | None
Pooja | None
Daniel | None
Renny | None
Janice | None
Jeffrey | None
Ravi | None
Rona | None
Fasna | None
Rinkesh | None
Lisamarie | None
Lisamarie | None
Renny | None
jeffrey | None
Washington | None
Tab | None
Sina | None
Shawn | None
Sely | None
Rory | None
Rona | None
Rinkesh | None
Ravi | None
Ranjit | None
Sely | None
Noah | None
Pooja | None
Logan | None
vibhor | None
boman | None
chelsea | None
Nadiya | None
David | None
Fasna | None
Daniel | None
Gina | None
Janice | None
Jenn | None
Jodi | None
Lisamarie | None
GAGAN | None
Noah | None
Martin | None
Henry | None
Pearl | None
Zoey | None
Ella | None
Elena | None
Dexter | None
Christina | None
Ashwani | None
Emily | None
Derek | None
Gaurav | None
Udey | None
Scott | None
Gibbs | None
Martamique | None
Yatin | None
Ciara | None
Berry | None
Amy | None
Karen | None
Ankita | None
Babida | None
Alex | None
Jacqueline | None
Jacob | None
Krystal | None
Joe | None
Willie | None
Suzanne | None
Sophia | None
Ronnie | None
Rae | None
Luke | None
Rubi | None
Sarah | None
Daniel | None
Josh | None
Luis | None
Manny | None
Zanesky | None
Katie | None
Sai | None
Heather | None
Jacob | None
Cecelia | None
Kerri | None
Artem | None
Michael | None
Thomas | None
Stephen | None
Spencer | None
Rick | None
Renee | None
Rachel | None
Patty | None
Michele | None
Michael | None
Matt | None
Lyndsi | None
Luna | None
Lori | None
Kristin | None
William | None
Nancy | None
Zack | None
Kayla | None
Steve | None
Donella | None
Monica | None
Joshawa | None
Jarret | None
John | None
Maya | None
Derek | None
Kristin | None
Maggie | None
Harris | None
Connie | None
Rosie | None
Danielle | None
Nicole | None
Anilla | None
Jim | None
Jacqueline | None
Joey | None
Ken | None
John | None
Dianna | None
Derek | None
Daniel | None
Carl | None
Brooke | None
Anjealhet | None
Angel | None
Allan | None
Gelo | None
Alex | None
Greetings | None
Luna | None
Kristin | None
Jerry | None
Elizabeth | None
Bryan | None
Jerry | None
Gregory | None
Greetings | None
Giselle | None
Harris | None
Hunter | None
Jayson | None
Jack | None
Geoff | None
Ed | None
Danielle | None
CJ | None
Christopher | None
Brooke | None
Alexia | None
Aine | None
Adam | None
Xeus | None
Victoria | None
Thomas | None
Stephen | None
Robert | None
Nestor | None
Marife | None
John | None
Jeff | None
Robert | None
Emma | None
Subash | None
Kristin | None
Corinth | None
William | None
Andrew | None
Geoff | None
Brooke | None
Mitchell | None
Tamara | None
Jim | None
Adam | None
Greg | None
Chris | None
Kevin | None
Tyler | None
John | None
CJ | None
Spencer | None
Jaime | None
Denise | None
Joseph | None
Michele | None
Rachel | None
Adam | None
John | None
Nancy | None
Stephen | None
Victoria | None
Rick | None
Kristin | None
Loren | None
Brian | None
Ed | None
Samantha | None
Chris | None
David | None
Jeanille | None
John | None
Kevin | None
Kimberly | None
Megan | None
Michael | None
Jason | None
Rieley | None
William | None
Zachary | None
Beri | None
Dan | None
Erica | None
Saige | None
Janela | None
Jackie | None
Jack | None
Don | None
Emma | None
Sana | None
Jack | None
Nicole | None
Anilla | None
Catherine | None
Xeus | None
Anjealhet | None
Bren | None
Brooke | None
Colin | None
Destiny | None
Dianna | None
Hunter | None
Danielle | None
Aine | None
Christopher | None
Jeffrey | None
Cody | None
Jeffrey | None
Daniel | None
Maggie | None
Amber | None
A.J. | None
Rachel | None
Kayla | None
CJ | None
Zoe | None
Andrew | None
Carl | None
Maxinamillion | None
Kathryn | None
Spencer | None
Laura | None
Chris | None
Giselle | None
Kevin | None
Tara | None
Payton | None
Jillian | None
Adam | None
Timothy | None
Chris | None
Cynthia | None
Tara | None
Tamara | None
Andrew | None
Lana | None
Bryce | None
Chris | None
Darilyn | None
Kristin | None
Zack | None
Samantha | None
Michael | None
Kathryn | None
Sal | None
Rafael | None
Alicia | None
Justin | None
Luna | None
Jerry | None
Alexia | None
Kayla | None
Jayson | None
Rosie | None
Kristin | None
Robert | None
Lipton | None
Jillian | None
Jacqueline | None
Zack | None
Ibrahim | None
Bryan | None
Amber | None
Zina | None
Subash | None
Bryan | None
Zina | None
Patrick | None
Matt | None
Kevin | None
Nick | None
Nicole | None
Connie | None
Mitchell | None
Meredith | None
Azzure | None
Oliver | None
Connor | None
Stuart | None
Colby | None
Jacob | None
Lauren | None
Jake | None
Thomas | None
Alfie | None
Chris | None
Rohan | None
Ella | None
Amy | None
Tia | None
Jane | None
Matthew | None
Jordan | None
Brittany | None
Drew | None
Tori | None
Cathy | None
Christopher | None
John | None
Megan | None
Terra | None
Mark | None
Kayla | None
Hazel | None
Jaclyn | None
Daniel | None
Cecelia | None
Melody | None
Kim | None
Benjamin | None
Tim | None
Misrak | None
J.P. | None
Rozlynn | None
Melinda | None
Mary | None
Chaz | None
Angela | None
Fawn | None
Deborah | None
Natalie | None
Breeyn | None
Courtney | None
Holly | None
Tracey | None
Jennifer | None
Kelly | None
Andrew | None
Sara | None
Melissa | None
Jesus | None
Jeff | None
Elliott | None
Sheri | None
Carla | None
Cameron | None
Jasmine | None
Ebony | None
Arlene | None
Dawn | None
Danelle | None
Yvonne | None
Ravinder | None
Shawn | None
Michele | None
Barb | None
Jennifer | None
John | None
Jerwin | None
Jessica | None
Mikhail | None
Will | None
Laura | None
Cindy | None
Eugenia | None
Briana | None
Jessica | None
Jessica | None
Ana | None
Kristin | None
Nathan | None
Dyan | None
Andy | None
Mike | None
David | None
Jeffrey | None
Jenna | None
Jeremy | None
Shreya | None
Eram | None
Jessica | None
Archana | None
Teresa | None
brenda | None
Anne | None
James | None
John | None
Asir | None
Ryan | None
Katti | None
Andre | None
Sahil | None
McCall | None
Camrie | None
Zachary | None
Abigail | None
Amber | None
Chris | None
Jeff | None
Sarah | None
Ty | None
Lucas | None
Anna | None
Andy | None
Tiffanie | None
Nicole | None
Scott | None
Carolina | None
Joshua | None
Alex | None
Jason | None
Erick | None
Aaron | None
Ty | None
Robert | None
Rocky | None
Lizzy | None
Courtney | None
Layne | None
Karen | None
Scott | None
Carlos | None
Trevor | None
Amber | None
Alison | None
Laura | None
Shar | None
Pam | None
Brian | None
Sarah | None
Janet | None
Marc | None
Emily | None
Ande | None
Caroline | None
Nita | None
Kari | None
Steve | None
Lashon | None
Jefferey | None
Jasmine | None
Becky | None
Ande | None
Becky | None
Timothy | None
Juan | None
Randy | None
Eyder | None
Jeff | None
Thomas | None
Megan | None
Amanda | None
Ken | None
Nick | None
Rachel | None
Todd | None
Danielle | None
Karan | None
Allison | None
Alex | None
Linda | None
Stephanie | None
Alejandra | None
Naren | None
Diego | None
Bryce | None
Chris | None
Brittany | None
Ashleen | None
Donald | None
Sami | None
Joe | None
Scott | None
Maria | None
Andrea | None
Martin | None
Eric | None
Simrin | None
Rachel | None
Chip | None
Susan | None
Satya | None
Toufeeq | None
Melissa | None
Niroop | None
Adriano | None
Kevin | None
Meg | None
Logan | None
Amanda | None
Jenny | None
Kathryn | None
Tom | None
Rebecca | None
Jonyette | None
Nery | None
Victor | None
Celina | None
Dave | None
Victor | None
Jonyette | None
Nery | None
Amanda | None
Dave | None
Celina | None
Tom | None
Rebecca | None
Cat | None
Madison | None
Celina | None
Jenny | None
Kathryn | None
Kristen | None
Logan | None
Leah | None
Amanda | None
Kyle | None
Brandon | None
Rob | None
Junya | None
Stan | None
Juli | None
Lewis | None
Tearsanee | None
Bill | None
Whitney | None
Tamiya | None
Jonas | None
David | None
Niall | None
Melissa | None
Lucy | None
Garry | None
JD | None
Kathy | None
Sheila | None
Sonya | None
Monica | None
Kandrea | None
Steph | None
Jovanna | None
Tiaria | None
Jason | None
Quinta | None
Ehimen | None
Kennedy | None
Laura | None
Rumaldo | None
Veronica | None
Dean | None
Phil | None
Olga | None
Cassie | None
Gregory | None
Robin | None
Erika | None
Sneha | None
Samantha | None
Jasmine | None
Matt | None
Wesley | None
Pete | None
Stephanie | None
Kimberly | None
Adam | None
Luke | None
Estefania | None
Beth | None
Edward | None
Victoria | None
Sabrina | None
Greg | None
Cedar | None
Latonia | None
John | None
Gloria | None
Ellen | None
Dan | None
Kevin | None
Scott | None
Brad | None
Alysha | None
Christopher | None
Jaime | None
Gabriel | None
Tarun | None
Gabriel | None
Aaron | None
Debra | None
Lydia | None
Lilli | None
Quatina | None
Mary | None
Ayo | None
Sterlin | None
Latonja | None
Mike | None
Jasmine | None
James | None
Jaime | None
Hamza | None
Gwen | None
Gretchen | None
Candido | None
Garry | None
Frankeila | None
Erin | None
Elena | None
Ebonni | None
Dorothy | None
Diana | None
John | None
Danica | None
Crystal | None
Clanethia | None
Christine | None
Cherry | None
Chad | None
Brian | None
Brad | None
Ayo | None
Asia | None
Ashley | None
Arilynn | None
Alma | None
Aaroh | None
Diane | None
Crystal | None
John | None
Gerald | None
Christine | None
Corey | None
Bill | None
Lauren | None
Kyle | None
Alec | None
MiKayla | None
Karman | None
Vincent | None
Bionca | None
Marita | None
Sophia | None
Kristi | None
Logan | None
Anuenue | None
Allie | None
Billy | None
Yolianne | None
Joseph | None
Lilli | None
Lisa | None
Mary | None
Nicole | None
Olga | None
Sabrina | None
Luis | None
Sheila | None
Sonya | None
Tarun | None
Tiaria | None
Tyquese | None
Victoria | None
Yashmir | None
Sang | None
Jonathan | None
Shrea | None
DJ | None
Kristen | None
Bogdan | None
Nestor | None
Barry | None
Gina | None
Traci | None
J. | None
Laketa | None
Rick | None
Savannah | None
Traci | None
Laura | None
Savannah | None
Charlie | None
Gary | None
Emily | None
Kelly | None
Deanna | None
Jessica | None
Jack | None
Elisha | None
Alondra | None
Corey | None
Jenni | None
Joshua | None
Kori | None
Maria | None
Paul | None
Savannah | None
Sierra | None
Treston | None
Daniel | None
Olivia | None
Carlie | None
Belen | None
Brendan | None
Daniela | None
Barkev | None
Carla | None
Jason | None
Adam | None
Katie | None
Christina | None
Owen | None
Kirk | None
Jessica | None
Jamie | None
Natalie | None
Kiel | None
Donny | None
Folasade | None
Jemma | None
Freedom | None
Gabriella | None
Evgeniya | None
Theodore | None
Macarena | None
Aria | None
Constance | None
Lucy | None
Katie | None
Anthony | None
Jessica | None
Jessica | None
Amy | None
Brian | None
McKensie | None
Nick | None
Karen | None
Jessica | None
James | None
Rhonda | None
Michelle | None
Anthony | None
Andrew | None
Justin | None
Joshua | None
Alexa | None
Luke | None
Chris | None
Matt | None
Grayson | None
Jennifer | None
Jill | None
Morgan | None
Amy | None
Jessica | None
Nicole | None
Rick | None
Reinhart | None
LI(LEE) | None
Phoebe | None
Rio | None
Percy(Ting) | None
Percy | None
Nicole | None
Miya | None
Maggie | None
Michelle | None
Mia | None
Meng | None
Mary | None
Martin | None
Lucky | None
Logan | None
Liu(Jackie)XU | None
Ling | None
Lijia | None
Rober | None
Michelle | None
Roshiana | None
Yufei(Sherry) | None
Saida | None
Zhi | None
yvonne | None
Leo | None
Yao | None
Wilson | None
Vivi | None
Villanelle | None
Veronica | None
Vee(Weixin) | None
Trina | None
Tina | None
Roxie | None
Tian(Lana) | None
Tania | None
Stacy | None
Sophie | None
Sophia | None
Sophia | None
Sophia | None
Sneha | None
Shu | None
Sherry | None
Shen | None
Savanna | None
Terry | None
kiki | None
Frost | None
Kaiyue | None
Dee | None
David | None
Kelly | None
Clare | None
Catherine | None
Carissa | None
Bryant | None
Betty | None
Diana | None
Barbara | None
Angel | None
Amy | None
Alita | None
Alisa | None
Alice | None
Addy | None
Daisy | None
Estelle | None
Natalie | None
Baigali(Sabrina) | None
Elsa | None
Constance | None
Ezeal | None
June | None
Joanna | None
Jingjing(Cici) | None
Jiayin | None
eva | None
Jessie | None
Jessie | None
Jesse(Guomao) | None
Jenny | None
Jeev | None
Jianyi(Max)Pan | None
Jason | None
Jaxon(Jason) | None
Fenny | None
Howard | None
Ivy | None
Carrie | None
JADY | None
Jane | None
Jane(Jane) | None
Jaslin(Yiling)Zheng | None
J | None
Katie | None
Jack | None
Marika | None
Jackie | None
Joe | None
Chris | None
Samuel | None
Norm | None
Ron | None
Andy | None
Mike | None
Purwasha | None
Jason | None
Rituparna | None
Arun | None
Rucha | None
Muneeb | None
Rimpy | None
Priya | None
Sajiya | None
Manisha | None
Mohammed | None
Akshata | None
Pranali | None
Akila | None
Pratiksha | None
Deva | None
Ritik | None
Akhilesh | None
Saurabh | None
Anusha | None
Randhir | None
Pragyan | None
Deepthi | None
Soumya | None
Vedavathi | None
Zaid | None
Nyama | None
Anurag | None
Manish | None
Farheen | None
Vinita | None
Aune | None
Deepthi | None
Sagar | None
Rehan | None
Vivek | None
Siva | None
Sweta | None
Jay | None
Tasmiya | None
Spoorthi | None
Bhavya | None
Rajvir | None
Preethi | None
Yuvraj | None
Chetan | None
Sukesh | None
Arvind | None
Sophia | None
Artee | None
Aman | None
Abhinethri | None
Ashwinder | None
Franklin | None
Savitha | None
Gojira | None
Ritvij | None
Neelakshi | None
Sekhar | None
Rohit | None
Shams | None
Recruitment | None
Akansha | None
Muthappa | None
Meghna | None
Dhanush | None
Pradeep | None
Mrunali | None
Dhurjati | None
Basant | None
Shiva | None
Pooja | None
Hasan | None
Vadivel | None
Ashish | None
Priyanka | None
Shalu | None
Gangi | None
Amit | None
Ranjit | None
Soundarya | None
Ipsita | None
Ritu | None
Aarti | None
Sakshi | None
Vileena | None
kelly | None
Amber | None
Recruiters | None
Coquito | None
Keyoor | None
Chhaya | None
Premchandra | None
Meghalina | None
Neha | None
Sutrishna | None
Shakambari | None
Manish | None
Sakthi | None
Ritesh | None
Ashwini | None
Ashish | None
Bharath | None
Sathiya | None
Rameswari | None
Madhavi | None
Maria | None
Kanchan | None
Devyanee | None
Milind | None
Matada | None
Pranit | None
Prinkal | None
Nagamalli | None
Bala | None
Rahul | None
Anita | None
Deva | None
Dhanya | None
Chethana | None
Nihar | None
Nagashrree | None
Shweta | None
Raj | None
Vishal | None
Tanushree | None
Snehashree | None
Sumit | None
Santhrupthi | None
Selva | None
Ajantha | None
Saili | None
Vaishnavi | None
Rahul | None
Shubham | None
Shubham | None
Aakash | None
Namita | None
Abhishek | None
Vivekanand | None
Ramcharan | None
Manil | None
Manish | None
Gaurav | None
Lakshmi | None
Arvind | None
Anwesha | None
Priyanka | None
Sonali | None
Abhinay | None
Dinesh | None
Divya | None
AMIT | None
Snehal | None
Pratik | None
Himanshu | None
Amey | None
Shijo | None
Athira | None
Josephine | None
Souvik | None
Saleemuddin | None
Nabanita | None
Janvi | None
Samyak | None
Khushboo | None
Poonam | None
Ayushi | None
Harshal | None
Anushri | None
Vishesh | None
Goutam | None
Komal | None
Shishir | None
Sandhya | None
Roja | None
Sonia | None
Gurpartap | None
Praveen | None
Sumithra | None
Amol | None
Harshini | None
Abhishek | None
Mahesh | None
Shubham | None
Roni | None
Akash | None
SathisKumar | None
Ishwar | None
Suraj | None
Bhargavi | None
Priyanka | None
Lakshmi | None
Axita | None
Vamsi | None
Malik | None
Saweed | None
Rajesh | None
Roohi | None
Ankita | None
Swaroopini | None
Swati | None
Aditya | None
Soorya | None
Ashwini | None
Ankit | None
Sujit | None
Shuvrojyoti | None
Girish | None
Amit | None
Monika | None
Hiral | None
Smitha | None
Lakshay | None
Kumar | None
Pavani | None
Hemlata | None
Anuj | None
Ritika | None
Mahesh | None
Kundan | None
Rahul | None
Sushil | None
Mallireddy | None
Amita | None
SivaRamaGupta | None
Uma | None
Saloni | None
Jatin | None
Chandan | None
Rajini | None
Aniket | None
Nikhil | None
SABIR | None
James | None
Priya | None
Yogesh | None
Shripad | None
Puneet | None
Venkatramana | None
Spandana | None
KAMLESH | None
Hiren | None
Avtar | None
Prashant | None
Ganesh | None
Devang | None
Siddaling | None
Chetan | None
Indraneel | None
Jeff | None
Christian | None
Chase | None
Dean | None
Amadi | None
Alejandro | None
Alejandro | None
Catherine | None
Rodrigo | None
Hannah | None
Faye | None
Sunny | None
Lisa | None
Amadi | None
Charlie | None
Diego | None
Rachel | None
Alejandro | None
Stephanie | None
Hitesh | None
Andre | None
Jamie | None
Yoni | None
Patrick | None
Michelle | None
Michael | None
Lindsey | None
Jean | None
Hitesh | None
Hannah | None
Jamie | None
Umar | None
Salma | None
Salma | None
Ronnie | None
Chase | None
Matthew | None
Matthew | None
Luke | None
Luke | None
Thuc | None
Faruk | None
Scott | None
George | None
Sunny | None
Katie | None
Natasha | None
Noah | None
Diane | None
Joe | None
Tom | None
Iain | None
Hannah | None
Rilwan | None
Anna | None
Roger | None
Steven | None
Andres | None
Diego | None
Helen | None
Max | None
Joanna | None
Kyle | None
Sean | None
Charlie | None
Devin | None
Pia | None
Alby | None
Ami | None
Robert | None
Lewis | None
Stuart | None
Peter | None
Sean | None
Olivia | None
Chase | None
Hitesh | None
Joe | None
Matthew | None
Sophie | None
Joseph | None
Charlotte | None
Jaiden | None
Malik | None
Doug | None
Anya | None
Emily | None
Salma | None
Daniel | None
Thomas | None
Stuart | None
Harriet | None
Hannah | None
Abrar | None
Hayley | None
Gabriel | None
Gabriel | None
Ravi | None
Andres | None
Katie | None
Audree | None
Charlie | None
Tom | None
Henry | None
Emily | None
Susanna | None
Susanna | None
Anna | None
Alex | None
Anthony | None
Karen | None
Oliver | None
Charlie | None
Conor | None
Tasneem | None
Johann | None
Steven | None
James | None
Dan | None
Louis | None
Dean | None
Harry | None
Sam | None
Arnaud | None
Ethan | None
Doug | None
Anthony | None
Conor | None
David | None
Faruk | None
Liam | None
Joanna | None
Louis | None
Sean | None
Rilwan | None
Anna | None
Iain | None
Virginia | None
Angela | None
Alexander | None
Madeline | None
Hannah | None
Susanna | None
Romain | None
Marcus | None
Maria | None
Jamie | None
Gabriel | None
Roger | None
Dean | None
Adam | None
Michelle | None
Lisa | None
Stuart | None
Diego | None
Ethan | None
Joe | None
Michael | None
Thomas | None
Keaton | None
Diane | None
Sunny | None
Tommy | None
Andres | None
Harriet | None
Harrison | None
Alex | None
Scott | None
Alex | None
Malik | None
Umar | None
Faye | None
Casey | None
Kyle | None
Sabah | None
Humza | None
Freddie | None
Adam | None
Jamie | None
Alanna | None
Mehdina | None
Michael | None
Hugh | None
Rodrigo | None
Daniela | None
Reeice | None
Audree | None
Luke | None
Miguel | None
Hayley | None
M. | None
Luke | None
Alexander | None
Umar | None
Jack | None
Callum | None
Lisa | None
Angela | None
Sam | None
Jose | None
Thuc | None
Salma | None
Ronnie | None
Stephanie | None
Peter | None
Peter | None
Rhiannon | None
Richard | None
Sam | None
Sarah | None
Samuel | None
Samuel | None
Sarah | None
Tash | None
Nikolaj | None
Sam | None
Michael | None
Ellie | None
Liz | None
Jack | None
Nicola | None
Rachel | None
Amelia | None
Andy | None
Ben | None
Casey | None
Claire | None
Dominika | None
Louise | None
Yao | None
James | None
Jessica | None
Jim | None
Joe | None
Joel | None
Julio | None
Katie | None
Kay | None
Lindsey | None
Elona | None
Michelle | None
Findlay | None
Charlotte | None
James | None
Gemma | None
Daniel | None
Carys-fleur | None
Callum | None
Andrew | None
Joe | None
Andre | None
Waleed | None
Thomas | None
Steve | None
Robert | None
Max | None
David | None
Kayode | None
Joe | None
Daniel | None
Krystina | None
Marcia | None
Max | None
Rebecca | None
Sara | None
Shane | None
Sofie | None
Sophie | None
Tom | None
Kip | None
Julie | None
Gregory | None
Julie | None
Stacy | None
Julie | None
Tom | None
Hedi | None
Blair | None
Savanna | None
Kayla | None
Hedi | None
Christian | None
Peter | None
Brandon | None
Brittany | None
Tracey | None
Layla | None
joshua | None
Brittany | None
Bryce | None
casey | None
jonathan | None
jyothi | None
matt | None
matt | None
nick | None
nick | None
Leah | None
thomas | None
Brandon | None
Tim | None
Julia | None
Derek | None
Allison | None
Gabor | None
Gladys | None
Imari | None
Jonah | None
Hedi | None
Kyle | None
Aaron | None
Brittany | None
Andy | None
Jeremy | None
Juliet | None
Kadin | None
Kelsie | None
Maria | None
Nic | None
Noah | None
Raphaelle | None
Tracey | None
Su | None
Asa | None
Nic | None
Gage | None
Su | None
Nathalie | None
Patrick | None
Romina | None
Scott | None
Shannon | None
Cody | None
Thomas | None
Thomas | None
Tony | None
Ty | None
Tyler | None
Wiley | None
Amanda | None
Ty | None
Matt | None
Peter | None
Chris | None
Kristen | None
Diane | None
Marquetta | None
Jade | None
Mayte | None
Carlos | None
sandra | None
Ranneka | None
Nic | None
Luke | None
Diane | None
Felix | None
Stephen | None
Robert | None
Kyle | None
Shelby | None
Ken | None
Alexis | None
Angela | None
Alexandra | None
Brian | None
Bryan | None
Clynette | None
Daniel | None
James | None
Jed | None
Kela | None
Katherine | None
Leonardo | None
Lee | None
Mark | None
Kerri | None
Josh | None
Ty | None
Julian | None
Joseph | None
Jessica | None
Jerry | None
Eduardo | None
Christine | None
Blake | None
Anela | None
Amber | None
Alexis | None
Alejandra | None
Michael | None
Mikaela | None
Sagar | None
Nicole | None
L | None
Melanie | None
Whitney | None
Omar | None
Cynthia | None
Kyle | None
Erin | None
Emily | None
Jean-Pol | None
Glory | None
Abdul | None
Javier | None
Tracey | None
Ben | None
Merabeth | None
Ankur | None
Randy | None
Jeff | None
Sarah | None
Dianna | None
Scott | None
Ryan | None
Scott | None
Joshua | None
Tracie | None
Sarah | None
Kellia | None
Lauren | None
Aaron | None
Christy | None
Lauren | None
Mariia | None
Katie | None
Gurwinder | None
Richelle | None
Charles | None
Caidin | None
Hans | None
Astrin | None
Robert | None
Kingsley | None
Zulfiya | None
Caitlin | None
Darkan | None
Mary | None
John | None
Venkatesh | None
Stephen | None
Sophia | None
Priscilla | None
Luis | None
Venkatesan | None
Pooja | None
Nikki | None
Sam | None
Mary | None
Narendra | None
Suwan | None
Amit | None
Mary | None
Dan | None
Asad | None
Kristin | None
Keith | None
Venkatesan | None
Jolie | None
Allen | None
Donna | None
John | None
Oumou | None
Andrew | None
Sanjay | None
Nikky | None
Ronald | None
Anirudh | None
Faseh | None
Ayesha | None
Andrew | None
Stella | None
Shan | None
Ankit | None
Talha | None
Smita | None
Tooba | None
Anil | None
Jay | None
Aleena | None
Melvin | None
Priscilla | None
Rohit | None
Rahul | None
Oscar | None
Matthew | None
Caupolican | None
Dan | None
Dave | None
David | None
Dennis | None
Davin | None
Felicity | None
Jeremy | None
Jim | None
Jim | None
Luis | None
Jim | None
Jim | None
Jeremy | None
Jim | None
Kyle | None
leonard | None
Luis | None
Nikki | None
Nick | None
Nick | None
Matthew | None
Mike | None
Jim | None
Dale | None
Rana | None
Phil | None
Yakov | None
Yakov | None
Woodrow | None
William | None
Woodrow | None
Wendy | None
Victor | None
Vijai | None
Vijai | None
Victor | None
Tom | None
Tom | None
Timothy | None
Tom | None
Timothy | None
Scott | None
Scott | None
Ryan | None
Richard | None
Rob | None
Ryan | None
Chris | None
Richard | None
Rich | None
Rich | None
Rana | None
Phil | None
Cheryl | None
Ryan | None
Chris | None
Cheryl | None
Mike | None
David | None
Tim | None
Victor | None
Rob | None
Dan | None
Aaron | None
Ryan | None
Jim | None
Alex | None
Davin | None
Brad | None
Brady | None
Felicity | None
Brady | None
Braun | None
Brian | None
Allison | None
Brad | None
Allison | None
Aaron | None
Dan | None
Josh | None
Alex | None
Kegan | None
Lakshmi | None
Antra | None
Pratap | None
Natalie | None
Urvisha | None
Anuradha | None
Jugnu | None
Sudeshna | None
Swathi | None
Priyanka | None
Prashant | None
Geethika | None
Smitha | None
Surekha | None
Gagan | None
Kavitha | None
Ketki | None
Ayesha | None
Asha | None
Veena | None
Krish | None
Gauri | None
Pracchi | None
Manoj | None
Maria | None
Shivani | None
Ankit | None
Kavita | None
Manoj | None
Neelam | None
Avantika | None
Poorvanjali | None
Gayatri | None
Sonia | None
Sukruta | None
Sneha | None
Shubham | None
Supriya | None
Sandeep | None
Poornima | None
Stacey | None
Swarda | None
Shivani | None
Sukruta | None
Surabhi | None
Tamanna | None
Vishal | None
Bre | None
Sreekanth | None
Dan | None
James | None
Larry | None
Sreekanth | None
Steve | None
Travyn | None
teve | None
Stacey | None
Kalyani | None
Daniel | None
Holly | None
Pratap | None
Peyush | None
Brenda | None
Himaja | None
Travyn | None
Tamanna | None
Smriti | None
Ayesha | None
Agnieszka | None
Baban | None
Poorvanjali | None
Guru | None
Harshal | None
Ipsi | None
Jyothi | None
Karishma | None
Kumar | None
Mikee | None
Nikkita | None
Pracchi | None
Gagan | None
Raj | None
Divya | None
Shameela | None
Divya | None
David | None
Nick | None
Ted | None
Lucia | None
Divya | None
Priyanka | None
Surya | None
Dave | None
Raj | None
Tia | None
Prashant | None
Poornima | None
Vikram | None
Tanishka | None
Jagan | None
Jyothi | None
Dhruvi | None
Linda | None
Siddhant | None
Asha | None
Sandeep | None
Sudeshna | None
Manoj | None
Divya | None
Smriti | None
Michael | None
Heather | None
Billie | None
Kristine | None
Karin | None
Romeo | None
Alexandra | None
Deirdre | None
Joseph | None
Hans | None
Kellie | None
Jennifer | None
Kamsi | None
Danielle | None
Alexis | None
Angela | None
Brittany | None
David | None
Emma | None
Hope | None
Courtney | None
Ronald | None
Russell | None
Anthony | None
Rod | None
Ian | None
Ahmed | None
Ardy | None
Humberto | None
Javon | None
Kaneka | None
Paul | None
Mark | None
Arman | None
Alisa | None
Chris | None
George | None
Henry | None
Marilyn | None
Clay | None
Jeremiah | None
Kenny | None
Russell | None
Ronald | None
Jeff | None
Minh | None
Denzel | None
Kevin | None
James | None
Marco | None
Carl | None
Joseph | None
Christopher | None
Carmela | None
Ben | None
Freitag | None
Christopher | None
Charles | None
Jeff | None
August | None
Bruce | None
Avery | None
Anita | None
Taewon | None
Wayne | None
Margret | None
Jeffrey | None
Timothy | None
George | None
Jahaziel | None
Andrew | None
Cannieca | None
Stephan | None
Sean | None
Jill | None
Fran | None
Frederic | None
Alex | None
Mary | None
Michael | None
Tim | None
Andrew | None
Eileen | None
Nicole | None
Jon | None
Maureen | None
Erin | None
Kristen | None
Brannon | None
Rob | None
Alyssa | None
Jarrod | None
Nancy | None
Nathan | None
Megan | None
Betsy | None
Jay | None
Joan | None
Justin | None
Paul | None
Julie | None
Matthew | None
Lisa | None
Tari | None
Susan | None
Craig | None
Charles | None
Andrew | None
Nathan | None
Randy | None
Michelle | None
Joe | None
Heath | None
Jennifer | None
Matthew | None
Sara | None
Keena | None
Kasthuri | None
Sarah | None
Hallie | None
Dana | None
Deiton | None
Katrina | None
Michael | None
Jaylen | None
Rahyen | None
Seb | None
Hannah | None
Josh | None
Charlie | None
Heba | None
Nikita | None
Hemant | None
zehra | None
Ahnna | None
Gwen | None
Helena | None
Diya | None
Brandon | None
Maddy | None
Kate | None
Lindsey | None
Drew | None
Matt | None
Peter | None
Matt | None
Casey | None
Jillian | None
Andrew | None
Beth | None
Madeleine | None
Cat | None
Vilma | None
Shendl | None
Saskia | None
Rafe | None
Preshonda | None
Owen | None
Olivia | None
Nicole | None
Michael | None
Maxime | None
Nicole | None
Lucy | None
Lauren | None
Lindsey | None
Ben | None
Andy | None
Greetings | None
Jillian | None
Jessica | None
Cheryl | None
Christopher | None
Peter | None
Lorraine | None
David | None
Danny | None
Gemma | None
Hamza | None
Harrison | None
Ian | None
James | None
Jennifer | None
Jericho | None
Josephine | None
Kirsten | None
Calum | None
Elliot | None
Clinton | None
Jenna | None
Clint | None
Tyler | None
Ned | None
Rachel | None
Steve | None
Mike | None
RON | None
Noel | None
Carolina | None
Jatin | None
Ryan | None
Steven | None
Naina | None
Will | None
Omar | None
Molly | None
Grant | None
Lorna | None
Michael | None
Michelle | None
Shubham | None
Yashi | None
Coralia | None
Teja | None
Rachel | None
Dave | None
Chau | None
Nicollette | None
Prashant | None
Danielle | None
Tedi | None
Tahisa | None
Heather | None
Lisa | None
Shravani | None
Shanna | None
Anthony | None
Heather | None
Alyssa | None
Kevin | None
Nicole | None
Michelle | None
Russell | None
Tedi | None
Craig | None
Greg | None
Terri | None
Christine | None
Angeline | None
Joseph | None
Jessica | None
Mel | None
Lisa | None
Garima | None
Sam | None
Zainab | None
Nicole | None
Jennifer | None
Chuck | None
Judy | None
Sam | None
Jim | None
Eugene | None
Jenna | None
Dayan | None
Amanda | None
Ashley | None
Ronda | None
Diane | None
Nicole | None
Heather | None
Marc | None
Team | None
Joji | None
Alyssa | None
Nicollette | None
Sabina | None
Jesus | None
Chad | None
Sam | None
Tahisa | None
Dave | None
Gerrit | None
Mary | None
Caden | None
Jimmy | None
Arnold | None
Jenna | None
Jenna | None
Joji | None
Mel | None
Sal | None
Ronda | None
Ashley | None
Recruiter | None
Jenn | None
Eugene | None
Robert | None
Chris | None
Terry | None
Taryn | None
Haley | None
Bradley | None
Recruiter | None
David | None
Rachel | None
Nicole | None
Rohil | None
Danielle | None
Nicole | None
Kevin | None
Alyssa | None
Terry | None
Elizabeth | None
Hayley | None
Matt | None
Bryan | None
Jesus | None
Chuck | None
Sydney | None
Craig | None
Jenna | None
Garima | None
Lisa | None
Christine | None
Casey | None
Valerie | None
Laura | None
Chris | None
Amy | None
Garry | None
Taryn | None
Jino | None
David | None
Paul | None
E.J. | None
kalyssa | None
Tiffany | None
yordalis | None
Suelen | None
Robb | None
Matt | None
Maria | None
Makenna | None
Luke | None
Lindsey | None
Sylvia | None
Jenn | None
Courtney | None
Cory | None
braxton | None
Brandylynn | None
Ayrion | None
Austin | None
Aspen | None
Ayrion | None
Anna | None
Edwyn | None
Destiny | None
Hannah | None
Suzy | None
Celeste | None
Jeanne | None
Simon | None
Nikki | None
Charity | None
Scott | None
April | None
Keegan | None
Darryl | None
Richard | None
Tanya | None
Karlie | None
Ali | None
Jon | None
leif | None
David | None
Allison | None
Chrisa | None
Erin | None
Heather | None
Jill | None
Kat | None
Roger | None
Davonte | None
nancy | None
Weston | None
tom | None
Amie | None
Kendale | None
David | None
Billie | None
Jim | None
Erin | None
Deb | None
Mark | None
Paul | None
Alejandra | None
Tiffany | None
Nitin | None
Jay | None
Fred | None
Gabrielle | None
Michael | None
upasana | None
susan | None
maura | None
Kathleen | None
Eugene | None
Tom | None
Chelsea | None
Lauren | None
Colleen | None
Krisha | None
Jen | None
Tara | None
Scott | None
Madilyn | None
Jake | None
Colin | None
Erik | None
Hilary | None
Conor | None
Abby | None
John | None
Chris | None
Bridget | None
Silvija | None
Jason | None
Gaurav | None
Lucia | None
Camila | None
Kimberly | None
Michael | None
Craig | None
Joseph | None
JJ | None
Jason | None
Moira | None
Andrew | None
Samantha | None
Bree | None
Nick | None
Yogesh | None
Dan | None
Kiran | None
Lee | None
Sam | None
Elizabeth | None
Wael | None
Dave | None
Tyler | None
Paul | None
Anthony | None
Jason | None
Keilly | None
Michael | None
Alex | None
Nate | None
Kristie | None
Bercely | None
Ingmar | None
Connor | None
Kelly | None
Michael | None
Dilin | None
Hamish | None
Theresa | None
Ethan | None
Joshua | None
David | None
Brandi | None
Lana | None
Philip | None
Justin | None
Magi | None
Amanda | None
Steve | None
Anna | None
Erin | None
Lisa | None
Kirk | None
Charles | None
Lesley | None
Bill | None
Hiram | None
Amanda | None
Sebastian | None
Sofía | None
Santiago | None
L | None
Ben | None
David | None
Vincent | None
Nathan | None
Alan | None
John | None
David | None
Jacki | None
Jeffrey | None
Sean | None
Lara | None
Venecia | None
Bonnie | None
Kevin | None
Aditya | None
Amanda | None
Marcos | None
Sara-Michelle | None
Jacqueline | None
Jessica | None
Shannon | None
Don | None
Hussain | None
David | None
Shamazia | None
Lizi | None
Supriya | None
Philip | None
Melissa | None
Essam | None
Priscilla | None
Nell | None
John | None
Edward | None
Marjan | None
David | None
Scott | None
Santiago | None
Prashant | None
Nikhil | None
Heather | None
Valentina | None
Pamela | None
Anna | None
Michele | None
Dan | None
Mark | None
Robert | None
Michelle | None
Jeff | None
Michael | None
Josh | None
Lauren | None
Mitesh | None
Marcela | None
Alexander | None
William | None
Renato | None
Robert | None
Jenelle | None
Zaher | None
Omer | None
Marinos | None
Rodrigo | None
Salome | None
Alicia | None
Susanne | None
Evan | None
Mark | None
Kayla | None
Hannah | None
Jack | None
Robert | None
Sam | None
Jorge | None
Gwendolyn | None
Purvi | None
Carolina | None
Tomas | None
Julia | None
Jay | None
Jason | None
Vijay | None
Nick | None
Sanjay | None
Lauren | None
Greg | None
George | None
Dan | None
Nancy | None
Abigail | None
Jacob | None
Adam | None
Abby | None
Stephanie | None
Julie | None
Shanna | None
Emily | None
Thomas | None
Glen | None
Amanda | None
Kim | None
Shannon | None
Carol | None
Ohannes | None
Nicolas | None
Jacqueline | None
Samantha | None
John | None
Bryan | None
Tabitha | None
Mary | None
Katherine | None
nick | None
Taylor | None
Maria | None
manoj | None
Damaris | None
Joanna | None
Josephine | None
Jim | None
Caitlin | None
Sydney | None
Alexa | None
Lindsay | None
Kristin | None
Sonia | None
Cassidy | None
Haley | None
Hailey | None
Gregory | None
Jordan | None
Zayn | None
Ryan | None
Dominica | None
Cassidyn | None
Victoria | None
Alexander | None
Marlee | None
Lauren | None
Corinne | None
tricia | None
Matt | None
Emma | None
Graham | None
shelby | None
Madalynn | None
Ashley | None
Barb | None
Ross | None
Brooke | None
Shelby | None
Cullen | None
Furnil | None
matt | None
Olivia | None
Claire | None
Stephen | None
Jake | None
Regina | None
madalynn | None
luke | None
lareina | None
Jon | None
Kaiya | None
Katie | None
Luke | None
Michelle | None
Amanda | None
Lareina | None
Tricia | None
ashley | None
brooke | None
jake | None
jon | None
Dex | None
Tricia | None
Diana | None
Jessica | None
Chase | None
Manuel | None
Jaden | None
Michael | None
Cole | None
Haley | None
Clara | None
Elijah | None
Sathusan | None
Jane | None
Louis | None
Sophie | None
Samantha | None
Sean | None
Joshua | None
Jacob | None
Winston | None
Charlotte | None
Sophia | None
Megan | None
Lauren | None
Harry | None
Werner | None
Thereza | None
Samantha | None
Marina | None
Lukas | None
Jacob | None
Nick | None
Demetria | None
James | None
Chandler | None
Alexis | None
Jacob | None
Gabriela | None
Asanda | None
Thereza | None
Jacob | None
Maddie | None
Winston | None
Peggy | None
Felix | None
Tamzyn | None
Nicholas | None
Peter | None
Jessica | None
Morganne | None
Jackson | None
Leah | None
Jacob | None
Gabriela | None
Jackson | None
Alexis | None
John | None
Jacob | None
Jack | None
Bailey | None
Rayana | None
Jane | None
Grace | None
Yasmin | None
Jacqueline | None
William | None
Manuel | None
Haley | None
Callum | None
Aya | None
edmond | None
carter | None
Dylan | None
Elijah | None
Edmond | None
Tom | None
Luisa | None
Jonathan | None
Chris | None
Rachel | None
Paul | None
Louis | None
Margaret | None
Bailey | None
Fiona | None
Miranda | None
Malik | None
Connor | None
Devon | None
Charlotte | None
hannah | None
john | None
Rachel | None
rachel | None
Jeremy | None
niklas | None
Sean | None
Nicole | None
Manuel | None
Michael | None
Michael | None
Kelly | None
Jessica | None
David | None
Ruchir | None
Clara | None
raphaël | None
Daniel | None
sophia | None
Alex | None
a | None
Lukas | None
Amanda | None
Boris | None
Chandler | None
Jad | None
Kevin | None
paula | None
muhammad | None
nanette | None
nick | None
regina | None
sterling | None
richard | None
romel | None
sean | None
sowseelya | None
steve | None
sumit | None
ted | None
rhett | None
michelle | None
julia | None
maria | None
gregory | None
jack | None
janie | None
javonne | None
jeff | None
jennifer | None
john | None
tim | None
karen | None
ken | None
kenneth | None
kevin | None
lauren | None
lynda | None
marc | None
michael | None
tina | None
Arthur | None
Amanda | None
Regina | None
Carrie | None
Nanette | None
Gregory | None
Jack | None
Ken | None
Clay | None
Natalia | None
Jagannathan | None
Agha | None
James | None
Marc | None
Jeff | None
Charlie | None
Karen | None
Rhett | None
Edward | None
David | None
Corinna | None
Arthur | None
Darlene | None
Kevin | None
Nick | None
Amy | None
Dave | None
Graham | None
tish | None
Julia | None
graham | None
Chelsea | None
Jennifer | None
Sean | None
Steve | None
Michael | None
Mike | None
Kristen | None
enon | None
denis | None
edward | None
Rhett | None
Regina | None
Carrie | None
Jeff | None
Nanette | None
Douglas | None
Janie | None
Enon | None
Sean | None
Gregory | None
Arthur | None
Dave | None
Ted | None
Ken | None
Jack | None
Graham | None
Jennifer | None
elsid | None
Frank | None
Julia | None
Karen | None
Sapna | None
Rashmi | None
Harpreet | None
Paula | None
Amy | None
Mahabub | None
Arthur | None
douglas | None
david | None
dave | None
darlene | None
chelsea | None
carsten | None
carrie | None
brian | None
azad | None
arthur | None
amanda | None
Nick | None
Chelsea | None
Amanda | None
Clay | None
Steve | None
Janie | None
Ted | None
Michael | None
Rohan | None
Harpreet | None
Karen | None
Anne | None
David | None
Erin | None
Aishwarya | None
Melissa | None
Amber | None
Katelyn | None
Kate | None
Alysa | None
Becky | None
Casey | None
Isaac | None
Nathan | None
Rachelle | None
Taylor | None
Jillian | None
Summer | None
Kevin | None
Michelle | None
Kelly | None
Sabrina | None
Chelsea | None
Melanie | None
Scott | None
Sabrina | None
Jen | None
Carley | None
Nikki | None
Bethany | None
Jen | None
Jamie | None
Christopher | None
Christine | None
Michael | None
Jim | None
Lauren | None
Melanie | None
Meredith | None
Samantha | None
Jeff | None
Jill | None
Jessica | None
J | None
Krista | None
Marissa | None
Carolyn | None
Sean | None
Justice | None
Ka'toria | None
Mohammed | None
Mohammed | None
Alan | None
Jason | None
Shae | None
Daniel | None
David | None
Anthony | None
Tony | None
Juliet | None
Meonaka | None
Michael | None
Mimi | None
Missy | None
Nancy | None
Sarah | None
Nicole | None
Richard | None
Marilyn | None
Sari | None
Simon | None
Natalie | None
Lauren | None
Justin | None
Kim | None
Katie | None
Stephanie | None
Jory | None
Jennifer | None
Hope | None
Dwayne | None
Diane | None
Desiree | None
Dawn | None
Crystal | None
Christina | None
Kris | None
Kizzi | None
Teela | None
John | None
Tracey | None
Tony | None
Bryant | None
Charles | None
Jeff | None
Akanksha | None
Blake | None
Zoe | None
Vivian | None
Violeta | None
Wayne | None
Trudy | None
Olivia | None
John | None
Gabrielle | None
Walter | None
Ross | None
Dennis | None
Allecia | None
Carter | None
Victor | None
Rebecca | None
Dean | None
Amy | None
Karen | None
Joel | None
Patrick | None
Amy | None
Stephanie | None
Patrick | None
Alyssa | None
George | None
Jason | None
Alyssa | None
John | None
Vinny | None
Hazel | None
Laurel | None
Cheyenne | None
Bhavana | None
Rory | None
Matthew | None
Max | None
Nagesh | None
Rhys | None
Pallavi | None
Terri | None
Loren | None
Mark | None
Robert | None
Nancy | None
Andrew | None
Kevin | None
Jim | None
Christian | None
Bar | None
Don | None
allie | None
Maria | None
alexandra | None
jessica | None
lisa | None
shawna | None
Paige | None
Jpi | None
Mark | None
Bannister | None
Paps | None
James | None
Robert | None
Alex | None
Ashleigh | None
Esther | None
Ajmal | None
Nathan | None
Carrion | None
Matthew | None
Mackenzie | None
Lucille | None
Ashton | None
Lori | None
Kristin | None
Kyle | None
Marlee | None
Nicole | None
Nicole | None
Philippa | None
Lauren | None
Lindsay | None
Kristin | None
Jamie | None
Jessie | None
Diane | None
Cody | None
Bryan | None
Alison | None
Drew | None
Venkat | None
Sarah | None
Molly | None
Mauricio | None
Diego | None
Ganesh | None
Santhosh | None
Aditya | None
Shar | None
amy | None
Diego | None
Bryan | None
Abigail | None
Lavanya | None
Veena | None
Justice | None
Shar | None
Hope | None
Steven | None
Steven | None
Mahesh | None
Ramesh | None
Vijay | None
Ravindra | None
Saikishore | None
Mohammed | None
Danny | None
Shelby | None
yosef | None
Sohail | None
Brian | None
Janaki | None
Donna | None
Scott | None
Jimena | None
Josh | None
Jeffrey | None
Joshua | None
Thomas | None
Varnika | None
Tyanne | None
Mark | None
Marla | None
Meredith | None
Michael | None
Migle | None
Tracey | None
Miranda | None
Nicole | None
Nolan | None
Rufai | None
Samuel | None
Shay | None
Stefani | None
Steve | None
Susan | None
Tammy | None
Taylor | None
Terry | None
Vincent | None
Ric | None
Carlie | None
Chelsea | None
Wendy | None
Cara | None
Cindy | None
Chris | None
Charity | None
Cristi | None
Cameron | None
Ben | None
Anthony | None
AJ | None
Adam | None
Trixie | None
Jonathan | None
Tina | None
Lauryn | None
Jim | None
Maddy | None
Brian | None
Tommy | None
Kathleen | None
Derek | None
Maribel | None
Michael | None
Shauna | None
Arica | None
Rich | None
Logan | None
Johnson | None
Linda | None
Craig | None
Conleith | None
Chris | None
Justin | None
Michael | None
Andrew | None
Adam | None
AJ | None
Alison | None
Allen | None
Allison | None
Amanda | None
Amber | None
Andre | None
Andrea | None
Aretha | None
Ashley | None
Ben | None
Benjamin | None
Brittney | None
Brook | None
Candace | None
Candice | None
Cristi | None
Lindsay | None
Dan | None
Donna | None
Lauryn | None
Lauren | None
Lauren | None
Kyle | None
Kyle | None
Kyle | None
Krista | None
Kimberly | None
Kelley | None
Chris | None
Jeffrey | None
Jeff | None
Jeana | None
James | None
Jacqueline | None
Jackie | None
Greg | None
Gia | None
Frank | None
Francesca | None
Ernie | None
Emmanuel | None
Elizabeth | None
Dina | None
Foster | None
Justin | None
Dennis | None
Scott | None
Christian | None
Dhara | None
Dave | None
Kevin | None
Tyler | None
Danielle | None
Ed | None
Michael | None
Steve | None
Nicole | None
Kaitlyn | None
Kevin | None
Alexandrea | None
Briseida | None
Terry | None
Taylor | None
Steve | None
Scott | None
Ryan | None
Robert | None
Dan | None
Lou | None
Frank | None
Taryn | None
Michael | None
Jackson | None
Fitzroy | None
Zachary | None
Edinson | None
Ryan | None
Lynn | None
Brittany | None
Margo | None
Danielle | None
Paul | None
Eric | None
Kenneth | None
Mauro | None
Manisha | None
Shane | None
Darryl | None
Darius | None
Grant | None
Roman | None
Richard | None
Lisa | None
Cathy | None
Paige | None
Dennis | None
Michael | None
SandrA | None
Sandeep | None
Susan | None
Steve | None
Rahul | None
Randy | None
Paul | None
Paul | None
Pamela | None
Nicole | None
Mike | None
Christopher | None
Matthew | None
Katherine | None
Kamryn | None
Justin | None
Jeff | None
Joe | None
Nicole | None
George | None
Frank | None
Sue | None
TAMMY | None
Hailey | None
Kevin | None
Tyler | None
Meredith | None
Matthew | None
Mark | None
Luke | None
Logan | None
Kyle | None
Kirsten | None
Jimmy | None
Hayley | None
Dakota | None
Dakota | None
Chris | None
Chris | None
Cara | None
Candice | None
Cameron | None
Brook | None
Briseida | None
Breanna | None
Breanna | None
Miles | None
Linnea | None
Cody | None
Santoshi | None
Denise | None
Lesley | None
Cindy | None
Eric | None
Lori | None
Susan | None
Sugandha | None
John | None
Kirk | None
Kelly | None
Jodi | None
Jerry | None
Tom | None
Brandon | None
Linda | None
Leila | None
Jerry | None
Chris | None
Joan | None
Daniel | None
Nini | None
Michelle | None
Susan | None
Anne | None
Denise | None
Elisa | None
Eric | None
Jodi | None
John | None
Sugandha | None
Lori | None
Steve | None
Linda | None
Brandon | None
Susan | None
Jeya | None
Linda | None
Mrudula | None
Carolynne | None
Lesley | None
Kelly | None
Joan | None
Tyler | None
Paola | None
Maria | None
Taylor | None
Tin | None
Patti | None
Cole | None
Raul | None
Nicholas | None
Nick | None
Nina | None
Bri | None
Christopher | None
Michael | None
Ismael | None
Jeffrey | None
Tom | None
Nathan | None
Vincent | None
Neal | None
Gerardo | None
Hannah | None
Scott | None
Diego | None
Mark | None
Charles | None
Michael | None
Iain | None
Marcus | None
Kara | None
Claudia | None
Joel | None
John | None
John | None
Stacey | None
Logan | None
Nicholas | None
Janelle | None
Emmanuel | None
Sharon | None
Alex | None
Chris | None
Andy | None
Chris | None
Jessica | None
Cheyenne | None
old | None
Eric | None
Sanjana | None
Eric | None
Mike | None
Nathan | None
Michael | None
Matthew | None
Rob | None
Jared | None
Christian | None
Jeff | None
Shannon | None
Derek | None
Austin | None
Ian | None
Ma. | None
Ovrille | None
Rob | None
Trevor | None
Alex | None
Brian | None
Stephanie | None
Christian | None
Phil | None
Keyan | None
Christopher | None
Alex | None
Kimaya | None
Heather | None
Brandon | None
Justina | None
Jacob | None
Justina | None
Micah | None
Peter | None
Rex | None
Scott | None
William | None
Somsack | None
Sharon | None
Clifford | None
Steven | None
Scott | None
Sheryl | None
Kiernan | None
Dan | None
Joseph | None
Julian | None
Jeff | None
Jessie | None
Lee | None
Barbara | None
Maya | None
Victoria | None
Ronni | None
Corey | None
Suzanne | None
Sara | None
Mailyke | None
Alyson | None
Spencer | None
taylor | None
tom | None
Adam | None
Allie | None
Alyson | None
Charlotte | None
Crystal | None
sara | None
Chanson | None
Dallas | None
Grace | None
Jocelyn | None
Avery | None
Sara | None
alaina | None
olivia | None
Kayla | None
Karly | None
Joshua | None
Jennifer | None
Jaylin | None
Jasmine | None
Jacob | None
Isabella | None
Emily | None
Emily | None
Lisa | None
Courtney | None
Janet | None
Justin | None
Joshua | None
Kaylene | None
Lauren | None
Mike | None
Mailyke | None
Ron | None
Stacy | None
Tahni | None
Jeffrey | None
Rosa | None
Loni | None
Mason | None
morgan | None
lisamarie | None
kylee | None
kate | None
jasmine | None
Isabella | None
Courtney | None
Coral | None
anjali | None
Tanya | None
Marissa | None
Sarah | None
Samantha | None
Ryan | None
Rochelle | None
Robert | None
Robbie | None
Paris | None
Mitchell | None
Michael | None
Melanie | None
Matt | None
Sarah | None
Halle | None
Lindsey | None
Leigh | None
Thayna | None
Jeff | None
Karen | None
Alex | None
Staci | None
Colby | None
Hannah | None
Karen | None
Adam | None
Eileen | None
Ashley | None
Bryan | None
Patrycja | None
Ilham | None
Catherine | None
Chrissie | None
Christin | None
Taylor | None
Lorna | None
Latoya | None
Joette | None
Darrell | None
Nancy | None
Lisa | None
Katherine | None
Catherine | None
Larry | None
Alicia | None
Ian | None
Noreen | None
Brandon | None
Yvonne | None
Parker | None
Taylor | None
Leo | None
Charles | None
Linda | None
Christine | None
Jocelynn | None
Jamie | None
Chad | None
Ingrid | None
NICHOLAS | None
Sarah | None
Brandon | None
Bryan | None
Kira | None
Justin | None
Brandon | None
Holly | None
Lauren | None
Jimi | None
Jean | None
Matt | None
Stephanie | None
Connie | None
Poonam | None
Phillip | None
Kat | None
Karol | None
Kayla | None
Vipin | None
Brian | None
Cheryl | None
T.M. | None
Billy | None
Kelly | None
Kim | None
Mansi | None
Danielle | None
Donivan | None
Cory | None
Justyna | None
Evelyn | None
Kelci | None
Jessica | None
Paulina | None
Nicole | None
Trey | None
Hemanjali | None
Akash | None
Sam | None
Dunja | None
Nicola | None
Akshata | None
Alexis | None
Gyana | None
Jon | None
Aly | None
Dione | None
Praveen | None
Kim | None
LaContiss | None
Eric | None
Dan | None
Mike | None
Ariadna | None
Anthony | None
Bec | None
Izabella | None
Jerimiah | None
Will | None
Julie | None
Lisa | None
Sheena | None
Samantha | None
Kishika | None
Swati | None
Priya | None
Pravin | None
Tanvi | None
Divya | None
K.A. | None
Fawjiya | None
Isabel | None
Joey | None
Rohan | None
Yaritza | None
Muhammad | None
Kevin | None
Adil | None
James | None
Mohamed | None
Jarvis | None
Maria | None
Gregory | None
Kim | None
Austin | None
Heather | None
Joseph | None
Steven | None
Mandar | None
Diana | None
Olga | None
Giang | None
Debbie | None
Precious | None
Jeff | None
Magdalena | None
Lynda | None
Marc | None
Tom | None
Ashlin | None
Michael | None
Carlyn | None
Cierra | None
Jonathan | None
Kristin | None
Michael | None
Jessica | None
Swanson | None
McCormack | None
Hellberg | None
Amber | None
Ross | None
Dorota | None
Reid | None
Bartosz | None
Dorota | None
Tony | None
Julie | None
Kristen | None
Carina | None
Samantha | None
Jacobs | None
Adam | None
Sara | None
Jake | None
Britney | None
Margo | None
Marcelina | None
Monika | None
Samantha | None
Roxanne | None
Albert | None
Katelyn | None
Magdalena | None
Angelica | None
Angelica | None
Jordan | None
Shelby | None
Cierra | None
Brian | None
Simon | None
Rachel | None
Jacqueline | None
Mateusz | None
Jason | None
Jada | None
Timothy | None
Frank | None
Timothy | None
Darya | None
Kaustubh | None
Emanuel | None
Gloria | None
Sara | None
Simon | None
Felipe | None
Ian | None
Bryan | None
Kelly | None
Haresh | None
Sergio | None
Stephen | None
Jay | None
Joesalie | None
Olavo | None
Matthew | None
Moeez | None
Aziz | None
Harish | None
Sarah | None
Khesav | None
Jay | None
Denton | None
Ajithan | None
Peter | None
Candice | None
Chad | None
Dhiren | None
Duane | None
Nikita | None
Jaryong | None
Mike | None
Amna | None
Nizama | None
Ishita | None
Jahid | None
Lily | None
Tommy | None
Taylor | None
Siddharth | None
Sam | None
Saif | None
Ryan | None
Naida | None
Sertac | None
Edward | None
Brent | None
Andrew | None
Benoit | None
Amila | None
Ana | None
Haris | None
Imed | None
Jorge | None
Julie | None
Akshay | None
Aaron | None
Long | None
Michelle | None
Nadia | None
Amela | None
Kathleen | None
Lance | None
Daniel | None
Michael | None
Ashley | None
Maryana | None
Lauren | None
Patrica | None
Kaitlyn | None
Juana | None
Kali | None
Karen | None
Kathleen | None
Katie | None
Kawsar | None
Manny | None
Luise | None
Kelly | None
Levan | None
Lewis | None
Lewis | None
Liam | None
Luke | None
Logan | None
Joseph | None
Lucy | None
Luke | None
Kyle | None
Joseph | None
Jamal | None
Jorge | None
Gustavo | None
Haley | None
Harry | None
Harsh | None
Henry | None
Hope | None
Iain | None
Ibby | None
Ibby | None
Imogen | None
Ines | None
Jack | None
Jack | None
Marcus | None
James | None
James | None
James | None
James | None
Jay | None
Jeff | None
Jennifer | None
Jennifer | None
Johannes | None
John | None
Jonah | None
Jonathan | None
Jonathan | None
Jordan | None
Jordan | None
Jose | None
Martin | None
Noah | None
Matthew | None
Sarah | None
Scott | None
Shama | None
Shaneel | None
Shaylee | None
Sikandar | None
Stefan | None
Steven | None
Steven | None
Tee | None
Tim | None
Sarah | None
Yousif | None
Tobias | None
Tom | None
Tori | None
Tyler | None
Viktoriia | None
Warren | None
Brandi | None
Benjamin | None
Zainab | None
Youssef | None
Gergely | None
Timothy | None
Ryan | None
Rob | None
Ricky | None
Maximilian | None
Maximilian | None
Megan | None
Megan | None
Megan | None
Melissa | None
Melissa | None
Mhairi | None
Michaela | None
Mohamed | None
Muhammad | None
Naomi | None
Nicholas | None
Oliver | None
Parker | None
Patrick | None
Patrick | None
Paul | None
Paulina | None
Pavlos | None
Perle | None
Philip | None
Reece | None
Richard | None
Ricky | None
Matt | None
Gemma | None
Benjamin | None
Fatima | None
Callum | None
Lawrence | None
Tyler | None
Marta | None
Katie | None
Liv | None
Lucas | None
Myles | None
Antonio | None
Fraser | None
Faye | None
Adam | None
Jack | None
Lawson | None
Marion | None
Natalie | None
Oliver | None
Olivia | None
Paul | None
Sarah | None
Aaron | None
Aaron | None
Adam | None
Alex | None
John | None
Alexandra | None
Sian | None
Michael | None
Yasemin | None
Angel | None
Alex | None
Aika | None
Danny | None
Giselle | None
Jaryl | None
Jen | None
John | None
John | None
Angela | None
Joseph | None
Cara | None
Jack | None
Olivia | None
Steven | None
Brett | None
Tatiana | None
Eishara | None
Mary | None
Christopher | None
Emily | None
Stef | None
Julie | None
Alexandra | None
Alina | None
Alyson | None
Chloe | None
Chris | None
Chris | None
Clemence | None
Colin | None
Conor | None
Crystal | None
Daniel | None
Daniel | None
Daniel | None
Daniel | None
Charlotte | None
Daniel | None
David | None
David | None
David | None
Ebony | None
Elliott | None
Ellis | None
Emily | None
Emma | None
Erik | None
Ethan | None
Evie | None
David | None
Charlie | None
Charles | None
Chandler | None
Amber | None
Amberly | None
Ana | None
Andrea | None
Andrew | None
Andy | None
Arnold | None
Arthur | None
Ashley | None
Astrid | None
Benjamin | None
Berrak | None
Bilal | None
Billy | None
Bob | None
Bobby | None
Brandon | None
Briana | None
Brice | None
Cameron | None
Cameron | None
Cansu | None
Carlie | None
Carlos | None
Carly | None
Freya | None
Will | None
Melinda | None
Larry | None
Polina | None
Michael | None
Ashley | None
Karen | None
John | None
Rebecca | None
Sami | None
SOFIA | None
Nicole | None
Scot | None
Mike | None
Ryan | None
Mary | None
Moira | None
Karissa | None
Steven | None
Susan | None
CHRIS | None
Kelsey | None
Sofia | None
Tricia | None
Pete | None
Trina | None
Sean | None
Scot | None
Chris | None
Deborah | None
Kari | None
Louis | None
Tina | None
Paula | None
Lynn | None
Cara | None
Cindy | None
Pete | None
Mary | None
Stacey | None
Kristyn | None
Paula | None
Maddalena | None
Kyle | None
Sviat | None
Nikolaus | None
Mimi | None
Heather | None
Matthew | None
Kent | None
Teila | None
Nova | None
John | None
Scott | None
Robert | None
Sofia | None
Tricia | None
Anthony | None
Miguel | None
Christopher | None
Donna | None
Brian | None
Dan | None
Jay | None
Pamela | None
Hope | None
Brian | None
Branden | None
Michelle | None
Chris | None
Jon | None
Josh | None
Stacy | None
Jeff | None
J | None
Leah | None
Bria | None
Lauren | None
Michael | None
Tanna | None
Brad | None
Joaquin | None
Ashley | None
Michelle | None
Linley | None
Denise | None
John | None
Ross | None
Derelle | None
Pete | None
Cindy | None
Taylor | None
Margo | None
Carissa | None
Jim | None
Ashley | None
Rachel | None
Ashley | None
Colleen | None
JoLee | None
Tam | None
Alexandria | None
Kaitlin | None
Ashley | None
Tam | None
Alexandria | None
Ross | None
Grace | None
Faaizah | None
Jeffrey | None
Ashley | None
JoLee | None
Bianca | None
Rachel | None
Hayley | None
Sunni | None
JoLee | None
Jeffrey | None
Carissa | None
Kate | None
Kirk | None
JoLee | None
Joshua | None
Vanessa | None
Amy | None
Dawn | None
Chris | None
Eleanor | None
Cindy | None
Colleen | None
Jerry | None
Christopher | None
Kelly | None
Stephen | None
Mike | None
Karen | None
Ashley | None
Eric | None
Derick | None
Michael | None
Janitza | None
Ardith | None
Urszula | None
zoe | None
Spencer | None
Sam | None
Ariana | None
Chandler | None
blake | None
marianne | None
sam | None
Jennifer | None
Meredith | None
Jack | None
John | None
Camira | None
Ally | None
Stan | None
Lisa | None
Leah | None
Lauren | None
Laura | None
Kylie | None
Kelly | None
Karthik | None
Kari | None
Lisa | None
Kaitlin | None
Jonathan | None
John | None
Jodie | None
Joan | None
Jenna | None
Jenn | None
Jenn | None
Jason | None
Jarad | None
Zach | None
Jackie | None
Ivana | None
Juanita | None
Lori | None
Lucas | None
Stacey | None
Steve | None
Tera | None
Tyler | None
vanessa | None
Vivek | None
Wayne | None
Helana | None
Whitney | None
Robin | None
Ricky | None
Lori | None
Richie | None
Nabajit | None
Molly | None
Mike | None
Micheal | None
Melinda | None
Meghan | None
Megan | None
MD | None
Matt | None
Mark | None
Ravi | None
Heather | None
Ginnette | None
Hannah | None
Christopher | None
Charles | None
Carissa | None
Cameron | None
Cade | None
Burt | None
Broc | None
Britni | None
Courtney | None
Bill | None
Amber | None
Hannah | None
Alyse | None
Alok | None
Alex | None
Adena | None
Paul | None
Michelle | None
Athena | None
Dan | None
Racquel | None
Darci | None
David | None
Deepak | None
Dominic | None
Dylan | None
Eric | None
Fred | None
Ginny | None
Daniel | None
Gordy | None
Camryn | None
Michele | None
John | None
Rebeca | None
Raquel | None
Scott | None
Alex | None
Courtney | None
Christopher | None
Andy | None
Meagan | None
Gema | None
Brad | None
Sarah | None
Maria | None
Hayley | None
Erika | None
Cathy | None
Carla | None
Mayra | None
Jenifer | None
Aneeka | None
Melody | None
Kristy | None
Stacy | None
Dayana | None
Camryn | None
Brad | None
Kristy | None
Sarah | None
Maria | None
Linda | None
Isaac | None
Margaret | None
Juan | None
Mariam | None
Sophia | None
Juan | None
Tina | None
David | None
Stefan | None
Jeremy | None
Brittany | None
David | None
Claribel | None
Luz | None
Lisa | None
Noel | None
Hank | None
Hank | None
Wendy | None
Scott | None
Lorena | None
Christie | None
Courtney | None
Shannon | None
Pamela | None
Tina | None
Ziamar | None
Amber | None
Linda | None
Michael | None
Viviana | None
Tammy | None
Michael | None
Taylor | None
Frank | None
Joe | None
Daniela | None
Saloni | None
Shivangi | None
Chessan | None
Kory | None
Kevin | None
Kevin | None
Kristin | None
Kevin | None
Kemonté | None
Chris | None
Kelli | None
Jordan | None
Jordan | None
Jordon | None
Josh | None
Josh | None
Josh | None
Joshua | None
Kellie | None
Joyce | None
Julie | None
Kalyn | None
Karl | None
Kat | None
Kat | None
Katherine | None
Keith | None
Julie | None
Kayle | None
Lauren | None
Lauren | None
Matt | None
Matthew | None
Matthew | None
Max | None
Maya | None
Megan | None
Meredith | None
Michael | None
Michael | None
Michael | None
Michael | None
Mikayla | None
Mitchell | None
Nick | None
House | None
Nicole | None
Nicole | None
Nicole | None
Nora | None
Matt | None
Jonathan | None
Matt | None
Matt | None
Lauren | None
Leesa | None
Leo | None
Lindsay | None
Lindsey | None
Lisa | None
Liz | None
Logan | None
Louisa | None
Lucas | None
Lynne | None
Madeline | None
Marcos | None
Marcus | None
Marissa | None
Mark | None
Mark | None
Martin | None
Martyn | None
Matt | None
Joe | None
Jenner | None
Jim | None
House | None
House | None
House | None
House | None
House | None
House | None
House | None
House | None
House | None
House | None
House | None
House | None
House | None
Forrest | None
Garrett | None
House | None
House | None
House | None
House | None
House | None
House | None
House | None
House | None
Drew | None
Denis | None
Joseph | None
House | None
Josh | None
Eric | None
House | None
Madeline | None
House | None
House | None
House | None
House | None
Christie | None
House | None
House | None
House | None
Ivan | None
J. | None
jaclyn | None
Jaclyn | None
Jacob | None
Jacquie | None
James | None
Hunter | None
Jazmine | None
Jeff | None
Jeff | None
Pablo | None
Jennifer | None
Jessica | None
Jessica | None
Jim | None
Jeff | None
Joe | None
Holly | None
Heather | None
House | None
Gene | None
Geo | None
Gordon | None
House | None
House | None
House | None
Henry | None
House | None
House | None
House | None
House | None
Grady | None
Grant | None
Greg | None
Heather | None
House | None
Parker | None
Raymond | None
Peter | None
Jonathan | None
Mallory | None
Isaiah | None
Adam | None
Ray | None
Tonya | None
Chris | None
Patrick | None
Colin | None
Brandon | None
Andrew | None
Michael | None
Catherine | None
Forrest | None
John | None
Jeff | None
Isaac | None
Alyssa | None
Matt | None
Alizen | None
Ryan | None
Antonio | None
Aaron | None
Carrie | None
Marcie | None
Alicia | None
Logan | None
Lindsey | None
Tony | None
Shawn | None
Karyn | None
Felix | None
Kellie | None
Ethan | None
Jamie | None
Amy | None
Alex | None
Thuan | None
Thomas | None
House | None
House | None
House | None
House | None
Ruby | None
House | None
House | None
House | None
House | None
House | None
House | None
House | None
House | None
House | None
House | None
House | None
House | None
Braden | None
House | None
Uriel | None
Lori | None
Stephen | None
Tim | None
Donna | None
Sameer | None
Kelsey | None
JP | None
Uriel | None
Bahiyyih | None
Jared | None
Earla | None
Joshua | None
Margaretta | None
Frank | None
Heidi | None
Elissa | None
Autumn | None
Pegah | None
Christopher | None
Jeana | None
Sean | None
Sharon | None
Sherwin | None
Stanton | None
Stephen | None
Stephen | None
Steve | None
Steven | None
Steven | None
Taylor | None
Taylor | None
Taylor | None
Thomas | None
Tiffany | None
Tim | None
Sean | None
Scott | None
Sarah | None
Sarah | None
Peter | None
Rachel | None
Rachel | None
Randy | None
House | None
Reggie | None
Reyes | None
Tim | None
Row | None
Ryan | None
Ryan | None
Ryan | None
Samantha | None
Samuel | None
Samuel | None
Sara | None
Roxy | None
Timothy | None
Todd | None
Tommy | None
Lauren | None
Ivan | None
Dan | None
Katie | None
Giulia | None
Elizabeth | None
Kirk | None
Josh | None
Jessica | None
Daylen | None
Kyle | None
Jacob | None
Colleen | None
Zach | None
Amanda | None
Tyler | None
William | None
Jennifer | None
Crystal | None
Christina | None
Tony | None
Tori | None
Tracy | None
Travis | None
Troy | None
Tyler | None
Tyler | None
Annelaure | None
Tyler | None
Virgilio | None
Wendy | None
Courtney | None
Hunter | None
Billy | None
Heather | None
Kristin | None
Tyler | None
Ethan | None
Charles | None
Eric | None
Mike | None
Melanie | None
Marcos | None
Lou | None
Kevin | None
Kendall | None
Joshua | None
Johnathon | None
Jeff | None
James | None
Jacob | None
Isaiah | None
Isaac | None
Gavin | None
Felix | None
Mo | None
Nicholas | None
Alyssa | None
Alvin | None
William | None
Tasha | None
Stefan | None
Sooyeon | None
Paul | None
Nick | None
Reed | None
Evan | None
Ryan | None
Trevor | None
Adam | None
Adriana | None
Alex | None
Alfredo | None
Alicia | None
Allison | None
Thuan | None
William | None
Elizabeth | None
Christopher | None
Eric | None
Alex | None
Morgan | None
Jillian | None
Brian | None
Robert | None
Andrew | None
Jessica | None
Chuck | None
Derek | None
Randy | None
Danielle | None
Jonathan | None
Abbie | None
Vanessa | None
Adam | None
Haley | None
Sean | None
Farrell | None
Chris | None
Ben | None
Austin | None
Arpana | None
Andres | None
Henry | None
Katie | None
Cliff | None
Brett | None
Tyler | None
Matt | None
Brett | None
Kevin | None
Brian | None
Christine | None
Ethan | None
Dorothy | None
Zachary | None
Amber | None
Alex | None
Katrina | None
Riley | None
Caitlyn | None
Andrew | None
Ryan | None
Silvia | None
Tonya | None
Simon | None
Mary | None
Chad | None
Bryce | None
Bryan | None
Amber | None
Alex | None
Justin | None
Jerry | None
Hunter | None
Tony | None
Danielle | None
Andrew | None
Kyle | None
Mike | None
Brooke | None
Christian | None
Crystal | None
Craig | None
Jeana | None
Sheldon | None
Eli | None
Joseph | None
Lester | None
Cheryl | None
Patrick | None
Jacob | None
Eric | None
AJ | None
Mark | None
Michael | None
Jon | None
Jennifer | None
Jason | None
Eric | None
Drew | None
Doug | None
Derek | None
Craig | None
Christopher | None
Chris | None
Chris | None
Chris | None
Brittany | None
Brett | None
Brandon | None
Joseph | None
Kevin | None
Mark | None
Martin | None
Nathan | None
Natalie | None
Mordy | None
Heidi | None
Grace | None
Nicole | None
Brianna | None
Tobey | None
Ryan | None
Vanessa | None
Megan | None
Alan | None
Crystal | None
Katie | None
Nick | None
Melanie | None
George | None
Kai | None
Matt | None
Brett | None
David | None
David | None
Darwin | None
Inactive | None
Inactive | None
Inactive | None
Darcy | None
Danielle | None
Dustin | None
Brian | None
Jacob | None
Joey | None
Duran | None
Garrett | None
Alex | None
Susan | None
Reed | None
Eric | None
Marisa | None
Danielle | None
Daniel | None
Daniel | None
Dain | None
Craig | None
Craig | None
Corey | None
Corbin | None
Davis | None
Conner | None
Dekota | None
T1000 | None
Eric | None
Eric | None
Emmet | None
Emma | None
House | None
House | None
Emily | None
Elliott | None
House | None
House | None
House | None
House | None
House | None
House | None
House | None
Mike | None
House | None
House | None
Ellina | None
House | None
House | None
House | None
House | None
House | None
Dylan | None
Dustin | None
Dominic | None
Dillan | None
Colin | None
Bashar | None
Cody | None
Ashleigh | None
Brandon | None
Austin | None
Ba | None
Kyle | None
Kaylee | None
Barrett | None
Sam | None
Ben | None
Jason | None
Mitch | None
Anjolee | None
Ron | None
David | None
Tim | None
Nicholas | None
Elizabeth | None
Branden | None
Billy | None
Bill | None
Bill | None
Bernie | None
Ben | None
Cole | None
Dallas | None
Angela | None
Angela | None
Anae | None
Christopher | None
Chris | None
Chris | None
Chris | None
Cody | None
Chelsea | None
Gary | None
Amanda | None
Amber | None
Angel | None
Chelsea | None
Catherine | None
Carlita | None
Caleb | None
Bryna | None
Brooke | None
Brian | None
Brett | None
Brendan | None
Brandon | None
Andrea | None
Andrea | None
Andrew | None
Beau | None
Christopher | None
Katrina | None
Nick | None
Kaliris | None
Jeffrey | None
Keaton | None
Jeanine | None
Garrett | None
Ryan | None
Shane | None
Abby | None
Alex | None
Arlen | None
Christy | None
Connor | None
Danielle | None
Erica | None
Sasha | None
Jennifer | None
Jennifer | None
Jules | None
Kyle | None
Matthew | None
Monica | None
Samuel | None
Lauren | None
Amanda | None
Stacey | None
Nicole | None
Taylor | None
Tajee | None
Samuel | None
Daniel | None
Andrew | None
Robin | None
Sean | None
Corey | None
Ash | None
Marlo | None
Brian | None
Angelo | None
Michael | None
Leah | None
Lori | None
Kristin | None
Daley | None
Mike | None
Matthew | None
John | None
Al | None
michael | None
michael | None
liza | None
john | None
jessica | None
jenna | None
perry | None
jack | None
gretchen | None
dominick | None
colin | None
brendan | None
John | None
Conor | None
Tori | None
Mitchell | None
Abigail | None
Lea | None
Michael | None
Julia | None
michael | None
megan | None
Cory | None
Bob | None
Brian | None
Ryan | None
Jessica | None
Liam | None
Layla | None
Jeff | None
Brian | None
Kirstin | None
Michael | None
Marissa | None
Nicholas | None
Eric | None
Mike | None
Bill | None
Brandon | None
Brendan | None
Bryan | None
Brett | None
Abel | None
Adam | None
Dave | None
Kiley | None
Leah | None
Tim | None
Haley | None
Timothy | None
John | None
Grady | None
Jay | None
Kevin | None
Keith | None
James | None
Kyle | None
Kyle | None
Eric | None
Liz | None
Michael | None
Maxwell | None
Michael | None
Riley | None
Sarah | None
Steve | None
John | None
Jinson | None
Duncan | None
Jephin | None
Rafael | None
Robert | None
Alice | None
Jacob | None
Robert | None
Porla | None
Pamela | None
Nick | None
Monae | None
Michael | None
Marjory | None
Luis | None
Lindsay | None
Quandora | None
Kristin | None
Michael | None
Rachael | None
Lizette | None
Sarah | None
Scott | None
Shamaeia | None
Shawnae | None
Sudheer | None
Tameka | None
Teri | None
Tony | None
Dia | None
Joshua | None
Kristin | None
Klarissa | None
Samantha | None
Julian | None
Brian | None
Josh | None
Samantha | None
Melissa | None
Hannah | None
Ashley | None
Amanda | None
Juanna | None
Lisa | None
Amy | None
Melissa | None
Emily | None
Trish | None
Shanelle | None
Aleah | None
Jeffrey | None
Alice | None
John | None
Ashley | None
Ashley | None
Avery | None
Jon | None
John | None
Carol | None
Cathy | None
Chanta | None
Chantel | None
Danny | None
Angela | None
Doug | None
Jennifer | None
Dwayne | None
Daniel | None
Jeffrey | None
Eileen | None
Brandon | None
Matthew | None
Kristy | None
Gina | None
Bruce | None
Adam | None
Abid | None
Jessica | None
Beni | None
Ben | None
Bill | None
Devasha | None
Emily | None
Jennifer | None
Joshua | None
Tori | None
Kim | None
Morgan | None
Michael | None
Patricia | None
Raquel | None
Suellen | None
T | None
KaZoua | None
Sharon | None
Barbara | None
Tom | None
Quinn | None
Brianne | None
LaVora | None
Maria | None
Catherine | None
Alandra | None
Abid | None
Daniel | None
Jordan | None
Steve | None
Heather | None
Ginny | None
Julie | None
Francine | None
Sally | None
Michael | None
Sharika | None
Jennifer | None
Chris | None
Kathryn | None
Taylor | None
Donald | None
Marie | None
Sandy | None
Janice | None
Pamela | None
Sejal | None
John | None
Meghan | None
Jamie | None
Michael | None
Anissa | None
Jim | None
yaritza | None
bob | None
Barry | None
Angel | None
amy | None
amanda | None
alexandria | None
Alec | None
Alicia | None
Ligia | None
Terri | None
Anna | None
Tanya | None
Salimah | None
Catherine | None
Margaret | None
Kira | None
John | None
Ivy | None
Gina | None
Gabrielle | None
Emily | None
Elizabeth | None
Elizabeth | None
Eileen | None
Casey | None
Colleen Losiewicz | None
Marci | None
Ariana | None
Alandra | None
Dale | None
wei | None
Vivian | None
Tom | None
tiffany | None
Taeshawn | None
snehith | None
dakota | None
niki | None
melissa | None
melinda | None
Meghan | None
matt | None
maria | None
maddison | None
paul | None
layesha | None
Leora | None
david | None
devasha | None
donna | None
emily | None
isabel | None
jason | None
joan | None
joseph | None
Katherine | None
Kathryn | None
kristen | None
Sam | None
Amaobi | None
Luis | None
Dave | None
Scott | None
Farid | None
Richard | None
Marlene | None
Max | None
Talia | None
George | None
Justin | None
Stephen | None
John | None
sandra | None
Jason | None
Thomas | None
Stephen | None
Riley | None
Rhonda | None
Cyndi | None
Loren | None
Don | None
Andre | None
Dylan | None
Michael | None
Frederick | None
Tope | None
Lynette | None
Chase | None
Jeff | None
Gordon | None
Kamren | None
Steven | None
Hanaléah | None
Brian | None
Victor | None
Scott | None
Alec | None
Gary | None
George | None
Daniel | None
Felicia | None
Elizabeth | None
Stephanie | None
Priyanka | None
Cynthia | None
Terry | None
Jill | None
Kirstyn | None
Chelsi | None
Diana | None
Izzy | None
Jake | None
Jesse | None
Jill | None
Katie | None
14 | None
Kristin | None
Kevin | None
Lindsi | None
Megan | None
Mikal | None
Richard | None
Tori | None
Briana | None
Kelly | None
Aubrey | None
thomas | None
Sarah | None
Izzy | None
Thomas | None
Alexis | None
Brittany | None
Chelsi | None
Bianca | None
West | None
Greco | None
Stephen | None
Christina | None
Isabella | None
Samantha | None
Ryan | None
Ava | None
Jason | None
Jenna | None
Megan | None
Robert | None
Beth | None
Mariana | None
Myroslava | None
Nataliia | None
Nataliya | None
Nataliya | None
Priyadharshini | None
Sabrina | None
sandhya | None
Lesia | None
William | None
Nibedita | None
Tomoko | None
Kimberly | None
Iryna | None
Sabrina | None
Katie | None
Katie | None
Hazel | None
Abhishek | None
Janelisse | None
Affu | None
Antoine | None
Hope | None
Iryna | None
Abigail | None
hisao | None
Amber | None
Sam | None
Dorothy | None
Lisa | None
andrew | None
Rachael | None
Julien | None
Jackie | None
Danielle | None
Lisa | None
Andrew | None
Annie | None
Michelle | None
Kevin | None
Ashtin | None
Aly | None
Rachel | None
Khristie | None
Jennifer | None
Beth | None
Miakel | None
Gracias | None
Eric | None
Rita | None
Imari | None
Jeannie | None
William | None
Timothy | None
Richard | None
Karen | None
Gianfranco | None
Kendall | None
Liz | None
Heidi | None
Shon | None
Tyler | None
Gisell | None
Mariana | None
Pavan | None
Priscila | None
Chalapathy | None
James | None
Dalila | None
Diana | None
Jimmy | None
Puneet | None
Dylan | None
Ana | None
Seian | None
Tetiana | None
Leslie | None
Sydney | None
Naidu | None
Saurav | None
Munique | None
Jochen | None
Giorgia | None
Eduwiges | None
Giulia | None
Chris | None
Mario | None
Allison | None
Weiliang | None
Bill | None
David | None
David | None
Colton | None
Billie | None
Alfonso | None
Drew | None
Alexia | None
Holly | None
Maya | None
Miguel | None
Evan | None
Kendall | None
Justin | None
Jaasleen | None
Tricia | None
Justin | None
Madison | None
James | None
Victoria | None
Oreoluwa | None
Michael | None
Mark | None
Liz | None
Kenny | None
Stephanie | None
Isabelle | None
Ibrahim | None
Yoshiko | None
Candy | None
DANIELA | None
Oscar | None
Miguel | None
Camila | None
José | None
Mariana | None
Angela | None
Jared | None
Vijayalakshmi | None
Ganesh | None
Lakshmi | None
Yadha | None
Judan | None
Abhishek | None
Zoi | None
Hannah | None
Felipe | None
Fabiola | None
Dillon | None
Karina | None
Sabah | None
Mariana | None
Thais | None
Gayatri | None
Corentin | None
João | None
Josue | None
Angelica | None
Sara | None
Chung | None
Luz | None
Valeria | None
Paula | None
Ximena | None
Iria | None
Valeria | None
Melissa | None
Cynthia | None
Takuto | None
Isabelle | None
Ana | None
Daniela | None
Giovana | None
Paola | None
Alejandra | None
Larissa | None
Elisangela | None
Moises | None
Narendra | None
Andrea | None
Alexandru | None
Mateus | None
Natalia | None
Jaqueline | None
Agustín | None
Fernanda | None
Paulina | None
Ash | None
Claudia | None
Kendall | None
Christie | None
Nao | None
Paula | None
Marcus | None
Tammy | None
Paulina | None
Daniela | None
Shaik | None
Rui | None
Thais | None
Edward | None
Miriam | None
Craig | None
Mariana | None
Constanze | None
Mariana | None
Yuko | None
Darina | None
KAREN | None
Rachel | None
Maki | None
Sandeep | None
Gary | None
Samantha | None
deepthi | None
Marj | None
Avani | None
Sarah | None
Justin | None
Yu | None
Chiara | None
Greg | None
Patricia | None
Jorge | None
Ana | None
Michele | None
Andrea | None
Wyane | None
Anna | None
Mateus | None
Lucas | None
María | None
Renata | None
Glory | None
Mariacristina | None
Ariana | None
Lorenzo | None
Claudia | None
Kezia | None
Rose | None
Desirée | None
Anna | None
Valeria | None
Carolina | None
Natasha | None
Mark | None
Alice | None
Kazuma | None
Lilian | None
Matteo | None
Kevin | None
Sonia | None
Ana | None
Weipeng | None
Deborha | None
LIANGJING | None
Valentina | None
Anna | None
Reona | None
Carlos | None
Andrea | None
José | None
Prashant | None
Giulia | None
Steven | None
Gabriele | None
Narendra | None
Chung | None
Fernanda | None
Chandramouli | None
Pasquale | None
Luiz | None
Momo | None
Thomas | None
Deborha | None
Alejandra | None
Matthew | None
Giovanni | None
Jonatha | None
Sara | None
Jan | None
Koji | None
Valeria | None
Lisania | None
Larissa | None
Ana | None
Giovana | None
Nayara | None
Mariana | None
Mohammed | None
Andrea | None
Nádia | None
Angelica | None
Iria | None
Viviane | None
Angela | None
Loïc | None
Ximena | None
Ana | None
Silvia | None
Miguel | None
Raju | None
Nadya | None
Suelen | None
Emiliano | None
Angshula | None
Lucas | None
Serena | None
Natsuki | None
Elisangela | None
Andreza | None
Ai | None
Emilio | None
Candy | None
Gautier | None
Gabriel | None
Tricia | None
Cam | None
Gautier | None
Isabella | None
Isaac | None
Billie | None
Eduardo | None
Eduwiges | None
Siva | None
Leocridia | None
Maria | None
Alexia | None
Daniel | None
Weitong | None
Tatsuzo | None
Simona | None
Tamara | None
Nwando | None
Monica | None
Maddie | None
Kari | None
Juliana | None
Joseph | None
José | None
Jose | None
Jenna | None
James | None
Heidi | None
Alvaro | None
Cassandra | None
Serena | None
Simona | None
Sandeep | None
Lori | None
Karen | None
Raghu | None
Alex | None
Jonathan | None
Alex | None
Achille | None
Pablo | None
Jonathan | None
Mark | None
Abdul | None
Abe | None
Gina | None
Antonio | None
Kevin | None
Anna | None
Scott | None
Anusha | None
Marilyn | None
Helen | None
Glen | None
Juan | None
Tim | None
Chuck | None
Jenine | None
Steve | None
James | None
Lorrie | None
Arun | None
Alex | None
Jaqueline | None
Gisell | None
Josue | None
Luana | None
Erick | None
Isaac | None
Maria | None
Alejandra | None
Miyu | None
Camila | None
Matteo | None
Ryousei | None
Achille | None
Cameron | None
Ivana | None
Kimberlee | None
Shannon | None
Alaina | None
Alexander | None
Andrew | None
Oleksandra | None
Natalia | None
Grisell | None
Carolina | None
A | None
Maria | None
Ayako | None
Emiko | None
Pisittha | None
Mauro | None
John | None
Johan | None
Anthoni | None
Fabíola | None
Fernanda | None
Lolita | None
Leocridia | None
James | None
Luke | None
Naresh | None
Nina | None
Geraldine | None
Luz | None
Arihant | None
Nadine | None
Christian | None
Kemal | None
Valeria | None
Cynthia | None
Fantic | None
Carolina | None
Bambo | None
Biagio | None
Mónica | None
LIANGJING | None
Ashulaa | None
Milena | None
Takuto | None
Patrick | None
Amanda | None
Susan | None
Carol | None
Rachel | None
Marci | None
Axelle | None
Alyson | None
Bill | None
Shayne | None
Kavita | None
Kumar | None
Rajasimha | None
Ajaz | None
Garrett | None
Kirti | None
Agnes | None
Justin | None
Daniel | None
Jared | None
Mark | None
Justin | None
Kyle | None
William | None
Diana | None
Charles | None
Michael | None
Stephanie | None
Ryan | None
Todd | None
Michael | None
Raymond | None
Nicole | None
Devin | None
Donna | None
Steve | None
Andrea | None
Kirsten | None
Jimmy | None
Griffin | None
Shannon | None
Marco | None
Sarah | None
Kyle | None
Richard | None
John | None
Mary | None
Travis | None
Steve | None
Tyrone | None
Robert | None
Matt | None
Brittani | None
Thejasree | None
Krysten | None
Begoña | None
Doug | None
James | None
Natalie | None
Begoña | None
Christine | None
Reed | None
Shayan | None
Casey | None
Rob | None
Dennis | None
Selvia | None
Ronnie | None
Autumn | None
David | None
Angie | None
Lafayette | None
Cam | None
Lauren | None
Don | None
John | None
Armstrong | None
Joseph | None
Jacob | None
Aimee | None
Jeff | None
Johnson | None
Lilly | None
Estefany | None
Donald | None
Carlos | None
Madeleine | None
Lauren | None
Seth | None
Stephanie | None
David | None
Larry | None
Ahmed | None
Ellis | None
Angelo | None
Gordon | None
Jeremy | None
Neil | None
Mara | None
Brandon | None
Joseph | None
DeAndre | None
Thomas | None
Sonja | None
Connie | None
Dustin | None
Edwin | None
Freddie | None
Phillip | None
Abeeb | None
Mustafa | None
Megan | None
Olympia | None
Scott | None
Alison | None
Gabriel | None
Catherine | None
Tykei | None
Cindy | None
Ava | None
Alishia | None
Nathan | None
Alyssa | None
Carrie | None
Shameka | None
Adam | None
Brendan | None
Kevin | None
Renita | None
Freddy | None
Christopher | None
Keith | None
Jason | None
Lesia | None
Katie | None
Ryan | None
Renee | None
Anthony | None
Susannah | None
Wesley | None
April | None
Amy | None
Vasiuddin | None
Nathassia | None
Monique | None
Alyssa | None
Rishi | None
John | None
Roger | None
Paul | None
Byron | None
Luke | None
Domingo | None
Debbra | None
Aston | None
Melissa | None
Darrell | None
Taurean | None
Dustin | None
David | None
Ly | None
Jason | None
Barbara | None
William | None
Teri | None
Spring | None
Christian | None
Brian | None
Starla | None
Richard | None
Beverly | None
Tyrel | None
Shola | None
Marvick | None
Adam | None
Jori | None
Racquie | None
Sonjoy | None
Lamar | None
Meredith | None
Conner | None
Louis | None
Matthew | None
Aida | None
Mike | None
Dennis | None
Daniel | None
Jason | None
Gabriel | None
Ann | None
Martin | None
Greg | None
Tamara | None
Chandana | None
Blessed | None
Staci | None
Brittney | None
Dess | None
Patrick | None
Brooke | None
Tiffani | None
Sara | None
Jazmin | None
Caley | None
Jesse | None
Courtney | None
Jennifer | None
Rigoberto | None
Trevor | None
Alondra | None
Yolanda | None
Amber | None
Koren | None
Charla | None
Jackie | None
JuRita | None
Derrick | None
Larry | None
Brandi | None
Rozethel | None
James | None
Dezra | None
Andre | None
Kristin | None
Merrin | None
Martina | None
Jason | None
Nichele | None
Stephanie | None
Steven | None
Dione | None
Julia | None
Gwendolyn | None
Brittany | None
Laura | None
Fatimah | None
Daryl | None
Naomi | None
Scott | None
Lauren | None
George | None
Ernest | None
Scott | None
Stacy | None
Nathan | None
Autumn | None
Felicia | None
Tracy | None
Tyler | None
Katerina | None
Cherlyn | None
Shayla | None
Steve | None
Kelly | None
Paul | None
Adam | None
Sunil | None
Doug | None
Eric | None
Melissa | None
Derrick | None
Matt | None
Jason | None
Steven | None
Kara | None
Colby | None
Gerard | None
Candida | None
Loubna | None
Doug | None
Bethany | None
Greg | None
Robin | None
Michael | None
Roberta | None
Jimmy | None
Rob | None
Matt | None
Michael | None
Nick | None
Caitlin | None
Jake | None
Merry | None
Rob | None
Kyle | None
Dave | None
Chris | None
Steven | None
Tyler | None
Matthew | None
Jennifer | None
Gary | None
Rachel | None
Jason | None
Nick | None
Owen | None
Sam | None
Sarah | None
Garred | None
Stephen | None
Sue | None
Vanessa | None
William | None
Joseph | None
Elizabeth | None
morning | None
Joe | None
Ryan | None
Alden | None
Linda | None
Amit | None
Ashley | None
Brendan | None
Danielle | None
Deborah | None
Elizabeth | None
Jimmy | None
Kent | None
Max | None
Michael | None
Sean | None
Trevor | None
Paul | None
Barbra | None
Ashley | None
Trenton | None
Justin | None
Ryan | None
Jenelle | None
Lindsay | None
ALYSIA | None
Alyssa | None
Jill | None
Steven | None
David | None
Michael | None
Robert | None
Stephen | None
Lisa | None
Jim | None
Kelli | None
Alec | None
Stephen | None
Kishore | None
Keaton | None
Harry | None
Brianna | None
Joe | None
Eunice | None
Mark | None
Ellie | None
Rob | None
Satish | None
Tina | None
suresh | None
Ellie | None
Thomas | None
Al | None
david | None
Celine | None
Pallvi | None
Nitu | None
Mohammad | None
Debasis | None
Ayushman | None
Priyanka | None
Alex | None
Rutvij | None
Sibani | None
Likhitha | None
Manpreet | None
Laxmi | None
Ali | None
Ritabrata | None
Kumar | None
Poulami | None
Ashutosh | None
Anshul | None
Nagendrababu | None
Mrudula | None
Ansuman | None
Nikhil | None
Sayali | None
Yadnesh | None
Priyanka | None
Swatilipsa | None
Rajeswari | None
Lipsa | None
Paul | None
Deepika | None
Istiak | None
Y | None
Nupur | None
Ipsita | None
Bikram | None
Eric | None
John | None
Jessica | None
Jenny | None
Jenifer | None
Immanuel | None
Daphne | None
Carrie | None
Cris | None
Cjay | None
Cindy | None
Chris | None
Celine | None
Joseph | None
Avhie | None
Daniel | None
Joven | None
Rhoda | None
Marja | None
Tony | None
Tina | None
Taylor | None
Stephanie | None
Scott | None
Sarah | None
Sarah | None
Sales | None
Russell | None
Ron | None
RM | None
Richard | None
Austin | None
Nancy | None
Michael | None
Mary | None
Mary | None
Leon | None
Anthony | None
Jeanne | None
Alice | None
Aldrin | None
Aaron | None
May | None
Chitra | None
Diana | None
Jao | None
J | None
Annie | None
Carlos | None
Gabriela | None
Mohammed | None
Yousuf | None
Rebecca | None
Nida | None
Jason | None
Keith | None
Esther | None
Rebecca | None
Edward | None
John | None
Ken | None
Kristen | None
Kevin | None
Teresa | None
Susan | None
Kyleen | None
Xenique | None
Kelly | None
Sharon | None
Nicholas | None
Kwab | None
Martha | None
Ahsan | None
Exori | None
Eboni | None
Syed | None
Cody | None
Elle | None
Ann | None
Daiyana | None
Olivia | None
Loretta | None
Kassandra | None
Bob | None
Liz | None
Dakota | None
Mark | None
Daniel | None
Kim | None
Lori | None
Hailey | None
Benjamin | None
Coryn | None
Matt | None
Jeremy | None
Jennifer | None
Danielle | None
Maryam | None
Amy | None
Steven | None
Nkosi | None
Steven | None
Eric | None
Katelyn | None
Danielle | None
Steven | None
Scott | None
Dustin | None
Hunter | None
Denisse | None
Tracy | None
Ryan | None
Chris | None
Rachel | None
Stacie | None
Luis | None
Robert | None
Steve | None
Chris | None
Siddhartha | None
Tom | None
Allen | None
Kathryn | None
tara | None
Taryn | None
Bethapudi | None
Naresh | None
Umaru | None
Arun | None
Anjani | None
AnilKumar | None
Anand | None
Amee | None
Allec | None
Alex | None
Ronald | None
Melissa | None
Sophia | None
Tom | None
Jessica | None
Gregg | None
Dave | None
Rohith | None
Jasmine | None
Brent | None
Neelima | None
Nandy | None
Mir | None
Michael | None
Melissa | None
Mahesh | None
Madari | None
Kiran | None
Jason | None
Head | None
Divya | None
Dinesh | None
Celina | None
Sandy | None
Shreya | None
Subash | None
Sundaresan | None
Thaneshwaran | None
Trinath | None
Zaffar | None
Devin | None
Steven | None
Stephanie | None
Michelle | None
Andrew | None
Michael | None
Gyaneshwar | None
Dez | None
Rohit | None
Jubin | None
Mahendra | None
Gregg | None
Jeff | None
Jessica | None
Felipe | None
Katie | None
Devin | None
Jason | None
Andy | None
Sylvia | None
Jennifer | None
Jordan | None
Stephen | None
Jeff | None
Sarah | None
Zaffar | None
Liliane | None
Ryan | None
Ruben | None
Stephen | None
Katie | None
Sarah | None
Jasmine | None
Sundaresan | None
Celina | None
Mike | None
Robert | None
Cathleen | None
Nandy | None
Amee | None
Matt | None
Sandy | None
Jennifer | None
Dinesh | None
Sandeep | None
Ivette | None
Luciano | None
Adrienne | None
Alexis | None
Camille | None
Paul | None
Michael | None
Tyler | None
Mark | None
Kristi | None
Kayleigh | None
Kayla | None
Carter | None
McKaye | None
Jovi | None
Jimmy | None
Tiko | None
Mike | None
Hana | None
Elaina | None
Nadine | None
Dharaa | None
Ruth | None
Linda | None
Fari | None
Brian | None
Naveen | None
Andy | None
Margarita | None
Amy | None
Briana | None
Tom | None
Kerri | None
Katherine | None
Chuma | None
dmitry | None
Katherine | None
Kiruthika | None
Samantha | None
Joseph | None
Jim | None
Joseph | None
Vega | None
John | None
Jordan | None
Jennifer | None
Jay | None
Jackie | None
Harini | None
Gal | None
Law | None
Alerie | None
Jagdeep | None
Denise | None
Matt | None
Phil | None
Briana | None
Holly | None
Katie | None
Jacob | None
Catalina | None
Sue | None
Brendan | None
Ashley | None
Maxwell | None
Arthur | None
Amber | None
Matt | None
Seth | None
Scott | None
Allan | None
Joe | None
Gemma | None
Sharon | None
Wendy | None
Nan | None
Melissa | None
Alexander | None
Jill | None
Matt | None
Benjamin | None
Allison | None
Keenan | None
Tyona | None
Susan | None
Paul | None
Casey | None
Breck | None
Syd | None
Jessica | None
Ann | None
Kathryn | None
Julie | None
Mike | None
Monica | None
Jim | None
John | None
Andy | None
Ed | None
Richard | None
Meg | None
Michael | None
Erin | None
Erin | None
Harkesha | None
Tyler | None
Maeci | None
Stacey | None
Janet | None
Alex | None
Paul | None
John | None
Jess | None
Sindhuma | None
Jessica | None
Sarah | None
Sarah | None
Jarod | None
Siddarth | None
Siddarth | None
Shawn | None
Siva | None
Julia | None
Jacob | None
Blake | None
Vijayshankar | None
Sai | None
Teja | None
Venkat | None
Sai | None
Umair | None
Sangwon | None
Daniel | None
Deepthi | None
Christopher | None
Angela | None
Tamara | None
Paige | None
Jess | None
Gino | None
Vanessa | None
Ethan | None
Nick | None
Preetham | None
Bobby | None
Nicholas | None
Andreas | None
Stan | None
Ami | None
Krishna | None
Chetan | None
Brian | None
Jeff | None
Sujit | None
Raj | None
Jarod | None
Jay | None
Matthew | None
Zachary | None
Anand | None
Lori | None
Satya | None
Krishna | None
Matthew | None
Ami | None
Pradeep | None
Mattie | None
Colton | None
Venkata | None
John | None
Jessica | None
Chitra | None
Ken | None
Elliott | None
Paul | None
Arun | None
Austin | None
Tamara | None
Sri | None
Abul | None
Tamara | None
Siddharth | None
Shawn | None
Preetham | None
Pranav | None
Bill | None
Maria | None
Kevin | None
Jasleen | None
Yateesh | None
Gregory | None
Gino | None
Frank | None
Vijayshankar | None
Elia | None
Jim | None
Alex | None
Siddarth | None
Dawn | None
Andy | None
Jarod | None
Arienne | None
Tariq | None
Rachelle | None
Michael | None
Eric | None
Eric | None
Mahendra | None
humera | None
Pradeep | None
Chris | None
Ibukunoluwa | None
Nicole | None
Aleksandar | None
Torrence | None
Dave | None
Jeffrey | None
John | None
Haritha | None
Veda | None
Kartik | None
Scott | None
Noumik | None
Hannah | None
Raj | None
David | None
Kevin | None
Lisa | None
Vince | None
Tom | None
Scott | None
Stacy | None
Lisa | None
Ryan | None
Andy | None
Kevin | None
Vince | None
Ryan | None
Stacy | None
Scott | None
Andy | None
Steve | None
Alan | None
Sara | None
Kelly | None
John | None
Jessica | None
Len | None
Steve | None
Jessica | None
Gary | None
Tom | None
Chris | None
Gary | None
Caroline | None
Dean | None
Beny | None
Karly | None
William | None
Vik | None
Gagan | None
Stacy | None
Cait | None
Katie | None
Tyler | None
Collin | None
Veronica | None
Jeff | None
Eden | None
Douglas | None
Aimee | None
Sara | None
Martin | None
Gareth | None
Steve | None
Savannah | None
Rich | None
Cameron | None
Stacey | None
Jared | None
Amy | None
Casey | None
Caroline | None
Chinda | None
Frank | None
Joel | None
Mar | None
Lauren | None
Kate | None
Amy | None
Kelly | None
LaTonya | None
Taylor | None
Logan | None
Melisa | None
Kyle | None
Ben | None
Aaron | None
Francis | None
Mindy | None
Lizzie | None
Amy | None
Alex | None
Rob | None
Joshua | None
Stori | None
Colin | None
Oliver | None
Luke | None
Zoey | None
Taylor | None
Sara | None
Samantha | None
Uriah | None
Christopher | None
Josh | None
Michael | None
Lauren | None
Katie | None
Brian | None
Heather | None
Eddie | None
Kevin | None
Stephanie | None
Christina | None
Denise | None
Tommy | None
Guillermo | None
Noelle | None
Jessica | None
Harrison | None
Christine | None
Hanna | None
Taylor | None
Larry | None
Justin | None
Tim | None
Adam | None
Dave | None
Jacqueline | None
Guillermo | None
Anthony | None
Bill | None
Becca | None
Larry | None
Justin | None
Brian | None
Bill | None
Linnea | None
Sara | None
Matt | None
David | None
Alex | None
Mark | None
Larry | None
Hanna | None
Terry | None
Adam | None
mandy | None
Becca | None
curtis | None
Mikay | None
Jasmin | None
Hunter | None
Eric | None
Kerrisha | None
Tommy | None
Colby | None
Brian | None
Camille | None
Kirsten | None
April | None
Grant | None
genery | None
Connor | None
Gino | None
Justin | None
Victor | None
Jessica | None
Jordan | None
Marc | None
Toni | None
Crenshaw | None
Jey | None
Victor | None
William | None
Heidi | None
Adam | None
Sydney | None
Yamil | None
Heather | None
Jasmin | None
Corinne | None
Chris | None
Mark | None
Quandre | None
Jose | None
Dave | None
Ricardo | None
Kristina | None
Donovan | None
Kevin | None
Alka | None
Juan | None
Raj | None
Hussein | None
Raj | None
Rajat | None
Raj | None
Luis | None
Shivani | None
Ryan | None
Alka | None
Kuldeep | None
Arsalan | None
Scott | None
Kurt | None
Louis | None
Owen | None
Julie | None
Jerry | None
Jeremie | None
Jai | None
Greg | None
Grant | None
Garrett | None
Jenny | None
Jason | None
Thad | None
Chris | None
Marissa | None
Colton | None
Mary | None
Elilde | None
Anbarasu | None
Gregory | None
Cynthia | None
Ashley | None
Adrian | None
LaTanya | None
Elizabeth | None
Dan | None
Roy | None
Hunter | None
Allison | None
Mark | None
Mustafa | None
Alan | None
Vincenzo | None
Everild | None
Marisol | None
roy | None
Emily | None
Anthony | None
Jessica | None
Paola | None
Liam | None
Tina | None
Tyrone | None
Ty | None
R | None
mario | None
Ken | None
Raven | None
Dylan | None
Mandy | None
Naveed | None
Susanne | None
Steven | None
Umar | None
Bill | None
Eli | None
Michael | None
Angel | None
Patricia | None
Paul | None
Mike | None
Laura | None
Lara | None
Katie | None
Kaz | None
Jenna | None
Felice | None
Durga | None
Adam | None
Danny | None
Alex | None
Alyssa | None
Anni | None
Richard | None
Clarence | None
Ram | None
Sandra | None
harold | None
Sahil | None
Hashim | None
Thomas | None
Sandra | None
Nick | None
Marion | None
Maddie | None
Lara | None
Kenan | None
Van | None
Vergina | None
Thomas | None
Sandeep | None
Steve | None
Sujeeth | None
Mia | None
James | None
Vanessa | None
Julia | None
Ryan | None
Polly | None
Alex | None
Brian | None
Yuka | None
Wei | None
Bob | None
Christopher | None
Randy | None
Michael | None
Nicolas | None
Mac | None
Rod | None
Colleen | None
Jeshrene | None
David | None
Ben | None
Bronwyn | None
James | None
Trisha | None
Katie | None
Isaiah | None
Neil | None
Ben | None
Natalie | None
Ken | None
Brent | None
John | None
Ronald | None
Angie | None
Marco | None
Betty | None
Mayer | None
Erik | None
Carol | None
Alanna | None
Ben | None
Wayne | None
Chris | None
Claudia | None
Moshe | None
Misty | None
Drew | None
Jeffrey | None
Laura | None
Selena | None
Yiyi | None
Gary | None
Bill | None
Cazzie | None
Devin | None
Leslie | None
Frank | None
Mikah | None
John | None
Andrea | None
Grace | None
Tricia | None
Sarah | None
Maddy | None
Sara | None
Robbie | None
Olivia | None
Yesenia | None
Malia | None
Nerea | None
Beth | None
Katie | None
Mike | None
Nicole | None
Eva | None
Leen | None
Ana | None
Katie | None
Stacy | None
Jackie | None
Lauren | None
Liang-Yu | None
Hayley | None
Laura | None
Jillesa | None
Abari | None
Megan | None
Ryan | None
Nadja | None
Michael | None
Terry | None
Doug | None
Philipp | None
Jeff | None
Jonathan | None
Jeffrey | None
Jesse | None
Whitney | None
Rudolph | None
Mark | None
Doug | None
Stefan | None
Kat | None
Dakarai | None
JP | None
Roy | None
Joshua | None
Keli | None
Kayla | None
Brett | None
Cara | None
Rachit | None
Jessica | None
Kim | None
Jason | None
James | None
Hank | None
Gina | None
Dezarae | None
Melissa | None
Alan | None
David | None
Ty | None
Joseph | None
Doug | None
Melissa | None
Dezarae | None
Tena | None
Connie | None
Samantha | None
David | None
Paul | None
Ray | None
Cori | None
Amanda | None
Jordan | None
Shreeja | None
Ryan | None
Lori | None
Brayden | None
Rob | None
Holly | None
Alison | None
Judy | None
Curt | None
Valerian | None
Jack | None
Raja | None
Valerian | None
Kevin | None
Sam | None
Shams | None
Aaron | None
Jack | None
Daniel | None
Niki | None
John | None
Cody | None
Randy | None
Andre | None
Marckenson | None
Jim | None
Samantha | None
Steve | None
Christine | None
Collin | None
Courey | None
Courtney | None
Chris | None
Maria | None
Melissa | None
Rob | None
Karoni | None
Darko | None
Robert | None
Roy | None
Diane | None
Erika | None
Jeana | None
Jennifer | None
Jennifer | None
Jennifer | None
Luke | None
Hiruni | None
Lauren | None
Joseph | None
Chris | None
David | None
Matt | None
Kathryn | None
Christine | None
Susan | None
Tom | None
Will | None
Yamini | None
Zenna | None
Arthur | None
Bob | None
Stephanie | None
Brandon | None
Derek | None
Ed | None
Katie | None
Mirinda | None
Patty | None
Ronny | None
Sarah | None
Claire | None
Staci | None
Santa | None
Robin | None
Kaycee | None
kelly | None
Kimberly | None
Konanga | None
Lana | None
Laura | None
Lauren | None
Linda | None
Lisa | None
Matt | None
Mia | None
Michelle | None
Michelle | None
Natalie | None
Nicholas | None
Pat | None
Paul | None
Kate | None
Cheryle | None
Ashley | None
Cathy | None
Patrick | None
Matthew | None
Maura | None
Neil | None
Andrew | None
Toni | None
Arthur | None
Brittany | None
David | None
Roger | None
Rob | None
Richard | None
Reshma | None
Regan | None
Rebecca | None
Ray | None
Kenneth | None
Mae | None
Kyran | None
Sandipkumar | None
Sara | None
Sarah | None
Sarah | None
Simranjit | None
Staci | None
Tanya | None
Rachel | None
Tim | None
Tish | None
Ryan | None
Matt | None
Ryan | None
Chris | None
Kelly | None
Nicholas | None
Ronan | None
Paula | None
Paige | None
Shelbey | None
Travis | None
Alissha | None
Alyssa | None
Amanda | None
Amy | None
Amy | None
Angeline | None
Tina | None
Ashley | None
Austin | None
Avery | None
Azalia | None
Bonnie | None
Bruce | None
Caitlin | None
Carrie | None
Ashley | None
Charlie | None
Niguanna | None
Rob | None
Deanna | None
Debra | None
Eric | None
Fernanda | None
Flora | None
Jonathan | None
Molly | None
Roy | None
Katie | None
Maria | None
Melanie | None
Michelle | None
Olympia | None
Brian | None
Charles | None
Perla | None
Kelly | None
Thomas | None
Murielle | None
Will | None
Katie | None
Chloe | None
Michelle | None
Tayler | None
Jamaal | None
Tim | None
Timothy | None
Amber | None
Kayley | None
Kris | None
Jessica | None
Cynthia | None
Jonathan | None
Charlotte | None
Kathryn | None
Amye | None
Akbar | None
Angela | None
Joseph | None
Kimberly | None
Hema | None
Timothy | None
Molly | None
Evelyn | None
Amanda | None
Alvea | None
David | None
Caitlin | None
Joshua | None
Michelle | None
Adam | None
Lilly | None
Miral | None
Karen | None
Hiranya | None
Daniel | None
Daniel | None
Divya | None
Sonia | None
Jose | None
Sara | None
Andy | None
Giorgio | None
Grace | None
James | None
Adisa | None
Niguanna | None
Coel | None
Michelle | None
Jon | None
Bob | None
Robert | None
Riley | None
Stephanie | None
Stephanie | None
Jessica | None
Ashley | None
Michelle | None
Daniel | None
Greg | None
Linda | None
Marcee | None
Bill | None
Jacqueline | None
Buffie | None
Jennifer | None
Yasmine | None
Emma | None
Jade | None
Dean | None
Lindsay | None
Gaelan | None
Mathew | None
Dana | None
Hannah | None
Kaela | None
Irmarie | None
Abimbola | None
Damian | None
Alessandra | None
Jamie | None
Bill | None
Rudra | None
Amye | None
Carl | None
Andrea | None
Jose | None
Jackie | None
Kristilynn | None
Steve | None
Hector | None
Ryan | None
Christopher | None
Tracy | None
Cory | None
Kristen | None
Rebecca | None
Amber | None
Jonas | None
Justin | None
Staci | None
Allie | None
Edyta | None
Jason | None
Elizabeth | None
Isaac | None
Miriam | None
Doah | None
Marie | None
Amanda | None
Kathy | None
Alevtyna | None
Nora | None
Kelly | None
Jonathan | None
Jasmin | None
Karli | None
Ted | None
Irene | None
Herschelle | None
Alina | None
Femarie | None
Kawaljit | None
Tatiana | None
Krizia | None
Olga | None
Khushnam | None
Brenda | None
Layba | None
Renée | None
Allyson | None
Greg | None
Ayushi | None
Derek | None
Shanila | None
Channa | None
Philip | None
Jonathan | None
Dany | None
Ricky | None
Emily | None
Henry | None
Carl | None
Carole | None
Celina | None
Gary | None
Gaelan | None
Rebecca | None
Taryn | None
Mary | None
Gwen | None
Marc | None
Pia | None
Angie | None
Toni | None
Natalie | None
David | None
Nancy | None
Latoya | None
Michelle | None
Natalie | None
Staci | None
Ted | None
Tony | None
Trung | None
Vidhi | None
Sabrina | None
Charlotte | None
Robert | None
Sierra | None
Sean | None
Norman | None
Joann | None
Kristina | None
Kristilynn | None
Jonathan | None
Hannah | None
Suraj | None
Holly | None
Bryan | None
AyeCham | None
Eddie | None
Sandy | None
Anthony | None
Carl | None
Ashleigh | None
Chris | None
Courtney | None
Drew | None
Elisha | None
Emma | None
Gaelan | None
Gigi | None
Brad | None
Rita | None
Arianna | None
Sandy | None
Tomarra | None
Kaleigh | None
Lea | None
Jill | None
Dana | None
Chelsea | None
Brittney | None
Lisa | None
Mike | None
Ben | None
Russell | None
Anthony | None
Stephen | None
Arra | None
Meredith | None
Brandon | None
Carl | None
Anna | None
Bethzaida | None
Vincent | None
Sabalil | None
Richard | None
Julie | None
Lindsey | None
Jennifer | None
Jacob | None
Lataira | None
Cameron | None
Adam | None
Irene | None
Maria | None
Maureen | None
Tierra | None
Melissa | None
Lisa | None
Shana | None
Edgar | None
E. | None
Anne | None
Stephanie | None
Abouzar | None
Porshia | None
Erica | None
Glormarie | None
Amanda | None
Blanca | None
Tina | None
Sophie | None
Snizhana | None
Corey | None
Jean | None
Nikita | None
Kyle | None
Kevin | None
Dru | None
Lisa | None
Karen | None
Carmen | None
Víctor | None
Annie | None
Li | None
Sree | None
Ali | None
Oksana | None
Jeannie | None
Donnell | None
Rezvaneh | None
Ravneet | None
Janice | None
Andressa | None
Praveen | None
Corinne | None
Mitali | None
Colleen | None
Kimberly | None
Ryan | None
Kristin | None
Susan | None
Yeliz | None
Reyhaneh | None
Stacy | None
Kevin | None
Abby | None
Laurie | None
Randi | None
Patrick | None
Jesse | None
Tej | None
Brian | None
Mikaela | None
Joshua | None
Ian | None
Nathaniel | None
Kaileigh | None
Ashwa | None
Bill | None
Enith | None
Kimberly | None
Bill | None
Sarah | None
Craig | None
Brandon | None
Danielle | None
Grant | None
Nicole | None
Angela | None
Darlene | None
Xiaohong | None
Jian | None
Kevin | None
Anky | None
Steve | None
Terri | None
Patrick | None
Steven | None
Riley | None
Hiroshi | None
Tanya | None
Angela | None
Erika | None
Erlin | None
Frank | None
George | None
Glenn | None
Gregory | None
Hannah | None
Emma | None
Jacalyn | None
Jacob | None
Jacqueline | None
Jake | None
Jake | None
Jenni | None
Jennie | None
Jennifer | None
Jacob | None
Jessica | None
Elisha | None
Ebony | None
Brittney | None
Carl | None
Catie | None
Chris | None
Cody | None
Dan | None
Dana | None
Eli | None
Daniel | None
Deb | None
Delma | None
Derek | None
Derek | None
Dianne | None
Dominique | None
Drew | None
David | None
Brittney | None
Jill | None
Joe | None
Layne | None
Lindsey | None
Lymaris | None
Lyn | None
Madeline | None
Maggie | None
Mandy | None
Lawrence | None
Mara | None
Mark | None
Matt | None
Melinda | None
Michael | None
Millie | None
Molly | None
Nadrishka | None
Mark | None
Jodi | None
Kyle | None
Kerin | None
Joelyn | None
John | None
Johnny | None
Jonathan | None
Jordan | None
Joseph | None
Josh | None
Kim | None
Joshua | None
Justin | None
Kala | None
Kathryn | None
Dionne | None
Katie | None
Kavinda | None
Kellie | None
Juliet | None
Nancy | None
Brian | None
Brandon | None
Kelly | None
Lea | None
Andrea | None
Rebecca | None
Melissa | None
Cathy | None
Jon | None
Greg | None
Amber | None
Jennifer | None
Jenney | None
Maggie | None
Jennifer | None
Nicole | None
Juanita | None
Tierra | None
Kira | None
Cecelia | None
Richard | None
Mathew | None
Miguel | None
Daphnne | None
Doris | None
Philipp | None
Joseph | None
Mark | None
Johnny | None
Alejandro | None
Kim | None
Nadrishka | None
Shelby | None
Soma | None
Cindy | None
Deanna | None
Matt | None
Brendan | None
Courtney | None
Jeffrey | None
Rodd | None
Alexandre | None
Alicia | None
Amie | None
Ammie | None
Ana | None
Andrea | None
Nicholette | None
Angela | None
Arbaaz | None
Aron | None
Ashley | None
Avonni | None
Bonnie | None
Brad | None
Brandon | None
Anthony | None
Chelsea | None
Chad | None
Laura | None
Athena | None
Mary | None
Katie | None
Suzi | None
Angel | None
Z | None
Sarah | None
Violet | None
Brian | None
Alexandra | None
Carrie | None
Gwen | None
Amelia | None
Angie | None
Melissa | None
Tally | None
Anne | None
Jennifer | None
Chloe | None
Simranjit | None
Amber | None
Katie | None
Tayler | None
Greg | None
Timothy | None
Toni | None
Kayley | None
Jake | None
Kris | None
Alexandre | None
Jessica | None
Christy | None
Kim | None
Mark | None
Charlotte | None
Amye | None
Paul | None
Sabrina | None
Brendan | None
Angela | None
Arbaaz | None
Joseph | None
Amanda | None
Arra | None
Ammie | None
Maggie | None
Rudra | None
Amye | None
Alessandra | None
Molly | None
Brian | None
Evelyn | None
Amanda | None
Alvea | None
Frank | None
Rob | None
David | None
Daniel | None
Hannah | None
Adam | None
Lilly | None
Karen | None
Hiranya | None
Jennifer | None
Kimberly | None
Michelle | None
Daphnne | None
Joshua | None
Sonia | None
Jennifer | None
Michelle | None
Mark | None
Robert | None
Elisha | None
Bob | None
Matt | None
Jon | None
Bonnie | None
Lymaris | None
Ashley | None
Dana | None
Jacob | None
Michelle | None
Kristilynn | None
Grace | None
Andy | None
Eli | None
Sara | None
Natalie | None
Renee | None
Jodi | None
Tony | None
Kimberly | None
Emma | None
Jamie | None
Justin | None
Soma | None
Jose | None
Mara | None
Jenney | None
Lea | None
Marcee | None
Bill | None
Joshua | None
Jacqueline | None
Buffie | None
Brittney | None
Stephanie | None
Jennifer | None
Jade | None
Tierra | None
Irmarie | None
Amie | None
Dean | None
Nancy | None
Bethzaida | None
Drew | None
Lisa | None
Stephanie | None
Yasmine | None
Jasmin | None
Daniel | None
Kristen | None
Athena | None
Nadrishka | None
Tim | None
Tanya | None
SIDNEY | None
Kellie | None
Deanna | None
Nancy | None
Irene | None
Ray | None
Kyle | None
Ammie | None
Carl | None
James | None
Mandy | None
Glenn | None
Kathryn | None
Ron | None
Allie | None
Edyta | None
Elizabeth | None
Rachel | None
Irene | None
Jacalyn | None
Jon | None
Patty | None
Tikki | None
Miriam | None
Marie | None
Patrick | None
Tim | None
Raul | None
Robin | None
Alicia | None
Rachel | None
Tim | None
Alexandre | None
Athena | None
Michelle | None
Ebony | None
Kerin | None
Tierra | None
Molly | None
Hannah | None
Isaac | None
Mark | None
Delaney | None
Luiza | None
Stefani | None
Bo | None
Gretchen | None
Jason | None
Kristina | None
Kim | None
Charly | None
Charlton | None
Raymond | None
Brant | None
Dwayne | None
Tina | None
Kayode | None
Emily | None
Kelley | None
Claire | None
Molly | None
Autumn | None
Ashley | None
Daniel | None
Barbara | None
Katie | None
Ali | None
Hunter | None
Jesse | None
Crystal | None
Samantha | None
Holly | None
Paul | None
Brittney | None
Chloe | None
Ashleigh | None
Alyssa | None
Kylie | None
Debra | None
Kristina | None
Vivian | None
Jessica | None
Lauren | None
Alexa | None
Ali | None
Delaney | None
Alex | None
Blaise | None
Nicole | None
Dallas | None
Kristina | None
Delena | None
Jeff | None
Sarah | None
Cassandra | None
Jacqueline | None
alyssa | None
daryll | None
dorentina | None
marisa | None
ria | None
tom | None
wendy | None
bríd | None
Giovanni | None
Jonin | None
Julie | None
Vanessa | None
Clare | None
Theresa | None
William | None
Wendy | None
Vanessa | None
Tom | None
Robert | None
Rachel | None
Niki | None
Mimi | None
Kelley | None
Katie | None
Katie | None
william | None
Brian | None
Charlie | None
Christina | None
Shannon | None
Rebecca | None
Mark | None
Cameron | None
Riley | None
Payton | None
Jacqueline | None
Jack | None
Ilean | None
Emily | None
Gabrielle | None
Kennedy | None
Rich | None
Ivy | None
Gina | None
Sherd | None
Anne | None
Brittany | None
Mikaela | None
Donna | None
Genevieve | None
Lily | None
Mackenna | None
Molly | None
Natalie | None
Tanya | None
Alex | None
Jack | None
Jeffrey | None
Chance | None
Dillon | None
Delaney | None
Jonin | None
Tom | None
Beck | None
Cheryl | None
Wendy | None
Delaney | None
David | None
Molly | None
Leilani | None
Monica | None
Alexandra | None
Emily | None
Lauren | None
Mikaela | None
Gerard | None
Jessica | None
Jon | None
Jessica | None
Jared | None
Jackie | None
I. | None
Ebonie | None
Claire | None
Darla | None
Cressa | None
Courtney | None
Joseph | None
Cassandra | None
Anna | None
Alex | None
Alejandra | None
Dawn | None
Kristen | None
Kristen | None
Matthew | None
Michelle | None
Alessandra | None
Yakin | None
Luke | None
Trung | None
Tonia | None
Tina | None
Terika | None
Suzi | None
Wendilyn | None
Sacara | None
Robin | None
Stacey | None
Robert | None
Robert | None
Pam | None
Nisha | None
Tom | None
David | None
Manasa.J | None
Harsha | None
chandher | None
Steve | None
Monica | None
Kyle | None
Petra | None
Kane | None
Liza | None
Jeannine | None
Kel | None
Dorothy | None
Vince | None
Dmitry | None
Dan | None
Cassandra | None
Daryl | None
Greg | None
Gregory | None
Daniil | None
Nayeli | None
Victor | None
Vijay | None
Irma | None
Hannah | None
Jeff | None
Jacqueline | None
Lokesh | None
Lisa | None
Mike | None
Jennie | None
Jennifer | None
James | None
Maryann | None
Billie Welch | None
J. Kevin Adamson | None
Kristina Joyce | None
Nathalia Rivero | None
Lucy Garcia | None
Alan Davis | None
Erika Rose | None
Meagan McKnight | None
Sadie Dietz | None
Shanique W. | None
David Scott | None
John Joseph III | None
Chelsea Eudis | None
Ed Duarte | None
Kayla Massop | None
Emily Adams | None
Michelle Maruska | None
James Fant | None
Kendall Mortemore | None
John Paulseth | None
Jason Beard | None
Jen Colby | None
Jarrett Smith | None
Michael Greth | None
Christina Keller | None
Meghan Nielsen | None
Morgan Miller | None
Zachary Thompson | None
Scott McDonald | None
Kelly McCoil | None
Kailee Mantilla | None
Scott Wallin | None
Kevin Orsino | None
Jackie Finestone | None
Alicia Fernandez | None
Katie Daniel | None
Allyson White | None
Scott Caruso | None
Jermaine Jacobs | None
Jorge Vera | None
Christina Oni | None
Whittney Helvey | None
Corinne LaMarco | None
Buddy May | None
Melissa Denoo | None
Eve Vanderpool | None
Elyse Muir | None
Kim Fields | None
Peyton Pattillo | None
Teodor Ivanov | None
Stephanie Scullion | None
Peni L. Kelly | None
Anthony Viola | None
Austin Wright | None
Gary Paul Russell | None
Chris Caro | None
Christi Woodson | None
Kevin Shoebottom | None
Mike Dionne | None
Brittani Barrett | None
Karen (Drescher) Flora | None
Courtney Vogler | None
Ashley Marshall | None
Irida Saitova | None
Diane King | None
Jerry Gates | None
Maggie Pryor | None
Nicole Welton | None
Carly Howard | None
Mackenzie Bosco | None
Mary McCoy | None
Richard Williams | None
Elizabeth Bailey-Newman | None
Brian Gorski | None
Jessica Hunter | None
Laura Hemmings | None
Gina Kirkland | None
Austin Paul | None
Erin Holcombe | None
Jessica Misa | None
Michael Blackman | None
Lynn E McGuier-Ficarra | None
Michele Boyd | None
Scott Greenan | None
Summer Flanagan | None
Roussel Honoret | None
Ryan Bresnahan | None
Jessica Day | None
Celina I. | None
Jennifer Roelofs | None
Josh Utley | None
Mary Merkel | None
Nikki Hall | None
Sierra Martinez-Williams | None
Jacob Vaughan | None
Jennifer Caruso | None
Amy Jackson | None
Richard Henning | None
Brian Hamwey | None
Danielle Padgett | None
Sandra Kociolek | None
Derrick Brooks | None
Holly Turek | None
Morgan Mackin | None
Joseph Buccini | None
Daniel Johansen | None
Nathan Davis | None
Pauline Dallas | None
Doug Rothmann | None
Tara Detweiler | None
Juliann Rodriguez | None
Madie Tomgenovich-Drew | None
Evonne Kroll | None
Crystal Rascon-Dingman | None
Stephen DeSilva | None
Ashlee Workman | None
Edward McKofke | None
Amanuel Kihshen | None
Shirley Pearson | None
Katy Bates | None
Caesar Paudel | None
Jessica McAllister | None
Steve Fox | None
Cindy Campbell Green | None
Joscelyne Royster | None
Binh Tran | None
Anish Maharjan | None
Austin Leos | None
Kellie Fox | None
Ryan Clark | None
Lulit Hailemariam | None
Al Zaidi | None
Katie Osterberg | None
Darby Miller | None
Jennifer Smayda | None
Patrice Floyd | None
Michael Goodman | None
Jessica Santana | None
Denise MacDermid | None
Brad Boyd | None
Ashley Sultan | None
Michelle Berland | None
Damien Murray | None
Pat Brown | None
Tony Sanchez | None
Dan Johnson Gomes | None
Troy Madden | None
Carissa Kaminsky | None
Owen Sulfrian | None
Derick L. | None
Catherine Signori | None
Kenneth Hercule | None
Rustam Radzhabov | None
Roni Nelson | None
Francisco De La Cruz | None
Tracy Robles | None
Jennifer Allen | None
Richard Wells | None
Madison Paul | None
Tiana Perri | None
Ryan Watkins | None
Shelly Hartnett | None
Philip Berk | None
Allan Walker | None
J. R. Gabriel Etienne | None
Omaira Jesus | None
Brian Kissel | None
Michael Shaw | None
Matt Tucker | None
Andrew Vance | None
Marc Ulrich | None
Ryan Murphy | None
Andrew Lee | None
Raymond Timoteo | None
Eve An | None
James Kim | None
Zenab E. | None
Ashley Wyer | None
Melissa Bartlett | None
Matt Cohen | None
Drew Butterworth | None
Terri LaChapelle | None
Patti Fox | None
Laicee Howard | None
Evelyn Maxwell | None
Alina Taylor | None
Mike K. | None
Steven Beachy | None
Mary Sanchez | None
Vincent Overmyer | None
Lewis Coppel | None
Audrey Smith | None
Mark Biro | None
Mackenzie Laidlaw | None
Louie Lin | None
Nichole Spencer | None
Dave Bishop | None
Paul (Bobby) B. | None
Nick Roberts | None
Will Rankin | None
Amy Ewings | None
Sean McCann | None
Mike Wilkinson | None
Megan Osman | None
James Gubler | None
Steve Brand | None
Scott Haselrig | None
Kendra Inness | None
Ahmed Salem | None
Gunnar Rask | None
Jennifer Ohanesian-Bayle | None
Erik Miller | None
Emma P. | None
Jake Kerby | None
Preston Ware | None
James Muzzini | None
Steven Soares | None
Brittany Melenick | None
Christopher Krohn | None
Stacey A. Bailey | None
Jody Rateno | None
Kim Hoskinson | None
Krystle Trankito | None
Don Stecher | None
Philip Evans | None
Maria DiGiacomo | None
Brittany McCue (Roberts) | None
Matthew Morrison | None
AJ Hippert | None
Kyle Ketterer | None
Russ Scialpi | None
Alex Linardi | None
Ty Tucker | None
Sebastian Nemoy | None
Virg Palumbo | None
Walter Kopiske | None
William Lockley | None
Aaron Travis | None
Nooshin Anjom-Smith | None
Tyanna Moseman | None
Michael Emanuel S. | None
Michael Murray | None
Akif Zaman | None
Thuc Tran | None
Melynda Blake | None
Jahdai Kilkenny | None
Jennifer Arroyo | None
Michael Pirone | None
Tom DeFriece | None
Melissa Bower | None
Jake P. | None
Kelly Ruff | None
Jake Severt | None
Hoa L. | None
Josiah C. | None
Jacob Wiseman | None
Braydon Rankey | None
David Brubaker | None
Emma Touré | None
Adam K. | None
Joe Miele | None
Maria Crutchley | None
Chadd Schwartz | None
Holly (Koch) Stephenson | None
Megan Bowers | None
Rhonda Hardison | None
Louis Mancuso | None
Mike Ehnow | None
Rick Noone | None
Kevin Ewell | None
Engstenberg Jay | None
Lauren Butts | None
Alexandra V. | None
Amir Amroussi | None
Kyana Borbón | None
Jennifer Graziano | None
Brittney Morrill-Jensen | None
Neil Alvarado | None
Michael Galvan | None
Matt Hallihan | None
Emily G. | None
Jillian Jansen | None
Krista Shepard | None
Erika Eklund | None
Elisa R. | None
Tyler Betts | None
Rachel Machovec | None
Josh Borden | None
Charles Frese | None
Cody Dvorak | None
Victoria Bowrosen | None
Janelle Z. | None
Cj Liles | None
Sam Aronowitz | None
Rohan Dongre | None
Joshua Schwartz | None
Vanessa K | None
Ashley H. | None
Alex Imperato | None
Linnéa Ohlsson | None
Marvin Enriquez | None
Natalie Ortega | None
Elena Benincasa | None
Álvaro Yanes | None
Gabriella Pierson | None
Mark Borris | None
Robert Wilczewski | None
Clark Blatter | None
Jonathan Boyle | None
Jonathan Lapre | None
Erin C. | None
Mia Granados | None
Tyson Simon | None
Brandon I. King | None
Matthew Clark | None
Jennifer Hasche | None
Elizabeth Buzzell | None
Talia Standring | None
Dave Hannah | None
Maxine Lekwart | None
Cynthia Fullylove | None
Ticia Francisco | None
Francisco Brendstrup | None
Chloë Lowe | None
Andrea Watts | None
Stephanie Manfredi | None
Dan Morales | None
Jose Martinez | None
Sharon Jones | None
Rhandy Siordia | None
Sarah Garcia | None
Dalya Issa | None
Alexander Ramos | None
Dora Ferreri | None
Rita Srenker Pollock | None
William Yeo | None
Xavier Brockman | None
Brooke Mesenberg | None
Timothy Verbanic | None
William Wyatt | None
Scott Busiek | None
Joe Bamberger | None
Madison McGinnis | None
Kate DeLine | None
Samantha Reid | None
Kristen (Roach) Coyne | None
Maren Causino | None
Becky Greer | None
Stephanie Jayne | None
Gregg Backemeyer | None
Olga Gorodetsky | None
Sarah Speis | None
Dayton TerBurgh | None
Francisco Peralta | None
Satya Veni Lekkala | None
Sarah Gudenau | None
Christina Seal | None
Daniel Portela | None
Melissa (Mercieca) Bracali | None
Jill Saxton | None
Eric K. | None
Victor Chan | None
Paul Winters | None
Anthony Willis | None
Katie (Moynihan) Bizzle | None
Samantha Hunkler | None
Luis Diaz | None
Nicole Johnson | None
Kristyn Place | None
Michelle Hunter | None
Leah Schick | None
Alice King | None
Christina Quense | None
Lynda McElhatton | None
Paityn Elledge (Fleming) | None
Sravan Bala | None
Jeffery Rodriquez | None
Rose Marquis | None
Emma Webster | None
Joyce Henderson | None
Mary Nestojko | None
Shawn Murphy | None
Brittany Chiarelli | None
Kate (Mantych) Merlotti | None
Macie Dowell | None
Anna Thurby | None
Kathryn (Irwin) Leinauer | None
Amy S. | None
Ashley Errant | None
JJ Abongo | None
Natasha O'Neil | None
Scott Hale | None
Emily Condry | None
Ryan Hollborn | None
Ryan Koesters | None
Carolyn Buonforte | None
Richard Dragon | None
Andrea M. | None
Staci H. | None
Veronica Hicks | None
Phillip Simerskey | None
Kaitlyn Sulser | None
Erik Estrada | None
Julianna Ripple | None
Megan Linahan | None
Robert Key | None
Aliyiah Minter | None
Connor Hoban | None
Breon Hopkins-Jordan | None
Donnie Booker | None
Michael Herndon | None
Ivette Huertas | None
Linda Yun | None
Swede Olson | None
Trenton Moody | None
Donna B. | None
Shellie Pickens | None
Brittany Thomas | None
Dolores Fumagalli | None
Steve Shapiro | None
Michael Griffin | None
Emily Besser | None
Conor Flaherty | None
Taylor Pierson | None
Kara Pope | None
Deborah M. | None
Rusina Shrestha | None
Elsie Paul | None
Jessica Cohen | None
W. R. Carey | None
Natalie Harvey | None
Ila Minton | None
Tom Garner | None
Noelani Baker | None
Dean C. | None
Drell Hunter | None
DAVID HARRIS | None
Preston Woolley | None
Nehemiah Brown | None
John Webb | None
Delaney Shay | None
Jayron T. | None
Hank O'Steen | None
Vuki Mandich | None
Alex Craig | None
Nick Young | None
David Howell | None
David McCallum | None
Kellie Bowers | None
Nick Pauletto | None
Michael Peterson | None
Keric Shanahan | None
Brandi Baird | None
Ashley Lombardi | None
Spencer Shick | None
Robby Cloninger | None
Erick Franco | None
Kyle Jeffery | None
Katie Winans | None
Maggie Herald | None
Sean Kampas | None
Andrey Shulga | None
Elliott Frisch | None
Brandon Morris | None
Sofia Anthony | None
Reagan Holladay | None
Joshua Walters | None
Danielle F. | None
Jonathan Castillo | None
Mikel McKee | None
Marc Hehmsoth | None
Kelsey Kennedy | None
Brittany Bender | None
Jamie Munoz | None
Kathy Hirschman | None
Nick Podolak | None
Joseph Kosov | None
Aimee Camp | None
Vaibhav Brid | None
Sugie Joseph CPA, MBA | None
Victoria Thurston | None
Richa Sahai | None
Malcolm Brown | None
Haley Jacobson | None
Trevan Bangsund | None
Madison Dillon | None
Jesse Jordan | None
Ed Nakata | None
Wail Refai | None
Bill Marshall | None
Jessica Rivera | None
Delton Noronha | None
Ginger Murphy | None
Lauryn O'Neal | None
Guy Anthony Bravaco | None
Shannon Mullen | None
Marina Golovina | None
Thomas Mannil Mathew | None
Murray Doohan | None
Aaron Sallade | None
Thomas Nichols | None
Jack Pires | None
Eric Olsen | None
Casey Bossman | None
Leah Caporaso | None
Stephen Hamann | None
Angela D’Onorio Demeo | None
Taj Wright | None
Holly Herrera | None
Abdi-Kareem Idan | None
Rachel Sclar | None
Yasmine S. | None
Kaesha M. | None
Matt Bembenek | None
matt powell | None
Valerie Johnson Cloud | None
Christy Miller | None
Craig Daughety | None
Jessica Beiser | None
Desmond Thomas | None
Nick Brady | None
Sarah Snow | None
Funso Stephen Ore | None
Matthew Merchant Sr. | None
Samantha Anderson | None
Trent Burdette | None
Christopher Hill | None
Patrick King | None
Robert Gensinger | None
Amy Choi | None
Patrick Long | None
Mark Spenik | None
Stephanie Phillips | None
Belete B. | None
Lauren Ricker | None
Chris Medina | None
Dhanashree Narkhede | None
Matthew Bhargava | None
Lenny K | None
Yvette Golla | None
Janika Wilson | None
Eric LaBarre | None
Wondwosen Muhea | None
Ericka Beck | None
Lisa Thompson | None
Jenna Daniels | None
Emma | None
Mark | None
Theresa | None
Sarah | None
John | None
Linsey | None
Phyllis | None
Chad | None
Kat | None
Ankit | None
Bryan | None
Maanickavasagam | None
Claire | None
Ryan | None
Jamie | None
Mike | None
Michele | None
Mark | None
Dan | None
Josh | None
John | None
Moumita | None
Spenser | None
Gail | None
Stephanie | None
Leslie | None
Owen | None
Moriah | None
Cassius | None
Amanda | None
Raymond | None
Jordan | None
Natasha | None
Pamela | None
P. | None
Paris | None
Stacy | None
Harmon | None
Adolfo | None
Calix | None
Aidan | None
Spencer | None
Melissa | None
Maddie | None
Michael | None
Matt | None
Christy | None
Lauren | None
Denise | None
Dillon | None
Zenab | None
Paige | None
Grace | None
Dana | None
Allison | None
Lakota | None
Jacob | None
Shawn | None
Yvette | None
Danielle | None
Bea | None
Vincent | None
Priscilla | None
Kayla | None
Bill | None
Todd | None
Rebekah | None
Jon | None
Brittney | None
Lauren | None
Tony | None
Kelsie | None
Jill | None
Jake | None
Mary | None
Adam | None
Kendra | None
Richard | None
Eric | None
Alyssa | None
Ryan | None
Robert | None
Matthew | None
Mike | None
Adam | None
Jaime | None
Anna | None
Biruk | None
Perla | None
Michelle | None
Amanda | None
Rob | None
Lakshmi | None
Rob | None
Cameron | None
Taylor | None
James | None
Raj | None
Jeremiah | None
Himanshu | None
Laura | None
Trey | None
Habibullah | None
Gabbie | None
Mia | None
Allison | None
Jason | None
Sandra | None
Malia | None
Kha | None
Fahad | None
Amit | None
Nicole | None
Jayson | None
Ashish | None
Kyle | None
Nomita | None
Antony | None
Ermiyas | None
Victoria | None
Racine | None
Jason | None
Jennifer | None
Lyn | None
Jeremiah | None
Anand | None
Breeana | None
Abdullah | None
Kaleab | None
Krishna | None
Kanav | None
Jennipher | None
Lisa | None
Steve | None
Kelly | None
Lauren | None
Brooke | None
Devesh | None
Annie | None
Corey | None
Caroline | None
Katie | None
Taylor | None
Nicole | None
Sarah | None
Kaitlin | None
James | None
Eric | None
Namrata | None
Katie | None
Courtney | None
Megan | None
Jennifer | None
Ted | None
Danielle | None
Randy | None
Rahul | None
Alex | None
Coty | None
Brittany | None
Cara | None
Mieke | None
Josie | None
Jeni | None
Michelle | None
Shanae | None
Anam | None
Bobby | None
Gina | None
Claire | None
Karissa | None
Stephanie | None
Michael | None
Gina | None
Alicia | None
Greg | None
Jeff | None
Stefanie | None
Reba | None
Jack | None
Jack | None
Phillip | None
Ryan | None
Myriah | None
Nicholas | None
Angel | None
John | None
Tyler | None
Nikki | None
Ally | None
E | None
Michael | None
Laura | None
Ashley | None
Shola | None
Will | None
Zane | None
April | None
Brittany | None
Jessica | None
Beth | None
Matthew | None
Roop | None
Alissa | None
Cathy | None
Shannon | None
Kelly | None
Kelsie | None
Sherri | None
Adam | None
Rick | None
Martin | None
Alesia | None
Bailey | None
Pete | None
Josh | None
Scott | None
Matt | None
Rachael | None
Ruth | None
Yasmine | None
Lauren | None
Alyssa | None
London | None
Kenneth | None
Kelly | None
Lauren | None
Emmanuel | None
Kelly | None
Levi | None
Jill | None
Blaine | None
Ashley | None
Beth | None
Pradeep | None
Dawn | None
Gary | None
Melissa | None
Rhianna | None
Holly | None
Theresa | None
Jacob | None
Monica | None
Nancy | None
Patrick | None
Chelsea | None
Mausam | None
Noelle | None
Kim | None
Rebekah | None
John | None
Christopher | None
Maryam | None
Rocklynn | None
Louise | None
Ivis | None
Dave | None
Phylicia | None
LaQida | None
Ashley | None
Samantha | None
Heather | None
Stephanie | None
Erin | None
Robyn | None
Provides | None
Rachel | None
Brittany | None
Janet | None
Mark | None
Ryan | None
Jenni | None
Abbey | None
Nate | None
Michele | None
Rich | None
Courtney | None
Simer | None
Pamela | None
Eunice | None
Shannon | None
Shaun | None
Caroline | None
Shea | None
Jenni | None
Kerri | None
Troy | None
Travis | None
Sam | None
Jason | None
Tanner | None
TJ | None
Blake | None
Arunkumar | None
Michele | None
Calen | None
Lindsey | None
Roz | None
Minna | None
Alex | None
Brie | None
Cailey | None
Geoff | None
Sam | None
Isis | None
John | None
Austin | None
MaryAnn | None
Brian | None
Arielle | None
Shinebayar | None
Kate | None
Jim | None
Scott | None
Grace | None
Kaitlyn | None
Marcus | None
Amit | None
Celina | None
Karin | None
Danielle | None
Walt | None
Sandeep | None
Jessica | None
Lauren | None
Sharon | None
Philip | None
Timothy | None
Rashid | None
Leslie | None
Daniel | None
Adrian | None
Shawn | None
Judy | None
Lisa | None
Maxim | None
Shahjahan | None
Justin | None
Randi | None
Ilan | None
Nicholas | None
Kevin | None
Jackie | None
Katie | None
Gianna | None
Hope | None
Marie | None
Morgan | None
Meaghan | None
Kelly | None
Leidy | None
Nic | None
Brian | None
William | None
Kelsey | None
Melinda | None
Gary | None
Jonatan | None
Staci | None
Rachel | None
Shanna | None
Brandon | None
Angie | None
Dylan | None
Cheri | None
Erron | None
Collin | None
Betsy | None
Lindsey | None
Mason | None
Robert | None
Natalie | None
Marc | None
Josiah | None
Adrienne | None
Austin | None
Kendall | None
Stacey | None
Carol | None
Kris | None
Ghazaleh | None
Michael | None
Courtney | None
Lori | None
Krissi | None
Lisa | None
Tashika | None
McKenzie | None
Kerri | None
Hayley | None
Augustowski | None
Brent | None
Brenda | None
Saurav | None
Joshua | None
Mike | None
Amy | None
michelle | None
Shirley | None
Derek | None
Kristen | None
Raj | None
Julie | None
joan | None
Grace | None
Charli | None
Ryan | None
Nirup | None
Tiffany | None
Alex | None
Rachita | None
Jennifer | None
Beth | None
Christina | None
Nathan | None
Elizabeth | None
Patrick | None
Danny | None
Amber | None
Kurt | None
Scott | None
Samantha | None
Gigi | None
Steve | None
Courtney | None
Brooke | None
Amanda | None
Raylene | None
CRYSTAL | None
Natali | None
Lauren | None
Annie | None
Bethany | None
Ramesh | None
Kelly | None
Caroline | None
Bedford | None
Jaime | None
Jessica | None
Jared | None
Lorzie | None
Julia | None
Caroline | None
Kristen | None
Alec | None
Rianna | None
John | None
Patrick | None
Ryan | None
Yera | None
Taylor | None
Sam | None
Brett | None
Todd | None
Staci | None
Rebecca | None
Jack | None
April | None
TJ | None
Marc | None
Ashley | None
Anthony | None
Erin | None
Rachel | None
Bianca | None
Doug | None
Javier | None
Sana | None
Magan | None
Shaye | None
Heidi | None
Lauren | None
Zachary | None
Mackenzie | None
Scott | None
John | None
Zachary | None
Angelina | None
Mike | None
Lacey | None
James | None
Michael | None
Melissa | None
Michael | None
Cameron | None
Jonathan | None
Jade | None
Tiffany | None
Rebecca | None
Max | None
Gherrick | None
Kyle | None
Brooke | None
Sarah | None
Mathew | None
Lindsay | None
Martin | None
Christopher | None
Al | None
Briana | None
Tara | None
Amanda | None
Angela | None
Conor | None
Stephanie | None
Abbegail | None
Ray | None
Janie | None
Molly | None
Sarah | None
Dawn | None
Janani | None
Farasha | None
Sophia | None
Kristine | None
Cory | None
Ester | None
Naveed | None
Mallory | None
Matt | None
Brittany | None
Wallis | None
Eric | None
Andrew | None
Kahmun | None
Phil | None
Jared | None
Myles | None
Emma | None
Adam | None
Paul | None
Brian | None
Scott | None
Sally | None
Robbie | None
Tyler | None
Kathy | None
Olivia | None
Ariadna | None
Emma | None
Hanna | None
Alexandra | None
Jacqueline | None
Blake | None
Roberto | None
Michael | None
Cerena | None
Joley | None
Haley | None
Dina | None
Maira | None
Tim | None
Teagan | None
Becky | None
Stephanie | None
Alexandra | None
Mia | None
Flavia | None
Kimberly | None
Leonela | None
Danielle | None
Ashley | None
Alex | None
Tricia | None
Paige | None
Allee | None
Al | None
Jennifer | None
Helen | None
Lakota | None
Mia | None
Ryan | None
Rex | None
Chryssi | None
Kevin | None
Taylor | None
Gabby | None
Callie | None
Miranda | None
Monique | None
Stephany | None
Manish | None
Olivia | None
Chelsea | None
Erin | None
Susan | None
Brian | None
Ben | None
Cody | None
Meagan | None
Mia | None
Selena | None
Keaunia | None
Mo | None
Trish | None
Moriah | None
Iryna | None
Anthony | None
Amanda | None
Erica | None
jonathan | None
Chalyn | None
Danny | None
Noelle | None
Taylor | None
Kris | None
Joni | None
Lauren | None
Jenoi | None
Scott | None
Miguel | None
Amanda | None
Meghan | None
Joshua | None
Lauren | None
Maliah | None
Davidson | None
Daniel | None
Abigail | None
Bryanna | None
Nicole | None
Jimmy | None
Isaiah | None
Dan | None
John | None
Erick | None
Kassie | None
Bailey | None
Patrick | None
Julie | None
Aaron | None
Hunter | None
Gretchen | None
Denis | None
Lindsay | None
Reagan | None
Margie | None
Anastasia | None
Keith | None
Len | None
Max | None
Chris | None
Mala | None
Bianca | None
Adriel | None
Michele | None
Cassandra | None
Cuma | None
Stacey | None
Nicole | None
Dalton | None
Dan | None
Khrystyna | None
Laz | None
Paula | None
Joseph | None
Scott | None
Troy | None
Daisy | None
Katie | None
Logan | None
Arpana | None
Devin | None
Kelly | None
Maggie | None
Michael | None
Vincent | None
Klaudia | None
Jarret | None
Erin | None
Sydney | None
Kyle | None
Sarah | None
Courtney | None
Shari | None
Katie | None
Nicole | None
Brooke | None
Krissie | None
Jasmine | None
Melanie | None
Christopher | None
Katie | None
Christina | None
Andrea | None
Jay | None
Aaron | None
Andrew | None
Kelly | None
Kelly | None
Tiffany | None
Laura | None
Alysa | None
Austin | None
Craig | None
Paul | None
Bailey | None
Chris | None
Noah | None
Hannah | None
Sharon | None
Jeff | None
Lyndsey | None
Ryan | None
Liz | None
Tyler | None
Matthew | None
Kate | None
Angela | None
Jonathon | None
Katie | None
Teagan | None
Leah | None
Alexis | None
Kate | None
Jamie | None
Shannon | None
Lauryn | None
Shannon | None
Patricia | None
V | None
Haley | None
Austin | None
Max | None
Magan | None
Enna | None
Kellen | None
Monica | None
Jackie | None
Yujin | None
Lexi | None
Nick | None
Dylan | None
Cole | None
Taylor | None
Andrew | None
Mariah | None
Juan | None
William | None
Mathew | None
Elaine | None
Tia | None
Matt | None
Natalia | None
Kayla | None
Edgar | None
Cameron | None
Shechel | None
Ashley | None
Claudia | None
Joseph | None
Ritchie | None
Christopher | None
Stacey | None
Crystal | None
Tom | None
Jordyn | None
Alex | None
Laura | None
Jenna | None
Ethan | None
Ethan | None
Angelica | None
Andy | None
Habee | None
Cassandra | None
Lauren | None
Cori | None
Ali | None
Daniel | None
Susan | None
Michael | None
Yui | None
Alan | None
Aspen | None
Lauryn | None
Hannah | None
Emily | None
Meghan | None
Igor | None
Kirsty | None
Jessica | None
Krista | None
Tiffany | None
Leon | None
Matthew | None
Kristen | None
Marty | None
Jensen | None
Vanessa | None
Drew | None
Tia | None
Heidi | None
Kyle | None
Jensen | None
Christa | None
Caitlin | None
Chip | None
Ryan | None
Nenwon | None
Liz | None
Mike | None
Margarette | None
Victor | None
Austin | None
Sabrina | None
Ryan | None
Tyler | None
Winter | None
Lisa | None
Sam | None
Lauren | None
Michaella | None
Alexis | None
Delaney | None
Antonia | None
Eri | None
Jackie | None
Samantha | None
Ricci | None
John | None
Alan | None
John | None
Tyson | None
Chelsea | None
Amy | None
Lisa | None
Mike | None
Jessica | None
Joshua | None
Bryan | None
Sierra | None
Grace | None
Shelby | None
Jason | None
Patricia | None
Peter | None
Rachel | None
Greg | None
Angel | None
Christy | None
Betsy | None
Joshua | None
Kate | None
Anne | None
Richard | None
Kyle | None
Jenn | None
Ray | None
Brad | None
Todd | None
David | None
Kendal | None
Luis | None
Letitia | None
John | None
Lyndsey | None
Stephanie | None
Hope | None
Eman | None
Dominic | None
Jenni | None
Shardae | None
David | None
Orlando | None
John | None
Sam | None
Michael | None
Allyson | None
Abby | None
Joe | None
Alaina | None
Roshane | None
Theres | None
Ashley | None
Jillian | None
Lindsay | None
Amanda | None
Alissa | None
Noah | None
Alexandrea | None
Sharon | None
Nyisha | None
Alexandra | None
Maria | None
Zenab | None
Niki | None
Sonya | None
Connie | None
Helen | None
Lucas | None
Mia | None
Deon | None
Martha | None
Jessica | None
Bedford | None
Andrea | None
Scott | None
Melanie | None
Noelani | None
Caitlin | None
Nathan | None
Tom | None
Kerri | None
Sarah | None
Kyle | None
Karli | None
Jack | None
Brittany | None
Gordon | None
Garrett | None
Evan | None
Erica | None
Eric | None
Emily | None
Emily | None
Dee | None
Helen | None
David | None
Dana | None
Crystal | None
Colin | None
CJ | None
Chelsea | None
Carolyn | None
Caroline | None
Carissa | None
Caleb | None
Daniel | None
Isaiah | None
Jade | None
Jamie | None
Kelsey | None
Kelly | None
Kelly | None
Keith | None
Katlin | None
Kate | None
Karla | None
Justin | None
Juliann | None
Julia | None
Jordan | None
Jonathan | None
Jon | None
John | None
Jimmy | None
Jimmie | None
Jesse | None
Jeff | None
Jeanine | None
Janet | None
Jamie | None
Brooke | None
Kendra | None
Brianna | None
Brian | None
Ansley | None
Nick | None
Key | None
Jadon | None
Jon | None
Kayla | None
Darius | None
Tom | None
Lance | None
Jordan | None
Kevin | None
Nathan | None
TJ | None
Geoffrey | None
Margarite | None
Andrew | None
Kelly | None
Tim | None
Kellen | None
Makayla | None
Kindle | None
Gracen | None
Brad | None
Erica | None
Brad | None
April | None
Annie | None
Amanda | None
Amanda | None
Allison | None
Alexander | None
Aaron | None
Aaron | None
Kate | None
Gabriel | None
Matthew | None
Tim | None
Stephanie | None
Maria | None
Sarah | None
Jon | None
Caitlin | None
Brian | None
Kye | None
Laura | None
Laura | None
Haley | None
Brian | None
Melissa | None
Kirsten | None
Caity | None
Cori | None
Shannon | None
Matthew | None
Alexandra | None
Bryce | None
Patricia | None
Burlington | None
Yuliya | None
Utkarsha | None
Tyler | None
Tony | None
Tony | None
Tia | None
Taylor | None
Tayler | None
Matthew | None
Dana | None
Michael | None
Nicole | None
Phil | None
Megan | None
Carson | None
Jennifer | None
Alex | None
Mark | None
Ryan | None
Kevin | None
Steven | None
Christopher | None
Brittney | None
Lindsay | None
Jason | None
Bruno | None
Angelique | None
Spiro | None
Tom | None
Michael | None
Jacob | None
Zachary | None
Tinsley | None
Tamara | None
Stephen | None
Stacey | None
Shaibaz | None
Zachary | None
Justin | None
Derek | None
Ryan | None
Rianna | None
Nicole | None
Nicole | None
Neil | None
Natalie | None
Michele | None
Mia | None
Melinda | None
Matthew | None
Matt | None
Madison | None
Logan | None
Lindsay | None
Lexi | None
Lauren | None
Lauren | None
Lauren | None
Kealy | None
Alexa | None
Casey | None
Chris | None
Sara | None
Sam | None
Ryan | None
De | None
Smith | None
Coburn | None
Hill | None
Bisnack | None
Leal | None
Lewis | None
Lang | None
McKinnis | None
Hedges | None
Skuraton | None
Mary | None
Jodi | None
Jessica | None
Natalie | None
Kristin | None
Alberto | None
Kemper | None
Em | None
Veronica | None
Toliver | None
Taylor | None
Sean | None
Robert | None
Nathan | None
Josh | None
James | None
James | None
Alejandra | None
Chloë | None
Desteny | None
Amanda | None
Ashley | None
Yvonne | None
Tim | None
Terri | None
Tyler | None
Tammy | None
Teresita | None
Damika | None
Alexa | None
Ashley | None
Colleen | None
Marissa | None
Lou | None
Loran | None
Lindsey | None
Lauren | None
Kim | None
Kelly | None
Kelley | None
Katie | None
Karen | None
Kaily | None
Jovanny | None
Josh | None
Jessica | None
Jeffrey | None
Jason | None
Hannah | None
Elissa | None
Dirk | None
Deborah | None
Courtney | None
Travis | None
Matt | None
Serhii | None
Shelby | None
Matthew | None
Mathew | None
Mallory | None
Mariah | None
McKenzie | None
Michael | None
Maggie | None
Marc | None
Matt | None
Michele | None
Matt | None
Mackenzie | None
Maliah | None
Maria | None
Michaella | None
melissa | None
Michelle | None
McKenzie | None
Melissa | None
Lindsay | None
Michael | None
Madeline | None
Maya | None
Natalie | None
Shibaram | None
Sunandini | None
sarah | None
Steve | None
Sarah | None
Steve | None
Samantha | None
Steven | None
Sarah | None
Rebecca | None
Raheem | None
Rachael | None
Rodd | None
Richie | None
Rebecca | None
Richard | None
Rob | None
Patty | None
Natalie | None
Noah | None
Staci | None
Matthew | None
Melanie | None
Melanie | None
Elliott | None
Al | None
Jordan | None
Cayce | None
Patrick | None
Nancy | None
Venkata | None
Jorge | None
Pra | None
Darby | None
Shannon | None
Jacqueline | None
leonard | None
Jacinda | None
Sudha | None
Lissa | None
Marcus | None
Ryan | None
Kathrina | None
Lisa | None
Starr | None
Katie | None
Ester | None
Dennis | None
Chris | None
Samuel | None
Adreanna | None
Girma | None
Dyron | None
Michael | None
Allison | None
Kevin | None
Walid | None
Katelyn | None
John | None
Nick | None
Rebecca | None
Brenton | None
Chip | None
Joseph | None
Jason | None
Juliet | None
NAVEED | None
Jadyn | None
Christopher | None
Yvonne | None
Dwight | None
Brandon | None
Robert | None
Elena | None
Bruce | None
Jenn | None
Jeff | None
Natalie | None
Elizabeth | None
Angie | None
Adrianna | None
Kelly | None
Ben | None
Chelsea | None
Julie | None
Ryan | None
Keith | None
Zachary | None
TRAVIS | None
Taylor | None
Shannon | None
Rebecca | None
Rebecca | None
Michala | None
Paul | None
Lynsey | None
Teddy | None
Andrew | None
Brandi | None
Nate | None
Elizabeth | None
Sunandini | None
Ilean | None
Jordan | None
Lauren | None
Hannah | None
Kyle | None
Kateryna | None
Alana | None
Joshua | None
Taylor | None
Jana | None
Louis | None
Kelli | None
Sarah | None
Soma | None
Ashley | None
Chuck | None
Christopher | None
Ben | None
Lindsay | None
Donald | None
Lauren | None
jeff | None
Gisela | None
Enal | None
Emily | None
dustin | None
Cole | None
chase | None
Brett | None
Anthony | None
Amanda | None
Claire | None
Lisa | None
David | None
Mark | None
Pearl | None
Kristina | None
Dylan | None
Rob | None
Jesse | None
Denise | None
Kristin | None
Tawanda | None
John | None
Robert | None
Khrystyna | None
kristin | None
Ariana | None
Andrew | None
Amanuel | None
Ally | None
Amanda | None
Adriana | None
Ann | None
Ashley | None
Angela | None
Ashley | None
ankur | None
Andrew | None
Anne | None
Andrew | None
Alexandrea | None
steven | None
Shardae | None
nikki | None
Michael | None
Michael | None
Matthew | None
Mallory | None
kye | None
kim | None
Alonzo | None
Sean | None
Kia | None
Annie | None
Melissa | None
Luke | None
Jenna | None
Travis | None
Hernan | None
Grace | None
Dan | None
Lauren | None
Cara | None
Jennifer | None
Matt | None
Joe | None
Alicia | None
Jeffrey | None
Elyse | None
Angelica | None
Makenzie | None
Amanda | None
Sarah | None
Tori | None
Loria | None
Melissa | None
Pawida | None
Ashley | None
Rhett | None
Denise | None
Stephanie | None
Tessa | None
Kathy | None
Lauren | None
James | None
John | None
Dawn | None
Genesis | None
Kashana | None
Kay | None
Susan | None
Kelly | None
Jason | None
Shermila | None
Cheryl | None
Renee | None
Samantha | None
Roshani | None
Nelson | None
Marie | None
Spencer | None
Teagan | None
Jamie | None
Alicia | None
Sean | None
Azure | None
Janet | None
Jessica | None
Jordan | None
Jacqueline | None
Jensen | None
Juan | None
Jacqueline | None
Jim | None
Jessi | None
Jamaine | None
Jeff | None
Jess | None
Jill | None
John | None
Isabella | None
Iryna | None
Hannah | None
Grace | None
Gayle | None
Freddie | None
Farah | None
Evan | None
Eric | None
Erin | None
Erin | None
Jeanne | None
Jon | None
Joy | None
Julianne | None
Leena | None
Allison | None
Liz | None
Larissa | None
Leonard | None
Kenneth | None
Kyle | None
Karelia | None
Keith | None
Kelly | None
Kyler | None
Kimberly | None
Erica | None
Kendra | None
Karina | None
Kutina | None
Kortney | None
Kristin | None
Kelsey | None
Katie | None
keith | None
Kevin | None
Karla | None
Kevin | None
Jennifer | None
Jack | None
Katie | None
Eamon | None
Klaudia | None
David | None
Brenda | None
Bradley | None
Bryant | None
Bradley | None
Barry | None
Dee | None
Briana | None
Brandon | None
Cheryl | None
Carson | None
Courtney | None
Cory | None
Colten | None
Carly | None
Carly | None
Bobby | None
Dylan | None
David | None
Danielle | None
Dominique | None
Dana | None
Danielle | None
Daniel | None
Chris | None
Carolyn | None
Didi | None
CRYSTAL | None
Derek | None
John | None
Gabriela | None
Katherine | None
Julie | None
Crystal | None
Lauren | None
Steve | None
Lucy | None
Brad | None
Kellie | None
Jon | None
Patricia | None
Danielle | None
Amy | None
Natalie | None
Jenn | None
Austin | None
Kelli | None
Jeffrey | None
Houston | None
Quiana | None
Tom | None
Richard | None
John | None
Leslie | None
Dermot | None
Alexander | None
Kyle | None
Bennett | None
Katherine | None
Harold | None
Chris | None
Anthony | None
Ron | None
Ruben | None
Thomas | None
Jim | None
Bob | None
Richelle | None
Joshua | None
Marie | None
Warren | None
kristin | None
robert | None
doug | None
kristin | None
joshua | None
janet | None
cesar | None
Marie | None
Warren | None
Kurt | None
richard | None
Ron | None
Seth | None
Deborah | None
Patty | None
Alec | None
Yasanta | None
Dave | None
Bryan | None
Ellie | None
Rita | None
Gabby | None
Bertha | None
Kirk | None
Gina | None
Daniel | None
Dana | None
Madison | None
Roberto | None
Ashley | None
Andrea | None
Anthony | None
Crystal | None
Andrew | None
Destiny | None
Joshua | None
Joseph | None
Kyle | None
Emily | None
Andrew | None
Nate | None
Gunjan | None
Heather | None
Samantha | None
Stephanie | None
Emily | None
Adam | None
Jimmy | None
Christopher | None
Angela | None
Liz | None
Jake | None
Matthew | None
Victoria | None
Cindy | None
Jayme | None
Abbie | None
Courtney | None
Crystal | None
Robert | None
Doreen | None
Christian | None
Matthew | None
Kyle | None
Erin | None
Chris | None
Darren | None
Bailey | None
Natalie | None
Lilly | None
Madison | None
Will | None
Elias | None
Justine | None
Keegan | None
Paul | None
Brittney | None
Tammy | None
Lexi | None
Jordan | None
Kaitlyn | None
Kaylee | None
Christine | None
Leigh | None
Chloe | None
Megan | None
Navi | None
Makaela | None
Morgan | None
Emily | None
Ryan | None
Joe | None
Barbara | None
Matthew | None
Jonathan | None
Maty | None
Katy | None
Grace | None
Megan | None
Stacy | None
Steve | None
Elizabeth | None
Gisselle | None
Cheryl | None
Janna | None
Isabella | None
Jonathan | None
Noah | None
Albert | None
Ana | None
Terry | None
Aimee | None
Matt | None
Tracy | None
Sean | None
Mike | None
Lanell | None
Michael | None
Ken | None
Joe | None
Jeanese | None
Diana | None
Kim | None
Roger | None
Eric | None
Steven | None
Benjamin | None
Ryan | None
Pamela | None
Jeremy | None
Angel | None
Jay | None
Kushal | None
Peter | None
Kevin | None
Cookie | None
Chris | None
Aziza | None
Gabriel | None
Noah | None
Daniela | None
Cookie | None
Chris | None
Aziza | None
Angel | None
Alfred | None
Alena | None
Aimee | None
Sean | None
Alyssa | None
Roger | None
Catherine | None
Alexander | None
Cody | None
Cory | None
Alexis | None
Erin | None
Elizabeth | None
Gisselle | None
Darlene | None
Janna | None
Daniela | None
Christopher | None
Christopher | None
Brandon | None
Brandon | None
Jakub | None
Tracy | None
Terry | None
amanda | None
Sufyan | None
Pamela | None
Natasha | None
Michael | None
Matt | None
Ken | None
Jeanese | None
Jay | None
Sunita | None
Michelle | None
Uyen | None
Tzvi | None
Travis | None
Sam | None
Mike | None
Kavitha | None
Chris | None
Andrea | None
Alex | None
Akansha | None
Hafiz | None
Jenna | None
Matt | None
Laura | None
Chad | None
Chad | None
Rebeca | None
Ralph | None
Daniel | None
Andrew | None
Jay | None
Alexie | None
Brittney | None
Marcus | None
Heaven | None
Jordan | None
Bria | None
Jill | None
Connor | None
Danny | None
Kurstyn | None
Tim | None
Thomas | None
Rene | None
Shiheem | None
Najib | None
Noorie | None
Thomas | None
Angela | None
Art | None
Daniel | None
Charles | None
Tyeesha | None
Noorie | None
Alexa | None
Charles | None
Emmanuel | None
Michael | None
Katherine | None
Jeff | None
Nicole | None
Lami | None
Rhonda | None
Samuel | None
Alfie | None
Dondre | None
Corey | None
Connor | None
Michelle | None
Tiphani | None
Leo | None
Julie | None
Don | None
Alice | None
Todd | None
Matthew | None
Brian | None
Rand | None
Lennie | None
Spencer | None
Scott | None
Tatiana | None
Vasati | None
Nadia | None
Molly | None
Counte | None
Sebastian | None
Samantha | None
Veronica | None
Richard | None
Stephen | None
July | None
Darrell | None
Johnny | None
Samantha | None
Cherry | None
Samson | None
Johanna | None
Marisa | None
Nicole | None
Veronica | None
Ali | None
Amanda | None
Hans | None
Charity | None
Dan | None
Devangi | None
Emily | None
Bill | None
Heather | None
Heidi | None
Jonathan | None
Jarrell | None
Jordan | None
Jennifer | None
Karissma | None
Lisa | None
Kevin | None
Elmer | None
Katelyn | None
Sam | None
Tom | None
Jen | None
Tom | None
Ian | None
Jason | None
venu | None
haryya | None
veeranjie | None
Ram.R | None
Phillips | None
Sammy | None
Ravi | None
Sowjanya | None
Henry | None
Daniel | None
Dena | None
Dustin | None
Colin | None
Will | None
Matt | None
Jacqueline | None
Kevin | None
Michelle | None
Shaundee | None
Jeff | None
Lanie | None
Larry | None
Lanie | None
Larry | None
Jeff | None
Aaron | None
Justin | None
Jonathan | None
Diana | None
Joanna | None
Josh | None
Katia | None
María | None
Richard | None
Bill | None
Keli | None
Nicolas | None
Cory | None
jordi | None
Daniela | None
Vanessa | None
Brianna | None
Katya | None
Aubrey | None
Krissandra | None
Marlene | None
Caleigh | None
Kate | None
Keli | None
Jesse | None
Chris | None
Sigrid | None
Brendan | None
Richard | None
Bill | None
Christiana | None
Greg | None
Kimberly | None
Antonina | None
Maddy | None
Jonathan | None
Amy | None
Prakash | None
Ayushi | None
Manav | None
Shivani | None
Vicky | None
Aaron | None
Mark | None
Derick | None
Jay | None
Adam | None
Mark | None
Daniel | None
Timothy | None
Sanjay | None
Colin | None
Michelle | None
Danny | None
Courtney | None
Kevin | None
Justin | None
Robert | None
Mabel | None
Kellie | None
jeanne | None
Peter | None
Richard | None
Audrey | None
Olivia | None
Olivia | None
Helen | None
John | None
David | None
Mary | None
Jacob | None
Imagen | None
Estelle | None
Denise | None
Amanda | None
Brianna | None
Amy | None
Amy | None
Alejandra | None
Malak | None
Chris | None
Matthew | None
Judy | None
Nancy | None
Perla | None
Rachel | None
Sabrina | None
Sam | None
Shandra | None
william | None
David | None
Michael | None
Ryan | None
Livier | None
Lorrie | None
Harika | None
Geetha | None
Sai | None
Sadie | None
John | None
Michelle | None
Savannah | None
Mayra | None
Mathruka | None
Marc | None
Joseph | None
Magda | None
Lana | None
Kenneth | None
Robin | None
SuperSally | None
Adam | None
Zachary | None
Monali | None
Byron | None
Trista | None
Linh | None
Joanna | None
Ketaki | None
Krista | None
Stanislas | None
Lisa | None
Juan | None
Brent | None
Claudia | None
Emiliano | None
Heather | None
Jane | None
John | None
Kat | None
CeCe | None
Kat | None
Craig | None
Joe | None
Jake | None
Kay | None
Mandy | None
Lucy | None
Wayne | None
Bethany | None
Jake | None
Dani | None
Ben | None
Maddison | None
Dominique | None
Amy | None
Alex | None
Owen | None
Adam | None
Maisie | None
Matt | None
Ryan | None
Zachary | None
Kenneth | None
Geraldine | None
Kelley | None
Oskar | None
Dessa | None
Jacob | None
Darrin | None
Marc | None
Chris | None
Mario | None
Paul | None
Chris | None
Deepak | None
Chris | None
Team | None
Sam | None
Don | None
Kris | None
Andy | None
Petra | None
Dessa | None
James | None
Anthony | None
Tate | None
Kelley | None
Nick | None
Chris | None
Kim | None
Aaron | None
Kenneth | None
Adam | None
Brendan | None
Bryan | None
Owen | None
Elise | None
Anna | None
Rick | None
Tom | None
David | None
Jon | None
Robert | None
Paul | None
Blair | None
Raj | None
John | None
Cassandra | None
Diane | None
Rebecca | None
Will | None
Marcia | None
Austin | None
Pablo | None
Sean | None
Patti | None
Michel | None
Fay | None
Lesley | None
Mike | None
Jim | None
Sharon | None
Beckie | None
Link | None
Christine | None
Ashley | None
Judy | None
Kim | None
Jeff | None
Cristina | None
Mihai | None
Natalie | None
Ryan | None
Kieran | None
Kristin | None
Cory | None
Asir | None
Corbin | None
Hunter | None
Edwin | None
Sherry | None
John | None
Cade | None
Danny | None
Jerry | None
Logan | None
Jackie | None
Gabrielle | None
Omar | None
Arnaldo | None
Danielle | None
Rian | None
Aneta | None
Mario | None
Ian | None
Doug | None
Brian | None
Marcus | None
Chrissy | None
Kate | None
Roy | None
Andrew | None
Phil | None
Joseph | None
Perla | None
Sandy | None
Steve | None
Dan | None
Daniel | None
Frank | None
Gregory | None
Haydee | None
Jack | None
Jeff | None
Jon | None
Jose | None
Joseph | None
Jose | None
Karen | None
Kelly | None
Ethan | None
Michael | None
Nicole | None
Paige | None
Ryan | None
Sandy | None
Scott | None
Sherry | None
Steve | None
Steve | None
Tim | None
Tristen | None
Candice | None
Michael | None
Draven | None
Ken | None
Bayan | None
Bradley | None
Marco | None
Ryan | None
Steve | None
Mike | None
Evan | None
Mike | None
Mike | None
Tracy | None
Michael | None
Shemuel | None
Scott | None
Willis | None
Andrea | None
Amanda | None
Mike | None
Adam | None
Melinda | None
Amanda | None
Tracy | None
Marco | None
John | None
Kim | None
Brian | None
Scott | None
Evan | None
Kristin | None
Basirat | None
Cindy | None
Lee | None
Allison | None
Lisa | None
Terrence | None
Sarah | None
Kyle | None
Michael | None
Angelique | None
Joseph | None
Delaney | None
Drew | None
Maeve | None
Tyler | None
Coral | None
Dan | None
Lisa | None
Mikaela | None
Suzanne | None
Dean | None
Erika | None
Lauren | None
Gianne | None
Cynthia | None
Caitlin | None
Caitlyn | None
Don | None
Sofia | None
James | None
Bea | None
Caroline | None
Josephine | None
Elena | None
Kellie | None
Katie | None
Ginny | None
Aaron | None
Anita | None
Melissa | None
Natalie | None
Ryan | None
Evan | None
Charlene | None
Destinee | None
Bradley | None
Diane | None
Hazel | None
Devin | None
Danielle | None
Kevin | None
Anca | None
Britt | None
Romy | None
Michele | None
Beena | None
Laura | None
Cara | None
Emma | None
Linda | None
Erik | None
Danielle | None
Ellen | None
Carolyn | None
Jeffrey | None
Jill | None
Nan | None
Flor | None
Shakia | None
Isabel | None
Samantha | None
Marv | None
Erica | None
Fred | None
Lillian | None
Diane | None
Vicky | None
Nikki | None
Lindsey | None
Nicholas | None
Ute | None
Liam | None
Steve | None
Joy | None
John | None
Hannelore | None
Matt | None
Michelle | None
Steven | None
Richard | None
Rebecca | None
Mandy | None
Shoshana | None
Kerry | None
Linda | None
Jordana | None
Keegan | None
Tom | None
Elaine | None
Renee | None
Jana | None
Kenny | None
KCee | None
Brittany | None
Cardedria | None
Amy | None
Emily | None
Airika | None
Ariel | None
Alexis | None
Tracy | None
Tania | None
Megan | None
Samantha | None
Brittanie | None
Janie | None
Makeva | None
Diana | None
Erin | None
Dante | None
Stephanie | None
Michelle | None
JoAnn | None
Allison | None
Rami | None
Nkechi | None
Jackie | None
Jess | None
Kathryn | None
Steve | None
Danica | None
Emily | None
Tiffany | None
Russell | None
Emily | None
Christy | None
Beth | None
Elizabeth | None
John | None
David | None
Caroline | None
Elizabeth | None
Colleen | None
Catherine | None
Jim | None
Jennifer | None
Sarah | None
Aaron | None
Amy | None
Daniel | None
David | None
Taylor | None
Arnand | None
Teresita | None
Adam | None
Nicole | None
Barb | None
Anne | None
Laura | None
Julie | None
Jamie | None
Christine | None
Russell | None
Lauren | None
Roxy | None
Debra | None
Stephanie | None
Jen | None
Marc | None
Hector | None
Gloria | None
Blanca | None
Alexandra | None
Kristen | None
Carole | None
Juan | None
Erinn | None
Susan | None
Crystal | None
Madison | None
Tiffany | None
Michelle | None
Emily | None
Marrena | None
Sonal | None
Natalie | None
April | None
Katie | None
Amanda | None
Alysha | None
LaDonna | None
Meeta | None
Heather | None
Shelby | None
Courtney | None
Debora | None
Robert | None
Brooke | None
Cristi | None
Ben | None
Sonia | None
Kelly | None
Alison | None
Jacqueline | None
Linda | None
Terry | None
Valerie | None
Tiffani | None
Tria | None
Susan | None
Laura | None
Caren | None
Ted | None
Emma | None
Matthew | None
Tyler | None
Denesha | None
Fernanda | None
William | None
Kellie | None
Monique | None
Jonathan | None
Miriam | None
Joe | None
Anne | None
Robert | None
Allen | None
Rima | None
Cassandra | None
Steve | None
Lauren | None
Gordon | None
Desirae | None
Stephanie | None
Marly | None
Angela | None
Caitlin | None
Ani | None
Eric | None
Claudio | None
Jennifer | None
Jeff | None
Joe | None
Nick | None
Michele | None
MarieElena | None
John | None
Joann | None
Sheila | None
Steve | None
Robin | None
Rachel | None
William | None
Tommy | None
Brina | None
Mackenzie | None
Heather | None
Annemarie | None
Alicia | None
Meredith | None
Jessica | None
Linda | None
Lauren | None
Robin | None
Trish | None
Marissa | None
Fran | None
Matt | None
Amalie | None
Farah | None
Brianne | None
Jim | None
Marissa | None
Cheryl | None
Leah | None
Pierre | None
Beth | None
Delia | None
Doris | None
Michael | None
Kayla | None
Christian | None
Gennifer | None
Christine | None
Nicholas | None
Paige | None
Danielle | None
Jennifer | None
STEPHANIE | None
Nadia | None
Mia | None
Beth | None
Matthew | None
Tricia | None
Antonio | None
Erin | None
Regina | None
Kyle | None
Joshua | None
David | None
Justin | None
Walter | None
Patrick | None
Will | None
Tracy | None
Marissa | None
Susan | None
Elena | None
Von | None
Lisa | None
Julie | None
Carrie | None
Barbara | None
Brenda | None
Rashad | None
Amelia | None
Cheryl | None
Robert | None
Stuart | None
Grant | None
Don | None
Jimmy | None
Clay | None
Barry | None
Bill | None
Austin | None
William | None
Jim | None
Kari | None
Ray | None
Monique | None
Mariam | None
Anne | None
Blake | None
Tasha | None
Mark | None
Andrew | None
Silas | None
Peyton | None
Lillie | None
Travis | None
Luis | None
Shannon | None
Dom | None
Samuel | None
Marva | None
Shanna | None
Dana | None
Taylor | None
TroyElan | None
Jan | None
Stephen | None
Michelle | None
Cynthia | None
Patty | None
Ruben | None
Rebecca | None
Hagan | None
Tiffany | None
Stacy | None
Amanda | None
Nikki | None
Jessica | None
Kristin | None
Dineen | None
Alexa | None
Erryonna | None
Anne | None
Terri | None
Bahirah | None
Jordan | None
Chrystal | None
Nikki | None
Tenley | None
Andrea | None
Andrew | None
Chandler | None
Susan | None
Brandi | None
Dana | None
Jacqueline | None
Ashya | None
Melanie | None
Karen | None
Frances | None
Mark | None
Ron | None
Haley | None
Megan | None
Michael | None
Julie | None
Carrie | None
Xavier | None
Heather | None
Ken | None
Katie | None
Lauren | None
Alex | None
Kendra | None
Lauren | None
Matthew | None
Max | None
Michelle | None
Ryan | None
Sara | None
Sydney | None
Shaunta | None
Laura | None
Nick | None
Sarah | None
Samantha | None
Christopher | None
Lauren | None
Danielle | None
Evan | None
Kelsie | None
Katrin | None
Keli | None
Jordan | None
Alexis | None
Alexis | None
Amanda | None
Andre | None
Andrew | None
Andrew | None
Ashley | None
Autumn | None
Brett | None
Bryan | None
Dalton | None
Douglas | None
Erica | None
Erica | None
Jacqueline | None
Jenny | None
Jessica | None
Juan | None
Ellen | None
Laila | None
Jewel | None
Lisa | None
Hannah | None
Dan | None
Analucia | None
Whitney | None
Heather | None
Morgan | None
Wendy | None
Debbie | None
Patrick | None
Jessica | None
Wendi | None
Joe | None
Jason | None
Alesha | None
Kathy | None
Monica | None
Taylor | None
Michael | None
Emily | None
Cory | None
Angela | None
Lisa | None
Rachel | None
Rebecca | None
Laarnie | None
Keilah | None
Amber | None
Marta | None
Anthony | None
Bryce | None
Alec | None
Kristina | None
Alexis | None
Lee | None
Sara | None
Holly | None
Tiffany | None
Behrooz | None
Heather | None
Jessica | None
Christine | None
Ronald | None
Naila | None
Dominic | None
Miranda | None
Jordan | None
Elyse | None
Anna | None
Tyler | None
Misty | None
Heath | None
Crystal | None
Zachary | None
Brian | None
Alysia | None
Marie | None
Sean | None
Jessica | None
Allison | None
Liz | None
Robyn | None
Koula | None
Alan | None
Melanie | None
Emma | None
Richard | None
Lexi | None
Kyle | None
Angie | None
Angie | None
Rick | None
Mariah | None
Bianca | None
Dave | None
Samuel | None
Samantha | None
Melissa | None
Cheryl | None
Jacob | None
Rosemary | None
Jessica | None
Erik | None
Jeff | None
Kirby | None
Jonathan | None
Lauren | None
Sabrina | None
Dustin | None
Angela | None
Nicole | None
Ellen | None
Paul | None
Katie | None
Anthony | None
Tracey | None
Chanler | None
Tracy | None
Brian | None
Mickey | None
Matthew | None
Adam | None
Tonya | None
Andie | None
Denise | None
Mike | None
Tierra | None
Haley | None
Stephanie | None
Ashley | None
Molly | None
Joe | None
Karen | None
April | None
Erica | None
Joel | None
Sarina | None
Yokotani | None
Valeria | None
Marcia | None
Jim | None
Mark | None
Sam | None
Alaina | None
Jennifer | None
Nina | None
Shawna | None
Julie | None
Jessica | None
Kaitlynne | None
Christopher | None
Emma | None
Samantha | None
Marie | None
Mandy | None
Michael | None
Bill | None
Lindsey | None
Carly | None
Max | None
William | None
Taylor | None
Dan | None
Kaitlyn | None
Barbara | None
Gillian | None
Nicole | None
Jim | None
Chloe | None
Bert | None
Sunny | None
Anne | None
Alexis | None
Ashley | None
Jan | None
Marc | None
Ally | None
James | None
Galina | None
Mark | None
Kelly | None
Janet | None
Rebecca | None
Eric | None
Jennifer | None
Marisa | None
Dawn | None
Dan | None
Jen | None
Heather | None
Ramatoulaye | None
Joe | None
Casey | None
Eric | None
Lee | None
Daphne | None
Oscar | None
Kelsey | None
Katlin | None
Lauren | None
Tara | None
Jon | None
Danielle | None
Erin | None
Karen | None
Greg | None
Steph | None
Mollie | None
Nicki | None
Marilyn | None
Drew | None
Simon | None
Ann | None
Doug | None
Elizabeth | None
Aaron | None
Lydia | None
Ruth | None
Jane | None
Christine | None
Tessa | None
Shawn | None
Jennifer | None
Heidi | None
Sawyer | None
Andrew | None
Megan | None
Kirti | None
Jenny | None
CJ | None
Peter | None
Pam | None
Henry | None
Patricia | None
Selva | None
Ana | None
Jody | None
Brandie | None
Lorraine | None
Cassandra | None
Kacie | None
Kelsey | None
Ciara | None
Margaret | None
Abby | None
Liz | None
Heather | None
Tiffany | None
Meesha | None
Joanna | None
Isaiah | None
Angela | None
Michael | None
Colin | None
Ciaran | None
Elizabeth | None
Anna | None
Lorraine | None
Dyana | None
Carly | None
Amy | None
Cindy | None
Ailyn | None
Jennifer | None
Laura | None
Lisette | None
Jessica | None
Lisa | None
Madelyn | None
Gina | None
Erin | None
Sabrina | None
Amber | None
Christopher | None
Larissa | None
Vanessa | None
Kristen | None
Daphne | None
Brittany | None
Angelica | None
Nadina | None
Kiera | None
Felicia | None
Amanda | None
Diane | None
Rhoda | None
Michelle | None
Becca | None
Courtney | None
Tarik | None
Aly | None
Mindi | None
Mark | None
Emily | None
Kristen | None
Sabrina | None
Samantha | None
Anjelica | None
Sasha | None
Katie | None
Thomas | None
Ann | None
Dan | None
Sarah | None
Bridget | None
Robert | None
Ashley | None
Keaton | None
Diane | None
Jessica | None
Zach | None
Michelle | None
Trisha | None
Seta | None
Kenneth | None
Bansri | None
Victoria | None
Allison | None
Kathie | None
Monika | None
Brian | None
Siobhan | None
Don | None
Jake | None
Peter | None
Julie | None
Janet | None
Flynn | None
Christina | None
Harshitha | None
Linda | None
Andrew | None
Debbie | None
Crystal | None
Jeff | None
HOWARD | None
Venita | None
Mike | None
Elaine | None
Jason | None
Julia | None
Luke | None
Nicolette | None
Lily | None
Daniel | None
Cindy | None
Christopher | None
Bruno | None
Brad | None
Ariel | None
Anita | None
Anastasiya | None
Ally | None
Allen | None
Alan | None
Diana | None
Baily | None
Dan | None
Kristoff | None
Marlene | None
Diane | None
Jimmy | None
Brittany | None
Kelley | None
Scott | None
Judy | None
Ann | None
Lisa | None
Kristina | None
DIANE | None
Elizabeth | None
Estuardo | None
Brooke | None
Katie | None
Zachary | None
Vince | None
Victoria | None
Veronika | None
Trey | None
Tawana | None
Tammy | None
Tabitha | None
Susan | None
Sarah | None
Rhea | None
Reza | None
Qtr | None
Natalie | None
Melanie | None
Kara | None
K | None
José | None
Jonathan | None
John | None
Jessica | None
George | None
Evelyn | None
Whitney | None
Rob | None
Suzanne | None
Erik | None
Joyce | None
Savannah | None
Kerissa | None
Terance | None
Casey | None
Aaron | None
Mark | None
Sara | None
Michelle | None
Israel | None
Nancy | None
Whitnie | None
Will | None
Tessa | None
Kim | None
Tina | None
Ron | None
Kelsie | None
Paul | None
Sandra | None
Denise | None
Sean | None
Emily | None
Scott | None
Selena | None
Tyler | None
Aaron | None
Jane | None
Sophia | None
Lisa | None
Michelle | None
Mark | None
Alexander | None
Cole | None
Christina | None
Shannon | None
Devin | None
Shari | None
Laura | None
Stan | None
Alice | None
Yvonne | None
Coleman | None
Cristy | None
Guenevere | None
Liz | None
Jennifer | None
Taylor | None
Alicia | None
Ryan | None
Jonvieve | None
Stephanie | None
Kim | None
Katy | None
Jake | None
Elle | None
Riley | None
Kimberly | None
Gabrielle | None
Doug | None
John | None
Britni | None
Cary | None
Kyle | None
Lindsey | None
Colton | None
Ashley | None
Claire | None
Ira | None
Michael | None
Loretta | None
Alexandra | None
Julie | None
Summer | None
Kimberly | None
Matt | None
Emily | None
Jennifer | None
Jennifer | None
Jeanne | None
Christine | None
Jayci | None
Kelly | None
Ashley | None
Hannah | None
Matthew | None
Brady | None
Mike | None
Carrie | None
Sarah | None
Josh | None
Karla | None
Raul | None
Orfie | None
Andria | None
Jenny | None
Justin | None
Lindsey | None
Justin | None
Louis | None
Terri | None
Veronica | None
Tracy | None
Joe | None
Gregg | None
Lori | None
Katie | None
Richard | None
Stefani | None
Paula | None
Alison | None
Misty | None
Penny | None
Maddy | None
Eddie | None
Roxie | None
Beth | None
Kevin | None
Rose | None
Dana | None
Carolyn | None
Nick | None
Lucy | None
Kristen | None
Morgan | None
Timothy | None
Debi | None
Geneva | None
Michelle | None
Amanda | None
Brenda | None
Emily | None
Sabina | None
Loraine | None
Tamara | None
Amalia | None
Brittanie | None
Jessica | None
Holland | None
Jamie | None
Marissa | None
Shannon | None
Jeanne | None
Joanne | None
Perry | None
Jill | None
Tara | None
Chelsey | None
Michelle | None
Brooke | None
Jane | None
Angela | None
Shawn | None
James | None
Joseph | None
Josh | None
Patricia | None
Brittany | None
Robert | None
Megan | None
Sealy | None
Andrea | None
Kayla | None
Desire | None
Mackenzie | None
Izzy | None
Margreth | None
Matthew | None
Shands | None
Suzanne | None
Anna | None
Deavonnie | None
Darian | None
Kitty | None
Anne | None
Anne | None
Pat | None
Kerri | None
Adam | None
Dan | None
Kristin | None
Nikhil | None
Suanne | None
Bret | None
Melissa | None
Steven | None
Dan | None
Kaylee | None
Audrey | None
John | None
Christina | None
Molly | None
Lisa | None
Matt | None
Alexandra | None
Melissa | None
Kirsten | None
Branden | None
Austin | None
Geraldine | None
Ashley | None
Domonique | None
Darryl | None
Heather | None
Heather | None
Ashley | None
Cassidy | None
Marybeth | None
Michelle | None
Lanny | None
Kasha | None
Eden | None
Dutch | None
Gerald | None
Colleen | None
Cheyenne | None
Charlie | None
Stefen | None
Regan | None
Virginia | None
Patrick | None
Toni | None
Hayley | None
Issa | None
Barb | None
Liam | None
Libby | None
Matt | None
Micah | None
Kimberly | None
Katie | None
Stuart | None
Henry | None
Sinu | None
Michelle | None
John | None
Courtney | None
Brittany | None
Madie | None
Maricel | None
Patrick | None
Max | None
Brady | None
Allison | None
Stan | None
Abigail | None
Jennifer | None
Ryan | None
Kyle | None
Sue | None
Gretchen | None
Matthew | None
Andrew | None
Lynn | None
Amaka | None
Hanna | None
Breanna | None
Ronald | None
Kayla | None
Mysti | None
Gretchen | None
TJ | None
Jacob | None
Nancy | None
Elli | None
Samantha | None
Caroline | None
Richard | None
Sabina | None
Aubrey | None
Monica | None
Jasper | None
Dan | None
Katie | None
Michelle | None
Hannah | None
Marla | None
Karen | None
Snezana | None
Manisha | None
Rose | None
Rose | None
Rita | None
Karen | None
Sabrina | None
Tonya | None
Tonya | None
Tim | None
Piotr | None
Valerie | None
Valerie | None
Ryan | None
Shannon | None
Piotr | None
Matt | None
Matthew | None
Matthew | None
Matt | None
Livia | None
Lucas | None
Kate | None
Kelley | None
Jalisa | None
Keira | None
Kate | None
Karen | None
Jessica | None
Anna | None
Manley | None
Sabrina | None
Jessica Utley | None
Chad | None
Bri | None
Kateryn | None
Justin | None
Rachel | None
Garret | None
Kenneth | None
Donovan Wright | None
Elisa Prian | None
Matthew B. | None
Livia Drumheller Phillips | None
Kaitlyn Pierro | None
Anna Keyes | None
Kelly Parcell | None
Christopher | None
Sagirah | None
Shannon | None
John | None
Stephany | None
Courtney | None
Tonya | None
Anna | None
Jaskaran | None
Chuck | None
Kellie | None
Barbara | None
Serg | None
Danelia | None
Belqees | None
Spencer | None
Kristin | None
Jordan | None
Ebony | None
Lauren | None
David | None
Ryan | None
David | None
Beth | None
Stephanie | None
Casey | None
Keira | None
Lucas | None
Ebony | None
Desiree | None
Courtney | None
Isabel | None
Scott | None
Brian | None
Ashley | None
Jalisa | None
Steven | None
Mark | None
Christen | None
Alexandra | None
Bailey | None
Justin | None
Rachel | None
Rita | None
Jessica | None
Donna | None
Kelley | None
Manley | None
Mike | None
Tim | None
adam | None
Kate | None
andy | None
Amy | None
Amy | None
Amanda | None
Brian | None
Brandon | None
Brandon | None
Amanda | None
Brian | None
David | None
Doug | None
Don | None
Donna | None
Doug | None
Don | None
Casey | None
sydney | None
Reese | None
oswaldo | None
sabrina | None
shrujal | None
stephanie | None
madhavi | None
lauren | None
laura | None
melissa | None
nick | None
lachelle | None
juan | None
doug | None
cj | None
carly | None
Kathy | None
Alexis | None
Abbey | None
Lisa | None
Gina | None
Samya | None
Bobby | None
Jay | None
Pavan | None
Jiten | None
Tina | None
Pratap | None
Shankar | None
Jim | None
Fran | None
Prithewraj | None
Venkat | None
Radha | None
Arup | None
Rohid | None
Joey | None
Julie | None
Steffany | None
Mallory | None
Malcolm | None
Madeline | None
Madalyn | None
Luis | None
Lisa | None
Kylie | None
Kylee | None
Kyle | None
Kyle | None
Kelli | None
Kayla | None
Katy | None
Katlyn | None
Kaitlin | None
Kailey | None
Joshua | None
Jordon | None
Jordan | None
Jonathan | None
Jesse | None
Maren | None
Jena | None
Margaret | None
Matt | None
Whitney | None
Troy | None
Thomas | None
Taylor | None
Tabatha | None
Steve | None
Shelby | None
Sarah | None
Sarah | None
Sarah | None
Rebekah | None
Randi | None
Rachel | None
Rachel | None
Patrick | None
Olivia | None
Megan | None
McKenna | None
Max | None
Matthew | None
Matthew | None
Marisa | None
Jeff | None
Jonathan | None
Jackson | None
Morgan | None
Nathan | None
Abbie | None
Jake | None
Addison | None
Alec | None
Alex | None
Alex | None
Andrew | None
Anne | None
Aubrey | None
Austin | None
Ben | None
Blake | None
Adam | None
Brooke | None
Drew | None
Craig | None
Cody | None
Chris | None
Caycee | None
Cass | None
Chris | None
Carly | None
Bryant | None
Brooke | None
Brooke | None
Brent | None
Nicole | None
Don | None
Sue | None
Linda | None
Cole | None
Kelly | None
Betty | None
Yuliya | None
Matt | None
Kyle | None
Carmen | None
David | None
Samson | None
Erik | None
Gabriele | None
Louis | None
Ben | None
Josh | None
Jordan | None
Finn | None
Brian | None
Anna | None
Vanessa | None
Sacha | None
Adam | None
Karino | None
John | None
Alex | None
Marci | None
Victor | None
Viola | None
Theron | None
Alexander | None
Alexander | None
Meagan | None
Jim | None
Lauren | None
Mark | None
Anastasia | None
Emily | None
Frank | None
Tom | None
Andrew | None
Missy | None
Grace | None
Zach | None
Claire | None
Ellen | None
Katie | None
Lindi | None
Jack | None
Ryan | None
NyKey | None
Devan | None
Andrew | None
Jackson | None
Khaliyah | None
Kaylyn | None
Drew | None
Allee | None
Anna | None
Mike | None
Zach | None
Brandon | None
Kati | None
Riley | None
Thomas | None
Doug | None
Michaela | None
Joey | None
Phil | None
Randy | None
Brian | None
Cassie | None
Jack | None
Murphy | None
Jackson | None
Jim | None
Paul | None
Jayme | None
Stephanie | None
Kelsey | None
Rachel | None
Claire | None
Kelly | None
Kelly | None
Kalin | None
Julie | None
Alan | None
Samantha | None
Mike | None
Jody | None
Alyssa | None
Dan | None
Leighan | None
Ariel | None
Tamara | None
Jamie | None
Brittany | None
Jonathan | None
Emily | None
Kristin | None
Robert | None
Lauren | None
Zak | None
Karissa | None
Emily | None
Dan | None
Rachel | None
Scott | None
Vicki | None
Elizabeth | None
Nigel | None
Lizzy | None
Wiktoria | None
Emma | None
Claire | None
Heather | None
Jeremy | None
Trey | None
Cassie | None
Fatima | None
Brad | None
Emily | None
Natalie | None
Kelci | None
Edita | None
Emma | None
Margaret | None
Zackery | None
Cas | None
Alexander | None
Allison | None
Megan | None
Brian | None
Meg | None
Ellie | None
Spencer | None
Stephanie | None
Juan | None
Kristen | None
Jessica | None
Nereida | None
Rian | None
Millette | None
Joey | None
Ann | None
Sheila | None
Jack | None
J.K. | None
Sarah | None
Ryan | None
Yuli | None
Sam | None
Matthew | None
Kelsey | None
Ashly | None
Emma | None
Elizabeth | None
Imaan | None
Linda | None
Alexandra | None
Krisi | None
Emily | None
India | None
Sydney | None
Sidra | None
Ashish | None
Jack | None
Jessica | None
Jayme | None
Raiq | None
Stephanie | None
Rachel | None
Griffin | None
Paul | None
Tom | None
Abby | None
Conor | None
Austin | None
Vicki | None
Adam | None
Jessica | None
Elizabeth | None
Alexander | None
Sydney | None
Kelly | None
Charles | None
Jack | None
Antonio | None
John | None
Mary | None
Jessica | None
Colin | None
Jim | None
Faith | None
Vicki | None
Grace | None
Oscar | None
Stephanie | None
Robert | None
Lauren | None
Claire | None
Haley | None
Elizabeth | None
Mary | None
arden | None
Emily | None
gary | None
hannah | None
Jazmin | None
linkedin | None
Nicholas | None
Trey | None
Haley | None
Hannah | None
Faith | None
Mark | None
Matthew | None
Oscar | None
Stephanie | None
Yuli | None
Juan | None
Vicki | None
Drew | None
Sheila | None
Chloe | None
Ellie | None
Sirmara | None
Jack | None
Madelyn | None
Christy | None
Sidra | None
Rian | None
Sarah | None
Megan | None
Grace | None
Missy | None
Sandra | None
Devan | None
Meagan | None
Tom | None
Margaret | None
Katie | None
Halle | None
Alyssa | None
Anastasia | None
Peyton | None
sydney | None
Alexandra | None
Allison | None
Ariel | None
Arden | None
Andrea | None
Anastasia | None
Aly | None
Branden | None
Riley | None
Krista | None
Zak | None
Emily | None
Scott | None
Castigan | None
Sheila | None
Angelika | None
Graham | None
Allison | None
Spencer | None
Michelle | None
Laura | None
Kimberly | None
Ashly | None
Annie | None
Annie | None
Ryan | None
Autumn | None
Rachel | None
Krisi | None
Elvis | None
Juli | None
Daniel | None
Courtney | None
Annie | None
Annabelle | None
Anna | None
Ben | None
Charlie | None
Emily | None
Grace | None
Haley | None
Heather | None
Jennifer | None
Kimberly | None
Manning | None
Matthew | None
Melesa | None
Rachel | None
Sara | None
Ashish | None
Savannah | None
Shala | None
Sophia | None
Tashawnta | None
Taylor | None
Tess | None
Val | None
Yamel | None
Brandon | None
Brian | None
Breann | None
Austin | None
Anna | None
Amy | None
Allee | None
Shakaya | None
Robert | None
Brock | None
Brad | None
Karlee | None
Kristen | None
Kristin | None
Emily | None
Carlos | None
Conor | None
Cassie | None
Cara | None
Christy | None
Kelsey | None
Kristina | None
Catherine | None
Courtney | None
Colette | None
Claire | None
Karissa | None
Brandt | None
Katie | None
Kati | None
Kaylyn | None
Krisi | None
Katherine | None
Katherine | None
Lizzy | None
Lauren | None
Linda | None
Lauren | None
Luke | None
Michaela | None
Kelci | None
Jessica | None
Jack | None
Jenna | None
Elizabeth | None
Emily | None
Emily | None
Elizabeth | None
Fatima | None
Gabrielle | None
Gina | None
Grace | None
Griffin | None
Hannah | None
Heather | None
Honey | None
Haley | None
Imaan | None
Mackenzie | None
Joey | None
Jamie | None
Joe | None
Jonathan | None
Julie | None
Jody | None
Jennifer | None
Jeremy | None
Jennifer | None
Jason | None
Johanna | None
Emily | None
Emily | None
Justine | None
Jenna | None
Matt | None
Manning | None
Mitchell | None
Tom | None
Tamara | None
Tony | None
Trish | None
Taniya | None
Wiktoria | None
Zackery | None
Adrian | None
Alexandra | None
Amanda | None
Andrew | None
Ashley | None
Claudia | None
Corinne | None
Tatum | None
Doug | None
Emma | None
Juannakee | None
Kendall | None
Madison | None
Maggie | None
Matthew | None
Michelle | None
Nerissa | None
Ricci | None
Sarajane | None
Sellena | None
Staci | None
Tiffany | None
Lena | None
Elena | None
Blake | None
Shannon | None
Sarah | None
Madison | None
Michael | None
Meghan | None
Millette | None
Meredith | None
Mycaela | None
Molly | None
Michelle | None
Nereida | None
Nicole | None
NyKey | None
Natalie | None
Peyton | None
Phoebe | None
Stephanie | None
Paul | None
Rebecca | None
Renee | None
Richard | None
Rachel | None
Ryan | None
Rachel | None
Ryan | None
Robert | None
Samantha | None
Sydney | None
Shakaya | None
Sam | None
Sara | None
Sophia | None
Ryan | None
Kelsey | None
Anna | None
Kasey | None
Sirmara | None
Ariel | None
Allexis | None
Claire | None
Aaron | None
Michaeline | None
Jack | None
Jamie | None
Sydney | None
Christy | None
Jonathan | None
Lindi | None
Jody | None
Conor | None
Jessica | None
Anthony | None
Dan | None
Imaan | None
Joanna | None
Kaleb | None
Zim | None
Trey | None
Samantha | None
Tamara | None
Eric | None
Nicholas | None
Lauren | None
Elena | None
Fatima | None
Sarah | None
Aidan | None
Emily | None
Raiq | None
Missy | None
James | None
Emily | None
Dave | None
Caroline | None
Bennett | None
Andrew | None
Devan | None
Erik | None
Elizabeth | None
Haley | None
Angelika | None
Jordan | None
Robert | None
Ellen | None
Michael | None
Adam | None
Phil | None
Mike | None
Zach | None
Meagan | None
Alan | None
Kalin | None
Molly | None
Lizzy | None
Madison | None
Ajedidah | None
John | None
Dylan | None
Krisi | None
Kristin | None
Sandra | None
Lauren | None
Joey | None
Steven | None
Ashish | None
Tom | None
Kevin | None
Andrea | None
Margaret | None
Zach | None
Brad | None
Allee | None
Sarah | None
Josh | None
Kristen | None
Brandon | None
Rachel | None
Julie | None
Alex | None
India | None
Zackery | None
Riley | None
Ashly | None
Frank | None
Chris | None
Heather | None
Emily | None
Cas | None
Katie | None
Andrew | None
Ellie | None
Wiktoria | None
Spencer | None
Linda | None
Rian | None
Meghan | None
Robert | None
Allison | None
Elizabeth | None
Drew | None
Lisa | None
Yuli | None
Nereida | None
Thomas | None
Griffin | None
Mimi | None
Abby | None
Dan | None
Anastasia | None
Seelye | None
Leighan | None
Alexander | None
Natalie | None
Greg | None
Matthew | None
Ryan | None
Kaylyn | None
Tavia | None
Stephanie | None
Alyssa | None
Jessica | None
Lacey | None
Emily | None
Nigel | None
Sam | None
Bryam | None
Elizabeth | None
Grace | None
Megan | None
Elise | None
Kati | None
Grant | None
Betty | None
Ana | None
Ana | None
Sarah | None
Sara | None
Alexa | None
Liz | None
Raven | None
Joell' | None
Heather | None
Diana | None
Christy | None
Christina | None
Christine | None
Kellie | None
Jodi | None
John | None
Johni | None
Jonathan | None
Jonny | None
Justin | None
Rebecca | None
Jordan | None
Andrew | None
Kim | None
Lisa | None
Matthew | None
robyn | None
Shawn | None
Tara | None
Amber | None
Jim | None
Jennifer | None
Jenny | None
Lee | None
Linda | None
Ashlee | None
Brandy | None
Breanna | None
Christian | None
Courtnie | None
Elizabeth | None
Elizabeth | None
Eric | None
Gearldine | None
Lisa | None
marquis | None
Sabrina | None
Tanya | None
Gina | None
Hilllary | None
Jessica | None
Sarah | None
Diana | None
Srivatsan | None
Sally | None
Amy | None
Lizzy | None
Amy | None
Kaylee | None
Lindsey | None
John | None
Rachel | None
Abiyah | None
Courtney | None
Jessica | None
Larry | None
Rafael | None
Pam | None
Connie | None
Tara | None
Sadie | None
Natalie | None
Mary | None
Lindsay | None
Alta | None
Connie | None
Heather | None
Rebecca | None
Juana | None
Ratika | None
Mohd | None
Tushika | None
Amarnath | None
Jerry | None
Jerzy | None
Jyoti | None
Deeksha | None
Joseph | None
Keno | None
Mahendra | None
Dom | None
Doris | None
Emily | None
Josh | None
Kristen | None
Trevor | None
Kristen | None
Bill | None
Lindsay | None
Srinivas | None
Patrick | None
Stuart | None
Nick | None
Jane | None
Julie | None
Melanie | None
Joshua | None
Rae | None
Nicole | None
Joseph | None
Katherine | None
Steve | None
Angel | None
Zoie | None
Noel | None
Brent | None
Jose | None
Rebecca | None
Hetal | None
Greg | None
Jackson | None
Ben | None
Frank | None
Stephanie | None
Madi | None
Garrett | None
Araly | None
Akshaya | None
Swetha | None
Ezhil | None
Merlin | None
Abhishek | None
Ravi | None
Sarath | None
Debika | None
Shivani | None
Shruti | None
Swetha | None
Jose | None
Hisham | None
Thamaraiselvi | None
Kannikanti | None
Jayakumar | None
Ayushi | None
Majid | None
Jaiganth | None
Supratik | None
Remadevi | None
Nandhakumar | None
Ishwarya | None
Harish | None
Vishal | None
Shreenidhi | None
Ashok | None
Pavithra | None
Aravindkumar | None
Keerthana | None
Kamal | None
Manish | None
Rajan | None
Kavya | None
Deepanshu | None
Ajinkya | None
Srinath | None
Rajesh | None
Hariharan | None
Priyanka | None
Arju | None
Annalakshmi | None
Sandeep | None
Archana | None
Mukthar | None
Akash | None
Vaishnavi | None
Dhanush | None
Neelam | None
Aryan | None
Vamsi | None
Vinoth | None
Dilli | None
Salvadiswar | None
Rajaselva | None
Sandeep | None
Prabhu | None
Poornima | None
Rajkumar | None
Binayak | None
Bobba | None
Shachi | None
Suuhashini | None
Nikhill | None
Akshay | None
Nirav | None
Savitha | None
Ankita | None
Sergiu | None
Mihai | None
Raluca | None
Cristina | None
Cristina | None
Krista | None
Preston | None
Todd | None
Steven | None
Jace | None
Justin | None
Syed | None
Scott | None
Joseph | None
Addison | None
Aaron | None
Ben | None
Dennis | None
Jason | None
Ken | None
Matt | None
William | None
Michael | None
Garrett | None
Tyler | None
Todd | None
Christopher | None
Tyler | None
Timothy | None
Trey | None
William | None
John | None
Sydney | None
Tod | None
Isaiah | None
Shastina | None
Nate | None
Yuva | None
David | None
Aaron | None
Nikolas | None
Frederic | None
Kevin | None
Jae | None
Jen | None
Daniel | None
Kristina | None
Brett | None
Ashley | None
Sunpreet | None
Lindsey | None
Dorothy | None
Rick | None
Lilit | None
Andrew | None
Ying | None
Danny | None
Jeff | None
Sylvia | None
Joan | None
Ralph | None
Pramod | None
Jason | None
Nadeem | None
Tiana | None
Nathan | None
Michael | None
Constance | None
Crystal | None
Eric | None
gabryelle | None
Heidi | None
Isaac | None
Ismriti | None
Jackie | None
Bryan | None
Jacqui | None
Jessica | None
Kayla | None
Ken | None
Louden | None
Nate | None
Phillip | None
Suzanne | None
Tray | None
Jennifer | None
Chris | None
Ben | None
Kevin | None
Griffin | None
Chris | None
Davood | None
Jared | None
Riley | None
Amy | None
Amy | None
Andy | None
Alex | None
Daniel | None
Justin | None
Patty | None
Paulina | None
Nick | None
Lindsay | None
Genie | None
Harrison | None
Jennifer | None
Jacob | None
Briana | None
Tyler | None
Daron | None
Kristina | None
Leland | None
Daniel | None
Jose | None
John | None
Brian | None
Venkatachalam | None
Walker | None
Santiago | None
Troy | None
Tammy | None
Natalie | None
Mio | None
Kennedy | None
Jordon | None
Daniel | None
Tessa | None
Galon | None
Jeffrey | None
Jeffrey | None
Lana | None
Ethan | None
Akiva | None
Simon | None
Laura | None
Willi | None
Liam | None
Jacob | None
Abbie | None
Alex | None
Alexandre | None
Alina | None
Amber | None
Anneli | None
Ashley | None
Maximilian | None
Charlaine | None
Christopher | None
Clemency | None
Dylan | None
ed | None
Eugenie | None
Federica | None
Felix | None
Hollie | None
Huseyin | None
Dolores | None
Cameron | None
Veronica | None
Owen | None
Jack | None
Charlotte | None
Millie | None
Tom | None
Allison | None
Sam | None
Jordan | None
Alan | None
Max | None
Alex | None
Ian | None
Ben | None
Carlie | None
Syed | None
Inès | None
Emily | None
Kate | None
Ben | None
Lily | None
Aaron | None
George | None
Andy | None
Abigail | None
Antoine | None
Jason | None
Maria | None
Jack | None
James | None
Mariano | None
Mikaela | None
Madeleine | None
Metjon | None
Max | None
Nick | None
Alex | None
Madison | None
Lacey | None
Meghan | None
Steve | None
Jack | None
Luke | None
Jamie | None
Eugenie | None
Joshua | None
Dan | None
Doriane | None
Daniel | None
Meg | None
Milomir | None
Narcis | None
Olivia | None
Owen | None
Pascaline | None
Rosie | None
Steve | None
Samuel | None
Scott | None
Sean | None
Tessa | None
Thomas | None
Thomas | None
Yasmin | None
Bradley | None
Sarah | None
James | None
Tom | None
Christina | None
jason | None
Jonathan | None
Julian | None
Katie | None
Leonard | None
Jeremy | None
John | None
Jamie | None
Danielle | None
Tom | None
Ben | None
Sandro | None
Arijan | None
Dan | None
Francis | None
Joe | None
Constance | None
Gregorio | None
Ross | None
Ellie | None
Anna | None
David | None
David | None
Alisa | None
Kimberly | None
Damali | None
Veronica | None
Rodney | None
Aaron | None
Rodney | None
Kimberly | None
Jill | None
Tracey | None
Dayana | None
Noah | None
Aayushi | None
Akarsh | None
Alicia | None
Waseem | None
Ritra | None
Payal | None
Pallavi | None
Mukta | None
Mohammed | None
Debbie | None
Aman | None
Abhigith | None
Andrew | None
Monika | None
Dallas | None
Delia | None
Ann | None
Andres | None
Sravanthi | None
Heather | None
Heather | None
Luke | None
Ginny | None
Akhil | None
Sean | None
Leap | None
Iram | None
Dushko | None
Brock | None
Masam | None
Gursimran | None
Charlene | None
Ramisha | None
Govil | None
Naresh | None
Paulo | None
Twinkle | None
Brock | None
Scott | None
Juhi | None
Charlene | None
Prakriti | None
Uzair | None
Renu | None
Shriya | None
Zohaib | None
Susmita | None
Prakriti | None
Syed | None
Katherine | None
Kathy | None
Kathy | None
Katie | None
Kehr | None
Katie | None
Joel | None
Kevin | None
Jessica | None
Juanita | None
Jenna | None
Joe | None
Jim | None
Jessica | None
Jessica | None
Jennifer | None
Jasmine | None
Ethan | None
Felicity | None
Glenn | None
Janett | None
Howard | None
Holly | None
Kimi | None
Gus | None
Gina | None
Guillermo | None
Howard | None
Hunter | None
Jay | None
Jess | None
Kiran | None
Olivia | None
Ryan | None
Ryan | None
Samuel | None
Scott | None
Stephanie | None
Susan | None
Tanner | None
TJ | None
Tom | None
Travis | None
Vicki | None
Yvonne | None
Andrew | None
Candice | None
Ashley | None
Adam | None
Alejandro | None
Brett | None
Brad | None
Robert | None
Lily | None
Rebekah | None
Raymond | None
Madalyn | None
Mark | None
Mary-Alyson | None
Matt | None
Matthew | None
Meg | None
Megan | None
Melanie | None
Michael | None
Mike | None
Nancy | None
Nancy | None
Nathanial | None
Nicole | None
Nikki | None
Ollie | None
Paul | None
Penny | None
Reagan | None
Joseph | None
Josh | None
Mara | None
Madalyn | None
Alex | None
Amelia | None
Andy | None
Angel | None
Blair | None
Brett | None
Calli | None
Chloe | None
Chris | None
Collin | None
Deb | None
Jasmine | None
Lynne | None
Jen | None
Juliette | None
Justin | None
Wasif | None
Wayne | None
Alyssa | None
Annie | None
Angel | None
Bryan | None
Bobbie | None
Claire | None
Calli | None
Elena | None
Gina | None
Houston | None
Luke | None
Luis | None
Lee | None
Katie | None
Jeff | None
Kim | None
Lauren | None
Lisa | None
Isaac | None
Parsa | None
Patrick | None
Stephen | None
Travis | None
Alia | None
Nikki | None
Fre | None
Sophia | None
Atoosa | None
Andrew | None
Kristin | None
Anna | None
Scott | None
Angel | None
Laura | None
Alisha | None
Kelly | None
Julie | None
Nick | None
Alexandra | None
Kim | None
Leah | None
Houston | None
Jen | None
Jay | None
Juanita | None
Christopher | None
Christopher | None
Christopher | None
Christy | None
Cliff | None
Conor | None
Halie | None
Cristian | None
Danielle | None
David | None
Debbie | None
Donald | None
Egan | None
Christopher | None
Elizabeth | None
Dory | None
David | None
Chris | None
Calli | None
Eric | None
Bobby | None
Ashley | None
Anthony | None
Angel | None
Andrew | None
Allison | None
Alexandra | None
Eddie | None
Christina | None
Christina | None
Chase | None
Kimberly | None
Mark | None
Michael | None
Nicholas | None
Stacey | None
Taylor | None
Barbara | None
Denver | None
Daniel | None
Robert | None
Shawn | None
Amelia | None
Andrew | None
Andy | None
Annie | None
Arielle | None
Audrey | None
Bee | None
Blake | None
Bobbi-Lyn | None
Bobby | None
Brendan | None
brian | None
Brittani | None
Brittany | None
Caitlyn | None
Calli | None
Carl | None
Cassandra | None
Jessica | None
Max | None
Courtney | None
Divya | None
Jen | None
jessica | None
Jessica | None
Juanita | None
katie | None
Katie | None
Jeff | None
Kim | None
maggie | None
maggie | None
malinowski | None
Mara | None
melanie | None
Nick | None
Lisa | None
grace | None
grace | None
elena | None
Alex | None
amelia | None
Amelia | None
amy | None
angel | None
Angel | None
Blair | None
bobby | None
calli | None
Calli | None
chloe | None
Chloe | None
Christopher | None
Collin | None
David | None
Patrick | None
ricardo | None
Ricardo | None
sophia | None
Calli | None
Maggie | None
Bobby | None
Jessica | None
Farooq | None
Calli | None
Sophia | None
Melanie | None
Amy | None
Alexandra | None
Maggie | None
Grace | None
Melanie | None
Calli | None
David | None
Houston | None
Adam | None
Lisa | None
Michael | None
Sophia | None
Stephen | None
travis | None
Adam | None
Jen | None
Mara | None
Nicole | None
Collin | None
Katie | None
Mark | None
Christopher | None
Kim | None
Jesse | None
Nicole | None
Dana | None
Sydney | None
Calli | None
Christopher | None
Nicole | None
Jesse | None
Halie | None
Jen | None
Jen | None
Jesse | None
Juanita | None
Alex | None
Charly | None
Blair | None
David | None
Mara | None
Brian | None
Lisa | None
Jack | None
Catherine | None
Dana | None
Blake | None
Gregory | None
Yuman | None
Haley | None
Jeffrey | None
Karen | None
Leslee | None
Sophia | None
Rachel | None
Suzanne | None
Shelby | None
Tiffany | None
Jessica | None
Jillian | None
Adam | None
Bobby | None
Katrina | None
Taylor | None
Nicholas | None
Chandler | None
Nicole | None
Juliette | None
Andy | None
Jenny | None
Atoosa | None
Nikki | None
Eddie | None
Calli | None
David | None
Bobbie | None
Jasmine | None
Zach | None
John | None
Andrew | None
Wayne | None
Brett | None
Kim | None
Michael | None
Wasif | None
Megan | None
Angel | None
Katie | None
Collin | None
Patrick | None
Stephen | None
Carolyn | None
Jessica | None
Emily | None
Jeff | None
Kristin | None
Isaac | None
Mark | None
Nick | None
Brad | None
Chris | None
Martha | None
Gene | None
Kressa | None
Dan | None
Dave | None
Wes | None
Benjamin | None
Adam | None
Doug | None
Aura | None
Dan | None
Jim | None
Melissa | None
Matthew | None
Katie | None
Thania | None
Brian | None
Christopher | None
Elizabeth | None
Pete | None
Alex | None
Christopher | None
Michael | None
Christian | None
Maria | None
Samantha | None
Rebecca | None
Jonathan | None
Michelle | None
Eli | None
Angela | None
Chris | None
Paula | None
Carolyn | None
Anne | None
Pieter | None
Dev | None
Bailie | None
James | None
Curtis | None
Sean | None
Alexandra | None
Kiasha | None
Brittney | None
Stefani | None
Kim | None
John | None
Hiring | None
Stephanie | None
Shaun | None
Ryan | None
Jamie | None
Dylan | None
Celeste | None
Lauren | None
Panos | None
Deborah | None
Chris | None
Karen | None
Jenna | None
Julio | None
Stephanie | None
Nathan | None
Josue | None
Ruby | None
Josue | None
Ruby | None
Katy | None
Sumeet | None
David | None
Chas | None
Debby | None
John | None
Jonathan | None
Kofi | None
Nicholas | None
Carina | None
Andrew | None
Debbie | None
Debbie | None
Jessica | None
Jacqueline | None
Tamar | None
Glenn | None
Catherine | None
Shamima | None
Amado | None
Johnny | None
Adam | None
Jaydah | None
Michele | None
Jampiere | None
Liam | None
Sophie | None
Matt | None
Mark | None
jessica | None
Kata | None
Jessica | None
Mark | None
Matt | None
Admin | None
Máté | None
Olivia | None
Ágnes | None
Máté | None
Máté | None
Julie | None
Kin | None
Jonathan | None
Liam | None
Joseph | None
Mark | None
agnes | None
jampiere | None
jessica | None
matevarga | None
olivia | None
Kata | None
Evan | None
Jessica | None
Alexis | None
Benjamin | None
Billy | None
Matt | None
Mark | None
Laura | None
Nora | None
Sofiya | None
Aigul | None
Russel | None
Regina | None
Melissa | None
Michael | None
Michael | None
Morgan | None
Nagla | None
Nina | None
Rebecca | None
Robert | None
Rhea | None
Suzy | None
Tabbitha | None
Timothy | None
Bini | None
Nisha | None
Bryan | None
Cassidy | None
Vasanthi | None
Sara | None
Mark | None
Robin | None
Maghan | None
Guillermo | None
Julia | None
Kristin | None
Michelle | None
Robin | None
Lori | None
Alexis | None
Amy | None
Andrew | None
Anthony | None
B | None
Bren | None
Brenda | None
Amanda | None
Chad | None
Brian | None
Jessica | None
Joe | None
Javaris | None
James | None
Jenny | None
George | None
Erica | None
Deborah | None
Danielle | None
Alexander | None
Shannon | None
Jackie | None
Eduardo | None
Alison | None
Vanessa | None
Elvira | None
Kyle | None
Michael | None
Laura | None
Amanda | None
Alex | None
Faraz | None
Lauren | None
Marshall | None
Megan | None
Megan | None
Thomas | None
Tatenda | None
Cory | None
Landon | None
Colin | None
David | None
Marit | None
Craig | None
Jon | None
Shira | None
Nidhi | None
Amy | None
Brandon | None
Ritu | None
Dana | None
Aaron | None
Nate | None
Jennifer | None
David | None
Kari | None
Mark | None
Kathryn | None
Steven | None
Jerry | None
Rachel | None
Jason | None
Shannon | None
Ethan | None
Lawrence | None
Ian | None
Cari | None
Shawn | None
Eamon | None
Daniel | None
Benjamin | None
Keith | None
Jackie | None
Jessica | None
Jennifer | None
Timothy | None
James | None
Timothy | None
Sina | None
Derek | None
Sarah | None
Nick | None
Jason | None
Nayla | None
Sharon | None
Vic | None
Evan | None
Shannon | None
Alex | None
Dana | None
Eden | None
Reagan | None
Lionel | None
Dan | None
Andrew | None
Shanti | None
Barry | None
Ben | None
Fae | None
Ari | None
Mike | None
Jake | None
Jessica | None
Megan | None
Mark | None
Peter | None
Brent | None
Tommy | None
Maureen | None
Max | None
Ian | None
Joseph | None
Josh | None
Adam | None
Aliyah | None
Garrett | None
John | None
Ashley | None
Alexander | None
Daniel | None
Elizabeth | None
Mike | None
Alex | None
Eric | None
Nat | None
Brian | None
Merwyn | None
Pallavi | None
Gabrielle | None
Rosana | None
Sonika | None
Ash | None
Elizabeth | None
Edward | None
Alan | None
Mike | None
Juan | None
Nick | None
Brian | None
Jenelle | None
Miranda | None
Anthony | None
Frankie | None
Quincy | None
Chelsea | None
Victoria | None
Terri | None
Zak | None
Terri | None
Austin | None
Laura | None
Laura | None
Elliott | None
Kendall | None
Frankie | None
Quincy | None
Chelsea | None
Zak | None
Victoria | None
Sierra | None
Miranda | None
Eden | None
Austin | None
Bryant | None
Sandrene | None
Anne-Marie | None
Desiree | None
Jessica | None
Matilda | None
Melanie | None
Melissa | None
Nia | None
Sasha | None
Robyn | None
Esther | None
Virginie | None
John | None
Gautam | None
Gopal | None
Gopal | None
James | None
Jenna | None
Kaitlyn | None
Kaylan | None
Stephan-Karl | None
Veronica | None
Tyshae | None
Valeria | None
Praneil | None
Rania | None
Rania | None
Renée | None
Robyn | None
Robyn | None
Rutea | None
Sadrunisa | None
Shannon | None
Simmy | None
Siphokazi | None
Sneh | None
Stephen | None
Tamzy | None
Tasneem | None
Thomas | None
Tim | None
TK | None
Tyler | None
Vanessa | None
Tim | None
Belinda | None
Lynn | None
Ryan | None
Jessica | None
Edward | None
Jody | None
Tovia | None
Tracey | None
Harper | None
Allison | None
Melissa | None
Olivia | None
Vanessa | None
Ginna | None
Jervis | None
Teresa | None
Michelle | None
Aprill | None
Molly | None
Andrew | None
Greg | None
Joel | None
Mike | None
Sean | None
Sarah | None
Tina | None
Bob | None
Keesha | None
Chris | None
Gopal | None
Nicole | None
Krystie | None
Kylie | None
Nimrah | None
Kennedy | None
Rene | None
Christine | None
Katherine | None
Cat | None
Stacy | None
Tyra | None
Rebecca | None
Diana | None
Brittany | None
Kristin | None
Emily | None
Lauren | None
Meaghan | None
Dean | None
Kimberly | None
Cateeria | None
Caroline | None
Liz | None
Lauren | None
Kyle | None
Krystle | None
Kayli | None
Ashley | None
Matthew | None
Christian | None
Eric | None
Stephen | None
Inès | None
Ashley | None
Free | None
Casey | None
Chantelle | None
Alexandra | None
Nicole | None
Anne-Marie | None
Matt | None
Bill | None
Lucca | None
Melanie | None
Curtis | None
Brock | None
Angelo | None
Paige | None
Michael | None
Candace | None
Kevin | None
Ashley | None
Dan | None
Megan | None
Maria | None
Victoria | None
Tammera | None
Alyssa | None
Isabella | None
Melissa | None
Renee | None
Jinefer | None
Rob | None
John | None
Daniel | None
Jonathan | None
Kristin | None
Emily | None
Michelle | None
Mirline | None
Mirline | None
Mohammad | None
Nathan | None
Nicole | None
Nour | None
Olivia | None
Poorvi | None
Mercedes | None
Christina | None
Dawn | None
Drew | None
Emily | None
Esther | None
Andrew | None
Anna | None
Anneke | None
Aprill | None
Robynn | None
Coralie | None
Lexyy | None
Fourie | None
Anthony | None
Justin | None
Vincent | None
Valerie | None
Melissa | None
Ashley | None
Neil | None
Frank | None
Alexis | None
Nía | None
Shawn | None
Lori | None
Brittney | None
Diana | None
Allison | None
Austin | None
Aneta | None
Amie | None
Ines | None
Jenna | None
Gabriela | None
Casey | None
Kirsty | None
Ryan | None
rachel | None
Desiree | None
margaret | None
lisa | None
katy | None
Katie | None
jeanne | None
Lamanda | None
eric | None
charles | None
teresa | None
Gullo | None
Chrysta | None
Charles | None
Paul | None
Brooke | None
eva | None
Caidin | None
Jordan | None
John | None
Jakob | None
Shannon | None
Brandon | None
Brandon | None
Autumn | None
Taylor | None
Autumn | None
Trevor | None
Jeff | None
Shelby | None
Justin | None
Jason | None
Bill | None
Ty | None
Todd | None
Sadie | None
Kevin | None
Justin | None
Michael | None
Mark | None
Cameron | None
Gabrielle | None
Jim | None
Logan | None
William | None
Karson | None
Tina | None
Bailey | None
Brooke | None
Camryn | None
Jason | None
Chris | None
Gabrielle | None
Joe | None
Kim | None
Kody | None
Scotti | None
Shannon | None
Tiffany | None
Brooke | None
Desiree | None
Jill | None
Lane | None
John | None
Brian | None
Laura | None
Devin | None
Natalie | None
Troy | None
Bailey | None
Mark | None
Christina | None
Hilary | None
Jack | None
Matt | None
Maurie | None
Angela | None
Tyler | None
Kerry | None
Linda | None
Dave | None
Teresa | None
Derek | None
Caidin | None
Cory | None
carlie | None
Caidin | None
LaManda | None
Desiree | None
Ryan | None
Taylor | None
Camryn | None
Joe | None
Stephanie | None
Chris | None
Cory | None
Kevin | None
Charles | None
Gabrielle | None
Stephanie | None
Camryn | None
Chrysta | None
Cameron | None
Hilary | None
Brooke | None
Jakob | None
Lisa | None
Bailey | None
Courtney | None
Josh | None
Annette | None
Heather | None
Timothy | None
Scotti | None
Tiffany | None
Blake | None
Karolina | None
Charles | None
Chuck | None
Courtney | None
Daniel | None
Gabrielle | None
Hilary | None
Jake | None
Jeff | None
Joe | None
Kody | None
jolene | None
Kody | None
LaManda | None
Matthew | None
Joe | None
Rachael | None
Jens | None
Paul | None
Chris | None
Becky | None
Andrew | None
Fay | None
Vikki | None
Tiffany | None
Ryan | None
Stephanie | None
Scotti | None
Abir | None
Tom | None
Drew | None
Jack | None
Liz | None
Romina | None
David | None
trent | None
jackie | None
Ramsey | None
William | None
Scott | None
Max | None
Justin | None
Shannon | None
Dennese | None
Melissa | None
Dawn | None
Vincent | None
Nicholas | None
Denise | None
Lana | None
Sean | None
Alisa | None
Silas | None
Jeffrey | None
Josh | None
Jimmy | None
Leslie | None
Jeremy | None
Corey | None
Julie | None
Matt | None
Terra | None
Mike | None
Juan | None
Bridget | None
Annie | None
Karl | None
Katie | None
Kevin | None
Kevin | None
Krishna | None
Dana | None
Kristopher | None
Mark | None
Doris | None
George | None
Josh | None
Jake | None
Matthew | None
Michael | None
Matthew | None
Matthew | None
Maureen | None
Max | None
Michael | None
Michael | None
Morgan | None
Nicholas | None
Jeff | None
Nicky | None
Joseph | None
John | None
Brett | None
Brian | None
Casey | None
Charlotte | None
Chris | None
Christopher | None
Christopher | None
Christopher | None
Chuck | None
Dan | None
John | None
Daniel | None
David | None
Dylan | None
Edgar | None
Noel | None
Gabe | None
Gavin | None
George | None
Jack | None
Jason | None
Jesse | None
Dan | None
Boyd | None
Noelene | None
Paul | None
Kevin | None
Katie | None
Matthew | None
Matthew | None
Andrea | None
Bob | None
Chance | None
Christopher | None
Corey | None
William | None
John | None
Michael | None
Mark | None
Paul | None
Rick | None
Robert | None
Steve | None
Tony | None
Cole | None
Sheila | None
Rick | None
William | None
Max | None
Patrick | None
Jack | None
Paul | None
Peter | None
Rick | None
Robert | None
Sheila | None
Steve | None
Cole | None
Tom | None
Thomas | None
Alex | None
Jesse | None
Tim | None
Tony | None
Christopher | None
Bob | None
Brian | None
Brett | None
Dylan | None
David | None
Dan | None
Edgar | None
Gavin | None
Tom | None
Bob | None
Sean | None
Alex | None
Jack | None
Jacob | None
Edgar | None
Jason | None
Michael | None
Carter | None
Connor | None
Chris | None
Maggie | None
David | None
Paul | None
Dylan | None
John | None
Steve | None
Michael | None
Patrick | None
Rosita | None
Connor | None
Joseph | None
Thomas | None
Christopher | None
Rita | None
Bridget | None
Tony | None
Casey | None
George | None
Maggie | None
Erica | None
Anna | None
Melissa | None
Rosita | None
Cori | None
Andrea | None
Josh | None
Boyd | None
Annie | None
Sheila | None
Gavin | None
Michael | None
Matthew | None
Brett | None
Dan | None
Noelene | None
Mark | None
Katie | None
Krishna | None
Kristopher | None
Jesse | None
Chuck | None
Max | None
Christopher | None
Dan | None
Thomas | None
Christopher | None
John | None
Maureen | None
Alexis | None
Bridget | None
Matthew | None
Jack | None
Kevin | None
Noelene | None
Robert | None
Patrick | None
Michael | None
Morgan | None
Connor | None
Casey | None
Dan | None
daniel | None
gabe | None
Joseph | None
Josh | None
Paul | None
Brian | None
Karl | None
Alex | None
Paul | None
Anna | None
Kevin | None
Melissa | None
Noel | None
Brian | None
Erica | None
Christopher | None
Andrea | None
Noel | None
Robert | None
Danny | None
Tim | None
Kevin | None
William | None
Michael | None
Matthew | None
Cole | None
Tom | None
Cori | None
Dee | None
Bob | None
Michael | None
Stephanie | None
PJ | None
Godson | None
Tori | None
Tamara | None
Simon | None
Kai | None
Ebony | None
Patricia | None
Mark | None
Reece | None
Giuseppe | None
Anne | None
Donald | None
Dan | None
Matt | None
Sidney | None
Jane | None
Anne | None
Matt | None
Sue | None
Christopher | None
Glenn | None
Laurie | None
Trish | None
Bryan | None
John | None
Zeneb | None
Salman | None
Rosie | None
Reece | None
Rebecca | None
Patrick | None
Marcus | None
Mackenzie | None
Sam | None
Kodie | None
Liam | None
Mason | None
Andrew | None
Naomi | None
Deondre | None
Jessica | None
Elise | None
Bethanie | None
Evan | None
JaiPrakash | None
Heather | None
Christopher | None
Patrick | None
Billy | None
Ross | None
Jeffrey | None
Denver | None
Nick | None
Ethan | None
Scott | None
Larissa | None
Joseph | None
Nick | None
Carson | None
Charlotte | None
Alexander | None
Kevin | None
Alyssa | None
Jason | None
Amy | None
Heather | None
Charushila | None
Matthew | None
Rob | None
Kirk | None
Brock | None
Dara | None
Lindsey | None
Van | None
Brad | None
Mike | None
Keaton | None
William | None
Elisa | None
Christina | None
Sinead | None
Craig | None
Nicholas | None
MaryBeth | None
DeAndre | None
Chloe | None
Esteban | None
Kevin | None
Brian | None
Andrew | None
Jared | None
Juliana | None
Brooke | None
Lauren | None
Michelle | None
Jada | None
Zachary | None
Ryan | None
Maddie | None
Scott | None
Mike | None
Nathan | None
Eric | None
Annie | None
Mitchell | None
Christian | None
Giselle | None
Gijo | None
Alex | None
Derek | None
Greg | None
Preston | None
Perry | None
Travis | None
Michelle | None
Warangkana | None
Dan | None
Benjamin | None
Alison | None
Audette | None
Stephanie | None
Tyler | None
Connor | None
Jacob | None
Lauren | None
Jackie | None
Jon | None
Theresa | None
Laura | None
Benjamin | None
Robin | None
Jon | None
Oribel | None
Jamie | None
Cathy | None
Oribel | None
Shawn | None
Robin | None
Michael | None
Warangkana | None
Joseph | None
Joseph | None
Liz | None
Samantha | None
Sara | None
Benjamin | None
Garrett | None
Lisa | None
Christina | None
Bharath | None
Jamison | None
Rajendrakumar | None
Mike | None
Eric | None
Madeline | None
Brenda | None
Joe | None
Jason | None
Anne | None
Richard | None
Ibe | None
Mike | None
Anne | None
Brenda | None
anne | None
allison | None
Kyle | None
Randy | None
Brenda | None
Brianna | None
Madeline | None
Michael | None
Kyle | None
Claire | None
Don | None
linda | None
Don | None
Jason | None
Michael | None
Randy | None
Randy | None
Bill | None
Mark | None
Jason | None
Brianna | None
Ibe | None
Michael | None
Matthew | None
Kyle | None
Madeline | None
Pavan.N | None
Bill | None
Brian | None
Paul | None
Gerald | None
Vandana | None
Randy | None
Mark | None
Madeline | None
Linda | None
Mark | None
Mike | None
Don | None
Joe | None
Anne | None
Richard | None
Allison | None
morning | None
Linda | None
Rajendrakumar | None
Joe | None
Mike | None
Brian | None
Bill | None
Jamison | None
Justin | None
Karri | None
Terrail | None
Kysah | None
darshana | None
pravalika.y | None
rajesh.c | None
Dayakar.G | None
Meena | None
Keenan | None
Christine | None
Josh | None
Colby | None
Lauren | None
Andrew | None
Kharyn | None
Nooruddin | None
Greg | None
Kim | None
Laura | None
Kelly | None
Mara | None
Chris | None
Suresh | None
Alex | None
Skip | None
Frances | None
Brooke | None
Amna | None
Alex | None
Lora | None
Brian | None
Russell | None
Suresh | None
Suresh | None
Stacey | None
Suresh | None
Brenda | None
Hi | None
Hi | None
Hi | None
CHANDRAKANTH | None
Chandrakanth | None
Alex | None
Brayden | None
Craig | None
Lora | None
Thomas | None
John | None
Jennifer | None
Morgan | None
patrick | None
John | None
Bruce | None
Sharda | None
Tom | None
Cameron | None
Shane | None
Steven | None
Jason | None
Wayne | None
Michael | None
Dennis | None
Shannon | None
Joseph | None
cohllin | None
Melody | None
Charles | None
Evan | None
Isaiah | None
Dennis | None
Carlos | None
Erasto | None
Keith | None
Joe | None
Destiny | None
Trevor | None
Aatif | None
Kara | None
Deanna | None
Christopher | None
E. | None
Julio | None
Daniel | None
LeVonte | None
Jenna | None
Sue | None
Chris | None
KC | None
Marc | None
Luis | None
Eric | None
Kelli | None
Carlos | None
Morgan | None
Bri | None
Christopher | None
Jonathan | None
Mike | None
Chris | None
Dennis | None
Virgil | None
Sue | None
Jesús | None
Juliet | None
Yiannis | None
Sonny | None
Darrell | None
Sylvia | None
Debbie | None
Jacob | None
Bernadette | None
Nichole | None
Michael | None
Betty | None
Bruce | None
Steven | None
Melody | None
patrick | None
Sylvia | None
priyaankaa | None
Roxanne | None
Debbie | None
Jessica | None
Lisa | None
Joe | None
Craig | None
Kristina | None
Thomas | None
Joseph | None
Mark | None
Parvez | None
Marissa | None
Juliet | None
Solomon | None
Kaidan | None
Jim | None
Evon | None
Ariel | None
Ryan | None
Lisa | None
Patrick | None
Sharda | None
Erasto | None
Deanna | None
Cameron | None
Trevor | None
Craig | None
Jacob | None
Daniel | None
KC | None
Ralph | None
Thomas | None
Keith | None
Godwin | None
Sue | None
Virgil | None
JaRon | None
Shannon | None
LeVonte | None
Ryan | None
Charles | None
Luis | None
Bernadette | None
Darrell | None
Shareef | None
Kristina | None
Sylvia | None
Evan | None
Tom | None
Melody | None
Carlos | None
Nichole | None
Katherine | None
Jonathan | None
Marcos | None
Betty | None
Steven | None
Kelli | None
Eric | None
Isaiah | None
Jonatan | None
Jennifer | None
John | None
Jessica | None
Ishana | None
Debbie | None
Destiny | None
James | None
Alan | None
Roxanne | None
Sandra | None
Kenneth | None
Charissa | None
Carl | None
Rex | None
priyaankaa | None
Matthew | None
Lisa | None
Chris | None
Matthew | None
Michael | None
Melanie | None
Chelsey | None
Kristina | None
Kenneth | None
Patrick | None
Victoria | None
Dennis | None
Joleen | None
Patrick | None
Shane | None
Joseph | None
Cohllin | None
Juliet | None
Darrell | None
Ariel | None
Melody | None
priyaankaa | None
Mike | None
Bri | None
Bri | None
Matthew | None
Lisa | None
Steven | None
Kenneth | None
Eric | None
Ryan | None
patrick | None
Rex | None
steven | None
Joe | None
Jessica | None
Mark | None
Camila | None
Tracie | None
Danna | None
Cyndy | None
Yaireth | None
Donald | None
Crista | None
Global | None
Donna | None
Yesenia | None
Crystal | None
Lilly | None
Sandra | None
Amanda | None
Maribel | None
Luis | None
April | None
Roshni | None
Mike | None
Ilya | None
Maria | None
James | None
Hugh | None
Brian | None
Tee | None
Cinzia | None
Tim | None
Edward | None
Russell | None
Andrew | None
Daniel | None
Ella | None
Gary | None
Wilson | None
Luke | None
Tim | None
Patricia | None
Mary | None
David | None
Maxim | None
Tone | None
Jacob | None
Tim | None
Debby | None
Josh | None
Joe | None
Joane | None
Angie | None
Dustin | None
Joe | None
John | None
Dave | None
Mark | None
Carol | None
Amber | None
Sheela | None
Brent | None
Dennis | None
Thomas | None
Brittany | None
Joe | None
Michelle | None
Vanna | None
Jack | None
Robert | None
Anthony | None
Ardit | None
Andrew | None
Brian | None
Jim | None
Joshua | None
Joel | None
Justin | None
Cameron | None
Jennifer | None
Dennis | None
Mary | None
Ron | None
Ryan | None
Ben | None
Ashley | None
Nathan | None
Alessandro | None
Jacries | None
Jack | None
Miky | None
Simon | None
Luiz | None
Sarah | None
Antonio | None
Luke | None
Vilma | None
Patrick | None
Kimberly | None
Steven | None
Rolita | None
Matthew | None
Louis | None
Linda | None
Mateusz | None
Imaan | None
Maja | None
Gustavo | None
Ella | None
Nathan | None
Lacey | None
Josh | None
Zach | None
Tom | None
Toni | None
Charlotte | None
Daniel | None
Charlee | None
Maria | None
Sam | None
Evan | None
Sebastian | None
Gab | None
Alistair | None
Rupert | None
Paige | None
Dimitris | None
Alfie | None
Lily | None
Michael | None
Kirsty | None
Ben | None
Gilberto | None
Olivia | None
Sam | None
Kerstin | None
Lori | None
Ma | None
Melissa | None
Nancy | None
Nicholas | None
Tracy | None
Rick | None
Robert | None
Susan | None
Wayne | None
Keith | None
Nancy | None
Joe | None
Rita | None
Julissa | None
Dawn | None
Jean | None
Nancy | None
Stacy | None
Helaine | None
Thomas | None
Adam | None
Angelina | None
Trevor | None
Charlie | None
Matt | None
Antonio | None
Jennifer | None
Jayson | None
Patricia | None
Janet | None
Helaine | None
Gail | None
Eileen | None
Daryl | None
Holli | None
Desiree | None
Chad | None
Chris | None
Barry | None
Scott | None
Donna | None
Zach | None
Lauren | None
Melisa | None
Michael | None
Stephanie | None
Manojkumar | None
Victoria | None
Jeff | None
Linda | None
Matthew | None
Kristin | None
Frank | None
Jim | None
joshua | None
Heather | None
Donald | None
Abuzar | None
Jonathan | None
Kathleen | None
James | None
Matt | None
Jose | None
Hollie | None
Karim | None
Madison | None
Charles | None
Jess | None
Mirco | None
Haseeb | None
James | None
Brian | None
Harry | None
Jacob | None
William | None
Trevor | None
Nic | None
Maggie | None
Nick | None
Anslee | None
Caitlin | None
Elizabeth | None
Jacey | None
Emma | None
Greyson | None
Jacey | None
Jacquelyn | None
Jennifer | None
Jennifer | None
Kathlyn | None
Lauren | None
Katie | None
Jodi | None
Marquius | None
Lauren | None
Lynn | None
M | None
Marquius | None
Mimi | None
Rebecca | None
Samantha | None
Sasha | None
Shaquanta | None
Stephanie | None
Taylor | None
Katy | None
Haley | None
Danielle | None
Caileigh | None
Joanna | None
Katie | None
Emily | None
Alexis | None
Allan | None
alexandra | None
amanda | None
ariana | None
belinda | None
carol | None
colton | None
dana | None
dylan | None
erika | None
gillian | None
grace | None
heather | None
jenny | None
jessica | None
katie | None
kylie | None
rebecca | None
renée | None
ryan | None
shaquanta | None
shea | None
tayler | None
taylor | None
twilight | None
Stephanie | None
Kristina | None
Emily | None
Mike | None
Ken | None
Tom | None
Andrew | None
Aravind | None
Ricky | None
Ricky | None
Harish | None
Susan | None
David | None
Carmen | None
Christina | None
Christine | None
Andrew | None
KR | None
Nikki | None
Ryan | None
Trisha | None
Shawn | None
Thomas | None
Noemi | None
Deanna | None
Andy | None
Crystal | None
Hector | None
Cory | None
Steven | None
Dan | None
Graham | None
Dave | None
Ed | None
Patti | None
Marissa | None
Kaitlyn | None
Malinda | None
Megan | None
Lewis | None
Chanelle | None
Mona | None
Raymond | None
Caroline | None
Susan | None
Carolyn | None
Leilua | None
John | None
Elece | None
Marvin | None
Bill | None
Thomas | None
Adrian | None
Rose | None
Team | None
Chanelle | None
Pablo | None
Francois | None
Susan | None
Eric | None
Elizabeth | None
Dustin | None
Shawn | None
Arnold | None
Joseph | None
Carolyn | None
Lesley | None
Leilua | None
Mike | None
Robert | None
Tali | None
John | None
Rachel | None
Tuhsien | None
Rose | None
Adrian | None
Elece | None
Login | None
John | None
Nizar | None
Dan | None
Heather | None
Heather | None
John | None
Megan | None
Sidnee | None
Katie | None
Ryan | None
Erick | None
Doug | None
Vanessa | None
David | None
John | None
Ana | None
Alina | None
Elena | None
Diana | None
Nicoleta | None
Jane | None
Rianna | None
Andreea | None
Ann | None
Victor | None
Mira | None
Jasmin | None
Tom | None
Luke | None
Henry | None
Kim | None
Rodelyn | None
Khanna | None
Denzel | None
Jericho | None
Anass | None
Francis | None
Mary | None
Marius | None
Ed | None
Mary | None
Sarah | None
Himanshu | None
Ravi | None
Rajnish | None
Rachit | None
Christopher | None
Sherrill | None
Gregory | None
Aarav | None
John | None
Nitesh | None
Pooja | None
Jaskirat | None
Sapna | None
Akshay | None
Ben | None
Varad | None
Soman | None
Shahnawaz | None
Aashna | None
Neeraj | None
Orion | None
Rahul | None
Nishant | None
Mackenzie | None
Haley | None
Olivia | None
Morgan | None
Marla | None
Marla | None
Lauren | None
Kyle | None
Kristen | None
Kelly | None
Keli | None
Victoria | None
Holly | None
Katherine | None
kamryn | None
Amanda | None
Cassidy | None
Eileen | None
Emily | None
Eric | None
Evan | None
haley | None
Hannah | None
Joel | None
Joshua | None
Taylor | None
julia | None
Kamryn | None
Kevin | None
Michael | None
Alan | None
John | None
Andrew | None
Gabrielle | None
Kwaku | None
Gary | None
Sara | None
Jake | None
Oleksandra | None
Colin | None
Matthew | None
Adel | None
Haley | None
JP | None
Marissa | None
Ryan | None
Andrew | None
Robert | None
Adam | None
Chirag | None
Owen | None
Garrett | None
Jason | None
Marilyn | None
Jack | None
Daniel | None
Evan | None
Fionna | None
Danny | None
Doug | None
Chris | None
Devon | None
Chrissie | None
Sabine | None
Jack | None
Fiona | None
Mike | None
Schayan | None
Devin | None
Rafael | None
Alejandra | None
Bob | None
Sarah | None
Iryna | None
Michael | None
Aaron | None
Magdalena | None
na | None
Julia | None
Jenny | None
Tiffany | None
James | None
Elina | None
Eric | None
Christopher | None
Craig | None
Rashaud | None
Dahlia | None
Calvin | None
Logan | None
Justin | None
Jessica | None
Aidan | None
Erin | None
Anthony | None
Zachary | None
Felipe | None
Jessica | None
Kaitlyn | None
Taylor | None
Noah | None
Leonard | None
Mya | None
Sam | None
Drew | None
Briana | None
Andy | None
Ryan | None
Michael | None
Casey | None
Abby | None
Hannah | None
Chris | None
Airkyn | None
Andraea | None
Nathan | None
Nicole | None
Tom | None
Stewart | None
Joseph | None
Amanda | None
Anthony | None
Michael | None
Molly | None
Doulath | None
Kaitlyn | None
Kyle | None
Jennifer | None
Fraser | None
Anaelisse | None
Tom | None
Sruthi | None
Saima | None
Oliver | None
Nathan | None
Nathan | None
Jennifer | None
Jemma | None
Jane | None
Doulath | None
Chay | None
Andy | None
Khem | None
Vanessa | None
Dave | None
Hollie | None
Lewis | None
Nikki | None
Dhruv | None
Emily | None
Briana | None
Sarah | None
Shaikh | None
Daniel | None
Patricia | None
Doulath | None
Sruthi | None
Donald | None
Vinny | None
Patricia | None
Molly | None
Michael | None
Lazaro | None
Karina | None
Felipe | None
Daniel | None
Dane | None
Carrie | None
Benjamin | None
Ashley | None
Anna | None
Sam | None
Lily | None
Maya | None
Chris | None
Mark | None
Madison | None
Jack | None
Lewis | None
Nikki | None
Olivia | None
LinkedIn | None
Malika | None
Jhanvi | None
Michael | None
Luke | None
Tom | None
Peter | None
Anthony | None
Aarthy | None
Jason | None
Adam | None
Courtney | None
Milind | None
Sean | None
Rebekah | None
John | None
Tom | None
Paul | None
Oliver | None
Charlotte | None
Bhavit | None
John | None
Richard | None
Harry | None
Tyrone | None
Lily | None
Malika | None
Henry | None
Leonard | None
Allison | None
Benjamin | None
Jordan | None
Nikki | None
Kimberley | None
Nathan | None
Shelly | None
Ross | None
Shelly | None
Sean | None
Nikki | None
Chris | None
Jordan | None
Calvin | None
Matt | None
Daniel | None
Molly | None
Brandt | None
Ian | None
Mike | None
Jared | None
Luke | None
Chris | None
Stewart | None
Joseph | None
Michael | None
Claire | None
Benjamin | None
Elizabeth | None
Briana | None
Jessica | None
Lily | None
Princess | None
Dan | None
Dane | None
Niki | None
Chris | None
Fraser | None
Bhavesh | None
Hollie | None
Gemma | None
Ross | None
Madison | None
Jennifer | None
Keven | None
Princess | None
Arun | None
Jennifer | None
Kelli | None
Keven | None
Ryan | None
Erin | None
Aidan | None
Kelli | None
Heather | None
Philip | None
Jared | None
Nathan | None
Alex | None
Anaelisse | None
Haley | None
Jason | None
John | None
Nicole | None
Allise | None
Andy | None
James | None
Lauren | None
Tamara | None
Michael | None
Sydney | None
Matt | None
Ryan | None
Patricia | None
Kristy | None
Andy | None
Daniel | None
Sydney | None
Julian | None
Jordan | None
Garrett | None
Bobby | None
Michelle | None
Cal | None
Carina | None
Niki | None
Matt | None
Shrishti | None
Jamie | None
Joseph | None
Lauren | None
Stephen | None
Dane | None
Zachary | None
Jack | None
Jay | None
Janelle | None
Daniel | None
Cassandra | None
Eugenia | None
Tyrone | None
Madison | None
Aaron | None
Sean | None
Michael | None
Molly | None
Alex | None
Kaitlin | None
Jay | None
Jarrett | None
Keith | None
Ian | None
Hayden | None
Dominique | None
Daniel | None
Christina | None
Carrie | None
Bhavesh | None
Kaitlin | None
Andrea | None
Alexandra | None
Alexandra | None
Alexander | None
Aaron | None
Ryan | None
Justin | None
Barry | None
Alex | None
Ryan | None
Neal | None
Michael | None
Alfonso | None
Clair | None
Karina | None
Kyle | None
Noah | None
Sean | None
Abigail | None
Alex | None
Briana | None
Caitlin | None
Chris | None
Felipe | None
Jake | None
Jordan | None
Andy | None
Katherine | None
Andrew | None
Tara | None
Sharon | None
Shane | None
Sean | None
Peter | None
Nicholas | None
Michael | None
Matt | None
Lorien | None
Laurent | None
Kyra | None
Vinny | None
Saima | None
Matthew | None
Robyn | None
Erin | None
Aidan | None
Kapil | None
Andy | None
Tom | None
Daniel | None
Funmi | None
Yesenia | None
Casey | None
Gary | None
Zachary | None
Jack | None
Felipe | None
Madison | None
Drew | None
Maryam | None
Jason | None
Kyle | None
Jhanvi | None
Amy | None
Richard | None
Briana | None
Mya | None
Russell | None
Calvin | None
Phillipa | None
Bhavana | None
Gemma | None
Ryan | None
Andrew | None
Oliver | None
Lucy | None
Adam | None
Matt | None
Sam | None
Arun | None
Noah | None
Nikki | None
Andraea | None
Jennifer | None
Austin | None
Gary | None
Jessica | None
Lazaro | None
Steven | None
Logan | None
Jessica | None
Charlotte | None
Courtney | None
Briana | None
Eleanor | None
Eugenia | None
Faizaan | None
Justin | None
Taylor | None
Ruby | None
Michael | None
Kimberley | None
Salina | None
Logan | None
Holly | None
Rami | None
Rebecca | None
Samantha | None
Alastair | None
Jo | None
Penny | None
Jemma | None
Zak | None
Marianne | None
Michelle | None
Anthony | None
Richie | None
Chay | None
Shen | None
Zara | None
James | None
Rebekah | None
Louis | None
Fareeha | None
Clare | None
Tom | None
Megan | None
Adam | None
Chris | None
Ian | None
Natasha | None
Julie-Ann | None
Malvika | None
Vickram | None
Tamara | None
Steven | None
Nathan | None
Zareen | None
Kareen | None
Andy | None
Paul | None
Naomi | None
Charlotte | None
Rachael | None
Ben | None
Hannah | None
Emma | None
Brett | None
Sheereen | None
Rory | None
Charlene | None
Bonnie | None
Lisa | None
Heprits | None
Timothy | None
Tim | None
Judy | None
Erik | None
Kacie | None
Randal | None
Fred | None
Kim | None
Lu | None
Victoria | None
Valerie | None
Anna | None
Jenna | None
Kim | None
Kevin | None
Kevin | None
Kelly | None
Kelli | None
Keith | None
Keebra | None
Katherine | None
Kate | None
Kate | None
Karen | None
Kaitlin | None
Judson | None
Jonathan | None
Joe | None
Jimmy | None
Jill | None
Jess | None
Jennifer | None
Kody | None
Larry | None
Laura | None
Laura | None
Alex | None
Alexa | None
Alexandra | None
Alfred | None
Alison | None
Allison | None
Amanda | None
Amy | None
Amy | None
Jeff | None
Andrew | None
Melisa | None
Maureen | None
Matt | None
Margo | None
Andrew | None
Marc | None
Liz | None
Lauren | None
Lauren | None
Jazmine | None
Alan | None
Jeff | None
Gordon | None
Christine | None
Christian | None
Charles | None
Charles | None
Chad | None
Carolyn | None
Calee | None
Bryn | None
Brittany | None
Brandon | None
Bob | None
Bob | None
Becci | None
Azy | None
Austin | None
Ashley | None
Aram | None
Anthony | None
Ansley | None
Christopher | None
Cindy | None
Claire | None
Clayton | None
Gena | None
Franck | None
Felicia | None
Erika | None
Eric | None
Eric | None
Elizabeth | None
Edward | None
Donald | None
J. | None
Don | None
David | None
David | None
Daniel | None
Daniel | None
Curt | None
Courtney | None
Cole | None
Clint | None
Cliff | None
David | None
Adam | None
Abbey | None
Aaron | None
Julie | None
Justin | None
Armi | None
Nadia | None
Nate | None
Dan | None
Leigh | None
Lawrence | None
James | None
jane | None
Jarrett | None
Jay | None
Leila | None
Leis | None
Lindsay | None
Lindsay | None
Yindra | None
Will | None
Whitney | None
Jaime | None
Jadon | None
Jacqueline | None
Jacob | None
jennifer | None
Jeremy | None
Jill | None
Jim | None
Jimmy | None
Joe | None
Joe | None
John | None
John | None
Wesleigh | None
Jonathan | None
Joseph | None
Jud | None
Julie | None
Julie | None
Gary | None
Glenn | None
Gregory | None
H. | None
Hannah | None
Joseph | None
Wendy | None
Tom | None
Toby | None
Owen | None
Nicole | None
Nicole | None
Nick | None
Nick | None
Lisa | None
nelson | None
Natalie | None
Montsey | None
Pat | None
Monique | None
Michelle | None
Michael | None
Michael | None
Merri | None
Lisa | None
Liz | None
Melissa | None
Lori | None
Lourdes | None
Mike | None
Anna | None
Paul | None
Rebecca | None
Tiffany | None
Theresa | None
Tara | None
Tanya | None
Stephanie | None
Sharon | None
Serena | None
Sean | None
Samuel | None
Randy | None
Ron | None
Robert | None
Robert | None
Robert | None
Robert | None
Robert | None
Rich | None
Rich | None
Renee | None
Reg | None
Robert | None
Marc | None
Jeff | None
Jonalyn | None
Erika | None
Alyssa | None
Erika | None
Rumneet | None
matthew | None
erika | None
Tom | None
Jon | None
Kyle | None
Paul | None
Alyssa | None
Bethany | None
Elizabeth | None
Sherry | None
David | None
David | None
Marcy | None
Kyle | None
Josh | None
John | None
Rumneet | None
Lauren | None
Heather | None
Luke | None
Marcelo | None
Kristin | None
Daneal | None
Sara | None
Adriana | None
Sarah | None
Victoria | None
Erin | None
Sarah | None
Jason | None
Chris | None
Katherine | None
Brooke | None
Sara | None
Catherine | None
Isabel | None
Meghan | None
Meredith | None
Jordan | None
Jessica | None
Michael | None
Sepideh | None
Sepideh | None
Navid | None
LumeConsulting | None
Charlotte | None
Adam | None
Adi | None
Aishwarya | None
Bailey | None
Ezra | None
Jinna | None
Mohamed | None
Paulo | None
Tala | None
Maria | None
Daniela | None
Adam | None
Ostrander | None
Lucas | None
Sheyla | None
Martin | None
Amy | None
Ryan | None
Michael | None
cloud-brew | None
Jordan | None
Dave | None
Melanie | None
Franshezco | None
Cori | None
Carlos | None
Maggie | None
Julieta | None
Mercedes | None
Hi | None
Hi | None
Hi | None
Lucas | None
Hi | None
Paula | None
David | None
Annie | None
Glenn | None
Hi | None
Hi | None
Hi | None
Nicole | None
Hi | None
Hi | None
Alexandria | None
Abril | None
Rose | None
Natalie | None
Brooke | None
Timothy | None
Francell | None
Sarah | None
Kannon | None
Sarah | None
Belén | None
Mathieu | None
Xavier | None
melanie | None
Cori | None
Mikaela | None
Josefina | None
Rocio | None
Keith | None
Malik | None
Soham | None
Brice | None
Sandy | None
Jaime | None
Jean | None
Elena | None
Jeff | None
Joan | None
Dana | None
Noemi | None
Rosalind | None
Mae | None
George | None
Deana | None
Melissa | None
Elizabeth | None
Maddie | None
Jaime | None
Christopher | None
Jean | None
Kofi | None
Joan | None
Thomas | None
Sergio | None
Kofi | None
Paul | None
Ryan | None
Elise | None
Jaime | None
Richard | None
Glenn | None
David | None
Jonathan | None
Venkataramana | None
Maddie | None
Victoria | None
Angie | None
Kalee | None
Dana | None
Michael | None
Ryan | None
Seth | None
Ryan | None
Glenn | None
Muhammad | None
Manikandan | None
Rich | None
Andrea | None
Janet | None
Ashley | None
Drew | None
Praveen | None
Whitney | None
Jason | None
Alexis | None
Brittany | None
Randy | None
K | None
Lizette | None
Medo | None
Kofi | None
Venkataramana | None
George | None
Sergio | None
Angelina | None
Phil | None
Joelyn | None
Jessica | None
Holly | None
Mary | None
Elizabeth | None
Victoria | None
Brian | None
kassidy | None
Michelle | None
Richard | None
Zac | None
Michael | None
Jonathan | None
Shera | None
Justin | None
Azahar | None
Noemi | None
Rosa | None
Heath | None
Ed | None
Muhammad | None
Melissa | None
Mae | None
Nathan | None
Byron | None
Seth | None
Michael | None
Henry | None
Edward | None
Eric | None
Jack | None
Glory | None
Katie | None
Christine | None
Yannick | None
Oscar | None
Ing. | None
Constance | None
Bethany | None
Dyonne | None
Lori | None
Liliia | None
Leigh | None
Georgia | None
Andrea | None
Anna | None
Robert | None
Marina | None
Raluca | None
Tetiana | None
Paulina | None
Maria | None
Nicholas | None
Filipina | None
Maria | None
Anastasiya | None
Miruna | None
Dhananjay | None
Iryna | None
Yevheniia | None
Kratika | None
Yevheniia | None
Mihnea | None
Martina | None
Michal | None
Marco | None
Nadaraja | None
Olena | None
Laroy | None
Pietro | None
Roberto | None
Riccardo | None
Susanna | None
Michael | None
Sina | None
Vadim | None
Vincenzo | None
Viktoriia | None
Levjeniia | None
Victoria | None
Raphael | None
Karina | None
Ana | None
Svitlana | None
Yuliia | None
Archana | None
Simone | None
Elena | None
Manjiri | None
Giacomo | None
Mateusz | None
Marlena | None
Madalina | None
Luciana | None
Ksenia | None
Joan | None
Iulia | None
Irena | None
Ievgeniia | None
Haydee | None
Mihaela | None
Halyna | None
Angela | None
Alexandru | None
Kim | None
Susan | None
Christopher | None
Kris | None
Alexey | None
Nadiia | None
Valentyn | None
Peter | None
Enrique | None
Lyubov | None
Nataliia | None
Roman | None
Paolo | None
Vincenzo | None
Oleksandr | None
Nicholas | None
Jason | None
Enrico | None
Bellizio | None
Inna | None
Anastasiya | None
Adriana | None
Ramona | None
Alla | None
Joanne | None
Victoria | None
Viktoriia | None
Andrii | None
Adrianna | None
Viktoriia | None
Jordan | None
Zoia | None
Yulia | None
Yan | None
Nina | None
Sampada | None
Svitlana | None
Aly | None
Oana | None
Nina | None
Dan | None
David | None
Arik | None
Dawn | None
Clifford | None
Mark | None
Kevin | None
Mark | None
Olha | None
Jon | None
Alperen | None
Alfonso | None
Ahmed | None
Ala | None
Debora | None
David | None
Daniele | None
Francesco | None
Felipe | None
Gianluca | None
Dmitry | None
Denis | None
Ed | None
Joe | None
Amanda | None
Doreen | None
Kate | None
Annmaria | None
Bryan | None
Andrea | None
Dusko | None
Diego | None
Sumera | None
Polina | None
Inna | None
Jorge | None
Daria | None
Jonathan | None
Julie | None
Ana | None
Marat | None
Ted | None
Viacheslav | None
Candace | None
Bob | None
Sandy | None
Dumisani | None
Julien | None
Jessica | None
Denis | None
Melanie | None
Naomi | None
Danielle | None
Priscila | None
James | None
Griselda | None
Misty | None
Todd | None
Michelle | None
Alexia | None
Diana | None
Michael | None
Aaron | None
Lisa | None
Jesse | None
Theresa | None
Claudia | None
Matthew | None
Shari | None
Lisa | None
Mark | None
Krista | None
Irwin | None
Lidia | None
Jennifer | None
Joseph | None
Heather | None
Libia | None
Janine | None
Ilianiz | None
Raul | None
Leann | None
Alex | None
Adriana | None
Yadi | None
Christopher | None
Veronica | None
Licelys | None
Lavera | None
Jenn | None
Nicholas | None
Alicia | None
Oscar | None
Stephen | None
Cynthia | None
David | None
Doug | None
Julian | None
Teresa | None
Aric | None
Cynthia | None
Robert | None
Brian | None
Joseph | None
Giere | None
Granville | None
Kelly | None
Michelle | None
Bradley | None
William | None
Breann | None
Bryan | None
Candace | None
Darin | None
Drew | None
Felipe | None
Joseph | None
Rita | None
Casey | None
William | None
Cody | None
Dylan | None
Maren | None
Daidre | None
Hazem | None
Barbara | None
Steven | None
Andrew | None
Matthew | None
Alexander | None
Sheen | None
Kennedy | None
Leo | None
Justin | None
Shruti | None
Ashok | None
Andy | None
Mark | None
Collins | None
Dawn | None
Maren | None
Maria | None
Tony | None
Alberto | None
Alex | None
Andre | None
Brett | None
Robin | None
Britt | None
Greg | None
Brian | None
Alex | None
Mike | None
Taylor | None
Bella | None
Nick | None
William | None
Melissa | None
Megan | None
Kim | None
Jennifer | None
Jannette | None
James | None
David | None
Kevin | None
Caleb | None
Brittany | None
Andrew | None
Linda | None
Victoria | None
Rex | None
Valentina | None
Colleen | None
Mark | None
John | None
Alexis | None
Samantha | None
Morgan | None
Lynn | None
Michele | None
sharon | None
Renee | None
Jonathan | None
Charlie | None
Courtney | None
Alaina | None
John | None
Jordyn | None
Ryan | None
Mark | None
Michael | None
Jake | None
Doug | None
Asghar | None
Arik | None
Ahsan | None
Morning | None
Wendy | None
Brigitte | None
Jeanne | None
Renée | None
John | None
Wendy | None
Syed | None
Jon | None
Sasona | None
Perry | None
Nathan | None
Jon | None
John | None
Jim | None
Jake | None
Doug | None
Brigitte | None
Asghar | None
Arik | None
Ahsan | None
Larry | None
Syed | None
Sasona | None
Perry | None
John | None
Jim | None
Jason | None
Kelly | None
Tristan | None
Tim | None
James | None
Steven | None
Shine | None
Shawn | None
Sarah | None
Ryan | None
Rose | None
Robin | None
Robert | None
Rachel | None
Nicole | None
Matthew | None
Matt | None
Martha | None
Majroh | None
James | None
James | None
Jackie | None
Harvey | None
Grant | None
Jessica | None
Tyler | None
Jobe | None
Jory | None
Josh | None
Juan | None
Justin | None
Kevin | None
Lisa | None
Frank | None
Vincent | None
Tim | None
Peter | None
Autumn | None
Anthony | None
Alyssa | None
Alex | None
Ahovi | None
Pete | None
Gail | None
Bethany | None
Mohammad | None
Scott | None
Michael | None
Majroh | None
Daniel | None
Amanda | None
Spencer | None
Bella | None
Stephanie | None
Zach | None
Charles | None
Christen | None
Francisca | None
Deirdre | None
Erika | None
Chris | None
Erik | None
James | None
Edison | None
Duane | None
Damon | None
Constance | None
Cindy | None
Emily | None
Noah | None
Maggie | None
Jennifer | None
Tony | None
Kevin | None
Jason | None
Cristy | None
Martha | None
Tom | None
Max | None
Anthony | None
Deb | None
Jeff | None
Joshua | None
Greg | None
Chris | None
James | None
Benjamin | None
Yasser | None
Ken | None
Cora | None
Steven | None
Bill | None
Terry | None
Kerren | None
Koby | None
John | None
Angelia | None
Melvin | None
Jon | None
Scott | None
Manuel | None
Carina | None
Tanner | None
Amanda | None
Fred | None
Blair | None
Shawn | None
David | None
Aimee | None
Kara | None
Brian | None
Thomas | None
Majed | None
Dante | None
Michael | None
Donna | None
Jeffrey | None
Rick | None
Pat | None
Jim | None
Shelby | None
Jim | None
Candice | None
Candice | None
Jim | None
Bill | None
CJ | None
Jim | None
Ken | None
Tasha | None
Courtney | None
Meg | None
Phil | None
Dante | None
Craig | None
Jesse | None
Donna | None
Daneyand | None
Mike | None
Simon | None
Maria | None
Tusharanshu | None
Shilpi | None
Claire | None
Renz | None
Brenda | None
Rachel | None
Devin | None
Harris | None
Amrinder | None
Laurie | None
Vijita | None
Mary | None
Lori | None
Caila | None
Jalen | None
Bonnie | None
Gaurav | None
Eli | None
Kit | None
Christine | None
Daan | None
Shulamite | None
Joshua | None
Stephanie | None
Terry | None
Mary | None
Kevin | None
Mohd | None
Steven | None
Matthew | None
Angel | None
Rosary | None
Tonya | None
Kelly | None
Kevin | None
Martín | None
Ghatna | None
Danish | None
Satya | None
Valerie | None
Preity | None
Maureen | None
Greetings | None
Arun | None
Chase | None
Robert | None
Taranprit | None
John | None
Jessica | None
Barry | None
Brandon | None
Alex | None
Amber | None
Heather | None
Stephanie | None
Matthew | None
Rumit | None
Chris | None
Nick | None
Rick | None
Amanda | None
Wesley | None
Jason | None
Suzy | None
Anthony | None
Shelby | None
Anthony | None
Rene | None
Andrew | None
Maya | None
Karmina | None
Kristin | None
Grace | None
Sufiyan | None
Dan | None
Dilip | None
Holley | None
Laurie | None
Terry | None
Steven | None
Andrew | None
Daan | None
Evan | None
Heather | None
Aditya | None
Devin | None
Harris | None
Amrinder | None
Devin | None
Vijita | None
Marylou | None
Tony | None
Alexis | None
Valerie | None
Chris | None
Caila | None
Kevin | None
Jan | None
Janice | None
Jannice | None
Jeff | None
Jennifer | None
Jess | None
Kelly | None
Kelly | None
Lisa | None
Mark | None
Mary | None
Nancy | None
Nicolas | None
Rachel | None
sydney | None
Tony | None
Brenda | None
Daniel | None
Alexis | None
Justin | None
Dean | None
Danish | None
Kevin | None
Martín | None
Kelly | None
Kelly | None
Tonya | None
Rosary | None
Ghatna | None
Maureen | None
Susan | None
Mohd | None
Kevin | None
Ashley | None
Terry | None
Stephanie | None
Matthew | None
Steven | None
Corinne | None
Preity | None
Angel | None
Bonnie | None
Claire | None
Aakash | None
Shilpi | None
Tusharanshu | None
Jalen | None
Aditya | None
Kit | None
Brooke | None
Gaurav | None
Gary | None
Caila | None
Valerie | None
Satya | None
Chander | None
Naziya | None
Kevin | None
Daniel | None
Joshua | None
Christine | None
Andrew | None
Phillip | None
Patrick | None
Darci | None
Wendy | None
Brent | None
Donna | None
Lillie | None
Tracy | None
Lamar | None
David | None
Jose | None
Thabiti | None
Lavenya | None
Keylee | None
Matthew | None
Dilip | None
Anne | None
Mary | None
Terence | None
Maya | None
Mary | None
Shulamite | None
Jennifer | None
Kunal | None
Daan | None
Evan | None
Eli | None
Renz | None
Brenda | None
Harris | None
Heather | None
Amrinder | None
Jalen | None
Mary | None
Lisa | None
Laurie | None
Sandy | None
Vijita | None
Kimberly | None
Derise | None
Erika | None
Drew | None
Tomeka | None
Ilana | None
Rodney | None
Colby | None
Ray | None
Stacey | None
Mike | None
Mark | None
Baker | None
Michael | None
Margie | None
Tamara | None
Will | None
Annie | None
Rodney | None
Tim | None
Heather | None
Lindsay | None
Randy | None
Elanda | None
John | None
Barry | None
Dan | None
Demetrea | None
Jason | None
Eric | None
Tammy | None
Jason | None
Jared | None
Lee | None
Russ | None
Spencer | None
Tori | None
Mathew | None
Brooke | None
Lacy | None
Brian | None
Talitha | None
Gary | None
Bill | None
Sarah | None
Kylee | None
Darrielle | None
Lindsey | None
Lana | None
Kara | None
Kaitlyn | None
Jessica | None
Heather | None
Heather | None
Gina | None
Kiarrah | None
Liz | None
Courtney | None
Brittany | None
Brenda | None
Bet | None
Ashley | None
Ana | None
Laurie | None
Jim | None
Michelle | None
Jennifer | None
Brittany | None
Marguerite | None
Diane | None
Marnisha | None
Maria | None
Erin | None
Candice | None
Leah | None
Karen | None
Jennifer | None
Karen | None
Delvin | None
Brittany | None
Katrina | None
Keri | None
Shaianne | None
Mackenzie | None
Trey | None
Stacey | None
Sean | None
Rachel | None
Paula | None
Miranda | None
Michael | None
Mary | None
Jamie | None
Kevin | None
Zaheer | None
William | None
Frank | None
Yassine | None
Kendra | None
Michelle | None
Raymond | None
Darold | None
Kanocia | None
Syed | None
Mike | None
Chuck | None
Ken | None
Gorak | None
Michalyn | None
David | None
Cory | None
David | None
Nicole | None
Diana | None
Carmen | None
Kacie | None
Jordan | None
Joe | None
Erica | None
Christine | None
Chris | None
Barbara | None
Ashley | None
Anna | None
Jazmin | None
Lisa | None
Meghan | None
Kimmie | None
Mary | None
Susan | None
Yvette | None
Carrie | None
Sarah | None
Tatyanna | None
Tim | None
Jaquelyn | None
Jennifer | None
Bernadette | None
Ashley | None
Selene | None
Jaquelyn | None
Michelle | None
Lisa | None
Catherine | None
Minette | None
Christine | None
Chris | None
Catherine | None
Aaron | None
michelle | None
Lorraine | None
Melissa | None
meghan | None
mary | None
Mary | None
Mary | None
Luke | None
lauren | None
kiesha | None
melissa | None
Julia | None
Joe | None
Jalesa | None
erica | None
Carrie | None
Paul | None
Billy | None
Billy | None
Anna | None
Mark | None
Yvette | None
Sharon | None
julia | None
Megan | None
Patrick | None
Kristen | None
Damian | None
Scott | None
Joelle | None
jill | None
Ryan | None
Abigail | None
Tim | None
Ryan | None
Megan | None
James | None
stuart | None
simona | None
sarah | None
samuel | None
jawaria | None
Melody | None
Daryl | None
Abigail | None
Kirsty | None
Peter | None
Louise | None
Naomi | None
Josh | None
Jonathon | None
Zachery | None
Jack | None
Paula | None
Niamh | None
Maria | None
Sam | None
Steve | None
Dana | None
Art | None
Robert | None
John | None
Monique | None
Carol | None
Fernando | None
Steve | None
Elhadji | None
Carol | None
Erica | None
Bruce | None
Marisol | None
Erica | None
Bruce | None
Kara | None
Emily | None
Jacqueline | None
Laura | None
Mark | None
Rebecca | None
Rajeswari | None
Eduardo | None
Dana | None
Michele | None
Tricia | None
Rajeswari | None
Emily | None
Rebecca | None
Danny | None
Danny | None
Laura | None
Ortenzi | None
Ileana | None
Jacqueline | None
Daniel | None
Melissa | None
Akemia | None
Matthew | None
Akshith | None
David | None
K | None
Misha | None
Cameron | None
Noah | None
Hallie | None
AR | None
Michelle | None
Gifer | None
Nellie | None
Sydney | None
Kevin | None
Jenna | None
Noelle | None
Jason | None
Miriam | None
Jessica | None
Shreya | None
Edward | None
Julia | None
Shea | None
Jim | None
Elizabeth | None
James | None
Dawn | None
Alexander | None
Meaghan | None
Baltasar | None
Mike | None
Mike | None
Adam | None
Michael | None
Mary | None
Tony | None
Ryan | None
Joellen | None
Patrick | None
Christopher | None
Christopher | None
Susan | None
Margaret | None
Michele | None
Mike | None
Gregory | None
Peggy | None
Julie | None
Mary | None
Ashley | None
Jonathan | None
Lara | None
Sally | None
Steven | None
Whitney | None
Tara | None
mperungulamp | None
Julie | None
Stevan | None
Dorsa | None
Freshta | None
Chu | None
Christopher | None
Beth | None
Angie | None
Tara | None
Nedim | None
Janine | None
Angela | None
Umar | None
Candice | None
Silvana | None
Olivia | None
Michelle | None
Kia | None
Hannah | None
Brittany | None
Ryan | None
Alex | None
Malcolm | None
Paul | None
wade | None
megan | None
sujan | None
sophia | None
son | None
shannon | None
shannon | None
samantha | None
numan | None
melonie | None
karly | None
Adhitya | None
hidayatullah | None
halimé | None
carolina | None
ibtissam | None
Sharon | None
abeba | None
ashley | None
brandi | None
carlos | None
Dominic | None
Erin | None
Spencer | None
Elithia | None
Jagger | None
Bob | None
Cornelius | None
Kita | None
Lauryn | None
Melonie | None
Kita | None
Nicole | None
Andriana | None
Sheli | None
Shua | None
Richard | None
Darryl | None
Donna | None
Karen | None
Susanne | None
Payton | None
Susan | None
Justin | None
Janine | None
Tanya | None
Sara | None
Tabitha | None
Jeanine | None
Chris | None
Brenda | None
Kyle | None
Calvin | None
Bryan | None
Sara | None
Lawanda | None
Jennifer | None
Danny | None
David | None
Angela | None
April | None
Beatriz | None
Sara | None
John | None
Shelby | None
Delaney | None
Cynthia | None
Mike | None
Daniel | None
Lauren | None
Pamela | None
Jalynn | None
Robbie | None
Kim | None
Terri | None
Alana | None
Bill | None
Kristina | None
Katy | None
DeLanee | None
Julia | None
Brenda | None
Raven | None
Kimberly | None
Nicolette | None
Hill | None
Borgaonkar | None
Potter | None
David | None
Naresh | None
Malcolm | None
Vivek | None
Subash | None
Saif | None
Christina | None
Jimmy | None
Christine | None
Amit | None
Chuck | None
Michael | None
Kevin | None
Varun | None
Tyler | None
Lynn | None
Vipul | None
Sean | None
Carlton | None
Priti | None
Smita | None
Subhash | None
Andrew | None
Marcia | None
Mithu | None
Deepak | None
Smita | None
Manish | None
Tom | None
Anil | None
Cory | None
Mark | None
Josue | None
Mike | None
Jessica | None
Natalia | None
Dwayne | None
Jaelle | None
Stephen | None
Sean | None
Samuel | None
Nick | None
Neil | None
Brodie | None
Jak | None
sonny | None
samuel | None
Sam | None
marc | None
jonnie | None
james | None
christopher | None
alessandro | None
Alex | None
Daryl | None
John | None
Abbey | None
Kate | None
James | None
Melissa | None
Chandrani | None
Shikha | None
Maria | None
Chancellor | None
Odie | None
Andrew | None
Josh | None
Candice | None
Connor | None
Odie | None
Chancellor | None
Ramon | None
Maria | None
Diana | None
Kristen | None
Dorothy | None
Edison | None
Kristen | None
Jorge | None
Chancellor | None
Dawit | None
Subham | None
Sarnab | None
Priyanka | None
Mary | None
Karina | None
Juliana | None
Anannya | None
Sayan | None
Lyndene | None
Ashley | None
Jacqueline | None
Diksha | None
Atosi | None
Swarnali | None
Ayon | None
Karina | None
Sukanya | None
Allan | None
Anthony | None
Koyel | None
Mitch | None
Priyanka | None
Pavel | None
Ramon | None
Nicholas | None
Diksha | None
Maria | None
Koyel | None
Mehak | None
Corey | None
Tomas | None
Ballard | None
Samantha | None
Josh | None
Juliana | None
Jennifer | None
Matt | None
Oz | None
Carl | None
Melissa | None
Eric | None
Omar | None
Charlene | None
m | None
Karina | None
John | None
Mary | None
Odie | None
Kurt | None
Vivian | None
Candice | None
Katherine | None
Jeanne | None
Tomas | None
Jessi | None
Priyanka | None
Sukanya | None
Karina | None
Pavel | None
Eugenia | None
Chandrani | None
Karina | None
Abbey | None
Odie | None
Ramon | None
Edison | None
Lyndene | None
Ayon | None
Atosi | None
Allan | None
Mitch | None
Anthony | None
Anthony | None
Landon | None
Jorge | None
Andrew | None
Danny | None
Kacper | None
Maddie | None
Brian | None
Swarnali | None
Emily | None
Juliana | None
John | None
Candice | None
Josh | None
Karina | None
Tatz | None
Steve | None
Stefani | None
Peer | None
Patrick | None
Michael | None
Maria | None
Kristine | None
Kellen | None
Eddy | None
Keith | None
Dax | None
Danielle | None
Cindy | None
Christina | None
Brandon | None
Beau | None
Anthony | None
Lauren | None
Debbie | None
Josh | None
Lynnsie | None
Lisa | None
Lisa | None
Justin | None
Justin | None
John | None
Jonathan | None
Jennifer | None
Jeffrey | None
Jeff | None
Jasmine | None
James | None
James | None
Jessica | None
Michael | None
Roslyn | None
Stephan | None
Steven | None
Vitalis | None
Vitalis | None
Micah | None
Westley | None
Timothy | None
Johanna | None
Allen | None
John | None
Justin | None
Jerry | None
James | None
Erick | None
Cameron | None
David | None
Jeremy | None
Exie | None
Mark | None
Aria | None
Michael | None
Sarah | None
Tinille | None
Jeannine | None
Skyler | None
Shelby | None
Chris | None
Jeff | None
Brittany | None
Brent | None
April | None
Kelly | None
Rick | None
Brooke | None
J. | None
Claudette | None
Virginia | None
Charlene | None
Scott | None
Trina | None
Kristine | None
Christina | None
Mercedes | None
Ming | None
Cameron | None
Ryan | None
Bill | None
Roy | None
Robert | None
Robert | None
Peter | None
Melanie | None
Matthew | None
Luis | None
Lori | None
Leanne | None
Samantha | None
Lauren | None
Kristen | None
Jonathan | None
John | None
John | None
Johanna | None
Jeremy | None
Jena | None
Geoffrey | None
Clinton | None
Laura | None
Steven | None
Trina | None
Tyler | None
Nadia | None
Alessandra | None
Colleen | None
Jim | None
Amanda | None
Brendan | None
Chris | None
Brent | None
Zachary | None
David | None
Chris | None
Matthew | None
Kristin | None
Deanna | None
Katie | None
Lena | None
Jan | None
Amy | None
Bridget | None
Michael | None
Gina | None
Scott | None
Vishal | None
Richard | None
Rachele | None
Johnny | None
Ashlee | None
Brett | None
Dubbaka | None
Nita | None
Prateek | None
Naresh | None
Eileen | None
Sarah | None
Taylor | None
Mendie | None
Chelsy | None
Carla | None
Pilar | None
Mail | None
Yana | None
Russelle | None
Russelle | None
Margret | None
Jesse | None
Eunan | None
Brankica | None
Nicole | None
Joe | None
Tim | None
Marta | None
jacob | None
Farah | None
Kyera | None
Lulu | None
Alexia | None
Patricia | None
Lea | None
Colleen | None
Lana | None
Konvalia | None
Jackie | None
Jillian | None
Carly | None
Hillary | None
Mara | None
Nick | None
Jack | None
Graham | None
Andrew | None
Kaitlyn | None
Genevieve | None
Elvira | None
Jan | None
Aleks | None
Kluadia | None
Katie | None
Pete | None
Steve | None
Todd | None
Todd | None
Megan | None
Martin | None
Michael | None
Nicholas | None
Chris | None
Peter | None
Bruce | None
Shruti | None
Tawna | None
Jessica | None
Shawn | None
Alisa | None
Kara | None
Jorge | None
Vinona | None
katelyn | None
Frank | None
Emma | None
Ashley | None
Steve | None
Steven | None
Matthew | None
Jason | None
Joshua | None
James | None
Brian | None
tommy | None
paul | None
omar | None
nicky | None
James | None
nick | None
melissa | None
joshua | None
Matthew | None
Ross | None
Mária | None
Zachary | None
Mae | None
Nicolas | None
Giovanni | None
Peter | None
Matthew | None
Jaclyn | None
Harrison | None
Ella | None
Ian | None
Tatia | None
james | None
Ryan | None
David | None
Dominic | None
Jillian | None
Christian | None
Christine | None
Chris | None
Georgina | None
herbie | None
Bill | None
emily | None
Mark | None
eric | None
Maliek | None
Kofi | None
Kimber | None
Kelsey | None
Kaice | None
Jillian | None
Matt | None
James | None
Gabriel | None
Derek | None
Chas | None
Bridget | None
Brian | None
Anne | None
Alex | None
Matthew | None
Marc | None
Michael | None
eddie | None
daniel | None
dainty | None
Afia | None
Jared | None
Tamara | None
Matthew | None
Zachary | None
Zachary | None
Steven | None
Alana | None
Sarah | None
Samuel | None
Rifat | None
Miles | None
Mike | None
Michael | None
Michael | None
Sebastien | None
Tyler | None
Vishnu | None
Samuel | None
MUSKAN | None
Shii | None
Ron | None
Francis | None
Samson | None
Dr | None
Suraj | None
Irene | None
Harish | None
Sara | None
Karthik | None
Muhammad | None
Kamal | None
Pushita | None
usha | None
pradeep | None
Vishal | None
Steven | None
Aditya | None
Rachel | None
Pavan | None
Steven | None
Irene | None
Kamal | None
Midge | None
Madhav | None
George | None
PreetKawal | None
Atmaja | None
Jerry | None
Richard | None
Shatakshi | None
Shekhar | None
Kwarteng | None
Anusha | None
Rajiv | None
Nick | None
Akhila | None
SaiHighway | None
Stan | None
Caleb | None
Melanie | None
Laura | None
Mark | None
Christina | None
Kevin | None
Eric | None
Edna | None
Christian | None
Ryan | None
Jim | None
Terrance | None
Ethan | None
Erin | None
Clay | None
Mark | None
lauren | None
landrum | None
ken | None
Jacob | None
Erin | None
Damon | None
Cory | None
Rocky | None
carrie | None
brock | None
Arnel | None
Thomas | None
Jimmy | None
kirsten | None
Jason | None
laura | None
Beth | None
Muriah | None
John | None
Erica | None
Joseph | None
Tae | None
Jason | None
kyle | None
hannah | None
jolene | None
robbie | None
cris | None
Dheryld | None
Logan | None
Michael | None
Luke | None
Benji | None
corbin | None
jason | None
ashley | None
Taylor | None
Bryan | None
brandon | None
Bob | None
Anneka | None
Shaun | None
Ashley | None
Adrienne | None
Kendall | None
Skye | None
Thomas | None
Kristen | None
Glenn | None
Jennifer | None
Heindrek | None
Jean | None
Joyce | None
Patrick | None
Bradley | None
Shari | None
Ben | None
Audrey | None
Rosie | None
Samantha | None
Licia | None
Tanya | None
Nicole | None
Rashaad | None
Tracie | None
Orli | None
Yash | None
Karthik | None
Amanda | None
Danny | None
Elizabeth | None
Emma | None
Felicia | None
Gavin | None
Glen | None
Bhavanisingh | None
Karen | None
Laura | None
Leann | None
Mary | None
Megan | None
Michael | None
Sagar | None
Jennie | None
Shane | None
Larry | None
cyndi | None
brandon | None
Allison | None
Bob | None
Chris | None
Cyndi | None
Lily | None
Frank | None
Egenia | None
Diane | None
jack | None
Melissa | None
rachel | None
Kevin | None
Joshua | None
Frank | None
Jayson | None
Terry | None
Bob | None
Angell | None
Patrick | None
Dan | None
William | None
Brooke | None
Skip | None
Recruiters | None
Jack | None
David | None
Tony | None
Shane | None
Joseph | None
Lynn | None
Nick | None
John | None
Kendric | None
Rodger | None
Joseph | None
Deb | None
Rebecka | None
Judy | None
Janice | None
Noel | None
Sean | None
Kenneth | None
Elizabeth | None
Brad | None
David | None
Brooke | None
Main | None
Richard | None
David | None
Rob | None
Ken | None
Thelma | None
Jeff | None
Barbara | None
Skip | None
James | None
Britt | None
Tomás | None
Max | None
Xavier | None
Matthew | None
Lou | None
Joyce | None
Jordan | None
Alex | None
Marc | None
Christopher | None
Kevin | None
Lee | None
Katherine | None
Jeff | None
Chris | None
Kelsey | None
Samantha | None
James | None
Zack | None
Coby | None
Brian | None
Nick | None
Liberty | None
Dave | None
Anjolee | None
Aspen | None
Cameron | None
Josh | None
Josh | None
Kerissa | None
Kyla | None
Nadja | None
Nick | None
Scott | None
Ann | None
Morgan | None
Julia | None
Andy | None
Mariela | None
Camila | None
Jorge | None
Samuel | None
Jeannine | None
Jordan | None
Michelle | None
Anna | None
Dave | None
Marie | None
Danielle | None
Julie | None
Jazmin | None
Jason | None
Gabriela | None
Graym | None
Francisco | None
Alex | None
Scott | None
Loghan | None
Jeremy | None
Jeff | None
Chris | None
Lee | None
Nick | None
Beth | None
tyler | None
Amy | None
Alice | None
thanh | None
margie | None
stephanie | None
simon | None
sheila | None
rick | None
melba | None
Bob | None
tam | None
Brian | None
Ricardo | None
Dustin | None
Jackie | None
Jacquelyn | None
Jason | None
Keith | None
Keith | None
Kim | None
Kimberly | None
Merle | None
Nicole | None
Randi | None
Rebecca | None
maranda | None
Ron | None
Carol | None
logan | None
carol | None
kristin | None
Stacey | None
Gjata | None
Glenn | None
Heather | None
Jackie | None
Jacquelyn | None
Jason | None
Jennifer | None
Jennifer | None
Joanna | None
Joyce | None
Nathan | None
Vanderhoof | None
Lina | None
larisa | None
betsy | None
britta | None
bruce | None
darren | None
devyn | None
dimitri | None
eskor | None
hazel | None
jackie | None
james | None
jennifer | None
johnathan | None
kathryn | None
kerri | None
kirk | None
bob | None
Stefanie | None
joyce | None
Joshua | None
Luis | None
Amanda | None
Luis | None
Michael | None
Alie | None
Logan | None
Alie | None
Shawn | None
Shawn | None
Don | None
Corey | None
Jevony | None
Cody | None
Jeff | None
Tyson | None
Sophia | None
Maximilian | None
Rachel | None
Joshua | None
Catherine | None
May | None
Luann | None
Jennifer | None
Jenna | None
Henderson | None
Evansville | None
Ashley | None
Edson | None
Chuck | None
Bobby | None
Aisha | None
Tushar | None
Sarah | None
Nick | None
Esmeralda | None
Sarah | None
Sabrina | None
Matt | None
Vincent | None
Ajay | None
Stephen | None
Atonia | None
Aisha | None
Bethany | None
Matthew | None
Tamara(Tammy) | None
Donna | None
Osunde | None
Haunch | None
Brian | None
Tanner | None
Rajveer | None
Amber | None
Cameron | None
Raina | None
Rachael | None
Samantha | None
Paris | None
Halie | None
Elijah | None
Donna | None
Denise | None
Deborah | None
David | None
Carole | None
Avelyn | None
Art | None
Anju | None
Andrew | None
Melody | None
Amber | None
Ashley | None
Diana | None
Hanah | None
Jaelyn | None
Isamar | None
Patrick | None
Norma | None
MICHAEL | None
Matthew | None
Mason | None
Maria | None
Marci | None
Luann | None
James | None
Lorrie | None
Kristen | None
Kari | None
Karen | None
Josh | None
Jessica | None
Jenna | None
Logan | None
Marvin | None
Seema | None
Sara | None
Brad | None
Debbie | None
Rencia | None
LinkedIn | None
Adam | None
Richard | None
Mamata | None
morning | None
Kirti | None
Alexander | None
Anupam | None
Akriti | None
Sapna | None
sheri | None
Shubham | None
Jennifer | None
Todd | None
Karan | None
Summaiya | None
Maxwell | None
Paul | None
roberto | None
Austin | None
Christine | None
Nancy | None
Noel | None
Vicki | None
Matthew | None
Edie | None
WP | None
Sade | None
Ion | None
Brandon | None
Lisa | None
Fred | None
Bethany | None
Bryan | None
Christopher | None
Ann-Katherine | None
Marshay | None
Nate | None
Robert | None
Rydell | None
Mahammad | None
Spencer | None
Ellie | None
Jack | None
Timothy | None
Mary | None
Kelly | None
Richard | None
Ellie | None
Colleen | None
Anna | None
Helen | None
Alexa | None
Albert | None
Bailey | None
Dan | None
Elise | None
Kathryn | None
Sherry | None
Kathy | None
Celeste | None
Anna | None
John | None
Diane | None
Pauline | None
Barbara | None
Jocelyn | None
Colette | None
Betty | None
Tania | None
Matt | None
Ryan | None
Shameer | None
Emily | None
Nicholas | None
Eileen | None
Suzanne | None
Kelsie | None
Julie | None
Raquel | None
Holly | None
Matthew | None
Amy Marti | None
Sonia Horne | None
Maria Iniguez | None
Sarah Healy | None
Elina Aparecida Zanardo | None
James Watters | None
Carolyn Balkin | None
Gabrielle Lynn | None
Kara Sauvageau | None
Melina Reed | None
Amani Ahmed | None
Kimberlyn Mumm | None
Hilary B. | None
Valerie O'Connor | None
Alejandra Acosta | None
Kimberly Gallaher | None
Laura V. | None
Helen Kuhn | None
Lauren Chandler | None
Maria Shakespeare | None
Erin Oberg | None
Joy Gundersen | None
Ronald Goldman | None
Heather Regan | None
Nick Locastro | None
Lenny Rod | None
Anna Duonolo | None
Ayo Farai | None
Kimberly Welch | None
Justin Gottlieb | None
Joe Zito | None
Tamara Latkovic | None
Kate D. | None
Janie Beck | None
Avice Maughan | None
Ezan Kodjo | None
Marley Joseph | None
Joseph Marley | None
Christina Hegyi-Gardner | None
Barbara DiDonna | None
Kelli Crowley | None
Robert Salay | None
Alonzo Oates | None
Lucille Fitzsimmons | None
Ida Di Cataldo Conlon | None
Barbara Toscano | None
Yorletty Casso | None
Bradley D Atkinson | None
Rosife (Faye) Cusi | None
Darren Ingram | None
Melysa Hierro | None
John L. Wilson | None
Adriana Contreras | None
Courtney Fecher | None
Jack Spataro | None
Alexandria Howley | None
Ray Miranda | None
Mary Nicoletti | None
Erin Sleight | None
Tara McBrien | None
Samantha Moore | None
Brendan Fallon | None
STEFANIA CALUSSI | None
Phyllis Ferro | None
VICTORIIA K. | None
Harmony Thompson | None
Larry Pfaff | None
Denise K Jenkins | None
Tracey Archer-Perkins | None
Matt Thomas | None
Dustin Hatch | None
Matt Cukras | None
Mark Koba | None
Andrew Bentley | None
Joshua Eastman | None
Brett Reeves | None
Daniel Bendzak | None
Jesse Fleming | None
Melissa Jacob | None
Ken Kleinschmidt | None
Bill Cornett | None
Will C. | None
Sequoyah Payne | None
Margarita Shulman | None
Marquis Gordon | None
Jasmine Rodgers | None
Michelle Williams | None
Jenna Fowler | None
Ross Gravagna | None
Joe Ramirez | None
Mallory McManus | None
Sue Fiala | None
Scott Jacomb | None
Dan Hall | None
Myra Harris | None
Caroline Tyre | None
Bill Mcsorley | None
Ron Carobine | None
Molly Crosby | None
Lisa Jenkins | None
Katie Ciulla | None
Todd Haney | None
Kris Coppola | None
Andrew Keegan-Wilday | None
Haley Todd | None
Meaghan Cappa | None
Alicia Koch | None
Valentine Lugovsky | None
Joel Wood | None
Courteney Washington | None
Rose Rowella | None
Riad Abu-Smail | None
Scott StPierre / Scott. StPierre | None
Michael Francavilla | None
Alicia Ramos | None
Antonio Giannini Neto | None
Nerissa C. | None
Adewole Olanrewaju | None
Nick Galella | None
Alicia Harvey | None
Michele A. Massey | None
Kaitlin Gilley | None
Shelley Ketchum | None
Diane Parisi | None
Crystal Ucelli | None
Erica Dziomba | None
Virginia Lupis | None
Camila Fontana | None
Steve Riordan | None
Katherine Wu | None
Martin Fernando Moguilevsky | None
Ella Gilbert | None
Elaine Kamm | None
Diana Castiello | None
Laura Sirvent Fornell | None
Sandy Duprat | None
MaryLynn Benners | None
Greg Coir | None
Peter Lauranzano | None
Tracy Courtney | None
Jason Ricketts | None
Melissa Levine | None
Nancy Black | None
Leo John | None
Dennis O'Brien | None
David Pratt | None
Cristie Galindez | None
Aileen Crawford | None
Rosemary Gelinas | None
Thaliah Barros | None
Kohl Meyers | None
Robin Patenaude | None
Carol Vincent | None
Stewart Steel | None
Shane C. | None
Joey E. | None
Janine Chancey | None
Terry Colen | None
Andrew Nyren | None
Mike Affa | None
Lisa Perrelli | None
Hugo Mendoza | None
Sheila D. Kronyak | None
Victoria A. | None
Michael Pisano | None
Fawn Whitney | None
Gary Del Grande | None
Osahon Irorere | None
Melissa Garcia | None
Tim Peacock | None
Keith Kreyling | None
Michael Bleau | None
Gary Mistalski | None
Andrew Baird | None
Alandre Miranda | None
Nancy Barbato | None
Carlos Guerra | None
Kelly Carey | None
Tiffany Connors | None
Carol Hansen | None
Andrea McCoy | None
Dan Stapleton | None
Anny Irizarry | None
David Day | None
Anthony Rollins | None
Michaela Coffin | None
Richard Johnson | None
Matthew Podolski | None
David White | None
Arthur Jones | None
P Siva | None
Angel Sanquintin | None
Oliveira Jose | None
Florence Lefebvre | None
Amber Gaston | None
Irene Nicolaides | None
Esmirly Cedeno | None
Nancy Hayes Bevington | None
Watcharee Carnes | None
David Najarian | None
April Bolton | None
Karen Bigini | None
Rachel Leigh | None
Kathleen Pappalardo | None
Lauren Young | None
Elke Philips | None
David Koremba | None
Harold Leibowitz | None
Chris Barry | None
Sedeke Travis | None
Creasha Bowman-McCall | None
Matthew Kahn | None
Sherniece M Harrell | None
Jean Mindingall | None
Eleanor Santora | None
Jeffrey Fields | None
Frantz Besson | None
Jose Alvarez | None
Jim Sidoti | None
Wei Cheng | None
Nathan Morton | None
Jayne Richardson | None
Emmanuel Asante-Krobea | None
Dan Mathis | None
Marlene Garcia | None
Scott Pyrcz | None
Moriah Solomon | None
Nathan Brody | None
Mariela Alvarado | None
Tekla Houck-Hegyi | None
Ricardo Cortez Moscoso | None
Patricia Niedzinski | None
Robert C | None
Gerard Bonsper | None
Cynthia Morello | None
Lorraine N. | None
Delina (Jessica) Sanchez | None
Paul Gellman | None
Nick Picerni | None
Jeff Schott | None
Christopher Dowdy | None
Peter Bankuti | None
MaryLou Williams | None
Ryan Riccobene | None
Stephanie Leon | None
Dawn DellaVecchia | None
Walter Slade | None
Tara Villanueva | None
Nicolette Stevens | None
Centrelle Barnett | None
Marco Romero | None
Christina Dougherty | None
Cathleen Robinson | None
Michelle Blackowski Wunn | None
Alexander Sadowy | None
Andrea Harvey | None
Janet LaQuintano | None
Fatih ER | None
Victoria Van Houten | None
Florencia Soliza-Ilagan | None
Ethel Wragg | None
Anna Marie Tobie | None
Loretta Bralczyk | None
Mabel Valdez | None
Carol Murray-Negron | None
Sara Stewart | None
Debbie Anacker | None
Stephanie Mazzeo-Caputo | None
Brianna Skipwith | None
Michael Pereira | None
Kelly Dodds | None
Samantha Elliott | None
Britt Stroud | None
Jayme Rivera | None
Susan Harrison-Bailey | None
Tara Wakeley | None
Chelsea McBeath | None
Laurie Jones | None
Justin Lamb | None
Sarah Robertson | None
Sarah Ritten | None
Beth Anne Reynolds | None
Klea (Miho) Garcia | None
Emily McCulloch | None
Caroline Edmondson Rose | None
Jennifer Daugherty | None
Kimberly Ladka | None
Leslie Masten | None
Tanner McCarthy | None
Connor Lowe | None
Chase Gallyon | None
Hannah Dove | None
Mikhail Usyk | None
Rolando Perez | None
Neca Davis Rankin | None
Baker Westmoreland | None
Emily Gaines | None
Joseph Bartolotta | None
Reid Webster | None
Lindsay Plotkin | None
Reina Rosa | None
Devyn Moody Carman | None
Katelyn Williams | None
Matt Graton | None
Carolyn Jones | None
Don Ralph | None
Douglas Kamp | None
Kimberly Pellom-Fennell | None
Michael Corley | None
Regina Stiltner | None
Grace Jones | None
Katie Tinsley | None
Ashlea Singletary | None
Taylor Boone | None
Alex Nemeth | None
Trudy Sands | None
Nick Franty | None
Ashley Wojcik | None
Emily Krouse | None
Bally Cindy | None
Connor Sullivan | None
Tracey Washburn | None
Alexis Hodge | None
Tasha (Carson) Moss | None
Shawn Huggins | None
Emily Schoffstall | None
Joycelyn Surdis | None
Krystal Fields | None
Jackson Bissette | None
Kassie Whitaker | None
Debbie Passalacqua | None
Deb Phillips | None
Laneseia Davis | None
Jo So | None
Bill Corcoran | None
Katherine Schneider | None
Jaclyn Dunscomb | None
Joe Taylor | None
Danielle Reese | None
Jeanette Lucciola | None
Patricia Powers | None
Bernardo G. | None
Barney Polanco | None
Gordon Kent | None
Jennifer Bell | None
Wayne Douglas Jr. | None
Jelani Pope | None
Javier Garcia Jr | None
Jennifer Bishara | None
B Sanchez | None
Bonnie B. Diamond | None
Mygimeley Gousse | None
William D'Angelo | None
Afua Boatemaa Poku | None
Jesse Webber | None
Diana DiPierri | None
Maria Reyes | None
Kenrick Knights | None
Carolina Carpio | None
Stephan Cuje | None
Brandy Cochrane | None
EJ Scholar | None
Linda McLaughlin | None
Sarah Figura | None
Nicole Henson | None
Kharese Gittens | None
Alicia Veneziano | None
Michael Fischer | None
Luis Castrillón | None
Ashley Mendez | None
Sherina Williams | None
Carmelle Fiona Fleury | None
Mark Mesterman | None
Dustin Hopping | None
Rich Sotir | None
Beth Mc Knight | None
Heather Kingshott | None
Howard Marcus | None
Kate Sleeman | None
Brittany Gunn | None
Gary Carter | None
Jennifer Stringer | None
Mary Ann Karlow | None
Maximo Guillen | None
Leah C | None
Dana Argiropoulos | None
Mitch Marano | None
Anson Wong | None
Clint Penalosa | None
Hans Lederman | None
Penny Kastaris | None
Lauren Antico | None
Eric Hosey | None
Stephane Touya | None
Richard Zesua | None
Cameron Schaub | None
Gregory Frink | None
Andrew Bishop | None
Sara Babcock | None
lotfi jeffali | None
Charlie Ding | None
David Atack | None
Meghan Duffy | None
Alberto Acuña | None
Teresa Squires | None
Christina Cardamone | None
Aaron Sellek | None
Mykea Braxton | None
Erika Chavez | None
Nabeel Fields | None
Rod Krause | None
Imani S. Owens | None
Aisha N. | None
Jim Drane | None
Daisy Lewallen | None
Tony Fiel | None
Michael P. | None
Brian Springs | None
Scott Walker | None
Kelly Hill | None
Anthony C. | None
Cynthia A. Pullen | None
Costley Bryan | None
Siera Barrino | None
Quinn Goff | None
Linda Ceriello | None
John Kunishi | None
Brittani Harris | None
Wendy Odom | None
Trisha Arizpe | None
Carlos M Garzon | None
Chrissy Allen | None
Miranda Miller | None
Eric Duthie | None
Christopher Wyman | None
Elizabeth Bjork | None
Katie Lindell | None
Darkeisha Tate | None
Laura Cotto | None
Dona Blackman | None
Shannon Ferrell | None
Sarah V. | None
Cynthia Clarke | None
Carol Wooten | None
Denise Taylor | None
Karen Reed | None
Kimberly Pinnix | None
Jennifer Lester | None
Shawna Williams | None
Dudley Brown | None
Renee G. | None
Ashleigh Austin | None
Karen Schuler | None
Lisa Bennett | None
Jennifer P. Brewer | None
Karyn Beach | None
Stephanie Jones | None
Norvis Martin | None
Guillermo Villar | None
Craig Etheridge | None
Lily Settles | None
Nora Jones | None
Joshua Nunley | None
Jessica Spencer | None
Jazzmin Lewis | None
Todd Oriarte | None
Jordan Barnes | None
Laura Peeples | None
Michele Lorusso | None
Maria Cabrera | None
Christine Gulledge | None
Deborah Meeks | None
Tina Hu | None
Wanda Evans | None
Brittany Nicole Arnold | None
Linda Marotta | None
Leigh Blinn Stallworth | None
Michelle Gachette | None
Jennifer Flowers | None
Amanda McFarland | None
Stephanie Smith | None
Emily Neale | None
Tiffany Engle | None
Jeannette Anderson | None
Jessica Allen | None
Kia Price | None
Alexis King | None
Matt Brown | None
Andrea Hukill | None
Maura Brekke | None
Amber Davis | None
John Trapp | None
Kerri Devine | None
Luna McCormick | None
Vanessa T. | None
Miranda Perez | None
Hap Guirguis | None
Meghan O'Connell | None
Blake Williams | None
Jacky Adkins | None
Stephanie Seely | None
Rhonda Crafton | None
Dawn Myers | None
Kristen Whitley | None
Anika Moreno | None
Allison McNabb | None
Matthew Groves | None
Sarah Spence | None
Shannon Griffin | None
Sadé Kelly | None
Leanne Getz | None
James Baldwin | None
Alexandra Russo | None
Sarah Worley | None
Melinda DeJong | None
Jason Williams | None
Julie Dennis | None
Sherry Hensley McDaniel | None
John Stone | None
Alex Blount | None
Jordan Curtis | None
Candace L Jones | None
Miranda L | None
Nancy Cordero-Zayas | None
Lisa McCloskey | None
Chantelle C. | None
Ron Brinson | None
Lindsay Glidewell | None
Meredith Weller | None
Andrew Guice | None
Melanise Otis | None
Katherine McIntosh Meyer | None
Cassie Barringer | None
Ryan Garrison | None
Ann Williams | None
Tiffany Kurth | None
Jeanne Wilson | None
Alyssa Clopton | None
Bianca Moore | None
Kimberly Woods | None
Brendan Ryan | None
Chris Burgon | None
Kyle G. | None
Savannah Brown | None
Tayana Melo | None
Austin Bryan | None
Mona Yaeger | None
Cheryl Robish-Roberts | None
Maven Piniella | None
Sam McClure | None
Rebecca D. | None
Channing Carroll | None
Kathryn Barnes | None
Anthony Parks | None
Josh Kitchen | None
Lee Wallace | None
Kristie Martin Puffer | None
Erica Stevenson | None
Katherine Barrow | None
Stephanie G. Wilcox | None
Brittany Stroup | None
Melissa Voss | None
Elena R. | None
Candace Lindsey | None
Michael DeLuca | None
Jamie S. Smith | None
Harmony Migo | None
Dana Peeler | None
Kyra Allen-Smith | None
Rolanda Brown | None
Raven Robinson | None
Lynn Gentry-Smith | None
Casey Bialas | None
David Darr | None
Christopher Fallah | None
Grace Norton | None
Deb Gerber | None
Gary Barnes | None
Crystall Greer | None
Calvin Kim | None
Gary Babst | None
Denis DesRosiers | None
Barbara Rapaport | None
Maureen McConnell | None
Kreg Gilson | None
Reggie Morton | None
Iris White | None
Daniel Huffman | None
Rylee Wood | None
Melissa Kane | None
Vadessa Flack | None
Tracy Underwood | None
Elly Soto | None
Jeff Montag | None
Jason Beineke | None
Cassie Finnell | None
John Hall | None
Kendra Tucker | None
Kay Schupbach | None
Andre Silva | None
Sandy Dasenbrock | None
Tirana Renes | None
Dawn Kearns | None
John Babin Jr | None
Bonnie Bjerkaas | None
Dana Trujillo | None
Sarah Quiring | None
Mariah Hall | None
Tasha Anders | None
Archie O Ross | None
Skip Rossen | None
Cathy Rankins | None
Christina Souza | None
Katrina Marcy | None
jerry perry | None
Laurin Stroud | None
Don Allen | None
Renee Stevens | None
Amanda H. | None
Andrea Clemenza Ogle | None
Amanda Rickman | None
Hollie Loving | None
Dierre Guyse | None
Windy Collins Elpers | None
Rebecca Dalton | None
Sonya Burns | None
raziara roe | None
Sarah James | None
Vivian Fox | None
Abby Garrett | None
Morgan Limbaugh | None
Nancy Stevens | None
Marquetta Hunt Winston | None
eliza agostini | None
Corine R. Sandifer | None
Cheryl Craw | None
Justin Duckwiler | None
Liliana Caldwell | None
Joshua Kacerik | None
Kristin Cameron | None
LaShanna Jordn | None
Mindy Schestag | None
Joya Jones | None
Nerissa Grandberry | None
Ashley Collier | None
Josh Wells | None
Kristin Floyd | None
Shane Young | None
Jennifer Guerrero | None
Sandra Ragland | None
Brenda Coleman | None
Jarvis Mckennie | None
Richard Eldridge | None
Melissa Farlow | None
Delmont Jones | None
Carrie N. | None
Noreen Schoonover | None
Andrea Sabina M. | None
Orlando Ross | None
Terri Cockrell | None
Amy Wilhelm | None
Beth Walker-Wescott | None
Shekera Stevens | None
Alta Arnold | None
Amber Fitkin | None
Julianna Crudele | None
Larteena Yarbrough | None
Bria Swaringam | None
Megan Dunn | None
Jessica Hoffmaster | None
Shynesia Price | None
Denise McGhee | None
Mario Marshall | None
Brittney Gilton | None
Michelle F. | None
Asia Parrish | None
Debra Clem | None
Rich Daudert | None
Matthew Horist | None
Gracie Perez | None
Kyra Bloomberg | None
Ashley McGrath | None
Deb True | None
Lisa Miller | None
Joe Wiesner | None
Brian Varney | None
Tracy Normand-Archambeau | None
Angie Muscott | None
Alicia Fitchett | None
Benjamin Lee | None
Cathleen Kisic | None
Keri McCarthy | None
Rachel Graviano | None
Kathleen Oswald | None
Jeremy Parker | None
Nakita BrascomWilson | None
Jennifer Rogowski | None
Joshua Alfaro | None
Jami Cabrera | None
Stephen Stokes | None
Caryl Osborn | None
Charlene Tennant | None
Beth Olmsted | None
Kimmeka Pipkins | None
Clayton Scott | None
Travis Furlow | None
Jennifer Mercier | None
Amanda Myrkle | None
Amanda Finley | None
Will Turner | None
Andrea Moralez | None
Arielle Akins | None
Joan Balmer | None
Heather Hunt | None
Donzale Spencer | None
Jean M Kavson | None
Paul Allen | None
Toni Griffin | None
Shannon Thomas II | None
Ashlee Wolfe | None
Shantell Tracey | None
Katie Markoff | None
Katie Chase | None
Stephanie Bird | None
Erika Heaton | None
Nathan MacGirr | None
Doreen Smith | None
Jennifer Dollar | None
Austin DeWildt | None
Shirley Ellison | None
Chuck Knabusch III | None
Matt Bouche | None
Katherine Cottrell | None
Tim Harris | None
Shawn B. | None
Sara Oberg | None
Kristene Bringedahl | None
Lisa Schmidt | None
Kathy Bright | None
Leah Dalson | None
Mike Sullivan | None
Aaron Buchholz | None
Patrick Hudson | None
Matthew Hackney | None
Katie Grostic | None
Julia Sullivan | None
French Renee | None
Amanda Yaros | None
Carol Loviska | None
Avery Lynch | None
Shaun M. Fracassi | None
Julie McWilliams | None
Jenna Smith | None
Abigail Brown | None
Jacob Norman | None
Tom Drooger | None
Stacey Veasley | None
Brittany Jimenez | None
Haley Hines | None
Lisa Currier | None
Michele Hill | None
Carol Norbeck | None
Joan Kelly | None
Elba Huerta | None
Joshua Fortson | None
Monica Vergara | None
Kelly Mulvaney | None
Michael Games | None
Jacque Collins | None
Lorie Hilt | None
Scott Barker | None
Ed Monaghan | None
Erik Borgen | None
Elizabeth Carson | None
Mindy Kiss | None
Carl Krueger | None
Rich Weed | None
Denise Edgar | None
Nikole Keeslar | None
Jason Miller | None
Kali Chapman | None
Randy Spohn | None
Cornel Ivascu | None
Melissa D. | None
Jessica Wolbers | None
Justina Thoune | None
Wendy Willford | None
Lisa Laws | None
Jordan Kelly | None
Jerry Mathers | None
Maureen Carey | None
Reina Cruz | None
Joan Malach | None
Brian Mitchell | None
Claudia Sanchez Rodriguez | None
Jacob Ayers | None
Matthew Reed | None
Kelcea Wilson | None
Haley Patton | None
Hattie Howell | None
Becky Slager | None
Carrie Cervantes | None
Thomas Phillips | None
Holly Schaeffer | None
Courtney Dean | None
Whitney Cowdrey | None
Rebecca Maddy | None
Lisa Rolewicz | None
Chelsie Fall | None
Phil Connor | None
Christy Alvarez | None
Carin Dupuis | None
Anneliese Bonacci | None
Susan Clark | None
John Martin | None
Kea Canady | None
Sarah G. | None
Gene Gentry | None
Remika Rolfe | None
Nkosi Belle | None
Preston Hill | None
Adriane Potter | None
Ellen Sautter | None
Karissa Colcord | None
Tamara Fowle | None
April Clark | None
Lynn Marchilli | None
Michael Henderson | None
Janet Baker | None
Courtney Clark | None
Angelica Laurenovics | None
Brandon Archibald | None
Madison Wright | None
Ashlee Heath | None
Melissa Cocca | None
Lydia Sy | None
Julie Audie | None
Sarah Lefebvre | None
Danielle Hamilton | None
Bob Daigle | None
Rachel Tinelli | None
Shelby Aikens | None
Cheryl Hanes | None
Jiraporn Ann Huynh | None
Michelle Cox | None
Jude Rene | None
Dymon West | None
Tanairy G. | None
Karen Green | None
Holly C. | None
James Arnold | None
Nancy Buttrey | None
LeRoy Baker | None
Princess Baptiste | None
Charles Sutton | None
Bud McCombs | None
Danielle Cuffie | None
Shuron Washington | None
Monica Crawford | None
DaQuashia S. | None
Jill Deering | None
Terrance Smith | None
Alicia Westbrooks | None
Mariyanna Franklin | None
Michelle Robinson | None
Demetria P. | None
Bertrice Wyatt | None
Nicole Dailey | None
Shiane Bellamy | None
Keith Banister | None
Candy Townsend Purvis | None
Charina Taylor | None
Hannah Terhune | None
Jequila Lilly | None
Dorothy Jackson | None
Xavier C. | None
Heather Wilson | None
Sharon Kaivani | None
Lauren Jackson | None
Lynne Blanton | None
Grant Denny | None
Blake Boling | None
Jason Ramsey | None
Mariama Diallo | None
Justin Kiss | None
Sarah Kemm | None
Jonathan Dean | None
Alicia Tucker | None
Lauren Fitch | None
Joveth Sampson | None
Victoria Hoke | None
Javier Martinez-Manzo | None
Kimberly Petricevic | None
Lovie Tarver | None
Argelis Harris | None
Jill Hermes | None
Brian Thornton | None
Roxanne Hollingsworth | None
Christopher Benker | None
Chad Quaglietta | None
Dean Moser | None
Jacqueline Rozina Stanley-Enworom | None
Ron Maloyed | None
Elizabeth (Betty) Caret | None
Irene Liebensfeld | None
Maria J. Terol | None
Martha Young | None
Lucy Bell | None
Bill Norris | None
Tierra L. Kellow | None
Dan Devenny | None
Alec Caprarella | None
Mickell B. | None
Tara Brown | None
Celia Johnson | None
Deborah Provencher | None
Kelly Sorensen | None
Samuel Merchant | None
Jim W. | None
Kim Arnold | None
Joel Weinberg | None
Chris Boortz | None
Cara Hicks | None
Bryan Siemek | None
Craig Jackman | None
Wendy Matthews | None
Lisa Coblentz | None
Lauren Cherry | None
Chris Russell | None
Terrance Hunter | None
Marjie Despeaux | None
Kareem Garrison | None
Sandra "Sandi" Miller | None
Brett Cowan | None
Laura Masone | None
Kimberley Haynes | None
Sean Dixon | None
Brandon Berlett | None
Amy Bahen | None
Windell Camp | None
Elina Misicka | None
Lauren Warner | None
Astghik Grigoryan | None
Tyler Donnelly | None
Juanita Hardy | None
Sandi Glessner | None
Hunter Haines | None
Justin Severino | None
Konteint R. | None
Cequoyah Gates | None
Jason Fogle | None
Christopher Holmes | None
Spencer Schlenker | None
Jonathan Schneider | None
Jason Webster | None
Shannon Dalton | None
Virginia Riley | None
Michael Carter | None
Lawrence Joseph | None
Kaitlyn F. | None
Thaddeus Thompkins | None
Ashley E. Miller | None
Andres Ramirez Ortiz | None
Kevin Caffrey | None
Lorraine Walker Fahringer | None
Camille Lynch | None
Destiny Worthington | None
R Nelson | None
Ashton Feeley | None
John D. Hillman | None
Antoine Johnson | None
Tiki Diggs | None
Jill Harlamert | None
JAY MCHUGH | None
Daisy Long | None
Brandon Walker | None
Paula West | None
Martez Mccall | None
Carolynn Casey | None
Jennifer Roche | None
Pete OGHRE | None
Nicole Moore | None
Rashim Rupani | None
Patricia Ross | None
Billy Givens | None
Vince Tuckwood | None
Supriya Bele | None
Stacey Mendoza | None
Ruth Schlosser | None
Robert Hardy | None
David Tyrie | None
Tito Campbell | None
Amy Paluso | None
Christina E. | None
Nia Gough | None
Matthew Sciarretta | None
Edda Hayden | None
George Rose | None
Theresa Burcham | None
Robert Murphy | None
Judith Anderson | None
Lauren Tate | None
Jason Allan | None
Ray Vincoli | None
Scott Davis | None
Lindsay Platt | None
Melissa Viglielmo | None
Lauren Guzzo | None
Johnathan Lopez Alvarado | None
Deb Gamber | None
Cynthia Lebel | None
Donna Prutting | None
Amy Roberts | None
Paul Levine | None
Beth Carlson | None
Aniya Lay | None
Colby Watson | None
Shonda Hayes | None
Graziella-Vesta Pennington-Evans | None
Jalon Amica | None
Christina Burriss | None
Amari Tasby | None
Anne Marbold | None
Felix Abah | None
Kristi Cox | None
Diane Hunt-Cook | None
Megan Voosen | None
Erin Hand | None
Mel Douglas | None
Kevin Mubanga | None
Gretchen Mauney | None
Darren Davis | None
Deanna Mercado | None
Taylor Rogers | None
Marquette Hillery | None
Patricia Wilson | None
Tyheim Dyer | None
Lindsey Kelley | None
Melanie Spamer | None
Thomas Sotomayor | None
Riah McNeil | None
Lindsay Schmidt | None
Deloris Douglas | None
Helen Kauppila | None
David Kristler | None
Janel L Hernandez | None
Justin Thomas | None
Octavian Braxton | None
Leslie Curl | None
Shaina Hitchcock | None
Paige Consoli | None
Angela McKee | None
Melissa M. | None
John H. | None
Dave Battaglini | None
Danielle Watson | None
Kendal Kraushaar | None
Amirah Richardson | None
Fredrick Walker | None
Stephanie Kearney Small | None
Liz McCormick | None
Olando Hall | None
Brian Kaplan | None
Tom Murphy | None
Jessica Howard | None
Shevonna Wheeler | None
Tra Shields | None
Yvette Frierson | None
Bobby Warren | None
Jamie T. | None
Candace T. | None
Chris Quaale | None
Thelma Grier | None
Alison Sponaas | None
Kimberly Baez | None
Linda Burk | None
Derrick Harris | None
Steve Gleichweit | None
Paul Woodham | None
Nicole Herring | None
Alejandra Zabala | None
Chonia Ballard | None
Lisa Hayes | None
Holly Ross Tong | None
Monica V. Collins | None
James Brown | None
Melissa Brosco | None
Gloria Pitts | None
Amanda Wilson | None
Nakia F. | None
Erin B. | None
Maria Mazur | None
Jessica Jackson | None
Naomi Akinlua | None
Sue Harnau | None
Shelby Kaczur | None
Ami Ruether | None
Tiffanie Thomas Harris | None
Erica Harper | None
Martin Whelan | None
Brianna Williams | None
Joshua Boyken | None
Betty Appleby | None
Christine Gregerson | None
William Lester | None
Melanie White | None
Tahlor Gouin | None
Cory Warren | None
Dawon Lee | None
Josh Arnold | None
Michelle Anderson | None
Tabitha Priddy | None
Rich Shanks II | None
Sharon Saxon | None
Jaime Riley | None
Juniper Gates | None
Mellisa Dobson | None
Asanta Foster | None
Anitra Blankenship | None
Jessica Carboni | None
Mitchell Simmons | None
Ester Sellers | None
M'Lee Jeter | None
Alex McKinley | None
Shelby Bogle | None
Marilyn Foster | None
Taylor Merz | None
Nicole Ball | None
Mary Haynes | None
Annastacia Blakely | None
Lillie Vollmer | None
Ben Fox | None
Kaitlin Kelley | None
Lori Wright | None
Jamie Morton | None
Karly Thornburg | None
Trent Larson | None
Joest Janel | None
Katie Blume | None
kareonno flores | None
Christian Badar | None
Jordan Stewart | None
Lakeisha Sanner | None
Misty Derringer | None
Laura Beard | None
Nikki Worl | None
Kelsey Bowling | None
Jennifer Stephens | None
Kim O'Neal | None
Janet Harmon | None
McKenzi Adcock | None
Eugene Hall | None
Mona Hall | None
Tom Burnell | None
Dean Rogers | None
Aaron Goldberg | None
Sami | None
Will | None
Paula | None
Ashleigh | None
Ashton | None
Elise | None
Michael | None
Daniel | None
Kelli | None
Julie | None
Jessica | None
Prudie Downs | None
Laura | None
Corey | None
Nicole | None
Sherry | None
Johane | None
Lori | None
Stacey | None
Keisha | None
Hannah | None
Dan | None
Joshua | None
Denise | None
Mark | None
Cheryl | None
Lauren | None
Mike | None
Stephanie Blanchard | None
Barbara Lankford | None
Jimmy Elliott | None
Toby Bialzik | None
Kathy Oak | None
Heather LeGare | None
Madonna Kehl | None
Derek Hoppe | None
Misty Holmes | None
Jon Wilson | None
Brandy Keeling | None
Amy Elders | None
LynnMichele Ramage | None
Bjandstacy Saul | None
Bob Maynard | None
Kelly Agee | None
Kristy Roberts | None
Cory Stafford | None
Christine Collins | None
Michelle Reynolds | None
Ben Goodman | None
Jamie Dozark | None
Zanne Williams | None
Poe Brad | None
Maggie Coats | None
Beth Podrovitz | None
Nisa Voyles | None
Raymond Miles | None
Michael Sivils | None
Ally Davis | None
Susan Kling | None
Chris Childers | None
Mike Allen | None
Deanna Sallee | None
Terri Troglen | None
Shannon Day | None
Chalise Klecz | None
Dina Latone | None
Darius Felton | None
Abril Torres | None
Mikayla Akers | None
Destanee S. | None
Maegan Alexander | None
Vickie Gommer | None
Pamela Melnick | None
Louise Dill | None
Brittany Small | None
Kui Melendez | None
Tara Whitley | None
Scott Cooper | None
Jessica Hart | None
Traci Hall | None
Sherry Moore | None
Brenda Harrison | None
Michael Geller | None
Nancy Bateh | None
Jessica Sheridan | None
Sally Lewis Finch | None
Robert Burks | None
Tyler Hinman | None
Porsche S. | None
Heidi Valenti | None
Linda Netherton | None
Delsi Sharisee Williams-Dyke | None
Christine Yeager | None
Alison Schwartz | None
Gesselle Carradero | None
Paula Dow | None
Tom Pitts | None
Cyndi Moeller | None
Junior Belliard | None
Dani Donohue | None
Ashley Cortez | None
Robert Pierce | None
Andres Idarraga | None
Megan Owens | None
Kathy Tolford | None
Lindsey Feest | None
Daniel Ford | None
Sindy Cassidy | None
Chantelle Charlot | None
Joseff Parsons | None
Kathy Brodeur | None
Heather Dolan | None
Kristie Drinosky | None
Cleveland Porter Jr | None
Barbara Ramirez | None
Adam Valiani | None
Steve Bowman | None
Deborah Gieringer | None
Daniel Ford III | None
Barbara Barrett | None
Pat Johnson-Moore | None
Michelle Butler | None
Gloria Leon Cedano | None
David R. | None
Lupita Guerrero | None
Gigi Ambeau | None
Brittany Laguerre | None
Christine Pizura | None
Christina Pacheco | None
Elise De Villiers | None
Diana | None
Harold Hill | None
Dr. Emilio J. Del Riego | None
Joe Curran | None
Reilly Panozzo | None
Evan Yoho | None
Zachariah Almoudaai | None
Josh Hall | None
Angela Boone | None
Christian Beard | None
Michael Jordan | None
Katy Logue | None
Elizabeth Wrasman | None
Kay Flores | None
Jim Smith | None
Tammi Nicholson | None
Kendra Glotzbach | None
John Binford | None
Jeanette Kidder | None
Tracey Carney | None
Tricia Fox | None
George White | None
Dan Tomlinson | None
Carie Chill | None
Kathy Raplee | None
Marla Boring | None
Makayla Bedford | None
Jan "Yahn" Szpila | None
Cito McClure | None
Brooke Preiser | None
Candy Wiseman | None
Samantha Bender | None
Justin Fortener | None
Ashley Benson | None
Bonnie Paul | None
Angela (Tevebaugh) Wire | None
Dave Grubbs | None
AJ Falcon | None
Cerena Hardney | None
Pat Stidham | None
Serra McMullen | None
Javier B Vargas | None
Marilyn García | None
Thomas L. Eselin | None
Jonathan A. Coad | None
Saara Tampio | None
Marian Zimmerman | None
Deb S. | None
Jeffrey Smith | None
Adam Veazie | None
Timothy Shelfer | None
Kaylah Collins | None
Randy Herold | None
Alan Griffin | None
Kelly Moll | None
William P. Gipson | None
Dalton Brady | None
Tabitha Dysart | None
Donna Fryza | None
Ashley Mcnair | None
Al Raden | None
Sharon Amato | None
Kristina Shilling | None
Brittany Torres | None
Cayman Kaurich | None
Michael Graham | None
Colin McNeely | None
Jane Seelbach | None
Tammy | None
Aaron | None
Naveen | None
Gabrielle | None
Sandra | None
Henry | None
Lu | None
Carla | None
Kevin | None
Dara | None
Karen | None
Eva | None
Elizabeth | None
Georgette | None
Dee | None
Janice | None
Jazmin | None
Blaine | None
Amber | None
Tracie | None
Geyceni | None
Amanda | None
Taylor | None
John | None
Kewana | None
Fawn | None
Jane | None
Jose | None
Stacey | None
Yadira | None
Kara | None
Amy | None
Chasity | None
Amy | None
Yolianne | None
Sarah | None
Kelly | None
Debra | None
Andrea | None
Lacey | None
Alison | None
Anthony | None
Joel | None
Leslie | None
Elizabeth | None
Pamela | None
Jennifer | None
Dewayne | None
Jeffrey | None
Consultant | None
Marty | None
Jennifer | None
Eric | None
Stephanie | None
Mayela | None
Steven | None
Charmaine | None
Karen | None
Lisa | None
Stephen | None
Carolyn | None
Cindy | None
Brian | None
John | None
Tammy | None
Melinda | None
Melissa | None
Amber | None
Vanessa | None
Kristina | None
Kristal | None
Corina | None
Suzanne | None
Juan | None
Brandy | None
Stephanie | None
Caitlin | None
Jim | None
Jason | None
Karen | None
Timothy | None
Eunice | None
Maribel | None
Jessica | None
Digna | None
Eric | None
Nicole | None
Ashlee | None
Jessica | None
Melissa | None
Starla | None
Xochitl | None
Debbi | None
Sherry | None
Julie | None
Janelle | None
Milissa | None
Erika | None
Amanda | None
Arka | None
Courtney | None
Clinton | None
Angie | None
Andrea | None
Elizabeth | None
Patrick | None
Nubia | None
Tariane | None
Jennifer | None
Marybeth | None
Lagarde | None
Alan | None
Cynthia | None
Brittany | None
Alyssa | None
Andrea | None
Dominique | None
Linda | None
Kate | None
Kristina | None
Kaley | None
Vicki | None
Adelina | None
Capri | None
Kristie | None
Jami | None
Stephanie | None
Susan | None
YAEL | None
Rose | None
Amanda | None
Marlen | None
Vedant | None
Dillan | None
Adrian | None
Brooke | None
Martina McDowell | None
Karen | None
David | None
Sandra | None
Cari | None
Shannon | None
Kristen | None
Lonnie | None
Divya | None
Koren | None
Karen | None
Sabah | None
Sally | None
Phyllis | None
Becky | None
Francisco | None
Chuck | None
Janice | None
Karen | None
Amy | None
Roberta | None
Dawn | None
Kayla | None
Vanessa | None
Jennie | None
Luzette | None
Bridget | None
Felicia | None
Tonja | None
Malisa | None
Kimberly | None
David | None
Michael | None
Susan | None
Aldo | None
Peggy | None
Angela | None
Katie | None
Luis | None
Melodie | None
Bobby | None
Ethan | None
John | None
Elijah | None
Tyler | None
Kristina | None
Jeffrey | None
Yvonne | None
Wendy | None
Frankie | None
Brooke | None
Janet | None
Kim | None
Nick | None
Charlene | None
Chelsea | None
Kara | None
Chris | None
Alie | None
Jodi | None
Lauri | None
Laura | None
Nick | None
Alex | None
Lacey | None
Phillip | None
Alexandra | None
Denise | None
Heather | None
Leslie | None
Jessica | None
Cheryl | None
Joanna | None
Lois | None
Kerri | None
Christine | None
Patrick | None
Joan | None
Elena | None
Jasmin | None
Leslie | None
Allen | None
Anthony | None
Christina | None
Helen | None
Todd | None
Astrid | None
Sandy | None
Lakesha | None
Angel | None
Meaghan | None
Christina | None
Drew | None
Joshua | None
Lourdes | None
Shauna | None
Rebbecca | None
Lindsey | None
Tracy | None
Heather | None
Arlie | None
Syvanna | None
Brian | None
Robin | None
Eden | None
Sara | None
DesaRae | None
Kim | None
Jose | None
Marcela | None
Hoda | None
Alexis | None
Rosie | None
Brooke | None
Barbara | None
Tamera | None
Yvette | None
Tracy | None
Christina | None
Nikki | None
Paulla | None
Grace | None
Kayla | None
Arlene | None
David | None
Cindy | None
Tony | None
Kelly | None
Jaime | None
Julia | None
Andrea | None
Lilly | None
Ellie | None
Arlene | None
Chip | None
Yvonne | None
Emily Harsh | None
Tye Mason Jr. | None
Leymar Matos | None
Kevin J. Kerrigan | None
Leah Glover | None
Ian Denard | None
Melissa Gambone | None
Kerri Aten | None
Vanessa Roman | None
Josean Perez | None
Carol Lennon | None
Candice Pop | None
Kirsta White | None
Desi Terzieva-Zsilavecz | None
Danielle Budenz | None
Rachel Washburn | None
Sonia Bowman | None
Sally Hill | None
Nixalys Castellano | None
Susan Sheehan | None
Dalton B. | None
Jacob Walker | None
Susan Branley | None
Daria DiTorro | None
Bill Bishop | None
Minnie Fink | None
Elide Sterlin | None
Alaina Hewitt | None
Priscilla Harris | None
Hal Klein | None
Carmen Rivera | None
Cat Barto | None
Irene Kadziela | None
Emily Williams | None
James Taylor | None
Phillip McKeon | None
Candie McKee | None
Ronald Lunt | None
Christopher Gralski | None
Verenice Cervantes | None
Michelle M. Schwartz | None
Lauren Carew | None
Judi Wesolek | None
Robert Thomson | None
Lonas Catherine | None
Lisa C. | None
Marla Mosser | None
Christopher Lubowiki | None
David Gonzalez | None
Amanda Sands | None
Katrina Minck | None
Jared Alwine | None
Aubree Grist | None
Kimberly Lozada | None
Noreen Renna | None
Justin Myers | None
Alvin Rodriguez | None
Tiana Hill | None
Anwen M. | None
Fallon Hartman | None
Dianna Richter | None
Maranda Staub | None
Becky Jackson | None
Shelly Kuzma | None
Carrie Conn | None
Riley Hurst | None
Joe Z. | None
Leah Jerome Berrios | None
Will Stallworth | None
Reiko Drake-Cortes | None
Edward James Smith III | None
Rose Chu | None
Ernie Schaefer | None
Dyan Doughty Kelly | None
Joyce Yorgey | None
Kimberly Frank | None
Setar Mark | None
Jasmine J. | None
Jeanette Hand Archetto | None
Christine Boyce | None
Linda Channing | None
Anna Feldman | None
Jose Zuniga | None
Hannah Stein | None
Janice Poole | None
Jonathan Rodriguez | None
Fayon Williams | None
Felicía M. | None
Jaydeen Torres | None
Mary Kirson | None
James Strawbridge | None
Yvonne Johnson | None
Donna Maraldo | None
Nicole Dane | None
Monique Rojas | None
Chris Brophy | None
Lori Myers | None
Roger Siegrist | None
Erin Medeiros | None
John N. Rushlow | None
David E. Clark | None
Steve Oskie | None
Gabriella Stambaugh | None
Alice Pescuric | None
Ing. Jorge G | None
Nick Royack | None
Philip Dye | None
Sue Polanco | None
Richard Libutti | None
Donna Benner | None
Saffron Dugan | None
Heather Homer | None
Kevin Croskey | None
Christopher Marotta | None
Marlene Frank | None
Ashley Mason | None
Gwen Jenkins | None
Heather Spinello | None
Helen Zhao | None
Alison Rife | None
Abbie Fogle | None
Bree Skitsko | None
Crystal Franco | None
Pam Dalton | None
Michelle Sedor | None
Tim Cirisoli | None
Stephanie Samol | None
Justin Gibbon | None
Brenda Harvey | None
Kim Cox | None
Heather H. | None
Amy Hossler | None
David Edwards | None
Gared Chrismer | None
Lori Wells | None
Malachi McNeill | None
Howard Pinder | None
Chad Arnold | None
Cheryl Powell | None
Robin Brun | None
Dionne B. | None
Lily Comisso | None
Megan Brown | None
Rob Lee | None
Fran Hoying | None
Kevin Ndife | None
Helen Rodriguez | None
Bruce Rowles | None
Kimberly Gallagher | None
Christopher L Bailey | None
Gabriel Pena | None
Kevin V. | None
Richard White | None
Katherine Borowski | None
Sue Shaffer | None
Sara Huron | None
Britanie Volpe | None
Christine Kiefer | None
Cindy Machoukas | None
katherine A. | None
Wendy Gold | None
Willie Frye | None
Gareth Muller | None
Hilary Turacek | None
Phyllis Goldberg | None
Angel Jones-Payton | None
Rebecca Marich | None
Amanda Long | None
Lisa Pearce | None
Heather York | None
Lisette Benzerad | None
Shantae Rollins | None
Ian Lilburn | None
Paula Hennessy | None
Heather DiLauro | None
Ashley Philipp | None
Ethan Weiss | None
Jody Wheaton | None
Mark Bretz | None
meme marks | None
Jason Smith | None
Michelle Gifford | None
Tim Randall | None
Vincent Lip | None
Regi Casellas | None
Kathleen Hicks | None
Laurel McDowell | None
Patrick Donaldson | None
Christina Gottfried | None
Rokhaya Hanne | None
David Gruber | None
Alsacia Coleman | None
Thomas Zwiefel | None
Krissy Adkins | None
Derek Coons | None
Starsha Brown | None
Meghan Bilardo | None
Teri Brenton | None
Darryl C. Hunt | None
Nikki Fitzharris | None
Coy Fletcher | None
Kathy Trautman | None
Pamela M Williams | None
Ruswyn De Jesus | None
Caprice Riley | None
Wayne Kelley | None
Scott Artley | None
Shannon Harris | None
Mark Verica | None
Jeff Markiewicz | None
Gerardo Ramirez | None
Anne Mook | None
Daniel J. Price | None
Mary Anne Carmody-Kubasko | None
Allyson Nicol | None
Melissa Caldwell | None
Judy Fuentes | None
Steve Steklenski | None
Alex J. Seltzer | None
Angela Long | None
Richard Vennera | None
Tahjaia Barber | None
Jennifer Devlin | None
Bridgid Kidd | None
Michael H. | None
Meredith Walker | None
Beth Jennings | None
Ivana Anderson | None
Nick Croce | None
Eric Peterson | None
Sue Frey | None
David A. Palladino | None
Hilda Calderon | None
Aaron Baugher | None
Lawrence Hohner | None
Christopher Thorn | None
Diana De la Cruz | None
Paul Keller | None
Alisa Truax | None
Courtney Pelczynski | None
Bobbie Comisar | None
Sarah Koehler | None
Nancy Burris | None
Denise Sprague | None
Estella Blake | None
Beau Smith | None
Patty Bernal | None
Connie Johnson | None
Joy Connelly | None
David Scott | None
Kyle Engan | None
Crystal Grimm | None
Linda Rowell | None
Dani Wright | None
Ashley Reams | None
David Kazakevich | None
Meaghan Eisenhart | None
Sabrina Fusco | None
G.J. Weiss | None
Georgia F. | None
Kathy Patton | None
Michele Rozet | None
Mitchell Taufer | None
Suzanne Jones | None
Christopher Tufano | None
Justin Piacentine | None
Dana Kehan | None
Christina Rudnytzky | None
Mary Timlin | None
Ryan Trimble | None
Erica Rodgers | None
Evan C. Baughman | None
Joshua Mitchell | None
Shawna L | None
Luke Brewster | None
Anissa Harris | None
Marcie Dent | None
Jason Corn | None
Wesley Rapplean | None
Paige Beasley | None
Kelene Meyer | None
Alisha Simmons | None
Vito Melfi | None
Lourdes Rey-Wilson | None
Ira Moch | None
Madison Allen | None
Kathy Ford | None
Nicole Ross | None
Lee Ulsas | None
Bradley Hatcher | None
Donna Doan | None
Wan Choi | None
Sarah Fears | None
Jessica Brcinovic | None
Sharese G. | None
Mary Lallucci | None
Candice Cohen | None
Tammy Davidson | None
Dawn Ford | None
Tabitha Miranda | None
Joan Greenberg | None
Jared S. | None
Cesar Estrada | None
Benjamin Hazel | None
Larry Francis | None
Tom Shea | None
Terrie P. | None
Jean Vankerckhove | None
Kathleen Heath | None
Angela Taylor | None
Brittany Hornbeck | None
Carl Tharps | None
Kurt K. | None
Amanda N. Cropper | None
Karianne Frank | None
Frederick Brown | None
Tina Lopez | None
Mario Siller | None
Devoralyn Brandon | None
Amy Sims | None
Laurie Baggett | None
Balone Thompson | None
Christine Mitchell | None
Gregory Ceaser | None
Naty Ashba | None
Brettany Bailey | None
Lynn Gwinn | None
Patricia Greene | None
Karma Tucker | None
Josh Daignault | None
Greg Gingerich | None
Amerley A. | None
Linger Ge | None
Nancy Eliades | None
Amy White | None
Gery Claybon | None
Mat Gookin | None
Laura Johnson | None
Kari Uman | None
Melissa Dowell | None
Kim Santos | None
Tom Sohlberg | None
Kellie Hoff | None
Gabby Scaglione | None
Danielle W. | None
Patrice Chang | None
Kyle Foti | None
Angela Saillant | None
Alex Pivchin | None
Sonia Kirkpatrick | None
Juan Quintana | None
Jacob Lezcano | None
Tara Andrews | None
Diana Campos | None
David Davidoff | None
Christina Ruiz-LeBarron | None
Ernest Niwore | None
Casey Farmer | None
Mary Lalucci | None
Linda Cartelli | None
Donna M Lewis | None
Traci Burrell | None
Hank Capen | None
Jamie Rivera | None
Fermin Gonell | None
Yolie Correa | None
Roya Milotte | None
Jonique Vann | None
Adrianna Smith | None
Tiffany Bouchillon | None
Jeane Hah-Garnett | None
Rebecca Cruz | None
Henry J. Lucas | None
Tracy Dickinson | None
Yesenia Estremera | None
Corfe Wright | None
Elyse Nicole Garrett | None
Catherine "Cat" C. | None
Jan Teschel | None
Corie Goldsmith | None
Amy Zimmerman | None
Dr. Meredith Rudolph Payne | None
Sarah Gallow Young | None
David Kelley | None
Jeanne Brooks | None
Greg Strotman | None
Thomas Hubbard II | None
Ralph 'Rafael' Dugas | None
Bob Slauter | None
Gary Novy | None
Cristina Valdes | None
Melody Ipolito | None
Richard McFarland | None
Michael D. Snell | None
Risa Wood | None
Linda Hanrahan | None
Rebecca Graham | None
Michael Clifton | None
Rosalie Bernstein | None
Sarah L. | None
Baldo Leon | None
Erin E. DeSimone | None
Kye Mitchell | None
Jonathan Elly | None
Andre Cepeda | None
Michael Budhu | None
Kimberly Taylor | None
Anna Tatar (Ladanyi) | None
Taryn Gisbert | None
Matthew Palumbo | None
Stephen Natowich | None
Brent Rodgers | None
Deana Nolan | None
Elaine Burnett | None
Warren Roberts | None
Joshua Reames | None
Mitul Patel | None
Kathy Maffett | None
Floyd Thompson | None
Ann Clark | None
Karen Smith | None
Christina Mann | None
Beth Heine | None
Robert Jacobs | None
Ashley Brown | None
Tara Minyard | None
Willum Gallagher | None
Jermaine Steward | None
Dr. Leslie Bessellieu | None
Kenny Hanson | None
Madeline Holland | None
Jodi Snider | None
Manami S. | None
Jeffrey Bedard | None
Dennis Hunter | None
Diane Wise | None
Toriano Harvey | None
Sam O'Neill | None
Angelia McClanahan | None
Alexis Lussier | None
Hitesh Buch | None
Daniel evarts | None
Steven Dixon | None
Robert Johnson | None
Rachael D. | None
Julie Outar | None
Jennifer Diaz | None
Steve Mascena | None
David Mowatt | None
Patrick McCue | None
Julie Gossett | None
Shaneoux Forrester | None
Gina Fernandez | None
Jessica Looper | None
Lesley Herbert | None
Chandelle Fastiggi | None
Tracy (Klinedinst) Dresnin | None
Jody Beatty | None
Pamela Miles | None
Delana Pruitt Patterson | None
Paige Gilligan | None
Regina Flores-Pearson | None
Nate L. | None
Michelle Gonzalez | None
Haley Napier | None
Shina Caldwell | None
Therese Bradbury | None
Cathy Jones | None
Ashlee Pierce | None
DeYanne Mapp | None
David Ricardo | None
Elysha Alladina | None
Quavon Mitchell | None
Jennifer B. | None
Jackie Ivan | None
Megan Conroy | None
Doddi Ducharme | None
Thom Le | None
Don Jernigan | None
Michelle Patsell | None
Philip Arnhold | None
Mariann Burson-Haywood | None
Filiz Babalik | None
Will Drennen | None
Cheryl Miller | None
Steve Smith | None
Teresa Robinson | None
Bekir Atahan | None
Ryan Edgerley | None
Kimberly Layne | None
Gloria Michael | None
Delayn Harley | None
Rachel Wheaton | None
Adam Smith | None
Wanda Clendenin | None
Mary Pastor | None
Carolina W. | None
Sandra P. Buteau | None
Tiffany DiLeonardo | None
Gloria R. Little | None
Monique Quarles | None
Amanda Goyer | None
John Haywood | None
Judy Romano | None
Amy Perdue | None
Melissa Tolliver-Lewis | None
Michael Slatoff | None
Shawn Hecker | None
Rene Pugh | None
Kristie Thompson | None
Jennifer Harris | None
Angie B. Haynes | None
T. Danielle F. | None
Paul Banks | None
Derek Hutchinson | None
Braelynn Wiggins | None
Matt Ruggieri | None
Ilaisa Sablay | None
Kendra Honaker | None
Kathleen Rega | None
Logan Campbell | None
Ean Chartier | None
Julia Singer | None
Joshua Smith | None
Suzie Manalang | None
David Brown | None
Clarence Rutland Jr. | None
Spencer Eckis | None
Hannah Kim | None
Tori Sheets | None
Hussein Ali Al-Awsaj | None
Ashleigh Brown | None
Regina Cropper | None
Barbara Bittner | None
Patricia Hoke | None
Lindsey Saylor | None
Erika Wilber | None
Nicole Ramsey | None
Sharon Schmidt | None
Lanie Most | None
Veniecia Chavies | None
Carole Charland | None
Matthew Goldstein | None
Joanna Lee | None
Lillian Guzman | None
Olivia Fries | None
Lexy Legg | None
Kristine Hall | None
Madison Barao | None
Dana Inerfeld | None
Angela Hannam | None
David Dasher | None
Brynn Olson | None
Susan B. | None
Terrie Martinez | None
Drew Wittenberg | None
Matt Quoss | None
Rod Blomquist | None
Caitlin Ribeli | None
Leanna Fredrich | None
Anthony Turyn | None
Natasha Royter | None
Brian McGuire | None
Jayme Greene | None
Fay Goettsche | None
Mario Rivas | None
Stacey Moore | None
Irving Villalobos | None
Marilyn Monnette | None
Patrick Brown | None
Michael Britton | None
Tammy Fernandez | None
Athena Dixon | None
Jennifer Talbott | None
Maryjo Whitney | None
Beth Whittenburg | None
Diana Chavez De Miranda | None
Noreen O'Connor | None
Jeshika Solanki | None
Ryan McGrail | None
Justin Lewis | None
Larry Duran | None
Sara Tonnis | None
Kathryn Seyfarth | None
A.J. Harris | None
Alonnah Coslian | None
John Calhoun | None
Tim Strandberg | None
Teddy Dwyer | None
Chris Klinkner | None
Travis Urie | None
Amy ODaniel | None
Todd Robinson | None
Sean Ralph | None
Mike Reilly | None
Denver Brown | None
Jenna Guild | None
Lena Ogan | None
Nicole Peirce | None
Joshua Davis | None
Nina Martis Jetter | None
Patti Siwa | None
Kathy Olson | None
Devon Denava | None
Alex Calderwood | None
Brooke Hvizdak | None
Jackson Holdaway | None
Tony Sanchez | None
Tera Archuleta | None
Vicky Powers | None
Mitch Galligan | None
Brenda Krupp | None
Chris Bonnstetter | None
Halee Wittinger | None
Ben Weddle | None
Jade T. | None
Israel Ashley | None
Derrick Brockel | None
Amanda Perez | None
Matthew Moore | None
Christina Barr | None
Lindsey Tripp | None
Curtis Hurley | None
Liz Dean | None
Lauren Griffin Chatfield | None
Ward Broyles | None
Grant Miller | None
Graciela N. | None
Kathie Branam | None
Codi Cox | None
Hunter Frost | None
Jonathan Blount | None
Rachana Shah | None
Sierra Vara | None
Jorge Aguilera | None
Hayley Norman | None
Mark Joseph | None
April Wilson | None
Shannon Strother | None
Vandana Kattela | None
Keith Clay | None
Diane Pipkin | None
Stacey Whooley | None
Kirsys Marte-Chavez | None
Maribel Barrientos | None
Mary Beth Fitzpatrick-King | None
Erin Peters | None
Maureen Roderick | None
Margie Yaste | None
Jesus Cabezudo | None
Jordan Pizzo | None
Arielle Thompson | None
Sheri Reighard | None
Megan Cavanah | None
Alec Anderson | None
Emily Gunther | None
Jackie Henderson | None
Jill Archbold | None
Kristin Sterling | None
kim Romero | None
Philip Hawley | None
Francine Sewell | None
Pat Abe-Self | None
Abigail Hoffman | None
Matthew Taylor | None
Lisa Mostek | None
Nolan Lewis | None
Linda Wilson | None
Will Horton | None
Karen R Morris | None
Nicole Villanueva | None
Amy Becker | None
David Seils | None
Shelly Goetz | None
Jerome Bunkers | None
mike gallardo | None
Eric Hess | None
Debbie Schmidt | None
Anthony Bowie | None
Isaac Farias | None
Maurice Wilcots | None
Bob Devaney | None
Chris Wells | None
Erykah Greenwood | None
Julia Ramirez | None
Danny F. | None
Evan Darling | None
Annette Cole | None
Cari Pearson | None
Mycael Spear | None
Jade Heide | None
Christopher Hurst | None
Michelle Rovn | None
James Greeney | None
Cassandra Doudna | None
Carole Wetsel | None
David M. Schmidt | None
Paul Okonkwo | None
Anna Auchey | None
Jamie Kurec | None
Brett Felter | None
Macy Fenton | None
Yolanda Gallardo | None
Scott Cryer | None
Amber O’Neil | None
Abraham Hiel | None
Mary Pyrz | None
Santiago Quinio | None
Jacob Barr | None
Alexander Chambers | None
Brad Noonan | None
Bruce Fogel | None
Brooke Chapman | None
Sarah Ogle | None
William Sherman | None
Isaac Feldman | None
Kathleen Souza | None
Barbara Esparza | None
Amy Nelson | None
Veronica Schmidt Harvey | None
Donna Kelly | None
Michelle P. | None
Nicole Sollars | None
Marc Galardy | None
Grace Sult | None
Jose Rivera Zambrano | None
Anthony Pedroza | None
Danny Wahl | None
Aleks M. | None
Matt Birmingham | None
Kalana Tipton | None
Felicity Fischer | None
Priya Prakash Nayak | None
Sandra Palma | None
Evan Armstrong | None
JD Bensen | None
Gaye Unverferth | None
Tim Foxworth | None
Craig Dimbat | None
Adriana Rojo | None
AJ Groff | None
Nissi Gonzalez | None
Joshua Ngo | None
Emily Neipp | None
Krystie Reidhead-Watson | None
Erica Sarahong | None
Victor Salako | None
Kayla T. | None
Kristen Fowler | None
Jack E. | None
Hunter Derrick | None
Jay Bolt | None
Tiffanie Poyser | None
Clay Taylor | None
Becky Lau | None
Christopher Siemon | None
Sarah Pasley | None
Sharon Riker | None
Nila Kershner | None
Fred Stradling | None
Matt Buffum | None
Inna Petyukh | None
Brian Hoskins | None
Robert Poole | None
Renee Campbell | None
Aubrey Ellsworth | None
Cynthia Rice | None
Terry Seifert | None
Malinda Searle | None
Alex Riley | None
Kylee Albu | None
Nikki Nedved | None
Logan Whitney | None
Jean Pierre Cóndor Zevallos | None
Carely G. | None
Shasta P. | None
Barbara Fryar | None
Jennifer Kirkpatrick | None
Dave Anderson | None
Wanda M Behling | None
Darin Vandecar | None
Caitlin Floyd | None
David Taylor | None
Amber Malhas | None
Deborah McCain | None
Thomas Hoepner | None
Dan Barron | None
Kaylee Menk | None
Marcus Galardy | None
Lindsey Brimhall | None
Brian Blackburn | None
J.T. Mints | None
Geomhara Hidalgo-Bernard | None
Badger Meles | None
Jenn Tillman | None
Greg Evanson | None
Debbie Gunn | None
JuWan Richard | None
A Sandoval | None
Mike Gantt | None
Bobby Burnett | None
Lori Anne McBride | None
Jeremy Calvin | None
Robert Harjo | None
Amanda Bautista | None
Casey Feasby | None
Elena Gray | None
Abby Woodley | None
Lori Anne DeBry | None
Deborah Campbell | None
Cassandra West | None
Margarita Quezada | None
Janice Sloan | None
Valerie Ortiz-Uranga | None
Eric Blowers | None
Marisol Espinosa | None
Sherri Rials | None
Julie Motyka | None
Jim Condon | None
Charlotte Flanagan | None
Azeez Kehinde | None
Ana M Deo | None
Mark Flores | None
Whitney N. | None
Leah Duran | None
Norma J. Ochoa | None
Gloria Pais | None
George Alexander | None
Vicki Haywood | None
Kent Berry | None
Rachel Clawson | None
Debbie Langford | None
Kelly Hartwell | None
Jennifer Black | None
Tamia Sheffield | None
Tracey McCurley | None
Jan Higginbotham | None
Shwan Mustafa | None
Renee Taylor | None
James S. Miller, Jr. | None
Derek S | None
Tricia Radoff | None
Leslie Ochoa (Perez) | None
Julie VanWormer | None
Alex Suarez | None
Steve Ferber | None
Jamekeya Roberson | None
Monique Smith | None
Jana Martinez | None
Adebimpe Oladesu | None
Erika Atkins | None
Claudia Leal | None
Lhaydee Lhee Rico | None
Julie Trevino | None
Melinda Wetzel | None
Sonjay D. | None
Kumani Arthur | None
John Lovell | None
Estrella Harris | None
James Wampler | None
Dee M. | None
Kathy Miller | None
Nicholas McAuliffe | None
Carl Morgan | None
Arvis Watts | None
Denise Torres | None
Audrey Taylor | None
Karla Villarreal | None
Leshter Delgado | None
Kirstin Moore | None
Sarah Davis | None
Jonathan Adeniyi | None
Libby Sartain | None
Jenna Morgan | None
Carmen Alston | None
Ashley Nicole Vargas | None
Jenalyn Sablan | None
Sam Caballero | None
Marc Anthony | None
Naomi Emilimor | None
Matt Williams | None
Nemitha Lakshman | None
Nellie Bakuwa | None
Kim Bennett | None
Stephanie M. | None
Desiree Orsot | None
Kitty Warren | None
Tim Powers | None
Katie Johnson | None
Kathy Jones | None
Sally Chiu | None
Jennifer L Moudy | None
Ishmahil Shotonwa | None
Ginger Flennoy | None
Lisa Randolph | None
Mark C. | None
Kristine McFarlin | None
Douglas Grimme | None
Tom Gaylord | None
Harold A. Wesson | None
Rose Wofford | None
Tasha Glasscock | None
Francisco Vigil | None
Scott Stephenson | None
Wayne Sirois | None
Maureen Marshall | None
Basil Ngoe | None
Maria Berube | None
Martial N. | None
Amanda Head | None
Serreta Bryant | None
Keith Allison | None
Diana Arias | None
Onome Igbeyi | None
Shanterra Reign Smith Amon Quarcoo | None
James O. | None
Janet Faulk-Gonzales | None
Piyapa K. | None
Lara Blair | None
Bevy Blackman | None
Kristen White | None
Sandy Cureton | None
Jonathan Hill | None
John McGimsey | None
Richard Nielsen | None
Escalona Vanessa | None
Kathy Luker | None
Charmaine Swanevelder | None
Anthony (Tony) Rogers | None
Ifedamola Adisa | None
Evelina Longoria | None
Mohammed Ali | None
Sara A. | None
Tammy Key- Mitchell | None
Nolwenn Alisha | None
Don Maglott | None
Brianna Bryant | None
Moses Francis | None
Jerrod Petrovich | None
Deidra McPhail | None
Tracy Winter | None
Sarah Musser | None
Gloria Vargas | None
Melissa L McMahan | None
Grace Mutombo | None
Danielle Lewis-Payne | None
Michael Giles | None
Juan Flores | None
Sherilee K. | None
Stephen Stiefel | None
Tom Hawes | None
David Frerich | None
Santiago Valdez | None
Maritza Garcia | None
Alyssa Cardenas | None
Andrea Knights | None
Tom Wood | None
Madeline Hubbard | None
Cynthia Albrecht | None
JP Magalong | None
Kimberly Hinton | None
Rachel Reyna | None
Gabe Cobian | None
Gabe Morales | None
Tripty P. | None
Cassandra Lopez | None
Jennifer Bennett | None
Brandon Bruch | None
Kayla Watson | None
Alejandra Lopez | None
Brian Marx | None
Carmen King-Meacham | None
Jazmine Perez | None
Polly Mitchell | None
Jane Mangiafico | None
Mary Fox | None
Jeana Watson | None
Dominique F. | None
Rick Weld | None
Matthew Elkins | None
Sandhya Renikunta | None
Leslie Ochoa | None
Davy Bridges | None
Stefanie Robertson | None
Bryce Wharton | None
Damion Bryant | None
Aisha Johnson | None
Kristopher Moore | None
Kristen Olivas | None
Darla Agnew | None
Lynn Kindler | None
Rebecca-Priya Mediratta | None
Chris Bowen | None
Linda Moya | None
Kim Mundell | None
Carmen Diaz | None
Aaron M. | None
Brianna Schulze | None
Steven Perez | None
Prithivi T. | None
Cia Mitchell | None
Marisa Castillo | None
Samhira T. | None
Marcus Dixon | None
Ian Brown | None
Jennifer Brooks | None
Audrey M. Soto | None
Jesse Rivas | None
Jarrett Gunnels | None
Jennifer Evans | None
Todd Roberts | None
Kimberly Dinh | None
Ron Shewbart | None
Brandon Moore | None
Amy Smart | None
Cassyn Skidmore | None
Janet Kayode | None
John Clark | None
Tanya Lewis | None
Swathi Putta | None
Hannah G. | None
Jonathan J. | None
David Griffin | None
Kyle Boyer | None
Denise Johnson | None
Angela Williams | None
Christopher Munoz | None
JP Villacreses | None
Judy Sehorne | None
Cheyenne Stevens | None
Janie Munoz | None
Jennifer Elliott | None
Andy Jarnagin | None
Dora Franklin | None
Stephany Preacher | None
Barbara Goins | None
James Bruce | None
Brett Martin | None
Quinton Stallworth | None
Ray Brown | None
Richy Wood | None
Veronica Mata | None
Tish Hernandez | None
Emma Hagl | None
Anthony Nguyen | None
Teri Morales | None
Shawn Coleman | None
Karina Soto | None
Kayla Pruitt | None
Jeanne Verkinnes | None
Mia Groom | None
Joey Valdez | None
Laura Harper | None
Delilah Rivera | None
Meagen Hudson | None
Tamika Phillips | None
Daniela Ramirez | None
Succubi Zucchini | None
Jennifer Carlock | None
Jocelyn Rodriguez | None
Naomi Williams | None
Jesus J. Melhem | None
Tonya Anderson | None
Vanessa Robles | None
Tara Weber | None
Brenda Noordam | None
Kaley Thomas | None
Joann Moore | None
Isabella Xiao | None
Sylvia D.M. Woodson | None
Arjun Gopi | None
Patrick Ngueguim | None
Daniel Gomez | None
Gian Rocha | None
Sherry D | None
Felipe Loza | None
Sam Nelson | None
Rayford Williams | None
Melissa Garza | None
Marc Turner | None
Maureen Fitzgerald | None
Sadie Gonzalez | None
Gary Fesenbek | None
Celine Clifton | None
Patricia Sanchez | None
Julian Kasten | None
Andrea Evans | None
Alex Miranda | None
Brittany Collins | None
Marco Flores | None
Diane Parr | None
Colleen McGlinn | None
Jordan Wedeking | None
Frank Armendariz | None
Khalil Rodriguez | None
Bobbi Hekkanen | None
Geraldine De Guzman | None
Connie Sowin | None
Wendy Anguiano | None
Bruce Xu | None
Sean Huang | None
David Robinson | None
Nicole Gutierrez | None
Cassandra Cozzolino | None
Kailyn Bradshaw | None
Xin Xiang | None
Michelle Villafane | None
Hugh Paxton | None
Ivy X. | None
Lucas Sambugaro | None
Brian Danihel | None
Sharon J. | None
Matthew Allen | None
Gregory Kender | None
Abner Perez | None
Rasha Roshdy | None
James Delaney | None
Austin Davis | None
Tatiana Prieto | None
Autumn Parker | None
Alysia Williams | None
Francisco Guerra | None
Lauren Puricelli | None
Jeff Sahakian | None
John Paulson | None
Leah Wilson | None
Rachael Vinas | None
Adam Conrad | None
Melanie Reilly | None
Michael Hall | None
Joanie Cameron | None
Robert OBrien | None
Margo French | None
Irina Alexandru | None
Bezza Moulekaf | None
Jamlick Luteme | None
Keny R. | None
Dan Travis | None
Suzie Davidson | None
Karrie Vach | None
Patrick McMenamin | None
Myles Avent | None
Akeeba Thomas | None
Mateo De La Cruz | None
Marcella Castellanos | None
Teri Mustol | None
Crystal Villaseñor | None
Wesley Merritt | None
Yao Saechao | None
Amanda Boots Bonavida | None
Matt McAdams | None
Nicole Tognotti | None
Brian Feltham | None
Tanya Rosado | None
Kevin Garcia | None
Daisy Noto | None
Kyle Dresser | None
Jenifer Cabaniss | None
Michael Decillis | None
Milton Johnson | None
Pamela Wright | None
Giovanna Mantilla | None
Elizabeth Ashual | None
Teresa Wik | None
Charlotte Manning | None
Frank Fratto | None
Micha Carabajal | None
Paola Lima | None
Lula Balistreri | None
Ines Deschamps | None
Yury Hurzhyi | None
Rommel G. Roque | None
Laura Headington | None
Keith Kellett | None
Ken Lui | None
Jason Sbordone | None
Eva Yip | None
Jennifer Ventura | None
Kathy Hadizadeh | None
Tess Neitenbach | None
Raul Mendoza | None
Maria Alvarado | None
Erica Kroll | None
Linea Mahler | None
Rita Rubin | None
Makayla Wisdom | None
Mahdi Gad | None
Nickolas Bagshaw | None
Karen Leander | None
Paolo Espinoza | None
Martine C. Scorza | None
Lauri Brown | None
Veronica Aceves | None
Edbrian Perez | None
Tyler Lieberman | None
Julia Tenenbaum | None
Damian Ambrose | None
Marcy Willis | None
Eddie Flayer | None
Anthony P. | None
Angelina De La Cueva | None
Ruth Ann A. | None
Cynthia Stewart | None
Phil Blair | None
Hillary Nguyen | None
Cynthia Guthrie | None
Rosa Antonia Carrillo | None
Kimberly Muljat | None
Matt Bornstein | None
Brian Umpad | None
Shaday Dillard | None
Oscar Menjivar | None
Kate Bergin | None
Christian Smith | None
Curtis Dixon | None
Thomas Searles | None
Bailey Youngblood | None
Rick Lupinetti | None
Patricia Spalding | None
Andrea Padilla | None
Jasmijn F. | None
Christina Johnson | None
Jessica Carmona | None
Michael Mercier | None
Jerrold Donato | None
Jerrymarie Morales | None
Joan M. | None
Karen Fay | None
Christina M. Vazquez | None
Gabriel King | None
Alessandra Stone | None
Jacob Chaidez | None
Irateen Willis | None
Jennifer Torres | None
Melanie Matt-Hodges | None
Eddie Chantavong | None
Tonie Mary Jane Credo | None
Jose Chavez | None
Gennevie Lee De Leon | None
Denise Lorraine | None
Greg F. | None
Brenda Villalobos | None
Riki Nehez | None
Monica Mataalii | None
Jeffrey L. | None
Irma Anaya | None
Johana Vargas | None
Josie Diaz | None
Anne Marie Roberts | None
Kevin Nguyen | None
Samuel Reveles Jr. | None
Joshua Halvorson | None
Knechele Reed | None
Carol Cannon | None
Tamar Lion | None
Mucheal Rob | None
Benzer Flores | None
Elizabeth Perry | None
Shannon Flinson | None
Paul Schatzman | None
Annie Shalita | None
Veronica N. | None
Liana Sanchez | None
Carie Jackson | None
Bria Kilkenny | None
Michael J. Alvarez | None
Kim Thomas | None
LLUBI CASAS JOVE | None
Deborah Kafka-Hirsch | None
James Santana | None
Quinnetta Simmons | None
Pamela J. Sanchez | None
Liz McChesney | None
Gary Ngo | None
Susan Chang | None
Yuchi Hung | None
Kimberly Higgins | None
Carol Hyer | None
Emanuel Quezada | None
Donna Loy | None
Jerry Digdigan | None
Kevin Hayward | None
David Dickerson | None
Vanessa Reid | None
Isidra Valenzuela | None
Vince Barner | None
Erica Briseno | None
Pauline Mena | None
David Nawabi | None
Nicki Hedrick | None
Erica Anglin | None
Dean Gomez | None
Jason Alexander | None
Ashley Copple | None
Xiorelys Duran | None
Denise Barone | None
Junior Sy | None
Bea Marie Opelanio | None
Tina Bittner | None
Manny Ramos | None
Wendy Howe | None
Maria Calderon | None
Mayra Martinez | None
Sergio Barragan | None
Wendy Szabo | None
Jay Hollis | None
Vita Kuchynska | None
Jose Cueva | None
Gina Moran | None
Jennifer Arredondo | None
Brooke Farley | None
Ashley Doyle | None
LaBarbera, Leslie | None
Blanca Montesinos | None
Tracy Pride | None
Jeannie Fernandez | None
Lynn Adams | None
Eliza Mountcastle Shah | None
Tomarra Freeman | None
Joe Galati | None
Jessica Snyder | None
Jackson Dinh | None
Feven S. | None
Korey Viater | None
Craig Applehof | None
Tania Lewis | None
Cheryl Johnson | None
Caroline Hunt | None
ChaVon Kearney | None
Mark Magruder | None
Paul Hastings | None
Denise Roberts | None
Laser Marquez | None
David Klein | None
Els Green | None
Joshua Galang | None
Kaszya Saldana | None
Nora M. | None
Marla Olguin | None
Jerry Alcones | None
Justin Dugish | None
Vickie Fuller | None
Andrew Reyes | None
Emily Rendon | None
Andrew Pulaski | None
Devin S. | None
Jenny Rodriguez | None
Laura Vera | None
Jose Gutierrez | None
Karina Flores | None
Charvel Rouen Paredes | None
Ariana AuClair-Valdez | None
Vianey Zepeda | None
Sonia Anaya | None
Betty Z | None
Jay Patterson | None
Sylvia Burke | None
Lydia Li | None
Nghia Do | None
Ruth Zamarripa | None
Breana Sunia | None
Veronika Perez | None
Steven Moore | None
Shirley R. | None
Marysaa Zeviar | None
Sheryl Brinkley | None
Andy Menker | None
Angela E. | None
Tom Nesler | None
Troy Hennum | None
Deanna Swigert | None
Sean Cissna | None
Julie Loucks | None
Amina M. | None
Melissa S. | None
Heloize Durek | None
Chad Rankin | None
Victoria Hurlock | None
Daniel Nutter | None
Nhan Le | None
Tobias Goldsmith | None
Alicia Mataya | None
Stephanie Ramberg | None
Kevin Jordan | None
Rahnisha Gnim | None
Al Schroeder | None
Shawna Garcia | None
Silas Clayton | None
Grant Joyner | None
Aaron Losik | None
Elizabeth Love Sheehan | None
Melissa James | None
Bonnie Matson | None
Kate Heck | None
Christina Vigil Gross | None
Michael Bell | None
Darren Benskin | None
Frank Pape | None
Jessica Smith | None
Debbie Snow | None
Mark Kopmann | None
James Villalon | None
Breanna Welty | None
Scott Egbert | None
Ralph Evans | None
Chris Johnson | None
Brian Moore | None
Grant Hovik | None
Rachael Davies | None
Cathleen Hogan | None
Scott Loftesness | None
Casey Higgason | None
Jennifer McUne | None
Christy Clark | None
Kari Wright | None
Ophelia Purdy | None
Ilgyu Kim | None
Steve Kletzok | None
Michelle A. Farber | None
Leslie Eubanks | None
Kimberly Olson | None
Wendy Boyer | None
Kevin Hollinger | None
Caitlin King | None
Rigo Rhoads | None
Sandra Lancaster | None
Katie Parker | None
Liliana Leal | None
Seljan Zeynalova | None
Sheila Baker | None
Julie Baez | None
Ian Lanning | None
Belal Nasralla | None
Finn Raftery | None
David Jones | None
Karen Granger | None
Trenity W. | None
Katherine Larson | None
Tom Nuebel | None
Karina V. | None
Diane Frye | None
Josefina Perez | None
Obioma Okonko | None
Chiu Tony | None
Brianna Banks-Oliver | None
Linda Grandlund | None
Joey Chui | None
Leticia M. | None
Jean Jacques Widmaier | None
Rachele Officier | None
Kalyn Struiksma | None
WillSmith Parker | None
Elna Moore Hall | None
Thereza Chattmon | None
Patrice Reid | None
Brendan O'Connor | None
Missy Biers | None
Jeff Strom | None
Ivan Thomas | None
Clarke Smith | None
Greg Rhodes | None
Nikki Haag | None
Andrea Thompson | None
Astrid H. | None
Landon Fowler | None
Shavon Alexander | None
Phillip L. | None
Barbara Somers | None
Andreas Huebner | None
Steve Shriver | None
Jordan Stephens | None
Ariana Cole | None
Gunes S. | None
Matthew D. | None
Tracie Wright | None
Talina Munoz Pimentel | None
Shel Prince | None
Darrin House | None
Paul A. Perez | None
Ashely M. | None
Jane Lee | None
Gwendolyn Fellows | None
Danielle Hughes | None
David Li | None
Chris Wilson | None
Maddie Brown | None
Angela A. Lopez | None
Patty Keopaseuth | None
Jackie Toepfer | None
Laura Wingard | None
Richard Tait | None
Barbara Bouchet | None
Tsin Wing Hung | None
Peter Klaebe | None
Catherine Nino | None
Jack Seymour | None
Jamie Zdybek | None
Sandy Mendenhall | None
Alex Nelson Ryan | None
Adriana Espinoza | None
Linda Glass | None
Dave Lalor | None
Neil Cintron | None
Dylan Shumway | None
Sandra S. | None
Christy House | None
Denise Griffin | None
Alberto Rodriguez | None
Rachel O'Donald | None
Cezanne Mills | None
Austin Cook | None
Ghetmekc Alexandra Barranco Morales | None
Annie Torres | None
Joann Flores | None
Charlotte Brown | None
Laura Pena | None
Rikita Drummond | None
Mackenzie Kelley | None
Gerardo Milla | None
Allison Dadoun | None
Alex Barahona | None
Farid Ricardo Buendia Atencio | None
María Isabel Covelli | None
Jeff Parker | None
Mike Woldu | None
Marisa Stubbs | None
Kimberly Tash | None
Terry Smith | None
Alex Arias | None
Rick Parsons | None
Adrian Ornelas | None
Jeannette Saldivar | None
Amanda Kassis-Harrington | None
Chris Scioscia | None
Peggy Walker | None
Rebecca Le Vine | None
Cathy Ehmke | None
Alexis Day | None
Jennifer Boyd | None
Fannie Benjamin | None
Anita Pynzar | None
Laura Latini | None
Kelley Ryan | None
Bell Xu | None
Lynnette Ward | None
Theresa Chancellor | None
Charmaign Lomastro | None
Annie Hall | None
Richard Espinoza | None
Katie Lotra | None
Lynzey Baker-Larson | None
Libby Tini | None
Michael Beasley | None
Ashley Eskelson | None
Kelly Jonney | None
Joy Jaramillo Hensel | None
Amy Davis | None
Heather Whitley-Quinn | None
Lisa Kiff | None
Katie Kolb | None
Keisha Devine | None
Mike Birmingham | None
Antonette Pollock | None
Alex A. | None
Alex Nemzer | None
Mel Katz | None
Annette Bonny | None
Judi Marietti | None
Dottie Latini | None
Nina Rybak | None
Marcelle Thorn | None
Ron James | None
Paul Coomer | None
Crystal Aleman | None
Cheryl Barnes | None
Douglas Jones | None
Janelle Atencio-McCathron | None
Jack Stowell | None
Alyssa Liendo | None
Sarah Morriss | None
Tyler Spevacek | None
Gina Shearn | None
Ayokunle Ijagbemi | None
Theresa Barnes | None
Erica (. | None
Dan Anajovich | None
David Jordan | None
Jadin Larsen | None
Stephani Perault | None
Jonathan H. | None
Megan Villanueva | None
Kristine Regalado | None
Maureen Rose | None
Nate Farley | None
Bryan Wolcott | None
Carlos Nelson | None
Forrest Daniels | None
Brian West | None
Cheri Lowe | None
Jacob Staudt | None
Terry Faw | None
Ferry Sutandi | None
Matthew P. | None
Ryan Hamalainen | None
A.D. Garza | None
Danielle Riffe | None
Deborah Radford | None
Nicole Anderson | None
Tom Davis | None
Rick Leach | None
Hazel Glaeser | None
Ambrose Contreras | None
Kazu Otani | None
Mengyong Jackson | None
Adrienne Schaefer | None
Jona Baniqued | None
Deb DeWald | None
Sherry Kirby | None
Norma Robles | None
Margie Campbell | None
Diana Gamble Brown | None
Brett Wightman | None
Lawrence Thomas | None
Diane Mendolla | None
Carmine Heidelberg | None
Mary Ann Coppa | None
Zayna Apaseo-Martinez | None
Patrick Harrigan | None
Michelle Maes | None
Tiffany Bagnas | None
Alice Wagner | None
Chris Cline Nimick | None
Leslie Hicks | None
Jenna Chance | None
Barbara French | None
Clara Martinez | None
Manpower Manpower | None
Mara Stefan | None
Vanita Herman | None
Vernessa Johnson | None
Antwon Hawkins | None
Erik Soderstrom | None
tanya Washington | None
Cayla C. | None
Shaquilla Moton | None
Zinthia Dominguez | None
Earletra Jones | None
Kianna Drake | None
Felicia Smith | None
Phil Willman | None
Erica Juarez | None
kimberly ann cordero | None
Markita Weston | None
Nicholas Lauer | None
Laporsha Cooper | None
Rohini Gurung | None
Humberto Suarez | None
Quanisha Smith | None
Nicolai Ketelsen | None
Panhia Yang | None
Thomas Hively | None
Victor Jose Yaneza | None
Ciera Henderson | None
Jennifer Anderson | None
Danielle K. | None
Taliyah Robinson | None
Yevgeny Lipen | None
Juanita Ortiz | None
Vanesa M. | None
Christian Logan | None
Ashish Kumar | None
Betsy Mercer | None
Caron Pece | None
Courtney Randolph-Calhoun | None
Geraldine Montoya | None
Cindy Bruno | None
Marisol Ramos | None
Marissa Mindiola | None
Andrew Archie | None
Troy Brown | None
Victoria Gilbert Kaufmann | None
Amy Marshall | None
Cody Burgeson | None
Camila Piedra | None
LaKiesha M | None
Janasia Rhodes | None
Antoinette Loggins | None
Maxwell Kurkiewicz | None
Brennen Holifield | None
Jennifer Mayer | None
Joan Ramos | None
Khola Cooksey | None
Henrique Drummond | None
Monica Marrero | None
Kelly Richards | None
Oğuzhan Akça | None
Aaron Lee | None
Ryan Diaz | None
Colleen McCowan | None
Chay Malone | None
Angela Triscari | None
Rochelle Matias | None
Abigail Gamble | None
Kenneth Caldwell | None
Tracy Moore | None
Christine Koprowski | None
Polly Raymond | None
LaChelle Cook | None
Thea Vasey | None
Kaitlin Merrick | None
Rehan Furqan | None
Mario J. Cortez | None
Herman Terry | None
Jordan Morehouse | None
Sukant D. | None
Omar Bermudo | None
Brian Wils | None
Ryan Cordero | None
Jaime K. | None
Dontrell Fells | None
Sallie Wild | None
Courtney Bronaugh | None
Angie Dujardin | None
Joey Gesteland | None
Jordan Baylor | None
Neeladri Bhogavilli | None
Christina Roth | None
Katie Klasse-Saldivar | None
Derik Joves | None
Jenny Blaeske | None
Tom McGrath | None
Michael Purpora | None
LaKenya Cain | None
Ayoub El Mazlouzi | None
Matt Beres | None
Rajesh Namboothiry | None
Ken Depperman | None
Rebecca Kliever | None
Francis Paule | None
Joshua Santos | None
Kristin Padberg | None
Diksha S. | None
Gregory Chambers | None
Renee Lonstine | None
Ken Weyek | None
Kristen Likely | None
Alexia Dudley | None
Mark Herbrechtsmeier | None
David Wortz | None
Kadean Kendall | None
Sherie Collins | None
Christina Schauer | None
Rebecca Beres | None
Denise Accuardi | None
Andrea Wroblewski | None
Anvesh C Bhatt | None
Rachel Hosking | None
Laurel Robertson | None
Justin J Richter | None
gina sanga | None
Jonathan Colby | None
Tracy Bisenius | None
Chris Rowan | None
Steven Sturm | None
Kari Atkinson | None
Brian Sardina | None
David Bruch | None
Tracy Smith - Glorioso | None
Jillian Arbetter | None
Michael Bons | None
Jill Busch | None
Carla Klinger | None
Kathryn Remington | None
Maceo Allen | None
Leslie Rinaldi | None
Brittany P. | None
Stephanie Mischo | None
Robbin Gill | None
Cassidy Williams | None
Francis Soriano | None
Melissa Fisher | None
Christopher Jackson | None
Lindsay Wanke | None
Amanda Oberg | None
Tiffany Hudson | None
Jovana Blas | None
Ryan Lyke | None
Elizabeth Esselmann | None
Howard Plain | None
Joy Nettles | None
Sydney Reider | None
Zachary Thiemer | None
Cierra Lopez | None
Melina Bauza | None
Felicia Cespedes | None
Taylor Bertino | None
Bryanna Smith | None
Miashia Hampton | None
Steve Velasco | None
Drea White | None
Yer Xiong | None
Brandon Butzler | None
Jennifer Brown | None
Aaliyah Barnes | None
Brian Rumlow | None
Gina Owens | None
Amy K. | None
Tyler Trokan | None
Jordan Huehnerfuss | None
Susan Krueger | None
Charmeeze Cooper | None
Krystal Tucker | None
Kristin Strunk | None
Niketia Fells | None
Ben King | None
Julie Kimps | None
Jason Dowhie | None
Sabina Mamedova | None
Diana Tulabut | None
Kaila Kubasa | None
Shalaundra Wilder | None
Veronica Stewart | None
Sean Ocampo | None
Andeja Adams | None
Maria Butler | None
Michelle Flower | None
Jess Tennessen | None
Paul Pfannenstiel | None
Diego Mauricio V. | None
Ryan Pedersen | None
Austin Sawyer | None
Destiny Hollatz | None
Melanie Boyd | None
Thomas Greene | None
Jessika Chapman | None
Kimberley Miller | None
Amber Hovey | None
Dionely Ramos | None
Denise Blair | None
Monika Szczerba | None
Omotayo Oloyade | None
Kayla Hoover | None
Jack McKinney | None
Daniel Schmalz | None
Lauren Hojnacki | None
Sherry Carpio | None
James-Paul Xeng CP Vang | None
Abigail Slack | None
Liway Ungria | None
Nicole Francis | None
Brad Bolyard | None
Indea Holland | None
Alexis Simmons | None
Kathleen Croker | None
Daniel Shumpert | None
Zach McLain | None
Kayla Thompson | None
Selena Steward | None
Yari Valdez | None
Esean Adams | None
Jamaica Eilbes | None
Pamela Redeker | None
Nate Fisher | None
Ognjen Ubiparipovic | None
Laura Lovell | None
Dazaree Thomas | None
Darron Schatzman | None
Becky Frankiewicz | None
Shandrea Brown | None
Emily Matzek | None
Tasheanna Johnson | None
Por Shoua Lee | None
LeVerna Bratcher | None
Mathew Sanchez | None
Kim Hoeper | None
Melissa Rivera | None
Cynthia Hart | None
Shayla Jones | None
Brandon Taylor | None
Oyinloye Joseph | None
Monesha Thomas | None
Saba Qureshi | None
Jake Russell Thompson | None
Lauren Kirkland | None
Jacqueline Jacobs | None
Summer Barton-Taylor | None
Aldel Selenica | None
Steve Squier | None
Megan Wick | None
Ebby Szczerbinski | None
Shatana Martin | None
Jenny Wilhelm | None
Mark Prodoehl | None
Salvatore LoCoco | None
Chenika West | None
Dan Talbot | None
Nanine Barnes | None
Matthew Leary | None
Damonique Johnson | None
Jestine Alpuerto | None
Joel Seeger | None
Kathy McDermott | None
Mary Reynolds | None
Mara Martin | None
Marissa Young | None
Shatashia Gatlin | None
Renee Dehne | None
Amy Calhoun | None
Tabitha Barnes | None
Sarah Rowland | None
Jeff Neuman | None
Dorian Chambers | None
Arely Melendez | None
Stephanie Lettau | None
Brittany S. | None
Kenwaun F. | None
Sydney Hephner | None
Jaela Ashley | None
Ronny Andrade | None
Samantha Strawsburg | None
Amber Moreland | None
Julie Hoffmann | None
Renee jack | None
Shanna Theiste | None
Maryion Bean | None
Michael Lamm | None
Tina Robinson | None
Benjamin Wohlleber | None
Brook Eads | None
Bianca Putri | None
Prudy Shay | None
Lisa Banner | None
Eric Hawkinson | None
Rodney Harris | None
Sabdra Bignall | None
Melissa Seyller | None
Meredith Crosby | None
Owley, Eric | None
Kristi Bares | None
Mr. Mike Ebert | None
Hope Hill | None
Kelly Wandel | None
Theresa Eberhage | None
Karissa Thelen | None
Ruth Harper | None
Sierra Fickbohm | None
Stephanie Broten | None
Yoko K. | None
Tanzanique Cage | None
Kianah Pantojas | None
David Olson | None
Michelle Chojnacki | None
Xiaochen (Sharon) Liu | None
Kristin Schneider | None
C Payton | None
Jordan Griffin | None
Christopher Pilon | None
Arvind Subramani | None
Jessica Hurd | None
Dana Carter | None
Meredith Frost | None
Rachel Torkilsen | None
Mike Kirtley | None
Valerie Stoll | None
Liz Shipe | None
Jesse Griswold | None
Erin Towey | None
Jeff Strunk | None
Kaare Lein | None
Mike Friedel | None
Natalie Lau | None
TeSheila B. | None
Myesha Captain | None
Detra Callahan | None
Jonni Penner | None
Margaret Schnickel | None
Maria Fernandes | None
Arline Holliday | None
Jas Kaur | None
Linda Granrose | None
Michael Zuffa | None
Gabriella Salud | None
David Neira Veteran US Air Force | None
Tinisha Jones | None
Johnnie Johnson | None
Amy Taylor | None
Kent Venters | None
Patti Caudill | None
Darla Funk | None
Marie-Claude Bouchet | None
Shari Livingston | None
Carlie Aprill | None
Sarah Kowitz | None
Chris Redburn | None
Roy Raj | None
Cynthia McKee | None
Bonnie Logan | None
Cyndi Swall | None
Mark Humphrey | None
Elizabeth Willis | None
Patty Menezes | None
James Andre | None
Susan Coleman | None
Maria Levit | None
Patrick Magers | None
Daniel Reposh | None
Brooke Ramos | None
Aaron Miller | None
Jessica Guster | None
Kyle Stone | None
Kevin Taylor | None
Daniel I | None
Nate Catlin | None
Daniel Lewis | None
Jon Naylor | None
Margie Long | None
Daizy G. | None
Tiara Tate | None
Sally Gaddie | None
Hazen Linda | None
Trevor Greiber | None
Jane Dertz | None
Phyllis Duckhorn | None
William Seawall | None
Biju Gopinath | None
Rodney Webb | None
Mary Ann Velnetske | None
Aisha Parker | None
Chaz Donovan | None
Dr. Syneathia LaGrant | None
Gail Griepentrog | None
Christopher Lynn | None
Kyle Peaslee | None
Tyler Miller | None
Jill Ray | None
Patrick Howell | None
Charlotte Summers | None
Jeryl Murphy | None
Victoria Robinson | None
Heather Bunker | None
Thomas Booth | None
Lisa McBride | None
Klayna Guzman | None
Sarah Guinn | None
Brandae Tate | None
Austin Campbell | None
Amy Thomas | None
Mitchell Windsor | None
Irina Grainger | None
Michael Ferrante | None
Nancy Barnett | None
Tanya E. | None
Jennifer Kirchner | None
Zach Burrus | None
Debbie Manpower Guara | None
Ingrid Zerpa | None
Terreana Neal | None
Shane Bratel | None
Wendy Eggert | None
Tracy Repta | None
Dania Díaz | None
Jonas Prising | None
Megan Mooney | None
Rob Estlund | None
Maria Shawlin | None
Alicia Johnson | None
Kelly Malzewski | None
Brooksie Smith | None
Karla Renteria | None
Kenya Simms | None
Annette Cross | None
Aida Ornelas | None
Missy Gonzales | None
Sean Costello | None
Sonu Soman | None
Kevin Boulier | None
Tiffany Schuldt | None
Lauren Tribuani | None
Danita Green | None
Nicole Chapa | None
Val Loudenot | None
Gabriella West | None
Lou Khang | None
Michael Fisher | None
James D. Hall | None
Tammy Wilson | None
Rada Dorman | None
Lisa Fiore | None
Mark Lyons | None
Analyn Mamangon | None
Rachel Bagrowski | None
Lisa Dresselhuys | None
Jordan Fishburn | None
Wilson Xavier Lima | None
Mark Toth | None
Kathy Popke | None
Ashontay Caro | None
Hillary (Chester) Fangmann | None
Christina Cooper | None
Charlene Coenen | None
Johnice Brock | None
Aaron Patrick Tumang | None
Stephen H. | None
KIMBERLY SCHIRATO | None
Linda Feedar | None
Tricia Kulisiewicz | None
Diamond Muldrow | None
Tara Marcelle | None
Aimee Yap | None
Ruth Arrunategui | None
Mychal Moore | None
SheVonda Pugh | None
Marcus Schweiger | None
Christopher Kaplan | None
Tahani Abdullah | None
Kyle Nelson | None
Cleary Breunig | None
Julius Taylor | None
Carrie Hayden | None
Melissa Lee | None
Miranda Vogelmann | None
Megan Dubinski | None
Shaefer Peterson | None
Diane Weaver | None
Maureen Ann Simons | None
Mark Bunke | None
Samantha Throckmorton | None
Craig Smith | None
Glen Tucker | None
Doug Isabell | None
Araceli Ramos | None
Kellen Nordstrom | None
Jared Block | None
Heidi Gold | None
Dan Bialzik | None
Nichole Habel | None
Johnny Ponkratz | None
Shivon Morrow - Wilkins | None
David Katauskas Jr. | None
Juan Fiallo | None
Jon Doyle | None
Mary Kielich | None
Emily Brauer | None
Nishad T K | None
Arijeta Bajrami | None
Rebecca Dauenhauer | None
DAVE ASHTON | None
Brittny Calkins-Karnes | None
Brooks Berg | None
Montaye Hartz | None
Elizabeth Kirchoff | None
Sheila Schifano | None
Nefertari Miller-Wallace | None
Stefanie Vilaros | None
Ryan Reupert | None
Pfannenstiel Bill | None
Bella Zamborini | None
Amber Roepke | None
Charrise Johnson | None
Shari Doran | None
Troy Lee | None
Raven Dockery | None
Chandler Halladay | None
Keone Moore | None
Liz Schanz | None
Kathryn Lovering | None
Rona Ramos | None
Yulronica Moore | None
La Deidra Johnson | None
Eric Euteneier | None
LaToya Gooden | None
Jesse Carl | None
Jake Degroot | None
Patricia Kaehn - Hill | None
Carolyn Watson | None
Stacy Wandschneider | None
Kathi Koenig | None
Travis Paquette | None
Alissa Peterson | None
Rebecca Ekegren | None
Nikki W. | None
Anitra Riley | None
Lisa Egbert | None
Kathleen Kohl | None
Meghan Wautier | None
Sue Erdman | None
Tom Rippinger | None
Taylor Huenink | None
Ieechia Baldwin | None
Monroe Figgs-Drane | None
Cara Jones | None
James Christensen | None
Glenda Burke | None
Bridget Canterbury | None
Travis Hall | None
Shaneka S. | None
Priscilla Lester | None
Beverlee Belding | None
Tarlisha Noland | None
Diane Shell-Collins | None
Veronica McIntosh | None
Nikita Nobles | None
Melissa Landers | None
Donna Price | None
Shanetta Clayton | None
Willesha Howard | None
Ann Sullivan | None
Nicole McConico | None
Tanisha Hughey | None
Savante Stringfellow | None
Matt Jackson | None
Laurie O'Kane | None
Leslie LaLonde | None
Kathryn Jesperson | None
Anna Kampa | None
Michelle Daly | None
Lynn Murphy | None
Anthony Reinken | None
Robin Silverman | None
Karen Bodin | None
Dave Darling | None
Elijah Steeber | None
Sharon Carter | None
Naomi Hagen | None
Gessica Stokes | None
James Midgett | None
Alexandra Maynard | None
Marcia Bequette | None
Justin Fuehne | None
Joel Williams | None
Lainey Smith | None
Ashlea Scott | None
Lori Johnson | None
Meghan W. | None
Nelli O. | None
Jerry Wilkerson | None
Fred Lutzeier | None
Dustin Beasley | None
Erica McDonald | None
Tyler Hickman | None
Kelli O'Mara | None
Melinda Etnyre | None
Britt Bradford | None
Evan Campbell | None
Erin Harder | None
Mindy Cantrell | None
Ashley Boswell | None
Erin Dill | None
Judy Giacoma | None
Jon Gatzke | None
Shelby Horn | None
Cooper Cathcart | None
Matt Hopfer | None
Greg Stiles | None
Hunter Ryan | None
Aleisha Haggard | None
Kelly Vergara | None
Christine McGuire | None
Brian Bahl | None
Jennifer Missell | None
Jennifer Rogers | None
Morgan Staloch | None
Jessica Felt | None
Jeff Bennett | None
Haley Behrens | None
Lera Kappel | None
John Krohn | None
Kristy Hendel | None
Marissa Pearson | None
Heather Baier | None
Cortney Palmer | None
Stefanie Lindberg | None
Liberato Dinglasan | None
Sheila Hedin | None
Isaac Hagen | None
Maxwell Whitebread | None
Haadie Edalatpour | None
Charlie Biebel | None
Jesse Gibbs | None
Kevin Hanson | None
Caitlin Blondin | None
Mike Churchill | None
Hope McCracken | None
Brett Ripley | None
Shilouette Taylor | None
Teisha Rochel | None
Jalisa Carter | None
Nicole Sellers | None
Michelle Todaro | None
John Monroe | None
Michael Fuller | None
Maddie Sandrin | None
Clara Torkelson | None
Patricia Taylor | None
Sam Evenson | None
Alex Edwards | None
Sherry Bialka Scholtes | None
Cindy Lunning | None
Darlene Roy-Johnson | None
Katherine Dix | None
Casey Massett | None
Kyle Hellmann | None
Devon Piaskoski | None
Theresa Arnett | None
Susan Fiscus | None
Tony DuLac | None
Dave Wheeler | None
Zachary Halling | None
Sam Skoyen | None
Dennis Bird | None
Gloria Zachow | None
Josh Franzen | None
Jim C. | None
John Duffy | None
Jamie Gaffke | None
Luke Thoreson | None
Dennis Johnson | None
Laci Trevino Sarlls | None
Nicholas Atria | None
Michael Heil | None
Amanda Jack | None
Sydney Lao | None
Susan Kiffin | None
Michaela Kempenich | None
Angela Green | None
Young Cardinal | None
Sherilla Hodge | None
Christopher Green | None
Maria Lemakis | None
Kurt Huizinga | None
Christopher Diaz-Carini | None
Julie M. | None
Carmen Bennett | None
Duncan Ornelas | None
Rose P. | None
Justin Pickett | None
N Prykryl | None
Billy Vaughan | None
Lorrie Fredrick | None
John Kevin Lowe | None
Emily Ebling | None
Sharon Dugger | None
Scott Bowman | None
Beau Holter | None
Courtney Allen | None
Felicia Lewis | None
Jachin Merrill | None
Abby Roggenkamp | None
Chelsea Coker | None
Brenna Padilla | None
Hailey Green | None
Eric Reynolds | None
Angela Jackman | None
Randall Hixson | None
Rienette Anderson | None
Penney Chandler | None
Kelly Beyer | None
Jeff Smith | None
Sherri Sturgill | None
Adrienne Gibson | None
Russ Creason | None
Larry Palmbach | None
Nathan Aide | None
Jasmine Burnstad | None
Douglas Javier | None
Karmelita Moore | None
Andrew Stachurski | None
Melissa Escobar | None
Matika Booker | None
Elva Carmona | None
Brandon Stanback | None
Grace LoCoco | None
Kiara Vines | None
Amy Tiegs | None
Barb Worzalla | None
Shaniqua Smith | None
John Cox | None
Nitzary O. | None
Nicholas Bellovary | None
Julie Kleczka | None
Valerie Rossi Robel | None
Emma Bast | None
Holly Stineman | None
Sadie McQuade | None
Andy Ziemer | None
Steve Tewes | None
Nashita Mazhar | None
Lisa K. | None
Jon Maciejewski | None
Sam Boettcher | None
Alex Miller | None
Carrie Georgia | None
Jon D. Nicarlo | None
Alexandria Greco | None
Heather Busch | None
Patrick Moore | None
Jennifer Heydn | None
Gerald (Jerry) Mathews | None
Rebecca Fuller | None
Samantha Williams | None
Kala Chase | None
Deborah Jones | None
Crystal Rosales | None
Debbie Bishop | None
Beth Simmons | None
Barry Wallis | None
Lucía Santos | None
Joyce Wittenborn | None
Debbie Glenn | None
Zane R. | None
Alexis Leer | None
Jon Landis | None
Jessica Carroll | None
Jennifer Wilson | None
Kelly Brister | None
Stefanie Crotts | None
Jennifer Wood | None
Mallory Wilken | None
Sara Barton | None
Drevon Ballenger | None
Norma Kramer | None
Rebecca Balcom | None
Joey R. | None
Susan Atwood | None
Laura L. B. | None
Billi Cleeton | None
Mercedes Washington | None
Jill Gage | None
Patrick Williams | None
Janelle Watts | None
Tarolyn Johnson | None
Nancy Hultberg | None
Thomas Harmon | None
Jennifer Boomgarden | None
Tyler Watson | None
Pamela Mecarg | None
Becky Welch | None
Joani Jones | None
Jennifer Lumley | None
Neil Reiker | None
Jason Bent | None
Pat Thurston | None
Andrew Garner | None
Angie Tessmer | None
Paula Mittan | None
Cara Stein | None
Justin Whiggam | None
Gail Feil | None
Kathy Brown | None
Tara F. | None
Lauren Metzger | None
Jared Stewart | None
George Scott | None
Janet Lester | None
Deborah Mayhan | None
Darla Sullivan | None
Raynea Jamvold | None
Samantha Johnson | None
Cherterra Lowery | None
Jack Selsor | None
Patti Smoot | None
Kevin Wooldridge | None
Scott Setzer | None
Lynn Lejeune | None
Natalie Ackerman | None
Alexis Guidroz | None
Scott MacDougall | None
Jennifer Coughlin | None
Jacob Krueger | None
Kelly Wagner | None
Adewumi Anthony A. | None
Dean Dotson | None
Heidi Kraft | None
Caitlin Howard | None
Jesse Felix | None
Todd Humes | None
Harish Raju | None
Dave Ridenour | None
Jermell Brooks | None
Nick Brady | None
Dana Dalovisio | None
Lori Wallace | None
Geeta R. | None
Daniel Switalski | None
Wendy Taylor | None
Kristen Foster | None
Beverly Willett | None
Tracie F. | None
Marie Gates | None
Rhonda Stamps | None
Sheila Wilkins | None
K. Zinyel Washington | None
ReNae Patterson | None
Ruth Galvan | None
Sharon Todd | None
Marianne Haddock | None
Susan Marek | None
Julieann Vukovich | None
Jill Marie Zugaj | None
John Pikes | None
Janet O'Brien | None
Ann Potts | None
Kerry Burrell | None
Bonnie Mathews | None
Karla Ksiazek | None
Barbara Reuter | None
Dannika Beedle | None
Ken Blanck | None
Ciarra Potete | None
Jessica Hayes | None
Yadira Yepez | None
Alex Meza | None
Janene Rowley | None
Bridget Toon | None
Katherine Giuca | None
Trevor S. | None
Janette Rodriguez-Campos | None
Paul B. | None
Natalie Cornejo | None
Anthony V. | None
Michael Dixon | None
Colleen Bueche | None
Juell Springs | None
June James | None
Anna Miller-Walker | None
Vanessa Kite | None
Jason Korah | None
Athens Springer | None
Kelly McLaughlin | None
Ramiro Gonzalez | None
Mitchell Fanter | None
Paige Evans | None
Doug Johnson | None
Baldridge Jan | None
Joseph Bernardini | None
Carleena Mahon | None
amber rodriquez | None
Melanie Rodriguez | None
Kayla Pendergraft Martinez | None
Manpower Tyler | None
Cindy Connel | None
Michelle Duran | None
Brian M. Legg | None
Wendy Benedict | None
John Baker | None
Henry Tran | None
Jennifer A. | None
Danielle Augustine | None
Jimmy Toriola | None
Tyler Harris | None
John Julitz | None
ABIODUN “Abby” A | None
Ray Roy | None
Courtney Kerkman | None
Sasha Beckett-Schreiber | None
Tina Johnson | None
Simone Raether | None
Ashley Buttera | None
Steve Mancusi | None
Ja’Qulyn Moss | None
Phillip Gallico | None
Vicki Schroeder | None
Linda Gibson | None
Jon Lyons | None
Asia Stewart | None
Diane C Welker | None
Savanna Patterson | None
Ashley Webster | None
Alexis Bates | None
Sydney Smith | None
Kendra P. | None
Samantha Jones | None
Tammy McEwin | None
Alicia Lenore Ferguson | None
Candice Hunt | None
Vandy Young | None
Teresa Myricks | None
Shaye Robinson | None
Cathy Shackelford | None
Katrina Addison | None
Roberta Clark | None
Lisa Baswell | None
Wyatt Akins | None
Cassandra Mitchell | None
Miranda L. Young | None
Lillie Fuller | None
LeAndrea Hicks | None
Amanda Holder | None
Wendy Grinnell | None
Mary Helen Daniels | None
Zoey Olugbala | None
Lakecia Godfrey | None
Martin Orji | None
Arnisha Johnson | None
Amanda Holifield | None
Bobby P. | None
Pam Ashley | None
Denise Deveaux | None
Lurnea Seibel | None
Lori Sellers | None
Jonathan Banks | None
Jeri Johnson | None
Jarae Comstock | None
Becky Smith | None
Amanda Moss | None
Joe Farrier | None
Markie Boucher | None
Shawn Hullinger | None
Jill Wellner | None
Jeanne Piel | None
Melanie Asiedu-ofei | None
Stacy Rieken | None
Hayden Holford | None
Curt Bains | None
Laural Beaty | None
Brittany Titcomb | None
Katelyn Turner | None
Crystal King | None
Bill Schiller | None
Gregory Vallier | None
Eric Ludwig | None
Josh Smith | None
Shannon Duncan | None
Kelly Kinney | None
Joanne Worden | None
Colleen Kerr | None
Arindam Sarkar | None
Kirti Rai | None
Colleen Dillner | None
Steve Greer | None
Elaine Kressin | None
Mary Aretakis | None
Michael Helker | None
Melissa Senkoski | None
Mike Wilhoit | None
Janet Wheatman | None
Hyunho Kim | None
Aika Esenam | None
David Sellers | None
Sherick B. | None
Ashley Garner | None
Miriam Haws-Scalf | None
Markita Davis | None
Patricia Sandifer | None
Daniel Mcgarity | None
Becky Ellender | None
Katherine Horton | None
Camie J. | None
Becky Franks-Delaney | None
T.C. Trichel | None
Natalie Ritchie | None
Molaki Wells | None
Kristi B. | None
Greg Procell | None
Chuck Chesteen | None
Stacey Fitzgerald | None
Dan Bredbeck | None
Kathy Joblinske | None
Emma Wakefield | None
LeAnn Gulrud | None
Marc Muklewicz | None
Jeny Herrera | None
Manpower Waterloo | None
Renee Drown | None
Nicole Buffington | None
Mason City Manpower | None
Zachary Salladay | None
Ryan Brennan | None
Jessica Gaskamp | None
Alethea Wright | None
Crystal Stone | None
Trista Niederhauser | None
Leslie Kirby | None
Hannah Torres | None
Mary Coleman | None
Missy Blair | None
Alicia Brown | None
Guadalupe Moreno | None
Maricela Gamboa | None
Anne Edmunds | None
Melissa Bimbi | None
Michelle Chiodi | None
Nicole Leindecker | None
Brad Doeseckle | None
Casie Arnone | None
Chris Wolfe | None
Holly Nelson | None
Sheldon Rushing | None
Theresa Anderson | None
Christina Gonzalez | None
Keren V. | None
Courtney Todd | None
Edilcia Servin | None
Shulisa Gholson | None
Julia Burke | None
Vikki Moss | None
Arrianna Turner | None
Cassidy Maguire | None
Debbie Matznick | None
Louise Hart | None
Jessie McCall | None
Timothy Ayodele | None
Doreen Flamank | None
Wendi Ewalt | None
Breanna Fernandes | None
Michael Hartt | None
Vee G | None
Steven Simon | None
Brandy Hickerson | None
Joe McGinn | None
Mary Clinton | None
Rick Jahn | None
Sean Cooper | None
Devonte Richards | None
LaKiesha McMurray | None
Jazmin Nance | None
Debby Montano Luna | None
Gail Hagood | None
Ikeeya Green | None
Melissa Sanchez | None
Donshia Boston | None
Joseph Zaki | None
Ginette C. | None
Barbara Beil | None
Sheetal C. | None
Sheila Thurman | None
Lily Carlson | None
Steffanie Shelton | None
Chan Prabakaran | None
Brock Warder | None
Lisa McGrath | None
Ira Cerda | None
Danielle Reid | None
Eliza Hanrahan | None
Amy Knight | None
Robert McGee | None
Jenny Coughlin | None
Sherida Thompson | None
Rebecca | None
Erik | None
Jotindro | None
Michelle | None
Beatriz | None
Salina | None
Samantha | None
Fernando | None
Nancy | None
Val | None
Nicholas | None
Kacey | None
Lexi | None
Nicole | None
Brad | None
Emma | None
Khadija | None
Kailee | None
Melvina | None
Matthew | None
Nicole | None
Andy | None
Roy | None
Sam | None
Timothy | None
Courtney | None
Grace | None
Leul | None
Matthew | None
Ryan | None
Robert | None
Matthew | None
Devin | None
Olivia | None
Kadin | None
Jenna | None
Iyonna | None
Jason | None
Daniel | None
Elisa | None
Mackenzie | None
Maddie | None
Jalen | None
Zach | None
Sam | None
Alexander | None
Wyatt | None
Lisa | None
Kevin | None
Dennis | None
Mary | None
Dennis | None
Mike | None
Jake | None
Alannah | None
Alisha | None
Brett | None
Joshua | None
Jenna | None
Patrick | None
Eric | None
Claire | None
Andrew | None
Adam | None
Sarah | None
Andy | None
Jack | None
Amy | None
Amy | None
Dan | None
Hui | None
Iryna | None
Jenan | None
Sarah | None
Kris | None
Beverly | None
Charlie | None
Uwakmfon | None
Christopher | None
Daniel | None
Gigi | None
Greg | None
Kevin | None
Kevin | None
Mairead | None
Mark | None
Sophia | None
Thai | None
Mathew | None
Shelby | None
Kenny | None
Sreejith | None
Imani | None
John | None
Dan | None
Jamie | None
Sarah | None
Eric | None
Stephanie | None
Cody | None
Hazel | None
Cody | None
Garrett | None
Rabhi | None
Sreejith | None
Alex | None
Javier | None
Prabhat | None
Eric | None
Gaila | None
Shaun | None
Timothy | None
Brian | None
Roman | None
Steve | None
Richard | None
Glenn | None
Benjamin | None
Shelby | None
Shannon | None
John | None
Jolene | None
Dustin | None
Madeline | None
Zachary | None
Jodie | None
Breanna | None
Shane | None
Dennis | None
Lynna | None
Emmanuel | None
Karrie | None
Levine | None
Ellen | None
Jacob | None
John | None
Remithaa | None
Sherri | None
Edward | None
Charles | None
Sonia | None
Sarah | None
Samantha | None
Rick | None
Qian | None
Natalie | None
Mike | None
Michelle | None
Joey | None
Maylin | None
Lauryn | None
Lindsay | None
Lyn | None
Kristin | None
Kelly | None
Karen | None
Katy | None
Mallory | None
Sara | None
Michael | None
Tiffany | None
Joseph | None
Hellen | None
Michael | None
Arnold | None
Joe | None
Obaidul | None
Eduardo | None
Matt | None
Tom | None
Cesar | None
Max | None
Kyle | None
Ashley | None
Kyle | None
Tony | None
Tonya | None
Tai | None
Tenaya | None
Jake | None
Robert | None
Jamie | None
Whitney | None
Britny | None
Scott | None
Aron | None
Justin | None
Jennifer | None
Peter | None
Jason | None
Morgan | None
Mike | None
Michael | None
Kiana | None
Kathryn | None
Jill | None
Colin | None
Josh | None
Julia | None
Jarrod | None
Lindsey | None
Lauren | None
Edmond | None
Isabella | None
Gilad | None
Jessica | None
Elle | None
Elizabeth | None
Don | None
Diva | None
Charlotte | None
Garrett | None
Brandon | None
Brooke | None
Amy | None
Andy | None
Scott | None
Ryan | None
Lucas | None
Christi | None
Jill | None
Aly | None
Trevor | None
Rob | None
Kris | None
Tony | None
JEANA | None
Griffin | None
Grant | None
NeCyia | None
Chris | None
Bobby | None
Jaime | None
Kristin | None
Thomas | None
Zachary | None
Joe | None
Anita | None
Khushali | None
Amanda | None
Laura | None
Carlee | None
Jen | None
Nhan | None
Michael | None
Marina | None
Lacie | None
Cary | None
Desirae | None
David | None
Lynn | None
Jarrett | None
Alex | None
Bobby | None
Caitlyn | None
David | None
Jackie | None
Jillian | None
Katie | None
Kayla | None
Kendra | None
Kira | None
Lauren | None
Nicky | None
Erin | None
Tiombe | None
Richard | None
Elizabeth | None
Amy | None
Stephanie | None
Richard | None
Jonathan | None
Jackie | None
Judy | None
Kendra | None
Ellie | None
Jason | None
Cecil | None
Marla | None
Recruitment | None
Managing | None
Cellular | None
Simon | None
Michelle | None
Self-taught | None
Lisa | None
Google | None
Mustafa | None
Jazzy | None
Eric | None
Mark | None
Andy | None
Lance | None
Joe | None
Jason | None
Heidi | None
Nelson | None
GoodFit | None
George | None
Tyler | None
Margaret | None
Elizabeth | None
Thomas | None
Aizlyn | None
Michael | None
Haley | None
Danielle | None
Jennifer | None
Kelsey | None
Jen | None
Megan | None
Marie | None
Megan | None
Alexander | None
Dharun | None
Bhagyaraj | None
Cariappa | None
Aarthi | None
Arun | None
Bharath | None
Latha | None
Narendra | None
Alexander | None
Vijay | None
Peter | None
Gina | None
Karl | None
Cory | None
Rich | None
Neil | None
Lance | None
Dylan | None
Jacob | None
Ahmer | None
Kyle | None
Raymond | None
Stacy | None
Amy | None
Jacob | None
Amy | None
Kyle | None
Dylan | None
Stacy | None
Raymond | None
Richard | None
Louis | None
Kehoma | None
Shaun | None
Jamie | None
Molly | None
Adrian | None
Kirsty | None
Aaman | None
Brendan | None
Sevana | None
Devin | None
Beth | None
Missy | None
Mikala | None
Terry | None
Jada | None
Melissa | None
Mairead | None
Leah | None
Francisca | None
Nicholas | None
Miriam | None
Robert | None
Damien | None
Christopher | None
Austin | None
chloe | None
Alex | None
chris | None
léa | None
marillion | None
michael | None
mika | None
Anthony | None
Alyssa | None
Dan | None
Christian | None
Ben | None
John | None
Cameron | None
Daniel | None
Vincent | None
Darragh | None
Christina | None
Lauren | None
Conor | None
Liam | None
James | None
David | None
Pamela | None
Raphael | None
Cristina | None
David | None
Rylie | None
johari | None
Josie | None
karen | None
Kathleen | None
Letizia | None
Mary | None
Johari | None
Mathias | None
Patricia | None
Richard | None
Robert | None
Rosemary | None
Spencer | None
William | None
Michelle | None
Jeannette | None
Gabriela | None
Conor | None
Kyle | None
Katherine | None
Kenneth | None
Mika | None
Martin | None
Ryan | None
Fraser | None
Tara | None
Alston | None
Andrew | None
Angela | None
Ani | None
Cesar | None
Che | None
Alexander | None
Maria | None
Nathaniel | None
Anthony | None
Joshua | None
Ufuk | None
Layla | None
Michael | None
Rhiannon | None
Mohammed | None
Ryan | None
Alex | None
Mark | None
Kyle | None
Abigail | None
Chris | None
Rose | None
Ahmed | None
Ben | None
Tom | None
Nathalie | None
Harvey | None
Mary | None
Haley | None
Maddie | None
Maximiliaan | None
Daniel | None
Jennifer | None
Harrison | None
Rebecca | None
Kimberly | None
Jasmin | None
Paolo | None
Chloe | None
Meriem | None
John | None
Maryam | None
Ella | None
Asem | None
Vanessa | None
Grace | None
Sabrina | None
Sydney | None
Nicolas | None
Tahar | None
Kelsey | None
Saad | None
Spencer | None
Matthew | None
Hayleigh | None
Joseph | None
Marco | None
Oscar | None
Deng | None
Jack | None
Devan | None
Emmanuel | None
Keely | None
Lynsey | None
Zinedine | None
Amina | None
Kamal | None
Luigi | None
Victoria | None
Devlyn | None
Cristina | None
Stacey | None
Cameron | None
Amina | None
Joliene | None
Corey | None
Michael | None
Brogan | None
Josh | None
Joe | None
Peter | None
Shannon | None
Tess | None
Cole | None
Matt | None
Amy | None
Daniel | None
A | None
Johari | None
Kelsey | None
Katie | None
Coretta | None
Marieta | None
Usha | None
Preeti | None
Hritika | None
Bryan | None
Heena | None
Anshuman | None
Yogesh | None
Kyle | None
Madhuri | None
Hiring | None
Dave | None
Kody | None
pooja | None
Mike | None
Sushil | None
David | None
Rick | None
Ryan | None
Shruthi | None
Rhonda | None
Jan | None
Dominic | None
Clayton | None
Kandice | None
Dan | None
Joseph | None
Jasmeet | None
Mohammed | None
Sagar | None
Sadaf | None
Olufemi | None
DHANUSH | None
Shweta | None
Parveen | None
Shan | None
William | None
Jass | None
Mohd | None
Naga | None
Roderick | None
Suresh | None
Dan | None
Akaif | None
Nikhil | None
Mohammed | None
Mohd | None
Peter | None
Keith | None
Max | None
Eric | None
Chris | None
Isan | None
Katherine | None
Jim | None
Bob | None
Jennifer | None
Matina | None
Erik | None
Ken | None
Terrance | None
Clovis | None
Pooja | None
ANTHONY | None
Keith | None
Harold | None
Tanveen | None
Eric | None
Kylie | None
Akaif | None
Roshney | None
Sanyukta | None
Ramasri | None
Abubakkar | None
Sushil | None
Peter | None
Raj | None
Shruthi | None
Sadaf | None
Akaif | None
Abubakkar | None
Ramasri | None
David | None
Roshney | None
Syed | None
Mohammed | None
Nikita | None
Parveen | None
Lakshmikanth | None
Gowthami | None
Hanah | None
Vaishali | None
Maniyar | None
Syed | None
Jordan | None
Donald | None
Jazlyn | None
Raj | None
Celestin | None
Debra | None
Sandra | None
Teresha | None
Barry | None
Richard | None
Rademaker | None
Mohammed | None
Mohd | None
Marifil | None
Brittany | None
Farah | None
Debi | None
Cindy | None
Hannah | None
Hanah | None
Shruthi | None
Shelby | None
Jazlyn | None
Hyder | None
Sydney | None
Roshney | None
Ramasri | None
Jaya | None
Shruthi | None
Chris | None
Nikhil | None
Jazlyn | None
Manuel | None
James | None
Alex | None
Vaishali | None
Vaishali | None
Syed | None
Leonardo | None
Rafael | None
Putra | None
Djaya | None
Putra | None
Leonardo | None
Djaya | None
Oliver | None
Leslie | None
Matt | None
Samantha | None
Megan | None
Simon | None
Sam | None
Emilio | None
George | None
Harley | None
Rebecca | None
Richard | None
Aaron | None
Paige | None
Rachel | None
Shannon | None
Simon | None
Wisdom | None
Zac | None
Paige | None
Daniel | None
Harriet | None
Shannon | None
Adam | None
Jean | None
Tina | None
Alicia | None
Antony | None
Jason | None
Jack | None
Lee | None
Dylan | None
Jebba | None
Daniel | None
Chris | None
Zac | None
Matthew | None
Molly | None
Chris | None
Adhar | None
Caitlin | None
Energy | None
Ben | None
Paige | None
Nataliya | None
Oli | None
Harold | None
Harry | None
James | None
Sadie | None
Adriana | None
Mia | None
David | None
Jacky | None
Jamie | None
Aiden | None
Ollie | None
Hamish | None
Biasiolo | None
Darius | None
Michael | None
Harley | None
Lori | None
Daisy | None
Charlotte | None
Charley | None
Jake | None
Jacqueline | None
Jacob | None
Imogen | None
Iman | None
Georgia | None
Juan | None
Kris | None
George | None
Callum | None
Zintle | None
Vanessa | None
Nicole | None
May | None
Sam | None
Ben | None
Lee | None
Lee | None
Leah | None
Ross | None
Barry | None
Harriet | None
Louis | None
Himanshi | None
James | None
Fazmi | None
Lewis | None
Joe | None
Daniel | None
Grant | None
Daniel | None
Dan | None
James | None
Jessica | None
Jody | None
Katrina | None
Hayley | None
Rory | None
Kirsty | None
Heidi | None
Jake | None
Ethan | None
Joe | None
Riley | None
Nadia | None
Jake | None
Jason | None
Lawrence | None
Lindy | None
Lungi | None
Alex | None
Anna | None
Carlyle | None
Bradley | None
Leslie | None
Anthony | None
Adam | None
Corrinne | None
Blaine | None
Sarah | None
Lawrence | None
Andrea | None
Michael | None
Nathaniel | None
Kristyn | None
Amy | None
Saad | None
Richard | None
Jacques | None
Richard | None
Tolu | None
Shawn | None
Jenna | None
Dmitry | None
Anna | None
Vinay | None
Andrew | None
Leo | None
Mike | None
Shelley | None
Sarah | None
Sabrina | None
Kim | None
Allison | None
Susan | None
Adam | None
Kaycee | None
Nichole | None
Janessa | None
Kristen | None
Sharam | None
McKenzie | None
Shola | None
Alex | None
Arjana | None
Christian | None
Brett | None
Britney | None
Carl | None
Jane | None
Blaire | None
Camille | None
Catherine | None
Colin | None
Crissy | None
Ethan | None
Isaac | None
Lindsay | None
Ashley | None
Alejandro | None
Natalie | None
Dominic | None
Eric | None
Hayley | None
Jessica | None
Jordan | None
Kayia | None
Molly | None
Raymond | None
Abraham | None
Avcustina | None
Ally | None
Zameer | None
Wesley | None
Tyreik | None
Stephanie | None
Stephanie | None
Scott | None
Samantha | None
Alexandra | None
Abhishek | None
Bryn | None
Tim | None
Ashley | None
THURSTON | None
Sabrina | None
Ryan | None
Greg | None
Ihab | None
Kelsey | None
Mary | None
Michael | None
Michael | None
Marianne | None
Rebecca | None
Dilshad | None
Prem | None
Kiley | None
Paxton | None
David | None
Darissa | None
Connor | None
Clayton | None
Chloe | None
Carolyn | None
Carolyn | None
Dilshad | None
Brittany | None
Bria | None
Blake | None
Asheley | None
Aseem | None
Peter | None
Amber | None
Erin | None
Jeff | None
Karen | None
Kathryn | None
Kelly | None
Kimberly | None
Kiran | None
Maria | None
Michael | None
Musheb | None
Nick | None
Nick | None
Niko | None
Anthony | None
Claire | None
John | None
Grace | None
Malcolm | None
Mark | None
Mark | None
Milli | None
Molli | None
Patricio | None
Prince | None
Ruhollah | None
Samantha | None
Samantha | None
Scott | None
Shabas | None
Steven | None
Kirsten | None
T. | None
Victoria | None
Agee | None
Antonela | None
Ariane | None
DANI | None
Hayden | None
Jerry | None
Jessa | None
Kelly | None
Lauren | None
Laura | None
William | None
Nicole | None
Vicqas | None
Danyel | None
Kirby | None
John | None
Heather | None
Jonnalyn | None
Julian | None
Jan | None
JASON | None
Kathy | None
Leonard | None
Lizette | None
Mark | None
Andy | None
ashmi | None
Brittany | None
Caitlin | None
Karsten | None
Caitlin | None
Catlyne | None
Taylor | None
Charles | None
Claire | None
Daniel | None
Elisabete | None
Hollie | None
Jason | None
Jenifer | None
JILLIAN | None
JJ | None
John | None
Karl | None
Caitlin | None
Greetings | None
Zac | None
Michael | None
Scott | None
Kiran | None
Anthony | None
Jeff | None
Rebecca | None
Kelsey | None
Ma.ma | None
Alex | None
Amanda | None
Marianne | None
Nicole | None
Kathryn | None
Niko | None
Andrii | None
Phil | None
Matt | None
Leslie | None
Joan | None
Michele | None
Tim | None
Leslie | None
Wesley | None
David | None
Teagan | None
Chloe | None
Chloe | None
Dilshad | None
Phil | None
Samantha | None
Aseem | None
Prem | None
Kiley | None
Carolyn | None
Musheb | None
Stephanie | None
Tyreik | None
Trisha | None
Ryan | None
Connor | None
Michele | None
Aniket | None
Nick | None
Brooks | None
Kyley | None
Patrick | None
Alex | None
Ryan | None
Musheb | None
Carolyn | None
Dilshad | None
Rebecca | None
Amanda | None
Kathryn | None
Nicole | None
Taylor | None
James | None
Karen | None
Thane | None
John | None
Michael | None
Blake | None
Michele | None
Sharonda | None
Kristin | None
Nancy | None
Farid | None
Mark | None
Stephanie | None
Avcustina | None
Samantha | None
Melissa | None
Owen | None
Tarique | None
Elvin | None
Michele | None
Austin | None
Saira | None
Lauren | None
Mustafa | None
John | None
Danielle | None
Maxwell | None
Blair | None
Kayla | None
Sweta | None
Sally | None
Trisha | None
David | None
Blaine | None
Greetings | None
Michael | None
Matt | None
Nick | None
Nick | None
Nicole | None
Peter | None
Anthony | None
Emily | None
Taj | None
Kelsey | None
Laura | None
Louis | None
Nicole | None
Kirk | None
Clayton | None
Melody | None
Hailey | None
Darius | None
Dionte | None
Alex | None
Allison | None
Cameron | None
Christopher | None
Danielle | None
Darissa | None
Jean | None
Jeff | None
Jenn | None
Mary | None
Lucas | None
Kainat | None
Andre | None
Alyson | None
Mikal | None
Kathryn | None
Jennifer | None
Kyley | None
Kimberly | None
Bria | None
Dinesh | None
Brandon | None
Kelsey | None
Maria | None
Nick | None
Kathryn | None
Kelly | None
Stephanie | None
David | None
Kayla | None
Erin | None
Darissa | None
Peter | None
Niko | None
Anthony | None
Alexandra | None
Dakotah | None
Ernest | None
Meg | None
Madison | None
Anthony | None
Bria | None
Dakotah | None
Connor | None
Lawrence | None
Paxton | None
Matthew | None
Cameron | None
Melissa | None
Mark | None
Doug | None
Anyonna | None
Farid | None
Austin | None
Clayton | None
Blake | None
Scott | None
Chris | None
Henry | None
Giselle | None
Taylor | None
Ryan | None
Jeff | None
Michael | None
Nancy | None
Ben | None
Greg | None
Ashley | None
Rebecca | None
Stephen | None
Tony | None
Taj | None
Molli | None
Taylor | None
Trisha | None
Rebecca | None
Nick | None
Tim | None
Thane | None
Mikal | None
Madison | None
Amber | None
Nicole | None
Anthony | None
Kirk | None
Ivy | None
Jennifer | None
Kyley | None
Teagan | None
Brooks | None
Meg | None
Farid | None
Nicole | None
Austin | None
Marianne | None
Animesh | None
Kainat | None
Amanda | None
Carolyn | None
Aniket | None
Michael | None
Leslie | None
Alex | None
Anuradha | None
Kathryn | None
Pramod | None
Abraham | None
Kelsey | None
Nancy | None
Michele | None
Anthony | None
Michele | None
Tim | None
Matt | None
Mikal | None
Joseph | None
Ma. | None
Kayla | None
Taheerah | None
Maxwell | None
Kelsey | None
Zameer | None
Theodora | None
Kiran | None
Prem | None
Kamlesh | None
Kiley | None
Carolyn | None
Rebecca | None
Avcustina | None
Michael | None
Blake | None
Mary | None
Ashley | None
Shilpi | None
Mark | None
Anila | None
Preeti | None
Mary | None
Victor | None
Sean | None
John | None
Keerthi | None
Ken | None
Beth | None
Steve | None
Chance | None
Shannon | None
Seema | None
JP | None
Cassandra | None
Katherine | None
Kaitlyn | None
Urvie | None
Adrienne | None
Jenna | None
Gary | None
Mary | None
Evan | None
Cesar | None
Kristen | None
Charlotte | None
Rylee | None
Sandra | None
Vanessa | None
Catch | None
kelley | None
Kate | None
Jessica | None
Gillian | None
Shea | None
Alexa | None
Dana | None
Leslie | None
Jody | None
Tiana | None
Julia | None
Tareh | None
Melody | None
Shirin | None
Nerissa | None
Brianna | None
Kevin | None
Samantha | None
Monique | None
Vanessa | None
Bill | None
Jesse | None
Cindy | None
Donna | None
Mark | None
Michael | None
Brett | None
Tim | None
Tim | None
Kelli | None
Beth | None
Richard | None
Lindsay | None
Richard | None
Etienne | None
pallavi | None
Ellen | None
Lindsay | None
Earni | None
Nathaniel | None
Shawn | None
David | None
Laura | None
Alston | None
Allison | None
Kristen | None
Chris | None
Joel | None
Priscilla | None
Jennifer | None
Danielle | None
Raul | None
Joel | None
Joseph | None
Fabio | None
Alicia | None
Kera | None
Danielle | None
Ben | None
Genesis | None
Justin | None
Diandra | None
Kera | None
Bill | None
Ben | None
James | None
Rob | None
Ryan | None
Miguel | None
Anthony | None
Nicky | None
Michelle | None
Melony | None
Arber | None
Don | None
Kayla | None
Siearra | None
Jared | None
Michael | None
John | None
Breanna | None
Jordan | None
Dora | None
Jaclyn | None
Madison | None
Vanessa | None
Sarita | None
Dharanya | None
Lilly | None
Adelaida | None
Adrian | None
Jason | None
Bryan | None
Amy | None
Josh | None
Carine | None
Robert | None
Nigel | None
Michael | None
Josh | None
Jared | None
Tackia | None
Melinda | None
Ronah | None
Emily | None
Jennifer | None
John | None
Christina | None
Jennifer | None
Jess | None
Ryan | None
Michael | None
Mark | None
Clayton | None
Josiah | None
Joe | None
Renee | None
Dan | None
Iliana | None
Mikaela | None
X | None
Taylor | None
James | None
Sarah | None
Greg | None
Corey | None
Tony | None
Erin | None
Michael | None
Jason | None
Logan | None
Brian | None
Mani | None
Steve | None
Howard | None
Brian | None
Simone | None
Jake | None
Riana | None
Tom | None
Nina | None
James | None
Hannah | None
Felix | None
Lauren | None
Chris | None
Alistair | None
Abbey | None
Ben | None
Dan | None
Gina | None
Destiny | None
Brian | None
Lizbeth | None
Patrick | None
Lise | None
Jossy | None
Juanletta | None
Marks | None
Tomas | None
Leah | None
Randall | None
Evan | None
David | None
Suraj | None
Nardia | None
Laura | None
Sofia | None
Chris | None
Michael | None
Bogdan | None
Lance | None
Alexander | None
Tom | None
Christi | None
Matthew | None
Molly | None
Nick | None
Peyton | None
Tara | None
Jaclyn | None
Amber | None
Marlyn | None
Madeline | None
Lisa | None
Pamela | None
Veronica | None
Amanda | None
Dhave | None
Courtney | None
Montserrat | None
Amanda | None
Matthew | None
Luke | None
Ravi | None
Dan | None
Nathan | None
Rebecca | None
Grant | None
Isha | None
Romana | None
Jessica | None
Calum | None
Honsin | None
Daniel | None
Chris | None
Tristan | None
Perry | None
Bradley | None
Tom | None
Lily | None
Max | None
Charlotte | None
Beth | None
Jade | None
Nina | None
Craig | None
Manav | None
Puja | None
Charlie | None
Chris | None
Abby | None
Giles | None
Natasha | None
Richard | None
Kara | None
Ash | None
Audrey | None
Kendall | None
Michelle | None
Carmen | None
Kate | None
Michelle | None
David | None
Raymond | None
Katie | None
Aleya | None
Suraj | None
Justine | None
Dakota | None
McKinsey | None
Kenneth | None
Kent | None
Amy | None
Fairyal | None
Joe | None
Evan | None
Greg | None
Melissa | None
Megan | None
Steve | None
Shea | None
Lydia | None
Janinna | None
Kristen | None
Teresa | None
Brian | None
Haley | None
Diana | None
Angela | None
Penny | None
Danny | None
Jon | None
Bailey | None
Zachary | None
Rama | None
Lauri | None
Kari | None
Cody | None
Nicole | None
Denita | None
Chris | None
Ally | None
David | None
Romona | None
James | None
Terri | None
Mark | None
Nick | None
Katarina | None
TJ | None
Joseph | None
Nick | None
Sydney | None
Trent | None
Margaret | None
Mark | None
L.E. | None
Tyresa | None
Will | None
Allie | None
Thatcher | None
Caleb | None
Cole | None
Faith | None
Lexie | None
Ann | None
Tarren | None
Dre | None
Madelynn | None
Alanna | None
Dave | None
Declan | None
Lauren | None
Natalie | None
Jack | None
Peyton | None
Maria | None
Jackson | None
Jerome | None
Jessica | None
Katherine | None
Krystal | None
Lindsey | None
Maddie | None
Madeline | None
Mariah | None
Olivia | None
Matthew | None
Sidney | None
Michael | None
Nick | None
Paul | None
Reilly | None
Sarah | None
Summer | None
Tanna | None
Taylor | None
Tolan | None
Tori | None
Zac | None
Alexa | None
Emmalyn | None
Stephen | None
Mikaela | None
Viktoria | None
Clare | None
Robert | None
Lauren | None
Katie | None
Kate | None
Kate | None
Jordan | None
Joe | None
Madison | None
Jeff | None
Ian | None
Hayden | None
Evans | None
Ethan | None
Emily | None
Elizabeth | None
Jared | None
Madison | None
Nathan | None
Nicole | None
Ryan | None
Samantha | None
Savannah | None
Selina | None
TJ | None
Samantha | None
Isabella | None
Margaret | None
Aliza | None
Angela | None
Denise | None
Trent | None
Ivan | None
Hayden | None
Nina | None
Elise | None
Robin | None
Drew | None
Patrick | None
Kaileigh | None
Kimberly | None
Keila | None
Kaylin | None
Julia | None
Jaclyn | None
Leslie | None
Isabella | None
Erika | None
David | None
Debi | None
Christian | None
denise | None
adam | None
Erika | None
Lindsey | None
Mikayla | None
Nick | None
Chris | None
Brian | None
Alexis | None
Alexis | None
Alexander | None
Aidan | None
Sydney | None
Megan | None
Margaret | None
Leigh | None
Klaudia | None
Emma | None
Trey | None
Sydney | None
Sydni | None
Colton | None
Jennifer | None
Devon | None
Mike | None
Alexis | None
John | None
Tyler | None
Grant | None
Andreas | None
Kameron | None
Megan | None
Michael | None
Will | None
Courtney | None
Sarah | None
Rob | None
Spencer | None
Bridget | None
Brooke | None
Eric | None
Samantha | None
Madelyn | None
Isabella | None
Matthew | None
Brian | None
Sedona | None
Corey | None
Ariel | None
Jack | None
Matt | None
Leye | None
Adarsh | None
Cooper | None
Mark | None
Carly | None
Bailey | None
Jon | None
Lauren | None
Drew | None
Natsume | None
Mahayla | None
Kate | None
Mia | None
Alex | None
Kara | None
Isabel | None
Jenna | None
Juan | None
Delaney | None
Melissa | None
Mariah | None
Maddie | None
Amber | None
Emily | None
Natalie | None
Nathan | None
Donavan | None
Cole | None
Erika | None
Kevin | None
Ali | None
Holloway | None
Whitney | None
Hannah | None
Zion | None
Sara | None
Dylan | None
Jordan | None
Maxwell | None
Kirsten | None
Megan | None
Ryan | None
Victoria | None
Kyle | None
Rachel | None
Aayush | None
Alex | None
Shatonya | None
Olivia | None
Tarrara | None
Andre | None
Derrica | None
Jessie | None
Lexie | None
Jason | None
Cameron | None
Blake | None
Ben | None
Austin | None
Andrew | None
Denise | None
Alyssa | None
Allison | None
Alexandra | None
Alex | None
Ally | None
Micaella | None
Robin | None
Ephrem | None
Lesley | None
Riley | None
Craig | None
Taylor | None
Joseph | None
Lucas | None
Jacquelyn | None
Samuel | None
Kate | None
Allison | None
Olivia | None
Jeff | None
Dave | None
Laisha | None
Desiree | None
Brock | None
Tanner | None
Brooke | None
Chad | None
Jackson | None
Gabby | None
Josh | None
Collins | None
Emmanuel | None
Jack | None
Lia | None
Lindsey | None
Giavanni | None
Katherine | None
Tori | None
Landan | None
Andris | None
Crai | None
Vincent | None
Crai | None
Melissa | None
Teresa | None
Lawrence | None
Julissa | None
Amy | None
Andrea | None
Steph | None
Haroon | None
Angela | None
Jeffrey | None
Adam | None
Larry | None
Mai | None
Ashley | None
Ryan | None
Jerry | None
Nikki | None
Conner | None
Agatha | None
Kristian | None
Stjepan | None
Mediant | None
Caleb | None
Dan | None
Julissa | None
Justin | None
Tom | None
Jordan | None
Kathy | None
Michael | None
Ryan | None
Chris | None
Mediant | None
Jon | None
Maryanne | None
Scott | None
Kim | None
Mariella | None
Vant | None
Azaz | None
Kym | None
Demo | None
Dan | None
Mohamed | None
Jermaine | None
Jesse | None
Anna | None
Chris | None
Anthony | None
Alexxa | None
Ryan | None
Luke | None
Ryan | None
Mike | None
Chelsey | None
Megan | None
Katie | None
Ankit | None
Patrick | None
DeElla | None
Larissa | None
Jeannie | None
Linda | None
Chelsea | None
Courtney | None
Kelsey | None
Ashley | None
Matthew | None
Chris | None
Julie | None
Madison | None
Craig | None
Ally | None
Christopher | None
Collin | None
Kirsten | None
Elizabeth | None
Cassidy | None
Jessica | None
Ronnie | None
Caroline | None
Crystal | None
Jordan | None
Faye | None
Jason | None
Hannah | None
Sabrina | None
Jamie | None
Dana | None
Feliecha | None
Mason | None
Tera | None
Ryan | None
Mateus | None
Louise | None
Halie | None
Michael | None
Annemarie | None
Maria | None
Jarrod | None
Brian | None
Jeff | None
Paige | None
Allison | None
Joshua | None
Jackie | None
Michael | None
Matt | None
Dwayne | None
Lynnsey | None
Clair | None
Rachel | None
Rachel | None
Sara | None
Elise | None
Maria | None
Brad | None
Katherine | None
Andy | None
Amy | None
Brittany | None
Jennifer | None
Alex | None
Anne | None
Carrie | None
Stephanie | None
Michelle | None
Madison | None
Kevin | None
Jenifer | None
Bradley | None
Ashley | None
Rachel | None
Chad | None
Jennifer | None
Jordan | None
Isayah | None
Katelyn | None
Tricia | None
Rachael | None
Brett | None
Shelley | None
Rich | None
Lindsay | None
Nate | None
Nancy | None
Madeleine | None
Alexis | None
Cheyenne | None
Bryanna | None
Marlyn | None
Derek | None
Brian | None
Codi | None
Melissa | None
Chris | None
Matthew | None
Connor | None
Gina | None
Ryan | None
Beth | None
Mia | None
Sarah | None
Ashley | None
Raina | None
Reece | None
Michele | None
Brian | None
Chris | None
Maggie | None
Anna | None
Déja | None
Danielle | None
Heather | None
Bill | None
Nairie | None
Taylor | None
Porfirio | None
Elena | None
Erin | None
Sabrina | None
Kathleen | None
Dez | None
Christy | None
Melanie | None
Karen | None
Rachel | None
Nicholas | None
Ifeanyi | None
Candace | None
Abraham | None
Scott | None
Tina | None
Allyson | None
Nicklas | None
Patrick | None
Meredith | None
Kysta | None
Alissa | None
Leslie | None
Ashley | None
Charity | None
Sarah | None
Stephanie | None
Alexandra | None
Amy | None
Lisa | None
Benjamin | None
Marcus | None
Mandy | None
Madison | None
Kelly | None
Abby | None
Scott | None
Michael | None
Heather | None
Jalynn | None
Erika | None
David | None
Joey | None
Sara | None
Elijah | None
Emily | None
Kennedy | None
Michaela | None
Scott | None
Joel | None
Kathy | None
Bryce | None
Amanda | None
Samantha | None
Christina | None
TJ | None
Patty | None
Jessica | None
Nicholas | None
Amanda | None
Rory | None
Kim | None
Kossy | None
Travis | None
Liz | None
Jeannette | None
Billie | None
Olivia | None
Kristi | None
Jean | None
Josh | None
Bentley | None
Kimberly | None
Kevin | None
Kerry | None
Michael | None
Ashley | None
Kristyn | None
Melissa | None
Chande | None
Tara | None
Stephen | None
Sarah | None
Kara | None
Erin | None
Katie | None
Jennifer | None
Ashley | None
Annie | None
Kimber | None
Mike | None
Alissa | None
Trista | None
Suzette | None
Ann | None
Daniel | None
Dean | None
Rachel | None
Laszlo | None
Ashley | None
Tobin | None
Tracey | None
Joshua | None
Dalton | None
Daniel | None
Lindsay | None
Tamra | None
Cailyn | None
Vanessa | None
Mary | None
Conrad | None
Jazlyn | None
Brittany | None
Julia | None
Tracy | None
Haylee | None
Beth | None
Kimberly | None
Kristin | None
Charles | None
Karissa | None
Hugh | None
Rachel | None
Katy | None
Jenny | None
Lexie | None
Morgan | None
Cade | None
Nick | None
Brandon | None
Aaron | None
Amanda | None
Payne | None
Thomas | None
Jason | None
Kiel | None
Griffin | None
Olivia | None
Billy | None
Ken | None
Linda | None
Manat | None
Gabriel | None
Jake | None
Erin | None
Ian | None
Renee | None
Jessica | None
Mallory | None
Keri | None
Colleen | None
Joseph | None
Lucas | None
Lori | None
Carlos | None
Chad | None
Gerald | None
Leah | None
Angela | None
Courtney | None
Jonny | None
Rhonda | None
Cristina | None
Sarah | None
Julie | None
Marc | None
Michael | None
Heather | None
Jennifer | None
Kristen | None
Cyndi | None
Mary | None
Aaron | None
Nikita | None
Shane | None
Mary | None
Tiffanie | None
Erin | None
Margaret | None
Jordan | None
Andy | None
Rebecca | None
Ricardo | None
John | None
Jenna | None
Dana | None
Charles | None
Eric | None
Rachel | None
Kate | None
Sophie | None
Anna | None
Erica | None
Hannah | None
Alexandria | None
Christina | None
Anya | None
Kim | None
Lindy | None
Lindsay | None
Kerri | None
Daya | None
Grace | None
Taylor | None
Bridget | None
Mark | None
Ben | None
Tara | None
Melissa | None
Chloe | None
Joseph | None
Meghan | None
Hannah | None
Melissa | None
Justis | None
Jess | None
Emily | None
Daniel | None
Jacob | None
Ali | None
P. | None
Mackenzie | None
Melissa | None
Alicia | None
Claire | None
Jeffrey | None
Erice | None
Tristan | None
Norah | None
Jessicca | None
Ryan | None
Matthew | None
Sonny | None
Daniel | None
Morgan | None
Ray | None
Frankie | None
Ty | None
John | None
Mariana | None
Clint | None
Quentin | None
Chad | None
Taylor | None
ReShaun | None
Sean | None
Kris | None
Kailey | None
Carly | None
Miller | None
Maddix | None
Elena | None
Angie | None
Ruben | None
Matt | None
Megan | None
Alex | None
Andrea | None
Travis | None
Samantha | None
Jane | None
Pete | None
Katie | None
Marie | None
Tony | None
Sofia | None
Bonnie | None
Aminah | None
Benjamin | None
Melissa | None
Megan | None
Ana | None
Yanique | None
Hobie | None
Selena | None
Luisa | None
Michael | None
Miranda | None
Jeff | None
Josh | None
Kelli | None
Jennifer | None
Gowtham | None
Richard | None
Lisa | None
Sara | None
Carly | None
Aly | None
Carli | None
Michael | None
Ashley | None
Heather | None
Erin | None
Kaitlin | None
Alex | None
Dayna | None
Austin | None
Olivia | None
Matthew | None
Austin | None
Nathan | None
Alex | None
Kari | None
Breanna | None
Stephani | None
Tracy | None
Andrea | None
Garrett | None
Natalie | None
Holly | None
Morgan | None
Casey | None
Christian | None
Megan | None
Todd | None
Jordynn | None
Michelle | None
Alix | None
Ariel | None
Scott | None
Emily | None
Michele | None
Christine | None
Lee | None
Kelsey | None
William | None
Sarah | None
Kathryn | None
Sara | None
Alex | None
Sarah | None
Samantha | None
Kasaundra | None
Karen | None
Brett | None
Andy | None
Staci | None
Adam | None
Kelsie | None
Licia | None
Blake | None
Alyssa | None
Kathryn | None
Kimberly | None
Christian | None
Amber | None
Davis | None
Patti | None
Travis | None
Hana | None
Travis | None
Sarah | None
Mike | None
Mark | None
Tim | None
Keanu | None
Riley | None
Luke | None
Hannah | None
Sydney | None
Cody | None
Shauna | None
Molly | None
Shannon | None
Shawn | None
Tim | None
Shawn | None
Smaila | None
Steven | None
Tara | None
Tatiana | None
Tom | None
Nick | None
Katie | None
Julia | None
Joshua | None
Joshua | None
Joseph | None
Jordan | None
Sean | None
Joey | None
Wesley | None
Sarah | None
Lea | None
Ross | None
Kristen | None
Kyle | None
Jessica | None
Linda | None
Margretta | None
Matt | None
Matthew | None
Melanie | None
Mike | None
Mindi | None
Nicholas | None
Nick | None
Kenneth | None
Noah | None
Patrick | None
Peter | None
Rob | None
Sara | None
Jennifer | None
Conor | None
James | None
Cameron | None
Cameron | None
Bryan | None
Bruce | None
Brian | None
Bernadette | None
Benjamin | None
Ashley | None
Angie | None
Andrea | None
Amanda | None
Allie | None
Alex | None
David | None
Dylan | None
Jason | None
Chris | None
Charlie | None
Erin | None
Jake | None
Isabelle | None
Haillie | None
Gene | None
Gabriel | None
Christopher | None
Eric | None
Donovan | None
Kyle | None
David | None
Dave | None
Danielle | None
Danielle | None
Daniel | None
Craig | None
Connor | None
Derrick | None
Jeb | None
Mikhaila | None
Miranda | None
Kyle | None
Alyssa | None
Jess | None
Alexis | None
John | None
Matthew | None
Kyle | None
Lindsey | None
Jordan | None
Nick | None
Steve | None
Melissa | None
Elizabeth | None
MJ | None
Sarah | None
Chelsea | None
Murphy | None
Maggie | None
John | None
Diana | None
Steven | None
Lorenzo | None
Paul | None
Callie | None
Lexi | None
Ivey | None
Bryce | None
Lorena | None
Christina | None
Veronica | None
Rachel | None
Braedhan | None
Sylvia | None
Craig | None
Kourtney | None
Josh | None
Victoria | None
Ryan | None
Madeleine | None
Madi | None
Mallory | None
Mandy | None
Marc | None
Marie | None
Marin | None
Mason | None
Maddie | None
Matthew | None
Melissa | None
Melissa | None
Meme | None
Michael | None
Michael | None
Michael | None
Michelle | None
Olivia | None
McNeil | None
Josh | None
Mackenzie | None
Lorena | None
Nicole | None
Chris | None
Rachelle | None
Tony | None
Patrick | None
Christopher | None
Jessica | None
Laura | None
Lauren | None
Lauren | None
Lauren | None
Lee-Anna | None
Leila | None
Lily | None
Lisa | None
Kaylie | None
Lyndsey | None
Javier | None
Mollie | None
Ryan | None
Sam | None
Samantha | None
Samantha | None
Samantha | None
Sami | None
Sara | None
Sarah | None
Sariah | None
Shane | None
Shannon | None
Shelbie | None
Sienna | None
Sneha | None
Spencer | None
Stefanie | None
Stephanie | None
Rosemary | None
Richard | None
Reid | None
Rae | None
Elizabeth | None
Andrew | None
Christina | None
Andrew | None
Tobyn | None
Sarah | None
Andrea | None
Sidney | None
Stephanie | None
Kayla | None
Tom | None
Andy | None
Amanda | None
AnTonette | None
Jaclyn | None
Peyton | None
Rachel | None
Rachel | None
Aerryel | None
Adam | None
Steven | None
Sydney | None
Chloe | None
Ashley | None
Katie | None
Lauren | None
Lily | None
Kayla | None
Gracie | None
Mikayla | None
Chelsea | None
Zulma | None
Samantha | None
Sam | None
Tatum | None
Paola | None
Carleen | None
Sarah | None
Bryce | None
Megan | None
Callie | None
Brittany | None
Sam | None
Thomas | None
Thomas | None
Trey | None
Valerie | None
Denise | None
Eva | None
Shawn | None
Tessa | None
Sydney | None
Barrett | None
Kylie | None
Macy | None
McKenna | None
Jackson | None
Gentry | None
Kendall | None
Gabriela | None
Mikayla | None
Katie | None
Larissa | None
Kerry | None
Anthony | None
Taylor | None
Sam | None
Henry | None
Janell | None
Skyler | None
Vanessa | None
Jason | None
Mattea | None
Catherine | None
Rachel | None
Alex | None
Jordan | None
Mackenzie | None
Joshua | None
Kathy | None
Sydney | None
Ava | None
Sarah | None
Christopher | None
Haley | None
Brian | None
Mallory | None
Ashlei | None
Alexandra | None
Sage | None
Rachel | None
Ali | None
Macy | None
Alyssa | None
Maija | None
Karl | None
Micah | None
Caroline | None
Kyle | None
Natalie | None
Lauren | None
Gentry | None
Elise | None
Sneha | None
Lindsay | None
Maxwell | None
Elizabeth | None
Samantha | None
Thomas | None
Ryan | None
Patrick | None
Michael | None
Caitlyn | None
Kelechi | None
Jack | None
Rizwan | None
Vania | None
Sean | None
Madison | None
JP | None
Logan | None
Kelly | None
Megan | None
Ashley | None
Lindsay | None
Grace | None
Charles | None
Kyle | None
Jennifer | None
Nicholas | None
Shannon | None
Jack | None
Emily | None
Maeve | None
Sophia | None
Dean | None
Zak | None
Sheryl | None
Kyle | None
Nik | None
Michael | None
Larissa | None
Jack | None
Justin | None
Andrew | None
Andrew | None
Devin | None
Shannon | None
Braedhan | None
Connor | None
Brooke | None
Robert | None
Lily | None
Kelly | None
Cassandra | None
Ashish | None
Jeremy | None
David | None
Sam | None
Luke | None
Heather | None
Lindsay | None
Zachary | None
Steve | None
Maria | None
Louis | None
Irene | None
Tucker | None
Michael | None
Angelica | None
Carlie | None
Carmen | None
Brittney | None
Amy | None
Zulma | None
Lindsay | None
Andrea | None
Kennedy | None
Kathryn | None
Ernest | None
Brigette | None
Taylor | None
Lily | None
Alli | None
Alyssa | None
Kevin | None
Nicole | None
Julia | None
Gavin | None
Dan | None
Samantha | None
Jackie | None
Andrea | None
Katelyn | None
Madeleine | None
Veronica | None
Whitney | None
Kristin | None
Jenelle | None
Devon | None
Tavon | None
Zack | None
Tina | None
Jordan | None
Clara | None
Ryan | None
Chloe | None
Chloe | None
Luyando | None
Kristina | None
Christiana | None
Sam | None
Christopher | None
Annabel | None
Tatevik | None
Ryann | None
Jordan | None
Isabela | None
Brookelynn | None
Steve | None
Natalia | None
Miranda | None
Aldemair | None
Thomas | None
Kristy | None
Darin | None
Ann | None
Rhiannon | None
Megan | None
Jacob | None
Isabella | None
Danielle | None
Kenny | None
Saiid | None
Max | None
Lee | None
Samantha | None
Landon | None
Nicholas | None
Steven | None
Jim | None
Gabriel | None
Gabriella | None
Gabrielle | None
Gianlucca | None
Grace | None
Grace | None
Grace | None
Grayson | None
Haley | None
Hayden | None
Heather | None
Hope | None
Isaiah | None
Vienna | None
Tyler | None
Thomas | None
Suthern | None
Brittaney | None
Caitlyn | None
Carlie | None
Joanna | None
Courtney | None
Robert | None
Lee-Anna | None
Lindsay | None
Isaiah | None
Hannah | None
Jaclyn | None
Lindsay | None
AJ | None
Lauren | None
Bailey | None
Katie | None
Rhiannon | None
Shannon | None
Erin | None
Jaci | None
Jack | None
Jade | None
Kaelyn | None
Kai | None
Kaitlyn | None
Mickayla | None
Provides | None
Tera | None
Brittaney | None
Jonte | None
Justin | None
Joshua | None
Cole | None
Audrey | None
Brett | None
Sofia | None
Connor | None
Samantha | None
LinkedIn | None
Mia | None
Prasanna | None
Mikayla | None
Julia | None
Julia | None
Jake | None
Jami | None
Jared | None
Jasmin | None
Jazmine | None
Jenaka | None
Jennah | None
Jennifer | None
Julia | None
Jennifer | None
Jessica | None
Joel | None
John | None
Jordan | None
Jordyn | None
Jori | None
Julia | None
Julia | None
Jeremy | None
Alexia | None
Gabe | None
Macy | None
Brandon | None
Bradni | None
Bharti | None
B.J. | None
Ayda | None
Ashley | None
Ashley | None
Ashley | None
Anthony | None
Annie | None
Anna | None
Anna | None
Angela | None
Andy | None
Andrew | None
Andrea | None
Amy | None
Brandon | None
Brandon | None
Brandy | None
Bri | None
Daniel | None
Courtney | None
Courtney | None
Cordelia | None
Coltlee | None
Collin | None
Cole | None
Cipriano | None
Amanda | None
Christopher | None
Chanel | None
Casey | None
Carissa | None
Cami | None
Brittany | None
Brittaney | None
Brittainey | None
Brian | None
Chloe | None
Daniel | None
Alyssa | None
Alyssa | None
Max | None
Matt | None
Mallory | None
Madison | None
Madison | None
Maddie | None
Leianne | None
Kylee | None
Kristen | None
Kelsey | None
Kasey | None
Kalista | None
Jillian | None
Jake | None
Jackie | None
Ian | None
Griffen | None
Molly | None
Reed | None
Skylar | None
Stephanie | None
Allyson | None
Allison | None
Allie | None
Aliyah | None
Alexis | None
Alexis | None
Alec | None
Aidan | None
Alyssa | None
Adam | None
Abbie | None
Abbie | None
Aaron | None
Zoe | None
Tyshon | None
Trent | None
Tessa | None
Suthern | None
Adam | None
Danielle | None
Daniyal | None
Dante | None
Katie | None
Kathryn | None
Katherine | None
Katelyn | None
Kate | None
Kaitlyn | None
Juvy | None
Justin | None
Justin | None
Junior | None
June | None
Julia | None
Josie | None
Joshua | None
Joshua | None
Joshua | None
Josh | None
Kayla | None
Kaylin | None
Kelly | None
Kenzie | None
Nicholas | None
Nicole | None
Olivia | None
Olivia | None
Paige | None
Patrick | None
Payton | None
Pete | None
Josh | None
Kylie | None
Kyle | None
Kyle | None
Kyle | None
Kyle | None
Kristina | None
Kevin | None
Kevin | None
Kerem | None
Kylie | None
Jessika | None
Jessica | None
Jenny | None
Geoffrey | None
Garrett | None
Gabriela | None
Eryk | None
Eric | None
Enid | None
Emmy | None
Emma | None
Georgia | None
Emma | None
Emily | None
Emily | None
Ellen | None
Elle | None
Elizabeth | None
Elisa | None
Dylan | None
Drew | None
Emily | None
Daniel | None
Gina | None
Grant | None
Jenny | None
Jennifer | None
Jenna | None
Jedon | None
Janet | None
Janell | None
Jamal | None
Jalen | None
Grace | None
Jacqueline | None
Jacki | None
Isabel | None
Ileah | None
Ian | None
Halley | None
Haley | None
Haleigh | None
Hadley | None
Jackie | None
Miski | None
Chad | None
Caitlyn | None
B.J. | None
Andrew | None
Griffin | None
Mary | None
Nick | None
Jennifer | None
Talia | None
Andrew | None
Brittany | None
Madisen | None
Christina | None
Phillip | None
Jim | None
Megan | None
Tyler | None
Chris | None
Nancy | None
Matthew | None
Connor | None
Katie | None
Katie | None
Ryan | None
Allison | None
John | None
Allison | None
Emily | None
Emily | None
Jackie | None
Matthew | None
John | None
Mousa | None
Jordan | None
Mike | None
Kristen | None
Kimberly | None
Desi | None
Dayna | None
Brooke | None
Dennis | None
Christy | None
Tessla | None
Paige | None
Geoffrey | None
Lauren | None
Joanne | None
Curtis | None
Jeb | None
Kyle | None
Mike | None
Kathryn | None
Jared | None
Kimberly | None
Mohamed | None
Aryel | None
Alexandra | None
Taylor | None
Madison | None
Sarah | None
Gerald | None
Ryan | None
Nate | None
Allison | None
Jake | None
Adrienne | None
Harris | None
Leslie | None
Mikayla | None
Christina | None
Paola | None
Laura | None
Aaron | None
Daniel | None
Andrew | None
Emma | None
Jessica | None
Simone | None
Kayla | None
McKenna | None
Sarah | None
Gracie | None
Haley | None
Cal | None
Kendall | None
Jeremiah | None
Desirae | None
Julia | None
Lindsey | None
Lindsay | None
Lexi | None
Lexi | None
Lexi | None
Lee-Anna | None
Leah | None
Caroline | None
Aaron | None
Kyra | None
Paige | None
Nicole | None
Sonia | None
Tara | None
Talia | None
Joe | None
Lizzy | None
Lorena | None
Lucas | None
Lucy | None
Bridget | None
Angel | None
Addie | None
Sarah | None
Ross | None
Maria | None
madeline | None
jake | None
Courtney | None
Brigette | None
Aaron | None
Mackenzie | None
Mackenzie | None
Mackenzie | None
Mackenzie | None
Luke | None
Luke | None
Lucy | None
alexandra | None
Louis | None
Ally | None
Nathan | None
Blake | None
AJ | None
Brendan | None
Delaney | None
David | None
Connor | None
Erin | None
Steve | None
Kala | None
Maggie | None
Lynne | None
Courtney | None
Ryan | None
Samantha | None
Meredith | None
Barrett | None
Aly | None
Shelbie | None
Chloe | None
Cameron | None
Hunter | None
Chuck | None
Natalia | None
Morgan | None
Heather | None
Maria | None
Haley | None
Nicholas | None
Landon | None
Alivia | None
Maria | None
Lukas | None
Kyle | None
Steven | None
Sean | None
Stacey | None
Mickayla | None
Dan | None
Louis | None
Daven | None
Zachary | None
Lacamry | None
Kyra | None
Debbie | None
Lucas | None
Natalie | None
Emily | None
Emily | None
Hannah | None
Harry | None
Joseph | None
Joshua | None
Jenna | None
Jennifer | None
Lea | None
Logan | None
Mandy | None
Dionysius | None
Maddie | None
Matthew | None
Natalie | None
Nicole | None
Sarah | None
Sydny | None
Sara | None
Trevor | None
Yindilynn | None
Madeline | None
Ashley | None
Jeff | None
Ashley | None
Anastasia | None
Erin | None
Anna | None
Isabella | None
Ashley | None
Rachel | None
Jessica | None
Mikayla | None
Hannah | None
Nicole | None
Daion | None
Trevor | None
Jennifer | None
Aishwarya | None
Hannah | None
Ayla | None
Mark | None
Atif | None
Madeline | None
Kay | None
Juan | None
Emily | None
Jeanne | None
Alexandria | None
Robin | None
Jack | None
Owen | None
Melisa | None
Matt | None
Luisa | None
Shannon | None
Leila | None
Mary | None
Tanya | None
Ciarra | None
Ty | None
Ryan | None
Cayla | None
Kristin | None
Jessica | None
Lauren | None
Taylor | None
Katerina | None
Kaitlyn | None
Abdelrahman | None
Amanda | None
Brandon | None
Carlos | None
Chase | None
Dominick | None
Cole | None
Emma | None
Graeme | None
Hanna | None
Kat | None
Jay | None
Justin | None
Eileen | None
Aurora | None
Jason | None
Koffi | None
Emma | None
Sean | None
Zachary | None
Ally | None
Marni | None
Brian | None
Lauren | None
Margaret | None
Rob | None
Shannon | None
Gurvinder | None
Amber | None
Alexandra | None
Tiffany | None
Raghvendra | None
Dennis | None
Kirk | None
Patricia | None
Debby | None
Brian | None
Kevin | None
Ratna | None
Aimee | None
Wendy | None
Monika | None
Craig | None
Sai | None
Dana | None
H. | None
Halaina | None
Shubhda | None
Susan | None
Keith | None
Joseph | None
Daymek | None
Andrea | None
Wesley | None
Asheeqah | None
Shrividya | None
Mona | None
Mark | None
Fabian | None
Clive | None
Benjamin | None
Anna | None
Angelique | None
Abhilash | None
Siyamthanda | None
Olive | None
Alicia | None
Karabo | None
Charlotte | None
Tia | None
Mellissa | None
Gaia | None
Giulia | None
Meaghan | None
Keara | None
Christopher | None
Jamie | None
Carolyn | None
Megan | None
Ken | None
Michael | None
Hannah | None
Valerie | None
Andrew | None
Andrea | None
Jenny | None
Shauna | None
Frank | None
Thomas | None
Thomas | None
Taryn | None
Susan | None
Sean | None
Sammy | None
Rudolph | None
Robert | None
Rebecca | None
Poonam | None
Paula | None
Michael | None
Mark | None
Lola | None
Khushnood | None
Kalli | None
Joshua | None
Jonathan | None
Joel | None
IT | None
Greg | None
Tracy | None
Mark | None
Trent | None
Abdelilah | None
Ata | None
Hi | None
Hi | None
Hi | None
Hi | None
Hi | None
Hi | None
Hi | None
Hi | None
Hi | None
Hi | None
Hi | None
John | None
Hi | None
Michaelt | None
Ethan | None
David | None
Amy | None
Christopher | None
Guillermo | None
Darya | None
Debbie | None
Amanda | None
Ranjeet | None
Ivy | None
Hi | None
Erick | None
Charlie | None
Derrick | None
Roger | None
Douglas | None
Misty | None
Misty | None
Mark | None
Marc | None
John | None
John | None
Joe | None
Coleton | None
Augie | None
Amanda | None
Alexis | None
Paige | None
Amy | None
Jacqueline | None
Misty | None
Debbie | None
Joelle | None
Bruce | None
Amanda | None
Ata | None
Chris | None
Tracy | None
Jordan | None
Rob | None
Debbie | None
David | None
David | None
Corey | None
Clint | None
Christopher | None
Chris | None
Damien | None
Brian | None
Ashley | None
Anthony | None
Andrew | None
Carrington | None
Ampy | None
Michael | None
Andrea | None
Poonam | None
Tara | None
Abelardo | None
Misty | None
Alex | None
Alexis | None
Ali | None
Abraham | None
Jonna | None
Austin | None
Cyrus | None
Brianna | None
Joe | None
Mansi | None
Melissa | None
Christine | None
Samantha | None
Kelly | None
Krish | None
Hunter | None
Robert | None
Ambar | None
Gabriella | None
Pete | None
Suraj | None
Angelo | None
Lauren | None
Purcell | None
Reagan | None
Meha | None
Sydney | None
Abby | None
Raul | None
Adler | None
Drew | None
Sarah | None
Alexis | None
Kevin | None
Krishna | None
Ray | None
William | None
Jasmin | None
Nick | None
David | None
Matthew | None
Scott | None
Alexis | None
Delaney | None
Rao | None
Scott | None
Jon | None
Diane | None
Tina | None
Clarence | None
George | None
Cameron | None
Michelle | None
Franco | None
Brian | None
Danielle | None
David | None
Katrina | None
Leon | None
Lorraine | None
Maria | None
Alexis | None
Brian | None
Kenton | None
Quentin | None
Jimmy | None
Chris | None
Tinisha | None
christina | None
Kit | None
Shawn | None
Marc | None
Shannon | None
Drew | None
JJ | None
Allison | None
Nick | None
Norm | None
Reagan | None
Robert | None
Ray | None
Stan | None
Sarah | None
Shanice | None
Sydney | None
Sarah | None
Suraj | None
Stephanie | None
Trey | None
Vidya | None
Vivek | None
Venturus | None
Wesley | None
Gowri | None
krish | None
satya.g | None
Hunter | None
Samantha | None
David | None
Yvette | None
Maria | None
Richard | None
Tavi | None
Meha | None
Michael | None
Krishna | None
Kurt | None
Austin | None
Angelo | None
Alexis | None
Angela | None
Abdur | None
Amy | None
Brandon | None
Brian | None
Bobby | None
Brett | None
Courtney | None
Christopher | None
Chris | None
Robert | None
Conrad | None
Cameron | None
Derrick | None
Deepika | None
Drew | None
Ellie | None
Frank | None
Gary | None
George | None
Hare | None
Iyiola | None
Jon | None
Jonathan | None
Jake | None
Charles | None
Claire | None
Carrie | None
Nick | None
Brian | None
Bryan | None
Melissa | None
Autumn | None
Yvonne | None
John | None
Gennady | None
Tushar | None
Danielle | None
Amanda | None
Matt | None
James | None
Beka | None
Lorraine | None
Maria | None
Brandon | None
Paige | None
Brandon | None
Rao | None
Matt | None
Richard | None
Charles | None
Allison | None
Cyrus | None
Kinaya | None
Kim | None
Janie | None
Kinaya | None
Shawn | None
Brianna | None
Caroline | None
Yvette | None
Shanice | None
Srinu | None
Christopher | None
Amy | None
Wyatt | None
Anglia | None
Cole | None
Conrad | None
Abraham | None
Katie | None
Vivek | None
Cynthia | None
Jack | None
Tanush | None
Drew | None
Bianca | None
Ellie | None
Darlene | None
Trey | None
Courtney | None
Allison | None
Lindsay | None
Joe | None
Erin | None
Wesley | None
Stephanie | None
Sarah | None
Jake | None
Riya | None
Richard | None
Laura | None
Jasen | None
Timothy | None
Michelle | None
Heather | None
Justin | None
Amanda | None
Paige | None
Kristen | None
Bailey | None
Kevin | None
Catrina | None
Amy | None
Dave | None
Wyatt | None
Abraham | None
Krish | None
Bianca | None
Cyrus | None
Allison | None
Brianna | None
Anglia | None
Brett | None
Nicholas | None
Greg | None
Shannell | None
Hope | None
Ben | None
David | None
Anthony | None
Frank | None
Misti | None
Austin | None
LinkedIn | None
Graham | None
Enon | None
Paula | None
Jennifer | None
Julia | None
Carrie | None
Sean | None
Jeff | None
Darlene | None
Chelsea | None
Steve | None
Gregory | None
Jon | None
Rhett | None
Nicole | None
Faith | None
David | None
Yvonne | None
Jeff | None
Josh | None
Brooke | None
Erica | None
Susan | None
Andrew | None
Paul | None
Melanie | None
Joanne | None
Felicia | None
Kirt | None
Kevin | None
Nancy | None
Peter | None
Michelle | None
William | None
Barry | None
Abby | None
Natalie | None
Nathaniel | None
Victoria | None
Sheerah | None
JT | None
Alex | None
Stephanie | None
Matt | None
Cameron | None
Kevin | None
Cassie | None
Tyler | None
Erik | None
Chris | None
Elena | None
Taylor | None
Liz | None
Yaksi | None
Christopher | None
Pete | None
Ricardo | None
Richard | None
Kristina | None
Daris | None
TiQuisha | None
Kristine | None
Jonah | None
Natalie | None
David | None
Mark | None
Ryan | None
Jiselle | None
Joanna | None
Tia | None
Lizzi | None
Scott | None
Jenny | None
Carly | None
David | None
Jim | None
Holly | None
Sarah | None
Allison | None
Charlene | None
Crystal | None
Todd | None
Georgia | None
James | None
Amanda | None
Gretchen | None
Myles | None
Courtney | None
Caitlin | None
Matthew | None
Angie | None
Michael | None
Caron | None
Danielle | None
Danealle | None
Shannon | None
Molly | None
Krystal | None
Stephanie | None
Emily | None
Ben | None
Noelle | None
Brittany | None
Derek | None
Jennifer | None
Steven | None
Anthony | None
Jenna | None
Whitney | None
Anna | None
Jessica | None
Chris | None
Eldar | None
Jody | None
Stephanie | None
Julie | None
Allison | None
Jorge | None
Rickey | None
Jake | None
Rachel | None
Lance | None
Chris | None
Natalie | None
John | None
Craig | None
Zachary | None
Joe | None
Justin | None
Jessica | None
Hannah | None
Hannah | None
Lida | None
Craig | None
Rhiannon | None
William | None
David | None
William | None
Dragan | None
Joanne | None
Carrie | None
Katie | None
Lauren | None
Shannon | None
Juwan | None
Rachel | None
Marc | None
Derius | None
Clancy | None
Ophelie | None
Anna | None
Rob | None
Katie | None
Jennifer | None
Trish | None
Sofy | None
David | None
Jim | None
Carpria | None
Jimina | None
Rae | None
Romeen | None
Wendy | None
Susan | None
Donald | None
Lucia | None
Lori | None
Elizabeth | None
Alonna | None
Ram | None
Megan | None
Cassandra | None
Madison | None
Daniel | None
Janie | None
Jennifer | None
Travis | None
Theresa | None
Taylor | None
Scott | None
Ricardo | None
Michael | None
Heather | None
David | None
Daniel | None
Cole | None
Christian | None
Casi | None
Andrew | None
James | None
John | None
Michael | None
Michael | None
Ian | None
Jon | None
alan | None
joseph | None
mariana | None
michelle | None
ricky | None
hector | None
claudia | None
brisa | None
andrew | None
Juan | None
joseph | None
Jessica | None
Jesus | None
ivette | None
Taylor | None
Grayson | None
David | None
Sukh | None
Landon | None
Luke | None
Caoimhe | None
Ryan | None
Lacey | None
Noah | None
Madeline | None
Lyle | None
Luke | None
Seth | None
Steven | None
Whitney | None
Kayli | None
Sam | None
Linnea | None
Kayla | None
Lacee | None
Morgan | None
Hayden | None
Gavin | None
Elizabeth | None
Courtney | None
Cooper | None
Cade | None
Blair | None
Bailey | None
Analise | None
Amanda | None
Joel | None
Stephanie | None
Yulia | None
Lindsey | None
Joey | None
Ashley | None
AJ | None
Austin | None
Jade | None
Lena | None
Andrew | None
Candy | None
Kyle | None
Crystal | None
Derek | None
Dana | None
Elizabeth | None
Jeff | None
Kyle | None
Samantha | None
Josh | None
Jake | None
Samantha | None
Stewart | None
Drew | None
Karen | None
Stephanie | None
Debbie | None
Tara | None
Pat | None
Asha | None
David | None
tara | None
camila | None
sorcha | None
Jermaine | None
Lily | None
Winston | None
Stuart | None
Jaymie | None
Frank | None
Amanda | None
Stephanie | None
Andy | None
Jason | None
aionna | None
stephanie | None
charlie | None
dana | None
debbie | None
geoffrey | None
owen | None
pat | None
randolph | None
Jess | None
Brandon | None
Destinee | None
Sheridan | None
Jaylin | None
Ryan | None
Jordan | None
Joe | None
James | None
Harley | None
Gordon | None
Brittany | None
Brittany | None
Brandan | None
Amanda | None
Rachel | None
Nichole | None
Max | None
Jon | None
Juan | None
Fallon | None
Doug | None
Chris | None
Kevin | None
Valentina | None
Billy | None
Lexi | None
Drew | None
Michael | None
Karim | None
Kelli | None
David | None
James | None
Vidyasagar | None
Gracie | None
Carter | None
Jeremy | None
Zuemy | None
Brian | None
Abimael | None
Cesar | None
Alain | None
Cmr | None
Mahesh | None
ramadevi | None
Swathi | None
Ana | None
Bharani | None
Harrison | None
Sunil | None
Sid | None
Hemant | None
Sagar | None
Prasad | None
Sowjanya | None
Troy | None
Josh | None
Charlotte | None
Joshua | None
Alicia | None
Cam | None
Jessica | None
Jake | None
Clayton | None
Steve | None
Charles | None
Patrick | None
Jeff | None
Michael | None
Hayley | None
Katrina | None
Lucas | None
Isabella | None
Michael | None
Robert | None
Kyle | None
Emaley | None
Zak | None
Emily | None
Katie | None
Jake | None
Stacy | None
Ben | None
Eleanor | None
Mackenzie | None
Jenny | None
Sam | None
Alexander | None
Mikayla | None
Max | None
Sydney | None
Caroline | None
Allie | None
Mike | None
Todd | None
Dylan | None
Matt | None
Averey | None
Ava | None
Jacob | None
Hunter | None
Hunter | None
Michael | None
Ben | None
Tom | None
Charlie | None
Kain | None
Connor | None
Christina | None
Jack | None
Paige | None
Blake | None
Sameer | None
Joseph | None
Emma | None
Maddalynn | None
David | None
Zachary | None
Buck | None
Cailey | None
Lyndsay | None
Hunter | None
Matthew | None
Kunj | None
Molly | None
David | None
Harley | None
Mia | None
Anthony | None
Ana | None
Daniela | None
Braelyn | None
Nick | None
Franco | None
Kelley | None
Henry | None
Anthony | None
Seth | None
Fernando | None
Charles | None
Zane | None
Luis | None
Alex | None
Peyton | None
Manasi | None
Anni | None
Josh | None
Ryan | None
Misty | None
Daniel | None
Sean | None
Aldo | None
Nikki | None
Jonathan | None
Samuel | None
Adrian | None
Gail | None
Frank | None
Samantha | None
Jonny | None
Zwynda | None
Abby | None
Kevin | None
Andrew | None
Eric | None
Sydney | None
Geysser | None
Drake | None
Hayley | None
Kelsey | None
Samantha | None
Stephen | None
Kathryn | None
Samantha | None
Harrison | None
Nina | None
Charles | None
Michael | None
Luke | None
Victoria | None
Rick | None
Kyle | None
Diana | None
Alexis | None
Frances | None
Tyler | None
Elizabeth | None
Matthew | None
Elizabeth | None
Russell | None
Michael | None
Lauren | None
Kelley | None
Chadi | None
Benjamin | None
Bri | None
Alex | None
Joshua | None
Taylor | None
Kaileigh | None
Lauren | None
James | None
Lauren | None
Alexandra | None
Emily | None
Johan | None
Allison | None
Michael | None
Tyler | None
Zwynda | None
Cara | None
Francesca | None
Jack | None
Aria | None
madison | None
Lawrence | None
Laura | None
Madison | None
Lindsay | None
Anthony | None
Francesca | None
Brianne | None
Grace | None
Tim | None
Alexander | None
Marcus | None
Bill | None
Richard | None
Kalle | None
Justin | None
Jacob | None
Cody | None
Alexis | None
Ah | None
Jenny | None
Nicole | None
Maria | None
Natalie | None
Sophia | None
Rachel | None
Christal | None
Brinn | None
Cole | None
Robert | None
Ryan | None
Charlie | None
Grace | None
Jeff | None
Jennifer | None
Thomas | None
Owen | None
Trevor | None
Ed | None
Emily | None
Christopher | None
Charlie | None
Alex | None
Quinn | None
Michael | None
Laurina | None
Kristin | None
Ivan | None
Gianna | None
Connor | None
Bryce | None
Nick | None
Alexandra | None
Harry | None
Melody | None
Stephanie | None
Megan | None
Josh | None
Claire | None
Sean | None
Kate | None
Ryan | None
Dominique | None
James | None
Sam | None
Ivy | None
Lee | None
Claire | None
Nathan | None
Michael | None
Brandon | None
Michael | None
Carlos | None
Alex | None
Michael | None
Jillian | None
Stephen | None
Daniela | None
Cindy | None
Lauren | None
Elizabeth | None
Arianna | None
Benjamin | None
Marlee | None
Katy | None
Alex | None
Anthony | None
Megan | None
Cara | None
Leigh | None
Allison | None
Cameron | None
Connor | None
Kelli | None
Betsy | None
Lauren | None
Jaymee | None
Claire | None
Sarah | None
David | None
Victoria | None
Erica | None
Olivia | None
Jake | None
Collin | None
Max | None
Hannah | None
Markese | None
Xenia | None
Bill | None
Jessica | None
Kenneth | None
Joseph | None
Jack | None
James | None
Samantha | None
Michal | None
Rovana | None
Emma | None
Caroline | None
Anna | None
Kelsey | None
Jake | None
Carissa | None
Conor | None
Khadija | None
Tara | None
Abigail | None
Daniella | None
Matthew | None
Sabrina | None
Brooke | None
Luke | None
Vipin | None
Kaileigh | None
Sarah | None
Madison | None
Ryan | None
Frances | None
Emily | None
Patricia | None
Taylor | None
Bryce | None
Chris | None
Adam | None
Daniel | None
Zack | None
Kristina | None
Cade | None
Erika | None
Paddy | None
Leah | None
Farihah | None
Anthony | None
Madison | None
Courtney | None
AJ | None
Sarah | None
Michael | None
Chris | None
Nathan | None
Ana | None
Marcelo | None
Terry | None
Dany | None
Barbara | None
Brittany | None
Nick | None
Mark | None
Andrew | None
Caitlin | None
Elizabeth | None
Charles | None
Olabanji | None
Gillian | None
Chris | None
Linda | None
Claire | None
Billy | None
Gaëlle | None
Makayla | None
Alexander | None
Tyler | None
Deena | None
Nick | None
Deirdre | None
John | None
Ian | None
Mary | None
Colin | None
Rick | None
Jack | None
Tamara | None
Nicholas | None
Matthew | None
Richard | None
Stephen | None
Brigid | None
Justin | None
Carly | None
Meghan | None
Amanda | None
Sam | None
Kathryn | None
Tim | None
Kirsten | None
Lauren | None
Logan | None
Niall | None
Alessandra | None
Katie | None
Sean | None
Caroline | None
Olivia | None
Celia | None
Justin | None
Alex | None
Brandon | None
Daniel | None
Megan | None
William | None
Sean | None
Sean | None
Ethan | None
Victoria | None
Cian | None
Madison | None
Mary | None
Isabella | None
Luke | None
Grace | None
Timothy | None
Erin | None
Samantha | None
Lauren | None
Brianne | None
Dan | None
Monica | None
Donovan | None
Christopher | None
Joya | None
Milena | None
Thomas | None
Laura | None
Nina | None
Connor | None
William | None
Trevor | None
Ryan | None
Joseph | None
Lizzie | None
Benjamin | None
Blake | None
William | None
Paige | None
Natalie | None
Kaitlyn | None
Jerick | None
Berenice | None
Michelle | None
andrea | None
Jessica | None
Mark | None
Priscilla | None
Gabriella | None
Roland | None
Victor | None
Alyssa | None
Brittany | None
Ashley | None
Ryan | None
Erica | None
Claire | None
Abigail | None
Bridget | None
Jenny | None
Elizabeth | None
Abby | None
Mikayla | None
Isabel | None
Joshua | None
Lucia | None
Sydney | None
Cameron | None
Carlie | None
Savannah | None
Josephine | None
Kyle | None
Thomas | None
Matthew | None
Cathy | None
Krystal | None
Marios | None
Patricia | None
Joseph | None
Adeola | None
Tom | None
Ryan | None
Bianca | None
Ayars | None
Ryan | None
Jack | None
Taylor | None
Harrison | None
Megan | None
Donald | None
Isabel | None
Devin | None
Kyle | None
Davis | None
Carolyn | None
Morgan | None
Alessandra | None
Kyle | None
Alyah | None
Grace | None
Garrett | None
Madison | None
Keenan | None
Samantha | None
Amethyst | None
Erin | None
Shaun | None
Tyler | None
Daniel | None
Jessica | None
Mya | None
Steven | None
Arkadiy | None
Connor | None
Rena | None
Sarah | None
Michelle | None
Rusi | None
Mario | None
Jenny | None
Madeline | None
Kim | None
Allison | None
Scout | None
Nancy | None
shruthi | None
Bella | None
Jeff | None
William | None
Sireesha | None
satya_v | None
satya.c | None
meunier | None
brian.b | None
Jacquelin | None
giridha | None
pranayk | None
lakshmi | None
abhiheknanu1423 | None
ssilva521 | None
Donna | None
Robert | None
Yannis | None
Marlon | None
Carter | None
Shera | None
Shannon | None
Justin | None
Lindsay | None
Mike | None
David | None
Benjamin | None
Sean | None
Wesley | None
Raymond | None
Sean | None
Cole | None
David | None
Benjamin | None
Cole | None
Eric | None
Janelle | None
Codie | None
Cam | None
Michael | None
Rick | None
Sherrilyn | None
Taylor | None
Erin | None
Heather | None
Marni | None
Segun | None
Kyle | None
Katie | None
Amanda | None
Angeleka | None
Dan | None
Solanki | None
Cassidy | None
Alisyn | None
Tara | None
Daniel | None
Cathy | None
Chandler | None
Chiva | None
Olesia | None
Jatin | None
Jennifer | None
Karthik | None
Abby | None
John | None
Sergio | None
Aishwariya | None
Lianne | None
Pamela | None
Alicia | None
Andy | None
Paul | None
Vivek | None
Martika | None
Prem | None
Aisling | None
Reena | None
Kamlesh | None
Mini | None
Delia | None
Arlene | None
Mamta | None
Latonya | None
Sandra | None
Joshua | None
Elle | None
Magdalena | None
Lisa | None
Jillian | None
David | None
Durie | None
Sean | None
Annette | None
Matthew | None
Jennifer | None
Susan | None
Miguel | None
Darold | None
Melinda | None
Chandler | None
Frances | None
Team | None
Mohammed | None
Kiran | None
Naresh | None
james | None
Shivani | None
Jontae | None
Mohammad | None
Manasa | None
Nitin | None
Karine | None
Brian | None
Sunitha | None
Zainab | None
Nelson | None
Suraj | None
Christian | None
Jennifer | None
Mohammed | None
Denisa | None
Shay | None
Alicia | None
Calab | None
Mohammed | None
Jessica | None
Mike | None
Monte | None
Elena | None
Brandon | None
Brian | None
Shaina | None
Chandler | None
AJ | None
Autumn | None
Lauren | None
Shivom | None
Liz | None
Tatiana | None
Heather | None
Noelle | None
Jillian | None
Deanna | None
Moira | None
Jerrod | None
Ryan | None
Pamela | None
Hanna | None
Drew | None
Matt | None
Larry | None
Shanika | None
Todd | None
Sylvester | None
Ajalyn | None
Crystal | None
Martika | None
Ashley | None
Lakshmy | None
Bharath | None
Derrick | None
Manasa | None
Hima | None
Mary | None
Richard | None
Nima | None
Sanjeev | None
Khushboo | None
Jerry | None
Arjun | None
Indu | None
Ravi | None
Sampath | None
Prem | None
Priti | None
Vivetha | None
Zameer | None
Lavanya | None
Kshirabdhi | None
Terri | None
Annette | None
Patty | None
Nancy | None
Mark | None
Leah | None
Fernanda | None
kim | None
jessica | None
Jerrod | None
helena | None
Drew | None
Deanna | None
Calab | None
Lara | None
Autumn | None
AJ | None
Timothy | None
Shaina | None
Shivom | None
Jeff | None
Irenee | None
Matt | None
april | None
Denisa | None
monte | None
Neil | None
Andrew | None
Abby | None
Alvaro | None
Hanna | None
todd | None
Tatiana | None
liz | None
shay | None
Shaina | None
ryan | None
raquel | None
patty | None
pamela | None
Pamela | None
Nancy | None
Shay | None
Jillian | None
Elena | None
Aiyana | None
Shay | None
Tatiana | None
Shanika | None
Monte | None
Michelle | None
Melena | None
Leah | None
Andreana | None
Lauren | None
James | None
Heather | None
Guian | None
Drew | None
Chandler | None
Kira | None
Karine | None
Anny | None
Lianne | None
Kirti | None
Brandon | None
Shay | None
Cathy | None
Surbhi | None
Moira | None
David | None
Emile | None
Dale | None
Nancy | None
Bala | None
Frances | None
Shay | None
Lynda | None
Pamela | None
Annette | None
Alicia | None
Will | None
Crystal | None
Amy | None
Moira | None
Andy | None
Craig | None
Carolina | None
Todd | None
Abby | None
Christopher | None
Zee | None
Rocky | None
Richard | None
James | None
Fernando | None
Stephanie | None
Jonathan | None
Justine | None
Eric | None
Stephanie | None
Jiemei | None
Suparno | None
Christopher | None
Vincent | None
Hasan | None
Shekhar | None
Srinivasa | None
Natalie | None
James | None
Oliver | None
Marvin | None
David | None
Bala | None
Mike | None
Levi | None
Kim | None
Edie | None
Eric | None
Jerry | None
Robert | None
Mike | None
John | None
Abhilash | None
Vijay | None
Christina | None
Lauren | None
Abdulrahman | None
Mikelin | None
Biswarup | None
Jill | None
Darius | None
Kari | None
Kevin | None
Karla | None
James | None
Angela | None
Armstrong | None
Teleah | None
TJ | None
Raymond | None
Elen | None
Phillip | None
Nirav | None
Tamera | None
Josiah | None
Jessica | None
Surbhi | None
Rob | None
Martin | None
Pratibha | None
Melena | None
Phil | None
Adam | None
Josephine | None
Santhosh | None
Lisha | None
Basil | None
Noelle | None
Ashis | None
Nathaniel | None
Chris | None
Justin | None
Melinda | None
Angely | None
Michael | None
Steve | None
David | None
kevin | None
renae | None
Renzo | None
Megha | None
Craig | None
abbegale | None
george | None
jenna | None
laura | None
matt | None
scott | None
tom | None
Alexander | None
Angelica | None
Kathleen | None
Robert | None
Caitlin | None
stacey | None
Julie | None
Clark | None
Chrissie | None
Julie | None
Katie | None
Maria | None
Valerie | None
Vanessa | None
Chris | None
Krystle | None
Frank | None
Sylvia | None
Vanessa | None
Frank | None
Peggy | None
Victoria | None
Liz | None
Susan | None
Lesley | None
KC | None
Macon | None
Caroline | None
Kameron | None
Lashana | None
Christian | None
Sarah | None
Dora | None
Jeel | None
Rachel | None
Claudia | None
Malcom | None
Rachel | None
Kelly | None
Kimberly | None
Aaron | None
Asif | None
Katie | None
Vicki | None
Jessie | None
Alexandra | None
Kristen | None
Ritika | None
Valerie | None
Daniel | None
Jessica | None
Abbie | None
Adrian | None
Carissa | None
Matthew | None
Abbie | None
Leesa | None
Dairian | None
Joseph | None
Darcy | None
Justin | None
Leah | None
Barbara | None
Kathy | None
Dan | None
Gina | None
Willie | None
Pamila | None
Tanya | None
Lori | None
Barry | None
Shane | None
Puja | None
Joe | None
Oscar | None
Travis | None
Magaly | None
Diane | None
Gavin | None
Huong | None
PK | None
Kevin | None
Julia | None
Sophie | None
Casey | None
Ty | None
Lauren | None
Edson | None
hina | None
James | None
Sable | None
Judy | None
Laura | None
Trisha | None
James | None
Neal | None
Melissa | None
Megan | None
John | None
Anthony | None
Dana | None
Kevin | None
Paulina | None
Aakash | None
Munish | None
SAURABH | None
Sumit | None
Abraham | None
Ankush | None
Pooja | None
Shromona | None
Manan | None
Rajesh | None
Aakash | None
Deepak | None
Abhishek | None
Sneha | None
Raj | None
Shakeb | None
LinkedIn | None
Mohammad | None
Sahil | None
Maria | None
Dorsheeka | None
Amandeep | None
Alisha | None
Rajesh | None
Ajeet | None
Maitreyi | None
Shubham | None
Amit | None
Krishna | None
Vivek | None
Vik | None
Binita | None
Peyton | None
Rohit | None
Lauren | None
Himanshu | None
Matt | None
Kumaresh | None
Amul | None
Raghu | None
Yoomesh | None
Sumit | None
Sana | None
Vicky | None
Rajat | None
Vijeta | None
Lalith | None
Moin | None
Shambhavi | None
Prathvi | None
Pulak | None
Swati | None
Pradyuman | None
Lúcia | None
Aditya | None
Pankaj | None
Mayur | None
Mayuri | None
Satabdi | None
Dhruv | None
Sumit | None
Harshita | None
Vanarajan | None
Harshita | None
Nicki | None
Kristin | None
Michael | None
Gautam | None
Abby | None
Parul | None
Nikhil | None
Haarika | None
Kartik | None
Vrushang | None
Zain | None
Andrew | None
Girish | None
Utkarsh | None
Saksham | None
Dhananjay | None
Dedrick | None
Sapna | None
Sasha | None
Priyanka | None
Vipul | None
Vishal | None
Kunwar | None
Tarun | None
Vikas | None
Vandana | None
Vishal | None
Rohit | None
Sagar | None
Vibhrat | None
Rajat | None
Swapnil | None
Brendan | None
Abbhinav | None
Smita | None
Deepa | None
Komal | None
Dana | None
Aravind | None
Alexandra | None
Bhupinder | None
Neelu | None
Deepak | None
latika | None
Cindy | None
Payal | None
Amanda | None
Alice | None
Bayang | None
Roshan | None
Manish | None
Sharon | None
Arun | None
Manmohan | None
Sadik | None
John | None
Irfan | None
Chad | None
Ram | None
Aradhna | None
Priyanka | None
Nikita | None
Bhuvneshwari | None
Nikhil | None
Mohammad | None
Rohit | None
Wasim | None
Taikhum | None
Ankit | None
Aman | None
Narbdeshwar | None
Prafull | None
Abbas | None
Khyaati | None
Shristi | None
Vikrant | None
Manju | None
Amit | None
Abhishek | None
Pratibha | None
Mradul | None
Samarth | None
Kunal | None
Anil | None
Niraj | None
Sanya | None
Nikita | None
Riya | None
Kunal | None
Gargi | None
Hari | None
Mohammad | None
Anuj | None
Vasu | None
Raghav | None
Harsh | None
Pradeep | None
Ayushi | None
Ravvi | None
Ankur | None
Nidhi | None
Asghar | None
Nitin | None
Sahiba | None
Madhu | None
Om | None
Rishabh | None
Anish | None
Ankita | None
Parul | None
Rohit | None
Vijendra | None
Charu | None
Raj | None
Harmik | None
Gaurav | None
Akhilesh | None
Tristan | None
Gabriel | None
Carrie | None
Michael | None
Vincent | None
Carrie | None
Giridharan | None
Aravinda | None
Alister | None
Santhosh | None
Victor | None
Rumi | None
Ajinkya | None
June | None
Bhargav | None
Shane | None
Saranya | None
Neetika | None
Artie | None
Jane | None
Suraj | None
Michelle | None
Kathy | None
Adam | None
Sarah | None
Barry | None
Artie | None
Joe | None
Willie | None
Suraj | None
Dan | None
Kathy | None
Ray | None
Kiran | None
Rob | None
Gustavo | None
Jaya | None
Sarathkumar | None
Shubh | None
Prarthana | None
Hanh | None
Geeta | None
Mike | None
Robin | None
Arun | None
Manali | None
Neetika | None
Oscar | None
Ja'Mesha | None
Murali | None
Brent | None
Arnold | None
Delva | None
Skurhse | None
Rick | None
Eric | None
Yia | None
Matthew | None
Angie | None
Joseph | None
Rachel | None
Sarah | None
David | None
Nick | None
Lewis | None
Eileen | None
Jayson | None
Michael | None
Tanzida | None
Benja | None
Ben | None
Gretchen | None
Jenna | None
Jose | None
Jeremy | None
Taylor | None
Tom | None
Will | None
Caleb | None
Steven | None
John | None
Susan | None
Kyra | None
Zachary | None
Patricia | None
Joevelle | None
Veronica | None
Chelsea | None
Michael | None
Shay | None
Emily | None
Michael | None
Wynn | None
Jonathan | None
Laura | None
Matt | None
LinkedIn | None
Brian | None
Raquel | None
Alycia | None
Lisa | None
Jessica | None
Dana | None
Christian | None
Richard | None
Linda | None
Brett | None
Marisa | None
Marta | None
Chelsea | None
Amanda | None
Josh | None
Gabrielle | None
Tiffany | None
Paul | None
Yis | None
Jesse | None
Jesse | None
Katie | None
Charles | None
PJ | None
Gavin | None
Christian | None
Tim | None
Jesse | None
Meagan | None
Alec | None
Paul | None
Marisol | None
Sarah | None
Nick | None
Sam | None
Hudson | None
Alexandra | None
Eric | None
Cyma | None
John | None
Jaime | None
David | None
Aaron | None
Samantha | None
Ray | None
Brett | None
Dave | None
Amanda | None
Rebekah | None
Jan | None
John | None
Jacquelyn | None
Melanie | None
Jessica | None
Anthony | None
Booth | None
Danielle | None
Frank | None
Jessica | None
Christopher | None
Lori | None
Josh | None
James | None
Christopher | None
Sophia | None
Kaylie | None
Jacquelyn | None
Vallari | None
Alex | None
Team | None
Joshua | None
hesham | None
Brian | None
Jessica | None
Sara | None
Rachel | None
Christine | None
Sarah | None
Rachel | None
Phillip | None
Kat | None
Karina | None
Hannah | None
Angeline | None
Amanda | None
Richard | None
Tamsyn | None
Melanie | None
Joe | None
Brett | None
Maureen | None
Alycia | None
Christian | None
Chelsea | None
Tiffany | None
Lisa | None
Dana | None
Sydney | None
Sara | None
Paige | None
Linda | None
Jessica | None
Gabrielle | None
Jonita | None
Marcelo | None
Raquel | None
Gina | None
Darren | None
Lisa | None
Vivian | None
Michael | None
Catherine | None
Tiffany | None
Richard | None
Raquel | None
Raquel | None
Marta | None
Marisa | None
Linda | None
Dana | None
Christian | None
Booth | None
Amanda | None
Elana | None
Madai | None
Lorena | None
Leah | None
Alex | None
Angie | None
Rosemarie | None
Tyler | None
jessica | None
kaushik | None
krishna | None
kyle | None
lexi | None
lisbeth | None
haley | None
Jessica | None
lucas | None
meredith | None
michael | None
mickey | None
mike | None
nagaraju | None
nanda | None
locksey | None
liz | None
daan | None
chase | None
Jessica | None
Paris | None
Chris | None
Bennett | None
Haley | None
Eva | None
Sunil | None
nicole | None
Nicole | None
Viola | None
Onalia | None
Ellen | None
Kyle | None
bekkam | None
ben | None
cameron | None
Vera | None
sam | None
Casey | None
sunitha | None
Chandni | None
Charlie | None
Christopher | None
Cindy | None
Dan | None
Dan | None
Dawn | None
Catherine | None
Derek | None
Devanand | None
Divya | None
Dolly | None
Ed | None
Elizabeth | None
Eswar | None
Eva | None
Dev | None
Jake | None
Carol | None
tiffany | None
tony | None
wally | None
Abdul | None
Alex | None
Alexa | None
Alyson | None
Carolyn | None
Amar | None
Anthony | None
Arun | None
Audie | None
Bonnie | None
Bonnie | None
Brendan | None
Brent | None
Andy | None
Alex | None
Matt | None
Michelle | None
Viral | None
Lauren | None
Latisha | None
Dan | None
Michael | None
Andrew | None
Dan | None
Shailesh | None
Kristine | None
Shawn | None
Daniel | None
Jonathan | None
Lee | None
Elzbieta | None
Domonisa | None
Alyson | None
Siobhan | None
Yani | None
Sarah | None
Sunitha | None
Helene | None
Wes | None
Sajid | None
John | None
Brian | None
Samuel | None
Dave | None
Wally | None
Thomas | None
Joseph | None
George | None
Rob | None
Liz | None
Lucas | None
Kaushik | None
Vijaya | None
YC | None
Christina | None
Matthew | None
Joe | None
Daan | None
Kendra | None
Bonnie | None
Stacey | None
Nora | None
Daniel | None
Vince | None
Chase | None
Carole | None
Amanda | None
Pam | None
Eswar | None
Julie | None
Murray | None
Jessica | None
Kyla | None
Nadine | None
Syed | None
Van | None
Gaikwad | None
Stacy | None
Ellen | None
Angela | None
Melanie | None
Viola | None
Gregory | None
Amit | None
Umair | None
Joanne | None
Steven | None
Alec | None
Claire | None
Priya | None
Paris | None
Maria | None
Ed | None
Jeff | None
Gayathri | None
Kimberly | None
Grace | None
Lauren | None
Hiring | None
Rajasekhar | None
Jake | None
Domas | None
Ragam | None
Jewel | None
Meghan | None
Vishal | None
Scott | None
Lisbeth | None
Ranjani | None
Sunitha | None
Patricia | None
Olivia | None
Daniel | None
Chaitanya | None
Tyler | None
Dakota | None
Locksey | None
Tiffany | None
Tim | None
Tyler | None
Vamshi | None
Vemula | None
Vera | None
Vibha | None
Amiee | None
Vijay | None
Vijaya | None
Vivek | None
Whitney | None
Angie | None
Alexa | None
Lisbeth | None
Roxanne | None
Vijay | None
Tharun | None
Trevor | None
Pradeep | None
John | None
Tiffany | None
Casey | None
Ishita | None
Nicholas | None
Ximena | None
Olu | None
Onalia | None
Heidie | None
William | None
Nga | None
Theresa | None
Rene | None
Grace | None
Rarine | None
Gene | None
Stephen | None
Angie | None
Nicole | None
Juan | None
Rachel | None
Jeremy | None
Bhavesh | None
Onalia | None
Kenny | None
Ryan | None
Scott | None
Monika | None
Kiran | None
Nathan | None
Corey | None
Jason | None
Lisbeth | None
Jordan | None
Audie | None
Lauren | None
Kate | None
Tal | None
Syed | None
Steve | None
Kiran | None
Krishna | None
Krishna | None
Latisha | None
Lauren | None
Lauren | None
Lauren | None
Pete | None
Lee | None
Liv | None
Liz | None
Locksey | None
Lokesh | None
Lou | None
Louise | None
M | None
Lisbeth | None
Manasa | None
Kiki | None
Kendra | None
Gulam | None
Jack | None
Janet | None
Jason | None
Jeff | None
Jennifer | None
Jessica | None
Kevin | None
Jewel | None
Jisha | None
John | None
Jordan | None
Juan | None
Julie | None
Karthik | None
Keith | None
Jim | None
Manith | None
Manoj | None
Mark | None
Ramesh | None
Rarine | None
Ravikanth | None
Rich | None
Rob | None
Roxanne | None
Sai | None
Raju | None
Sai | None
Sam | None
Sarah | None
Satheesh | None
Sravanth | None
Stacey | None
Stacy | None
Stephen | None
Sailesh | None
Rachel | None
Prodyut | None
Priya | None
Mark | None
Matt | None
Matt | None
Matthew | None
Meghan | None
Michael | None
Michael | None
Mohammed | None
Monika | None
Nadine | None
Nanda | None
Neeti | None
Nicole | None
Onalia | None
Patrick | None
Paul | None
Pavan | None
Giribabu | None
Junette | None
Devanand | None
Alec | None
Dan | None
Derek | None
Dolly | None
Gayathri | None
Gemmae | None
Giribabu | None
Jessica | None
Christopher | None
John | None
Kenny | None
Kevin | None
Kiran | None
Krishna | None
Krishna | None
Lauren | None
Lauren | None
Juan | None
Manasa | None
Chris | None
Chandni | None
Kenny | None
Alex | None
Rob | None
Brendan | None
Carol | None
Lauren | None
Steve | None
Charlie | None
Jake | None
Alexa | None
Arun | None
Bekkam | None
Bennett | None
Bhavesh | None
Brendan | None
Carol | None
Alex | None
Sam | None
Mark | None
mike | None
Vera | None
Vibha | None
Vijay | None
Bredon | None
Brian | None
Tal | None
Carl | None
Dan | None
Daniel | None
Danielle | None
Derrick | None
Gena | None
Anne | None
Matthew | None
sunitha | None
Stephen | None
Mohammed | None
Monika | None
Nadine | None
Nagaraju | None
Nanda | None
Nanda | None
Neeti | None
Sunil | None
Onalia | None
Pradeep | None
Prodyut | None
Rajasekhar | None
Ranjani | None
Rich | None
Rob | None
Stephen | None
Paul | None
Giselle | None
Jim | None
Jack | None
Liz | None
Mark | None
Matthew | None
Meghan | None
Meredith | None
Michael | None
Michael | None
Lexi | None
Mike | None
Nicole | None
Nicole | None
Nicole | None
Onalia | None
Patrick | None
Paul | None
Rachel | None
Nadine | None
Rebecca | None
Lee | None
Kyle | None
Mike | None
Sarah | None
Alexa | None
Audie | None
Brent | None
Catherine | None
Charlie | None
Lauren | None
Dan | None
Dawn | None
Jason | None
Jisha | None
Jordan | None
Julie | None
Daan | None
Patricia | None
Rich | None
Scott | None
Tony | None
Karthik | None
Karthik | None
Jared | None
Lou | None
Amit | None
Krishna | None
Jewel | None
Ryan | None
Monika | None
Jordan | None
Katie | None
Jessica | None
Vicki | None
Jessica | None
Adam | None
Sam | None
Viral | None
Tal | None
Stephen | None
Tim | None
Tony | None
Tyler | None
Kimberly | None
Neeti | None
Derek | None
Vishal | None
Michael | None
Krishna | None
Dominic | None
Rajasekhar | None
Nagaraju | None
Corey | None
Dev | None
Prodyut | None
Whitney | None
Fathima | None
Heather | None
Jason | None
Samuel | None
Manith | None
Nanda | None
Liz | None
Jack | None
Michelle | None
Sam | None
Raju | None
Ramesh | None
Ryan | None
Jacky | None
Audie | None
Lucas | None
Chris | None
Onalia | None
Mohammed | None
Jisha | None
Alex | None
Kendra | None
Amar | None
Priya | None
Lisbeth | None
Kaushik | None
Sai | None
Sunil | None
Gulam | None
Carla | None
Brent | None
Sailesh | None
Lokesh | None
Mark | None
Lexi | None
Tiffany | None
Cindy | None
Dominic | None
Locksey | None
Tony | None
Kyle | None
Giribabu | None
Taylor | None
Lou | None
Giselle | None
Jeremy | None
Jisha | None
Locksey | None
Jordan | None
Scott | None
Abha | None
Jocelyn | None
Haley | None
Steve | None
Julie | None
Liv | None
Dawn | None
Benjamin | None
Nicole | None
Jessica | None
Alexa | None
Louise | None
Roxanne | None
Nanda | None
Chandni | None
Cyryll | None
Jessica | None
Kiran | None
Kimberly | None
Lee | None
Kiki | None
Meredith | None
Vibha | None
Grace | None
Haley | None
Melissa | None
Jennifer | None
Dolly | None
Jared | None
Sam | None
Reddy | None
Adam | None
Amiee | None
Gabriella | None
Kiki | None
Kyle | None
Leif | None
Xyrene | None
Liz | None
Scott | None
Trevor | None
Brent | None
Carl | None
Christopher | None
Corey | None
Gena | None
Matt | None
Hannah | None
Whitney | None
Terrence | None
Jennifer | None
Jeremy | None
Joshua | None
Justin | None
Kira | None
Kyndall | None
Leif | None
Tom | None
Lissa | None
Madison | None
Nhorvic | None
Nicholas | None
Onalia | None
Rachel | None
Rikki | None
Ryan | None
Louise | None
Tharun | None
Jack | None
Kyle | None
Dan | None
Kaladhar | None
Shilpi | None
Kyle | None
Ravikanth | None
Sanjana | None
Manoj | None
Chaitanya | None
Krishna | None
Vijay | None
Arun | None
Shambu | None
Tyler | None
Satheesh | None
Syed | None
Sai | None
Eswar | None
Jeremy | None
Abdul | None
Syed | None
Leif | None
Lexi | None
Louise | None
Mark | None
Nicole | None
Patrick | None
Rikki | None
Sravanth | None
Sam | None
Zach | None
Edwin | None
Anthony | None
Wally | None
Divya | None
Michael | None
Vamshi | None
Terrence | None
Jennifer | None
Domas | None
Kavinda | None
Ashley | None
Morgan | None
Brittany | None
Stephanie | None
Casey | None
Connor | None
Andrew | None
Kim | None
Carole | None
Stephanie | None
Edith | None
Hermann | None
Doriste | None
Maurice | None
FOLASHADE | None
Alix | None
Jerald | None
Brendan | None
Vincent | None
Larson | None
Bradley | None
Mark | None
Tom | None
Sarah | None
Matthew | None
Meranda | None
Michael | None
Nikki | None
Tia | None
Rebecca | None
Sean | None
Matt | None
Paul | None
Marty | None
Lesley | None
Angela | None
Heather | None
Dion | None
Caitlin | None
Brad | None
Bobby | None
Austin | None
Ashley | None
Kathy | None
Amanda | None
Jonathan | None
amber | None
heather | None
jennifer | None
Samantha | None
Joshua | None
Mattias | None
John | None
Tyler | None
Jonathan | None
Andres | None
Ash | None
Jessica | None
Oscar | None
Dana | None
Josh | None
Jonathan | None
John | None
Johanna | None
Joelle | None
Joe | None
Jenny | None
Jeff | None
Jana | None
James | None
Jim | None
Julia | None
Marcia | None
Justin | None
Justin | None
Kaley | None
Kali | None
Kara | None
Kara | None
Karen | None
Kathryn | None
Kathy | None
Katie | None
Kayla | None
Keely | None
Kim | None
James | None
Julia | None
Holly | None
Caya | None
Hannah | None
Bishop | None
Bjorn | None
Brad | None
Brenda | None
Brenee | None
Cara | None
Carolien | None
Carrie | None
Kira | None
Cesar | None
Christine | None
Constanze | None
Daniel | None
Hefin | None
Daniela | None
Dave | None
Dave | None
David | None
Denisa | None
Dorothy | None
Dustin | None
Edward | None
Elise | None
Elizabeth | None
Erik | None
Fabiano | None
Florent | None
Gustaf | None
Danny | None
Koen | None
Mihaela | None
Kristin | None
Rachel | None
Randall | None
Rene | None
Rich | None
Richard | None
Robert | None
Ron | None
Rosanne | None
Scott | None
Sean | None
Selena | None
Silvana | None
Steve | None
Preston | None
Tara | None
Treavor | None
Vivian | None
William | None
William | None
Yusouf | None
Zach | None
Principe | None
Declan | None
Rebecca | None
Arissa | None
Jessica | None
Judy | None
Timothy | None
Kori | None
Peter | None
Oscar | None
Large | None
Larissa | None
Lindsay | None
Liz | None
Luke | None
Lydia | None
Mackenzy | None
Malak | None
Marcel | None
Margaret | None
Mariam | None
Martin | None
Matt | None
Patrick | None
Matt | None
Melissa | None
Merima | None
Michelle | None
Ashley | None
Mike | None
Monika | None
Morgan | None
Nichole | None
Nico | None
Nicole | None
Nicole | None
Oktay | None
Maxim | None
Antonio | None
Liz | None
Angie | None
Kevin | None
Kevin | None
Kristal | None
Lane | None
Lily | None
Margot | None
Michelle | None
Robert | None
Robert | None
Ryan | None
Ryan | None
Scott | None
Ken | None
Shane | None
Traci | None
Anthony | None
Courtenay | None
Christopher | None
James | None
Hannah | None
Lance | None
Justin | None
Christopher | None
Stephen | None
Cliff | None
Gary | None
Ted | None
Corri | None
Julia | None
Jessica | None
Stacy | None
Allen | None
Benjamin | None
Mark | None
Gabby | None
Marien | None
Marie | None
Amber | None
Christopher | None
Linden | None
Danielle | None
Jonathan | None
Alexis | None
Amanda | None
Andrew | None
Blaine | None
Bradley | None
Carey | None
Cesar | None
Christa | None
Christopher | None
Courtney | None
Dave | None
Dustin | None
Gabreon | None
Jaila | None
Alexis | None
Kitty | None
Tyler | None
Shahbaz | None
Nick | None
Alissa | None
Braden | None
Eric | None
Graecie | None
Ian | None
Jennifer | None
Jim | None
John | None
Kylee | None
Mike | None
Paul | None
Lokesh | None
Peter | None
Alexa | None
Alexis | None
Alfredo | None
Aliquan | None
Amber | None
Amelie | None
Amez | None
Amy | None
Anastasios | None
Andrew | None
Angie | None
Angie | None
Stacy | None
Lee | None
Marcia | None
Elijah | None
Brent | None
Kristina | None
Jaclyn | None
Mae | None
Kimberly | None
Matt | None
Jessica | None
Heather | None
Megan | None
Nainika | None
Laura | None
Matthew | None
Alexander | None
Graham | None
Alexander | None
Emma | None
David | None
Tiffany | None
Darnell | None
Marcia | None
Carapella | None
Hannie | None
Laila | None
Kristine | None
VanAlten | None
Bayardo | None
Jennifer | None
Kat | None
Mallory | None
Katie | None
Natalia | None
Todd | None
Nick | None
Erick | None
erick | None
Sreyoshi | None
Sreyoshi | None
Marina | None
Mackenzie | None
Melissa | None
Matt | None
Alex | None
Tammy | None
Genna | None
Sreyoshi | None
Olga | None
Ksenia | None
Lucas | None
Emmanuel | None
Pearl | None
Richmond | None
Eunice | None
Atsu | None
Vargas | None
Melissa | None
Jeff | None
Hassan | None
Yves | None
Brian | None
Stephen | None
Isaac | None
Emmanuel | None
Natalie | None
Samuel | None
Ibraheem | None
Hasheem | None
Hussain | None
Robinson | None
Sriniwas | None
Mubeen | None
John | None
Nazia | None
Adil | None
Sana | None
Arif | None
Mahesh | None
Joe | None
Majid | None
Naveen | None
Alyssa | None
Colin | None
Nicholas | None
Robert | None
Maggies | None
Stacey | None
Kathy | None
Gregory | None
Sarah | None
Nancy | None
Sherron | None
Philmon | None
Ashley | None
Nikole | None
Ellen | None
Colleen | None
Christopher | None
Natalie | None
Kate | None
Carly | None
Pebbles | None
Arinne | None
Jamie | None
Jen | None
Madison | None
Aziza | None
kimberlee | None
Emma | None
Alex | None
Elizabeth | None
Courtney | None
Brittany | None
Brennan | None
Brandon | None
Aya | None
Ambriel | None
Alaina | None
tyler | None
rocio | None
richard | None
raymond | None
ray | None
paula | None
pat | None
nicole | None
mary | None
lauren | None
larry | None
Erin | None
tiffany | None
Grady | None
Harrison | None
Alex | None
joel | None
Abby | None
Ayida | None
Yasmin | None
Yadira | None
Stephanie | None
Shannon | None
Rarine | None
Nick | None
Natalia | None
Michael | None
Mary | None
Lynda | None
Lindsey | None
Kaiti | None
Julia | None
Jess | None
Jared | None
James | None
Jacqueline | None
Jack | None
Isaiah | None
Gina | None
jessica | None
Kevin | None
ivette | None
Julianne | None
Megan | None
Scott | None
Daniel | None
Lauren | None
Aries | None
Lisa | None
Ryan | None
Danel | None
Katherine | None
Arthur | None
Lexy | None
Andrea | None
Stephanie | None
Kasey | None
Emma | None
Jonathan | None
Megan | None
Gautam | None
Brianna | None
Alex | None
Regan | None
Carl | None
Mary | None
Kimmy | None
Janie | None
hayley | None
hannah | None
dani | None
cody | None
anjali | None
alexis | None
Acza | None
Antonio | None
Christina | None
Matthew | None
Kelsey | None
Andrea | None
Ashley | None
Drayton | None
Conrad | None
Daja | None
Shannon | None
Jon | None
Sarah | None
Mo | None
Natasha | None
Monica | None
Michelle | None
jana | None
Alexander | None
Kyle | None
Allegra | None
William | None
William | None
Valerie | None
Tiffany | None
Sydney | None
Steven | None
Stephen | None
Shannon | None
Shaniah | None
Samantha | None
Zoe | None
Reid | None
Oscar | None
Nicolette | None
nicole | None
Neely | None
Natalie | None
Moe | None
Michelle | None
Michael | None
Melissa | None
Megan | None
Owen | None
Vincent | None
Alyssa | None
Sarah | None
Shaylyn | None
Isabel | None
Jack | None
Madison | None
Mary | None
Sarah-Kate | None
Sarah | None
Ariana | None
Chad | None
Jacob | None
Nicole | None
Ryan | None
Quinn | None
Cameron | None
Alexander | None
Eli | None
Bryanna | None
Shah | None
Jon | None
Steph | None
Ashwini | None
Christopher | None
Hope | None
Matthew | None
Alexis | None
Matthew | None
Madeline | None
Jacob | None
Hannah | None
Halie | None
Gabi | None
Devin | None
Derrick | None
Derrick | None
Daniel | None
Dani | None
Cortez | None
Jameson | None
Colleen | None
Clair | None
Chelsey | None
Charlie | None
Charles | None
Catherine | None
Benjamin | None
Anthony | None
Anna | None
Andrew | None
Althea | None
Clare | None
Jeanette | None
Jenifer | None
Jessica | None
Macye | None
Lyman | None
Luis-Miguel | None
Liz | None
Livia | None
Lilian | None
Libby | None
Laura | None
Kimberly | None
Kevin | None
Ken | None
Kelsey | None
Katie | None
Kate | None
Julie | None
joseph | None
Joseph | None
Jordan | None
Jon | None
John | None
John | None
Joey | None
Joana | None
Madisen | None
Jillian | None
Dave | None
Devon | None
Madison | None
Matthew | None
Adam | None
Stephanie | None
Devon | None
Abbey | None
Lacy | None
Ian | None
Adrionna | None
Kyle | None
Dylan | None
Kayla | None
Bailly | None
Sarah-Kate | None
Katherine | None
Jojo | None
Hilary | None
Stein | None
Jon | None
Ian | None
Conrad | None
Ryley | None
Leah | None
Lauren | None
Caroline | None
Robert | None
Ashlyn | None
Michaela | None
Andrea | None
Taylor | None
Brenna | None
Madeleine | None
Brooke | None
gilda | None
Cameron | None
Greg | None
Shannon | None
Philip | None
Margo | None
Steven | None
Nicole | None
Grace | None
Clara | None
Allison | None
Jon | None
Katie | None
Kelsie | None
Jessica | None
Candice | None
Drew | None
Jessica | None
Mac | None
Lily | None
Lana | None
Kyle | None
Kaylyn | None
Julie | None
Jenna | None
Jeffrey | None
Jasmine | None
Jared | None
Maddie | None
James | None
Diamond | None
Cristian | None
Connor | None
Chris | None
Chad | None
Brittani | None
Bianca | None
Ava | None
Anthony | None
Alexander | None
Griffin | None
Mary | None
Mary | None
Michelle | None
Alexandra | None
Allison | None
Savannah | None
Mary | None
Krista | None
Ali | None
Elyssa | None
Jackson | None
Ashley | None
Acza | None
Brittany | None
Gabrielle | None
Carter | None
Yadira | None
Olufemi | None
Justin | None
McKenzie | None
Kimmy | None
Zach | None
Vincent | None
Sydney | None
Paige | None
Miles | None
Brenna | None
Acza | None
Jason | None
Tess | None
Amanda | None
Casey | None
Jeremy | None
Taylor | None
David | None
Kyle | None
Bailey | None
Drayton | None
Daja | None
Hagar | None
Danielle | None
Corey | None
Hannah | None
Jordyn | None
Lexi | None
Albert | None
Shelby | None
Demetri | None
Emad | None
Laura | None
adsf | None
Nicole | None
tri | None
Eric | None
Taylor | None
Bryan | None
Megan | None
Alysa | None
Amber | None
Ryan | None
Fatima | None
Devin | None
Kristen | None
Christopher | None
Joanna | None
Kelsey | None
Sean | None
Diamond | None
Meagan | None
Sarah | None
Calvin | None
Angela | None
Alyssa | None
Kai | None
Jonny | None
Jason | None
Henry | None
Molly | None
Stephany | None
S. | None
MeganAnn | None
Ashtyn | None
Martha | None
Nicholas | None
Courtney | None
Gabrielle | None
Joshua | None
Haley | None
Tyler | None
Andrew | None
Shivam | None
Arthur | None
TJ | None
Andrea | None
Brian | None
Jessica | None
Suzanna | None
Tiffany | None
Robert | None
Kyra | None
Elizabeth | None
John | None
Yuki | None
Justin | None
Elena | None
Marisa | None
Johnny | None
Jessica | None
Madison | None
Justin | None
Lauren | None
Melissa | None
Abby | None
Sarah | None
Pierre | None
Jorge | None
Ashley | None
Matthew | None
Adrian | None
Anthony | None
Mary | None
Caroline | None
Claire | None
Timothy | None
Erin | None
Gabriel | None
Xavier | None
Connor | None
Brittany | None
Eric | None
Chelsea | None
Trevor | None
Craig | None
Joshua | None
Trevor | None
Dave | None
Antonio | None
Kaitlin | None
Tyler | None
Theresa | None
Michelle | None
Kelly | None
Nelson | None
Chad | None
Katherine | None
Sara | None
Scott | None
Jay | None
Raj | None
Tristan | None
Jade | None
Adam | None
Rachel | None
Russ | None
Peter | None
Jaclyn | None
Dan | None
Connor | None
Chase | None
Bryce | None
Amanda | None
Spencer | None
Gina | None
Allison | None
Carter | None
Steve | None
Leagh | None
Brandi | None
Jason | None
M | None
Kimberly | None
Gary | None
M | None
Gary | None
Steve | None
Leagh | None
M | None
Brandi | None
Kimberly | None
Neville | None
Robert | None
Jason | None
Tim | None
Richard | None
M | None
Jason | None
Kevin | None
Tim | None
Robert | None
Neville | None
Naveen | None
Naveen | None
Emma | None
Jake | None
Freya | None
Eric | None
Brian | None
Adam | None
Brad | None
Melissa | None
Adele | None
Adam | None
Janise | None
Breanna | None
Jeff | None
Rachel | None
Julie | None
LinkedIn | None
Lucy | None
Mallory | None
Melissa | None
Morgan | None
Pam | None
Pamela | None
Emma | None
Robin | None
Stacia | None
Carol | None
Jessica | None
Daniel | None
Dan | None
JD | None
Shelly | None
Jeff | None
Morgan | None
Julie | None
Pam | None
Brian | None
Patti | None
Brad | None
Lucy | None
Brianna | None
Melissa | None
Robin | None
Mallory | None
Carol | None
Dan | None
Eric | None
Pamela | None
Jake | None
Janise | None
Pat | None
Charlie | None
Adele | None
Brynna | None
Jessica | None
Jeff | None
Harry | None
Jerry | None
Lukas | None
Greg | None
Michael | None
Molly | None
Molly | None
Mitch | None
Mina | None
Mike | None
Michelle | None
Michelle | None
Michelle | None
Michael | None
Matthew | None
Michael | None
Michael | None
Michael | None
Molly | None
Michael | None
Matthew | None
Melissa | None
Monica | None
Matthew | None
Matthew | None
Max | None
Maya | None
Megan | None
Megan | None
Megan | None
Meghan | None
Meghan | None
Mei | None
Melinda | None
Mélissa | None
Melissa | None
Melissa | None
Melissa | None
Monique | None
Lori | None
Nadia | None
Olivia | None
Pankti | None
Paola | None
Patrycja | None
Paula | None
Peter | None
Petra | None
Philomena | None
Phoebe | None
Phoebe | None
Pierre | None
Piya | None
Pooja | None
Matthew | None
Pooja | None
Olga | None
Mridula | None
Nóra | None
Nishika | None
Nafisa | None
Natalia | None
Nayirie | None
Neha | None
Nicholas | None
Nicholas | None
Nick | None
Nicole | None
Nicole | None
Nicole | None
Nicole | None
Nicole | None
Niko | None
Nikola | None
Nishat | None
Noopur | None
Matthew | None
Lauren | None
Matt | None
Kristen | None
Kristen | None
Kristen | None
Kristin | None
Kristin | None
Kristina | None
Kristen | None
Kristina | None
Kshama | None
La'Trice | None
Laura | None
Laure | None
Lauren | None
Lauren | None
Kristofer | None
Komal | None
Kirstyn | None
Kirk | None
Keniyha | None
Kennedy | None
Kenzia | None
Kerem | None
Kerensa | None
Kerry | None
Kerry | None
Kevin | None
Khushbu | None
Kiamesha | None
Kiara | None
Kim | None
Kim | None
Kim | None
Kimberly | None
Lauren | None
Matthew | None
Prabhu | None
LeeAnn | None
Marc | None
Margot | None
Maria | None
Marian | None
Mario | None
Marissa | None
Manju | None
Mark | None
Martin | None
Martin | None
Mary | None
Mary | None
Matt | None
Matt | None
Marlana | None
Mamta | None
Maggie | None
Madison | None
Leroy | None
Liam | None
Libertin | None
Libor | None
Linda | None
Lindsey | None
Lisa | None
Lisa | None
Lizzie | None
Logan | None
Lúcia | None
Luiza | None
Lydia | None
Madeline | None
Madhura | None
Leah | None
Prachi | None
Sam | None
Prakher | None
Subramanya | None
Sukumar | None
Suryakanth | None
Susan | None
Taher | None
Tamara | None
Subhalaxmi | None
Tamara | None
Tanner | None
Tarundeep | None
Taylor | None
Teodóra | None
Theresa | None
Therese | None
Tammy | None
Steven | None
Stephene | None
Stephanie | None
Sonja | None
Sonomi | None
Sophia | None
Sophia | None
Soumita | None
SRINIVASAREDDY | None
Sriram | None
Stacy | None
Stanislava | None
Starr | None
Steph | None
Steph | None
Stephanie | None
Stephanie | None
Stephanie | None
Thomas | None
Sinead | None
Tiffany | None
Tom | None
Winifred | None
Yasmin | None
Yehuda | None
Yein | None
Yesenia | None
Zachary | None
Wassim | None
Zakia | None
Zoe | None
Zsófia | None
Zsófia | None
Zsófia | None
Zsuzsanna | None
Zubair | None
Zhengxing | None
Waleed | None
Viv | None
Viktor | None
Tony | None
Tori | None
Tracy | None
Travis | None
Trevor | None
Twisha | None
Tyler | None
Vanesa | None
Vasco | None
Veronique | None
Vibi | None
Vicki | None
Victoria | None
Victoria | None
Vidya | None
Timothy | None
Sinching | None
Simon | None
Sidney | None
Rita | None
Robert | None
Robin | None
Roger | None
Roland | None
Romano | None
Rikky | None
Ron | None
Ruben | None
Ruby | None
Ruby | None
Ruchi | None
Ruifang | None
Saba | None
Rosa | None
Richard | None
Reshma | None
Renáta | None
Pratyancha | None
Priyanka | None
Pullati | None
Rachael | None
Rachel | None
Rachel | None
Rachel | None
Rajiv | None
Rashida | None
Rashida | None
Rashmi | None
Reed | None
Regina | None
Reid | None
Renae | None
Sachin | None
Sai | None
Saida | None
Kelly | None
Scott | None
Scott | None
Sean | None
Shabnam | None
Shan | None
Shanleigh | None
Shannon | None
Shashank | None
Shawna | None
Shelby | None
Shervin | None
Shisham | None
Shrushti | None
Shubhashree | None
Siddhi | None
Savannah | None
Prajakta | None
Sarah | None
Sarah | None
Samantha | None
Samantha | None
Samantha | None
Samantha | None
Samantha | None
Samantha | None
Samantha | None
Sameena | None
Sandeep | None
Sandra | None
Sandy | None
Sangita | None
Sara | None
Sarah | None
Sarah | None
Sarah | None
Kelise | None
Laurence | None
Keith | None
Bryan | None
Brynn | None
Cal | None
Calum | None
Calvin | None
Candy | None
Brittany | None
Carla | None
Carmen | None
Carol | None
Carolina | None
Caroline | None
Casey | None
Cecilia | None
Carly | None
Brittany | None
Brionna | None
Brionna | None
Barnali | None
Beata | None
Becks | None
Bence | None
Benjamin | None
Benjamin | None
Bezawit | None
Bhawana | None
Blake | None
Bob | None
Bonnie | None
Brandon | None
Brandon | None
Brenda | None
Brianna | None
Cerise | None
Balázs | None
Chantelle | None
Charles | None
Clydee | None
Corey | None
Cree | None
Cynthia | None
Dale | None
Dan | None
Clifton | None
Dana | None
Daniel | None
Daniel | None
Daniel | None
Daniel | None
Daniela | None
Dannine | None
Danah | None
Clare | None
Claire | None
Cindy | None
Charles | None
Charlie | None
Charlotte | None
Chelsea | None
Cheryl | None
Chris | None
Chris | None
Chrissy | None
Christina | None
Christina | None
Christina | None
Christine | None
Christine | None
Christopher | None
Ciara | None
Charisse | None
Aya | None
Awa | None
Kelcey | None
Aleksandar | None
Alex | None
Alexa | None
Alexandra | None
Alexandra | None
Alexandra | None
Alejandra | None
Alexis | None
Alison | None
Allison | None
Amanda | None
Amanda | None
Amanda | None
Amber | None
Alicia | None
Akshatha | None
Akshata | None
Aishwarya | None
John | None
Junelle | None
Michelle | None
Krista | None
Jonathan | None
Aaron | None
Aaron | None
Abby | None
Abby | None
Acacia | None
Adam | None
Adam | None
Aditya | None
Aditya | None
Adony | None
Amélia | None
Amrita | None
Amy | None
Andrea | None
Areana | None
Arielle | None
Arielle | None
Arielle | None
Arpan | None
ARPITA | None
Arun | None
Asheley | None
Ashka | None
Ashlei | None
Ashleigh | None
Ashlyn | None
Aslam | None
Asta | None
Atsuya | None
Aran | None
Darla | None
Annmarie | None
Anna | None
Andrea | None
Andrea | None
Andrea | None
Andrea | None
Andrea | None
Andrew | None
Andrew | None
Andrew | None
Angel | None
Angela | None
Angela | None
Angie | None
Anil | None
Anita | None
Anna | None
Annie | None
Darrell | None
Aundi | None
David | None
Jayne | None
Jen | None
Jenna | None
Jenna | None
Jennifer | None
Jennifer | None
Jay | None
Jennifer | None
Jesse | None
Jessica | None
Jessica | None
Jessica | None
Jessica | None
Jiani | None
Jessa | None
Jason | None
Jarrain | None
Janay | None
Ivan | None
Iyo | None
Jackie | None
Jaclin | None
Jacob | None
Jacob | None
Jagruti | None
Jaime | None
Jake | None
Jake | None
James | None
James | None
Jamie | None
Jamie | None
Jamila | None
Jillian | None
Irene | None
Jim | None
Joe | None
Kaitlyn | None
Kane | None
Karen | None
Karin | None
Karishma | None
Kasey | None
Kaitlin | None
Katelyn | None
Katie | None
Katie | None
Katie | None
Katleen | None
Kayla | None
Keilly | None
Kathleen | None
Justine | None
Justin | None
Juliette | None
John | None
John | None
John | None
Jon | None
Jordan | None
Jose | None
Joshua | None
Joyce | None
Juan | None
Juleigh | None
Julia | None
Julia | None
Julia | None
Julie | None
Julie | None
Jodi | None
Iralee | None
Isaac | None
Henal | None
Edwin | None
Elena | None
Eleonóra | None
Elijah | None
Elizabeth | None
Elizabeth | None
Elizabeth | None
Ella | None
Ellen | None
Elliana | None
Emilie | None
Émilie | None
Emily | None
Emily | None
Emily | None
Edward | None
Hinal | None
Dušan | None
Duncan | None
David | None
David | None
Debbie | None
Deborah | None
Deboroah | None
Deepa | None
Devashish | None
Dianna | None
Dominique | None
Dóra | None
Dóra | None
Dóra | None
Dóra | None
Douglas | None
Drew | None
Durbin | None
Emma | None
Emma | None
Eric | None
Gaurav | None
Gemma | None
Gina | None
Gina | None
Goutham | None
Greta | None
Ganeshan | None
Gunnar | None
Hajnalka | None
Hannah | None
Hannah | None
Hannah | None
Harper | None
Heather | None
Hajnalka | None
Gabriella | None
Garett | None
Fred | None
Erica | None
Erika | None
Erin | None
Erin | None
Eryck | None
Gabriel | None
Faith | None
Eszter | None
Fanni | None
Fédra | None
Ffion | None
Firoz | None
Folasade | None
Francisco | None
Fallon | None
David | None
Rachel | None
Pat | None
Angeline | None
Angeline | None
Kayse | None
Dave | None
Jill | None
Kumodini | None
Karan | None
Prashant | None
Khushi | None
Harsh | None
Annie | None
Saloni | None
Dhruvi | None
Hardik | None
Hari | None
Aakanksha | None
Daniel | None
Lindsey | None
Susan | None
Holli | None
John | None
Jim | None
Adam | None
Jessica | None
Lindsey | None
Ashton | None
JAASON | None
Cameron | None
Nithin | None
Joshua | None
Aradhana | None
Patrick | None
Lewis | None
Aleeyah | None
Joseph | None
Nikola | None
Claire | None
Nithin | None
Wendy | None
Katie | None
Bob | None
Ron | None
Cameron | None
John | None
Mike | None
Michael | None
Supriya | None
Koriy | None
Jonathan | None
Alex | None
Jeremiah | None
Christie | None
Brandon | None
Rebecca | None
Hans | None
Dylan | None
George | None
Cindy | None
Davis | None
allan | None
Mark | None
Ricky | None
Hamanshu | None
Yuqin | None
Ji'Lon | None
Kimber | None
Sydney | None
Aradhana | None
Sam | None
Kimber | None
Nithin | None
Lewis | None
Sam | None
Claire | None
Katie | None
Shashidhar | None
Jack | None
Ryan | None
Jalen | None
Raymond | None
Kevin | None
Ryan | None
Joseph | None
Kristine | None
Patrick | None
Kiran | None
Meghan | None
Jack | None
Aleeyah | None
Zach | None
Les | None
Mark | None
Zach | None
Patrick | None
Bob | None
Ryan | None
Kevin | None
Davy | None
Wendy | None
Meghan | None
Ashton | None
Josh | None
Allan | None
Kristine | None
Raymond | None
Joseph | None
Josh | None
Joanna | None
Georgios | None
Christopher | None
Chris | None
Angela | None
Alizah | None
Michelle | None
Julie | None
Becca | None
Jenn | None
Summer | None
Iyana | None
Alexis | None
Nicole | None
Blade | None
Allison | None
Sami | None
Jelisa | None
Jarrett | None
Eric | None
Andrew | None
Brandon | None
Stuart | None
Andrea | None
Alena | None
Detrom | None
Tim | None
3 | None
2 | None
5 | None
7 | None
8 | None
9 | None
10 | None
11 | None
Katrina | None
Josh | None
Jeremy | None
1 | None
Jennifer | None
Linda | None
Cindy | None
Lauren | None
Phillip | None
Brian | None
Alan | None
Rob | None
Wwk | None
Clayton | None
Brian | None
Anthony | None
Connie | None
Jeremy | None
Angela | None
Tonya | None
Carol | None
Matt | None
Lexi | None
Richard | None
Linda | None
Alexis | None
Alison | None
Angela | None
Bob | None
Brian | None
DeAnna | None
Kevin | None
Latoyia | None
Chad | None
Joe | None
Danielle | None
Ilyse | None
Walter | None
Ashley | None
Ilyse | None
Matthew | None
Brynna | None
Tracey | None
Kenneth | None
Nicholas | None
Lisa | None
Drayton | None
Mackenzie | None
Haithem | None
Kelly | None
Victor | None
Isabelle | None
Gary | None
Samuel | None
Kylie | None
Hunter | None
Rick | None
Bailey | None
Amelia | None
Maggie | None
Natalie | None
Mary | None
Erin | None
Elizabeth | None
John | None
Jay | None
Cassi | None
Grace | None
Ashton | None
Hannah | None
Abigail | None
Caroline | None
Lizze | None
Devon | None
Danielle | None
Danielle | None
Daniel | None
Dalia | None
Connor | None
Chad | None
Caroline | None
Cameron | None
Brooke | None
Brianna | None
Benjamin | None
Autumn | None
Annie | None
Anna | None
Andrew | None
Allison | None
Alexander | None
Kylie | None
Anacelia | None
Daniel | None
Scott | None
Amanda | None
Matthew | None
Julie | None
McKenley | None
Jessie | None
Hannah | None
Megan | None
Emily | None
Olivia | None
Matthew | None
Lisa | None
Michael | None
Michaeline | None
Jillian | None
Lydia | None
Crystal | None
Shannon | None
Shae | None
Keylee | None
Justin | None
Cristian | None
Allie | None
Jessica | None
Chris | None
Matthew | None
Andrew | None
Adam | None
Mary | None
Savannah | None
Dave | None
Justin | None
Carly | None
Madeline | None
Henry | None
Noah | None
Quintun | None
Kaylie | None
Caitlin | None
Bryan | None
Ashly | None
Alexander | None
Sophia | None
Dimitrios | None
Greg | None
Derek | None
Eddie | None
Jillian | None
Megan | None
Shawnette | None
Gourav | None
Emily | None
Ashley | None
Julie | None
Heather | None
Cate | None
Jessica | None
Lizzy | None
Sam | None
Carolyn | None
Alicia | None
Monique | None
Jordan | None
Courtney | None
Chip | None
Leslie | None
Kyle | None
Ashley | None
donny | None
Hannah | None
Elly | None
Rose | None
Jason | None
Kylie | None
Michael | None
Emily | None
m | None
Sally | None
Darren | None
Aarti | None
Christopher | None
Rachel | None
Chloe | None
Isabelle | None
Nathan | None
Rachel | None
Diana | None
Darien | None
Jake | None
Steve | None
Maria | None
Charlotte | None
Karen | None
Sydneya | None
Owen | None
Rachel | None
John | None
Kayla | None
Esteban | None
Liam | None
Max | None
Steve | None
Amanda | None
Hemal | None
Sage | None
Kristina | None
Evan | None
Amisha | None
Kaila | None
Camryn | None
Rumit | None
Zoe | None
Chris | None
Austin | None
Ian | None
Provides | None
McKenzie | None
NyJuan | None
Faizal | None
David | None
Shelby | None
Gabriella | None
Valerie | None
Jeff | None
James | None
Sara | None
Jeff | None
Jay | None
Holly | None
Shannon | None
Paula | None
Joe | None
Akibu | None
Lindsay | None
Leah | None
Lauren | None
Lauren | None
kyle | None
Khalid | None
Kennedy | None
Kenn | None
Kelsey | None
Kelly | None
katherine | None
Kaitlyn | None
kaci | None
Jonathan | None
John | None
John | None
John | None
John | None
Jessica | None
Jessica | None
jennifer | None
Jarrett | None
jack | None
Heidi | None
Hazel | None
Vincenzo | None
Emma | None
maggie | None
Mallory | None
Mark | None
Max | None
Kira | None
Brenden | None
Patrick | None
Destiny | None
Mackenzie | None
Hena | None
Jacob | None
Tony | None
Abe | None
Cameron | None
Tristan | None
taylor | None
T | None
Eamon | None
Sierra | None
Sarah | None
Samuel | None
Samuel | None
Ryan | None
Rachel | None
Rachael | None
Peter | None
Olivia | None
Noah | None
Nicole | None
Nick | None
Nicholas | None
Mickey | None
Sebastian | None
Jeanine | None
Terell | None
Mayree | None
Dean | None
Jillian | None
Leah | None
Wesley | None
Roxy | None
Xavier | None
Kristen | None
Annie | None
Casey | None
Marcus | None
Mukesh | None
Deb | None
Tia | None
Ashley | None
Rayleen | None
Matthew | None
Megan | None
Shaun | None
Emma-Lee | None
Anthony | None
Kelley | None
Veronica | None
Ryan | None
Jeff | None
Jacob | None
Alejandro | None
Grace | None
Paula | None
Adam | None
Elyse | None
Brittany | None
Ashley | None
Nicole | None
Lindsay | None
Brennan | None
Paul | None
Jon | None
Jessica | None
Jackson | None
Grace | None
Declan | None
Evan | None
Pierre | None
Jan | None
Keeran | None
Nick | None
Jeff | None
David | None
Heather | None
Kayla | None
John | None
Andrea | None
Patrick | None
Mackenzie | None
Rezon | None
Alex | None
Danielle | None
Kyle | None
Kelly | None
Eder | None
Neha | None
Spencer | None
Max | None
Kyra | None
Peter | None
Zachary | None
Mitchell | None
Christopher | None
Shannon | None
Rachel | None
Cory | None
Jake | None
Valerie | None
Nick | None
Austin | None
Alexis | None
Brandon | None
Brad | None
Rahul | None
Alexus | None
Chris | None
Waheed | None
Christine | None
Brenda | None
Mary | None
Jil | None
Holley | None
Rodel | None
Tracey | None
Nitesh | None
Hareesh | None
Samyuktha | None
Sabina | None
Matthias | None
Garrett | None
Jonathan | None
Shawna | None
Naina | None
Kristin | None
Annette | None
Savitha | None
Robin | None
Shannon | None
Jannice | None
Elise | None
Ally | None
Maxwell | None
Theresa | None
Jason | None
Drew | None
Alexis | None
Jaime | None
Jennifer | None
Dan | None
Andrew | None
Jessica | None
Moira | None
Timothy | None
Kevin | None
Christina | None
Ruchi | None
Cameron | None
Lily | None
Kathleen | None
Jason | None
Drew | None
Kelly | None
Moira | None
Alexa | None
Connor | None
Jacquelyn | None
Courtney | None
Dominick | None
Christopher | None
Logan | None
David | None
Matt | None
Caroline | None
Hannah | None
Hannah | None
Kate | None
Camilo | None
Olivia | None
Sean | None
Garrett | None
Bre | None
Jeffrey | None
Raul | None
Tallulah | None
Emily | None
Mike | None
Sarah | None
Maithraye | None
Aashvi | None
James | None
Fedro | None
Kyle | None
Jake | None
Jennifer | None
Colin | None
McIver | None
Anthony | None
Suzy | None
Vishal | None
Daboris | None
Sunil | None
Christina | None
Zaid | None
Barry | None
McKenley | None
Amanda | None
Rahul | None
Brendan | None
Nirbheek | None
Devraj | None
Nick | None
Caroline | None
Valeria | None
Nia | None
Elizabeth | None
Alexandria | None
Nicole | None
Carl | None
Jaclyn | None
Greg | None
Grant | None
Lauren | None
Ian | None
Neil | None
Kevin | None
Sunil | None
Mallory | None
Treasure | None
Justin | None
Jennifer | None
Stacey | None
Gina | None
Emma | None
John | None
Emma-lee | None
Maddie | None
Nico | None
Tajee | None
Robert | None
Taylor | None
Michael | None
Christina | None
Matthew | None
Brian | None
Jyoti | None
Alex | None
Dustin | None
Rachel | None
Daniela | None
Logan | None
Heather | None
Andrew | None
Liam | None
Lenox | None
Brady | None
Scott | None
Marian | None
Jackie | None
Maggie | None
Matthew | None
Connor | None
Sydney | None
Pat | None
Leon | None
Christopher | None
Jadyn | None
Seth | None
Paul | None
Jamie | None
Fedro | None
Kayla | None
Trinity | None
Karen | None
Natassia | None
Maria | None
Joaquin | None
Kyra | None
Katherine | None
Brooke | None
Elizabeth | None
Jason | None
Amanda | None
Angela | None
rebecca | None
sally | None
Alexa | None
Heather | None
kariann | None
emma | None
Lonnie | None
Pamela | None
David | None
Eric | None
Jennifer | None
Rebecca | None
Eric | None
keela | None
Nelly | None
Jillian | None
John | None
Kariann | None
Keela | None
Patrick | None
Rebecca | None
Brian | None
Emma | None
Christina | None
Kimberly | None
Amy | None
angela | None
brian | None
pamela | None
Lonnie | None
Alexa | None
Lyssa | None
Pamela | None
Jennifer | None
Angela | None
Eric | None
Matt | None
Matthew | None
Matt | None
Linda | None
Linda | None
Lauren | None
Laura | None
Koula | None
Meghan | None
Joshua | None
Jeff | None
Jann | None
Greg | None
Greg | None
Eric | None
Emily | None
Joshua | None
Michael | None
Mike | None
Nicole | None
Timothy | None
Jason | None
Tony | None
Timothy | None
Timothy | None
Steve | None
Shawn | None
Sarah | None
Sarah | None
Sam | None
Ryan | None
Robert | None
Pierce | None
Patrick | None
Patrick | None
Elisha | None
Mike | None
Eileen | None
Michael | None
David | None
Dan | None
Dan | None
Craig | None
Courtney | None
CORI | None
Derek | None
Christopher | None
Chris | None
Chris | None
Chad | None
Chris | None
Brian | None
Allison | None
Brian | None
Andrea | None
Andy | None
Doug | None
Ashley | None
Bill | None
Brent | None
Anthony | None
Daniel | None
Tom | None
Paul | None
Jess | None
Ross | None
Daniel | None
Joe | None
Harrison | None
Bob | None
Jennifer | None
Lesley | None
Ian | None
Ben | None
Elizabeth | None
Alex | None
Alexis | None
Aiden | None
Andres | None
Ted | None
Megha | None
Cody | None
Alexis | None
Siya | None
alex | None
Cody | None
Dominic | None
Mary | None
Akriti | None
Salvatore | None
Sunita | None
Carla | None
Jon | None
John | None
Ricky | None
Jyoti | None
Michael | None
Tony | None
Safeena | None
Tsvety | None
Samuel | None
Jason | None
Keeley | None
ALKA | None
Kalyan | None
Kastodra | None
Deidre | None
Mia | None
Craig | None
Nikaela | None
Jason | None
Dave | None
Mary | None
Garrett | None
Quynh | None
Brad | None
Wendy | None
Geri | None
Candina | None
Nicholas | None
Lupe | None
Renee | None
Jason | None
Lindsi | None
Judi | None
Jessie | None
Alison | None
Margaux | None
Brandy | None
Jennifer | None
Lindsey | None
Ana | None
Danielle | None
Cassey | None
Rosie | None
Marian | None
Sarah | None
Saxon | None
Ana | None
Danielle | None
Cassey | None
Jennifer | None
Kimberly | None
Keith | None
Jami | None
Kelsey | None
Marian | None
Kimberly | None
Katie | None
Lisa | None
Rachel | None
Kathleen | None
Haley | None
Marsha | None
Sarah | None
Luisa | None
Saxon | None
Robert | None
Marsha | None
Keith | None
Lindsey | None
Brent | None
Josh | None
Donna | None
Ailish | None
Matt | None
Ailish | None
Kristin | None
Carly | None
Carl | None
Joshua | None
Brent | None
Carl | None
Moises | None
Jackson | None
Stephanie | None
Louis | None
Kamuela | None
Brian | None
Jillian | None
Tamara | None
Bethany | None
Cymonne | None
Leah | None
Curtis | None
jennifer | None
jessica | None
kimberly | None
michael | None
paige | None
paulette | None
sheri | None
robert | None
tricia | None
Levi | None
Amanda | None
Levi | None
rit | None
dawnn | None
holly | None
Caitlin | None
Amanda | None
Tricia | None
Jessica | None
ashley | None
Tanner | None
Sharla | None
Craig | None
Victoria | None
Abby | None
Yasmine | None
Y-Jimson | None
John | None
Lorri | None
Lisa | None
Chris | None
Madhu | None
Shikha | None
Vanitha | None
Kyle | None
Amelework | None
Michelle | None
Dean | None
Saurabh | None
Anastasiya | None
Mark | None
Frank | None
Anita | None
Derrick | None
James | None
Shikha | None
Melena | None
John | None
Chris | None
Sam | None
Reena | None
Madhu | None
Shikha | None
Maddie | None
Mark | None
Dominic | None
John | None
Runa | None
Melena | None
Mike | None
Anita | None
Adam | None
Reena | None
Mike | None
Michael | None
Chris | None
Maddie | None
Runa | None
Michael | None
Matheo | None
Amanda | None
Dominic | None
Chris | None
Chris | None
John | None
Anita | None
Melena | None
Adam | None
Reena | None
Mike | None
Michael | None
Chris | None
Maddie | None
Sam | None
Amanda | None
Adam | None
Matheo | None
Amanda | None
Mike | None
Christopher | None
Runa | None
Michael | None
Matheo | None
Lloyd | None
Anastasiya | None
Anita | None
Adam | None
Chris | None
Amanda | None
Madhu | None
John | None
Bryan | None
John | None
Anastasiya | None
Daniel | None
Shikha | None
Maddie | None
Christopher | None
Bryan | None
Madhu | None
Reena | None
Chris | None
Maddie | None
Bryan | None
Lisa | None
chris | None
andrew | None
Andrew | None
Bryan | None
Runa | None
Dominic | None
Maddie | None
Sasha | None
Nicholas | None
Arturo | None
Wendy | None
Vaishali | None
Melissa | None
Elmer | None
Kyle | None
Scott | None
Mark | None
Sam | None
madhu | None
Mark | None
Reena | None
Anita | None
daniel | None
Maddie | None
Madhu | None
Runa | None
Juan | None
Scott | None
Grant | None
Christopher | None
Hassan | None
Gillian | None
Matthew | None
David | None
Jeff | None
Ryan | None
Mike | None
Tierra | None
Erica | None
TJ | None
Zach | None
Shannon | None
Jason | None
cbradle | None
Britton | None
Harrison | None
Parker | None
Debra | None
Kimberly | None
Joshua | None
Braden | None
Ian | None
Norma | None
Camden | None
Crystal | None
Julie | None
Daniel | None
Garrett | None
Carla | None
Sarah | None
Kendra | None
Nick | None
Deja | None
Linda | None
Samantha | None
Dot | None
Emily | None
Brian | None
Melody | None
Christine | None
Ronni | None
Lou | None
Christine | None
Payal | None
Alan | None
Jillian | None
Beth | None
Doug | None
Beth | None
Amanda | None
Nick | None
Connor | None
Maggie | None
Chandler | None
Brett | None
Jim | None
Alexandra | None
Gabe | None
Vanesa | None
Lili | None
Leslie | None
Tamiyah | None
Kristin | None
Caitlin | None
Cecilia | None
Leland | None
Mary | None
Tom | None
Keith | None
Meghan | None
Dylan | None
Keagan | None
Amanda | None
Jordan | None
Mariana | None
Avion | None
Geron | None
Julie | None
Lee | None
Elle | None
Allison | None
Thomas | None
Stephanie | None
Salwa | None
Ryne | None
Robert | None
paris | None
Juliana | None
Jonathan | None
Jon | None
Amanda | None
Jeremy | None
Gerald | None
Chloe | None
Brittnie | None
Andrew | None
Melissa | None
Alec | None
Riley | None
Candice | None
Thaisa | None
Malcolm | None
Lucy | None
Jennifer | None
Naiya | None
Patricia | None
Kyle | None
Olivia | None
Gemma | None
Adrian | None
Aaliyah | None
Lisa | None
Ovidio | None
Shalena | None
Charles | None
Paige | None
Janique | None
Valerie | None
Virginia | None
Willie | None
Jamie | None
Mary | None
Julien | None
Adriana | None
Alexxis | None
Kaitlyn | None
Katy | None
Reagan | None
Austin | None
Hubert | None
Kelsey | None
Haylee | None
Linda | None
Kim | None
Dennis | None
Chris | None
Jesse | None
Jason | None
Ryan | None
Joan | None
Adam | None
Brittany | None
hannah | None
Iain | None
Nathan | None
Nicole | None
Jenifer | None
Catherine | None
Wayne | None
Kim | None
Christopher | None
Connor | None
Timothy | None
Jesse | None
Kyle | None
Stephen | None
Victoria | None
Lary | None
Abby | None
Lary | None
Iman | None
Fran | None
Thomas | None
Taylor | None
Pharaoh | None
Paul | None
Nathaniel | None
Matthew | None
Lauren | None
Katie | None
Josephine | None
Jacob | None
Gregg | None
Dylan | None
Chris | None
Amanda | None
Haley | None
David | None
Misty | None
Abby | None
Catherine | None
Catherine | None
Wayne | None
Stephen | None
John | None
Xiomara | None
Nathan | None
Patrick | None
Diane | None
Jennifer | None
William | None
Edwin | None
Xiomara | None
Iman | None
Nicole | None
Brandon | None
Kira | None
Nathan | None
Amanda | None
hannah | None
Jason | None
Jenifer | None
Jesse | None
Joan | None
Haley | None
Greg | None
Michael | None
Grant | None
Oliver | None
Ben | None
Simon | None
Dawn | None
Lisa | None
Leah | None
Kimberly | None
Kaily | None
John | None
Gary | None
Grace | None
guru | None
Hemanth | None
Jack | None
Jarvis | None
Jenny | None
Josephine | None
Jessica | None
Jo-Rita | None
Jesse | None
Josephine | None
Ali | None
John | None
Kevin | None
Charlie | None
Jay | None
Frankie | None
Chantel | None
Indre | None
Chris | None
Ryan | None
Matthew | None
Karolina | None
Jake | None
Chantel | None
Karolis | None
Travis | None
Candice | None
Charles | None
Charles | None
Martin | None
Oswald | None
Harry | None
Ming | None
Vicki | None
Philip | None
Jennifer | None
Laurie | None
Gilbert | None
Oswald | None
Siva | None
Elisa | None
Tom | None
Jurij | None
Krystyna | None
Spartak | None
Anna | None
Anna | None
Natalie | None
Artur | None
Thomas | None
Nicole | None
Elycia | None
Lionel | None
Amanda-Corrine | None
Mikalina | None
Michael | None
Yasmine | None
Mitchell | None
Lena | None
William | None
Emmanuel | None
Pakhawadee | None
Elizabeth | None
An | None
Kristen | None
Carmel | None
Kelsea | None
Chris | None
Sarah | None
Marcia | None
Kerry | None
Rebekah | None
Christine | None
Randy | None
Gracey | None
Veronica | None
Donald | None
Mary | None
JON | None
Stevie | None
Larry | None
Diane | None
Jon | None
Tim | None
Mina | None
Anilah | None
Matija | None
Amy | None
Alice | None
Tom | None
Jennifer | None
Nurul | None
Mark | None
Priscilla | None
Michelle | None
Selina | None
Fatihah | None
Jose | None
Francisco | None
Adam | None
Zack | None
Keith | None
Carla | None
Heather | None
Luis | None
Marc | None
Mike | None
Andrew | None
Tyler | None
Krasi | None
Susan | None
Yasmin | None
Adam | None
Maibet | None
Damon | None
Stacey | None
Mike | None
Julie | None
Chris | None
Debbie | None
Daniela | None
Michelle | None
Kathy | None
Jessica | None
Lorena | None
Alexandra | None
Jacob | None
Olivia | None
Sayuri | None
Hiro | None
Antonio | None
Marc | None
Oleksandr | None
Akshay | None
Luis | None
Satoshi | None
Ayumi | None
Farida | None
Tom | None
Alvin | None
Hironori | None
masa | None
Doug | None
Soe | None
Takeshi | None
Ayaka | None
Remi | None
Rumi | None
Takashi | None
Shinobu | None
Tareq | None
Hidenori | None
Antonio | None
Yoko | None
Jun | None
Remi | None
Hironori | None
Assistant | None
Gardien | None
Shinobu | None
Peiyan | None
Alex | None
Shashikanth | None
Paul | None
Hiro | None
Ayumi | None
Field | None
Sayuri | None
Xiaoman | None
System | None
Fashion | None
Telecaller | None
竹下己太朗 | None
Hidenori | None
Jaime | None
Angie | None
Beth | None
Blair | None
Joey | None
Jennifer | None
Sofia | None
Gabriel | None
Alberto | None
Fabian | None
MARIO | None
Jaime | None
Suzanne | None
Lindsey | None
Andres | None
John | None
Leah | None
Julie | None
Julianne | None
Parker | None
Lori | None
Chad | None
Michelle | None
Lisa | None
Erica | None
Crystal | None
Karen | None
Liz | None
Benito | None
Leslie | None
Karen | None
Deborah | None
Kathryn | None
Mark | None
Carolyn | None
Heather | None
Emily | None
Michelle | None
Abhineet | None
Brooke | None
Kimberly | None
Santosh | None
Niki | None
Amanda | None
Ashley | None
Anna | None
Trisha | None
Garrick | None
Michelle | None
Emily | None
Jennifer | None
Mark | None
Brian | None
Charu | None
Brooke | None
Surabhi | None
Darshna | None
Heather | None
Dana | None
Erika | None
Melissa | None
Raquel | None
Peter | None
Mohammed | None
Maggie | None
Suvarna | None
Robert | None
Andrew | None
Nathan | None
Ghislaine | None
Edith | None
Anthony | None
Binnie | None
Brendan | None
Brian | None
Brian | None
Christina | None
Emily | None
Francis | None
Gerald | None
Humberto | None
Joel | None
Jon | None
Kaitlin | None
Karen | None
Andrei | None
Kelsey | None
Lino | None
Marissa | None
Michelle | None
Prabhakaran | None
Precious | None
Rakesh | None
Richard | None
Salvador | None
Sindhu | None
Stratton | None
Thomas | None
Vanessa | None
Whitney | None
Christina | None
Kristin | None
Alexa | None
Alicia | None
Kimberly | None
Todd | None
Felicia | None
Ashlee | None
Esmeralda | None
Jerry | None
Hailey | None
Justi | None
Shirley | None
Melissa | None
Susan | None
Nikki | None
Valeri | None
Will | None
Holly | None
Maureen | None
Darrick | None
Sergio | None
Julie | None
Brendon | None
Ashley | None
Ali | None
Nicole | None
Destiney | None
Caitlin | None
Sicari | None
Carolyn | None
Linda | None
Paul | None
Scott | None
Francisco | None
marti | None
Eliezer | None
Daniel | None
Thomas | None
Eva | None
Evangelina | None
Lucía | None
Thayna | None
Lesa | None
Mai | None
Andrea | None
Lizbeth | None
Fabiulla | None
Niérika | None
Guilherme | None
Paula | None
Wilayne | None
Paloma | None
Evelyn | None
Alessia | None
Lorrene | None
Erivania | None
Emily | None
Marta | None
Ionela | None
Benito | None
Mike | None
Alina | None
Georgiana | None
Juan | None
Derek | None
Filipa | None
Jeniffer | None
Alejandro | None
Silvia | None
María | None
Giulia | None
Alessandra | None
Georgia | None
Vanessa | None
Andrea | None
Hafssa | None
Alina | None
Thorsten | None
Mayra | None
Andres | None
María | None
Lisa | None
Lucas | None
Leonardo | None
Justo | None
Eduardo | None
Wanderson | None
Jose | None
Sherri | None
Mark | None
Sofia | None
David | None
Antonio | None
Cristhian | None
Lilian | None
Joseph | None
Oscar | None
Alfredo | None
Pablo | None
Erin | None
Daniela | None
Marco | None
Juan | None
Laura | None
Francielle | None
Martin | None
Nicole | None
Luz | None
Marshall | None
Kristina | None
Mark | None
Cameron | None
sandeep | None
Logan | None
Priya | None
Joseph | None
Amalia | None
David | None
Tom | None
Priyesh | None
Charles | None
Carlos | None
Jose | None
Karen | None
Chris | None
Alycia | None
Dionne | None
Julianne | None
Suzanne | None
Sheri | None
Erika | None
Crystal | None
Jennifer | None
Abhineet | None
Janelle | None
Patrick | None
Carol | None
Santosh | None
Emily | None
Joanne | None
Erica | None
Lucas | None
Ehson | None
Kara | None
Christine | None
Clare | None
Akhil | None
Roy | None
Ashley | None
Joe | None
Proneet | None
Darrick | None
Christelle | None
Nadia | None
Suzanne | None
Stratton | None
Robert | None
Dean | None
Juliet | None
Deborah | None
Neil | None
Theresa | None
Gina | None
Jennifer | None
Stephanie | None
Thomas | None
Nikki | None
Debbie | None
Alison | None
Lori | None
Karen | None
Nicole | None
Sicari | None
Jamie | None
Brian | None
Brett | None
Shams | None
Jim | None
Lynne | None
Gerard | None
Barbara | None
Mary | None
Jennifer | None
Glen | None
Christopher | None
Jim | None
John | None
Austin | None
Rhonda | None
Cory | None
Mary | None
Molly | None
Avtar | None
Sharonne | None
Michael | None
Wanda | None
Summer | None
Debolina | None
Khary | None
Kolbe | None
Kyle | None
Rachel | None
Mike | None
Najwa | None
Kristina | None
A | None
Simranjit | None
Patrick | None
Ryan | None
Kristine | None
Brock | None
Bruce | None
Nancy | None
Cristiano | None
Kyle | None
Sydney | None
Fernando | None
Beverly | None
Gert | None
Francette | None
Phoebe | None
Mary | None
Denise | None
Jared | None
Crystal | None
Jill | None
Jennifer | None
Robert | None
Christina | None
Ronald | None
Crystal | None
Michelle | None
John | None
Amrita | None
Marcia | None
Kimberly | None
Scott | None
Heather | None
Charu | None
Brian | None
Darshna | None
Brooke | None
Carolyn | None
Sweety | None
Brian | None
Brooke | None
Mark | None
Mark | None
Valeri | None
Maggie | None
Brittany | None
Surabhi | None
Sherri | None
Peter | None
Julie | None
Carlos | None
Gina | None
Deborah | None
Jeff | None
Cheryl | None
Jennifer | None
Felicia | None
Cameron | None
Debbie | None
Mike | None
Garrick | None
Anna | None
Jacinta | None
Andrew | None
Leah | None
Leslie | None
Brian | None
Michelle | None
Lisa | None
Molly | None
Dorothy | None
Chad | None
Emily | None
Holly | None
Raquel | None
Mike | None
Blake | None
Amanda | None
Daphne | None
Michelle | None
Daniel | None
Robert | None
Lori | None
Dana | None
Heather | None
Lisa | None
Adam | None
Darlene | None
Maria | None
Brittany | None
Karen | None
Marisa | None
Kurt | None
collin | None
erik | None
jennifer | None
sandra | None
Dominik | None
Hima | None
Jade | None
Jasmine | None
Jose | None
Lisa | None
Rob | None
Elizabeth | None
Joe | None
Darian | None
Brian | None
Patrick | None
Brian | None
Colin | None
Laura | None
Sabrina | None
Laurie | None
Edward | None
Michael | None
Jessica | None
Caitlin | None
Chris | None
Doris | None
Jeff | None
Tammie | None
Michelle | None
Herb | None
Molly | None
Geno | None
Tommy | None
Kristin | None
Charli | None
Jennifer | None
Scott | None
Hannah | None
Bob | None
Lauren | None
Kristina | None
Robin | None
Adam | None
Jason | None
Robert | None
Mike | None
Rose | None
Ellece | None
Brian | None
Kurt | None
Megan | None
Scott | None
David | None
Wayne | None
Kathy | None
Kelsey | None
Nadiya | None
Ernesto | None
Doug | None
Leann | None
Joe | None
Michael | None
Matthew | None
Alan | None
Brandon | None
Lauren | None
Mike | None
Tory | None
Tashawna | None
Jill | None
Rob | None
Stacy | None
Cassidy | None
Cari | None
Tom | None
Jon | None
James | None
Gracen | None
Akil | None
Jon | None
Joe | None
Dave | None
Scott | None
Victor | None
Tom | None
Keith | None
Tim | None
Ryan | None
Roger | None
Rachel | None
Tony | None
Amy | None
Trever | None
Steve | None
Mac | None
Galo | None
Greg | None
Patrick | None
David | None
Christine | None
Angela | None
Dean | None
Ron | None
Carol | None
Denise | None
Pete | None
Dwayne | None
JP | None
Marc | None
Tom | None
Sean | None
Geneva | None
Dorian | None
Yvonne | None
Dennis | None
Leonardo | None
David | None
Daniel | None
Deb | None
Eugene | None
Leroy | None
John | None
Michael | None
Phil | None
Christen | None
Kelly | None
Carolina | None
Brad | None
Janet | None
Shae | None
Mary | None
Emily | None
Nadine | None
Brandi | None
Megan | None
Heather | None
Ankit | None
Kathleen | None
Shubham | None
Kassidy | None
Danielle | None
yoselyn | None
adrian | None
victoria | None
andrea | None
andrew | None
andrew | None
baylee | None
will | None
will | None
yoselyn | None
Maxine | None
Altina | None
james | None
Avery | None
Lauren | None
Victor | None
Tara | None
Taylor | None
Paul | None
Meghan | None
Mike | None
LORENZO | None
Kirk | None
brandon | None
Kristen | None
Jessica | None
Dana | None
Danielle | None
David | None
Chelsey | None
Christina | None
Chris | None
Chioke | None
Amani | None
Jessica | None
Aaron | None
brooklyn | None
casey | None
kevin | None
kourtney | None
kourtney | None
kristina | None
landon | None
landon | None
lara | None
lisa | None
lisa | None
lisa | None
marcia | None
matt | None
maxine | None
paige | None
sharanjit | None
sharanjit | None
sue | None
taylor | None
taylor | None
kevin | None
brooklyn | None
kaulana | None
john | None
chardonnae | None
charity | None
chelsey | None
danielle | None
delores | None
delores | None
denis | None
dr | None
haejin | None
jackie | None
jake | None
jake | None
tsedeniya | None
james | None
jasmina | None
jasmina | None
jean | None
jennifer | None
john | None
kate | None
teresa | None
tsedeniya | None
SHANE | None
Rebecca | None
Chance | None
Ted | None
Tim | None
Steven | None
Kerwin | None
Jessica | None
Roysten | None
Rylee | None
Megan | None
Dawson | None
Tiffany | None
Steven | None
Mike | None
Jer | None
Christine | None
Ben | None
Nikki | None
Rebekah | None
Kathleen | None
Nikita | None
Jeremy | None
Jen | None
Evan | None
Sutton | None
Katie | None
Scott | None
Ivy | None
Butch | None
Aaron | None
Adam | None
Rajesh | None
Adnan | None
Paulina | None
Ruben | None
Rogelio | None
Colin | None
Venkata | None
Patty | None
Darren | None
Scott | None
Tim | None
Bryan | None
Ann | None
Jerry | None
Joseph | None
Atul | None
Abdullah | None
Jason | None
Matthew | None
Frank | None
Christina | None
Jason | None
Gregory | None
Naveen | None
Susiemae | None
Tracie | None
Bala | None
Ankur | None
Deep | None
Moksh | None
Gourav | None
Usama | None
Rittik | None
Vishal | None
Keshav | None
Debosmita | None
Chris | None
Monika | None
Bhushan | None
Khushali | None
Vijeta | None
Sumit | None
Arshdeep | None
Avtar | None
Mike | None
Hitesh | None
Harmanjeet | None
Ali | None
Vansh | None
Aakash | None
Christina | None
Kaden | None
Glenn | None
Alix | None
Blake | None
Elizabeth | None
Christian | None
Kasie | None
Jorjanna | None
Cody | None
Jon | None
Gretchen | None
Tyler | None
Sherilla | None
Brittany | None
Marilyn | None
Kayla | None
Yadda | None
Bryant | None
Edward | None
Wendy | None
Stephune | None
Kelly | None
Kristen | None
Cortney | None
Andrea | None
Barbara | None
Delauren | None
Jodi | None
Khadiza | None
Gary | None
Jim | None
Jessica | None
Sarah | None
Doug | None
Nathan | None
Louis | None
Jimmy | None
Angela | None
Camila | None
Aubrey | None
Chris | None
Lindsay | None
Buddy | None
Elizabeth | None
Chelsea | None
Makayla | None
Nella | None
Monica | None
Christy | None
Nicholas | None
Karla | None
Sarah | None
Jessica | None
Nathan | None
Scott | None
Emily | None
Charis | None
Josiah | None
Tyler | None
Kerry | None
Carisa | None
Trudy | None
Amir | None
Sarah | None
Claire | None
Melissa | None
Caitlin | None
John | None
Amber | None
Aly | None
Anna | None
Dan | None
Hester | None
Tyler | None
Peter | None
Sherie | None
Emely | None
Mark | None
Chris | None
Shannon | None
Jen | None
Yamilet | None
Victoria | None
Garrett | None
Michael | None
Grant | None
Chase | None
ANNA-JOY | None
Heather | None
Laurie | None
Dee | None
Laurie | None
Glenwood | None
Zach | None
jacqueline | None
Jay | None
Kinjal | None
Hitanshi | None
Andrew | None
Josh | None
Winn | None
Cara | None
Paul | None
Terry | None
Louis | None
Simon | None
Carianne | None
Jordan | None
Gavin | None
Wesley | None
Tim | None
Rene | None
Nick | None
Tommy | None
Andrew | None
A.J | None
Carey | None
Brian | None
Annie | None
Jim | None
John | None
Shivani | None
Roy | None
Ashley | None
Kimberly | None
Christina | None
Paul | None
Imran | None
Alma | None
Gina | None
Neeru | None
Esther | None
Ishkhan | None
Kimberly | None
Norman | None
Mark | None
Sergio | None
Monique | None
Kevin | None
Kim | None
Stephen | None
John | None
Nu | None
Tom | None
Skip | None
Carlo | None
Russel | None
Mike | None
Linh | None
Rochelle | None
Brenda | None
Ines | None
James | None
Leticia | None
Steven | None
Karen | None
Ben | None
Irene | None
Richard | None
Julien | None
Nicholas | None
Ali | None
Gretchen | None
Shankar | None
James | None
Victor | None
Gill | None
Ernie | None
Angela | None
Janet | None
Peter | None
Randy | None
Nena | None
Donni | None
Keaton | None
John | None
Lokesh | None
Sachin | None
Jaila | None
Eric | None
Shivam | None
Rachel | None
Dawn | None
Heather | None
Marco | None
Heather | None
Jackson | None
Brian | None
Alex | None
Brittany | None
Kent | None
Norm | None
Vikhyat | None
Tommy | None
Charles | None
Karl | None
Knia | None
Peter | None
Vamsi | None
Tarun | None
Hema | None
Jon | None
Pragya | None
Deva | None
Zach | None
Monika | None
Andrew | None
Chandan | None
Tim | None
Sara | None
Michael | None
Alice | None
Elika | None
Juan | None
Lynn | None
Tim | None
Michael | None
Kristen | None
Alexandra | None
Sandra | None
Cristina | None
Tyler | None
Vicki | None
Kylie | None
Jodie | None
David | None
Rick | None
Aly | None
Jordan | None
Megan | None
Erica | None
Candice | None
Anna | None
Dana | None
Melissa | None
Scott | None
Frank | None
Henry | None
Shane | None
Charles | None
George | None
Dmitry | None
Christopher | None
Louis | None
Tanya | None
Lucie | None
Kevin | None
Joshua | None
Juan | None
Jody | None
Angela | None
Mandeep | None
Michelle | None
Joey | None
Richard | None
Gary | None
Elizabeth | None
Amanda | None
Thomas | None
Michael | None
Khalid | None
Emily | None
Naushin | None
Serena | None
Juan | None
Steve | None
Tiara | None
Tyler | None
Jasmin | None
Ashley | None
Derek | None
Tami | None
Michael | None
Isabel | None
Anna | None
Lisa | None
Stork | None
Susmita | None
Usman | None
Madison | None
Fernando | None
Vivian | None
Ryan | None
Lara | None
Betsey | None
Deirdre | None
Tom | None
Connor | None
Adrienne | None
Keighly | None
Charles | None
Mason | None
Priyanka | None
Sara | None
Karine | None
James | None
Rahul | None
Tamanna | None
Renay | None
Jaren | None
Chelsie | None
Chris | None
Marcella | None
Christina | None
Alex | None
Isabel | None
Diane | None
Jennifer | None
Anthony | None
Alexis | None
Jonathan | None
Coleen | None
Vipin | None
Brianna | None
Daniel | None
Chris | None
Sam | None
Matthew | None
Katja | None
Jill | None
Sherri | None
Lizzy | None
Alexa | None
Emily | None
Laura | None
Nina | None
Adv | None
Sarvesh | None
Tait | None
Khristian | None
Lucien | None
Brian | None
Danen | None
Charles | None
Robert | None
Edgar | None
Eric | None
Craig | None
Destiny | None
John | None
Mike | None
Manish | None
Ken | None
Anthony | None
Ashley | None
Karen | None
Jessica | None
Sara | None
Meghan | None
Curt | None
Phillip | None
Jamie-Lee | None
Keithen | None
Margaritë | None
Matt | None
Ashok | None
Mary | None
Lydia | None
Jeffrey | None
Frank | None
Blake | None
Sheri | None
Lisa | None
Chastity | None
George | None
Kevin | None
Travis | None
Woon | None
Joe | None
Jennifer | None
Jeff | None
Javid | None
Grace | None
Rob | None
Mary | None
Alexandra | None
Ashlyn | None
Madeline | None
Kyle | None
Kerri | None
Mariarosaria | None
Caroline | None
Ashley | None
Leigh | None
Yuko | None
adrian | None
Megan | None
McKenzie | None
Oleksandr | None
Evgeniy | None
Oleksandr | None
Matt | None
Brandon | None
Joseph | None
Chad | None
Sergii | None
Sue | None
Meredith | None
Vadym | None
Bradley | None
Sean | None
Catherine | None
Laura | None
Susanna | None
Patrick | None
Laura | None
Claire | None
Carlisle | None
Marshall | None
Antoinette | None
Joseph | None
Lori | None
Drew | None
Dominique | None
David | None
Anthony | None
Godwin | None
Holly | None
Anna | None
Valentino | None
LaShunda | None
Leanne | None
Casey | None
Praveen | None
Melvin | None
Richard | None
Brett | None
Anna | None
Remy | None
Soumya | None
Venkat | None
Gerald | None
Mahija | None
Leila | None
Farhan | None
Terrell | None
Victoria | None
Jennifer | None
Krithika | None
Melissa | None
Michelle | None
Karina | None
Wallace | None
Jakku | None
Lauren | None
Serhii | None
Arsalan | None
Denys | None
Cassondra | None
Dmytro | None
Kevin | None
Russ | None
Tommy | None
Lynn | None
Evangeline | None
Oleg | None
sandeep | None
Rakesh | None
Brian | None
Kinzie | None
Prudhvi | None
Susanna | None
Doug | None
Syed | None
Mabelle | None
Joshua | None
Calista | None
Gelila | None
Justin | None
Corey | None
Nicholas | None
Robert | None
Kevin | None
Nathan | None
Addie | None
Sandy | None
Rose | None
Meg | None
Tiffany | None
Hemala | None
Janice | None
Reese | None
Christina | None
Ashton | None
Teresa | None
Aaron | None
Brighid | None
Jordan | None
Julia | None
Doug | None
Ashwini | None
Sandy | None
Ana | None
Louann | None
Charlie | None
Kim | None
Jose | None
Kristie | None
Nanette | None
Trent | None
Courtney | None
Krista | None
Brea | None
Danielle | None
Cindy | None
Mary | None
Cassidy | None
Ryan | None
Nicole | None
Yamileth | None
Farrell | None
Alison | None
Lauren | None
Josh | None
Jack | None
Michael | None
Alii | None
Evan | None
Roberto | None
Ian | None
Manuel | None
Pascal | None
Lisa | None
Christian | None
Christian | None
Kristin | None
Angelo | None
Valerie | None
Jeffrey | None
Johanna | None
Stephanie | None
Ashley | None
Jacquelin | None
Gregory | None
Whitney | None
Jeane | None
Trae | None
Hendrik | None
Ann-Kathrin | None
Naomi | None
Cristina | None
Lilian | None
Marcel | None
Alexander | None
Susanne | None
Johannes | None
Daniel | None
Lindsay | None
Franklin | None
Andrea | None
Efrat | None
Yvette | None
Nick | None
Jonathan | None
Tiffany | None
Sabrina | None
Sueeing | None
Melanie | None
Brian | None
Riley | None
Mitchell | None
Karla | None
Daryl | None
Lisa | None
Cindy | None
Armin | None
Masako | None
Jeremy | None
Kari | None
Herbert | None
James | None
Klaus | None
Chevonne | None
Hailey | None
Derek | None
Aaron | None
Amber | None
Nick | None
Eric | None
Jimmy | None
Constance | None
Jennifer | None
Ridha | None
Sophie | None
Toby | None
Cameron | None
Lucy | None
Musty | None
Callum | None
Tom | None
Alec | None
Conor | None
Perry | None
Ebonie | None
Andrew | None
Tebogo | None
Tim | None
Moayed | None
Sarah | None
Joshua | None
Matthew | None
Gabrielle | None
Linet | None
Vicdoria | None
Bonnie | None
Lauren | None
Joanne | None
Alexander | None
Brian | None
Harry | None
Shane | None
Doran | None
Somie | None
Lisa | None
Grace | None
Blake-Allen | None
Teresita | None
Mark | None
Kevin | None
Gary | None
John | None
Paloma | None
Mark | None
Stuart | None
Lou | None
Gerard | None
John | None
Anshul | None
Dana | None
Akriti | None
Elliot | None
Noel | None
Alison | None
Jay | None
Triston | None
Sarah | None
Glen | None
Lauren | None
Jose | None
María | None
Chavonne | None
Marco | None
Pierre | None
Bowie | None
Robin | None
Rhys | None
Ronda | None
Rod | None
Scott | None
Luke | None
Molly | None
Amanda | None
Andrew | None
Donna | None
Liza | None
Kamani | None
Michael | None
Brendan | None
Jonathan | None
Vince | None
Ron | None
Frank | None
Alexsis | None
Ben | None
Frank | None
Brian | None
Brian | None
Scott | None
Ernie | None
John | None
Darlene | None
Gary | None
Steph | None
Susan | None
Christopher | None
Grace | None
Jim | None
Andrew | None
Laila | None
Andrew | None
Max | None
Natalia | None
Valentyna | None
Eugenia | None
Oksana | None
Diana | None
Ariana | None
Alena | None
Nataliia | None
Yelyzaveta | None
Kayla | None
Alex | None
Kelcie | None
Anna | None
Irina | None
Shannon | None
Mark | None
Tara | None
Donna | None
Remya | None
Emma | None
Laura | None
Maya | None
Augustinas | None
Marina | None
Mexen | None
Lauren | None
Sophie | None
Dylan | None
Rebecca | None
Tonya | None
Agnieszka | None
HI | None
Hi | None
Derek | None
Maggie | None
Brad | None
Hi | None
Jack | None
Adam | None
Hi | None
Kayla | None
Stephanie | None
Michael | None
Sherry | None
Nathan | None
Danielle | None
Georgia | None
Vince | None
Larry | None
Rob | None
Jim | None
Shilpi | None
Sam | None
Hi | None
Nathan | None
John | None
Nate | None
Jean-Philippe | None
Kouassi | None
Hi | None
Suzaine | None
Angelica | None
Summer | None
Hi | None
María | None
Kevin | None
Matt | None
Tim | None
Scott | None
Gareth | None
Brittany | None
Juliana | None
Nikolas | None
Desiree | None
Jasmin | None
Jennifer | None
Teryle | None
Natália | None
Michelle | None
Ivan | None
Neil | None
Dana | None
Jimmy | None
Kyle | None
Marina | None
Jess | None
Anthony | None
Cherylyn | None
Luigi | None
LeeMarie | None
Rachel | None
Nancy | None
Lisa | None
Somer | None
Zak | None
Earl | None
Todd | None
Carson | None
Blanca | None
Jorge | None
Ana | None
Devin | None
Robert | None
Hi | None
Eric | None
Christopher | None
Bramlette | None
Hugo | None
Daniel | None
Michael | None
Evonne | None
Drishti | None
Domenic | None
Michael | None
Kim | None
Tejaswi | None
Alexander | None
Alessandro | None
Bryan | None
Kwame | None
Martin | None
Caroline | None
Charles | None
Sachin | None
Thomas | None
Hi | None
Carl | None
Rick | None
Noam | None
Adrien | None
Rob | None
Saurabh | None
Gabriel | None
Sarah | None
Jeff | None
Kristi | None
Thomas | None
Coralie | None
Molly | None
Kent | None
Christophe | None
Carlettta | None
Corey | None
Dean | None
Michael | None
Gowrisankar | None
Matthew | None
Rick | None
RJ | None
Mark | None
Deandra | None
Kaylie | None
Jonathan | None
Dieonte | None
Danielle | None
Azalie | None
Winnie | None
Robert | None
Kelsey | None
Jagan | None
Shaun | None
Chris | None
Laurie | None
Sarah | None
Kerri | None
Kim | None
Andrew | None
Chris | None
Elizabeth | None
Eric | None
Sarah | None
Alyssa | None
Tyler | None
Amanda | None
Shanell | None
Bailey | None
Roni | None
Tim | None
Sarabeth | None
James | None
Michael | None
Nancy | None
Jacqueline | None
Elyse | None
Chasity | None
Oluwatooni | None
Ed | None
Yuri | None
David | None
Sherry | None
Lee | None
Rafael | None
Ally | None
Graham | None
Stacy | None
Connor | None
Sergei | None
Peter | None
Dmitry | None
Edward | None
Ashma | None
Tatyana | None
Eugene | None
Eugen | None
Guy | None
Noam | None
Tina | None
Nathan | None
Filippo | None
Alessandro | None
Gregory | None
Shawn | None
Jack | None
Revital | None
Noam | None
Amir | None
Rafael | None
Moses | None
Victor | None
Ofir | None
Tal | None
Oren | None
Shy | None
Catherine | None
Erez | None
Glen | None
Andy | None
Marwa | None
Rim | None
Jeremiah | None
Jenay | None
Eugenia | None
Shrut | None
D | None
Kylie | None
Nicole | None
Hunter | None
Beau | None
Brooklin | None
Trey | None
Roy | None
Kerri | None
Ross | None
Mariana | None
Matthew | None
Anna | None
David | None
Shannon | None
Madison | None
Toya | None
Scott | None
Ashley | None
Heather | None
Ilker | None
Matt | None
Aman | None
Joel | None
David | None
Oliver-Werner | None
Peter | None
Adam | None
Rajeshkumar | None
Fergus | None
Nandhagopalan | None
Arnise | None
Fiona | None
Alan | None
Lena | None
Leah | None
EDWARD | None
Sony | None
Jaineel | None
Jose | None
Nick | None
Louis | None
Brenda | None
Becky | None
Jessica | None
Keith | None
Jason | None
Britt | None
Elizabeth | None
Stephen | None
Will | None
Evelyn | None
Eileen | None
Zeina | None
Jazmyn | None
James | None
Ted | None
Anabella | None
Jeremy | None
Lara | None
Malaika | None
Andres | None
C | None
Xiaoya | None
Pedro | None
Miguel | None
Laïla | None
Sabela | None
Aasha | None
Brandon | None
Simon | None
David | None
Lewis | None
Satouka | None
Jill | None
Neil | None
Devin | None
Radam | None
Mike | None
Pepi | None
Reece | None
Pablo | None
David | None
Jean-Francois | None
Ntsako | None
Jessica | None
Dee | None
Barry | None
Michelle | None
Linnea | None
Emily | None
Brittany | None
Kaylee | None
Adriane | None
Julia | None
Jennifer | None
McKena | None
Hanna | None
Joey | None
Ally | None
Chris | None
Mark | None
Erica | None
Caitlin | None
Joshua | None
David | None
Joseph | None
Selena | None
Amanda | None
Amy | None
Meredith | None
TJ | None
Robert | None
Kyle | None
Michelle | None
Erik | None
Zane | None
Louisa | None
Stephen | None
Rachel | None
Joel | None
Wesley | None
John | None
Gia | None
Taylor | None
Alyssa | None
Kenneth | None
Kyle | None
Derek | None
Caitlin | None
Erika | None
Nicole | None
David | None
Rachel | None
Blake | None
Rachel | None
Shelby | None
Gett | None
Alesia | None
Courtney | None
Nicole | None
Brad | None
Yvette | None
Mayble | None
John | None
Drew | None
Brad | None
Anabel | None
Craig | None
Christopher | None
Kyle | None
Chelsea | None
Jordan | None
Julie | None
Shea | None
Shauna | None
Sunny | None
abhijeet | None
KishanKumar | None
5 | None
6 | None
Yasmher | None
Alex | None
Marc | None
Chris | None
4 | None
Susan | None
Susan | None
19 | None
20 | None
21 | None
22 | None
23 | None
Norm | None
Tools | None
3 | None
1 | None
Rebeka | None
Danny | None
Mark | None
Brad | None
Erika | None
Allie | None
2 | None
Anisa | None
Gent | None
Jon | None
Franky | None
Bonnie | None
Andrew | None
Ryan | None
Erjon | None
1 | None
2 | None
56 | None
7 | None
8 | None
9 | None
Lokesh | None
Bryan | None
Paweł | None
6 | None
Jessica | None
Ali | None
Mo | None
Jack | None
John | None
1 | None
2 | None
Sam | None
5 | None
4 | None
3 | None
9 | None
19 | None
27 | None
Sujitraj | None
Jeshcu | None
Ning | None
Dan | None
18 | None
32 | None
33 | None
Tools | None
1 | None
2 | None
3 | None
4 | None
James | None
3 | None
Chloe | None
Shane | None
Kevin | None
Jessica | None
William | None
Brian | None
Tony | None
Ritchie | None
Richard | None
Margarita | None
Raj | None
Sarah | None
John | None
Daniel | None
Ryan | None
Nirmala | None
Joann | None
Simon | None
Robin | None
Rosanne | None
Peterson | None
Horivelton | None
Andre | None
Rodrigo | None
Arthur | None
Vitor | None
Cynthia | None
Caitlin | None
Rose | None
McGinn | None
Sophia | None
Blake | None
Benjamin | None
Ollie | None
Alyssa | None
Ashley | None
Laura | None
Christine | None
Jannat | None
Kirsty | None
Janelle | None
Angela | None
Nikki | None
Zachary | None
Christopher | None
Revae | None
Dave | None
Sekou | None
Claude | None
Adrian | None
Ken | None
Ashley | None
Sai | None
Jake | None
Eric | None
April | None
Kelsey | None
Bryan | None
Madison | None
Christian | None
Jesus | None
William | None
Mark | None
Parker | None
Facundo | None
Katie | None
Andrew | None
Pin | None
Jason | None
Maral | None
Lea | None
Deondre | None
Celia | None
4 | None
Denis | None
Alex | None
Eric | None
Betzabe | None
Kathleen | None
Christian | None
Erick | None
Zac | None
Hector | None
Shelby | None
Michael | None
Sally | None
Kortny | None
Tara | None
Bre | None
Julie | None
Corey | None
Dominie | None
Jack | None
Emily | None
Zach | None
Mark | None
Shankar | None
Durga | None
Tiffany | None
Theresa | None
Troy | None
Dylan | None
Jessica | None
Brelyn | None
Tyler | None
Joe | None
Savannah | None
Liz | None
Curtia | None
Michele | None
Lindsay | None
Brittany | None
Hannah | None
Adam | None
Sara | None
Alec | None
Punam | None
Amber | None
Shawn | None
Brandon | None
Tami | None
Connor | None
Tim | None
Jake | None
Garrett | None
Tyler | None
Heather | None
Monika | None
Anne | None
Jon | None
John | None
Lizbeth | None
Noelia | None
Kyleah | None
1 | None
2 | None
5 | None
6 | None
7 | None
8 | None
Jeff | None
Michael | None
Nicholas | None
Nicholas | None
Samantha | None
5 | None
Roni | None
Matt | None
Jasmyn | None
Nicole | None
Kristina | None
Kayla | None
Taylor | None
Aniyah | None
Taylor | None
Adam | None
Arieanna | None
Tiffany | None
Cydney | None
Mario | None
Aramis | None
Ronald | None
Tabatha | None
Anna | None
Adam | None
Mikaela | None
Alex | None
Juan | None
Israel | None
Abin | None
Aswathy | None
Andrea | None
De-Andre | None
Delfi | None
Jordan | None
Roxana | None
Tia | None
Tierra | None
Zoe | None
Charles | None
Odonel | None
Jamie | None
Jacklyn | None
Katherine | None
Danielle | None
Steven | None
Brian | None
Christopher | None
Michael | None
Carmen | None
Nicole | None
Kate | None
Emily | None
Rohit | None
Don | None
Maja | None
Dustin | None
Amanda | None
Ryan | None
Jordan | None
Benjamin | None
Justin | None
Bianca | None
Mike | None
Megan | None
Tristan | None
Jennifer | None
Stacy | None
Stuart | None
Natalie | None
Briana | None
Alma | None
Chad | None
Frank | None
Katrina | None
Bobbie | None
Andrew | None
Charlie | None
Ben | None
Xavier | None
Tony | None
Luschke | None
Devidson | None
Sebastian | None
Paulina | None
Steven | None
Jan | None
Michaela | None
Angelica | None
Natalia | None
Zaraid | None
Austin | None
Donavan | None
Verena | None
Ma. | None
Maria | None
Denise | None
Alejandra | None
Kharllyn | None
Jake | None
Jackie | None
Paul | None
Samantha | None
Nadia | None
KC | None
Rashmi | None
Jennifer | None
Lauren | None
A.J. | None
Jeff | None
adam | None
Constance | None
Alyssa | None
Meagan | None
Andres | None
Nate | None
Raymund | None
Ana | None
Amnie | None
Coleen | None
Nissia | None
CJ | None
Vera | None
Sussie | None
Valeria | None
Chanel | None
Shaina | None
Silvia | None
Marga | None
Zakiyyah | None
Talitha | None
Christina | None
Melissa | None
Stephanie | None
Silvana | None
Edralyn | None
Diana | None
Nicoll | None
Albert | None
Babalwa | None
Roger | None
Daniel | None
Sebastian | None
Juan | None
Jessica | None
Aneesa | None
Nazeerah | None
Amanda | None
Luis | None
Angelo | None
Rebecca | None
Mary | None
Brennan | None
Desmond | None
Ernie | None
Jenifer | None
ron | None
Mike | None
Natalie | None
Team | None
Rebecca | None
Scampbell | None
Richard | None
Payton | None
Ava | None
Robin | None
Trisha | None
Chad | None
Robert | None
Andreia | None
Ion | None
Shannon | None
Team | None
Chinki | None
Bhavita | None
Claude | None
Michael | None
Ashley | None
Carol | None
Lindsay | None
Jessica | None
Mary | None
Rory | None
Katie | None
Sean | None
Laila | None
andy | None
Team | None
MELANIE | None
Evan | None
Sloan | None
Monisa | None
Dumpa | None
Shiraz | None
Karen | None
Shelby | None
Dora | None
Wallace | None
Kaitlyn | None
Donald | None
John | None
Brendan | None
Thomas | None
Danielle | None
Kat | None
Ahesash | None
Kate | None
Jason | None
Lea | None
xavier | None
April | None
Jose | None
Dylan | None
Paul | None
Monto | None
Kristen | None
Jon | None
Katerina | None
Dylan | None
Hi | None
Mark | None
Christina | None
Michele | None
Montgomery | None
Venice | None
Cha | None
Toby | None
Morag | None
Siesia | None
Chantell | None
Tasha | None
Mary | None
Georgie | None
Lisa | None
Debbie | None
Scott | None
Elizabeth | None
Brittney | None
Calleigh | None
Nancy | None
Trinesha | None
Mario | None
Vish | None
Alice | None
Linda | None
David | None
Britne | None
Brandon | None
Fetzer | None
Summer | None
Phil | None
Marcelo | None
Nicole | None
Brent | None
Jessica | None
Laura | None
Harry | None
David | None
Ahmad | None
Caroline | None
Holli | None
Laura | None
Thayer | None
Ruth | None
Mack | None
Haletta | None
Theresa | None
Kevin | None
José | None
Leandre | None
Alyssa | None
Khoi | None
Joseph | None
Ahmad | None
David | None
Macey | None
Diem | None
Daryn | None
Michał | None
Alex | None
Jake | None
Britney | None
Dominique | None
Leonie | None
Steven | None
Hamel | None
Melissa | None
Dan | None
Michael | None
Cris | None
Marco | None
Eyad | None
Dmitry | None
Jonah | None
Aurelius | None
Michele | None
Amy | None
Lorien | None
Jessica | None
summyr | None
Daniela | None
Kenesha | None
Jessica | None
Victoria | None
Reina | None
Kyle | None
Sugar | None
Dee | None
Jessie | None
Kyle | None
Carrie | None
Kerri | None
Amy | None
Joseph | None
Matt | None
Orty | None
Joseph | None
Lawrence | None
Christine | None
Monique | None
Maria | None
MK | None
Zia | None
James | None
Maria | None
Maria | None
Jaena | None
Chantel | None
girish | None
Laxmi | None
James | None
Nicole | None
Molly | None
Jeff | None
Bec | None
Donica | None
Brian | None
Ashleigh | None
Alisha | None
Raymond | None
Anne | None
Jason | None
Ben | None
Eric | None
Dan | None
Ben | None
Chris | None
Nihal | None
Jake | None
Steven | None
Zach | None
Ryan | None
Isabela | None
Mary | None
Monica | None
Max | None
Meaghan | None
Kevin | None
Taylor | None
Trevor | None
Christina | None
Lindsay | None
Crystal | None
Jason | None
William | None
Natalie | None
Tyrell | None
Erica | None
Steve | None
Brenda | None
Jay | None
Tamara | None
Matvey | None
Lewis | None
Heather | None
Alex | None
Emma | None
Zainab | None
Ashli | None
Reagan | None
Kat | None
Thomas | None
Alexandra | None
Jessica | None
Kristyn | None
Margherita | None
Cristina | None
Kelly | None
Tiffany | None
Megan | None
4 | None
5 | None
Ademola | None
Abiodun | None
Janelle | None
Kylie | None
Zachary | None
Maria | None
Bryan | None
Liz | None
Diana | None
Catalina | None
Alejandro | None
Josefina | None
Haley | None
Abdelrahman | None
Charis | None
Carly | None
Amit | None
Taylor | None
Jacquelyn | None
Eireann | None
Dominick | None
Mary | None
Alex | None
Kimmi | None
Eileen | None
Lauren | None
Hannah | None
Grace | None
Jay | None
Rich | None
Brocke | None
Lily | None
Thavi | None
Melisa | None
Zaidan | None
Jereny | None
Chase | None
Ellê | None
Niall | None
Frazer | None
Daniela | None
Ella | None
Alex | None
Ella | None
Zoe | None
Jamie | None
Dani | None
Alex | None
Ty | None
3 | None
Cole | None
2 | None
5 | None
Katherine | None
Frank | None
Brandie | None
Nicolas | None
Luis | None
Nico | None
Michael | None
Jennifer | None
Aman | None
Andrew | None
Rohit | None
Jacqueline | None
Marti | None
CJ | None
Paula | None
Mark | None
Roberto | None
Ryan | None
Rey | None
Richard | None
Chibuzor | None
Neeraj | None
Amaka | None
Oleksii | None
Christian | None
Phyllis | None
Chi | None
Tyler | None
Peter | None
Victoria | None
Jose | None
Manisha | None
Wasik | None
Annelise | None
Colin | None
John | None
Adam | None
Amelia | None
Maggie | None
Sophia | None
Jessica | None
Jackson | None
Rachel | None
Gretchen | None
Sarah | None
Milagros | None
Quentin | None
2 | None
3 | None
4 | None
Sami | None
3 | None
Tiffanie | None
Greg | None
Craig | None
Alexa | None
Daniel | None
Kent | None
Mateo | None
Gillian | None
Sheri | None
Doug | None
Mike | None
Ginny | None
Ed | None
Sarah | None
Steve | None
Marc | None
Bryan | None
1 | None
Melina | None
Ella | None
Cedar | None
Gabriela | None
Suzette | None
Tom | None
Rashumel | None
Jeffrey | None
Ashley | None
Priya | None
Kris | None
Bob | None
Gabe | None
Ken | None
Julie | None
Virginia | None
Skylar | None
Heidi | None
Caleb | None
Kaustubh | None
Krishna | None
Kyle | None
Brandi | None
Kate | None
Michelle | None
Branden | None
Tyler | None
Badri | None
Kacy | None
Phil | None
Heather | None
Ben | None
Brennan | None
Bethany | None
Kim | None
Gracie | None
Dixon | None
Joseph | None
Lavar | None
Jess | None
monica | None
Rachael | None
Samantha | None
Sarah | None
Lykia | None
Jared | None
Hope | None
Morgan | None
AL | None
Valerie | None
Shannon | None
Courtney | None
Sabrina | None
Alexis | None
Annette | None
Lisa | None
Donnell | None
Duane | None
Lorrie | None
Michelle | None
Dong | None
Johnny | None
Ashley | None
Tim | None
Jordan | None
Kory | None
Michael | None
Martha | None
Dan | None
Stephenie | None
Elena | None
Madeline | None
Jennifer | None
Adnana | None
Cathy | None
Lisa | None
Matt | None
Kristen | None
Whitney | None
Martin | None
Kaitlyn | None
Daniel | None
Samuel | None
Sean | None
Caleb | None
Rebekah | None
3 | None
9 | None
Ricardo | None
Hayden | None
Tanya | None
Ashai | None
Amelia | None
Kelly | None
Manushi | None
Shannon | None
Catherine | None
Amanda | None
Kirsty | None
Bethany | None
Jon | None
Katerina | None
Jack | None
Luisa | None
Tyrone | None
Anisiya | None
Kate | None
Michael | None
James | None
Tony | None
Brooke | None
Katelyn | None
Susan | None
Brian | None
Mike | None
2 | None
3 | None
Peggy | None
Amanda | None
Elena | None
Jim | None
Jenifer | None
Matthew | None
Bryson | None
Scott | None
Richie | None
Sylvia | None
Erica | None
Michael | None
Blanca | None
Tyler | None
Anna-Maria | None
Brad | None
Eric | None
Brigitte | None
Adriana | None
Samantha | None
Zach | None
Amber | None
Spencer | None
Spencer | None
Dana | None
Janet | None
Andrew | None
Anton | None
Tanner | None
Jon | None
Faisal | None
Marlon | None
Melissa | None
Heinz | None
Peter | None
Kristina | None
Evi | None
Kim | None
Ryan | None
Alyson | None
Caleb | None
Angela | None
Heather | None
Andrea | None
Michelle | None
Kelly | None
Megan | None
Melinda | None
Jordan | None
Nanny | None
Laura | None
Mike | None
Julie | None
Jake | None
Deborah | None
Laura | None
Hannah | None
Morgan | None
Jermane | None
Marysaa | None
Matthew | None
Myra | None
Anthony | None
Bobbi | None
Samantha | None
Magen | None
Aldrick | None
Erica | None
Jason | None
Amy | None
Mark | None
Shellie | None
Nicole | None
Alison | None
Lynda | None
Sara | None
Paul | None
William | None
Holly | None
Nirali | None
Kelley | None
Colleen | None
Tiffany | None
Jennifer | None
Amy | None
Adrian | None
Hilary | None
Grace | None
Maggie | None
Fitzroy | None
Kellie | None
Mariah | None
Trevor | None
Deborah | None
Amy | None
Joshua | None
Lexi | None
Kelly | None
Mike | None
Juan | None
Beverly | None
Shelley | None
Trevor | None
Ryan | None
Derek | None
Samantha | None
Larry | None
Benson | None
Katie | None
Maria | None
Kendra | None
Monica | None
Mike | None
Alex | None
Nicholas | None
Roop | None
Dan | None
1 | None
2 | None
Katerina | None
3 | None
Jason | None
Perry | None
Lindsay | None
Chris | None
Arnaud | None
May | None
Jade | None
Ines | None
Robert | None
Amy | None
Pete | None
Jennifer | None
Brian | None
Jamie | None
Chris | None
Dustin | None
Gabriel | None
4 | None
5 | None
6 | None
Amy | None
Stephen | None
Darryl | None
Karen | None
Marisa | None
Angela | None
Jae | None
Paul | None
Kristy | None
Cecilee | None
AJ | None
Michael | None
Jerry | None
Luis | None
Chuck | None
Jeff | None
Geomie | None
CJ | None
7 | None
8 | None
9 | None
10 | None
11 | None
12 | None
13 | None
14 | None
15 | None
16 | None
Jessa | None
Melissa | None
Jillian | None
Ann | None
Oliver | None
Kevin | None
Ghulam | None
Sneha | None
Yvonne | None
Molly | None
5 | None
Kenneth | None
Satavia | None
Nicole | None
Josh | None
Stephney | None
Brian | None
Philip | None
CJ | None
Roxanna | None
Scott | None
Jennifer | None
Todd | None
Christina | None
Kevin | None
Jen | None
Debra | None
Daphne | None
Jani | None
Christy | None
xavier | None
Joe | None
Rahul | None
Talal | None
Muhammad | None
Syeda | None
Muhammad | None
Hamza | None
Greg | None
Karen | None
Mariel | None
Abdul | None
Anthony | None
Vidhi | None
Dave | None
Nadine | None
Nicole | None
Quintin | None
Lucette | None
Dr. | None
Joe | None
Matthew | None
John | None
Helen | None
Saud | None
Muhammad | None
George | None
Quantrail | None
Muhammad | None
Mark | None
Dave | None
Kevin | None
Junar | None
Bryce | None
Andrew | None
Matt | None
Rachel | None
Ben | None
Sarah | None
Marcela | None
David | None
Cameron | None
Karl | None
Damin | None
Danika | None
Chuck | None
Griseld | None
Noel | None
Faith | None
Brandon | None
LaDonna | None
Caitlyn | None
Eric | None
1 | None
4 | None
5 | None
6 | None
7 | None
Neal | None
1 | None
3 | None
4 | None
5 | None
6 | None
7 | None
8 | None
2 | None
9 | None
Jill | None
Ann | None
Patrick | None
John | None
Chey | None
Samir | None
Nada | None
Marc | None
Robert | None
Allison | None
Nicollette | None
Neha | None
Alex | None
Catherine | None
Jordyn | None
Clarence | None
Hellene | None
Trent | None
Paula | None
Ninche | None
Peter | None
Vicki | None
Cathy | None
Xiaoqing | None
Alpeshkumar | None
Sutapa | None
Sinduri | None
Adrian | None
Becca | None
Minrui | None
Jing | None
Chris | None
Eric | None
Jay | None
Julia | None
Michelle | None
Xinyi | None
Joanna | None
Regina | None
Kevin | None
Breonna | None
Mark | None
Mollie | None
Anahita | None
Rebecca | None
Allyson | None
Jolette | None
Stephen | None
Beau | None
Malia | None
Felishia | None
Patrick | None
Luke | None
LM | None
Ross | None
Valentine | None
Umfm | None
Cindy | None
Ged | None
Shoham | None
Jill | None
Judy | None
Suellen | None
Mark | None
Austin | None
Ashley | None
Nicole | None
Emily | None
Celine | None
Ela | None
Manish | None
Elise | None
Harendra | None
Tulsi | None
Florian | None
Karen | None
Vijay | None
Ayush | None
Bharti | None
Abhey | None
Rizwan | None
Tanya | None
Anup | None
Astha | None
Vishwajeet | None
Tanishka | None
Ankit | None
Ajay | None
Abhijeet | None
Abhishek | None
Digmber | None
Jay | None
Reema | None
Rajendra | None
Vineet | None
Shivam | None
Paul | None
Harshit | None
Sarath | None
Rahul | None
Sudheer | None
Rashed | None
Gopal | None
Prashant | None
Md | None
Vijay | None
Kavya | None
Krishan | None
Rakesh | None
Rakesh | None
Anshul | None
rajesh.kumar | None
Katherine | None
Abhishek | None
Sukhvinder | None
Tushar | None
SathishKumar | None
Pushpendra | None
Sheeteshkumar | None
Sachin | None
Mohit | None
Amit | None
Uma | None
kapil.dubey | None
Anurag | None
Paritosh | None
Gayatri | None
Reuel | None
Jyotirani | None
Shreya | None
mailer-daemon | None
Adesh | None
Mithlesh | None
Shikha | None
Rakesh | None
Ankush | None
Anirudh | None
Tina | None
Jenny | None
Saumya | None
Karthik | None
Pardeep | None
DRUPAD | None
Meghan | None
Gokul | None
Shiran | None
Tirath | None
Shailesh | None
Krishnendra | None
Ben | None
Sneha | None
Aravind | None
Cynthia | None
Ankush | None
Indeed | None
Sanjay | None
Niraj | None
Deepak | None
Shradha | None
Himanshu | None
Kasak | None
Pankaj | None
Ashish | None
Nazil | None
Eli | None
Sandeep | None
Jason | None
Amit | None
Rohit | None
Praveen | None
prabhakaran | None
ricardog | None
Ranjit | None
Matt/TEKenergy | None
Yosef | None
Eric | None
harry | None
Liz | None
srijal | None
Vineeth | None
Securence | None
annie.holmes | None
Arvind | None
Abhishek | None
Pramod | None
Harsh | None
Raj | None
Yashwanth | None
Suresh | None
Shiva | None
Sahithi | None
Mallikarjun | None
Deevena | None
Chandiran | None
Saikiran | None
Beaula | None
Hopf | None
Mohd | None
Devon | None
Ankit | None
Ankit | None
Riya | None
Bruce | None
Shamekova | None
Carrie | None
Nancy | None
Molly | None
Brian | None
Vadim | None
Mike | None
Abby | None
Tania | None
Hiring | None
Seth | None
Hiring | None
Kurt | None
Jimmy | None
Eliza | None
Kirtan | None
Team | None
Chloe | None
Ying | None
Niomi | None
Donia | None
Francisco | None
Cris | None
Thomas | None
Caroline | None
Ron | None
Jennifer | None
pj | None
Chris | None
Sheldon | None
Matt | None
William | None
Wayne | None
Nyna | None
William | None
Karoline | None
Rick | None
Boris | None
Team | None
Recruiters | None
Celeste | None
Zygimantas | None
Ashley | None
Rose | None
Team | None
Joy | None
Bill | None
Sean | None
Lyn | None
Fred | None
Jessica | None
Jerry | None
Dan | None
Elijah | None
Dan | None
Marina | None
Steve | None
Anna | None
Iva | None
Ben | None
James | None
Jake | None
Rodrick | None
Justin | None
Matthew | None
Natasha | None
Tana | None
Dan | None
Camilla | None
Mansi | None
Josh | None
Ryan | None
Shivam | None
Apollo | None
Elisha | None
Naveen | None
Monster | None
communications | None
Sahil | None
Priya | None
Azam | None
Ishika | None
Tirath | None
Jenshia | None
Sai | None
Monster | None
Anshuman | None
Ashi | None
Neha | None
Monaliza | None
Namit | None
Drew | None
Anand | None
Jay | None
Piyush | None
Mike | None
Gunjan | None
Josh | None
Bismillah | None
Dhruv | None
Anjali | None
Neeraj | None
Aditya | None
Hemant | None
Glassdoor | None
Kavita | None
Akhilesh | None
Balaji | None
Team | None
Michael | None
Jaimilyn | None
Andrew | None
Stephen | None
Eric | None
Zayda | None
Zoe | None
Tyler | None
James | None
Veronica | None
Donn | None
LUKE | None
Michaela | None
Ethan | None
Ariel | None
Jennifer | None
Brent | None
Rahul | None
Henry | None
Dhillip | None
Genie | None
Anthony | None
Brent | None
Melissa | None
Gina | None
Francisco | None
Guillermo | None
Team | None
Harry | None
Mark | None
Mary | None
Jennifer | None
Aryeti | None
Nesha | None
Yashwanth | None
Irene | None
Saffet | None
Anna-Laura | None
Shane | None
Sepiedeh | None
Jessica | None
Tom | None
Monica | None
Stephen | None
Lindsay | None
Shawnna | None
Daniel | None
Joshua | None
Hannah | None
Lisa | None
Steffano | None
Sagar | None
Ben | None
Claire | None
Sam | None
Daniel | None
Chandler | None
Patrick | None
Sarah | None
Julia | None
Azhar | None
Jade | None
Paul | None
Dean | None
Shawn | None
Lisette | None
Saskia | None
Connor | None
Chris | None
Berkley | None
Kelly | None
Kent | None
Tim | None
Sophia | None
Poonam | None
Courtney | None
Sabrina | None
Jamie | None
Kevin | None
Ashley | None
Christine | None
Brian | None
Cary | None
Riechelle | None
Jamie | None
Monica | None
Nichole | None
Sabrina | None
Disha | None
Mason | None
Sebastian | None
Abigail | None
Connor | None
Karl | None
Sian | None
Ernie | None
Dan | None
Jon | None
Jeff | None
Randy | None
Kathleen | None
Keneuoe | None
Diamond | None
Ariel | None
Brett | None
Liana | None
Jalen | None
Kacey | None
Sandy | None
Roy | None
Hitankshi | None
Olympia | None
Dan | None
Swetha | None
Dharana | None
Dev | None
Arya | None
Thomas | None
Pranitha | None
Deanna | None
Agnieszka | None
SNI | None
Evan | None
Elis | None
Adam | None
John | None
Lou | None
Raj | None
Brian | None
Sagar | None
Tina | None
Thom | None
Darsh | None
Tracy | None
Leon | None
Jordan | None
Khushali | None
Asad | None
Brooke | None
Mathew | None
Kyle | None
Klaudia | None
Tetiana | None
Jakub | None
John | None
Artemis | None
Kathleen | None
Janet | None
Carrie | None
Lexi | None
Kim | None
Elisa | None
Alisha | None
Andrew | None
Joshua | None
Eric | None
Alexander | None
Mackenzie | None
Maddie | None
Carol | None
Noreen | None
Christine | None
Joanna | None
Karolina | None
Mateusz | None
Izabella | None
Aleksandra | None
Leslie | None
Anne | None
Zoie | None
Michael | None
Rory | None
Jessie | None
Vennesa | None
Stephan | None
Maria | None
Emily | None
Nicole | None
Siddharth | None
Nilda | None
Destiny | None
Filipe | None
Andrew | None
sivadurga | None
Lalit | None
John | None
Karthik | None
Anup | None
Avinash | None
Sakthi | None
Soundarya | None
Ankush | None
Rahul | None
Maya | None
bhushan.giri | None
Abhishek | None
Gaurav | None
Sumit | None
Rahul | None
Dakota | None
Clayton | None
Brandon | None
Bo | None
Hoalanh | None
Jenna | None
Connor | None
Angela | None
Sandeep | None
Kumar | None
Raju | None
Tina | None
Puneet | None
Dhananjay | None
Rohit | None
Prashant | None
venkatesh | None
Riya | None
Udayraj | None
Janardhan | None
Ashutosh | None
Jaiswal | None
Arvind | None
David | None
Santosh | None
Anser | None
Dushyant | None
Killi | None
Arpita | None
communications | None
Courtney | None
Jayachamaraj | None
Rishabh | None
Pramod | None
Shivam | None
Mujahed | None
Aditya | None
Nikhil | None
IMRAN | None
Nitin | None
Akash | None
Sravan | None
Anurag | None
Deepak | None
Aafrin | None
Ayushi | None
Aakash | None
Haasini | None
Kevin | None
Aditya | None
Samdarsh | None
Julia | None
Donna | None
Kareem | None
Madison | None
Gunnar | None
Benjamin | None
Trenton | None
Aakash | None
Sean | None
Ash | None
Dan | None
Jodi | None
Prasanta | None
Christal | None
Robert | None
nicole | None
Diane | None
Bob | None
Tara | None
Marah | None
Jeffrey | None
Montana | None
Katie | None
Morgan | None
Destini | None
Lisa | None
Judy | None
Howard | None
Corey | None
Dan | None
Karari | None
Bhavan | None
Tony | None
Ben | None
Mukarram | None
Jacquelin | None
Katie | None
Mohammad | None
Lindsay | None
Anthony | None
Adam | None
Isabella | None
Max | None
Oliver | None
Ruth-Ann | None
Adam | None
Jemima | None
Olivia | None
Lauren | None
Ben | None
Michael | None
Sara | None
Nicole | None
Nava | None
Jack | None
Clover | None
Rahul | None
Charlie | None
Jennifer | None
Jennifer | None
Tony | None
Aishwarya | None
Corby | None
Sima | None
Sarah | None
Tobi | None
Jemma | None
Luke | None
Joshua | None
Chloe | None
Lauren | None
Joe | None
Vaishali | None
Luke | None
Huueple.ai | None
Team | None
Julieta | None
Akie | None
KJ | None
Divya | None
Stephen | None
Trevor | None
Brian | None
Briceida | None
Colby | None
Mary | None
Jennifer | None
Donald | None
Karleen | None
Emily | None
Alexis | None
Claire | None
Rae | None
Mayumi | None
Kelly | None
Melissa | None
Marco | None
Gerardo | None
Marco | None
Martin | None
Jesus | None
Muntaha | None
Alma | None
Anna | None
Matthew | None
Jennifer | None
David | None
Oluwapelumi | None
Nyla | None
Johnny | None
Ene | None
Maggie | None
April | None
Joe | None
Anna | None
Jessica | None
Gary | None
Josh | None
Hanna | None
Megan | None
Teresa | None
Dave | None
Michael | None
Micah | None
Austin | None
Kevin | None
Shellie | None
Genevieve | None
Gabriella | None
Lee | None
Christopher | None
Thomas | None
Brenda | None
Alex | None
Jamie | None
Jarrid | None
Maila | None
Tess | None
Herbert | None
Kyra | None
Kira | None
Kurren | None
Naveen | None
Addy | None
Michael | None
Grace | None
Jason | None
Shakira | None
Conrad | None
Justin | None
Daniel | None
Rhiannon | None
Harold | None
Nathan | None
Phil | None
Victoria | None
Jordan | None
Paul | None
Ryan | None
Marybeth | None
Amanda | None
Vanessa | None
Prabhakar | None
Kiera | None
Sandy | None
Andrin | None
Deven | None
Jason | None
Chessen | None
Greg | None
Nicholas | None
Jacob | None
Jeff | None
Jaco | None
Peter | None
Kiley | None
Kasee | None
Victoria | None
Shelby | None
Randall | None
Haily | None
Rick | None
Nick | None
Elena | None
Kalee | None
Christopher | None
Joe | None
Zeba | None
Hunter | None
Kristen | None
Kevin | None
Dianne | None
Jeremy | None
Shilia | None
Angela | None
Ashish | None
Lance | None
Sean | None
Kyle | None
Kamal | None
Pete | None
Daniel | None
Mike | None
Tim | None
Jeff | None
Erin | None
Jamie | None
Jennifer | None
Robert | None
Misty | None
Amy | None
Kami | None
Alexis | None
Brian | None
Kelly | None
Cameron | None
Neveen | None
Trish | None
Cynthia | None
Julia | None
Olivier | None
Shannon | None
Casey | None
Kristen | None
Sara | None
Jonathan | None
Amber | None
Twila | None
Danielle | None
Amber | None
Jennifer | None
Stacie | None
Alicia | None
Michael | None
Donna | None
Fern | None
Jacqueline | None
Brian | None
Zane | None
Hilary | None
Jeffrey | None
Chanel | None
Rebekah | None
Ryan | None
Kasmine | None
Tricia | None
Lacey | None
Jacqueline | None
Sydney | None
Sarah | None
Kimberly | None
Andrea | None
Eric | None
Barbara | None
Adinah | None
MaKeitha | None
Jason | None
James | None
Glenn | None
Iryna | None
Sharlene | None
Austin | None
Alex | None
Patrick | None
Victoria | None
Ellisa | None
Precious | None
Michelle | None
tim | None
Oc.m | None
Carlos | None
Jesus | None
Jordan | None
Jude | None
Lloyd | None
Austin | None
Rosemarie | None
Susan | None
Narda | None
Isabella | None
Michelle | None
Enrique | None
Cielo | None
Maite | None
Sean | None
Jenny | None
Matthew | None
Caitlyn | None
Bianca | None
Cole | None
Dodia | None
Kathleen | None
Adrian | None
Shiloh | None
Bruce | None
Mike | None
Kate | None
Giovanna | None
Yvonne | None
Marcy | None
Sondra | None
Eileen | None
Sarah | None
Jon | None
Paul | None
Rachel | None
Giselle | None
John | None
Quincey | None
Jeff | None
Chase | None
Shannon | None
Sloane | None
Shannon | None
Christina | None
Tim | None
Madison | None
Sheila | None
Luke | None
Theo | None
Michaela | None
Kristina | None
Tyler | None
Molly | None
Remy | None
Sydney | None
Camryn | None
Kyle | None
Parker | None
Kenn | None
Nadia | None
Timothy | None
Leila | None
Ana | None
Deise | None
Wesley | None
Igor | None
Octavio | None
Alicia | None
Danielly | None
Brenda | None
Sandra | None
Jonathan | None
Matthew | None
Jennifer | None
Amy | None
Júlia | None
Jennifer | None
Jared | None
Kristine | None
Amanda | None
Neha | None
Pierre | None
Liz | None
Evan | None
Sloan | None
Doug | None
Paul | None
Noah | None
Lorri | None
Kate | None
Brady | None
Jordan | None
Navi | None
Megan | None
Casey | None
Erin | None
Minh | None
Bob | None
Amel | None
David | None
Andrew | None
Mark | None
steven | None
Team | None
Catie | None
Moussa | None
Brian | None
Brian | None
Team | None
Matt | None
Mitchell | None
Team | None
Brandon | None
Judith | None
April | None
Kelsey | None
Abimbola | None
Tom | None
Laura | None
John | None
Travis | None
Garrett | None
Craig | None
Tina | None
Will | None
Audrey | None
Lahka | None
Ashley | None
Joy | None
Recruiter | None
Recruiters | None
Hailey | None
Brett | None
Team | None
Tony | None
Nash | None
John | None
Tuyet | None
Brissena | None
Team | None
Gem | None
Team | None
Michelle | None
Mark | None
Jessica | None
Mike | None
Erin | None
James | None
Larcinia | None
Grant | None
Douglas | None
Laura | None
Natnael | None
Britto | None
Team | None
Team | None
Sonia | None
Georgia | None
Boyan | None
George | None
Brenda | None
John | None
Sarah | None
Jack | None
Carl | None
Ferlando | None
Florencia | None
omowunmi | None
Jerry | None
Joe | None
Hiring | None
Dan | None
Jandy | None
Alex | None
Richelle | None
Banfield | None
Iris | None
Christopher | None
Ed | None
Team | None
Christine | None
Sheree | None
Joseph | None
Douglas | None
Connie | None
Walter | None
Ada | None
Pedro | None
Savanna | None
Erin | None
Charlie | None
Daisi | None
avril | None
Nicole | None
Maxwell | None
Artur | None
Misty | None
Janis | None
oladoyin | None
Team | None
Ronard | None
Melissa | None
Admin | None
David | None
Eddy | None
Recruiter | None
Annette | None
Jess | None
Recruiters | None
Jo | None
Simon | None
Denmark | None
Mariana | None
Matt | None
Lisa | None
Villagers | None
Ella | None
Britne | None
Andres | None
Max | None
Marissa | None
Richard | None
Antionette | None
Mike | None
Recruiters | None
Jen | None
Jenny | None
Brent | None
Cristine | None
Ted | None
Recruiters | None
Recruiters | None
Recruiter | None
Kathy | None
Keith | None
Josh | None
Joshua | None
Harry | None
Emily | None
Nejdeh | None
Lesely | None
Anh | None
ijenna | None
R.s | None
Robert | None
Darren | None
Nash | None
Amelia | None
Andrew | None
Daniel | None
Chrysta | None
Seth | None
Taylor | None
Zach | None
Chelsea | None
Anastasia | None
Lisa | None
Mandy | None
Mallory | None
Diane | None
Katie | None
Cody | None
Nicole | None
Sudheer | None
Lilliah | None
Ivom | None
Neocom | None
Jon | None
Ivom | None
Alexis | None
Lori | None
Mark | None
Sarah | None
Jeffrey | None
Jessica | None
Sharlene | None
Brent | None
Lloyd | None
Ariana | None
Caryn | None
Hannah | None
Amanda | None
JoAnna | None
Jessica | None
pippa | None
irma | None
Michael | None
Jason | None
Arie | None
Vance | None
Doug | None
Angie | None
Amy | None
Ryan | None
Thanh | None
Vinh | None
raul | None
Jim | None
John | None
Paul | None
David | None
Daniel | None
michael | None
Hank | None
Brian | None
Andrew | None
Phil | None
chris | None
Matt | None
Miles | None
Wendy | None
Katrina | None
Titi | None
Annetti | None
Thandar | None
Michelle | None
Team | None
Azure | None
Rcim | None
Lsom | None
Bryan | None
Janie | None
Team | None
khristine | None
John | None
Ben | None
Timothy | None
Tristan | None
Ari | None
Arnm | None
Satya | None
Shkm | None
Team | None
Rick | None
Byron | None
Dan | None
Patricia | None
Sarah | None
Team | None
Joe | None
Team | None
Team | None
Andrea | None
Caroline | None
Courtney | None
Merril | None
Kelly | None
Amanda | None
Alan | None
Paul | None
Roman | None
Secm | None
Ellen | None
Heidi | None
John | None
Abby | None
Gian | None
Fabio | None
Alex | None
Jeff | None
Shalini | None
John | None
Camille | None
Moose | None
Tarrus | None
John | None
Todd | None
Sean | None
Timothy | None
Staci-Lyn | None
Anlm | None
Victor | None
Mark | None
David | None
Prashanth | None
Jonathan | None
Dylan | None
Ma-Trice | None
Mackenzie | None
Ankush | None
Krizzia | None
Larry | None
Sophia | None
Andie | None
Paul | None
Shannen | None
Hi | None
Nathan | None
Mike | None
Steven | None
Bryan | None
Inderjeet | None
Isabel | None
Tracy | None
Johnny | None
Josh | None
Taylor | None
Angella | None
Ry | None
LeAnne | None
Mathieu | None
Tyler | None
Laureana | None
Beth | None
Gajus | None
Ally | None
Nicole | None
Ann | None
Brooke | None
Timothy | None
Nick | None
Zachary | None
Nate | None
Noah | None
Alejandra | None
Isaiha | None
William | None
Hamza | None
Jonathan | None
Candace | None
David | None
Justin | None
Seth | None
Fernando | None
Troy | None
Courtney | None
Saliia | None
Dustin | None
Christine | None
Timothy | None
Nivedha | None
John | None
Marcus | None
Jeff | None
LeAnne | None
Doug | None
Carlos | None
Matthew | None
Jamie | None
Thomas | None
Riley | None
Bill | None
Tony | None
Jacqueline | None
Paul | None
James | None
Tim | None
James | None
Blanca | None
Alyssa | None
Tim | None
Richard | None
Bradley | None
Bill | None
Sam | None
Mason | None
Jeff | None
Marianne | None
Christian | None
Jeremiah | None
Lynn | None
Robert | None
Mohdi | None
Mike | None
Josh | None
Galen | None
Michael | None
Tazmin | None
Mumo | None
Sarah | None
Julie | None
Nina | None
Suzanne | None
Leona | None
Justin | None
Neil | None
Sarah | None
Yiqian | None
Harry | None
Kelley | None
Déaglán | None
Bud | None
Jordan | None
Owen | None
Donald | None
Todd | None
Kevin | None
Thomas | None
David | None
Jess | None
Jason | None
Janie | None
Chris | None
Kadian | None
Beth | None
Keith | None
Ryan | None
John | None
Brian | None
Steven | None
Linda | None
Faith | None
Ed | None
Nic | None
Adam | None
Amber | None
Amanda | None
Deena | None
Nikol | None
Kayla | None
Richard | None
Bryan | None
Jane | None
Molly | None
Kelly | None
Rodney | None
Ginny | None
Marci | None
Nicole | None
Elizabeth | None
Jason | None
Owen | None
Brian | None
Lisa | None
Ali | None
Sibyl | None
Thomas | None
Andy | None
James | None
Nicholas | None
Ahmad | None
Marcus | None
Levi | None
Nayonika | None
Nanette | None
Wayne | None
Greg | None
Richmond | None
Christopher | None
Rachael | None
Gina | None
Taylor | None
Joe | None
Carlos | None
Dan | None
Payton | None
Zac | None
Noah | None
Riley | None
Kevin | None
Hayden | None
Jacqueline | None
Diana | None
David | None
Carrie | None
Jennifer | None
Connor | None
Julie | None
Coates | None
Arman | None
Al | None
Matt | None
Rod | None
Christian | None
Justin | None
Adam | None
Joshua | None
Chris | None
Stephen | None
Ashton | None
Trevor | None
Kendra | None
Grant | None
Brandon | None
Devon | None
Dane | None
Paul | None
Connor | None
Chelsea | None
Antonio | None
Jeff | None
Victoria | None
Grace | None
Terrell | None
Sarah | None
Simeon | None
Aaron | None
Bala | None
Marisa | None
Dulce | None
Doreydi | None
Susana | None
Jimena | None
Katrina | None
Brittany | None
Leonardo | None
Eli | None
Kip | None
Grace | None
Jeffrey | None
Suranjana | None
Ash | None
Neel | None
Sanyukta | None
Shreyas | None
Charlie | None
Bronson | None
Daniel | None
Sarah | None
Toby | None
Rohit | None
Gopesh | None
Tom | None
Rowena | None
Mike | None
Jarrar | None
Celeste | None
Aayush | None
Zachary | None
Shawna | None
Suraj | None
Katie | None
Madelyn | None
Dennis | None
Janelle | None
Morgen | None
Shital | None
Sarah | None
Herman | None
Joy | None
Paul | None
Dave | None
Josiah | None
Harald | None
George | None
Compa | None
Bethany | None
Kerry | None
Noel | None
Amrita | None
Szu | None
Kathleen | None
Angelique | None
Rudolph | None
Edna | None
Daniel | None
Alexandria | None
Elizabeth | None
Bob | None
Johan | None
Ravi | None
Rebekah | None
Derrick | None
Fortune | None
David | None
Rosemary | None
MARTA | None
Dado | None
Igor | None
Randy | None
Mark | None
Anton | None
Maria | None
Sarfraz | None
Julian | None
Brian | None
Becky | None
Hendrix | None
Timothy | None
Savannah | None
Megan | None
Brittany | None
J.O. | None
Daniel | None
Greg | None
Cara | None
Jeff | None
Farimah | None
Isis | None
Aabha | None
Kavan | None
Jason | None
Utkarsh | None
Rachana | None
Samantha | None
Cynthia | None
Ally | None
Koti | None
Marcus | None
Susan | None
Andre | None
Osi | None
Chris | None
Nishita | None
Surya | None
Kong | None
Barry | None
Filip | None
Philip | None
Robert | None
Clarissa | None
John | None
LaVerne | None
Alan | None
John | None
Raghav | None
Andy | None
Siddharth | None
Valarie | None
Matthew | None
Marina | None
Emily | None
Anita | None
Antonio | None
Alana | None
Narwan | None
Pedro | None
Aline | None
Marin | None
Rafael | None
Nicolas | None
Kellee | None
Eileen | None
Griffin | None
Jason | None
Amanda | None
Carlos | None
Malik | None
Emily | None
Douglas | None
Rosa | None
Saurabh | None
Chelsea | None
Christopher | None
Nyah | None
Kikelomo | None
Lawrence | None
Mariah | None
Genie | None
Martin | None
Keith | None
Jessica | None
Neal | None
Dev | None
Rajinder | None
Jonathan | None
Shane | None
Joanne | None
Kimberly | None
Joni | None
Adam | None
Heather | None
Eric | None
Gabbie | None
Kate | None
Benjamin | None
Susan | None
Jadon | None
Thomas | None
Kevin | None
Immanuel | None
Kentrial | None
Charanjit | None
Rick | None
Rhonda | None
Tim | None
Amy | None
Sravan | None
Rodriquiz | None
Walter | None
Jean-Jacques | None
Alex | None
Qamer | None
Isong | None
Naigo | None
Ismail | None
JJ | None
Karen | None
Harry | None
Lori | None
Christen | None
Avinash | None
Owen | None
Richard | None
Kyle | None
Pranjal | None
Chike | None
Sarah | None
Laurel | None
Shinwoo | None
Andrea | None
John | None
Zack | None
Nafisat | None
Paul | None
Leslie | None
Karim | None
David | None
Darla | None
OLADAPO | None
Arlene | None
Kara | None
Rebecca | None
Jason | None
shawn | None
PRANAY | None
Rupali | None
Shana | None
Fernando | None
Maurice | None
Nebojsa | None
Anna | None
Jacob | None
Arn | None
Thomas | None
Shannon | None
Adnan | None
Tia | None
Sharareh | None
Kevin | None
Michael | None
DeZavier | None
Will | None
Luc | None
Malcholm | None
Todd | None
Greg | None
Phil | None
Kimberly | None
Mitch | None
Valerie | None
Eric | None
Cynthia | None
Christie | None
Daniel | None
Nicholas | None
Richard | None
Teri | None
Linda | None
Cheryl | None
Mary | None
Elaine | None
Bruce | None
Mark | None
Bradford | None
Corey | None
Nicholas | None
Roger | None
Haley | None
Alison | None
Wendy | None
Victoria | None
Rogelio | None
Stephen | None
Leeann | None
Brennan | None
Abbass | None
Alejandro | None
James | None
Michael | None
Alex | None
Benjamin | None
Philip | None
David | None
Ranbir | None
Adnan | None
Khurram | None
Zaid | None
Zeshan | None
Younus | None
Michael | None
Gavin | None
Leslie | None
Desmond | None
Sean | None
Shane | None
Tracey | None
Andrew | None
Chris | None
Lisa | None
Michael | None
Michiko | None
Matthew | None
Shankar | None
Gillian | None
Simon | None
Andrey | None
Garrett | None
Catie | None
Stephon | None
Joel | None
Yosmarlys | None
Kevin | None
Erik | None
Travis | None
Juliana | None
Dawn | None
Tristan | None
Chad | None
Deidre | None
Michaela | None
Laura | None
Debby | None
Robert | None
Britton | None
Dom | None
Corey | None
Michael | None
Andrew | None
Sutton | None
Steve | None
Ellen | None
Jill | None
Jackie | None
Kevin | None
Sophie | None
Carrie | None
Katrina | None
Amanda | None
William | None
Neill | None
Paul | None
Manohar | None
Robert | None
Srinath | None
Duncan | None
Varad | None
Gavin | None
Spenser | None
Benjamin | None
Blythe | None
Phoebe | None
Yumna | None
Claire | None
Melanie | None
SK | None
Jordan | None
Holly | None
Ann | None
Sireesha | None
Trinidad | None
Jessica | None
Dan | None
David | None
Kristin | None
Nichole | None
Kippy | None
Alexander | None
Jacob | None
Thomas | None
Bob | None
Don | None
Barbara | None
Carter | None
Brian | None
Colleen | None
Chris | None
Benjamin | None
Carmen | None
Daniel | None
Mike | None
Kyle | None
Melanie | None
Bradley | None
Jennifer | None
Austin | None
Rochelle | None
James | None
Micah | None
Mate | None
Steve | None
Imran | None
Jaime | None
John | None
Vincent | None
D | None
Paul | None
Tanya | None
Brian | None
Tony | None
Daywantie | None
Katherine | None
Maureen | None
Paulina | None
Ziga | None
Elizabeth | None
Glenn | None
Gary | None
Tulasi | None
Dave | None
Charles | None
Evan | None
Tayebwa | None
Luke | None
Connor | None
Alexis | None
Michael | None
Savio | None
Allison | None
Lottie | None
Naomi | None
Nick | None
Adrian | None
Zachary | None
Ebonye | None
Rain | None
Julie | None
Nicholas | None
Russ | None
Suphacha | None
Elizabeth | None
Billy | None
Vatsal | None
Sreekanth | None
Rema | None
Saurabh | None
Nipen | None
Lyn | None
Michael | None
Michael | None
Shilpy | None
Trudy | None
Denisha | None
Jix | None
Silverio | None
FA | None
Andrew | None
John | None
Rachel | None
Niel | None
Ron | None
Mark | None
Shem | None
Madayl | None
Scarlet | None
Saudia | None
Joy | None
Spencer | None
Drew | None
Jeffrey | None
Sam | None
Aian | None
Bryan | None
Max | None
Elaine | None
Jocquis | None
Jason | None
Jeff | None
Jude | None
Laurie | None
Mohamed | None
Ashley | None
Monica | None
Rachel | None
Sam | None
Ryan | None
Jessica | None
Bob | None
Marsha | None
Michael | None
Robin | None
Lynne | None
Calvin | None
Christy | None
Kalani | None
Katarina | None
Moises | None
Jon | None
Rodney | None
John | None
Trisha | None
Cristina | None
Marko | None
Stephanie | None
Frank | None
Jonathan | None
Sanjay | None
Amanda | None
Cindi | None
Eric | None
Cristian | None
Heather | None
Darryl | None
Vincent | None
Robin | None
Sarah | None
James | None
John | None
Elliott | None
Adaikal | None
Shanmuga | None
Guilherme | None
Daniel | None
Esteban | None
Anthony | None
Amy | None
Michael | None
Pamela | None
Anthony | None
Francine | None
Andrew | None
Dave | None
Eli | None
David | None
Jazzman | None
Caroline | None
MIKKO | None
Jim | None
Miriam | None
Kevin | None
Andrew | None
Vimal | None
Dennis | None
Samdeen | None
Laurence | None
Nick | None
Paul | None
Rayner | None
Ashad | None
John | None
Laura | None
Ian | None
Bridget | None
Tanikka | None
Cathy | None
Brian | None
Callum | None
Joshua | None
Callam | None
Liliana | None
Pete | None
Angela | None
Joshua | None
Holly | None
Jonathan | None
Oliver | None
Dominic | None
Alethea | None
John | None
Adam | None
Peter | None
Moneesh | None
Steven | None
Shilpa | None
Joshua | None
David | None
Joshua | None
Milicia | None
Jacob | None
Kiera | None
Mark | None
Joe | None
Braylon | None
Charles | None
Kavita | None
Cubiq | None
Taylor | None
Dominic | None
Cubiq | None
Manish | None
Bhuvan | None
Daniel | None
Nathan | None
Jacob | None
Shane | None
Vincent | None
Matt | None
Jay | None
Natalia | None
Olivia | None
Ellis | None
Gareth | None
Stephen | None
Chris | None
Lydia | None
Gerry | None
Karyn | None
Jason | None
Malcolm | None
Juan | None
Angela | None
Jameson | None
Calvin | None
Joe | None
Michelle | None
George | None
Amanda | None
Jordan | None
Jenn | None
Joe | None
Morrie | None
Corey | None
Rajeev | None
Natalie | None
Jose | None
Tiffanie | None
Steven | None
Manuel | None
Peter | None
Jola | None
Preeti | None
Holly | None
Katie | None
Dane | None
Ryan | None
Heath | None
Matt | None
Jazerai | None
Mazin | None
Matt | None
Jeff | None
MacKenna | None
Shae | None
Matt | None
Daniel | None
Tejaswi | None
Rebecca | None
Mary | None
Hailey | None
Matt | None
Jason | None
Tyson | None
Laurie | None
Lindsay | None
Derek | None
Chris | None
Eryk | None
Kelly | None
Savannah | None
Dean | None
Justin | None
Daniel | None
Divyangna | None
Chad | None
Harshit | None
Leo | None
Howard | None
Ravi | None
Ayub | None
Abhijeet | None
Tanvi | None
Sushmita | None
Supriya | None
Prabhu | None
Pooja | None
Ocean | None
Shaista | None
Nishant | None
Aryan | None
Md | None
Prasoon | None
Sunil | None
Komalpreet | None
Teja | None
Sudhir | None
Sreeramulu | None
Gayatri | None
Suman | None
Sunaina | None
Kajal | None
Vishnu | None
Mani | None
Saikrishna | None
Anjali | None
bhanu | None
Harsh | None
Pritee | None
Dnyaneshwar | None
Vishal | None
Dishant | None
Dinesh | None
kalpana | None
Kiranmai | None
Ankita | None
Rashmi | None
Sweety | None
Abhishek | None
Sushma | None
Nandakumar | None
Deepak | None
Satish | None
Lakshman | None
Garima | None
Prabhat | None
Paulette | None
Jim | None
Raj | None
Sharon | None
Ashley | None
Marcia | None
Jason | None
Austin | None
Pablo | None
Blair | None
Sean | None
Link | None
Christine | None
Ricardo | None
Michael | None
LaKedra | None
Eileen | None
Skylar | None
Frank | None
Katie | None
Tina | None
Kenneth | None
Kim | None
Ray | None
Fay | None
Michel | None
Arpita | None
Dakshpriya | None
krishna | None
Shreya | None
Mouni | None
Hina | None
Uma | None
Purvansh | None
Gopal | None
Sakshi | None
Archit | None
Shraddha | None
Akib | None
Namita | None
Munuganti | None
Will | None
Patti | None
Lesley | None
Mike | None
Paul | None
Beckie | None
Rebecca | None
Cassandra | None
Jyothsna | None
Arun | None
Saif | None
Anand | None
Brent | None
Tyler | None
Briana | None
Billy | None
Meilani | None
Brad | None
Deborah | None
Houston | None
VIVEK | None
Devarpita | None
Silmese | None
saketh | None
Gazala | None
Sumati | None
Shailesh | None
shubham | None
Shivam | None
Innareddy | None
Megha | None
Cathy | None
suman | None
Prasanna | None
Kashif | None
Kurt | None
Christopher | None
Rochelle | None
Drew | None
Ashlyn | None
Patrick | None
Kevin | None
LaVada | None
Taj | None
Lucas | None
Anthony | None
Zachary | None
Jud | None
Kristie | None
Robert | None
Ariana | None
Brenda | None
Dylan | None
Paul | None
Kimberley | None
Cynthia | None
Patty | None
Joseph | None
Terry | None
Chris | None
Jesus | None
Abhijeet | None
Nick | None
Roja | None
Hari | None
Priya | None
Kristen | None
Janhavi | None
Poonam | None
Deepika | None
Akash | None
mahesh | None
Gopal | None
Kirandeep | None
Nabasmita | None
Maria | None
Intellyk | None
Lucky | None
Dhruvi | None
Succubi | None
Aditi | None
Rajdeep | None
Mohd | None
Mike | None
Divyanshu | None
Kumar | None
Sachin | None
Piero | None
Vineet | None
Inderpreet | None
Jayprakash | None
Neeraj | None
Sonal | None
Bhawish | None
Swarup | None
Neha | None
Madhuri | None
Mary | None
Begum | None
Hari | None
Akash | None
Nisha | None
Meenakshi | None
Manoj | None
Ashok | None
Suman | None
Gaurav | None
sruthi | None
Lekshmi | None
Nidhi | None
Marreddy | None
Priya | None
Chetan | None
Roshan | None
Melody | None
David | None
Anjali | None
Chuck | None
Federico | None
Jeremy | None
Dillon | None
Mallory | None
John | None
Alyssa | None
Izanna | None
Huy | None
David | None
Robert | None
Alex | None
Keegan | None
Maurice | None
Brandon | None
Vineeth | None
Dilip | None
Ujjwol | None
Ryan | None
Jared | None
Clay | None
Amha | None
Wesley | None
Nagendra | None
Jake | None
James | None
Janet | None
Christopher | None
Kelly | None
Ly-Ai | None
Jeff | None
Matthew | None
Julia | None
Lennon | None
Michael | None
Shannon | None
Scott | None
John | None
Lauren | None
Victoria | None
Kelly | None
Jamie | None
Rieljun | None
srinivasa | None
AMIN | None
Serhii | None
Antoine | None
Stuart | None
Cathleen | None
Paul | None
Brent | None
Sean | None
Tiffany | None
Sydney | None
Mallory | None
Steven | None
Stephen | None
Damian | None
Jason | None
Nicholas | None
Carl | None
Michael | None
Marcus | None
Walter | None
Rayonna | None
Larry | None
Matt | None
Susant | None
Bernard | None
Paul | None
Milson | None
Mugdha | None
Krupa | None
Liz | None
Sola | None
Gabe | None
Christopher | None
Nick | None
Pyae | None
Gilbert | None
Tom | None
David | None
Dmitry | None
Will | None
Yuvraj | None
Kennon | None
Brendan | None
David | None
Dmitry | None
Yuvraj | None
Jason | None
Layla | None
John | None
Angie | None
Adam | None
Carlo | None
Velizar | None
Robert | None
Kinect | None
Janeen | None
Jorge | None
Guy | None
Sheila | None
John | None
Ela | None
𝗩. | None
John | None
Shannon | None
Sachin | None
Deepali | None
Shailendra | None
Minerva | None
Srikanth | None
Samuel | None
Carter | None
Angela | None
Taylor | None
Melissa | None
Candis | None
Sarah | None
George | None
Anne | None
Jane | None
Nicolas-Maxime | None
Mark | None
Harry | None
Jeremy | None
Valerie | None
Mitul | None
James | None
Joe | None
Livier | None
Kenrick | None
Samuel | None
Guadalupe | None
Lorrie | None
Jeff | None
Duane | None
Renata | None
Anthony | None
Dennis | None
Richard | None
Daniel | None
Eileen | None
Rudy | None
Lavar | None
Yesenia | None
Javier | None
Jorge | None
Alain | None
Raymond | None
Charles | None
Misty | None
Charmaine | None
Alex | None
Gracie | None
Rahma | None
Heather | None
Nick | None
Drew | None
Megan | None
Laura | None
Sara | None
Bart | None
Helen | None
Jessica | None
Erika | None
Jennifer | None
Nidhi | None
Nate | None
Vaibhav | None
Apoorva | None
Dominic | None
Jill | None
Kendall | None
Tom | None
Marc | None
Giuliano | None
Luke | None
Dylan | None
Christina | None
Julie | None
Anant | None
Francine | None
Kaajal | None
Nick | None
Megan | None
Ashley | None
Sacha | None
Keith | None
Mitchell | None
Rashmi | None
Jared | None
Ali | None
Shaundar | None
Michael | None
Dana | None
Emma | None
Nicholas | None
Rob | None
Luke | None
Riki | None
Darshan | None
Jazmine | None
Kristina | None
Konika | None
Amanda | None
Igor | None
Alex | None
Emmanuel | None
Rebecca | None
Mia | None
Harish | None
Janak | None
Leonardo | None
Eli | None
Tony | None
Cloud | None
Timothy | None
Joy | None
John | None
Delano | None
Stephen | None
Mohammed | None
Annie | None
Liam | None
Megan | None
Jed | None
Ciaran | None
Marcus | None
Jamie | None
Oli | None
Clare | None
Leo | None
Nick | None
Mangat | None
Chinnie | None
Mehtap | None
Jeremy | None
Genaro | None
Bill | None
Kerstin | None
Stefan | None
Maribet | None
H. | None
Alexander | None
John | None
Waqas | None
Nathalie | None
Fahmida | None
Marcelo | None
Cagdas | None
Shivank | None
Christian | None
Carson | None
Charmin | None
Leonard | None
Aly | None
Alan | None
Bernd | None
Jack | None
Noha | None
Giovanni | None
Gareth | None
Bharat | None
Kristen | None
Grigory | None
Caroline | None
Steve | None
Tricia | None
Karen | None
Amy | None
Tracy | None
Ilya | None
Suzanne | None
Cara | None
Greg | None
Joe | None
Paul | None
Troy | None
Ryan | None
Kaushal | None
Juarez | None
Brigitte | None
Jermin | None
Terra | None
Dorota | None
Larry | None
Ryan | None
Anselm | None
TJ | None
Pamela | None
Krista | None
Evan | None
Kyle | None
Melissa | None
Simon | None
Chris | None
Stephen | None
Francis | None
Jason | None
Rakesh | None
Timon | None
Hellmar | None
Pedro | None
Julio | None
Jarryd | None
Renata | None
Caroline | None
George | None
Spencer | None
Anne | None
Kevin | None
Kiana | None
Dwayne | None
Dianne | None
Shijo | None
Raquel | None
Munir | None
Amudha | None
Naveen | None
Prashant | None
Vinay | None
Chandra | None
Santhosh | None
Divya | None
Robert | None
Koyel | None
Monty | None
Antony | None
Rama | None
Kapil | None
Maruthi | None
Amit | None
Abilash | None
Bianca | None
Mark | None
Stephanie | None
SHAILENDER | None
JasvinderSingh | None
Vikas | None
Sherinder | None
Kianni | None
Vidya | None
Prema | None
Binh | None
John | None
Rajkumar | None
Pradeep | None
Yogesh | None
Jayalakshmi | None
Sanath | None
Vinay | None
John | None
Saba | None
Shamin | None
Kapil | None
Sachin | None
Rajesh | None
Pankaj | None
Sudarsan | None
Anurag | None
Alton | None
Sandeep | None
Shaswatha | None
Nagesh | None
Mark | None
Ananthraj | None
Andrew | None
Baruch | None
Jason | None
Ronald | None
Colleen | None
Rahul | None
Rabiya | None
Shola | None
Priyanshu | None
Andres | None
Suhasini | None
Aron | None
Matthew | None
Jay | None
Larry | None
Micah | None
Ebony | None
Wilfred | None
Nicholas | None
George | None
Tia | None
Cleo | None
Anthony | None
Quinntarus | None
Kevin | None
Jack | None
Praveen | None
Wayne | None
Abe | None
Terrance | None
Vince | None
Stephen | None
Susan | None
Cari | None
Mandi | None
Lucy | None
Greg | None
Brett | None
Scott | None
Matthew | None
Brandon | None
Olu | None
Balraj | None
Satish | None
Ameya | None
Traci | None
Tom | None
Abinash | None
Pradeep | None
Komari | None
Bruno | None
Cathy | None
Kora | None
Jennifer | None
Michal | None
Mitchell | None
Brendan | None
Anna | None
Oleh | None
Eryn | None
Mamoud | None
Will | None
Allison | None
Darrah | None
Olivia | None
Brian | None
Taylor | None
Alise | None
Sara | None
Caitlynn | None
Recruiter | None
Aislinn | None
Shannon | None
Neala | None
Connor | None
Amanda | None
Justin | None
Ryan | None
DeVante | None
Frank | None
Rida | None
Erin | None
Edgar | None
John | None
Emily | None
Michelle | None
Steve | None
Amanda | None
Kevin | None
Kyle | None
Disa | None
Jonathan | None
Krystal | None
Todd | None
Jolecia | None
Alicia | None
Kaushal | None
Vernicia | None
Ryan | None
Genevieve | None
Reese | None
Dean | None
Henry | None
Lori | None
Daniel | None
Annia | None
Allen | None
Leanne | None
Chinna | None
Joyce | None
Melody | None
Connor | None
Cassandra | None
Thao | None
Micayla | None
Darrell | None
LaCretia | None
Eric | None
Steve | None
Ashleigh | None
Adam | None
Ian | None
Benjamin | None
Clayton | None
Dana | None
Clint | None
Ray | None
Johnnie | None
Danny | None
Derek | None
Matthew | None
Macy | None
Lex | None
Caitlin | None
Brian | None
Juliet | None
Jannah | None
Phil | None
Melissa | None
Mangesh | None
Cesar | None
Daniela | None
Derek | None
Marc | None
Antonio | None
Jeff | None
Reynaldo | None
Michelle | None
Stephen | None
Wayne | None
Yiyi | None
Qiong | None
Antipas | None
Hanna | None
Brandon | None
Rob | None
Gavin | None
Michael | None
Beth | None
Michael | None
Malisa | None
Jeff | None
Lindsey | None
Cathy | None
Jessica | None
Garreth | None
Marc | None
Sam | None
Debbie | None
Cindy | None
Steven | None
Jayma | None
Adam | None
Tami | None
Dina | None
Randy | None
Megan | None
Michele | None
Dedera | None
Emily | None
Teresa | None
Laura | None
Sandra | None
Eben | None
Jenica | None
Daryl | None
Kayla | None
Jenny | None
Justin | None
Nicole | None
Danielle | None
Georgine | None
Steve | None
Brandi | None
Johnathan | None
Kate | None
John | None
Bryan | None
Mark | None
Jeanice | None
Christine | None
Meredith | None
Adam | None
Natasha | None
Tim | None
Christina | None
Mike | None
Noelle | None
Sara | None
Claire | None
Jonathan | None
Sarah | None
Jim | None
Eden | None
Michael | None
Julia | None
Thomas | None
Nicholas | None
Christina | None
Arshad | None
Joe | None
Gregory | None
Abigail | None
Wes | None
Brenda | None
Courtney | None
Melissa | None
Tom | None
Kali | None
Ken | None
Ashley | None
Spencer | None
Benjamin | None
Alithea | None
Anjanaa | None
Gabe | None
Teako | None
Ivan | None
James | None
Laura | None
Jesse | None
Nick | None
David | None
Amanda | None
Jennifer | None
Paul | None
Adam | None
Lindsay | None
James | None
Keri | None
Evelyn | None
Sarah | None
Alexis | None
Maggie | None
Sean | None
Nicole | None
Anna | None
Maraya | None
Brad | None
Dustin | None
Kevin | None
Pearl | None
Bryce | None
Hi | None
Scott | None
Tom | None
Raquel | None
Stephanie | None
Brea | None
Trent | None
Jordan | None
Annaliese | None
Jeff | None
Alison | None
Donna | None
Kelsey | None
Kara | None
Sara | None
Michelle | None
Megan | None
Vanessa | None
Iliana | None
Blanca | None
Daniel | None
Erika | None
Christopher | None
Denise | None
Ali | None
Laura | None
Brittany | None
Parker | None
Aleea | None
Lane | None
Christin | None
Jeremy | None
Maegan | None
Shelby | None
Ruthie | None
Katie | None
Collin | None
Rebekah | None
Brooks | None
Annie | None
Caitlin | None
Brezny | None
Jessica | None
Nicole | None
Tom | None
Wade | None
Cami | None
Eevan | None
Katherine | None
Kelly | None
Adam | None
Claudia | None
Jillian | None
Jennifer | None
Karen | None
Michael | None
Dominic | None
James | None
Matt | None
Alfie | None
Kate | None
Elvis | None
Kristi | None
Giselle | None
Valerie | None
Curtis | None
Allie | None
George | None
Scott | None
Nicholas | None
Crystal | None
Brian | None
Adam | None
Keith | None
Tonio | None
Jennifer | None
Jared | None
Clarissa | None
Alyssa | None
Daniele | None
Dauro | None
Anita | None
Kirsty | None
Kim | None
Weiyi | None
Christopher | None
Adam | None
Ashley | None
Emily | None
Philip | None
Hannah | None
Imad | None
Manu | None
Rob | None
Teni | None
Jordan | None
Ricardo | None
Nirav | None
David | None
Aldo | None
Vicky | None
Henry | None
Lisa | None
Rosalba | None
Jenn | None
Kate | None
Ashley | None
Brian | None
Matt | None
Meg | None
Nick | None
Justin | None
Erin | None
Renata | None
Janora | None
Anand | None
Lindsay | None
Rose | None
Cori | None
Aidan | None
Sam | None
Danny | None
Leah | None
James | None
François | None
Evan | None
Paul | None
Maggie | None
Kimberly | None
Daphne | None
Molly | None
Rosa | None
Christopher | None
Brandon | None
morning | None
morning | None
morning | None
morning | None
morning | None
morning | None
morning | None
morning | None
morning | None
morning | None
morning | None
morning | None
morning | None
morning | None
morning | None
Jonathan | None
Justin | None
Haylee | None
Bethany | None
Avery | None
Lindsy | None
Michael | None
Masha | None
Josh | None
Kristina | None
Nari | None
Amanda | None
Missy | None
Kayla | None
Suz | None
Chris | None
Kelli | None
Spencer | None
Leonardo | None
Kevin | None
Mary | None
Libby | None
Byron | None
Leigh-Wallace | None
Keith | None
Kelie | None
Ali | None
Kinsey | None
Lauren | None
Jane | None
Kristen | None
Hepciba | None
Kersey | None
Natasha | None
Hope | None
Erinn | None
Yshi | None
Everett | None
Lara | None
Alonya | None
Martina | None
Maria | None
Aleanna | None
Gabrielle | None
morning | None
Brittany | None
Austin | None
Michelle | None
Cara | None
Indrani | None
Susan | None
Stephen | None
Kimberly | None
Bill | None
Brad | None
Brandon | None
Robert | None
Elisabeth | None
Meredith | None
Haley | None
Aviva | None
morning | None
Aaron | None
Darren | None
Katarzyna | None
Anisha | None
Deshon | None
John | None
Geoff | None
Allison | None
Vickie | None
Maureen | None
Ayden | None
Sasha | None
Joselito | None
Yas | None
Lauren | None
Keith | None
Catherine | None
Michael | None
Lawrence | None
Shubham | None
Audrey | None
Vishakha | None
Casey | None
Mirna | None
Anita | None
Rohan | None
Sarah | None
Johanna | None
Brandon | None
Andrew | None
Michael | None
Dan | None
Rudny | None
Sheila | None
Adeel | None
Brigid | None
Matthew | None
Oscar | None
Tsugumi | None
Aleksa | None
Nico | None
Monica | None
Joanna | None
Mayaka | None
My | None
Satarupa | None
Kourtney | None
Nidhi | None
Salman | None
Raymond | None
Olivia | None
Lindsay | None
Jorge | None
Steve | None
John | None
Dawn | None
Dusty | None
Kris | None
M | None
Clare | None
David | None
Zan | None
Adrian | None
Robert | None
Mike | None
Paul | None
Nichola | None
Ivor | None
Chad | None
JOHANNA | None
Paula | None
Larry | None
Ujjwal | None
Jadyn | None
Taylor | None
Angie | None
Ekim | None
Paul | None
Amanda | None
Brendon | None
Riju | None
Adam | None
Martin | None
Joy | None
Azeem | None
Stephanie | None
Mohamed | None
Elissa | None
Jeff | None
James | None
Nassir | None
Niall | None
Chayan | None
Aileen | None
Betsy | None
Martin | None
Hannah | None
Ethan | None
Kemi | None
Jane | None
David | None
Manisha | None
Annette | None
Jonathan | None
Kevin | None
Joseph | None
Justin | None
Grayson | None
Usman | None
Rene | None
Quincy | None
Rudolf | None
Juan | None
Ebony | None
Alex | None
Justin | None
Vasili | None
Kelvin | None
Paul | None
Alee | None
Vincent | None
Aaron | None
Dermot | None
Paul | None
Brian | None
Sean | None
Fearghal | None
Annemarie | None
Vinay | None
Ebrahim | None
Phil | None
Tiarnán | None
Samim | None
Mart | None
Ebenezer | None
Nicole | None
Mark | None
Mohammed | None
Wendelle | None
Luis | None
Jonathan | None
Tariq | None
Mason | None
Laron | None
Robyn | None
Thomas | None
Philip | None
Mamadou | None
Hemanth | None
Saul | None
Caitlin | None
Ryno | None
Florin-Daniel | None
Kai | None
James | None
Hrvoje | None
Lindsay | None
Tyson | None
Kathryn | None
Becky | None
Marcos | None
David | None
Nishank | None
Nandakumar | None
Hector | None
Trevor | None
Stephen | None
Mark | None
Phil | None
Aaron | None
Edna | None
Catherine | None
Zoe | None
Terence | None
Johnathan | None
Amy | None
Julia | None
Tracey | None
Emily | None
Fredrick | None
Simon | None
Nathan | None
Nate | None
Kellye | None
Brandon | None
Robert | None
Kirstie | None
Julia | None
Jennifer | None
Olivia | None
Sarah | None
Gabriela | None
Nikki | None
Missy | None
Sarah | None
Christopher | None
Jen | None
Chesney | None
Leanne | None
Ellen | None
Alianna | None
Nicole | None
Victoria | None
Bella | None
Kaylee | None
Victor | None
Jason | None
Maya | None
Rashida | None
Christina | None
Samuel | None
morning | None
morning | None
Thomas | None
Bonnie | None
Phil | None
Svetlana | None
Dianka | None
Sophia | None
Elvis | None
Jose | None
Inbar | None
Amelia | None
Kevin | None
Stuart | None
Callum | None
Callam | None
Vincent | None
Megan | None
Davey | None
Courtney | None
Mini | None
Jessica | None
Mary | None
Steve | None
James | None
Gwynne | None
Nick | None
Brad | None
Ted | None
Ricky | None
John | None
Megha | None
Mary | None
Siya | None
Adam | None
Maggie | None
Ioannis | None
David | None
Antonio | None
Crystal | None
Jeanne | None
Nika | None
Samantha | None
Antonio | None
Dave | None
Jeanne | None
Mike | None
Noah | None
Nika | None
Samantha | None
Christopher | None
Holli | None
Brandy | None
Chris | None
Luke | None
Chelsea | None
Bekim | None
Alexandra | None
Jared | None
Thao | None
Taylor | None
Aaron | None
David | None
Allison | None
Kylie | None
Ashley | None
Kelley | None
Alison | None
Ericka | None
Holly | None
Stephen | None
Adriana | None
Bradley | None
Mary | None
Abs | None
Tom | None
Bryant | None
Nubia | None
Vincent | None
Mary | None
Kristen | None
Yves-Laurent | None
Traci | None
Daniel | None
Linda | None
Nkalipho | None
Albert | None
Paritosh | None
Mark | None
Lisa | None
Ridda | None
Amy | None
Alisha | None
Gabriela | None
Chris | None
Ligia | None
Chris | None
Hunter | None
Emily | None
Josh | None
Erin | None
Kevin | None
Dean | None
Alex | None
Megha | None
John | None
Jesus | None
Ken | None
Ashley | None
Nick | None
Bryan | None
Eric | None
Bonnie | None
Scott | None
Billy | None
Waqas | None
Joe | None
James | None
Lauren | None
Hi | None
michelle | None
Mishal | None
Elbert | None
Wendy | None
Arnoldo | None
Chanayle | None
Gayatri | None
Kurt | None
Sikander | None
Spencer | None
Steve | None
William | None
Nicole | None
Dawn | None
Mike | None
Britton | None
Dom | None
Debby | None
Juliana | None
Marissa | None
Michaela | None
Erik | None
Laura | None
Kochi | None
Robert | None
Chad | None
Hiram | None
Anthony | None
Jack | None
Dana | None
Hi | None
Daisy | None
Gianna | None
Travis | None
Jim | None
Juan | None
Sai | None
Michelle | None
Molly | None
Gretchen | None
Sarah | None
Angelia | None
Kendra | None
Martine | None
Jason | None
Kaylee | None
Jay | None
Syed | None
Sheena | None
Mary | None
Kareli | None
Nick | None
Joan | None
Rudolf | None
Claire | None
Camerin | None
Micky | None
Ron | None
joel | None
Asved | None
Kimberly | None
Bret | None
Rachel | None
Mike | None
Richard | None
Greg | None
Riya | None
Chevon | None
Theo | None
Kevin | None
Ian | None
Samson | None
Ryan | None
Parker | None
Justin | None
Deepak | None
Steven | None
Brad | None
Rosa | None
Jacqueline | None
George | None
Kamal | None
Nicholas | None
Benjamin | None
Nick | None
Chris | None
Maia | None
Teresa | None
morning | None
Maddie | None
Mirian | None
Emily | None
Kristina | None
Steven | None
Joseph | None
Dirk | None
Frederic | None
Keith | None
Robb | None
David | None
Omar | None
Arjan | None
Loren | None
Keith | None
Scott | None
William | None
Yulio | None
Ash | None
Dave | None
Jennifer | None
Baili | None
Nathan | None
Rebecca | None
Angela | None
Krishna | None
Matthew | None
Eric | None
Martin | None
Chad | None
Gabriel | None
Doug | None
Trevor | None
Vaithinathan | None
Kevin | None
Ravikanth | None
Micah | None
Preety | None
Presley | None
Matthew | None
Nora | None
Noah | None
Ashley | None
Alex | None
Connor | None
Manuel | None
Edward | None
Kyle | None
Ben | None
Ali | None
Mark | None
Tim | None
Tanmay | None
Drew | None
Nikolette | None
Andrew | None
Jen | None
Miles | None
Gabriel | None
Paddy | None
Daniel | None
Adam | None
Trish | None
Sarah | None
Julie | None
Joshua | None
Michael | None
Emily | None
Abraham | None
Taylor | None
Josh | None
Brittany | None
Lauren | None
Rahnisha | None
Vedrana | None
janelle | None
Jana | None
Alexis | None
Amanda | None
Ryan | None
Hannah | None
Ankur | None
Dan | None
Claire | None
Jay | None
Pam | None
Yashwanth | None
Bradley | None
Tapsi | None
Carinna | None
Veda | None
Oriana | None
Matthew | None
Faith | None
Paul | None
Pradeep | None
Shelby | None
Scott | None
Nicholas | None
Alexandria | None
Michael | None
Jennifer | None
Stacey | None
Ajinkya | None
Shawn | None
Scott | None
Sitha | None
Chip | None
Rishabh | None
Abid | None
David | None
Miguel | None
Jonathan | None
Gene | None
Emil | None
Laurence | None
James | None
Andrew | None
Dean | None
Andy | None
Gaurav | None
Sharbani | None
Renate | None
Xavier | None
Ross | None
HERNAN | None
Liam | None
David | None
Randy | None
Robert | None
Dan | None
TJ | None
Deepak | None
Marina | None
Anthony | None
Parina | None
Laurel | None
Aleksandra | None
Sherif | None
Kirstie | None
Bryan | None
Katie | None
Maham | None
Beth | None
Ashley | None
Elias | None
Kevin | None
Aira | None
jerry | None
Debbie | None
Phoebe | None
Ben | None
Michael | None
Ryan | None
Sarah | None
Daniel | None
Lenora | None
Aseel | None
Abby | None
Stuart | None
Mary | None
James | None
Krishna | None
Judy | None
Kendall | None
Jill | None
Devin | None
Peter | None
Neil | None
Ryan | None
Paul | None
morning | None
Steve | None
Kent | None
Jens | None
John | None
Daniel | None
Caden | None
Prachi | None
Charles | None
Aaron | None
Alex | None
Dan | None
Jeff | None
Adil | None
Kumaren | None
morning | None
Bob | None
Cailey | None
Mike | None
Nichola | None
Olivia | None
Laurell | None
Marco | None
Stephanie | None
Claire | None
Dawn | None
Natasha | None
Claire | None
Hayley | None
Khuram | None
Jennifer | None
Rich | None
Chip | None
Jim | None
Danny | None
Sarah | None
Kristel | None
Jason | None
luke | None
Bridget | None
Ketan | None
Alyssa | None
In | None
Leonardo | None
Eric | None
Bob | None
Tony | None
Mercy | None
Jodi | None
Tim | None
Marcus | None
Randy | None
Amy | None
Geoffrey | None
Christina | None
Alexandria | None
Jeff | None
Laura | None
Teresa | None
Zack | None
Tamara | None
Anne | None
Mihir | None
Juan | None
James | None
Jaime | None
Soo | None
Vanessa | None
Raffael | None
Randy | None
Paul | None
James | None
Jim | None
Les | None
Sean | None
Angel | None
Vince | None
Henry | None
Holly | None
Theresa | None
Eva | None
Lester | None
Olivia | None
Willow | None
Sony | None
Lori | None
Mijung | None
Kee | None
Hanna | None
Nidhi | None
Damien | None
Kira | None
Robert | None
Waqas | None
Grigor | None
Levani | None
Krzysztof | None
Yura | None
Zhaneta | None
Anahit | None
Giorgi | None
Soso | None
Valentina | None
Chris | None
Emily | None
Ani | None
Nenad | None
Lidia | None
Mikheil | None
Neha | None
Fiona | None
Niko | None
Marcin | None
Elena | None
Alexandra | None
Sophie | None
Melanya | None
Brianna | None
Stacey | None
Tyler | None
Morgan | None
Brian | None
Ahmad | None
Jennifer | None
Maggie | None
Heather | None
Jesica | None
Jenifer | None
Leo | None
Kristin | None
George | None
Lindsey | None
Dawn | None
Jennifer | None
Donna | None
Leslie | None
Marion | None
Kim | None
Lauren | None
Shay | None
Erin | None
Emily | None
Kristy | None
Tim | None
Tim | None
Dragan | None
Jim | None
Brandon | None
Cory | None
Tony | None
Bryant | None
Jon | None
Richard | None
Sabrina | None
Michael | None
Jeebak | None
Alyssa | None
Louis | None
Olivia | None
Kevin | None
MacLaine | None
Blake | None
Matt | None
Muhammed | None
Kevin | None
Jonathan | None
John | None
Shawn | None
Nathan | None
Brian | None
Anbazhagan | None
Michael | None
Jordan | None
Gavriel | None
Yogesh | None
Paulina | None
William | None
Sameer | None
Dan | None
Doug | None
Bhavin | None
Austin | None
Annie | None
Nick | None
Sean | None
Elliot | None
Al | None
Ryan | None
Natalie | None
Michelle | None
Harry | None
Sherri | None
Akshay | None
Divya | None
Stephen | None
Jamie | None
Matteo | None
Irakli | None
Kevin | None
Andrea | None
Jessica | None
Kayla | None
Dana | None
Marcel | None
Kevin | None
Sharon | None
Sidorela | None
Sandra | None
Miranda | None
Janel | None
Celeto | None
Steve | None
Albert | None
Islamiyat | None
Danielle | None
Khine | None
Tom | None
Deidre | None
Naga | None
Dante | None
Cora | None
Drew | None
Shawn | None
Zana | None
Davin | None
Jon | None
Tobias | None
Tim | None
Selwyn | None
Holly | None
Kevin | None
Nicole | None
John | None
Priya | None
Arsenial | None
Sarah | None
Whitney | None
Loilette | None
Robert | None
Karisa | None
Scott | None
Torre | None
Sam | None
Robert | None
Alexandria | None
yolanda | None
Curtis | None
Traketa | None
Arinze | None
Brendan | None
Raj | None
Ovsana | None
Adam | None
Kim | None
Ealia | None
Anu | None
Krystin | None
Sarah | None
Stephanie | None
Mathieu | None
Frederick | None
John | None
Pol | None
Robin | None
Riley | None
Stanly | None
Jade | None
Adeel | None
Anthony | None
David | None
Ahmad | None
Samer | None
Nicholas | None
Scott | None
Nilesh | None
Sumit | None
Jim | None
Schenukia | None
Alecia | None
Jigna | None
Steven | None
Alicia | None
Lina | None
Joseph | None
Kelly | None
William | None
Markell | None
Norman | None
Eric | None
Donovan | None
Kevin | None
Mamoudou | None
Michael | None
Glenn | None
Andrew | None
Shirley | None
Gary | None
John | None
Michael | None
Chloe | None
Jamie | None
Larry | None
LeeZa | None
Perry | None
Robert | None
Nisha | None
Jenna | None
Rachel | None
Sim | None
Oagiloe | None
Karen | None
Karen | None
Tyler | None
Benjamin | None
Julie | None
Jordan | None
Henry | None
Benjamin | None
Andrew | None
Kim | None
Mike | None
Terry | None
Jane | None
Collin | None
Lewis | None
Angela | None
Jeff | None
Raji | None
Shahleem | None
Hunter | None
Jeff | None
Mohamed | None
Chris | None
Rey | None
Sam | None
Jacob | None
Jackie | None
Rhona | None
Christopher | None
Jeff | None
North | None
Vincent | None
Jamie | None
Jeff | None
Mark | None
Sarah | None
RYAN | None
Todd | None
Jeremy | None
Dan | None
Mahesh | None
Aaron | None
Rhiannon | None
Meg | None
Rajul | None
Angela | None
Theo | None
Darren | None
Aminah | None
Shari | None
Chris | None
Arden | None
Holly | None
Alex | None
Matthew | None
Ziad | None
Esteban | None
Gina | None
Mason | None
Samia | None
Jessica | None
Laurie | None
Yosuke | None
Ray | None
Takumi | None
Tamako | None
Tsuyoshi | None
Masayo | None
Kenichi | None
Shinsuke | None
Alessandra | None
Mike | None
Stephanie | None
Ray | None
André | None
Ryan | None
Jorge | None
Keith | None
Jonas | None
Nicole | None
Jason | None
Mohamad | None
Judit | None
Melina | None
Oleksandr | None
Sebastián | None
Bohdan | None
Nancy | None
Ahmad | None
Wilfer | None
Eduards | None
Natasha | None
Cesia | None
Naïs | None
Nastasja | None
Peter | None
Harmanpreet | None
Yusuke | None
Tom | None
Yuta | None
Taku | None
Imran | None
Christina | None
Qasem | None
Lombard | None
Jason | None
Moe | None
Porscha | None
Belen | None
Herissa | None
Sheri | None
Aubrey | None
Jennifer | None
Jon | None
Robert | None
Karen | None
Rodrigo | None
Lewis | None
Johan | None
Stephen | None
Jacob | None
Modinat | None
Karthik | None
Jonathan | None
Michelle | None
Silver | None
Kais | None
Issei | None
Paula | None
Heather | None
Raleigh | None
Tobi | None
Osarenren | None
Niharika | None
Steve | None
Judy | None
bamidele | None
Richard | None
Kevin | None
Manish | None
Lorraine | None
Parmvir | None
Ronel | None
Stacey | None
Tony | None
Jacque | None
Wayne | None
Daniel | None
Amira | None
Munther | None
Hitomi | None
Sean | None
Sona | None
Himanshu | None
Cynthia | None
Madison | None
Israel | None
Reji | None
Avery | None
John | None
Ulrich | None
Mike | None
Peter | None
Bill | None
Kevin | None
Erik | None
Daniel | None
Ivan | None
Konstantin | None
Eva | None
Catalina | None
Cesar | None
Kelly | None
Aladin | None
Mursalin | None
Kevin | None
Beth | None
Venkatesh | None
Pradeep | None
William | None
Jake | None
Eden | None
Matt | None
Jez | None
Bethany | None
Dan | None
Michal | None
Nicholas | None
Jane | None
Hayley | None
Gregory | None
James | None
Samuel | None
Joseph | None
Daniel | None
Gaby | None
Matt | None
Joyce | None
Max | None
Eric | None
Eric | None
Kien | None
Marie | None
Abdalla | None
Gerret | None
Benjamin | None
NORMETHA | None
William | None
Sana | None
Sri | None
Cecil | None
Donna | None
Alexandra | None
Velma | None
Jayme | None
Sarah | None
Eric | None
Simon | None
Oliver | None
Bonolo | None
Vandana | None
Benjamin | None
Tlomatsana | None
Blair | None
Johnathan | None
John | None
Chidambar | None
Rob | None
Beula | None
Jake | None
William | None
Marina | None
Geoff | None
Jack | None
Samuel | None
Sumanth | None
ryan | None
Joseph | None
Chris | None
Scott | None
Kevon | None
Wheeler | None
Kate | None
Christina | None
Jig | None
Tammy | None
Regina | None
Ruth | None
Eduardo | None
LaWanda | None
Robert | None
Ryan | None
Jacob | None
David | None
Andrea | None
Lauren | None
Will | None
Christa | None
Archie | None
Catherine | None
Lina | None
Chris | None
Farhasadab | None
Alexis | None
Muzammil | None
Deidra | None
Nicole | None
April | None
Alexandra | None
Benedicte | None
Carlos | None
Eric | None
Michael | None
Andrew | None
Kyle | None
Amber | None
Barbara | None
Haythem | None
Nathaniel | None
Sameer | None
Nick | None
Nikeita | None
Tony | None
Siemen | None
Amber | None
Faisal | None
Aishwarya | None
Dylan | None
Yolanda | None
Addison | None
Alexandra | None
Alex | None
Kris | None
Rémi | None
Joppe | None
Helen | None
Erik | None
Adrien | None
Raphaël | None
Leen | None
Mehdi | None
Jeroen | None
Marcin | None
Kim | None
Patrick | None
Steven | None
Ilse | None
David | None
Ramon | None
Donna | None
Glenn | None
Joshua | None
Sahmin | None
Jamal | None
Van | None
Marat | None
Christopher | None
Anoop | None
Kelly | None
KC | None
Nelson | None
Adnan | None
Behzad | None
Nick | None
Gavin | None
Michele | None
James | None
Lisa | None
Josh | None
Col | None
Jonathan | None
Julie | None
Neil | None
Liz | None
Matthew | None
Parthiban | None
Rajesh | None
Igor | None
Can | None
Abrahamizic | None
Tyler | None
Andrew | None
Ashish | None
Kirk | None
Cecile | None
Tim | None
Paul | None
Kris | None
Danielle | None
Terri | None
Eileen | None
Chelsey | None
Nicholas | None
Bryan | None
Johnna | None
Mackenzie | None
Karen | None
Bageru | None
Robin | None
Pat | None
Andrew | None
Sopagna | None
Ann | None
Sunny | None
Gary | None
Matt | None
Roy | None
Alan | None
Brian | None
Desa | None
Sudheer | None
Jason | None
Dave | None
Anne-Laurence | None
Joe | None
Carol | None
Tom | None
Hans | None
Drew | None
Grigory | None
Erin | None
Madeleine | None
Ryan | None
Alejandra | None
Samantha | None
Eric | None
Deeksha | None
Charles | None
Sindhura | None
Garry | None
Prabhu | None
Kelsey | None
Raven | None
Rachel | None
Eddy | None
Jonathan | None
Chloe | None
Lianna | None
Ali | None
Jacob | None
Brandon | None
Kristen | None
Deb | None
Tonya | None
Angelia | None
Michael | None
Kerri | None
Pete | None
Jose | None
Deepu | None
Shreyash | None
Rishap | None
Aditi | None
Tarang | None
Kelly | None
Yvette | None
Sarah | None
Rachel | None
Jaclyn | None
Cristian | None
Jayson | None
Yasmin | None
Traci | None
FELICIA | None
Evan | None
Mikaylah | None
Paula | None
Josh | None
Elgin | None
Janine | None
Laura | None
Jacquelynn | None
Quyen | None
Alan | None
Peter | None
David | None
Janice | None
John | None
Jose | None
Franchesca | None
Amy | None
Adnan | None
Oliver | None
Zahir | None
Alvin | None
Lindsay | None
Estelle | None
Summer | None
Leigh | None
Stefanie | None
Liz | None
Shawn | None
Seiji | None
Christian | None
Cole | None
John | None
Aaron | None
Sarah | None
Antonios | None
Ghada | None
Amira | None
Aaron | None
Sherry | None
Md | None
Philippe | None
Zawad | None
Queen | None
Amanda | None
Thanh | None
Danielle | None
Anna | None
Hyo | None
Kate | None
Monika | None
Ling | None
Maria | None
David | None
Karen | None
Richard | None
Valerie | None
Pamela | None
Graeme | None
Mansi | None
David | None
Cheryl | None
Ellen | None
Alice | None
Delaney | None
Kathy | None
Vivian | None
Sarem | None
Millicent | None
Jeff | None
Joe | None
Marsha | None
Angely | None
Marie | None
SARAVANA | None
Marc | None
Necati | None
Ari | None
Diane | None
Denise | None
Anisha | None
Kevin | None
Archana | None
Tina | None
Erica | None
Christina | None
Michael | None
Tina | None
Erica | None
Wendi | None
Debra | None
Jeff | None
Sara | None
Maria | None
Drew | None
Julia | None
Mike | None
Karla | None
Jessica | None
Allen | None
Jordan | None
Paul | None
Matt | None
Lindsay | None
James | None
Steve | None
Cassidy | None
Clayton | None
Martin | None
Mackenzie | None
S. | None
Christopher | None
Alvin | None
Zachary | None
Tae | None
Nikolaus | None
Joe | None
Lexie | None
Carmen | None
Ronnie | None
Lana | None
Nate | None
Olivia | None
Milton | None
Scott | None
Josh | None
Alexander | None
Simone | None
Gordon | None
William | None
Siri | None
Mohamed | None
Ameer | None
Jason | None
Brianna | None
Ann | None
Lily | None
Park | None
Jesse | None
Michael | None
James | None
James | None
Faren | None
Lauren | None
Nickolas | None
Dell | None
Detrich | None
Mel | None
J. | None
Justin | None
Taylor | None
Dianna | None
Zach | None
Florido | None
Gary | None
Giles | None
Hannah | None
Harold | None
Heather | None
Team | None
Henry | None
Holli | None
Hiring | None
Hiring | None
Garette | None
Hiring | None
Hiring | None
Hiring | None
Hiring | None
huw | None
Heema | None
Team | None
Team | None
Team | None
Hiring | None
Team | None
Hiring | None
Team | None
Frank | None
Emily | None
Dia | None
Dona | None
Nicole | None
Melissa | None
DANA | None
Dunja | None
Edie | None
Team | None
Edvin | None
JULIUS | None
Eunice | None
Juliana | None
Aaron | None
Alexis | None
Gail | None
Edwin | None
Elani | None
Elizabeth | None
Emily | None
Emily | None
Recruiting | None
Eric | None
Judy | None
Irina | None
Isaac | None
Christopher | None
John | None
John | None
John | None
Jonathan | None
James | None
James | None
Juan | None
Judy | None
Judy | None
Kim | None
Hiring | None
Kamen | None
Katherine | None
Kaye | None
Kaden | None
Kelly | None
Kelly | None
Kristin | None
Kristina | None
Kristina | None
Kenny | None
Lael | None
Karen | None
Hiring | None
Hiring | None
Hiring | None
Ignacio | None
Joshua | None
Jacquilyn | None
Jade | None
Jaime | None
James | None
Jamie | None
Jamie | None
Janie | None
Jason | None
Jay | None
Jayarani | None
Jeffrey | None
kevin | None
Jacob | None
Jeffrey | None
Jehan | None
Jerry | None
Jessica | None
Jim | None
Jessica | None
Jose | None
Hiring | None
Denise | None
Debra | None
Deanna | None
Darold | None
Rajkumar | None
Zachary | None
Daniel | None
Jonathan | None
William | None
Sharon | None
Mary | None
Hiring | None
Wendy | None
Abby | None
Timothy | None
Hiring | None
Adam | None
Adam | None
Anjanette | None
Admin | None
Abi | None
Alena | None
Alex | None
Alex | None
Alireza | None
Abigail | None
Emma | None
Anastasiia | None
Kevin | None
Steve | None
Bradley | None
Jeffrey | None
Nathan | None
Elizabeth | None
Ron | None
Luthfan | None
Veronika | None
Aaron | None
Cameron | None
Kris | None
Jeremy | None
Grant | None
Adam | None
Joel | None
James | None
Dan | None
Stephen | None
Andrew | None
Brenden | None
Jason | None
B.J. | None
Alexis | None
Ayyapa | None
Larry | None
Amanda | None
Andy | None
Chris | None
Candice | None
Chuck | None
Chey | None
Chris | None
Christina | None
Christopher | None
Christine | None
Claire | None
Clark | None
Carsun | None
Chris | None
Team | None
Eniom | None
Contact | None
Craig | None
Christopher | None
Cinamon | None
Dan | None
Da | None
David | None
Dawn | None
Colin | None
Carol | None
Carmela | None
Hiring | None
Angelique | None
Angie | None
Anne | None
Anthony | None
Anthony | None
Austin | None
Alisha | None
Ashley | None
Ashtin | None
Amanda | None
Hiring | None
Bruce | None
Blessing | None
Brandan | None
Brandi | None
Brandon | None
Brian | None
Bryan | None
Biao | None
Hiring | None
Hiring | None
Recruiters | None
Amberly | None
Cheyenne | None
Laura | None
Laura | None
Marc | None
David | None
Stella | None
Jennifer | None
Merry | None
Andrew | None
Amelia | None
Ihor | None
Ross | None
Pete | None
Jenny | None
Jenna | None
Rick | None
John | None
George | None
Avishaan | None
Igor | None
Brigham | None
RJ | None
Jose-Miguel | None
Rachel | None
Grant | None
Kristin | None
Robin | None
Natalie | None
Michel | None
Karel | None
Renato | None
Douglas | None
Wilson | None
Agustin | None
Marcos | None
Jean | None
Asfandyar | None
André | None
Alex | None
Ruben | None
Vlad | None
Luiz | None
Eli | None
Danielle | None
Diego | None
Cassiano | None
Vlad | None
Thiago | None
Irving | None
Ricardo | None
Victor | None
Jhoni | None
Reagan | None
Agatha | None
Nick | None
James | None
Dave | None
William | None
Rod | None
Don | None
Jeremy | None
Sujan | None
Aaron | None
Tiago | None
Keith | None
Mike | None
Dave | None
Joe | None
Tony | None
Phil | None
Nick | None
J.D. | None
Kevin | None
Kiera | None
Lauren | None
Monica | None
Bryn | None
Tracey | None
Stephen | None
Tom | None
Jack | None
Matt | None
Carm | None
Derek | None
Holly | None
Nathan | None
Anthony | None
Tomer | None
Andrew | None
Laura | None
Manuela | None
Steven | None
Justin | None
Andrew | None
Daniil | None
Drew | None
Erin | None
Peter | None
John | None
Edie | None
Mark | None
Alfred | None
Matt | None
James | None
Francisca | None
Guilherme | None
Simrat | None
LEONARDO | None
Nicholas | None
Neil | None
Nick | None
Nicolas | None
Nicole | None
Nicole | None
Nicole | None
Nicole | None
Nidhi | None
obiora | None
Nathan | None
Olga | None
Patty | None
Pete | None
Peter | None
Petra | None
Quin | None
Rachel | None
Recruiters | None
recruiters | None
Reggie | None
Reginald | None
Patrick | None
Miguel | None
mabel | None
Matt | None
Layden | None
Leticia | None
Leticia | None
Liam | None
Lindsey | None
Laurel | None
Lyndesy | None
Marcus | None
Marcus | None
Mark | None
Mark | None
Marlin | None
Marta | None
Mary | None
Matt | None
Matthew | None
Matthew | None
Melissa | None
Meredith | None
Mike | None
Michael | None
Misty | None
Michael | None
Recruiters | None
Laura | None
rey | None
Richard | None
samuel | None
susan | None
Tabitha | None
Tami | None
Tanika | None
Teri | None
Thomas | None
Tom | None
Trent | None
Trevor | None
Hiring | None
Ted | None
Vivien | None
William | None
Winston | None
Wisdom | None
Wes | None
Xan | None
Yulia | None
Zatorrius | None
Isaiah | None
Nicholas | None
Vanessa | None
Team | None
Steven | None
Scott | None
Rick | None
Rob | None
Robyn | None
Ron | None
Ron | None
Rafael | None
Rex | None
Scarlett | None
sabrina | None
Sacha | None
Sunny | None
Sal | None
Sammi | None
Sarah | None
Scott | None
Sam | None
Samson | None
Shawna | None
Sherri | None
Sholonde | None
Shonda | None
Shelene | None
Ryan | None
Nilay | None
Dave | None
Chris | None
James | None
Max | None
Mark | None
Megan | None
Katherine | None
Wendy | None
Steve | None
Quincey | None
Marcus | None
Jeff | None
Yuriy | None
Anthony | None
Zach | None
Ken | None
Adi | None
Dachuan | None
Scott | None
Jakim | None
Justin | None
Will | None
Kimberly | None
Jill | None
Michael | None
Avni | None
Amara | None
Jose | None
Robbie | None
Sergio | None
Haley | None
Songqi | None
Dave | None
Garrett | None
Lisa | None
Patrick | None
Rochelle | None
Muaz | None
Gaby | None
Noah | None
Yevgeny | None
Dylan | None
Stephen | None
Francisco | None
Alexander | None
Matthew | None
Kathleen | None
William | None
Daniel | None
Cody | None
Brent | None
Tanya | None
Angie | None
Ivan | None
Erin | None
Laura | None
Kaitlin | None
Nicholas | None
Symphony | None
Kali | None
Brad | None
Nicole | None
Robert | None
Alana | None
Jon | None
Angie | None
Jenna | None
Thanh | None
Klara | None
Emad | None
Kam | None
Alyssa | None
Melissa | None
Ivan | None
Catalina | None
Jhoanna | None
Reza | None
Genevieve | None
Brooke | None
Lori | None
Sharon | None
Jennifer | None
Snehal | None
Ian | None
Jeff | None
Michael | None
Richard | None
Shawn | None
Ross | None
Kevin | None
Patrick | None
Alla | None
Susan | None
François | None
Katherine | None
Charlie | None
Joel | None
Adrienne | None
Jamie | None
Christopher | None
William | None
Megan | None
Alexander | None
Mohammad | None
Ryan | None
Dev | None
Nacaine | None
Robert | None
Michael | None
Vivek | None
Luke | None
Aaron | None
Robb | None
Andy | None
Carmen | None
Mary | None
Axel | None
Shinjan | None
Kellie | None
Jessica | None
Cristina | None
Sandra | None
Latoya | None
Sandy | None
Wayne | None
Allyn | None
Jordan | None
Jessica | None
Kiley | None
Rocio | None
Sven | None
Erika | None
Elaine | None
Curtis | None
Monisha | None
Kurt | None
Amy | None
JonPaul | None
Satish | None
Katie | None
Niz | None
Jelena | None
Soraya | None
Paul | None
Peggy | None
Philip | None
Bryan | None
Jonathan | None
Matthew | None
Ethan | None
Angela | None
Kathleen | None
Karl | None
Shesha | None
Patrick | None
Perry | None
Nancy | None
Bryan | None
Maricruz | None
Thomas | None
Magda | None
Katarzyna | None
Nick | None
Seetha | None
Karolina | None
Izet | None
Paulina | None
Wojciech | None
Brian | None
Beata | None
Yanicia | None
Mike | None
Victoria | None
Natasha | None
Katarzyna | None
Dana | None
Eric | None
Kaylan | None
Stacia | None
Anna | None
Thaysnara | None
Sarah | None
Paulina | None
Tyler | None
Sarah | None
Suparna | None
Bridget | None
Emily | None
Sarah | None
Mark | None
Alyssa | None
Christina | None
Jessica | None
Alexis | None
Lucille | None
Adam | None
Devanshi | None
Anne-Marie | None
Courtney | None
Christopher | None
Michael | None
Paulina | None
Jeff | None
Julia | None
Grzegorz | None
Angela | None
Jeffrey | None
Nick | None
Kevin | None
Nicole | None
Philip | None
Kate | None
Ann | None
Daniel | None
Serene | None
George | None
Ellé | None
Choon | None
Premjit | None
Frank | None
Lori | None
Recruitment | None
Dipti | None
Francesca | None
Rebecca | None
Tommy | None
Ruth | None
Nicolas | None
Nick | None
Florence | None
Laura | None
Edward | None
Joe | None
mathewe | None
Josh | None
BJ | None
Radhika | None
Elodie | None
Marc | None
Austin | None
William | None
Ayden | None
Renzcy | None
Olivia | None
Kay | None
Bernhard | None
Kirsty | None
Yashar | None
Jack | None
Olly | None
Debbie | None
Lisamarie | None
Luke | None
Zane | None
Matthew | None
Charlotte | None
Sam | None
Walter | None
Katy | None
Weng | None
Rob | None
Katie | None
Peter | None
Andrew | None
Mitch | None
Merita | None
Johanna | None
Alec | None
Carl | None
Christina | None
Dan | None
Demitrious | None
Emily | None
Nicholas | None
Samantha | None
Kady | None
Thomas | None
Christopher | None
Timothy | None
Keir | None
Lucas | None
Melody | None
Andrew | None
Caity | None
Benjamin | None
Eric | None
Mitchell | None
Colby | None
Derek | None
Amy | None
Kit | None
Daniel | None
Michael | None
Joe | None
Emily | None
Linda | None
Samira | None
Hannah | None
Austin | None
Mike | None
Vanessa | None
Brian | None
Megan | None
Natalie | None
Stephanie | None
Kaleb | None
Hailey | None
Morgan | None
Ishrat | None
Samineh | None
Andrew | None
Dalton | None
Kristin | None
Chris | None
Kate | None
Xuan | None
James | None
Maria | None
Tom | None
Jessica | None
Margaux | None
Nicole | None
Satavia | None
Carly | None
Vanessa | None
David | None
Brad | None
Matthew | None
Emily | None
Katie | None
Alex | None
Lindsay | None
Clinton | None
Starrie | None
Wendy | None
Heather | None
Ash | None
Gareth | None
Linda | None
Zane | None
Adam | None
Kylan | None
warda | None
Adam | None
Josefina | None
Kelsey | None
Sydnee | None
Cecilia | None
Madison | None
Jessica | None
Hannah | None
Tobin | None
Veronica | None
Caitlin | None
Katie | None
Bek | None
Ann | None
Robert | None
Jill | None
Neal | None
Eric | None
Jonathan | None
Yousuf | None
Miguel | None
Jessica | None
Charles | None
Mike | None
Stephanie | None
Diana | None
Anna | None
Jillian | None
Oliver | None
Hamish | None
Leon | None
Bridegette | None
Oliver | None
Ranveer | None
Ben | None
PuiPing | None
F | None
Pasindu | None
James | None
Gayle | None
Tristan | None
Brook | None
Theo | None
Adam | None
Carl | None
Charlotte | None
Candy | None
Tia | None
Emilly | None
Paul | None
Amie | None
Francis | None
Shenay | None
Insung | None
Nicole | None
Hugh | None
Nick | None
Will | None
Tessa | None
Sarah | None
Christian | None
David | None
Marcus | None
Tushar | None
Michelle | None
Nina | None
Spencer | None
Kortney | None
WanYun | None
Nick | None
Christopher | None
Adam | None
Andy | None
Hannah | None
Alison | None
Josh | None
Alicia | None
Katy | None
Pam | None
Ted | None
Heidi | None
Brenda | None
Natalie | None
Michelle | None
Kirsten | None
Sindia | None
Scott | None
Maria | None
William | None
Georgia | None
Gloria | None
Rick | None
Tyler | None
Andrew | None
Brent | None
Montassar | None
Scott | None
Lynn | None
Sara | None
Haley | None
Marianna | None
Dianne | None
Danielle | None
Sam | None
Brooke | None
Antonio | None
Terry | None
Silver | None
Adnan | None
Stephen | None
Beth | None
Ross | None
Prince | None
Gary | None
Bridget | None
Mark | None
Anna | None
Mathias | None
Adam | None
Arsenii | None
Lot | None
Shelby | None
Pedro | None
Safiatou | None
D | None
Sonia | None
Kay | None
Glen | None
Travis | None
Marek | None
Brittany | None
Sara | None
Antoine | None
Ryan | None
Supriya | None
Chris | None
Olivier | None
Anna | None
James | None
Ryan | None
Erin | None
Carlos | None
Jake | None
James | None
Kayalvizhi | None
Dovi | None
Shweta | None
Sharon | None
Justin | None
Jeff | None
Kenya | None
Riddhi | None
Sue | None
Christopher | None
Richard | None
William | None
Megan | None
Jacob | None
Danah | None
Amber | None
Devi | None
Vincent | None
Ronda | None
Katie | None
M. | None
Michelle | None
Dan | None
Lauren | None
Luca | None
Amy | None
Karen | None
Krissa | None
Courtney | None
Gabrielle | None
Miller | None
Dawn | None
Brian | None
Brent | None
Jennifer | None
Halim | None
Tony | None
Beth | None
Andres | None
Flora | None
Brian | None
Vanshraj | None
Claire | None
Mary | None
Claire | None
Emma | None
David | None
Emma | None
Alex | None
Emma | None
Melissa | None
John | None
Nicola | None
Sanaullah | None
Cheryl | None
Terri | None
Jaime | None
Mauricio | None
Laura | None
Klaire | None
Rebecca | None
Louise | None
Logan | None
Tim | None
Gemma | None
Louise | None
Matthew | None
Carl | None
Pedro | None
Juliana | None
Rick | None
MASK | None
Vicky | None
Caroline | None
Adrian | None
Isabel | None
Ronnie | None
Adriana | None
Kelly | None
Joao | None
Donna | None
Gillian | None
Ben | None
David | None
Sonja | None
Feliciano | None
Sandra | None
David | None
Izzy | None
Wei | None
Laura | None
Jack | None
Dawn | None
Bryan | None
Tim | None
Zelda | None
Aaron | None
Poonam | None
Valencia | None
Preston | None
Samantha | None
Edwin | None
Jenna | None
Jennifer | None
Douglas | None
Tony | None
Rob | None
Anthony | None
Marcus | None
John | None
John | None
Robert | None
Sam | None
Nitsa | None
Michele | None
Carl | None
Baktash | None
John | None
Sherry | None
Janice | None
Shelly | None
Vicki | None
Nick | None
Sarah | None
Jonathan | None
Eric | None
Jesse | None
Andrea | None
Jason | None
Nicholas | None
Shaun | None
Bruce | None
Pratiksha | None
Bruce | None
Richard | None
Tammie | None
Josie | None
Amanda | None
Giovanna | None
Magdalene | None
Caitlin | None
Josh | None
Chris | None
Nancy | None
Darren | None
Forood | None
Andrea | None
Michael | None
Dominika | None
Javier | None
Agata | None
Maciej | None
Roksana | None
Rudi | None
Marlena | None
Kaja | None
Justyna | None
Agnieszka | None
Luiza | None
Jolanta | None
Ewa | None
Marta | None
Ewa | None
Sevastian | None
Piotr | None
Malina | None
Natalia | None
Beata | None
Agata | None
Blanka | None
Jorge | None
Agnieszka | None
Wiktoria | None
Dr. | None
Reid | None
Florian | None
Brian | None
Esteban | None
Dylan | None
Lily | None
Gargi | None
Akhil | None
Suhani | None
Calbert | None
Bianca | None
Nicolas | None
Archie | None
Michael | None
Peter | None
Lauren | None
Jack | None
Michalina | None
Fco. | None
Ewa | None
Dominik | None
Kaja | None
Aaron | None
Joanna | None
Adrian | None
Magdalena | None
Jake | None
Mary | None
Dean | None
Nathan | None
Edwin | None
Daniel | None
Michael | None
Chris | None
Rebecca | None
Linnea | None
Sammi | None
Jared | None
Nick | None
Derek | None
Rocco | None
Gregg | None
William | None
Robert | None
Richard | None
David | None
Vanshraj | None
Ricardo | None
Russell | None
Shelby | None
Bethany | None
Brendan | None
Natalia | None
Nyesha | None
Corey | None
Jacalyn | None
Nick | None
Jordan | None
Jammi | None
Sonu | None
John | None
Ramesh | None
Jonathan | None
Ashley | None
Brittany | None
Annemieke | None
Jerry | None
Jimmy | None
Leah | None
Ryan | None
Amber | None
Lin | None
Courtney | None
Robert | None
Mike | None
Nico | None
Jacqueline | None
Kathleen | None
Joe | None
Harold | None
Skyler | None
Jessica | None
Sheryl | None
Jeff | None
Leslie | None
Erik | None
Nate | None
Alejandro | None
Lucía | None
Heath | None
Ben | None
Laura | None
Pietro | None
Jared | None
Kyle | None
Billie | None
Josh | None
Karlo | None
Mark | None
Joshua | None
Mariana | None
Alvaro | None
Ryan | None
Harshil | None
Ezequiel | None
Ashley | None
Francesca | None
Nathan | None
Akinade | None
elias | None
Crystal | None
Charles | None
Michelle | None
Jose | None
Bhawana | None
Tobi | None
Mac | None
Christopher | None
Megha | None
Dickson | None
Vivian | None
Kiara | None
Maruf | None
Dan | None
Dushyant | None
John | None
Linda | None
Cirilo | None
Lucia | None
Brian | None
Whitney | None
Macarena | None
Hunter | None
David | None
Benjamin | None
Steve | None
Isabel | None
Colleen | None
Arianna | None
Andrea | None
Dan | None
Josh | None
Gretchen | None
Milton | None
Marc | None
Kate | None
Kenneth | None
Glen | None
Michael | None
Julie | None
Michael | None
Joey | None
Skarpi | None
Ryan | None
Tony | None
Layne | None
Alexis | None
Johanna | None
Enoc | None
Lori | None
Tanesha | None
Tim | None
Oliver | None
Ella-Jay | None
Sarah | None
Shani | None
Jamie | None
Maggie | None
Michael | None
Sam | None
Paula | None
Sarah | None
Chris | None
LeAnn | None
Elizabeth | None
Ben | None
Chris | None
Jack | None
Jachai | None
Nick | None
Cassidy | None
Matthew | None
Brittany | None
Sudha | None
Katie | None
Joy | None
Carrie | None
Taylor | None
Morgan | None
Recruiters | None
Amanda | None
Jake | None
Maxwell | None
Rachel | None
Chad | None
LaKeisha | None
Jennifer | None
Rachel | None
Olivia | None
Katarina | None
Julie | None
Ritch | None
David | None
Emily | None
Amy | None
Ryan | None
Kristy | None
Matt | None
Yamie | None
Allie | None
Christopher | None
John | None
akhil | None
michael.carter | None
srinivas.bushipaka | None
charan.p | None
Tony | None
Charisse | None
Dory | None
Katie | None
Greg | None
Ann | None
Tim | None
Lisa | None
Lou | None
Brian | None
William | None
Tehseen | None
John | None
Matt | None
Jacob | None
Landon | None
Neil | None
Tyler | None
Kenneth | None
Leo | None
Angel | None
Joanna | None
Luisa | None
Andrés | None
Roberto | None
Jaime | None
Luis | None
Wilmar | None
Brandy | None
Reneebello | None
Cruz | None
Juan | None
Monica | None
Jesus | None
Shawn | None
Jose | None
Cristian | None
Stephanie | None
Linda | None
Lindsay | None
Clay | None
Mayra | None
paul | None
Kevin | None
Leslie | None
Eli | None
Kyle | None
Marcus | None
Jamison | None
James | None
Xu | None
Michelle | None
William | None
Anthony | None
Rob | None
Ryan | None
Dylan | None
Amy | None
Al | None
Ron | None
Janet | None
Kevin | None
Ronald | None
Brandon | None
Isabel | None
Ray | None
Al | None
Mohammed | None
Tyler | None
Andrea | None
Jake | None
Lyndsey | None
Jeremiah | None
Steven | None
Scott | None
Michael | None
Alexander | None
John | None
William | None
Richard | None
Siyue | None
Rene | None
Ronald | None
Tommy | None
Mark | None
Mike | None
Raju | None
Harry | None
K | None
Tony | None
Harsha | None
Sam | None
Michel | None
Briana | None
Jason | None
Tuan | None
Brian | None
Austin | None
Colby | None
Sarah | None
Mike | None
Crystal | None
Atosa | None
Michelle | None
Megan | None
Adriana | None
Mia | None
Ron | None
Tyler | None
Michael | None
zalmai | None
Gabriela | None
Yasir | None
Sneha | None
Matt | None
Adrian | None
Ivan | None
Kirill | None
Tamba | None
Will | None
Ambrose | None
Dorothy | None
Eddie | None
Daniel | None
Logan | None
Keaton | None
Matthew | None
Kelly | None
Jeffrey | None
Anthony | None
Adam | None
Peter | None
Ron | None
Andrew | None
Kayla | None
Josh | None
Jennifer | None
Jessica | None
Brendan | None
Kaden | None
Nisse | None
Cailin | None
Tom | None
George | None
Frederick | None
Daryl | None
Benjamin | None
Bryan | None
Terese | None
Mark | None
Erika | None
Kevin | None
Laura | None
Shannon | None
Will | None
Brandon | None
Harold | None
Michael | None
Brandon | None
April | None
Richard | None
Ian | None
Syeda | None
David | None
Grace | None
Patty | None
Tanina | None
Crystal | None
Meredith | None
Kelcy | None
Amile | None
Makayla | None
Cherise | None
Darrin | None
Curtis | None
JR | None
Vineet | None
Liam | None
Amit | None
Eric | None
Yvenansha | None
Katie | None
Matthew | None
JJ | None
Peter | None
Sergio | None
Luis | None
Phillip | None
DaJonna | None
Woobensky | None
Hunter | None
Muhammad | None
Justin | None
Cameron | None
William | None
Brooke | None
Meghan | None
David | None
John | None
Gary | None
Faraz | None
Ashton | None
Pooja | None
Mario | None
Rutvik | None
Deval | None
Alison | None
Sou | None
Brian | None
Ajith | None
Dan | None
Emily | None
Andrew | None
Aditi | None
Wayup | None
Ashwini | None
Juan | None
WAYUP | None
Katerina | None
Hanna | None
Frank | None
Arthur | None
Jess | None
Nataliia | None
Deepika | None
Amy | None
Pedro | None
Muhammad | None
Jim | None
Anna | None
Ryan | None
Jake | None
Raphaël | None
Emma | None
Maurice | None
Bartosz | None
Marc-Henri | None
Henry | None
Matthieu | None
Joe | None
Hubert | None
Dominic | None
Ryan | None
Kamran | None
Daryl | None
Jamie | None
Shetty | None
Santhosh | None
Mohammad | None
F | None
Nathan | None
Ashley | None
Rachel | None
Alexandre | None
Oliver | None
Michael | None
Scott | None
Kade | None
Chris | None
Chris | None
Derek | None
Rick | None
Tom | None
Jason | None
Grace | None
Dan | None
Julien | None
Marco | None
Aurélien | None
Kitty | None
Matthew | None
Frankie | None
Aran | None
Adam | None
Stuart | None
Manisha | None
Nitasha | None
Glyn | None
Olga | None
Michael | None
Piyush | None
Peyton | None
Joanne | None
Sean | None
Kesha | None
Nithya | None
Alini | None
Jason | None
Mike | None
Yunbo | None
Mitchell | None
Jonathan | None
Zhigang | None
Victoria | None
Cici | None
Jordan | None
Emma | None
Numair | None
Ximing | None
Shuwen | None
Pedro | None
Charles | None
Josh | None
Morad | None
Olivia | None
Yan | None
Haifeng | None
Regina | None
Douglas | None
Nicholas | None
Huan | None
Sam | None
Fraser | None
Jabaar | None
Migael | None
Tania | None
Bruce | None
Charlene | None
Melanie | None
Joyce | None
Mark | None
Rhonda | None
Robert | None
Shweta | None
Jennifer | None
LaTrell | None
KoJo | None
Rachel | None
Frank | None
Kim | None
Lacretia | None
Monica | None
Mohamed | None
Eric | None
Cenk | None
Brandon | None
Shelby | None
Tomeika | None
Cathleen | None
Ithica | None
Stephanie | None
Tessa | None
Nicole | None
Sourav | None
Sangeeta | None
Rupak | None
Charlotte | None
Saptarshi | None
Ogbeide | None
Richard | None
Nu | None
Sanjay | None
Jordan | None
Sandi | None
Emma | None
Alexis | None
Nathan | None
Kunal | None
Louis | None
Asha | None
Claire | None
Marnie | None
Moses | None
Dimitris | None
Emil | None
Katie | None
Alex | None
Sophia | None
Grace | None
Keri | None
Sabrina | None
Erin | None
Katie | None
Keyla | None
Cindy | None
Danielle | None
David | None
Talya | None
Laurel | None
Jenifer | None
Hope-Elizabeth | None
Ali | None
Christin | None
Nicole | None
Tyler | None
Eileen | None
Luke | None
Abesh | None
Veeral | None
Vishnu | None
Nick | None
Rahul | None
Marquavius | None
Pooja | None
Sudharshan | None
Zaid | None
Michael | None
Vlad | None
Joel | None
James | None
William | None
Alena | None
Bill | None
Alexandra | None
Christian | None
Daniel | None
Ryan | None
Andrei | None
Cho | None
Todd | None
Soumya | None
Vishal | None
Vivian | None
Tanner | None
David | None
Casey | None
Bill | None
Suzanne | None
Bretton | None
Dan | None
Christopher | None
Thibault | None
Yekanth | None
Amine | None
Rick | None
Samantha | None
Callie | None
William | None
Tyler | None
Manasa | None
Shelby | None
Max | None
Michael | None
Jonathan | None
Jason | None
Deeqa | None
Gerhart | None
Nolan | None
Kaiguang | None
Nick | None
Molly | None
Rita | None
Felippe | None
Aline | None
Sasha | None
Joana | None
João | None
Susana | None
Luiz | None
António | None
Shane | None
Helena | None
Richard | None
Patty | None
Jeffrey | None
Anne | None
Kevin | None
Larry | None
Antonia | None
Cayce | None
Leah | None
Shawn | None
Joe | None
Dale | None
Raj | None
Catarina | None
Tiago | None
Tonia | None
Evan | None
Lisa | None
Sonu | None
Cecilia | None
Kristine | None
Carole | None
Sam | None
Cassie | None
Doug | None
Emily | None
David | None
Roman | None
Brian | None
Derrick | None
Kuba | None
Peter | None
Francisca | None
Coralie | None
Adauto | None
Pedro | None
Isabel | None
Jose | None
Sharon | None
Serhii | None
Reetu | None
Andrew | None
Annie | None
Tim | None
Charlie | None
Matthew | None
Mollie | None
Oliver | None
Isabelle | None
Josie | None
Joe | None
Mac | None
Evie | None
Ben | None
Angel | None
Lorenzo | None
Annabelle | None
Meryn | None
Joe | None
Irvin | None
Imogen | None
Stephanie | None
Ali | None
Selen | None
Jorge | None
Doug | None
Jordan | None
Dan | None
Blerta | None
Holly | None
Joel | None
Sam | None
Alex | None
Sebastian | None
Ben | None
Brogan | None
Oliver | None
Phoebe | None
Lewis | None
Chris-James | None
Pooja | None
Jacob | None
Grace | None
Gina | None
Isaiah | None
Linia | None
Marc | None
Jeffrey | None
Glenn | None
Hannah | None
Darcy | None
Richard | None
Douglas | None
James | None
Dan | None
Nick | None
Albert | None
Ryan | None
Kevin | None
Marketa | None
Petr | None
Sarah | None
Austin | None
Heiko | None
Kylee | None
Andrew | None
Jeff | None
Emily | None
Ryan | None
Sherri | None
Mary | None
Andrei | None
Cassilyn | None
Maari | None
Geoff | None
Maggie | None
Melissa | None
Bob | None
Robert | None
Sandy | None
Danilo | None
Ndey | None
Lily-Rose | None
Mary | None
Travis | None
Robert | None
Christine | None
Kyle | None
Lori | None
Tracy | None
Melissa | None
Angela | None
Robert | None
Patty | None
Jude | None
Maryjane | None
Tri | None
DeMario | None
JOSHUA | None
John | None
Valerie | None
Jessica | None
Arthur | None
Stuart | None
Andy | None
Ben | None
Oliver | None
Kristin | None
Joaquín | None
Adrian | None
Sebastian | None
Nybble | None
MSc | None
José | None
María | None
Juliana | None
Sebastian | None
Melisa | None
Federico | None
Nicolas | None
Aaron | None
Gabriel | None
Ignacio | None
Constanza | None
Sebastian | None
Laura | None
Mayam | None
Julia | None
William | None
Ryan | None
Natalia | None
Kevin | None
Diego | None
Pennie | None
Bernalyn | None
Gayle | None
Lacey | None
Karla | None
Angela | None
Natalie | None
Amanda | None
Frederick | None
Bradley | None
Zsolt | None
Brad | None
Toby | None
Tony | None
Sharmi | None
Iain | None
Jacopo | None
John | None
Brahmam | None
Zahoor | None
Jaylan | None
Alan | None
Elizabeth | None
Filsan | None
David | None
Melissa | None
Victoria | None
Glen | None
Brittaney | None
Jason | None
John | None
Carlos | None
Mike | None
Krista | None
Lexi | None
Anshu | None
Bryan | None
Jack | None
Subhechha | None
Leila | None
Stratton | None
Nigel | None
Matthew | None
Kelly | None
Matt | None
Marta | None
Denny | None
Jill | None
McCamie | None
Brayden | None
Cassie | None
James | None
Dylan | None
Hannah | None
Shane | None
Jessica | None
Serafim | None
John | None
Jennifer | None
Atul | None
Christopher | None
Syed | None
Kim | None
Anthony | None
Dayna | None
Donald | None
Denisse | None
Mia | None
Sonny | None
Pearce | None
Gus | None
Glen | None
James | None
Jack | None
Cassie | None
Jack | None
Neri | None
Luc | None
Lisa | None
Dianna | None
Georgina | None
Leanne | None
Robert | None
Leanne | None
Norma | None
Hamish | None
Sarah | None
Marcin | None
David | None
Nicole | None
David | None
Tracy | None
Lauren | None
Angie | None
Jill | None
William | None
Bryan | None
Ed | None
Gary | None
Jaclyn | None
Rob | None
Kristine | None
Morgan | None
Emily | None
Marc | None
Georgeina | None
Naomi | None
Joe | None
Brenna | None
Katie | None
Debra | None
Megan | None
Gabriela | None
Charity | None
Arianna | None
Matt | None
Margaret | None
Kristen | None
Pam | None
Daniel | None
Craig | None
Rachael | None
Damian | None
Matt | None
Courtney | None
Catherine | None
Scot | None
Liam | None
Kamran | None
Jim | None
Jaclyn | None
Ahrash | None
Aiman | None
Andrew | None
Karen | None
Meina | None
Jason | None
Daniel | None
Shiyu | None
Chris | None
Melissa | None
Gerald | None
Michelle | None
Paul | None
Kevin | None
Ananyaa | None
Sina | None
Giorgio | None
Krishna | None
Emmanuel | None
Shilpa | None
Anella | None
Collin | None
Tina | None
Mitch | None
Alan | None
Derrin | None
Jarvis | None
Alex | None
Charles | None
Kellie | None
Brandy | None
Patty | None
Jubelkys | None
Justin | None
Michael | None
Brandon | None
Northon | None
Ju | None
Ran | None
MooBeom | None
Joanna | None
Chang | None
Jee | None
Mikel | None
Rhys | None
Obie | None
Scott | None
Gregg | None
Logan | None
Andrew | None
Dennis | None
Jessica | None
Chris | None
Sam | None
Alicia | None
Marc | None
Kara | None
Lane | None
Elizabeth | None
Abigail | None
Hannah | None
Kelly | None
Bridget | None
Stefan | None
Lorri | None
Liza | None
Benjamin | None
Clifford | None
Chris | None
Haley | None
Morgan | None
Kristin | None
Neha | None
Hannah | None
Megan | None
Hailey | None
Kit | None
Darren | None
Benjamin | None
Mike | None
Nik | None
Sarah | None
Mee | None
Line | None
Sam | None
Chris | None
Joao | None
Jon | None
Linda | None
Akua | None
Avneet | None
Rahul | None
abida | None
Jawad | None
Alberto | None
Derek | None
Matthew | None
Adhya | None
Sandhya | None
Lysandre | None
Kelley | None
Kim | None
Kevin | None
Michele | None
David | None
Angela | None
Dawei | None
Al | None
Amanda | None
Jay | None
Bianca | None
Elissa | None
Eric | None
Susanna | None
Jacob | None
Nicole | None
Luqman | None
My | None
David | None
Daniel | None
Michael | None
Benjamin | None
Romina | None
Mikaelah | None
Darnell | None
Christine | None
D. | None
Tiambe | None
Tiffany | None
Mark | None
Sachin | None
Michelle | None
Athima | None
Jamie | None
Brianna | None
Carole | None
Jamal | None
Adé | None
Danelle | None
Slava | None
Daria | None
Sveta | None
Hleb | None
Evgenia | None
James | None
Lauren | None
Herlande | None
Robyn | None
Andrew | None
Kufre | None
Devin | None
James | None
Sophia | None
Stephen | None
Arely | None
Tori | None
Karen | None
Karissa | None
Avaneesh | None
Leo | None
Diego | None
Ferdinand | None
Eric | None
Madison | None
Cisco | None
Al | None
Nilesh | None
Mauna | None
Jonathan | None
Jameel | None
Chris | None
Srikar | None
Skate | None
Ambhrin | None
Andrei | None
Yanlin | None
Nimat | None
Yana | None
Ryan | None
Robert | None
Ashutosh | None
Richard | None
Jaden | None
Kyle | None
Anil | None
Habtamu | None
Kevin | None
Jamie | None
Molly | None
Marlene | None
John | None
Jeffrey | None
Surya | None
Matt | None
Rodrigo | None
Gaurav | None
Priya | None
Robert | None
Lewis | None
Andrew | None
Daniel | None
Sumer | None
Freddie | None
Abinash | None
Caroll | None
Dhiresh | None
Matt | None
Dino | None
Meghan | None
Jeffrey | None
Ritwik | None
Margarita | None
Chris | None
Riaz | None
Robb | None
Shelsy | None
Rukiya | None
Meena | None
Pajtawgtshiab | None
Janae | None
Sean | None
Kamilah | None
Helen | None
PK | None
Nathan | None
Mike | None
Samantha | None
Anthony | None
Melissa | None
Pepper | None
Marvin | None
Ranil | None
Nkaujtsim | None
Lindsay | None
Lorie | None
Nicole | None
Daniel | None
Randy | None
Amy | None
Justin | None
Aidan | None
Mike | None
Dmitri | None
Jake | None
Patrick | None
Chad | None
Maria | None
Noorelle | None
Martina | None
John | None
Gaetan | None
Katie | None
Meg | None
Ashley | None
Austin | None
Vivian | None
Ed | None
Pete | None
Darin | None
Eric | None
Stacy | None
Johann | None
Garrett | None
Greg | None
Edward | None
Ashley | None
Mathew | None
Nidhi | None
Rodolfo | None
Edward | None
Nilesh | None
Alveena | None
Louis | None
Adam | None
Karen | None
Louis | None
Adrian | None
Jordan | None
Lydia | None
Kate | None
David | None
Suraj | None
Reese | None
Kayla | None
Angela | None
Javid | None
Rebecca | None
Jake | None
Srinivas | None
Robert | None
Rafael | None
Kenny | None
DAVID | None
Melissa | None
Lindsey | None
Jim | None
Muhammad | None
Iftikhar | None
Beau | None
Dave | None
Maha | None
Joe | None
Candace | None
Ron | None
John | None
Marcos | None
Chris | None
Christine | None
Azman | None
Sandy | None
Dan | None
Aaron | None
Chris | None
Jeff | None
Tori | None
Nazim | None
Kehinde | None
Olatunji | None
Anthony | None
Joey | None
Osazee | None
Temitope | None
Joseph | None
Oluwatobi | None
Titilayo | None
Oluwatosin | None
Oluwatosin | None
Kehinde | None
Joey | None
Anthony | None
Osazee | None
Joseph | None
Temitope | None
John | None
Walter | None
Ron | None
Catherine | None
Jack | None
Olatunji | None
Titilayo | None
Oluwatobi | None
Kevonne | None
Dan | None
Noah | None
Alex | None
Eric | None
David | None
Jasmine | None
Edwin | None
Lauren | None
Andrew | None
Hillary | None
Michael | None
Josh | None
Gary | None
Francois | None
Henry | None
Daniel | None
Karam | None
Utshab | None
Adam | None
Youssef | None
Diane | None
Tracy | None
Louise | None
Mark | None
Richard | None
Meghana | None
Saifur | None
Raji | None
Kitty | None
Matthew | None
Ian | None
Danika | None
Shairoze | None
Susan | None
Anthony | None
Peter | None
Erick | None
Irvine | None
Sanaa | None
Joanna | None
Mollie | None
Mary | None
Katherine | None
Skyler | None
John | None
Trevor | None
Ivan | None
JOE | None
Franklin | None
Tara | None
Jamie | None
Mark | None
McKenna | None
Kelli | None
Marvin | None
Yvette | None
Gary | None
Brooke | None
Mikayla | None
Marques | None
CD | None
Romeo | None
Venus | None
Jason | None
Mark | None
Haneen | None
Vincent | None
Charles | None
Mohamed | None
Haiyan | None
Ken | None
Eliana | None
Mark | None
Joseph | None
Tyler | None
Orlandus | None
Arthur | None
Kristine | None
Keith | None
Chris | None
Charlie | None
Tevon | None
Pam | None
Rochana | None
Christina | None
William | None
Satya | None
Richard | None
Tatiana | None
Cristal | None
Tom | None
Aleesa | None
Michael | None
Andrew | None
Emran | None
Uma | None
Paige | None
Korey | None
Rob | None
Femi | None
Colin | None
Miracle | None
Fatima | None
Maria | None
Mark | None
Amy | None
Neal | None
Steve | None
Melissa | None
Kelly | None
Sean | None
Scott | None
Ian | None
Joe | None
Rob | None
Robert | None
Corey | None
Rachelle | None
Janice | None
Howin | None
G.C. | None
Jonathan | None
Steve | None
Michael | None
Pete | None
Terry | None
Pedro | None
Luana | None
Brandon | None
Karen | None
Dan | None
Lauren | None
Mark | None
Christopher | None
Christian | None
Christopher | None
Adam | None
Troy | None
John | None
Hannah | None
Corey | None
Patrick | None
Caitlin | None
Joshua | None
Annalie | None
Tyler | None
Daniel | None
Natalia | None
Joseph | None
David | None
Erin | None
Kenneth | None
Julia | None
Christopher | None
Emily | None
Monique | None
Camille | None
Taylor | None
Tanner | None
Adam | None
Rich | None
Carolyn | None
Ana | None
Justin | None
Anthony | None
Rachel | None
Kimika | None
Sophie | None
Mark | None
Sean | None
William | None
Jack | None
Lorena | None
Samantha | None
Corilou | None
Andriana | None
Kara | None
Priyanka | None
Siddhartha | None
Trent | None
Dave | None
Jared | None
Joe | None
Zachery | None
Nicholas | None
David | None
Francis | None
Hao-En | None
Mike | None
Chalay | None
Lewis | None
Jaz | None
Jamie | None
Adam | None
Cara | None
Steve | None
Issy | None
Letícia | None
Jeanette | None
Venkatesh | None
Lori | None
Chhiring | None
Runze | None
Larry | None
Alissa | None
Victor | None
Amarinder | None
Bradley | None
Andrew | None
T.J. | None
John | None
Clayton | None
Alan | None
Siri | None
Greg | None
Rachel | None
Colin | None
Dominique | None
Nate | None
Christoph | None
Michael | None
Doug | None
Tom | None
Takuto | None
Olivia | None
Nicolas | None
Daniel | None
Russell | None
Brian | None
Tom | None
Jason | None
Andrew | None
Victoria | None
Thad | None
Emil | None
Steven | None
Lycia | None
Glyn | None
Kyle | None
Cameron | None
Amanda | None
Bryan | None
Jamie | None
Jesse | None
Paul | None
Walter | None
Caitlin | None
Mark | None
Lynh | None
Linda | None
Steven | None
Joanne | None
Clara | None
Aisata | None
Mitchell | None
Catalina | None
Sabriya | None
Paulina | None
Amanda | None
Amy | None
Samantha | None
Gerardlouie | None
Renee | None
Rachel | None
David | None
Laila | None
Nicole | None
Leo | None
Michael | None
Elliot | None
Jesse | None
Noah | None
Emily | None
Andrew | None
Paul | None
Chris | None
Wing | None
Felix | None
Kobby | None
Stacy | None
Katherine | None
Diana | None
Kobby | None
Mavis | None
Felix | None
Tim | None
Diane | None
Isabel | None
Barbara | None
Celinex | None
Paige | None
Eugene | None
Belinda | None
Tamera | None
Kathryn | None
Daniel | None
Sri | None
Brady | None
Micah | None
Zachary | None
Michal | None
Wesley | None
Shelly | None
Devin | None
Sarah | None
Erica | None
Emily | None
Lexi | None
Amber | None
Emilie | None
William | None
Joanne | None
Javier | None
Javier | None
Lenny | None
Matthew | None
Jesse | None
Lauren | None
Laura | None
Erick | None
Neil | None
Naveen | None
Adam | None
Steve | None
Ross | None
Dorian | None
Emilee | None
Sara | None
Camila | None
Genie | None
Felicia | None
M. | None
Jonathan | None
David | None
Rodrigo | None
Cynthia | None
Ken | None
David | None
Sameer | None
Akshay | None
Jen | None
Diana | None
Kate | None
Shabarishwar | None
Anne | None
Wendy | None
Michelle | None
Katie | None
Nicole | None
Isabella | None
Alissa | None
Willow | None
Zander | None
Victor | None
George | None
Markus | None
Julie | None
Whitney | None
Stephen | None
John | None
Samantha | None
Drew | None
Adam | None
Anthony | None
Joshua | None
Allen | None
Rose | None
Karli-Ann | None
Cristine | None
James | None
Rikki | None
Austin | None
Debbie | None
Derek | None
Erin | None
Elyse | None
Jackson | None
Danika | None
Meghan | None
Olivia | None
Elissa | None
Billy | None
Ralph | None
Pei | None
Oscar | None
Jesus | None
Kylie | None
J. | None
Brandon | None
Lillian | None
michael | None
Mark | None
Tom | None
Robert | None
Garrett | None
Gary | None
Jack | None
Terrance | None
Connie | None
Sue | None
Jack | None
Jose | None
Gavin | None
Nick | None
Krista | None
Sabrina | None
Sariah | None
Sarah | None
Louden | None
Cedrick | None
Elsie | None
Sharjeel | None
Paul | None
Tracy | None
Michael | None
Nicholas | None
Brittany | None
Peter | None
Alecia | None
Reese | None
Jessica | None
Jenna | None
Zachary | None
Ann | None
Russel | None
Carol | None
Logan | None
Annie | None
Lauren | None
Alisha | None
Anne | None
Natasha | None
Amanda | None
Iris | None
Nickalas | None
Azam | None
Shannon | None
Sarah | None
Holly | None
Renee | None
Lorena | None
Grace | None
William | None
Alexander | None
Cam | None
Amanda | None
Jordan | None
Teresa | None
Cassie | None
Tyler | None
Abigail | None
Erika | None
Camryn | None
Abigail | None
Eddie | None
Dan | None
Shea | None
Wyatt | None
Brianna | None
Abel | None
Tim | None
Alyssa | None
Ann | None
Connor | None
Trini | None
Melina | None
Jas | None
Casey | None
Adrina | None
Caelin | None
Anthony | None
Theodore | None
Aidan | None
Robyn | None
Amy | None
Mike | None
Jay | None
Shahana | None
Justine | None
Tom | None
Richard | None
Richard | None
Jodi | None
Lisa | None
Ivy | None
Brianna | None
Ashley | None
Shiloh | None
Marcus | None
Connor | None
Kurren | None
Harrison | None
Luke | None
Cole | None
Naveen | None
Hannah | None
Kendra | None
Sophia | None
Bailey | None
Tray | None
Julian | None
Jennifer | None
Mason | None
Lee | None
Jessica | None
Jodi | None
Owen | None
Catherine | None
Clay | None
Diane | None
Rosemary | None
Calder | None
Ryan | None
Laurel | None
Jessica | None
Gaelyn | None
Jessica | None
Dylan | None
Daniella | None
Maddie | None
Todd | None
Lennin | None
Jeff | None
Megan | None
Chelsie | None
Evan | None
James | None
Alisha | None
Ashton | None
Hailey | None
Michael | None
Patrick | None
Angelina | None
John | None
John | None
Christopher | None
Nick | None
Laura | None
Carla | None
Madeline | None
Emily | None
Aleks | None
Phyllis | None
Ashley | None
Abby | None
Cam | None
Christein | None
Megan | None
Bobby | None
Sheree | None
Satish | None
Jake | None
Allison | None
Wei | None
Tony | None
Christine | None
Stephen | None
Jason | None
Rob | None
Benjamin | None
Ryan | None
Karen | None
Taylor | None
Monica | None
Sameera | None
Yash | None
Ken | None
Anita | None
Mahima | None
Cole | None
Lawrence | None
Harris | None
Paul | None
Tom | None
Salma | None
Divya | None
Ashish | None
Priyanka | None
Chris | None
HR | None
Viktoria | None
Yuliia | None
Kate | None
Yuliya | None
Daria | None
Oleksandra | None
Julia | None
Mary | None
Marianna | None
Marta | None
Harry | None
Kelly | None
WooJin | None
Yusun | None
Hyesung | None
Justin | None
HAN | None
Alex | None
Amanda | None
Min | None
Olesya | None
Helen | None
Valeriia | None
Aiden | None
Francis | None
Himanshu | None
Kristen | None
Susan | None
James | None
Brooke | None
John | None
Yvonne | None
Douglas | None
Gennady | None
Amanda | None
Chris | None
Lorraine | None
Sean | None
Jeff | None
Brandon | None
Amit | None
Sushil | None
Janice | None
Timothy | None
Elsid | None
Matt | None
Michael | None
Brian | None
Muhammad | None
Faith | None
Brian | None
Gowri | None
Autumn | None
Virginia | None
Samantha | None
Spencer | None
Yashvardhan | None
Himanshu | None
Corbin | None
Kamran | None
Alma | None
Cyrus | None
Cole | None
Srinu | None
Anglia | None
Molly | None
Johannes | None
Sharon | None
Michelle | None
Erica | None
Bailey | None
Ellie | None
Brian | None
Darlene | None
Michael | None
Arthur | None
Asya | None
Fatima | None
Alexandra | None
Ivanna | None
Konrad | None
Rahel | None
Garima | None
Neve | None
Onyebuchi | None
Ayo | None
Alex | None
IFEOMA | None
Brianna | None
Scott | None
Pramita | None
John | None
Susan | None
Janet | None
Lisa | None
Cecile | None
Tim | None
Kamer | None
Jason | None
Tim | None
Kristen | None
Evaminerly | None
Courtney | None
Sarah | None
Parry | None
Bina | None
Jennifer | None
Sean | None
Robert | None
Scott | None
Eric | None
Hannah | None
Cara | None
Dina | None
Mackenzie | None
Austin | None
Kristen | None
Hanna | None
Mohammed | None
Brian | None
Lauralea | None
Imelda | None
Krishna | None
Amar | None
Nirmal | None
Sushil | None
Dawn | None
Raj | None
Vikas | None
Bradley | None
Jeff | None
Craig | None
Gina | None
Vinny | None
Jennifer | None
Joshua | None
Elizabeth | None
Will | None
Noel | None
Tori | None
Julian | None
Dave | None
Robert | None
Larry | None
Wendy | None
Shawn | None
Marcus | None
Bill | None
Yulia | None
Natalia | None
Olenka | None
Sasha | None
Margarita | None
Olesia | None
Kateryna | None
Brandon | None
Ryan | None
Austin | None
Julia | None
Karly | None
Jose | None
Jesus | None
Tim | None
Rick | None
John | None
Ann | None
Joann | None
Nathan | None
Brad | None
Joseph | None
Brittany | None
Randy | None
Claire | None
Morgan | None
Geralyn | None
Josh | None
Jason | None
Vasily | None
Sam | None
Brian | None
Leiah | None
Joshua | None
Sarah | None
Richard | None
Liz | None
Evan | None
Adishthi | None
Francesca | None
Yuji | None
Lucas | None
Betsy | None
Shruti | None
Sudha | None
Mauro | None
Dong | None
Carolyn | None
Jennifer | None
Achal | None
Daniel | None
Peter | None
Hilda | None
Fei | None
Sharon | None
Kate | None
Andon | None
Shabbir | None
Nancy | None
Detzaira | None
Barbara | None
Erik | None
Xi | None
Rebekah | None
Belinda | None
Maya | None
Robyn | None
Ping | None
Ariana | None
Jing | None
Ban | None
Seyed | None
Emily | None
Mustafa | None
Nathaniel | None
Marijn | None
Rukmini | None
Benjamin | None
Jake | None
Gaoyang | None
Heather | None
Shelly | None
Francesco | None
Mark | None
Elizabeth | None
Santosh | None
Vasiliki | None
Laurie | None
Biqing | None
Anabey | None
Jack | None
Scott | None
Aminata | None
Chad | None
Olga | None
Vanessa | None
Lena | None
John | None
Ken | None
Kyle | None
Felicia | None
Aleksander | None
Thillainatarajan | None
Summer | None
Grant | None
Dominique | None
Christopher | None
Adam | None
Mike | None
H | None
Jose | None
Andrew | None
Katrina | None
Fumis | None
Harriette | None
Heather | None
Suresh | None
David | None
Dominick | None
Sarah | None
Celeste | None
Olivia | None
Duncan | None
Elizabeth | None
Nishad | None
Brandon | None
George | None
James | None
Rita | None
Mikaela | None
Stephen | None
Brendan | None
Shevawn | None
Trevor | None
Anne | None
Simon | None
Mary | None
Jon | None
Gregg | None
Mike | None
Cheri | None
Christopher | None
Dasol | None
Tana | None
Waddy | None
Lois | None
Amy | None
Daniel | None
Umardraz | None
Prathyusha | None
Oleksii | None
Sophie | None
Leo | None
Aleksandar | None
Caleb | None
Colm | None
Viviana | None
Eduard | None
Manuella | None
Natalia | None
Zsuzsanna | None
Sophia | None
Diane | None
Marie | None
Sarah | None
Dawn | None
Estefania | None
Christina | None
Cole | None
Colin | None
Brandon | None
Mitchell | None
Ashley | None
Guangyi | None
Thaddeus | None
John | None
Abigail | None
Aaron | None
Melanie | None
Salena | None
Andrea | None
Carolyn | None
Daniel | None
Kimberly | None
Olivia | None
Jayden | None
Alyson | None
Guy | None
Erin | None
Sarah | None
Kelly | None
Michelle | None
Daniel | None
Preston | None
Kimberly | None
Tiffany | None
Rob | None
Paige | None
Abbey | None
Aray | None
Udayati | None
Ashleigh | None
Hannah | None
Jordan | None
Nina | None
Jessendryl | None
Alex | None
Ashleigh | None
Charlotte | None
Mark | None
Amy | None
Harsha | None
Sean | None
Amber | None
Craig | None
Gabrielle | None
lesley | None
Dan | None
Chaitanya | None
Andi | None
Noah | None
Kaden | None
Eileen | None
Derek | None
Ken | None
Shannon | None
Rushi | None
Yashitha | None
Marie | None
Kevin | None
Nicole | None
Jaret | None
Galina | None
Eric | None
Amy | None
Adam | None
Byron | None
Paula | None
Fatimah | None
Sean | None
Teresa | None
Bridget | None
Ricardo | None
Becca | None
Juanita | None
Amy | None
Brandon | None
Ann | None
Jim | None
Owais | None
Hanna | None
Sean | None
Brian | None
Kristin | None
Neha | None
David | None
Molly | None
Matthew | None
Summer | None
Michaella | None
Maxwell | None
Jill | None
Angela | None
Barsomo | None
Kyra | None
Nick | None
Dylan | None
Jacob | None
Jason | None
Sam | None
Olivia | None
Matt | None
Jonathan | None
Tim | None
Eliza | None
Abigail | None
Kate | None
Nicole | None
Michael | None
Eileen | None
Lauren | None
Tori | None
Nicholas | None
Erica | None
Basia | None
Alexis | None
Brandon | None
Meghan | None
Natasha | None
Justin | None
Pat | None
Jane | None
John | None
Dave | None
Anthony | None
Jenna | None
Jd | None
Heather | None
Bill | None
Jeffrey | None
Denis | None
Victoria | None
Jennifer | None
Paige | None
Darla | None
Molly | None
Noah | None
Amanda | None
Lindsay | None
Nellie | None
Dominique | None
Nicolet | None
John | None
Laura | None
Chatra | None
Liliana | None
Ashley | None
Kurt | None
Derek | None
Kimberly | None
Bianca | None
Rohit | None
Natalie | None
April | None
Karina | None
Danielle | None
Degaulle | None
Catherine | None
Cristina | None
Bernard | None
Tyler | None
Wyatt | None
Laura | None
Renee | None
Nicholas | None
Kyle | None
Marcus | None
Alexandra | None
Arunkumar | None
Jessica | None
Erin | None
Thomas | None
Stacy | None
Rita | None
Erica | None
Jannelle | None
Trisha | None
Kevin | None
David | None
Meg | None
Ryan | None
Olivia | None
Craig | None
Corinne | None
Brianna | None
Parker | None
Neveen | None
Kayla | None
Jett | None
John | None
Bella | None
Natalie | None
Lucy | None
Jillian | None
Katy | None
Scott | None
Spencer | None
Carolyn | None
Ashley | None
Adam | None
Jeffrey | None
Garrett | None
Delainey | None
Adenike | None
Ben | None
Charles | None
Nick | None
Katherine | None
Christopher | None
Rod | None
Christianna | None
Dominic | None
Sydney | None
Heather | None
Lori | None
Christine | None
Nora | None
Katie | None
Zack | None
Kaleb | None
Lauren | None
Dante | None
Kunal | None
Julia | None
Liz | None
Ryan | None
Camille | None
Greggory | None
Sean | None
Tiffany | None
Madison | None
Mariah | None
Stephen | None
Gibson | None
Austin | None
Sunny | None
Gaius | None
Ashley | None
Jarrid | None
Brian | None
Ashley | None
Jodi | None
Brad | None
Stacey | None
Kevin | None
Lauren | None
Leanne | None
Shannon | None
Marissa | None
Kelsey | None
Jennifer | None
Mark | None
Jonah | None
John | None
Ej | None
Jennifer | None
Casey | None
Ashlie | None
Jessica | None
Zach | None
Mathew | None
Kate | None
Madison | None
Connor | None
Pete | None
Alexandra | None
Yvonne | None
Troy | None
Madelyn | None
Andrea | None
Michael | None
Erin | None
Leah | None
Jessica | None
Robert | None
Andrew | None
April | None
Connor | None
Andre | None
Matt | None
Alex | None
Katelyn | None
Zoe | None
Leanne | None
Giuseppe | None
Marissa | None
Deborah | None
Megan | None
Rebecca | None
Jason | None
Dave | None
Abbey | None
Killyn | None
Ashley | None
Erin | None
Nicholas | None
Kaitlyn | None
Daniel | None
Taylor | None
Nathan | None
Marla | None
Daniel | None
Mark | None
Danielle | None
Erick | None
Jordan | None
Andrea | None
Sam | None
Megan | None
Connor | None
Kelsey | None
Thomas | None
Anthony | None
Tess | None
Jeff | None
Tiffany | None
Ken | None
Anthony | None
Vanessa | None
Delaney | None
Kelsey | None
Sapida | None
Gina | None
Matthew | None
Natalie | None
Alessandra | None
Matt | None
Jamie | None
Debbie | None
William | None
Matt | None
Sandy | None
Amanda | None
Robbie | None
Bob | None
Jeffrey | None
Jenna | None
Meredith | None
Kennedy | None
Abby | None
Mallory | None
Ben | None
Carsen | None
Gerry | None
Braden | None
Chuck | None
Jay | None
Daniel | None
Bob | None
Gail | None
Zuzana | None
Mario | None
Sheri | None
Jodi | None
Jeff | None
Arturo | None
Anna | None
Haley | None
Keith | None
Britni | None
Mita | None
Marjan | None
Karen | None
Brandon | None
Jeremiah | None
Frank | None
Rick | None
Mia | None
Kai | None
Pearl | None
Carly | None
Kristen | None
Julie | None
Zak | None
Amanda | None
Leslie | None
Kevin | None
Joanna | None
Lania | None
Kim | None
Zakariya | None
Brooke | None
Anna | None
Nik | None
Ryan | None
Jake | None
Essie | None
Alexis | None
Anna | None
Cheryl | None
Dean | None
Becca | None
Paul | None
Garrett | None
Allie | None
Ainsley | None
Susan | None
Donald | None
Sarah | None
Kareen | None
Theresa | None
Carson | None
Joe | None
Jewell | None
Eileen | None
Carissa | None
Mackenzie | None
Rob | None
Alyssa | None
Emily | None
Vidhya | None
Susannah | None
Legare | None
Jessica | None
Sidney | None
Matthew | None
Emily | None
Baylee | None
Ariana | None
Lorri | None
Lauren | None
Natalie | None
Jeremy | None
Kelly | None
Jen | None
Alexandra | None
Anthony | None
Alexander | None
Rachel | None
Megan | None
Griffin | None
Lauren | None
Ngam | None
Melissa | None
Christina | None
Hailey | None
Delaney | None
Laurie | None
Jessica | None
Julie | None
Shellie | None
Samantha | None
Amanda | None
Jake | None
Michelle | None
Justin | None
Anastasia | None
Ava | None
David | None
Sarah | None
Matt | None
Heather | None
Michael | None
Mackenzie | None
Collin | None
Laura | None
Bailey | None
Jared | None
Carley | None
Rob | None
Jordan | None
Greg | None
Angela | None
Allison | None
Marisa | None
Tyler | None
Taylor | None
Mary | None
Mike | None
Shailynn | None
Nadia | None
April | None
Lori | None
Emily | None
Ryan | None
Nicole | None
Angelique | None
Angela | None
Krystyna | None
Shane | None
Kristy | None
Betsy | None
Jon | None
Shannon | None
Megan | None
Lauren | None
Vanessa | None
Susan | None
Bryan | None
Morgan | None
Lindsey | None
Kevin | None
Radha | None
Jay | None
Emily | None
Shan | None
Christian | None
Andrew | None
Cassidy | None
Jeff | None
Lauren | None
Katherine | None
Jesse | None
Mark | None
Allan | None
Provides | None
Christopher | None
Alexandra | None
Brad | None
Jeff | None
Steve | None
Quincy | None
Andy | None
Eric | None
Tim | None
Mark | None
Mary | None
Lilu | None
Nadine | None
Samantha | None
Julia | None
Daniela | None
Kristi | None
Aryn | None
Sonia | None
Jordan | None
David | None
Marissa | None
Randa | None
David | None
Paula | None
Eva | None
Eric | None
Joshua | None
Nieesha | None
Nina | None
Tanesia | None
Leah | None
Lindsay | None
Chaoying | None
Alex | None
Peishan | None
Yao | None
Maria | None
Liang | None
Leah | None
Zhihao | None
Chaoyu | None
Haochen | None
Marvin | None
Roy | None
Mike | None
Peter | None
Tiffany | None
Marvin | None
Adam | None
Shannon | None
Gabriella | None
Paul | None
Brittley | None
Mary | None
Patrick | None
Wes | None
Michael | None
McKenzie | None
Katie | None
Ashley | None
Daniel | None
Brett | None
Olivia | None
Riley | None
Sophie | None
Ashley | None
bhargavi | None
Isabel | None
Tyler | None
Bethany | None
Alex | None
Marcus | None
Abbey | None
Marius | None
Ethan | None
Maanav | None
Elias | None
Griffin | None
Guy | None
Mikhail | None
Pavel | None
Evangelia | None
Rahul | None
Evan | None
Aaron | None
Daniel | None
Jake | None
Patrick | None
Matthew | None
Haley | None
Michele | None
Lauren | None
Ileana | None
Jacob | None
Andrew | None
Samantha | None
Joshua | None
Tabitha | None
Rawia | None
Evelyn | None
Matt | None
Sehba | None
Tariq | None
Lydia | None
Lynn | None
Sharontae | None
Kathy | None
Tom | None
Kayleigh | None
Bob | None
Thomas | None
Josh | None
Chris | None
Dan | None
Sankalp | None
John | None
Justin | None
Isabel | None
Sai | None
Karen | None
Matthew | None
Hannah | None
Tim | None
Erin | None
Nick | None
Richard | None
Rim | None
Gayatri | None
Joseph | None
Rambhagat | None
Watima | None
Annabel | None
Hal | None
Ersila | None
Liz | None
Miranda | None
Jonas | None
Michael | None
Claire | None
Joe | None
Jack | None
Cheikh | None
Dilara | None
Crystal | None
Sophie | None
Colleen | None
Callum | None
Jamie | None
Amrita | None
Michelle | None
Krista | None
Rae | None
Linda | None
Courtney | None
Kacey | None
Rachel | None
Andrew | None
Meghan | None
Katrina | None
Tamara | None
Lisa | None
Bree | None
Anthony | None
Catherine | None
Ariel | None
Sherrie | None
Connor | None
Tom | None
David | None
Tarl | None
Déjà | None
Minako | None
Claire | None
Ashley | None
Gregory | None
Michael | None
Nicole | None
Jeffrey | None
Mary | None
Rasheed | None
Ryan | None
Jennifer | None
Erick | None
Leticia | None
Denise | None
Anjellica | None
Jason | None
Mira | None
Asha | None
Omar | None
Wilga | None
Yifei | None
Jiaqi | None
Renee | None
Patricia | None
Richard | None
Katheryn | None
Wendy | None
Alex | None
Paige | None
Estefany | None
Charisse | None
Stephanie | None
Ross | None
Lauren | None
Matthew | None
Alexis | None
Luke | None
Ross | None
Sydney | None
Raquel | None
Rhys | None
Taylor | None
Brett | None
Erin | None
Elizabeth | None
Rachel | None
Jake | None
Noah | None
Timothy | None
Carol | None
Emma | None
Addison | None
Lauren | None
Madeline | None
Christopher | None
Brett | None
Emily | None
John | None
Vanessa | None
Jesse | None
Melanie | None
Abdul | None
Koen | None
Steven | None
Mark | None
Ty | None
John | None
Dan | None
Jacob | None
Navi | None
Brian | None
Jared | None
Brian | None
Tom | None
Micah | None
Peyton | None
Bobby | None
Colin | None
Nicholas | None
Kate | None
Hannah | None
Erin | None
John | None
Sarah | None
Veronica | None
Charlotte | None
Elizabeth | None
Ann | None
Michael | None
Claudia | None
Charles | None
Andrew | None
James | None
Laura | None
Mohsin | None
Caitlin | None
Sondra | None
Paul | None
Chase | None
Juan | None
Ashlee | None
Cameron | None
Jessica | None
Nick | None
Lauryn | None
Lauren | None
Jessica | None
Jason | None
Shelley | None
Kenn | None
Josh | None
Chris | None
Kylie | None
John | None
Ryan | None
Grace | None
Jenna | None
Katie | None
Carly | None
Alexa | None
Kourtney | None
Jim | None
Twana | None
Amanda | None
Emily | None
Phil | None
Michael | None
Katie | None
Jaime | None
Amanda | None
Sloane | None
Marlo | None
Shakira | None
Mike | None
Jill | None
Michael | None
Nathan | None
Chuck | None
Brianna | None
Ashley | None
Clay | None
Catherine | None
Owen | None
Jodi | None
Jessica | None
Lee | None
Mason | None
Ryan | None
Evan | None
James | None
Diane | None
Alisha | None
Sheree | None
Bobby | None
Megan | None
Christein | None
Cam | None
Abby | None
Ashley | None
Phyllis | None
Aleks | None
Emily | None
Satish | None
Rosemary | None
Calder | None
Laurel | None
Brendan | None
Morgan | None
Kaitlyn | None
Erin | None
Derek | None
Debbie | None
Austin | None
Rikki | None
Amanda | None
Jordan | None
Teresa | None
Cassie | None
Megan | None
Jeff | None
Lennin | None
Todd | None
Maddie | None
Daniella | None
Dylan | None
Jessica | None
Gaelyn | None
Jessica | None
Chelsie | None
Madeline | None
Lilly | None
Carla | None
Nick | None
Dan | None
Eddie | None
Abigail | None
Camryn | None
Erika | None
Abigail | None
Tyler | None
Abel | None
Aidan | None
Robyn | None
Shea | None
Amy | None
Kendra | None
Hannah | None
Naveen | None
Cole | None
Luke | None
Harrison | None
Kurren | None
Connor | None
Marcus | None
Shiloh | None
Sophia | None
Wyatt | None
Brianna | None
Tim | None
Christopher | None
John | None
John | None
Angelina | None
Patrick | None
Michael | None
Hailey | None
Ashton | None
Jennifer | None
Jake | None
Julian | None
Bailey | None
Anthony | None
Caelin | None
Adrina | None
Casey | None
Jas | None
Melina | None
Trini | None
Connor | None
Ann | None
Alyssa | None
Theodore | None
Laura | None
Ryan | None
Nikki | None
Michael | None
Martin | None
Jennifer | None
David | None
Tabinda | None
Annette | None
Chyna | None
Rachel | None
Morgan | None
Frankie | None
Tammy | None
Sharon | None
Rachel | None
Alissa | None
Stetson | None
Meghan | None
Kimberley | None
Italia | None
Makena | None
Jennifer | None
Valerie | None
Jacqueline | None
Nora | None
Elite | None
Avalon | None
Christina | None
Tony | None
Jan | None
Thomas | None
Bryan | None
Christy | None
Melinda | None
Scott | None
Eve | None
Ellaine | None
Halima | None
Jakob | None
Sameed | None
Marcus | None
Elizabeth | None
Alexander | None
Alexandra | None
Scarlette | None
Stephanie | None
Nicolus | None
Lillian | None
Eileen | None
Apolmie | None
Khristine | None
Caitlin | None
Brianna | None
Dexter | None
Jodi | None
James | None
Ryan | None
Raijin | None
Kurt | None
Adam | None
Bryan | None
John | None
Dale | None
Dale | None
Stefany | None
Kent | None
Victória | None
Jennifer | None
Marcelle | None
Roja | None
Tamil | None
Ronald | None
Goutham | None
Sara | None
Fabiana | None
Asipalli | None
Kishore | None
Fabiana | None
Dillon | None
Dharmateja | None
Matthew | None
Samantha | None
Anthony | None
Christine | None
Angelica | None
Ryan | None
Katherine | None
Samuel | None
Kirk | None
Lori | None
Lori | None
Renata | None
Miriam | None
Hana | None
Seema | None
Karen | None
Cindy | None
Loretta | None
Thomas | None
Ryan | None
Dan | None
Yuliya | None
Alta | None
Jacob | None
Cody | None
Amber | None
Peter | None
Brandi | None
Dominick | None
Saleena | None
Ashley | None
Ilyas | None
Martha | None
Kirsten | None
Jay | None
Ryan | None
Christopher | None
Amy | None
Dan | None
Roxanne | None
Domenick | None
Johannen | None
Angel | None
Luis | None
Jose | None
Yalitza | None
Lauren | None
Amy | None
Abby | None
Stephen | None
Don | None
Kelly | None
Learned | None
Eleni | None
Angela | None
Kevin | None
Ellyn | None
Zinna | None
Lori | None
Angela | None
Matt | None
Susan | None
Michael | None
Amy | None
Ida | None
Dan | None
Mechler | None
Dane | None
Carrie | None
Tericia | None
Kelsea | None
Dana | None
Shannon | None
Amy | None
Ginny | None
Michael | None
Steven | None
Theresa | None
Estefany | None
Pedro | None
Charyse | None
Madison | None
Hilary | None
Lesley | None
Robert | None
Rachel | None
Katherine | None
Mona | None
Nelson | None
Edgar | None
Aquil | None
Shelly | None
Amanda | None
Michael | None
Ivan | None
Richard | None
Erica | None
David | None
Khushwinder | None
Todd | None
Eric | None
Elite | None
Linda | None
Michelle | None
Briana | None
Cheyenne | None
Melissa | None
Brittany | None
Steve | None
Pamela | None
Jim | None
Stephanie | None
Jason | None
Devendra | None
Lauren | None
Laura | None
Fuzail | None
Sierra | None
Nicole | None
Isaac | None
Sara | None
Christina | None
Carolyne | None
Stephanie | None
Alexandra | None
Jennifer | None
Kathryn | None
Ceage | None
Caron | None
Krista | None
Samantha | None
Julie | None
Mario | None
Sripathi | None
Mariaelena | None
Deborah | None
Andre | None
Wally | None
Mark | None
Elizabeth | None
Ken | None
Alex | None
Christopher | None
B | None
Brenda | None
Alexandros | None
Shawn | None
Stuart | None
Randy | None
Jason | None
Tamara | None
J | None
Michelle | None
Ralph | None
Joshua | None
Cynthia | None
Adam | None
jason | None
Nikki | None
Brooke | None
Vasylyna | None
AllSTARS | None
Anastasiia | None
Tatiana | None
Sapir | None
Anastasiia | None
Anastasiya | None
Anastasiya | None
Maryna | None
Mariia | None
Gaby | None
Yaroslava | None
Iryna | None
Adrian | None
Anna | None
Alex | None
Alina | None
Steffy | None
Steven | None
Elinore | None
Scott | None
Julie | None
Kateryna | None
Dwayne | None
Brandon | None
Monte | None
Ashish | None
Kyle | None
Jeff | None
Chris | None
Evan | None
Abel | None
Juan | None
Kimberly | None
Michael | None
Elizabeth | None
Mahdi | None
Perri | None
Mallory | None
Vivianne | None
Janell | None
Joseph | None
Jonathan | None
António | None
Ed | None
Shweta | None
Linda | None
Rell | None
Jonathan | None
Ernest | None
John | None
Vinh | None
Jenna | None
Aaron | None
Shane | None
Dana | None
Matthew | None
Carey | None
Kayla | None
Linnon | None
Linda | None
Nikki | None
Derrick | None
robert | None
David | None
Meghan | None
Tom | None
Laura | None
Matthew | None
Memo | None
Ashton | None
Daniel | None
Daryl | None
Alexander | None
Thomas | None
Oksana | None
Anastasiia | None
Slava | None
Olivia | None
Alexandra | None
Shannon | None
Elizabeth | None
Chantelle | None
Kelley | None
Aditi | None
Tamara | None
Steven | None
Christopher | None
Jimmy | None
Vera | None
Schuyler | None
Mike | None
Matthew | None
Susanne | None
Melinda | None
James | None
Patti | None
Andreia | None
Inna | None
Ghazali | None
Phil | None
Megan | None
Sumini | None
Kelly | None
Palla | None
Joel | None
Saranya | None
Maria | None
Sathya | None
Gopi | None
Dara | None
Priya | None
Jim | None
Sunitha | None
Marc | None
Sanchita | None
Katheryn | None
Ana | None
Govindaraju | None
Teresa | None
Daniela | None
Sebastian | None
Mariz | None
Ximena | None
Fer | None
Sumit | None
SRUTHI | None
Laura | None
Olive | None
Corina | None
Kasia | None
Liliia | None
Ernest | None
Thomas | None
Jack | None
Laurie | None
Cindy | None
Douglas | None
Keith | None
Donna | None
Kaitlyn | None
Jeff | None
George | None
Rebecca | None
Simpson | None
Luke | None
Sarah | None
Manny | None
Cameron | None
Nicole | None
Kira | None
Kellie | None
Maelyn | None
Corey | None
Niranjan | None
Jeffrey | None
Justin | None
Marc | None
Dyonne | None
Fatema | None
Alvin | None
Kevin | None
Greg | None
Thomas | None
Ethan | None
Chris | None
Matt | None
Sean | None
Sanjay | None
Wendi | None
Bryan | None
Charles | None
Mark | None
Ryan | None
Robin | None
Stephanie | None
John | None
Bransyn | None
David | None
David | None
Matt | None
Jose | None
Melinda | None
Jan | None
Andrea | None
Zeina | None
Sumeet | None
Clint | None
David | None
Katie | None
Jessica | None
Ju | None
Lay | None
Ryan | None
Jenny | None
Anna | None
Chad | None
Shane | None
Casey | None
John | None
Brittani | None
Lynsey | None
Emilee | None
Nikki | None
Mickey | None
Andrew | None
Florencia | None
Brandon | None
Lori | None
Kahali | None
Christiana | None
Gurpreet | None
Devesh | None
Jaya | None
Nissi | None
Ayush | None
Roshani | None
Nick | None
Kelle | None
Alex | None
Zach | None
Eileen | None
Christopher | None
Benjamin | None
Joseph | None
Hayagreevan | None
Sioux | None
Harry | None
Neil | None
Alex | None
Kevin | None
Lu | None
Gerald | None
Trevor | None
Joe | None
Crystal | None
Joe | None
Tim | None
Dega | None
Jennifer | None
Erica | None
Noah | None
Denise | None
Bob | None
Gere | None
Jeff | None
Dolores | None
Omar | None
Lisa | None
Gary | None
Gabby | None
Brandon | None
Matt | None
Travis | None
Conner | None
Ernad | None
Heather | None
Kacie | None
Mya | None
Michael | None
Jim | None
Phobelien | None
Alex | None
Josh | None
David | None
Jason | None
Carlie | None
Tanner | None
Howard | None
Chad | None
Jerry | None
Greg | None
Melanie | None
Tricia | None
Mathew | None
Jenall | None
Bryan | None
Matthew | None
John | None
Jake | None
Oscar | None
Ryan | None
Christopher | None
Roman | None
James | None
Travis | None
Narsimha | None
Grace | None
Conor | None
Jackie | None
Christopher | None
Cooper | None
Scott | None
David | None
Victoria | None
Erin | None
James | None
Marcie | None
Bradley | None
Leona | None
Helen | None
Elhadi | None
David | None
Steven | None
John | None
Frank | None
Scott | None
Brian | None
Anosh | None
Matthew | None
Amanda | None
Holly | None
Gabriel | None
BillyJo | None
Samantha | None
Jennifer | None
Lynise | None
Marlowe | None
Kim | None
EmLee | None
Tom | None
Jennifer | None
Nick | None
Elizabeth | None
Caitlin | None
Donovin | None
Benjamin | None
Jessica | None
Brendon | None
Joanna | None
Melanie | None
Jason | None
Markiesha | None
Charles | None
Peter | None
Bryan | None
D'Arcy | None
Justin | None
Keith | None
Matthew | None
Victoria | None
Ashley | None
Angela | None
Darla | None
François | None
Richard | None
Julie | None
Josiah | None
Mostafa | None
Kathy | None
Gene | None
Rose | None
Cliff | None
Judy | None
Molly | None
Zach | None
Shawnd | None
Jamilah | None
Aubreanne | None
Kelli | None
Adam | None
Claudine | None
Courtney | None
Paul | None
Julia | None
Eian | None
Diana | None
Marcy | None
Diane | None
Marbella | None
Magalis | None
Nairic | None
Peg | None
Danielle | None
Isis | None
John | None
Ariel | None
Ana | None
Ya'naejah | None
Paola | None
Mae | None
Alberto | None
Mario | None
Kaitlyn | None
Nalyanna | None
Marissa | None
Joselly | None
Carli | None
Enitza | None
Lorena | None
Virginia | None
Isabel | None
Maria | None
Chris | None
David | None
Shane | None
Greg | None
Douglas | None
Evan | None
Julie | None
Michelle | None
Eric | None
Charlotte | None
Miles | None
Kätlin | None
Ma | None
Logan | None
Celicia | None
Anna | None
Vivienne | None
Susan | None
Victoria | None
Andrés | None
Marissa | None
Barry | None
Linda | None
Doug | None
Robin | None
Francisco | None
Jon | None
Mike | None
Todd | None
Randy | None
Cade | None
James | None
Melissa | None
Brian | None
Cody | None
Rhea | None
Robert | None
Corey | None
Peter | None
David | None
bradley | None
Ben | None
Kurt | None
Eric | None
Natalie | None
Cristian | None
Wade | None
Sean | None
Joseph | None
Eric | None
Sophia | None
Brett | None
Ben | None
Zenia | None
Jennifer | None
Kelsey | None
Brittany | None
Anjali | None
Brett | None
Hannah | None
Jake | None
Mike | None
Amber | None
Tyler | None
Hassan | None
Nicholas | None
Dan | None
Carole | None
Eryn | None
Madan | None
Ashley | None
Leena | None
Tim | None
Corey | None
Briana | None
Briana | None
Diane | None
Brian | None
Brian | None
Kirk | None
Punam | None
Paul | None
Katie | None
Kimberly | None
Ashley | None
Stephanie | None
Audrey | None
Angielys | None
Andrea | None
Jackie | None
Amanda | None
Katty | None
Camelia | None
Kaitlyn | None
Jay | None
Connor | None
Jeff | None
Ben | None
Catherine | None
Nicholas | None
Tim | None
Ally | None
Shawn | None
Adam | None
Ron | None
Renessa | None
Emily | None
Caleb | None
Scott | None
Kevin | None
Michael | None
Katherine | None
Chris | None
Jennifer | None
William | None
Steven | None
Rachael | None
Maureen | None
Jairo | None
Loie | None
Kathrin | None
Julia | None
Neetu | None
Danielle | None
Alexis | None
Mike | None
Blairr | None
Joseph | None
Michael | None
Marc | None
Kathryn | None
Jason | None
Aurora | None
Jeanne | None
Shawn | None
Genny | None
Drew | None
Brian | None
Brant | None
Katherine | None
Kimberly | None
Carlo | None
Wendy | None
Joshua | None
Justine | None
Erica | None
Terry | None
Sacha | None
Nancy | None
Taylor | None
Caitlin | None
Alexander | None
Meghana | None
Hema | None
Jim | None
Sandy | None
Rebecca | None
Riley | None
Igor | None
Sebastian | None
Alicia | None
Amanda | None
Deise | None
Juliana | None
Inez | None
Laís | None
Luísa | None
Maria | None
Thales | None
Karoline | None
Denys | None
Octavio | None
Luísa | None
Kathellin | None
Gabriel | None
Crew | None
Mike | None
Alayna | None
Denise | None
Alina | None
Ethel | None
Wei | None
Carolyn | None
Jimmy | None
Fabriccio | None
Amanda | None
Mércia | None
Clara | None
Kaelyn | None
Natalie | None
Ryan | None
Jacquelyn | None
Mily | None
Lindsey | None
LaQuandra | None
Alexandra | None
Allison | None
Nick | None
Brittany | None
Kevin | None
Katie | None
Katherine | None
Andrew | None
Daiana | None
Giovanna | None
Thais | None
Júlia | None
Ariella | None
Jéssica | None
Letícia | None
Renata | None
Sydney | None
Christelle | None
Neala | None
Paige | None
Elizabeth | None
Michael | None
John | None
Austin | None
Hilary | None
James | None
Sawyer | None
Jay | None
Shannon | None
Arman | None
Katherine | None
John | None
Keon | None
Bridgett | None
Thomas | None
Austin | None
Donna | None
TJ | None
Jake | None
Joseph | None
Bridget | None
Katie | None
Behzad | None
Dan | None
Aaron | None
EJ | None
Nicolas | None
Pauline | None
Carlo | None
Benoit | None
Kevin | None
Thomas | None
Cedric | None
Marine | None
Nicolas | None
Bryan | None
Honglei | None
Salome | None
Mathilde | None
Joe | None
Isaque | None
Jian | None
Shimin | None
Andrew | None
Kern | None
Crystal | None
Yizhu | None
Elaine | None
Gael | None
Pete | None
Patrick | None
David | None
Alice | None
James | None
Phil | None
Brendan | None
Cheyenne | None
Alicia | None
Lynnette | None
Rosemary | None
Angel | None
Quinntin | None
Vish | None
Travis | None
Kevin | None
Matthew | None
Haley | None
Máximo | None
Eric | None
Adam | None
Bill | None
Jack | None
Simon | None
Amanda | None
Dennis | None
Sam | None
Clare | None
Seb | None
Tom | None
Marie | None
Karl | None
Baron | None
Fran | None
David | None
Brian | None
Richard | None
Stephen | None
Kyle | None
Tom | None
Andrea | None
John | None
Armelle | None
Kathi | None
Toby | None
Aaron | None
Fiona | None
Ben | None
Kylie | None
Christian | None
Georgie | None
Sean | None
Ngoc | None
Gabrielle | None
Emmanuelle | None
Raoul | None
Travian | None
Ella | None
Ramiro | None
Alessandro | None
Alexey | None
Renata | None
Nidal | None
Leonardo | None
Johan | None
Camila | None
Trenton | None
Sebastian | None
María | None
Omar | None
Mustafa | None
Neidys | None
Marcos | None
Enrico | None
Carlos | None
Katelyn | None
Juan | None
Nicole | None
Alexis | None
Mary | None
Katie | None
Aaron | None
Patricia | None
Brad | None
Brock | None
Francisco | None
Pollyanna | None
Keith | None
Robert | None
Elio | None
Elizabeth | None
Paula | None
Aleysant | None
Kristi | None
Melinda | None
Cassandra | None
Andy | None
Jeff | None
Colleen | None
Ashley | None
Mike | None
Amy | None
Latonia | None
Rhodia | None
Dalia | None
Maria | None
Amy | None
Alonso | None
Abelino | None
Lars | None
Michael | None
Umer | None
Ali | None
Francisco | None
Aslı | None
Regina | None
Nicolas | None
Marc-Antoine | None
Intan | None
Steven | None
Valentin | None
Florie | None
Etienne | None
Franck | None
Pierre | None
Aurore | None
Henri | None
Anna | None
Emmanuel | None
Jérôme | None
Jérémie | None
Jean | None
Robert | None
Samet | None
Jim | None
Jorge | None
Joaquín | None
Clint | None
Marcelo | None
Patricio | None
Abner | None
Pedro | None
Dadzie | None
José | None
Guilherme | None
Daria | None
Tamir | None
Pablo | None
Damask | None
Eden | None
Catalina | None
Furkan | None
Ana | None
Baltazar | None
Cem | None
Dafna | None
Danny | None
Kaia | None
Felipe | None
Linda | None
Jon | None
Brianna | None
Megan | None
Melinda | None
Emelie | None
Stephanie | None
Samantha | None
Stephanie | None
Diana | None
Maggie | None
David | None
Paola | None
Frances | None
Remy | None
Andy | None
Jordan | None
Jesse | None
Romell | None
Christina | None
Jonathan | None
Joe | None
Nikki | None
Leslie | None
Denise | None
Khurram | None
Cameron | None
Rachel | None
Audrey | None
Emily | None
Matthew | None
Dawn | None
James | None
Frederick | None
Kevin | None
Neil | None
Gene | None
Renée | None
Melissa | None
Claire | None
Michel | None
Jeremy | None
Michael | None
Suprit | None
Cicely | None
Joshua | None
Shaun | None
Leeann | None
Kim | None
Liz | None
Robert | None
Jessika | None
Luka | None
Jonathan | None
Laura | None
Chuck | None
Tabatha | None
Hammad | None
Ray | None
Kadeem | None
Matthew | None
Ahmed | None
John | None
Craig | None
Sean | None
Angie | None
Gaylya | None
Brooke | None
Tom | None
Ambrose | None
Jean | None
Nicholai | None
Mike | None
Anthony | None
Claude | None
Nancy | None
James | None
Ashley | None
Michael | None
John | None
Sue | None
Eliana | None
Blanche | None
Sara | None
Tsion | None
Jordan | None
Joe | None
Caley | None
Dan | None
Dustin | None
Adam | None
Rachel | None
Jerome | None
Frank | None
Loel | None
Ray | None
Stephanie | None
Angela | None
Wyatt | None
Bryan | None
Ahmad | None
Richard | None
Robert | None
Tetyana | None
Morgan | None
Meghan | None
Samuel | None
Nikole | None
Senthil | None
Patricia | None
Rick | None
James | None
Logan | None
Addison | None
Mark | None
Dean | None
Ben | None
Eiman | None
Vicki | None
Nischit | None
Cathal | None
Frances | None
Minjay | None
Samina | None
Prithvish | None
Jason | None
Toomas | None
Edward | None
Mike | None
Oliver | None
Sian | None
Kayla | None
Robert | None
Venkatesh | None
Moira | None
Elizabeth | None
Ethan | None
Monika | None
Don | None
Vignesh | None
Adithya | None
Ashok | None
Sameer | None
Bia | None
Suman | None
Bradley | None
Sandeep | None
Jayant | None
Sanjib | None
Ryan | None
Vikas | None
Hyde | None
Joji | None
Sachin | None
Eli | None
Palaniappan | None
Aditya | None
Andrew | None
Jim | None
Caryn | None
Gbenga | None
Mike | None
Rachael | None
CJ | None
Debbie | None
Rohit | None
Aman | None
Mindi | None
Sterling | None
Ryan | None
Chris | None
Stu | None
Dilyn | None
Margarita | None
Katherine | None
Shaughnessy | None
Mary | None
Keegan | None
Steve | None
Emily | None
Chris | None
Dillon | None
Bill | None
Sanjukta | None
Abby | None
Mykhailo | None
Michael | None
Nicole | None
Thinktek | None
Evans | None
Stephen | None
Heidi | None
Eric | None
Pratap | None
Juan | None
Malik | None
Roy | None
Jamie | None
Dante | None
John | None
Ellie | None
Jeremy | None
Jonathan | None
Joe | None
Bradley | None
Lynne | None
Greg | None
Tricia | None
James | None
Jennifer | None
Austin | None
Derick | None
Heather | None
Bob | None
Husnan | None
Jack | None
Sam | None
Pamella | None
Nancy | None
Tia | None
Jonathan | None
Dan | None
Joe | None
Brian | None
Ryan | None
Sean | None
Kevin | None
Scott | None
Kelly | None
Nicole | None
Art | None
David | None
Camisha | None
Chelsea | None
Damien | None
Christopher | None
Toan | None
Ryan | None
Hannah | None
Mitchell | None
Nick | None
Jessica | None
Michael | None
Brent | None
Aaron | None
Benjamin | None
Tucker | None
Justin | None
Jessica | None
Adeline | None
Farooq | None
Sadie | None
Dan | None
Nitya | None
Anderson | None
Becky | None
Adam | None
Jai | None
Patrycja | None
Aimee | None
Charlie | None
Glen | None
Annie | None
Supachai | None
Vignesh | None
Justin | None
Tim | None
Hai | None
Tim | None
Jacob | None
Carolina | None
Lloyd | None
Albert | None
ZhongNing | None
Angela | None
Yodit | None
Mary | None
Mehari | None
Dr | None
Saiful | None
Steve | None
Parker | None
Kristalle | None
Tyler | None
Naveen | None
Euzhel | None
Kat | None
Blair | None
Karan | None
Michael | None
Rekha | None
Megan | None
Soegi | None
Megan | None
Aimee | None
Kairus | None
Patience | None
Sophie | None
Sam | None
Luigi | None
Iman | None
Damien | None
Noura | None
Manasseh | None
Leanne | None
Ermiyas | None
Armaan | None
Soncheree | None
Pooja | None
Robert | None
Daniel | None
Alex | None
Doug | None
Scott | None
Chyna | None
Susan | None
Jaime | None
Eric | None
Eddie | None
Sara | None
David | None
Kristie | None
Hayden | None
Fred | None
Monica | None
Charlie | None
Drew | None
Gabriela | None
Celia | None
Kendyll | None
Jordan | None
Lior | None
Allison | None
Julian | None
Tony | None
Thomas | None
Megan | None
Sabrina | None
D | None
Jango | None
Stephanie | None
Adrian | None
Sergio | None
Courtney | None
Melissa | None
Vinny | None
Adam | None
Wyatt | None
Melissa | None
Adam | None
Willow | None
Gavin | None
Woo | None
Susan | None
Andrei | None
Luis | None
Walter | None
Steve | None
Christina | None
Michael | None
Ted | None
Ray | None
Jahanvi | None
Steve | None
Jonathan | None
Keola | None
Victoria | None
Aziza | None
Charles | None
Ian | None
Vishal | None
Judy | None
Mousif | None
Sandya | None
Anita | None
Safaa | None
Abbas | None
Seema | None
jo | None
Prasanthi | None
Roman | None
Sandeep | None
Mila | None
Mykhailo | None
Anastasiia | None
Yaryna | None
Ulyana | None
Rich | None
Yulia | None
Christina | None
Liudmyla | None
Alyssa | None
Kandice | None
Oksana | None
Mamatha | None
Theo | None
Vijay | None
Larry | None
Julie | None
Sreeram | None
Manish | None
Damodara | None
Barbara | None
Hitesh | None
Sreenivasa | None
Shiva | None
Lavanya | None
Kayla | None
Nitika | None
Laila | None
Frank | None
Gowri | None
Rick | None
Rashmi | None
Macon | None
Arushi | None
Danny | None
RICHARDSON | None
ANUKRATI | None
Sharad | None
Russell | None
Danielle | None
Stephen | None
Cheryl | None
Steven | None
Yajun | None
Joseph | None
Brian | None
Mike | None
Albert | None
Jeff | None
Bruno | None
Kelley | None
Caameron | None
Michael | None
Roslyn | None
Stephen | None
Don | None
Marcus | None
Gretchen | None
Ed | None
Gayla | None
Lydia | None
Samantha | None
Sherry | None
Dhanush | None
Justin | None
Dawn | None
Erin | None
Angelique | None
Gerard | None
Brody | None
Syl | None
Katie | None
Bassem | None
Rada | None
Alessandro | None
Siddharth | None
Amber | None
Vinciane | None
Katie | None
Tim | None
Ella | None
Jarid | None
Craig | None
Pavel | None
Anne-Danielle | None
Magdi | None
Sarah | None
Maria | None
Allison | None
Taylor | None
Zoe | None
Casey | None
Rich | None
Mikki | None
Brennan | None
Nilesh | None
Yomar | None
Michael | None
Smriti | None
Anna | None
Frank | None
David | None
Chrisstie | None
Shaun | None
Adam | None
Nancy | None
Rose | None
Hiren | None
Travis | None
Gina | None
Ignacio | None
Dee | None
Karla | None
Robert | None
Mary | None
Terry | None
Patty | None
Kayla | None
Tina | None
AJ | None
Heather | None
Michael | None
Rick | None
Dale | None
Bhoopendra | None
Kim | None
Paige | None
Walter | None
Mike | None
MICHELE | None
Glenn | None
Margaret | None
Jack | None
Asim | None
Charlie | None
Shaina | None
Doren | None
Steve | None
Julie | None
Susan | None
Suranjana | None
MaheshKumar | None
Tom | None
Patrick | None
Kahina | None
Leon | None
Mathew | None
Renee | None
Nina | None
Cecilia | None
Patrick | None
Maya | None
Audrey | None
Jeremy | None
Lan | None
Alex | None
John | None
Elly | None
Steve | None
Laura | None
Dave | None
Eric | None
Dave | None
Matt | None
Michael | None
Tyrone | None
Rebecca | None
Michael | None
Darren | None
Rodney | None
Sara | None
Greg | None
Shreyam | None
Tremyl | None
Landon | None
Patrice | None
Gabriel | None
Amber | None
Jessica | None
Jimmy | None
Rosalinda | None
Leonard | None
Jesse | None
Amy | None
Joseph | None
Kyle | None
Brandon | None
Chris | None
Graham | None
Bill | None
Michelle | None
Blake | None
Chris | None
Timothy | None
Colin | None
Nisha | None
Eric | None
Michael | None
Troy | None
Aaron | None
Monique | None
Stacey | None
Brent | None
Sergio | None
Samantha | None
Byron | None
Ana | None
Jess | None
Michele | None
David | None
Katherine | None
Jared | None
Sarah | None
Michael | None
Vineet | None
Grace | None
Alexandre | None
Harry | None
Craig | None
Leonhard | None
Andrew | None
Jack | None
Monica | None
Jessica | None
Michelle | None
Michael | None
Kirsten | None
Tri | None
Larry | None
Gerry | None
Tyler | None
Mike | None
Nicole | None
Joe | None
Chris | None
Gary | None
Carol | None
Scott | None
Sean | None
Megan | None
Orrin | None
Shirena | None
Steve | None
Tyler | None
Andrea | None
Joe | None
Erin | None
Annette | None
Mary | None
Charleen | None
Mayling | None
Dennis | None
Aaron | None
Gabrielle | None
Georgiana | None
Gonçalo | None
Fanny | None
Léa | None
Paula | None
Ana | None
Inês | None
Jessica | None
Justyna | None
Valeryia | None
Estelle | None
Bernardo | None
Sara | None
Vincent | None
Mayeul | None
Daniela | None
Yassmine | None
Sevana | None
Line | None
Daniela | None
Tina | None
Nuno | None
Melvin | None
Nataliia | None
Sonny | None
Richard | None
Joe | None
Chris | None
Mark | None
Mandy | None
Dan | None
Declan | None
Samuel | None
Deon | None
Anthony | None
Lana | None
Brandon | None
Matt | None
Steven | None
James | None
Pearce | None
Kaine | None
Jake | None
Marlon | None
Harry | None
Emrah | None
Amy | None
Sonny | None
Precious | None
Mishi | None
Jay | None
Troy | None
Jeffrey | None
Mike | None
Meaghan | None
Abhijith | None
Eddie | None
Jessica | None
Mark | None
Esra | None
Nicole | None
Tayo | None
Callum | None
Megan | None
Payton | None
Brian | None
Jeremy | None
Eddie | None
Katie | None
Rishi | None
Tim | None
Thomas | None
Patrick | None
Ben | None
Kara | None
Ashley | None
Erik | None
Jackie | None
Kevin | None
Matthew | None
Allen | None
Santhosh | None
David | None
Sanjay | None
Raymond | None
Arvind | None
Kurt | None
Roy | None
Jordan | None
James | None
Jason | None
Michael | None
Brad | None
Kevin | None
Jonathan | None
Ilena | None
Emily | None
Brandy | None
Ashley | None
Jacob | None
Maggie | None
Tomas | None
Sarah | None
Diana | None
Lauren | None
Christopher | None
Jonathan | None
Alessandra | None
Iryna | None
Cassie | None
Kseniia | None
Jessica | None
Jessica | None
Mariela | None
Max | None
Jonathan | None
Todd | None
Tiffany | None
Jake | None
Cris | None
Michael | None
Dave | None
Fred | None
Travis | None
Benjamin | None
Heidi | None
Caroline | None
Saul | None
Billy | None
Ian | None
Jackie | None
Kerri | None
Evan | None
Jack | None
Oluseyi | None
Jacquie | None
Ornella | None
Rebecca | None
Deb | None
Rick | None
Dan | None
Jeff | None
Annette | None
Jeff | None
Annette | None
Michaila | None
Anna | None
V | None
Angela | None
Spencer | None
Corey | None
Caitlin | None
Donna | None
Jeff | None
Christopher | None
Dan | None
Ashton | None
Matthew | None
Drew | None
Shelby | None
Abby | None
Major | None
Chris | None
Jon | None
Ericha | None
Kayla | None
Paul | None
George | None
Ian | None
Mike | None
Jules | None
Angelica | None
Adolfo | None
Jeithsa | None
Roberto | None
Rebeca | None
Emily | None
Rebe | None
Barbara | None
Sophie | None
Rose | None
Shane | None
Katrina | None
Juliana | None
Kaylee | None
Maddie | None
Stuart | None
Emily | None
Simran | None
Conor | None
Adrian | None
Roma | None
Andre' | None
Max | None
Karen | None
Amanda | None
Buortau | None
Gina | None
Chris | None
DJ | None
Joe | None
Jarod | None
Harry | None
Louis | None
Emily | None
Jody | None
Essence | None
Alejandro | None
Raunika | None
I. | None
Ucha | None
Marharуta | None
Pavel | None
Raman | None
Alex | None
Yash | None
Stojan | None
William | None
Carson | None
Samir | None
Evgeniy | None
Jack | None
Divy | None
Patrick | None
Boris | None
Nathan | None
Emily | None
Jacob | None
Abu | None
Darren | None
Jared | None
Sharon | None
Obasore | None
Bri | None
Esther | None
Henry | None
Adam | None
Morgan | None
William | None
Alan | None
David | None
Caylea | None
Casondra | None
Victoria | None
Diana | None
Lee | None
Kristina | None
Beth | None
Katey | None
Amanda | None
Melissa | None
Denis | None
Katy | None
Corey | None
Kavyashree | None
Michael | None
Diego | None
Milena | None
Kimberly | None
Ian | None
Rajeshree | None
Huma | None
Geoffrey | None
Szabrina | None
Heitor | None
Réka | None
Milena | None
Emese | None
Jeff | None
Victor | None
Peter | None
Gyula | None
Renee | None
Gonzalo | None
Melanie | None
Rohit | None
Katelin | None
Apurva | None
Kate | None
Matt | None
Sam | None
Matthew | None
John | None
John | None
Alex | None
Margie | None
Leah | None
Jonathan | None
Mertcan | None
Omer | None
Neslihan | None
Erk | None
Zineb | None
Gürkan | None
Gautam | None
Anirudh | None
Francesco | None
Nikhil | None
Finbar | None
Stacy | None
Jill | None
Jordan | None
Amy | None
Shea | None
Kacey | None
Mohit | None
Agnesa | None
Michel | None
Ami | None
Stacey | None
Suraj | None
Tiffany | None
Kari | None
Cassandra | None
Le | None
Nathan | None
Tyler | None
Derek | None
Gaby | None
Daulton | None
Jacob | None
Julie | None
Aaron | None
Jeff | None
Eugenia | None
Brennan | None
Daniel | None
Michela | None
Antworne | None
John | None
Deneen | None
Chinh | None
Rachel | None
Yeng | None
Jaroslaw | None
Mark | None
Walter | None
Andrew | None
Nathan | None
Luísa | None
Gabriel | None
Ravi | None
Jason | None
Andrew | None
Satwik | None
Mark | None
Ahsan | None
Zachary | None
Stefan | None
Ricardo | None
Doreen | None
Thomas | None
Victoria | None
Denys | None
Amanda | None
Larissa | None
Kathellin | None
Victória | None
Danni | None
Fabiana | None
Elionara | None
Fabriccio | None
Clara | None
Bernardo | None
Vinod | None
Jenna | None
Kori | None
Kevin | None
Supriya | None
Jyoti | None
Kritika | None
Amy | None
Mark | None
Douglas | None
Mark | None
Heather | None
Craig | None
Greg | None
Tanuja | None
Kathleen | None
Laura | None
Carolyn | None
Gabrielle | None
Paul | None
Bob | None
Cory | None
Brandon | None
Daniel | None
Khoa | None
Andrew | None
Steven | None
Mohd | None
Yinjie | None
Aravala | None
Ashley | None
Kevin | None
Steffen | None
Scott | None
Ryan | None
Shannon | None
Travis | None
Eric | None
Cameron | None
Carlos | None
Charles | None
Scout | None
Kevin | None
Adam | None
Nick | None
Deepti | None
Yanlu | None
Sylvia | None
Vaishnavi | None
Micah | None
Megalaa | None
Weixuan | None
Eddy | None
Syl | None
Tracy | None
Ben | None
Tony | None
Kelli | None
Christine | None
Jamir | None
Thomas | None
Milena | None
Kayla | None
Michaela | None
Tae | None
Tamer | None
Surendra | None
Amy | None
Justin | None
Ryan | None
Caylee | None
Jen | None
The | None
Thomas | None
Amanda | None
Heather | None
Tina | None
Gwen | None
Matvey | None
Daniel | None
Rachel | None
Gezahegn | None
Joshua | None
Michele | None
Robel | None
Anastasia | None
Stacia | None
Ash | None
Ishita | None
Bibhu | None
David | None
Castro | None
Niloy | None
Lars | None
Elicia | None
Junaid | None
Ankur | None
Ludmila | None
Andy | None
SHYAM | None
Kiddy | None
Justin | None
Manoj | None
John | None
Suraj | None
Benjamin | None
Eric | None
Karen | None
Jane | None
Erica | None
Tiffany | None
Fran | None
Stefani | None
Matt | None
Latretra | None
Cynthia | None
Arleen | None
Steve | None
Barbara | None
Kelly | None
Carlos | None
April | None
Brent | None
Lauren | None
Ruby | None
Samuel | None
Rob | None
Nicolle | None
James | None
Katie | None
Jennifer | None
Bree | None
Shonna | None
Rick | None
Chris | None
Cristal | None
Chris | None
Tamara | None
Morgan | None
Michael | None
Samuel | None
Destanie | None
Melanie | None
Luis | None
Inga | None
Brennan | None
William | None
Michael | None
Stuart | None
Lilliam | None
Alex | None
Carla | None
Drew | None
Aidan | None
Yvette | None
Debbie | None
Selena | None
Armando | None
Jessi | None
Jeremy | None
Brahm | None
Liang | None
Liberty | None
Todd | None
Christa | None
Dorinda | None
Elizabeth | None
Jim | None
Joaquin | None
Deborah | None
Charles | None
Jeremy | None
Joey | None
Joe | None
Josef | None
Lee | None
Rick | None
Joseph | None
Robert | None
Abdulaziz | None
William | None
chuck | None
Drema | None
Glenn | None
Trevor | None
Debra | None
Matt | None
Michael | None
Rachel | None
Sophie | None
Karen | None
Darletha | None
Anju | None
Samantha | None
Eric | None
Sadiq | None
Veronika | None
Lauren | None
Grace | None
Sean | None
Brad | None
Maximos | None
Craig | None
Sandra | None
William | None
Aaron | None
Otto | None
Nicholas | None
Devin | None
David | None
Martin | None
Dianne | None
Marlena | None
Pat | None
Rebecca | None
Heather | None
Paula | None
Allyson | None
Lola | None
Christine | None
Barry | None
Janée | None
Lisa | None
Elizabeth | None
Gina | None
Brandi | None
Katie | None
Christine | None
Ashley | None
Kim | None
Barbara | None
Tristan | None
Hojin | None
Courtney | None
Loren | None
Maya | None
Jeffrey | None
Tiffany | None
Steve | None
Susan | None
Judith | None
Michele | None
Rachelle | None
Louann | None
Tim | None
Wendi | None
Janet | None
Rashaanda | None
Kathleen | None
Joanne | None
Michelle | None
Michelle | None
Jill | None
Mike | None
Nicole | None
Tina | None
Elizabeth | None
Wendy | None
Gary | None
Elizabeth | None
Jardena | None
Kimberly | None
Alisa | None
Melissa | None
Steven | None
Jill | None
Ana | None
Andrew | None
Mollie | None
Myriam | None
Omar | None
Pablo | None
Patti | None
Paul | None
Paulette | None
Peter | None
Pierre | None
Raj | None
Milagros | None
Randall | None
Rebekah | None
Rebecca | None
Regina | None
Rhonda | None
Sasha | None
Sean | None
Sebastien | None
Sharon | None
Sharon | None
Shelley | None
Raúl | None
Mike | None
Mike | None
Michel | None
Judy | None
Katie | None
KC | None
Ken | None
Kenny | None
Kevin | None
Kay | None
Kim | None
Kyle | None
Kristie | None
Krista | None
Lara | None
Lesley | None
LinkedIn | None
Link | None
Lizzie | None
Marcia | None
Marilyn | None
Mario | None
Mathew | None
Matt | None
Michael | None
Michael | None
Silvana | None
Jaie | None
Shelley | None
Steve | None
Anne-Marie | None
Staci | None
Stacy | None
Rene | None
Stephen | None
Brandon | None
Tyson | None
Alex | None
Vanessa | None
Morgan | None
Dan | None
Miriam | None
Severin | None
Andie | None
Ian | None
Connor | None
Jake | None
BreAnna | None
Alia | None
Rick | None
Byron | None
Omar | None
Jared | None
Kirsty | None
Sean | None
Tamzy | None
Steven | None
Tanya | None
Taylor | None
Taylor | None
Tony | None
Todd | None
Tony | None
Travis | None
Wendy | None
Will | None
William | None
William | None
Shannon | None
Caroline | None
Fourie | None
Kiara | None
Renée | None
Anneke | None
Claudia | None
TK | None
Cat | None
Kayli | None
Rutea | None
Sophia | None
Marisa | None
Jacob | None
John | None
Dean | None
Gabriel | None
Alec | None
Phone | None
Jeorgi | None
Saul | None
Michelle | None
Pam | None
Kelley | None
Monica | None
Rebecca | None
Jaxon | None
Ken | None
Lisa | None
John | None
Brandon | None
Matthew | None
Mario | None
Ana | None
Clara | None
David | None
Hector | None
Alejandro | None
Gabriella | None
Jenna | None
Steven | None
Sheila | None
Fabiana | None
Ernesto | None
Chris | None
Finlay | None
Ali | None
Daniel | None
Graham | None
Barry | None
Michael | None
Brooke | None
Daniel | None
Ryan | None
Andrew | None
Michael | None
Eddy | None
Archie | None
Idelys | None
Mark | None
Todd | None
Katie | None
Rocio | None
Marvin | None
Achraf | None
John | None
Albert | None
Rihab | None
David | None
Diane | None
Dustin | None
Dylan | None
Emilia | None
Fay | None
Flor | None
Freedom | None
Gabriela | None
Gail | None
Cristina | None
George | None
James | None
Jason | None
Jeanne | None
Jeff | None
Jeff | None
Jennifer | None
Jens | None
Jie | None
Jim | None
John | None
James | None
Christy | None
Christopher | None
Christopher | None
Arlindo | None
Isabelle | None
Andrés | None
Jacqueline | None
Christian | None
Donny | None
Robert | None
Christopher | None
Charlie | None
April | None
Ashley | None
Austin | None
Beckie | None
Ben | None
Bill | None
Blair | None
Brad | None
Brandon | None
Brian | None
Brian | None
Carter | None
Cassandra | None
Christine | None
Will | None
Venkat | None
Sasho | None
Jason | None
Akshay | None
Damian | None
Peter | None
Thomas | None
Andy | None
Emily | None
Scott | None
Rachel | None
Brendon | None
Kerem | None
Curtis | None
Areli | None
Julian | None
David | None
Leah | None
Lauren | None
Renee | None
Clay | None
Colin | None
Wright | None
Marla | None
Giovanni | None
Nicole | None
Karen | None
Brian | None
Cristina | None
Ismael | None
Ameer | None
Hilary | None
Simone | None
Mona | None
Monica | None
Eric | None
Keith | None
Qasim | None
Matías | None
Blake | None
Ron | None
Alexis | None
Joseph | None
Sarah | None
Arthur | None
Mario | None
David | None
Sagar | None
Calvin | None
Patrick | None
Grégory | None
Fayez | None
Sophie | None
Sumeet | None
Poppy | None
Ruby | None
Raimonds | None
Vin | None
Sue | None
Alexander | None
Taylor | None
Manish | None
Judy | None
Jackson | None
Chidi | None
Hayden | None
Jake | None
Angel | None
Mike | None
Gus | None
Pierre | None
Lauren | None
Nathaniel | None
Jason | None
Tyler | None
Gary | None
Derek | None
Garrett | None
Marcus | None
Daniel | None
Ayaz | None
Ed | None
Susan | None
Vanessa | None
Luis | None
Diamelys | None
Mary | None
Brian | None
Andy | None
Cara | None
Camron | None
Thomas | None
Valentina | None
Megan | None
Nouf | None
Philip | None
Jay | None
Brett | None
Anna | None
Cristina | None
Cemone | None
Anna | None
Kamari | None
Andres | None
Raman | None
Geena | None
Wendy | None
Aira | None
David | None
Chanel | None
BLAKE | None
Bob | None
Carol | None
Harry | None
Kurt | None
Victor | None
Lily | None
Satyendra | None
Wilmo | None
Harrison | None
Lincoln | None
Herman | None
Lacie | None
Sarah | None
Michael | None
Daniel | None
Geoff | None
Noah | None
Caroline | None
Lisa | None
Paul | None
Daniel | None
Jennifer | None
Payton | None
Megan | None
Peter | None
Solomon | None
Michael | None
Mehvish | None
Sunny | None
Catherine | None
Tarun | None
Dara | None
Jeffrey | None
Danny | None
Eric | None
Anita | None
Tharisicia | None
Brennen | None
Katherine | None
Bill | None
AnDretta | None
Carol | None
Stacy | None
Sandra | None
Kimberly | None
Danny | None
Katie | None
Jacob | None
Olivia | None
Bhavya | None
Ray | None
Suzanne | None
Allison | None
Janet | None
Abdi | None
Christina | None
Divina | None
Sarah | None
Veronica | None
Briana | None
Kayce | None
Naeem | None
Enrique | None
Sally | None
Abigail | None
Maria | None
Chelsea | None
Nichole | None
Shana | None
Nicole | None
Karina | None
Angela | None
Erica | None
Vanessa | None
Patty | None
Joann | None
Amanda | None
Kurt | None
Alexis | None
Mioche | None
Delilah | None
Niharika | None
James | None
Arham | None
Samantha | None
Monica | None
Martha | None
Karen | None
Philip | None
Bob | None
Beverly | None
Jonathan | None
Lindsey | None
Kristina | None
Dorian | None
Bobbi | None
Brett | None
Annie | None
Adriana | None
Misty | None
Christine | None
Kristen | None
Charlie | None
Dominique | None
Teresa | None
Heather | None
Melissa | None
Angela | None
Matthew | None
Maria | None
bella | None
Jonathan | None
Noelle | None
Joanna | None
Lauren | None
Caroline | None
Diane | None
Stephen | None
Angela | None
Paul | None
Lois | None
Domonique | None
Jennifer | None
Brooke | None
Safi | None
Marcelo | None
Angelica | None
Heather | None
Sofia | None
Chere | None
Cathy | None
Charlene | None
sravanthi | None
Robert | None
Joey | None
Mark | None
Preeti | None
Abigail | None
John | None
Charity | None
Gayathri | None
Dhanushka | None
Matthew | None
Natasha | None
Chioma | None
Satya | None
Verónica | None
Pallavi | None
Zak | None
Zachary | None
Glory | None
Guozhang | None
Diana | None
Dale | None
Randy | None
Jon | None
Michelle | None
Sireesha | None
Chike | None
Jack | None
Zelalem | None
Hao | None
Young | None
Adriana | None
Ruth | None
Harold | None
Rekesh | None
Iryna | None
DAVID | None
Diego | None
Obaid | None
Aaron | None
Diego | None
Brandon | None
Jorge | None
Giancarlo | None
Jose | None
Mariela | None
Brice | None
Maneesh | None
Jamie | None
Carlos | None
Jeannine | None
Amber | None
Freya | None
Heather | None
Anne-Marie | None
Cheryl | None
Lisa | None
Dan | None
Ana | None
Fredy | None
Jack | None
Jessica | None
Maira | None
Himali | None
Noel | None
Andrew | None
David | None
Brie | None
Diego | None
Fernando | None
Fiorella | None
Dann | None
Yacdani | None
Jessica | None
Karen | None
Tracy | None
Christopher | None
Jade | None
Oluchukwu | None
Kellie | None
Tyana | None
Nathalie | None
jordan | None
Ghya | None
Winta | None
Treasure | None
Marie | None
Adham | None
James | None
Jags | None
Phil | None
Mahalia | None
Nick | None
Lynda | None
Sureshni | None
Gabriella | None
Dearbhla | None
Finola | None
Andrew | None
Nigel | None
Dave | None
Ian | None
Mara | None
Phil | None
Darren | None
Unil | None
Ameera | None
Katie | None
Natasha | None
Ines | None
Amjad | None
Oyama | None
Ash | None
Tom | None
Pleurat | None
Anushree | None
Ellie | None
Toby | None
Jackson | None
Shawn | None
Rebekah | None
John | None
Bayron | None
Michelle | None
Tyreik | None
Kathleen | None
Taylor | None
Melissa | None
Victoria | None
Jayde | None
Whitney | None
Ryan | None
Tyler | None
Damion | None
Paula | None
Stephanie | None
Joachim | None
Asalia | None
Rachael | None
Ashley | None
Josephine | None
Daniel | None
Rachel | None
Simon | None
Claire | None
Dean | None
Allison | None
Georgia | None
John | None
Gemma | None
Theresa | None
Matt | None
Katie | None
Julia | None
Kathryn | None
Rebecca | None
Kayla | None
Simon | None
Ashish | None
Martha | None
Megan | None
Shawn | None
Michael | None
Frederick | None
Keith | None
Mark | None
Elias | None
Darius | None
Richard | None
Charlie | None
Alexandria | None
Mika | None
Chris | None
Joshua | None
Deserey | None
Chasity | None
Forrest | None
Jim | None
Amber | None
Michael | None
Matt | None
Jhon | None
Matthew | None
Justin | None
Luke | None
Mike | None
Aaron | None
Derek | None
Bill | None
Wayne | None
Jeremy | None
David | None
Diane | None
Sabina | None
Ronell | None
Eric | None
Jim | None
Payal | None
Dulaj | None
Eric | None
Avery | None
Maher | None
Sanjay | None
Scott | None
Neha | None
Mike | None
Alice | None
Oliver | None
David | None
Zachary | None
Dan | None
Victoria | None
Rose | None
Dimitrios | None
Omran | None
Noor | None
Sarah | None
Sonia | None
Mamie | None
Adam | None
Katy | None
Dana | None
Tyaija | None
Neal | None
Jim | None
Melody | None
Leighton | None
Richard | None
Subhash | None
George | None
Lee | None
Adelagun | None
Christopher | None
Emmily | None
Jermaine | None
Christen | None
Eric | None
Terri | None
Chaitanya | None
Christa | None
Lily | None
Gary | None
Matthew | None
Jonathan | None
Evan | None
Kurt | None
Donald | None
Kyle | None
Jason | None
Beth | None
Hao | None
Tom | None
Stephen | None
Jessica | None
Jeff | None
Robert | None
Michael | None
Kristian | None
Bobby | None
Yuanxi | None
Ramdas | None
Chris | None
Dagny | None
Matt | None
Jerome | None
Michael | None
David | None
Michele | None
Matt | None
Jack | None
Nathali | None
Gabe | None
Stephen | None
Lori | None
Jaden | None
Clinton | None
Chad | None
Eric | None
Ryan | None
Marwa | None
Bryan | None
Alejandro | None
Nicole | None
Cheryl | None
Chantelle | None
Paul | None
Dominique | None
Alfredo | None
Joanna | None
Crystal | None
Christine | None
Tiffany | None
Kathryn | None
Jan | None
Brittany | None
Samantha | None
Jose | None
Carol | None
Kunjan | None
Amanda | None
Jamie | None
Patrick | None
Chase | None
Theodore | None
Akash | None
Matthew | None
Sara | None
Bobby | None
Laura | None
Divya | None
Brandon | None
Sheena | None
Karla | None
Kathy | None
Maryam | None
Cara | None
Leigh | None
Travis | None
Siddharth | None
Alicia | None
Jeremy | None
Amy | None
Ryan | None
Kunal | None
Jay | None
Helena | None
Chirag | None
Meredith | None
Olivia | None
Jim | None
Georgina | None
Karen | None
Lauren | None
Steven | None
Nathan | None
Joan | None
Lynn | None
Benjamin | None
Patrick | None
Liz | None
Scott | None
Shubhada | None
Priyanka | None
Rumaan | None
AMIT | None
Vadigonda | None
Yangini | None
shravani | None
Jacqueline | None
Gary | None
Andy | None
Sam | None
Jon | None
Stephen | None
Marc | None
Robert | None
Elijah | None
Aisha | None
Nicole | None
Scott | None
Kerry | None
Schubert | None
Joe | None
Benjamin | None
Constantin | None
Debbie | None
Audra | None
Katelyn | None
Gwen | None
Sarah | None
Katie | None
John | None
Meaghan | None
Brian | None
Amy | None
Kerry | None
Mike | None
Alaíde | None
Jill | None
Tara | None
Deji | None
Marie-Claude | None
Bill | None
Jeff | None
Lauren | None
Kevin | None
Jonna | None
Amanda | None
Aliyah | None
Carolyn | None
Bud | None
Robert | None
David | None
Anil | None
Bethany | None
Gloria | None
Pranjal | None
Bob | None
Laurie | None
Jennifer | None
Kate | None
Lauren | None
Elena | None
Nadiia | None
Kate | None
Tetiana | None
Olha | None
Irina | None
Oksana | None
Palina | None
Sofiia | None
Natalia | None
Natalia | None
Yuliia | None
Eliana | None
Nataliia | None
Flavia | None
Natalie | None
Liubov | None
Oksana | None
Camila | None
Noelia | None
Ward | None
Ulyana | None
Laura | None
Alexandr | None
Catherine | None
Polina | None
ANA | None
Halyna | None
Anastasiya | None
Iryna | None
Polina | None
Elena | None
Katsiaryna | None
Khrystina | None
Ivan | None
Maria | None
María | None
Allison | None
Yulia | None
Nadiya | None
James | None
Douglas | None
Raymond | None
Linda | None
Zach | None
Laurie | None
Angelica | None
Jack | None
Matthew | None
Stephanie | None
Demi | None
Donald | None
Pam | None
Rob | None
Gene | None
Barry | None
Lindsey | None
Irene | None
Brian | None
Nicole | None
Eugene | None
Iryna | None
Carolina | None
Nataliia | None
Gayatri | None
Kateryna | None
Christina | None
Cary | None
Benji | None
Brantley | None
Charlie | None
William | None
Keith | None
Stuart | None
Matthew | None
David | None
Bryce | None
Desati | None
Lindsay | None
David | None
Carolina | None
Nathalia | None
Tcharles | None
Taynara | None
Luanna | None
Caroline | None
Sachin | None
Luck | None
Sanjam | None
Andy | None
Justin | None
Kathy | None
Stephan | None
Perri | None
Chris | None
Tom | None
Elizabeth | None
Sarah | None
Marcos | None
Rodrigo | None
Austin | None
Ben | None
Ryan | None
John | None
Jim | None
Sanjeev | None
Michael | None
Jéssica | None
KAYLA | None
Bec | None
Margarita | None
Bryan | None
David | None
Ian | None
Nelson | None
Natanny | None
Tommy | None
Sheila | None
Joey | None
Jeff | None
Thomas | None
Umair | None
Daniel | None
Laura | None
Mark | None
Niraja | None
Kevin | None
Olalekan | None
Sarah | None
Kaitlin | None
Sarah | None
Jeff | None
Erinn | None
Morgan | None
McKenzie | None
Mel | None
Bruce | None
Justin | None
Scott | None
Dre | None
Melissa | None
Jose | None
Tykia | None
Brandon | None
Kate | None
Javier | None
Kevin | None
Stephen | None
Ross | None
Johanne | None
Eunja | None
Riaan | None
Jonathan | None
Rohit | None
Bryan | None
George | None
Ben | None
Brennan | None
James | None
Kamil | None
Andrew | None
Caroline | None
Matt | None
Samantha | None
Anna | None
Kate | None
Gigi | None
Delaney | None
Candace | None
Seth | None
Caroline | None
Rachael | None
Kristen | None
Jordan | None
Cody | None
Jonathan | None
Annie | None
Jess | None
Chad | None
Kathryn | None
Matt | None
Zachary | None
Jay | None
Lindsay | None
Sunny | None
Thomas | None
Jacob | None
Gray | None
Jay | None
Colton | None
Heather | None
Kyle | None
Richard | None
Alex | None
Madison | None
Maggie | None
Gabriel | None
Saxon | None
Bella | None
Roger | None
Haley | None
Mary | None
Victoria | None
Kelly | None
Christopher | None
Margot | None
Kathleen | None
Ryan | None
Michele | None
Lauren | None
Joy | None
Morgan | None
Derek | None
Cassandra | None
Tayler | None
Chris | None
Courtney | None
Mikayla | None
Shania | None
Cesar | None
Samuel | None
River | None
Molly | None
Maggie | None
Dana | None
Lauren | None
Jessica | None
Zachary | None
Taylor | None
Madison | None
Kelly | None
Brian | None
Matt | None
Molly | None
Tori | None
Justin | None
Sasha | None
Eric | None
Lyra | None
Daniel | None
Anas | None
İsa | None
Oyekanmi | None
Nat | None
Lori | None
Sarah | None
Faruk | None
Adam | None
Kevin | None
Charles | None
CHRISTIANA | None
Craig | None
Nick | None
Dave | None
Jeffrey | None
Adam | None
Jennifer | None
Mohammed | None
Phil | None
Cuthbert | None
Rajinder | None
Lisa | None
Roxanne | None
Sara | None
Christelle | None
Jonathan | None
Aya | None
Yana | None
Rob | None
Steven | None
Brian | None
Tara | None
Kaushik | None
Natalie | None
Gavin | None
Lindsey | None
Sonia | None
Kristopher | None
Steven | None
David | None
Supragya | None
Douglas | None
Navneet | None
Nicola | None
Danielle | None
Claire | None
Lawrence | None
Daren | None
Ranjith | None
Aftab | None
Jimmy | None
Nathaniel | None
Brent | None
Chris | None
Cody | None
Adele | None
Aye | None
Ethan | None
Fravil | None
Meseret | None
Jeffrey | None
James | None
Candice | None
Brian | None
George | None
Gerald | None
Sudhir | None
Cheryl | None
Vanita | None
Alexis | None
Sicheng(Zack) | None
Jerry | None
Xin | None
Ashutosh | None
Theresa | None
Sangmin | None
Doug | None
Irene | None
Chris | None
Emily | None
John | None
Sharon | None
Danette | None
Vicki | None
Kaitlin | None
Ethan | None
Misty | None
Leah | None
Kylie | None
Rebecca | None
Travis | None
James | None
Yllart | None
Don | None
Nicole | None
Joseph | None
Emily | None
Anthony | None
Mary | None
Jennifer | None
Deepti | None
Ashley | None
Kat | None
Allison | None
Dori | None
Victoria | None
David | None
Maribel | None
Katy | None
Rebekah | None
Anthony | None
Seneare | None
Yarely | None
Kyle | None
Dipika | None
Kevin | None
Karla | None
Nicole | None
Dignory | None
Kuba | None
Quinton | None
Cara | None
Tyler | None
Max | None
Gerson | None
Isobella | None
Leon | None
Jake | None
Irwan | None
Claire | None
Can | None
Ana | None
Qendrim | None
Atiqur | None
Al | None
Rian | None
Ian | None
Jerome | None
François | None
Samina | None
Echezonachi | None
Keith | None
Camille | None
Cameron | None
Anzhelika | None
Dwayne | None
Ella | None
Michele | None
Christian | None
Alexandra | None
Josie | None
Jamie | None
Tom | None
Frank | None
Maximilian | None
Raneya | None
Laura | None
Alma | None
Nataly | None
Katie | None
Ruth | None
Connie | None
Leigh | None
Marissa | None
Nery | None
Antonio | None
Dawn | None
Giao | None
Domenick | None
Aileen | None
Sean | None
Anna | None
Kimm | None
Christina | None
Debra | None
Amanda | None
Katie | None
Antoinette | None
Cherry | None
(Rina) | None
Julie | None
Rachel | None
Anastasia | None
Cheryl | None
Pamela | None
Donna | None
Norea | None
Roberta | None
Mary | None
Claudia | None
Rosie | None
Rita | None
Scott | None
Vivian | None
Tanya | None
Sandi | None
Jennifer | None
Kevin | None
Travis | None
Benjamin | None
Lisa | None
Paloma | None
Adrian | None
Billie | None
Emily | None
Polly | None
Megan | None
Xavier | None
ERICKA | None
Athena | None
Erica | None
Regan | None
Paula | None
Prabha | None
Kayla | None
Tarah | None
Jessica | None
Sonya | None
Trisha | None
Heather | None
Reada | None
Vivian | None
Jill | None
Patricia | None
Gerald | None
Susan | None
Dulce | None
Jennifer | None
Janelle | None
Calysta | None
Wanda | None
Sonya | None
Raquel | None
Ixchelle | None
Eduardo | None
Katie | None
Yahaira | None
Luz | None
Chloe | None
Mohan | None
Sarah | None
Amy | None
Robert | None
Tony | None
Lerrin | None
Shannon | None
Jonny | None
Joe | None
Lauren | None
Lindsey | None
Kate | None
Vinu | None
Alexandra | None
Chrissy | None
Thiago | None
Scotty | None
Heather | None
Lisa | None
Isabella | None
Oliver | None
Josue | None
Eduard | None
Andres | None
Emmanuel | None
Jason | None
Juan | None
Cesar | None
Taryn | None
Jose | None
Alisson | None
Athena | None
Mark | None
Hoang | None
Cindy | None
Vijay | None
Pam | None
Christopher | None
Esteban | None
Hadi | None
Valentina | None
William | None
Abe | None
Todd | None
Jeff | None
Matt | None
Jim | None
Juan | None
Brendan | None
Reggie | None
Melanie | None
Hillary | None
Daron | None
Mariana | None
Pranav | None
Michael | None
Erik | None
Meagan | None
Phil | None
Josh | None
Christian | None
Shirley | None
Lisé | None
Jeremy | None
Barclay | None
Alexis | None
Annie | None
Chris | None
Abelardo | None
Jennifer | None
Sage | None
Roxana | None
Carmen | None
Ashley | None
Jesus | None
Sean | None
Zulema | None
Robert | None
Kennet | None
Daniel | None
Karla | None
Will | None
Ed | None
Mina | None
Corey | None
Amarpreet | None
Liam | None
Blake | None
Bobby | None
Matthew | None
Gabrielle | None
Mark | None
Elise | None
Sridhar | None
Jordan | None
Vincent | None
Gigi | None
Joshua | None
Zack | None
Maria | None
Amit | None
suhel | None
Jay | None
Shrikant | None
Mohd | None
Sowmya | None
Rao | None
Swamy | None
Supriya | None
poornima | None
Swati | None
Jayanthi | None
Pierre | None
Chandra | None
Vivek | None
Mohammad | None
Intazar | None
Kaleem | None
Angela | None
James | None
Jeff | None
Kathy | None
Maria | None
Liz | None
Siany | None
Jose | None
Jonathan | None
Brian | None
Jeremy | None
Patricia | None
Christian | None
Tiff | None
Thamara | None
Kenneth | None
Raul | None
Elvis | None
Michelle | None
Genie | None
Raj | None
Jamal | None
Ray | None
Joe | None
Venkat | None
Thomas | None
Anasse | None
Wendy | None
Joseph | None
Mike | None
Michael | None
Bin | None
Richard | None
Jacob | None
Rick | None
Rafal | None
Troy | None
Billy | None
Julie | None
Len | None
Shoaib | None
Riley | None
Samuel | None
Dan | None
Diana | None
Catherine | None
Christine | None
Kate | None
Joseph | None
Daniel | None
Veronica | None
Mohamed | None
Japhet | None
Lavasha | None
Ariana | None
MC | None
Kishore | None
Valerie | None
Alysha | None
Obie | None
Akua | None
Natasha | None
Jeremy | None
Macarena | None
Dev | None
Vinod | None
John | None
Dhiren | None
Tushar | None
Craig | None
shawana | None
Erica | None
Rick | None
Kaushal | None
Yadav | None
Sawan | None
Shailesh | None
Bhupesh | None
Randy | None
Shubham | None
Ritu | None
Ivan | None
Fred | None
Recruiting | None
Henry | None
Terry | None
Karen | None
Shane | None
Tracey | None
Hannah | None
Dylan | None
Grant | None
Paul | None
Nicolae | None
Amanda | None
Ishaan | None
Zhixiang(Michael) | None
Johnny | None
Fariha | None
Muath | None
Meryl | None
Matt | None
Cameron | None
Josh | None
Elaine | None
Rachel | None
Jessica | None
Lilliana | None
Matthew | None
Terance | None
Michael | None
Emmanuelle | None
Kimberly | None
Katrina | None
C. | None
Grant | None
Christy | None
Scott | None
Todd | None
Connor | None
Christine | None
Naiyu | None
Nikita | None
Manvika | None
Seth | None
Bradley | None
Michael | None
Christian | None
Raymundo | None
Dan | None
Pratibha | None
Sunidhi | None
David | None
Shannon | None
Abdel | None
Celio | None
Deborah | None
Lauren | None
Tanya | None
Ben | None
Brock | None
Molly | None
Valentina | None
Jailene | None
Gabriela | None
Marouen | None
Kyle | None
Sabrine | None
Ashley | None
kamel | None
Joshua | None
Michaela | None
Nadia | None
Shir | None
Anita | None
Thomas | None
Nina | None
Heldi | None
Hau | None
Robby | None
Nikolett | None
Michelle | None
Christopher | None
Michael | None
Bailey | None
James | None
Paul | None
Aaron | None
Tracy | None
Laurie | None
Coriel | None
Mark | None
Cyle | None
Mary | None
Sam | None
Vikash | None
Deepa | None
Aman | None
Nikita | None
Anchal | None
Rita | None
Gilbert | None
Emily | None
Carla | None
Nicci | None
William | None
Haleigh | None
Keri | None
Ashley | None
Adam | None
Mikayla | None
Samantha | None
Jillian | None
Christina | None
Gina | None
Alex | None
Jennifer | None
Steven | None
Taylor | None
Matthew | None
Mma | None
Kevin | None
Jessenia | None
Emily | None
Douglas | None
Jacob | None
Stacey | None
Beth | None
Jen | None
Melanie | None
Tony | None
Peter | None
Brody | None
Brian | None
Shaun | None
Shaariq | None
Jack | None
Ahmed | None
Bethanie | None
Sam | None
Alejandro | None
Jack | None
Connor | None
Vernon | None
Caitlin | None
Samantha | None
Mike | None
H | None
Thillainatarajan | None
Richmond | None
Fumis | None
Billy | None
Selvan | None
Daniel | None
Andrew | None
Tom | None
Brenden | None
William | None
Jennifer | None
John | None
Carleton | None
Mark | None
Louis | None
Matt | None
Arun | None
Sunitha | None
Anitha | None
Dennis | None
Jason | None
Tina | None
Whitney | None
Dhana | None
Tim | None
Ian | None
Lalit | None
Lindsey | None
Gurjant | None
Fong | None
Jatin | None
Andy | None
Sam | None
Molly | None
Sainu | None
Shiela | None
Casey | None
Sam | None
Katrina | None
George | None
Lois | None
Sam | None
Jordan | None
Ron | None
Jake | None
Trey | None
Dominic | None
David | None
Rekha | None
Mike | None
Ashith | None
Tony | None
Hamzah | None
Miguel | None
Dominique | None
Walter | None
Nirmal | None
Himanshu | None
Pahuni | None
Marcus | None
Mukhtiar | None
Manish | None
Niraj | None
Darren | None
Nick | None
Jay | None
Srikant | None
JYOTSNA | None
Shubham | None
Bryan | None
Haifa | None
dhimant | None
Jeff | None
henry | None
Ivy | None
Kayla | None
Shrija | None
Levan | None
James | None
Tyler | None
Grace | None
Caroline | None
Calli | None
Juliet | None
Caitlin | None
Jillian | None
Van | None
Jack | None
Andrew | None
Joanne | None
Sari | None
Samantha | None
Paul | None
Lisa | None
Dharam | None
Venu | None
KC | None
James | None
justin | None
Garrett | None
Abigail | None
LaQuetta | None
Robert | None
Mark | None
Shu | None
Marge | None
Nikka | None
Lianne | None
Naqsh | None
Burak | None
Adam | None
Pamela | None
Karen | None
Jonathan | None
Jeff | None
Kellen | None
Himansu | None
Kimi | None
Peter | None
Neel | None
Vaishnavi | None
Kingsly | None
Jaswinder | None
Mitul | None
Tom | None
John | None
David | None
Graciela | None
Kristen | None
Bae | None
Luke | None
Mary | None
Jaya | None
Jeannette | None
Tyler | None
Kathryn | None
Gail | None
Jonathan | None
Matthew | None
Mark | None
Jon | None
Walter | None
Jocelyn | None
Borin | None
Charlotte | None
Jeff | None
Ryan | None
Kristi | None
Lauren | None
Michael | None
Ashley | None
Lee | None
Thomas | None
Lana | None
Júlio | None
Finley | None
Joshua | None
Lucca | None
Ethan | None
Jasmine | None
Joseph | None
Lopa | None
William | None
Ben | None
Paul | None
Michael | None
Romit | None
Lucky | None
Bradley | None
Tom | None
Alexander | None
Geneva | None
Harry | None
Jamie | None
Asanda | None
Tyler | None
Dalhatu | None
James | None
Joshua | None
Sam | None
Greg | None
Gabby | None
Takesha | None
Constantine | None
Josh | None
Patrick | None
Aidan | None
jyoti | None
Alasdair | None
Richard | None
Amy | None
Katrina | None
yennis | None
Chris | None
Saurabh | None
Heather | None
Luca | None
Jesse | None
Victoria | None
Andy | None
Richard | None
Keely | None
Riley | None
Chris | None
Sophie | None
Brandon | None
Sam | None
Chelsea | None
Daniel | None
Ciara | None
Naz | None
Matthew | None
RJ | None
Jim | None
Alex | None
Cristian | None
Mufaro | None
Chris | None
Kay | None
Maria | None
Shazra | None
Lynn | None
Scott | None
Tara | None
Willow | None
Chelsea | None
Julie | None
Chad | None
Michael | None
Alison | None
Donna | None
Karen | None
Boyega | None
Terran | None
Lily | None
Nick | None
Sarah | None
Stephen | None
Trang | None
Linda | None
Daniel | None
Jack | None
Beniamino | None
Beth | None
Nikky | None
Ian | None
Judy | None
Ryan | None
Alvin | None
Katie | None
Ashley | None
Daniel | None
Ben | None
Silvia | None
Nolwenn | None
LANCELOT | None
Lesa | None
Anagha | None
Tarini | None
Samantha | None
Kirti | None
Rick | None
Alexander | None
Ishani | None
Ashley | None
Mariah | None
Joseph | None
Alana | None
Georgia | None
Jay | None
TJ | None
Sara | None
Stefan | None
Bill | None
Novi | None
Dipti | None
Jim | None
Malaika | None
Meghan | None
Taylor | None
Katie | None
Kate | None
Lindsay | None
Kelly | None
Robert | None
Zoe | None
Randi | None
Caroline | None
Laura | None
Raymond | None
Jey | None
Eylul | None
Girelle | None
Alyssa | None
Jesse | None
Jason | None
Nathan | None
David | None
Ethan | None
Sneha | None
Swati | None
Eran | None
Riya | None
Andrea | None
Brian | None
Marina | None
Rayshawnda | None
Lorin | None
Alison | None
Mary | None
Smit | None
Donna | None
Suzanne | None
Beth | None
Ligang | None
Drew | None
Genny | None
Maggie | None
Vangie | None
Shilpa | None
Chi | None
Jenny | None
Ron | None
Karen | None
Chris | None
Surya | None
Liz | None
Josh | None
Jagdish | None
Jaya | None
Simon | None
Annie | None
Shane | None
Syed | None
Vincent | None
Bhagya | None
Morgan | None
Harsh | None
David | None
Gil | None
Meenal | None
Ajay | None
Brieanna | None
Mark | None
J | None
Rachel | None
Akash | None
Vidhi | None
DeLana | None
Howard | None
Krishna | None
Danielle | None
Marta | None
Traci | None
Robert | None
Catherine | None
Ed | None
Anita | None
Pooja | None
Abhay | None
Nandan | None
Patty | None
Bruce | None
Uyen | None
Cameron | None
Kate | None
Prachi | None
Yogita | None
Jeffrey | None
Mini | None
Matt | None
Johanna | None
Anita | None
Randall | None
Neil | None
Rachel | None
Sandhya | None
Natalya | None
Everlyn | None
James | None
Jimmy | None
Stephen | None
Saul | None
Denis | None
Yevhenii | None
Kerim | None
Jason | None
Michael | None
Evelyn | None
Hazel | None
Hector | None
Eduardo | None
Sarah | None
Jess | None
Md | None
Hannibal | None
Ami | None
Will | None
Chris | None
Matthew | None
David | None
Bianca | None
Richard | None
Caleb | None
Zara | None
Rita | None
Jeff | None
Chito | None
Wilson | None
Celine | None
Nadia | None
Geoffrey | None
Yaroslav | None
John | None
Ian | None
Susannah | None
Crissy | None
Sibin | None
Aadil | None
John | None
Saurabh | None
Kelly | None
Steven | None
Vince | None
Matt | None
Imtiaz | None
James | None
Donna | None
Rachael | None
Claire | None
Gina | None
Zelle | None
Sravani | None
Dillmol | None
Aishwarya | None
Jeffin | None
Rajib | None
Avani | None
Ruiyu | None
Samiksha | None
Joe | None
Stephen | None
Shilpa | None
David | None
Peter | None
Jesus | None
Roy | None
Samrudh | None
Michael | None
James | None
Luis | None
Steph | None
SYED | None
Muhammad | None
Richard | None
Karan | None
Gurvinder | None
Bhupesh | None
Karen | None
Louie | None
J.J. | None
Jasmine | None
Lewis | None
Jason | None
Corey | None
David | None
Miracle | None
Britt | None
Melanie | None
Ashton | None
Taylor | None
Gary | None
Mohammed | None
Kalina | None
Mwimba | None
Ryan | None
Chinie | None
Taela | None
Mike | None
Alice | None
Rebecca | None
Lewis | None
Will | None
Lucy | None
Emily | None
PAULA | None
Ben | None
Michelle | None
Alexandra | None
Emily | None
Daniel | None
Amy | None
Jade | None
Kim | None
Rutvik | None
Grace | None
Konstantin | None
Milan | None
sheng | None
Kai | None
John | None
John | None
Scott | None
Qiang | None
Perla | None
Bre-Jion | None
Rain | None
Gregory | None
Austin | None
John | None
Todd | None
Mary | None
Eason | None
Scott | None
Andrew | None
Priscila | None
Yusheng | None
Matias | None
Yasham | None
Karoly | None
David | None
Mobin | None
Hiroe | None
Daniel | None
Omar | None
Wenbo | None
Carolina | None
Daniela | None
Humberto | None
Pedro | None
Dana | None
John | None
Austin | None
Anca-Maria | None
Shailesh | None
John | None
Fiona | None
Dan | None
Tom | None
Joshua | None
Ruby | None
Luke | None
Aimee | None
Mary | None
Hayley | None
Abigail | None
Angela | None
Jim | None
Jonothan | None
Jason | None
Pavan | None
Matthew | None
Charlotte | None
Tom | None
Phil | None
Leia | None
Emma | None
Darrah | None
Adam | None
Sophie | None
Joshua | None
Samuel | None
Richard | None
Rob | None
Manuel | None
Emma | None
Pradeep | None
Amanda | None
Eva | None
Mia | None
Nina | None
Yuze | None
Charlotte | None
Peggy | None
Richie | None
Tony | None
Giuseppe | None
Nicola | None
Emma | None
Georgia | None
Richard | None
Jane | None
Stephen | None
Lucy | None
John | None
Brian | None
Kayleigh | None
Ben | None
Issy | None
Jan | None
Andrew | None
Rob | None
Matt | None
Paul | None
Jessica | None
Spencer | None
Dan | None
Mason | None
Nicola | None
Daniel | None
Melanie | None
Taygen | None
Jane | None
Robert | None
Robert | None
Louise | None
Suzie | None
Sabrina | None
Alex | None
Steve | None
Jason | None
Nina | None
Mia | None
Laura | None
Ben | None
Doug | None
Eric | None
Jeffrey | None
Geoffrey | None
Wendee | None
Alex | None
Matthew | None
Admas | None
Kathrin | None
Sarah | None
Nikhil | None
Chris | None
Paul | None
Greg | None
Kevin | None
Rene | None
Justin | None
Mike | None
Alexandra | None
Pedro | None
Howard | None
Warren | None
Chris | None
Priya | None
Santhosh | None
Michael | None
Hajime | None
Dave | None
Siyi | None
Kenny | None
Rick | None
Patty | None
Jessca | None
Cherie | None
Cliff | None
Eric | None
Eric | None
Leonard | None
Stephanie | None
Zyra | None
Raj | None
Terry | None
Jonathan | None
Alltech | None
Katier | None
Laura | None
Andre | None
Javier | None
William | None
Julie | None
Wesnachew | None
Christina | None
Martha | None
Lee | None
Kyle | None
Charles | None
Almarie | None
Jana | None
Abdel | None
Derek | None
Brian | None
Joe | None
Derrick | None
Alvin | None
Joel | None
Stacey | None
Darcy | None
Drew | None
Dennis | None
Mike | None
Glenn | None
Rohit | None
Dick | None
bill | None
Dan | None
Chip | None
Wes | None
Robert | None
Cornet | None
Patricia | None
Suryaa | None
George | None
Phoebe | None
Carlos | None
Bruno | None
Filipe | None
Saiqa | None
Maria | None
Lorraine | None
Adelson | None
Leonardo | None
Jared | None
Nicole | None
Sharyln | None
Savienne | None
Matthew | None
Kalie | None
Rachel | None
Suzanne | None
Carol | None
Alex | None
Maria | None
Rishi | None
Amber | None
Edward | None
Timothy | None
Michael | None
Andrew | None
Laura | None
Erick | None
Jaykumar | None
Ajith | None
Antonio | None
Mark | None
Rafael | None
Robert | None
Carolina | None
Eugene | None
Alejandro | None
Sudhakar | None
Subhash | None
Jason | None
Manish | None
Elle | None
Peter | None
Steven | None
Esther | None
Melissa | None
Britten | None
Shaquille | None
Brandon | None
Bo | None
Lon | None
James | None
Elsa | None
Jiayi | None
Kelly | None
Sherry | None
Aditya | None
Ievgen | None
Justin | None
Dominic | None
Michelle | None
Jennifer | None
Creevey | None
Charlene | None
Jane | None
Neha | None
Greeshma | None
Eugenie | None
Janvi | None
Shilpa | None
Pooja | None
Sneha | None
Lauryn | None
Gary | None
Jyoti | None
Michelle | None
Kathryn | None
Ishita | None
Mickey | None
Trevor | None
Raedawn | None
Kandis | None
Ronan | None
Evan | None
Mark | None
J. | None
Daniel | None
Anisha | None
Erik | None
Ben | None
Robert | None
Jason | None
Tim | None
Steve | None
Rick | None
Bodie | None
Eric | None
Ann | None
Maurice | None
Matthew | None
Stephen | None
Ryan | None
Allen | None
Edlira | None
Suzanne | None
Jeff | None
Tony | None
Brian | None
YAMANI | None
Ray | None
Kelly | None
Abby | None
Jody | None
Keith | None
David | None
Mike | None
Mike | None
Suresh | None
Wanda | None
joe | None
James | None
Talib | None
Lauren | None
Carlos | None
JION | None
Fabiana | None
Abdul | None
Parnika | None
Sam | None
Jonathan | None
Julie | None
Susan | None
David | None
Dennis | None
Cristiano | None
Jayden | None
Sydney | None
Mia | None
Bemister | None
Alexis | None
Melissa | None
Chris | None
Barbara | None
Brian | None
Kevin | None
Stacey | None
Susan | None
Andrea | None
Tiffany | None
Jonah | None
Patrick | None
Beth | None
Dianne | None
Steven | None
Jon | None
Kyle | None
Nelson | None
Laura | None
Chance | None
Jennifer | None
Steve | None
Janice | None
Nancy | None
Joseph | None
Will | None
Tatiana | None
Brant | None
Brian | None
Frank | None
Thomas | None
Kevin | None
Tom | None
Wendy | None
Tyler | None
Kaitlin | None
Drew | None
Jack | None
Jeffrey | None
Jerel | None
Steve | None
Lizzy | None
Doug | None
Satwinder | None
Brittany | None
Christopher | None
Stephen | None
Joan | None
Edward | None
Wayne | None
William | None
Don | None
Glenn | None
Michael | None
Sean | None
Vidal | None
Sam | None
Alejandro | None
Robert | None
John | None
Kevin | None
Tyler | None
Jeremy | None
Tyler | None
Cole | None
Kaitlyn | None
Justin | None
Tyler | None
Gunnar | None
Drew | None
Harrison | None
Cole | None
Grace | None
Ed | None
Alonzo | None
Ron | None
tony | None
Christopher | None
Alexander | None
Kevin | None
JD | None
Nicholas | None
Camden | None
Jeffrey | None
Iris | None
Tony | None
Tara | None
Matthew | None
Chris | None
Nicole | None
Cristian | None
Alli | None
Matthew | None
Scott | None
Andrea | None
Aditya | None
Max | None
Mitchell | None
Kayla | None
Bob | None
Tayler | None
Ryan | None
Douglas | None
Puja | None
Ian | None
Erik | None
Rozmond | None
Nick | None
Michael | None
Andrew | None
Jarod | None
Brennan | None
Caleb | None
Zaina | None
Allen | None
Robb | None
Andrei | None
Yesenia | None
Daphne | None
Marina | None
Emily | None
Cullen | None
Conner | None
Katelyn | None
Kyle | None
Scott | None
Laura | None
George | None
Zack | None
Skyler | None
Verne | None
Mike | None
Emillia | None
Jim | None
Jeff | None
Josiah | None
Ryan | None
Mica | None
Steve | None
Larry | None
Robert | None
Kendra | None
Brandi | None
Maria | None
Katie | None
Mary | None
Miko | None
Saunjaè | None
Kara | None
Faye | None
Sophia | None
Kirsten | None
Nicole | None
Josette | None
Hannah | None
Jack | None
Mesha | None
Demetres | None
Simon | None
Julie | None
Kaleigh | None
Calum | None
Jenell | None
Delia | None
Denecia | None
Regi | None
Stephanie | None
Maryam | None
Nackelly | None
Jeff | None
Fatoumata | None
Caitlin | None
Chris | None
Shahabudeen | None
Kimi | None
Melanie | None
Gregory | None
Troy | None
Miles | None
Joe | None
Monica | None
Deborah | None
Will | None
Jennifer | None
Jim | None
Matthew | None
Charles | None
Joshua | None
Kristin | None
David | None
Alan | None
Patrick | None
Michelle | None
Andy | None
Elena | None
Jeff | None
Darnell | None
Jennifer | None
Joe | None
Jim | None
Robert | None
Cheri | None
Benji | None
Roman | None
Elsa | None
Patrick | None
Jovan | None
Daniel | None
Paul | None
Alejandro | None
Vivian | None
Geoffrey | None
Annette | None
Matt | None
Meghan | None
Luís | None
Stephanie | None
Karen | None
Monica | None
Melissa | None
Jim | None
Scott | None
Candace | None
Jordan | None
Amit | None
Wayne | None
Errol | None
Alexandra | None
Danny | None
Gary | None
Elena | None
D | None
Nadhir | None
Marius | None
Ronan | None
Mandeep | None
Natasa | None
Jamie | None
Patrick | None
Camilo | None
Chris | None
Jayna | None
Amit | None
George | None
Shane | None
Ash | None
Jean-Marc | None
Ryan | None
Christian | None
Nick | None
Alan | None
Garry | None
Veary | None
Craig | None
Christopher | None
Richard | None
Janine | None
Mark | None
Anthony | None
Dom | None
Oksana | None
Roberto | None
Jake | None
Korryn | None
Karyne | None
Johannes | None
Major | None
Diego | None
Ignacio | None
Whitney | None
Nicole | None
Bob | None
Glenn | None
Evan | None
Jaymee | None
Serena | None
Meghan | None
Moe | None
Jenna | None
Megan | None
Dillon | None
Terri | None
Emma | None
Richard | None
Shelby | None
Joshua | None
Will | None
Vittorio | None
Tom | None
Shawn | None
Osvaldo | None
Laurence | None
Wanda | None
Joshua | None
Isaac | None
Heather | None
Dan | None
Collette | None
Adam | None
Adam | None
Shane | None
Jack | None
Phylicia | None
Carli | None
Andrew | None
Adam | None
Marco | None
Nicole | None
Eldis | None
Jessica | None
Craig | None
Steve | None
Glenna | None
Heather | None
Jess | None
Luiz | None
Brett | None
Colin | None
Grace | None
Daisy | None
William | None
Ashley | None
Claire | None
Jacob | None
Mike | None
Peter | None
Ryan | None
Irene | None
Cassandra | None
Kirby | None
Casey | None
Amy | None
Kaylee | None
Steven | None
Noel | None
Collins | None
Charles | None
Hannah | None
Patrick | None
Hope | None
Elijah | None
Roopa | None
Diana | None
Alexandra | None
Michelle | None
Jonathan | None
Evelyn | None
Nina | None
Rafael | None
Renee | None
Benito | None
Mimi | None
Elena | None
Eric | None
Raj | None
Jose | None
Ted | None
Frank | None
Nicole | None
Mitch | None
Chris | None
Ileana | None
Jennifer | None
Truc | None
Roberto | None
Chance | None
Jamie | None
Jason | None
Alyssa | None
Colby | None
Marsha | None
Provides | None
Francis | None
Rubia | None
Mae | None
Katrina | None
Deborah | None
Gabriela | None
Stephen | None
Aaron | None
Shamak | None
Alistair | None
Megan | None
Chris | None
Danielle | None
Ralph | None
Kara | None
Elizabeth | None
Darren | None
Jenna | None
Denise | None
Nicholas | None
Elizabeth | None
Jasmine | None
Jason | None
Abbey | None
Drew | None
Wendy | None
Viviana | None
Lisa | None
Melissa | None
Kandis | None
Robin | None
Kody | None
Chrystelle | None
Daniel | None
Jennilee | None
Lucy | None
Josie | None
W | None
Jerry | None
Isabelle | None
Kim | None
Quashonda | None
Susan | None
Samuel | None
Kate | None
Abby | None
James | None
Antoine | None
James | None
Samantha | None
Joel | None
Josh | None
Dean | None
Rob | None
William | None
Colleen | None
Kathy | None
Ed | None
Marsha | None
Claudia | None
Gianna | None
Elliot | None
Shannon | None
Bettina | None
Clémentine | None
Kerri | None
Alice | None
Michelle | None
Taylor | None
Kim | None
Caroline | None
Chase | None
Chad | None
Sloane | None
William | None
Andrea | None
Abby | None
Rosalie | None
Diane | None
Jane | None
Jason | None
Bowen | None
Nick | None
Kelly | None
Bushra | None
Camilo | None
Makenzie | None
Emma | None
David | None
Mikayla | None
Eva | None
JP | None
Daniel | None
Omar | None
Jasmine | None
Brandon | None
Robert | None
Christopher | None
Ryan | None
David | None
Bruce | None
Denise | None
Antonio | None
Ariana | None
Evan | None
Reyhane | None
Mese | None
Paul | None
Joshua | None
Stephen | None
Toni | None
Diana | None
Birsen | None
Steve | None
Layla | None
Kaeila | None
Marie | None
Angel | None
Lee | None
Jackie | None
G | None
Joseph | None
Matt | None
John | None
Christopher | None
Aubrey | None
Steven | None
Madison | None
Evan | None
David | None
Viktoriya | None
Paul | None
Shahbaz | None
Charlie | None
Avi | None
David | None
Dirk | None
Daniel | None
Jeremy | None
Kendall | None
Kingsley | None
Maheen | None
Bria | None
Jen | None
Beth | None
Olga | None
Keith | None
Michael | None
Beata | None
Ali | None
Mikaela | None
Christina | None
Dalida | None
Susha | None
Abel | None
Lucy | None
Christina | None
Sean | None
Elizabeth | None
Vincent | None
Ganesh | None
Dana | None
Taylor | None
Katrina | None
Risa | None
Alexander | None
Ovi | None
Andy | None
Justin | None
Wayne | None
Monica | None
Sabin | None
Shannon | None
Blair | None
Troy | None
Tracy | None
David | None
Michael | None
Donald | None
Hanna | None
Rebecca | None
Adam | None
Audrey | None
Christina | None
Quinn | None
Jamal | None
Bo | None
Doran | None
Zoe | None
Jordan | None
Cody | None
Elizabeth | None
Tim | None
Tom | None
Charles | None
Walter | None
Gary | None
Adam | None
Steven | None
Kevin | None
Adam | None
Tiffany | None
Nicole | None
Riplee | None
Kailef | None
Kristi | None
Bonnie | None
Donatien | None
Tara | None
Latashia | None
Veronica | None
wesley | None
Justin | None
Gloria | None
Deames | None
Jalyn | None
Holly | None
Elizabeth | None
Michael | None
John | None
Clifton | None
Jannai | None
Jaime | None
Tricia | None
Tara | None
Mary | None
Rory | None
Micah | None
Rich | None
Sade | None
Amanda | None
Russell | None
Andre | None
Giselle | None
Jeffrey | None
Zach | None
Joseph | None
William | None
Patricia | None
Pratel | None
Antionette | None
Caitlin | None
Troy | None
Todd | None
Nathan | None
Hannah | None
Sean | None
Promise | None
Theodore | None
Grace | None
Edward | None
John | None
Stephen | None
Andrew | None
Mark | None
Laura | None
Kaitlyn | None
Amber | None
Todd | None
Brian | None
Jesse | None
Ashley | None
Denna | None
Lorzie | None
Bryant | None
Christy | None
Kathy | None
Jenna | None
Brenda | None
Nadia | None
Manuel | None
Matthew | None
Alexandra | None
Isabella | None
Chris | None
Lisa | None
Alison | None
Michal | None
Lisa | None
Honseng | None
Haley | None
James | None
Joley | None
Richard | None
Roni | None
Shannon | None
Mackenzie | None
Steven | None
Stephanie | None
Kate | None
Michelle | None
Jonathan | None
Ganesh | None
Marilyn | None
Carissa | None
Vivian | None
Aman | None
Geoff | None
Dennis | None
Amanda | None
Samudyata | None
Lalitkumar | None
Marty | None
Rick | None
Eliane | None
Olga | None
Kevin | None
Aranka | None
Dennis | None
Tanja | None
Udyr | None
Vijay | None
Ahmad | None
Tony | None
Joseph | None
Mark | None
Kenny | None
Brittany | None
Alejandra | None
Vinay | None
Nicholas | None
Ashlie | None
Brandy | None
Paul | None
Will | None
Vasanth | None
Morgan | None
Christopher | None
Dana | None
Jeannette | None
Michael | None
Elena | None
Karise | None
Sean | None
Ashwin | None
Luis | None
Matias | None
Shardendu | None
Heather | None
Hitesh | None
Karimunnisha | None
Satish | None
Claude | None
Tim | None
Dawson | None
Olivia | None
Siri | None
Shoaib | None
Jonathan | None
Steeve | None
Courtney | None
Carlos | None
Hemant | None
Kirk | None
sonali | None
Carlos | None
Ananya | None
Mariana | None
Jessica | None
Fabio | None
Maria | None
Purva | None
Fabiana | None
Maneet | None
Rhys | None
Sam | None
Ricardo | None
Camila | None
Preeti | None
Carlos | None
Greg | None
Kortney | None
David | None
Monica | None
Bradley | None
Sam | None
Dan | None
Keith | None
Susan | None
Ryan | None
Bailey | None
Gabriel | None
Jose | None
Roussel | None
Tessa | None
Luis | None
Cody | None
Joseph | None
Farah | None
Alaina | None
Alberto | None
Sean | None
Meghan | None
Claudia | None
Roshane | None
Jimmy | None
Kayla | None
Sadie | None
Jordyn | None
Kassie | None
Angelina | None
Maira | None
Orlando | None
Erick | None
Kelly | None
John | None
James | None
Isaiah | None
Teagan | None
Scott | None
Ashley | None
Ben | None
V | None
Alissa | None
Dalton | None
Mia | None
Selena | None
Max | None
Spencer | None
Ashley | None
Matt | None
Moriah | None
Caroline | None
Luciana | None
Misty | None
Calvin | None
sheila | None
Gurvinder | None
Kayla | None
Lauren | None
Brian | None
Jermaine | None
Briana | None
Abby | None
Doug | None
Andrew | None
Laura | None
Roshani | None
Laz | None
Meagan | None
Joseph | None
Rob | None
Letitia | None
Sana | None
Tom | None
Kyle | None
Tia | None
Cory | None
Ben | None
Lucia | None
Kendal | None
Bryanna | None
Alexa | None
Dominic | None
Amanda | None
Carolyn | None
Tim | None
Tinsley | None
Scott | None
Austin | None
John | None
Kiyanna | None
Barry | None
Isabella | None
Larissa | None
Joseph | None
Lauren | None
Charles | None
Robert | None
Jenoi | None
Amy | None
Jessica | None
Dylan | None
Kristin | None
Yvonne | None
Loria | None
Brett | None
Luke | None
Sarah | None
Jessica | None
Jeff | None
Renee' | None
Lauren | None
Dan | None
Jenn | None
Eric | None
Chelsea | None
Joseph | None
Kyle | None
Manish | None
Joshua | None
Jacqueline | None
Joshua | None
Lindsay | None
Ethan | None
Blake | None
Heidi | None
Stacey | None
Noah | None
Angel | None
Pawida | None
Denise | None
Grace | None
Jeffrey | None
Annie | None
Spencer | None
Mathew | None
Michael | None
Angelica | None
Tawanda | None
Abigail | None
Savanna | None
Anthony | None
John | None
Ana-Emilia | None
Miguel | None
Olivia | None
Elyse | None
Amanda | None
Kia | None
Lauren | None
Leonard | None
Miranda | None
Kenneth | None
Nelson | None
Makenzie | None
Haley | None
Maliah | None
Brian | None
Davidson | None
Kathy | None
Paul | None
James | None
Gretha | None
ashika | None
shiva.g | None
revan.r | None
surya.k | None
alan | None
manikanth | None
hajara | None
yagnesh.d | None
clarence.xavier | None
prakash | None
taj.u | None
santosh.kotturti | None
malleswar | None
james | None
ganeshitbenchsales | None
balram.kumar | None
prashanth | None
mani | None
mohan | None
keerthana | None
Saikiran | None
Spandana | None
Robinson.T | None
Sivaramakrishna.T | None
Rohit.Kumar | None
Rohit.Kumar | None
M.Vasanth | None
srikanth | None
Pravalika | None
akash.r | None
priyanka.manne | None
vishnu | None
sachin | None
prasanth | None
madhuri.g | None
vijay | None
gandhi.srisailapu | None
Nancy | None
s.katta | None
sophie | None
Kiriti | None
Sami | None
Leo | None
Anwesha | None
Ethan | None
Lisa | None
Rakesh | None
Donna.Evans | None
Subha | None
John.K | None
Mahesh.B | None
Aparnad | None
Saisanthosh.G | None
Sidhu | None
Raj | None
Victor | None
Kranthi | None
mounika6712 | None
Pravalika.Moutam | None
Soumya | None
sunil | None
kshaik | None
ajason | None
sumanajli.e | None
tonyhill | None
varma | None
surya | None
Tina | None
sai | None
shiva.prasad | None
harish | None
Vipinpreet.K | None
Bhavana | None
Damodar | None
Marcus | None
Daniel | None
rashi | None
Radha | None
Sumanth | None
Divya | None
pavan | None
jashua | None
leesa | None
dvikranth | None
koti | None
sravan | None
pvenky | None
lytk | None
venky | None
obaid | None
satya | None
Mani | None
Narsireddy | None
Deepak | None
Praveen | None
Asta.Onboarding | None
joseph | None
Pavan | None
vasanthid | None
roshini | None
manirathnam.t | None
sriram | None
rishitha | None
sai | None
ajit | None
sairuchitha | None
naresh | None
nirvic | None
hindu | None
sindhu | None
rakesh | None
ghouse | None
dasharath | None
sumanth | None
padma | None
vijaya.bhaskar | None
kalyan | None
Prathyusha | None
Sophia | None
Tejaswini | None
Dilna | None
Moksha.Jain | None
Rio | None
Tej | None
Aravinda | None
Stank | None
Lokesh | None
Surender | None
Soumya.T | None
Chaitanya.P | None
Likith | None
Rahul | None
Hroperations | None
Santoshi | None
Robert.Miller | None
Rakesh | None
Satishrajbattu | None
Emilyj | None
Rajini | None
Chanikya | None
Satya | None
Nikhitha | None
Sgundoji | None
Vasanthi.R | None
Vikas | None
Parker | None
Srinivas | None
Manasa | None
Sandy | None
Pravaneela | None
Teja | None
Helena | None
Mani.U | None
Pawan | None
Suhaib | None
Connor | None
Sachin.Sharma | None
Sekhar | None
Kevin | None
Kusuma.K | None
Kurt | None
Andrew | None
Kevin | None
Hailey | None
Shivani | None
Irene | None
Chris | None
Valerie | None
James | None
Amit | None
Ravi | None
Ryan | None
Kandice | None
Roohi | None
Kapil | None
Krish | None
Rob | None
Logan | None
Cheryl | None
Julie | None
Amanda | None
Jason | None
Michael | None
Stephane | None
Lis | None
Basso | None
Joseph | None
Davis | None
Sandra | None
Katerina | None
Dylan | None
Katerina | None
Christina | None
Kavita | None
Shilia | None
Kristen | None
Jonathon | None
Divya | None
Eric | None
Kimie | None
Stan | None
Richard | None
Noelle | None
Michael | None
Megan | None
Malarvizhi | None
LinkedIn | None
Taylor | None
Laurie | None
Jair | None
Hugo | None
Heather | None
Grace | None
Avery | None
Alia | None
Todd | None
Jon | None
Amol | None
Rahul | None
Shana | None
EHSAN | None
Pankaj | None
David | None
Perry | None
Ryan | None
Don | None
Kristen | None
Megan | None
Michael | None
Allison | None
Meagan | None
Paola | None
Rob | None
Marsha | None
Tyler | None
Laura | None
Justin | None
MAHESH | None
Nidhi | None
Kevin | None
Sayadav | None
Madhu | None
Shiva | None
David | None
Pavan | None
Namratha | None
Patrick | None
Ganesh | None
Chris | None
Sandip | None
Chary | None
Shanthi | None
Peter | None
Niraj | None
Mahendra | None
Siva | None
Isha | None
Hari | None
Nikbad | None
Ravichandra | None
Ravi.G | None
Chaitanya | None
Suresh | None
Vikas | None
Preethi | None
Preethi | None
Uma | None
Ajaykumar | None
Naveen | None
Shivani | None
Sam | None
Vinoj | None
John.W | None
Ravi | None
Ashu.P | None
Ramank | None
Dileep | None
Mahanth | None
Abhi | None
Kumar | None
Annie | None
Javeeds | None
Praveen.A | None
Peter | None
Adi | None
Satish.R | None
Jessica | None
Sanghavi | None
Bhavan | None
Ryan | None
Amol | None
Nichol | None
John | None
Gagan | None
Rebecca | None
Blake | None
Kevin | None
Shivaninv | None
Pavani | None
Daniel | None
Rasagna | None
Hassian | None
Niharika | None
Saikumar.R | None
Requirements | None
Joseph | None
Manoj | None
Rahulg | None
Tracy | None
Abhi | None
Srinath | None
Gopi | None
Saikumar.N | None
Shilpa | None
Peter | None
Krish | None
Vicky.Dani | None
bharath | None
siddhu | None
chandu | None
nikhil_ | None
ujjawalpro2205 | None
satish.babu | None
archie.jaxon | None
tina | None
nabin | None
nabin | None
vinitha | None
srinivas | None
sumanjali | None
srikanth | None
anusha | None
harideep | None
bindu | None
anjaln | None
salmaa | None
aniln | None
nagarjuna | None
manasaa | None
anivrud | None
mike | None
harsha | None
jeet | None
suchi | None
aadhya | None
scott | None
swathip | None
sherry | None
ava | None
ashok | None
akhil | None
tagore | None
teja | None
prudhvi | None
michael | None
gopi | None
kalyani | None
nik | None
aniket | None
prathap.dr | None
dcc | None
venkate | None
gunjan.bu | None
logano | None
sireeshai | None
veerae | None
kareema | None
amarm | None
sravanr | None
gowthamo | None
satisha | None
samathka | None
venkate | None
cristy.royr | None
shashank.eh | None
mayaa | None
himajai | None
rajaa | None
joise.roaryo | None
silasi | None
sales12a | None
swethaw | None
kumaru | None
bisheshi | None
sreyasimr | None
bhavanah | None
asifs | None
raja | None
vinayi | None
prasadr | None
mmanishm | None
vinayi | None
srikanthr | None
arundhathi.kr | None
kevine | None
saikumar.ta | None
karthikeyan.ea | None
lisai | None
chouhan | None
recruiter.s13 | None
ayadav | None
Michael | None
Andrea | None
Alexa | None
Julie | None
Adrianna | None
Morgan | None
Stefanie | None
Cassidy | None
Marissa | None
Kyle | None
Karen | None
Mahender | None
Janil | None
Angela | None
Nick | None
Olivia | None
Charlie | None
Megan | None
Kalyn | None
Maria | None
Eem | None
Stephen | None
Mary | None
Ryan | None
Elaine | None
Ashley | None
Kristin | None
Tyler | None
Kateryna | None
Liz | None
Sarah | None
Corinna | None
Kristin | None
Catie | None
Alexis | None
Lesha | None
Antoinette | None
James | None
Harry | None
Brent | None
Ricky | None
Andres | None
Ben | None
Lindsey | None
naina.g | None
JShabaz | None
Leah | None
jeremyj | None
dburrel | None
tzackro | None
doctorx | None
lacausk | None
kishore | None
raj | None
sindhu | None
quinton | None
Stephen | None
Jeremy | None
Carla | None
Luke | None
Jonny | None
Chad | None
Emily | None
Pierce | None
Jordan | None
Charley | None
Alex | None
Darren | None
Dan | None
Jemma | None
Peter | None
Karl | None
Jeremy | None
Jamie | None
Kenneth | None
Elizabeth | None
krishnar | None
Seth | None
sriram.nr | None
shakti.patrah | None
sumanth | None
chandu | None
mike | None
venkat | None
venkat.j | None
peter | None
omair | None
trinadh | None
pavan.n | None
harish | None
gayathri | None
anusha | None
bhargav | None
jagadeeshwar.govula | None
harry | None
vijay | None
prathap | None
requirements | None
tony | None
soniya | None
meharaz | None
supriya | None
sudeshna | None
teja | None
chandu | None
karen | None
devi.t | None
mason | None
adam | None
anil.d | None
bindu | None
veena | None
lisa | None
chand | None
richard | None
sanjaykumar | None
krish | None
charan | None
hari | None
kiranjyothi | None
blessy | None
hemanth.anreddy | None
varun | None
ron | None
lane | None
tejaswani | None
priya | None
siva | None
pavan | None
shivab | None
marco | None
hruthik | None
koti | None
robert | None
gayathri | None
saikumar | None
hema | None
jeevan | None
rani.siyadri | None
ganesh.v | None
saikiran | None
naina | None
saikirand.d | None
sannith | None
akhila | None
nikhitha | None
ashwini | None
vyshnavi.kandukuri | None
manik | None
ash | None
deepika | None
akshay.a | None
mason | None
sriram | None
ram | None
ganesh.v | None
rsingh | None
abhishek | None
ganesh | None
joise.roary | None
rakhi | None
ganny.p | None
rahulp | None
jbathala | None
sahit.kashyap | None
samuel | None
dharani | None
satyendra | None
sirisha | None
sharanya | None
chandini | None
oliver.k | None
rashmitha | None
usjobs | None
manisha.ch | None
mahendra | None
anusha | None
john | None
navedkhan | None
swati | None
aparnap | None
lokesho | None
rama | None
venuse | None
rajesha | None
sharanyah | None
udayad | None
praveen | None
shubham.shahh | None
srinur | None
saiprasannaa | None
purushothamu | None
karthika | None
nagaraju.va | None
recruitere | None
app | None
nagaraja | None
surya | None
anil | None
alekhya | None
vishnu | None
navya | None
victor | None
siri | None
sree | None
mounika | None
monika | None
samyuktha | None
saheli | None
vishal | None
anmol | None
donald | None
chakradhar.gurram | None
sasank | None
aruhi | None
yaswanth | None
venkateswari.ganapathireddy | None
mounica | None
raghuveera | None
katherine.adams | None
yugenderr | None
chintu | None
gautham.priyadarsh | None
s.kumar | None
praneeth | None
madhu | None
lingaraju | None
neharikha | None
harish | None
clara | None
somedeb | None
krishna | None
abhishek | None
michaelscott | None
mark | None
diana | None
deekshith | None
pala | None
Emelie | None
John | None
Laurie | None
Thomas | None
Tom | None
Zachary | None
Paul | None
Michael | None
Divya | None
Jack | None
Victoria | None
Niall | None
Will | None
Aaron | None
Molly | None
Monika | None
Mark | None
Andrew | None
Niamh | None
Vanessa | None
Zach | None
Mark | None
Marcus | None
Sonal | None
Trent | None
Patrick | None
Keren | None
Egan | None
Daniele | None
Anthony | None
Matthew | None
Ed | None
Caitlin | None
Alex | None
Paul | None
Vinai | None
Tiffany | None
Jack | None
Neville | None
Kieron | None
Léo | None
Zac | None
Rosie | None
Jay | None
Adam | None
Lindsay | None
Karthik | None
David | None
Teresa | None
Todd | None
Louise | None
Mansoor | None
Owen | None
Tawfiq | None
Joe | None
Brittany | None
Geoffrey | None
Patricia | None
Konstantin | None
Visesh | None
Max | None
JT | None
Gareth | None
James | None
Jolie | None
Joe | None
Matthew | None
Aalap | None
Tom | None
Deborah | None
Sudipto | None
Bethany | None
Willie | None
Joseph | None
Allison | None
Ally | None
Collin | None
Claire | None
Mitchell | None
Vanessa | None
Bonnie | None
Maksim | None
Oded | None
Jon | None
Solomon | None
Praveen | None
Carolyn | None
Galen | None
Theresa | None
Anil | None
Shweta | None
Sudeep | None
Simran | None
Mohd | None
Anuja | None
Rakesh | None
Yaseen | None
Natalie | None
Gina | None
Randy | None
Liz | None
Larissa | None
Felicia | None
Virginia | None
Sally | None
Spencer | None
Melisa | None
Erin | None
Alex | None
Brendan | None
Nick | None
Jennifer | None
Shannon | None
Maria-Teresa | None
Christina | None
Greg | None
Jana | None
Gunjan | None
Anas | None
Christina | None
Alexander | None
Jessica | None
Christina | None
Vikal | None
Sean | None
Shailen | None
Pooja | None
Zachary | None
Ed | None
Matt | None
Sam | None
Molly | None
Sarah | None
Jeremy | None
Amanda | None
Jon | None
Mat | None
John | None
Eric | None
Stephanie | None
Brooke | None
Ji | None
Ankit | None
Nicole | None
Guillermo | None
Mike | None
Alberto | None
Paul | None
Philip | None
Christian | None
Sohum | None
Anna-Kay | None
Julie | None
Chrichell | None
Wendy | None
Basilio | None
Shawn | None
Adam | None
Justin | None
Don | None
Michelle | None
Elizabeth | None
Ben | None
Ramesh | None
Chaitanya | None
Srinivas | None
Chittoor | None
Rahel | None
Elmer | None
Sindhu | None
Jaswanth | None
Silpa | None
Usha | None
Jeff | None
Johneise | None
Paula | None
Jenna | None
Paula | None
Robert | None
PRAVALLIKA | None
Roslyn | None
swapnika | None
Dinesh | None
Michael | None
Abby | None
Kelsey | None
Jill | None
Michael | None
Doug | None
Myra | None
Surya | None
Jessica | None
Pradeep | None
Mir | None
lakshmikantha | None
Anil | None
Geetha | None
vamshi | None
Srikanth | None
Wyatt | None
I-Li | None
Chandni | None
Pearl | None
Chelsea | None
Hannah | None
Anne | None
Anna | None
Ericka | None
Blaine | None
Julia | None
Mylon | None
Dan | None
Anna | None
Destiny | None
Jim | None
Tiffany | None
Frank | None
Nicole | None
Henry | None
Shae | None
Courtney | None
Erin | None
Michelle | None
Jermine | None
Rionel | None
Samantha | None
Abigail | None
Coleen | None
Deborah | None
Ashley | None
Marylou | None
Alex | None
Madison | None
Lydia | None
Allison | None
Emily | None
Laken | None
Victoria | None
Mariah | None
Deena | None
Mike | None
Shay | None
Jan | None
Danny | None
Kyla | None
Nathan | None
Hauke | None
Tony | None
Matt | None
Guilherme | None
Andrea | None
Marcelo | None
Claire | None
Dima | None
Rita | None
Daren | None
John | None
Kerry | None
Marc | None
Brendan | None
Christine | None
Gauri | None
David | None
Priya | None
Todd | None
Jonathan | None
Chelsea | None
Dylan | None
Maxine | None
Kimberly | None
Jeet | None
Ethan | None
Cynthia | None
Lucas | None
Edgar | None
Leanne | None
Joanna | None
Travis | None
Ian | None
Saida | None
Deb | None
Barbara | None
Kell-ey | None
Megan | None
Christine | None
Tricia | None
Kira | None
Joy | None
James | None
Kathy | None
Darryl | None
Dustin | None
Faith | None
Arthur | None
Todd | None
Logan | None
Rian | None
Hafiz | None
Jamie | None
Sarah | None
Justin | None
Paula | None
Ariel | None
Pouliot | None
Bruce | None
Lisa | None
Chris | None
John | None
Chris | None
Toni | None
Ricardo | None
Tim | None
Andrei | None
Kate | None
Rainer | None
Edo | None
Michael | None
Paula | None
Matthew | None
Marcus | None
Jessica | None
Najah | None
Stefanie | None
Lucette | None
Kaela | None
Joseph | None
Evelyn | None
Luis | None
Caroline | None
Elizabeth | None
Jessica | None
Michelle | None
Gina | None
Janna | None
Tim | None
Sarah | None
Brian | None
Linda | None
Regan | None
Marcos | None
Kailey | None
Bethany | None
Sophia | None
Christian | None
Eric | None
Jacqueline | None
Rosa | None
Amelie | None
Autumn | None
Nikki | None
Isaac | None
Monika | None
Nairi | None
Ellen | None
Hannah | None
Marlie | None
Roosevelt | None
Gabrielle | None
Gracie | None
Danielle | None
Ashley | None
Briana | None
Anastasia | None
Nathan | None
Glenys | None
Delaney | None
Caitlin | None
Lisa | None
Shae | None
Caryn | None
Haley | None
Kaylee | None
Chelsea | None
Holly | None
Madison | None
Maryann | None
Tamara | None
Adam | None
Nathanael | None
Ryan | None
Michael | None
Caroline | None
Hailey | None
Debra | None
Nicholas | None
Shontasia | None
Drew | None
Renata | None
Mark | None
Julie | None
Erica | None
Matt | None
Lucy | None
Anna | None
Amy | None
CJ | None
Kristie | None
Saber | None
Lauren | None
Tatyana | None
Marian | None
Nate | None
Will | None
Jeremy | None
Scott | None
Maria | None
Casey | None
Natalie | None
Rachel | None
Fallon | None
Eve | None
Clair | None
Fergie | None
Jackie | None
Lysander | None
Gayathri | None
Heather | None
Kerry | None
Reece | None
J.L. | None
Fallyn | None
Joshua | None
Casie | None
Veronica | None
Tom | None
Carolyn | None
Sharlie | None
Jeffrey | None
Valerie | None
Bianca | None
David | None
Ashley | None
Kate | None
Jordyn | None
Mia | None
Alexis | None
Steve | None
Matthew | None
Thomas | None
Mia | None
Michael | None
Nicole | None
Sarah | None
Christian | None
Andrew | None
Haylie | None
Connor | None
Miles | None
Christopher | None
Mary | None
Alexandra | None
Anthony | None
Jacob | None
Grant | None
Adrienne | None
Shannon | None
Ryan | None
Kaile | None
Sarah | None
Shavaugn | None
Kyle | None
Ashley | None
Brady | None
Jake | None
Chelsea | None
Tricia | None
Katie | None
Taylor | None
Troy | None
Abigail | None
Aron | None
Tyler | None
Mikaela | None
Nathan | None
Nick | None
Eric | None
Erica | None
Gillian | None
Michael | None
Joe | None
Bani | None
Matthew | None
Steven | None
Joaquin | None
Hayden | None
Destinée | None
Baslel | None
Malcolm | None
Shikhikhutag | None
Michael | None
Wellington | None
Minoo | None
Nadeema | None
Jacqueline | None
Chithra | None
Nicole | None
Josef | None
Brynn | None
Maxwell | None
Tristan | None
Ali | None
Ethan | None
Assad | None
Esha | None
Christian | None
Eric | None
Vivian | None
Jaime | None
Christian | None
Amire | None
Jose | None
Yasmine | None
Peyman | None
Daniel | None
Stacy | None
Theresa | None
Sanskriti | None
Chrystal | None
Viet-John | None
James | None
Wendy | None
Marielle | None
Simona | None
Nick | None
Brenna | None
Isaac | None
Geoffrey | None
Scott | None
Samantha | None
Nihar | None
Sofia | None
Paula | None
Allison | None
Khushboo | None
Cassandra | None
Sam | None
Robin | None
Angela | None
Irada | None
Laura | None
Bala | None
Sam | None
Craig | None
Agustina | None
Ruth | None
Rebecca | None
Roohina | None
Anisha | None
Michael | None
Jacky | None
Steven | None
Sandy | None
Jimmy | None
Michele | None
Jassie | None
June | None
Dylan | None
Ahana | None
Jaime | None
Julianna | None
Marshall | None
Nicholas | None
Michelle | None
Megan | None
Tiffany | None
Jessica | None
Jami | None
Margaret | None
Cheryl | None
Peri-Ann | None
Randy | None
Stephanie | None
Xavier | None
Grady | None
Summer | None
Adam | None
Flora | None
Casey | None
Dexter | None
Marc | None
Bill | None
Amanda | None
Oscar | None
Daryl | None
Tyrese | None
Michael | None
Ben | None
Robin | None
Jamie | None
Carie | None
Lynne | None
Tommy | None
Clara | None
Oseas | None
Elena | None
Kirsten | None
Amanda | None
Elisabeth | None
Brittany | None
Malique | None
Gabe | None
Robert | None
Juyoung | None
Lance | None
Kentaro | None
Akie | None
Emi | None
Takato | None
Briceida | None
Wayne | None
Yuka | None
Julia | None
Jarrod | None
Cathy | None
Christina | None
Ravishankar | None
Nelo | None
Mariane | None
Hirokazu | None
Nanako | None
Matt | None
Aster | None
Will | None
Erin | None
Giancarlo | None
Tommy | None
Ryan | None
Abhishek | None
Aidan | None
Dan | None
Wendy | None
Alis | None
Dominica | None
Greg | None
Jake | None
Keifer | None
Jessalyn | None
Maryna | None
Lance | None
Charles | None
Paul | None
Kuan-Jung | None
Andrew | None
William | None
Pamela | None
Ameya | None
Mike | None
Michele | None
Gregory | None
Jamie | None
Thomas | None
Mark | None
Hema | None
Julia | None
Elena | None
Agostina | None
Whitney | None
Lester | None
Paola | None
Josef | None
Talia | None
Sagarika | None
Julien | None
Autumn | None
Megan | None
Sophie | None
Kiara | None
Jacqueline | None
Cheyenne | None
Kevin | None
Kristal | None
Charlie | None
Akanksha | None
Rajeev | None
Sang | None
rolando | None
Kishan | None
Raymond | None
Daniel | None
Breanna | None
Tommy | None
Vikas | None
Robyn | None
Nabil | None
Annisa | None
Aulia | None
Sonia | None
Marliana | None
Suman | None
Ahmad | None
Shalini | None
Hindun | None
Elroy | None
Herbert | None
Joan | None
Matthew | None
Mochamad | None
Bunga | None
Linda | None
Gerd | None
Dean | None
Lokesh | None
Parvati | None
Klaudia | None
Ebony | None
Darien | None
Nathalye | None
Shanice | None
Merrick | None
Keenan | None
Swagatika | None
Kareem | None
Kristen | None
Bomani | None
AJ | None
Merrill | None
John | None
Patricia | None
Camille | None
Stephanie | None
Garnadi | None
Lexi | None
Angelica | None
Eric | None
Justin | None
Brandon | None
Lucas | None
Robert | None
Gurpreet | None
Brendan | None
Stephen | None
Dennis | None
Emilie | None
Krystal | None
Gregory | None
Reis | None
Bindu | None
Suyash | None
Ryan | None
Ben | None
Jonathan | None
Steve | None
Shelby | None
Atul | None
Chanchal | None
Ashish | None
Shervin | None
Zach | None
Steve | None
Belinda | None
Mitchell | None
Sameer | None
Jennifer | None
Leslie | None
Ryan | None
Alexandra | None
Brent | None
Bryan | None
Jen | None
Sahil | None
Glenwood | None
John | None
Connor | None
Majda | None
Joseph | None
Brittany | None
Michael | None
Tom | None
Nic | None
Matt | None
Dawn | None
Randall | None
Zac | None
Sarah | None
Anna | None
Aoife | None
Sarah | None
LeeAnn | None
Kelly | None
Jason | None
Joshua | None
Justin | None
Ali | None
Abby | None
Angela | None
Serj | None
Avery | None
Joshua | None
Zachary | None
Jesse | None
Philip | None
Amy | None
Dannielle | None
Jana | None
Victor | None
Will | None
Samantha | None
Paul | None
Austin | None
Patrice | None
Swapnil | None
M | None
Daniel | None
Karol | None
Mike | None
Brittany | None
Chris | None
Pritesh | None
Laura | None
Marium | None
Richard | None
Parthiv | None
Nick | None
Michael | None
Cristina | None
Kaly | None
Nadine | None
Prajkta | None
Gareth | None
David | None
Carlos | None
Margarita | None
Oliver | None
Andrea | None
Tyler | None
Khurram | None
Ryan | None
Peter | None
Amir | None
Syed | None
Reshma | None
Erin | None
Terri | None
Imran | None
Iva | None
EPMA | None
Frances | None
Amey | None
Sita | None
Hassan | None
Manny | None
Max | None
Alexa | None
Yoonhee | None
Violet | None
Jason | None
Salah | None
Genevive | None
Gautham | None
Jonathan | None
Kenji | None
Joan | None
Elliot | None
Jyoti | None
Claudino | None
Ritika | None
Julissa | None
Barkev | None
Sureet | None
Julia | None
Rebecca | None
Thomas | None
Andrew | None
Ryley | None
Kamia | None
Grace | None
Monay | None
LaParis | None
Kevin | None
Julien | None
Feras | None
Chiranjiv | None
Greg | None
Jackson | None
Jia | None
Michelle | None
Amit | None
Boyuan | None
Alan | None
Natalie | None
Syed | None
Dan | None
Matthew | None
Kayla | None
Nandhini | None
Jaylen | None
John | None
Katt | None
Christine | None
Christine | None
Tom | None
Othman | None
Sridhara | None
Leah | None
Dan | None
Brittaney | None
Stephanie | None
Dani | None
Serhii | None
Christa | None
Ashley | None
David | None
Jordan | None
Nabil | None
Fauzan | None
Khaled | None
Nurul | None
Tony | None
Nunik | None
Neneng | None
KEITH | None
Tony | None
Ida | None
Neil | None
Dean | None
James | None
Lenore | None
Evangeline | None
Jeremie | None
Nick | None
Susan | None
Sevi | None
Stephanie | None
Gerlynn | None
Nathan | None
Erica | None
Joe | None
Kitric | None
Mike | None
Suhail | None
Namrata | None
Christopher | None
Adam | None
Elizabeth | None
Casey | None
Eric | None
Armin | None
Paula | None
Julie | None
Keith | None
Charles | None
Patrick | None
Jennifer | None
KeAnna | None
JAMES | None
Cody | None
Jahnyce | None
Menachem | None
Jesus | None
Meir | None
Loreina | None
Rachel | None
Reginaldo | None
Nia | None
Shakerra | None
Maximiliano | None
Ron | None
Sagar | None
Carine | None
Sandeep | None
Akshat | None
Rajat | None
Deepak | None
Vijay | None
Jeremy | None
Ashley | None
Kerri | None
Larry | None
Scott | None
C. | None
Todd | None
Jerry | None
Amanda | None
Ron | None
Neil | None
Victor | None
Leslie | None
Kristen | None
Vic | None
Geomie | None
Eric | None
Claire | None
Kathy | None
Candia | None
Steve | None
Susan | None
Cindy | None
Stephanie | None
Darryl | None
Terri | None
David | None
Mary | None
Reuben | None
Linda | None
Karen | None
Patrick | None
Wendy | None
Jennie | None
Michael | None
Anita | None
Peg | None
Cristin | None
Teofilo | None
Angela | None
Rachel | None
Nick | None
Soorya | None
Hiromi | None
Rick | None
Amy | None
Eric | None
Francis | None
Shaun | None
Olumide | None
Michael | None
Jacob | None
Rachael | None
Reginald | None
Lucas | None
Sharon | None
Kristine | None
Myka | None
Satya | None
Angie | None
Humayun | None
Tom | None
Joshua | None
Aneesa | None
Jake | None
Laurence | None
Susan | None
Brooks | None
Zack | None
Jake | None
Hannah | None
Caitlin | None
Andrew | None
Rochelle | None
Lisa | None
Carly | None
Jeffrey | None
Gabrielle | None
Nygl | None
Vicki | None
James | None
April | None
Mindy | None
melissa | None
Lindsay | None
Angelica | None
Lauren | None
Anjali | None
Flores | None
Heather | None
Lakrystal | None
Thamara | None
Michael | None
Sherry | None
Corey | None
Cesarina | None
mia | None
Elizabeth | None
Josh | None
Shannon | None
Miguel | None
Azra | None
Bryan | None
Ginny | None
William | None
Christopher | None
Mitch | None
Danielle | None
Angela | None
Addison | None
Rick | None
Rob | None
Ryan | None
Daniel | None
Beth | None
Joumana | None
Michelle | None
Eitan | None
Ortal | None
Liron | None
Sabrina | None
Chris | None
Will | None
Don | None
Lonnie | None
Robin | None
Victor | None
Adonica | None
Camron | None
Drew | None
Savannah | None
Susan | None
Alex | None
Russell | None
Heather | None
KelleyJo | None
Merry | None
Andrew | None
Erin | None
Jacey | None
omer | None
Ariel | None
Michal | None
Keren | None
Danielle | None
Arkady | None
Rotem | None
Rogerio | None
Bruno | None
Rafael | None
Sofia | None
Marina | None
Romario | None
Maximiliano | None
Ryan | None
Akash | None
Nicole | None
Joe | None
Andre | None
Edwin | None
jimmie | None
Craig | None
Drew | None
Tony | None
Ali | None
Ben | None
Vaithinathan | None
Harminder | None
Mark | None
Sitha | None
Timothy | None
Sydney | None
Adam | None
Ravina | None
Dean | None
Oneal | None
Komal | None
Gregory | None
Aaron | None
John | None
Omar | None
Jennifer | None
Michael | None
Steven | None
Nathan | None
Hari | None
Hardik | None
Yulio | None
Pranav | None
Aaron | None
Colin | None
Keaton | None
Lee | None
Tori | None
Evan | None
Robert | None
Thomas | None
Nicole | None
Thomas | None
Ryan | None
Bryant | None
Ankit | None
Ajeet | None
Shivam | None
Nidhi | None
garvit | None
Ratnesh | None
Amandeep | None
Adam | None
Doug | None
Prince | None
Felicia | None
Annie | None
Jai | None
Taheera | None
Saket | None
sajal | None
Arun | None
Irma | None
Ashish | None
Ankush | None
Meir | None
Kelsey | None
Vincent | None
Mark | None
Kevin | None
Andrew | None
Quinn | None
Priyanshu | None
Kin | None
Ayush | None
Gautam | None
Shivam | None
Samay | None
Sandeep | None
Deep | None
Pranav | None
Ranil | None
Jonathan | None
Dan | None
Stephen | None
Eric | None
Brian | None
Brad | None
Tina | None
Jason | None
Ali | None
Russell | None
John | None
Miriah | None
Greg | None
Ahmed | None
Urooj | None
Uday | None
Bill | None
Brooke | None
Robert | None
Christopher | None
Jeremy | None
Leah | None
Christopher | None
David | None
Jackson | None
Kobe | None
Peter | None
Batyrkhan | None
Donovan | None
Masum | None
Christian | None
Jose | None
Elizabeth | None
Linda | None
Nikhil | None
Jaime | None
Daniel | None
Asmaa | None
Dilraj | None
Fernando | None
Robin | None
Angie | None
Mary | None
Dutch | None
Carolyn | None
Wyn | None
Tyreece | None
Rious | None
Zoey | None
Elizabeth | None
Anabella | None
Kimberly | None
Oliver | None
Joe | None
Josh | None
Dom | None
Ewan | None
Harry | None
Leigh | None
Trez | None
Kathleen | None
Michelle | None
Victor | None
Mark | None
Kellie | None
Taylor | None
Abubakar | None
Adex | None
Rebecca | None
Roxanne | None
Liz | None
Monica | None
Sharon | None
Jeannine | None
Leesa | None
Mwape | None
Jessica | None
Brittany | None
Nicole | None
Mae | None
Julie | None
Hugo | None
Tamar | None
Calum | None
Sims | None
Jennifer | None
Ly | None
Kadee | None
Helen | None
Lisa | None
Pam | None
Scott | None
Gail | None
Kimela | None
Laqulia | None
Lawrence | None
Kate | None
Alan | None
Marla | None
Teresa | None
Catherine | None
Steve | None
Yetty | None
Adam | None
Brooke | None
Dale | None
Lynn | None
Patty | None
Robin | None
Amanda | None
Radhika | None
Thomas | None
Kaitlyn | None
Andrea | None
Adam | None
Shane | None
Sidney | None
Chloe | None
Sharonda | None
Kristin | None
Alison | None
Tim | None
Abigail | None
Jamie | None
Brandon | None
Hailey | None
Ava | None
Michael | None
Joseph | None
Thomas | None
Tomika | None
Stephen | None
Hailey | None
Dylan | None
Lawrence | None
Isabelle | None
Alex | None
Adam | None
Rikard | None
Sofia | None
Jo | None
Martin | None
Frank | None
Kandice | None
Chris | None
Petros | None
Adreenah | None
Dujai | None
Dan | None
Danielle | None
Tracie | None
Carly | None
Jason | None
Al | None
Corey | None
Jim | None
Cole | None
Jessica | None
Adrienne | None
Manish | None
Nicholas | None
Oskar | None
George | None
Samantha | None
Will | None
Daniel | None
Paula | None
Shaun | None
Marie | None
Kathryn | None
Amanda | None
Jimmy | None
Sonny | None
Suzanne | None
Radha | None
Jessie | None
michelle | None
Michael | None
Wilson | None
Aaron | None
Allie | None
Thomas | None
Yurii | None
Liju | None
VCSekhar | None
Bhaskar | None
Bheema | None
E | None
Sreenivasa | None
RANGANATH | None
Ganesh | None
Jim | None
Bharath | None
Vamsi | None
Lorraine | None
Bradley | None
Kevin | None
Yolanda | None
Priscilla | None
Brian | None
Srikant | None
Phillip | None
Brock | None
Kerri | None
Vaughn | None
Matthew | None
Kevin | None
Andy | None
Kayley | None
Cecilia | None
Mark | None
Nathan | None
Nathan | None
Ted | None
Andre | None
William | None
Leah | None
Matt | None
Rosie | None
Terry | None
Clyde | None
Gordon | None
Dave | None
William | None
Angel | None
Jon | None
Olvin | None
Andrea | None
Francisco | None
Manuel | None
George | None
Robert | None
Jeff | None
Omar | None
Jeff | None
Brittney | None
Tyler | None
Alexey | None
Taylor | None
Richard | None
Ben | None
Gajan | None
George | None
Kin | None
Ivan | None
Darcie | None
Debra | None
Eric | None
Toni | None
Julian | None
Connor | None
Morgan | None
Michael | None
Piyali | None
Eric | None
Roman | None
Dominic | None
Derek | None
Taylor | None
Calvin | None
Royce | None
Will | None
Alex | None
Marvin | None
Sean | None
Wayne | None
Robert | None
Caleb | None
Matthew | None
Aaron | None
Debra | None
Taylor | None
Stephanie | None
Dominick | None
Christopher | None
Patrick | None
Todd | None
Ty | None
Trevor | None
Steven | None
Kerri | None
Chuck | None
Hannah | None
Steve | None
Nadjeda | None
Stephen | None
Pouya | None
Charleise | None
Kyle | None
Michael | None
Sean | None
Hirdey | None
Stephen | None
Jonny | None
Daniel | None
Samuel | None
Jack | None
Chris | None
Aaron | None
Jason | None
Maria | None
Rob | None
Tyler | None
Neil | None
Katelin | None
Berkeley | None
Zach | None
Jillian | None
Jennifer | None
Lorelei | None
JoAnn | None
Cassandra | None
Shawna | None
Hallie | None
MARCELO | None
Rinku | None
Brigitta | None
Emanuel | None
Shayazah | None
Dwain | None
Jessica | None
Jonathan | None
Daniel | None
Bill | None
Adam | None
Sergio | None
Maurice | None
Sean | None
Petra | None
Kale | None
Stephen | None
Matthew | None
Dustin | None
Gary | None
Nicholas | None
Zachary | None
Jennifer | None
stephanie | None
Pavithra | None
Sagadevan | None
Amanda | None
Kim | None
April | None
Marcelo | None
Ben | None
Raquel | None
Daria | None
Hans | None
Milena | None
Anusha | None
Kevin | None
Melvin | None
Eli | None
Lindsey | None
Monica | None
Cheryl | None
Ahmad | None
Oliver | None
Brian | None
Sultan | None
Amber | None
Shankar | None
PRASHANTH | None
Ruth | None
Xiliang | None
Pavithra | None
Raga | None
Jolene | None
Isham | None
Big | None
Stewart | None
Bhavana | None
Mark | None
Adam | None
CORBIN | None
Jeremy | None
Kelly | None
Alexis | None
Justin | None
Lakshmi | None
Jared | None
Nicole | None
Kelly | None
Sandeep | None
Evelyn | None
Zazil | None
Andrew | None
Bharathidasan | None
Elizabeth | None
Keo | None
Regina | None
Alyssa | None
Nancy | None
Michael | None
Charlotte | None
PRIYANKA | None
Rajeev | None
Nicole | None
Kelly | None
Lynn | None
Aim | None
Elizabeth | None
Lisa | None
Tristin | None
Trudi | None
Cody | None
Alison | None
Steve | None
Zachary | None
Bryce | None
Akeem | None
Jose | None
Joe | None
Pedro | None
Laura | None
Alex | None
Jose | None
Julio | None
Jorge | None
Javier | None
Ricardo | None
Daniel | None
paula | None
Marshall | None
Mike | None
Nicholas | None
Eric | None
Beth | None
Jen | None
Jessie | None
Sheldon | None
Kyzito | None
Rebecca | None
Christopher | None
Connor | None
Nikita | None
Michael | None
Jenni | None
Cecil | None
Kathleen | None
Brittany | None
Carson | None
Buck | None
Daniel | None
Esil | None
Rob | None
James | None
Louis | None
Jacek | None
Alex | None
Sikander | None
Nicole | None
Rico | None
Bogdan | None
Daniel | None
Zara | None
Andrew | None
Einat | None
Miguel | None
Paul | None
Julio | None
Connor | None
AlauriB | None
Joanne | None
Beckie | None
Caleb | None
Rob | None
Annie | None
Daniel | None
David | None
Katherine | None
Lydia | None
Luke | None
Andrea | None
Alesia | None
Abigail | None
Lou | None
Helen | None
Chloe | None
Aron | None
Mike | None
Xandria | None
Yasmina | None
Gregory | None
Preston | None
Karen | None
Katie | None
Ryan | None
Stanton | None
Anahid | None
Paul | None
Douglas | None
Andrew | None
Craig | None
Colin | None
Janette | None
DeShawn | None
Denise | None
Sarah | None
Angel | None
Kyle | None
Michael | None
Justin | None
Kari | None
David | None
Keomi | None
Sandy | None
Luciana | None
Brenda | None
Walker | None
Trevor | None
Pam | None
Tahseen | None
Natalie | None
Rick | None
Trent | None
Amanda | None
Kerry | None
Michelle | None
Dorris | None
Terrell | None
Jay | None
Mateusz | None
Michael | None
Carlos | None
Samantha | None
Kat | None
Dave | None
Elizabeth | None
Mark | None
Shalon | None
Terry | None
Tyler | None
Stephanie | None
Mary | None
Amanda | None
Ann | None
Billy | None
Diane | None
Madison | None
David | None
Brittany | None
Adrian | None
Philip | None
Brian | None
Ryan | None
Madison | None
EConrad | None
Scott | None
John | None
Dan | None
Johnise | None
Anthony | None
Roberto | None
David | None
Blake | None
Tani | None
Phillip | None
Madison | None
James | None
Vu | None
Destiny | None
Wenny | None
Shameerah | None
Selvadevan | None
Sukruta | None
Asha | None
Kumar | None
Ayesha | None
Guru | None
Harshal | None
Tamanna | None
Himaja | None
Priyanka | None
Sandeep | None
Smriti | None
Manoj | None
Sonia | None
Vanessa | None
Raj | None
Divya | None
Shivani | None
Surya | None
Sreekanth | None
David | None
Pratap | None
Avantika | None
Poornima | None
Jyothi | None
Dave | None
Nikkita | None
Swarda | None
Nick | None
Anuradha | None
Jagan | None
Ted | None
Siddhant | None
Karishma | None
kavitha | None
Prashant | None
Krish | None
Brenda | None
Pracchi | None
Brian | None
Ida | None
Mike | None
Allison | None
Katie | None
Marcus | None
Jordan | None
Jeannine | None
JeffreySpinella | None
Steve | None
Mariana | None
Alysa | None
Christopher | None
Joseph | None
PETER | None
Joe | None
Steven | None
Minnie | None
James | None
Rosario | None
Alexandra | None
Eric | None
Emil | None
Domenico | None
Bailey | None
Audrey | None
Carmen | None
Kimberley | None
Taylor | None
Benjamin | None
Ed | None
Michael | None
Marcia | None
Ana | None
Susan | None
Patricia | None
Milay | None
Gloria | None
Suvarna | None
Baban | None
Vishal | None
Tia | None
Anthony | None
Paul | None
Oscar | None
Sharon | None
Michael | None
Robert | None
Charles | None
Jeremy | None
William | None
Subha | None
Jennica | None
Shannon | None
Oscar | None
Naomi | None
Tauhid | None
Julio | None
Bill | None
Aimee | None
Keith | None
Michael | None
Blanca | None
Naim | None
Lorena | None
Nikita | None
Emily | None
Kate | None
Stephen | None
Michele | None
Abby | None
Annie | None
Leigh | None
Eric | None
William | None
Karl | None
Dan | None
Erica | None
Peter | None
Kerry | None
Marsha | None
Soedesh | None
Ruann | None
Anna | None
Lora | None
Gonzalo | None
Tristan | None
Eli | None
Deep | None
Andrew | None
Evgenia | None
David | None
Chris | None
Andy | None
Taylor | None
Geethika | None
Poorvanjali | None
Surabhi | None
Shivan | None
Michael | None
Joshua | None
Matthew | None
Will | None
Zach | None
Juliana | None
Jorge | None
Neil | None
Elena | None
Kevin | None
Diego | None
Gabriella | None
Denise | None
Mark | None
Tanu | None
Robert | None
Luiz | None
Kevin | None
Donald | None
John | None
Georgina | None
Elisabeth | None
John | None
Jonathan | None
Pradeep | None
Leslie | None
Brittney | None
Merle | None
Tate | None
Kimberly | None
Jason | None
Emilee | None
Stephanie | None
Cathy | None
Roxanne | None
Gina | None
Shari | None
Florencia | None
Amy | None
Geo | None
Will | None
Kimberley | None
Carmen | None
Cathy | None
George | None
Milan | None
Sujeena | None
Ival | None
QUEENMOORE | None
Steven | None
Ellalene | None
Simon | None
Jeff | None
Mikala | None
Patricia | None
Dr. | None
Allison | None
Josephine | None
Charlotte | None
Shivani | None
JANE | None
Benjamin | None
Will | None
Dominic | None
Paul | None
Andrew | None
Brian | None
Michael | None
Oleg | None
Airielle | None
Colin | None
Mike | None
Tiffanie | None
Ahmed | None
Jason | None
Kevin | None
Rob | None
Megan | None
Saura | None
Lance | None
Hannah | None
Vulin | None
Shereen | None
Brett | None
Joanna | None
Zach | None
Michael | None
Jack | None
Ali | None
Carly | None
Yones | None
Sarina | None
Brian | None
Ken | None
David | None
Heidi | None
Danielle | None
Ashley | None
Linda | None
Logan | None
Sam | None
Shelby | None
Josh | None
Casey | None
Joseph | None
Dave | None
Gail | None
Noel | None
Linh | None
Stacy | None
Steve | None
Erik | None
Dennis | None
Syed | None
Mike | None
sreemanth | None
Rick | None
Frank | None
Jun | None
Josh | None
Mohammad | None
Daniel | None
Michael | None
David | None
Jonathan | None
Dan | None
Howard | None
Keith | None
David | None
Martijn | None
Islam | None
Michael | None
Ryan | None
Faizan | None
Stephanie | None
Shannon | None
Jeremiah | None
Shelly | None
Heather | None
Abbey | None
Abdullah | None
Amelia | None
Michael | None
Bassem | None
Chaithra | None
Srilakshmi | None
Viviana | None
Babu | None
Colleen | None
Kossi | None
Fey | None
Ravindran | None
Barbara | None
Emma | None
Steven | None
Haley | None
Cailey | None
Lynn | None
Allie | None
Jean-Paul | None
Karen | None
Dillon | None
Padmini | None
Nandini | None
Demos | None
Sobrina | None
Hrushikesh | None
JOSHUA | None
Doug | None
Jeff | None
Dan | None
Joshua | None
Lori | None
Justin | None
Lori | None
Brian | None
Elizabeth | None
Jim | None
Shilpa | None
Sree | None
Delwyn | None
Marcellus | None
Morgan | None
Juned | None
Ferdiansyah | None
Luciano | None
Dara | None
Aakash | None
Ira | None
Bunga | None
Eileen | None
Andri | None
Kimberly | None
Robert | None
Josh | None
Fahad | None
Ella | None
Tasha | None
Amanda | None
Narissa | None
Devon | None
Eddie | None
Jack | None
Lise | None
Kai | None
Roxanne | None
Lisa | None
Eskedar | None
Vincent | None
Suzette | None
Vishal | None
Andrea | None
Anton | None
Susan | None
Caroline | None
Devin | None
Verena | None
Diane | None
Kevin | None
Savannah | None
Alvie | None
D'Jenne | None
Victoria | None
Yasin | None
Greg | None
Matthew | None
Harvinder | None
Alexandra | None
Zahir | None
Alex | None
Stefan | None
Giselle | None
Chris | None
Amjad | None
Karim | None
Carlos | None
Lily | None
Josephine | None
Carissa | None
Diamond | None
Geofrey | None
Daniel | None
Keith | None
Anthony | None
Sam | None
Harriet | None
Osa | None
Diane | None
Christina | None
Jiyu | None
Meena | None
Liz | None
Lachlan | None
Mia | None
Jennifer | None
Jeremy | None
Dallin | None
Emily | None
Christopher | None
Jon | None
Carole | None
Cachet | None
Danny | None
Fábio | None
Sebastian | None
Graham | None
Carl | None
Brad | None
John | None
Pete | None
Bill | None
Yasmin | None
Michelle | None
Kayla | None
Jacob | None
Steve | None
Tara | None
Eric | None
Christopher | None
Maria | None
Brian. | None
David | None
Emily | None
Ollie | None
Justin | None
Jimmy | None
Krish | None
Matt | None
Gary | None
Callum | None
Russell | None
Tom | None
James | None
Gemma | None
Dolly | None
Letia | None
Josh | None
Joe | None
Spencer | None
Nathan | None
Oliver | None
Michael | None
Victoria | None
Ryan | None
Jason | None
Josh | None
William | None
Brian | None
Rachel | None
Bruce | None
Aaron | None
Natalie | None
Kirk | None
Nathan | None
Scott | None
Tye | None
Gil | None
Renato | None
SARAH | None
Troy | None
Mark | None
Paul | None
Meagan | None
Rhea | None
Jimmy | None
Gene | None
Shana | None
Phillip | None
Wendy | None
Bridget | None
Russell | None
Loyda | None
Keith | None
Sam | None
Carter | None
Stacy | None
Zoe | None
Ann | None
Juan | None
BLC | None
Scott | None
Chad | None
Roja | None
Tommy | None
Adam | None
David | None
Gabrielle | None
Milena | None
Tania | None
Yaslin | None
Omar | None
Gabriella | None
Thomas | None
Jinyun | None
Idan | None
Mateo | None
Shaila | None
Kinga | None
Tijana | None
Jocelyn | None
Michael | None
Lorenzo | None
Joe | None
Shane | None
Charlie | None
Andy | None
Josh | None
Adhithi | None
Austin | None
Ben | None
Habdens | None
Connor | None
Adeeti | None
Megan | None
Maggie | None
Bessie | None
Scott | None
Aleksander | None
Bruce | None
Brian | None
Tao | None
Tyler | None
Kevin | None
Khai | None
Aaron | None
Jan | None
Peter | None
Obed | None
Rick | None
Kevin | None
Nicole | None
Hannah | None
Alicja | None
Elizabeth | None
Michelle | None
Janice | None
Bernard | None
Peter | None
Ayo | None
Ronnie | None
Lesley | None
Vincent | None
Craig | None
Zuzanna | None
Krzysztof | None
James | None
Christopher | None
Scott | None
Scott | None
Mark | None
Trent | None
Ryan | None
Monika | None
Richard | None
KIM | None
Randy | None
Michael | None
Marty | None
Joanna | None
Tomasz | None
Joanna | None
Scott | None
Rafael | None
Amy | None
Julie | None
Obed | None
Eric | None
James | None
Gary | None
Piotr | None
Jennifer | None
Raja | None
Melissa | None
Ryoko | None
Peter | None
Manjunath | None
Surya | None
Reda | None
Ranjeet | None
Anil | None
Gregory | None
Abhishek | None
Randy | None
Samuel | None
Derek | None
Rajesh | None
Sarah | None
Josh | None
Alex | None
Laura | None
Giulia | None
Lаսгеnѕ | None
Sweety | None
Sujith | None
Eduardo | None
Suzanne | None
Paul | None
Jasmeet | None
Trina | None
Zulkarnaina | None
Nicholas | None
Paul | None
Brendan | None
Kavi | None
Satyendra | None
Jorge | None
Divyang | None
Ken | None
Nicholas | None
Roberta | None
Sam | None
Addison | None
Benjamin | None
Tyler | None
Mike | None
Emily | None
Jonathan | None
Veronica | None
Christa | None
Lucas | None
Tom | None
Christin | None
Joanna | None
Heather | None
Rachael | None
Brya | None
Michael | None
Nadine | None
Gavin | None
Kyle | None
Hudson | None
Brian | None
Arthelda | None
Chandra | None
Lily | None
Douglas | None
Audriana | None
Matthew | None
Olamide | None
Patrick | None
Arvind | None
Nancy | None
Geoffrey | None
Ieisha | None
Matthew | None
Kevin | None
Dave | None
Erin | None
Joshua | None
Chandra | None
Patrick | None
Clairie | None
Cathleen | None
Thomas | None
Megan | None
Jason | None
Jose | None
Shana | None
Eric | None
Laurie | None
Sarah | None
Vivian | None
Brett | None
Cory | None
Christopher | None
Scott | None
Steven | None
Jonah | None
Sean | None
Stephen | None
Joann | None
Damon | None
Bill | None
Anusha | None
Patrick | None
Allie | None
Paulo | None
Michael | None
Byron | None
Juston | None
George | None
Joseph | None
Amber | None
Jay | None
Tuscenia | None
Andrea | None
Craig | None
Paul | None
Kevin | None
Darriel | None
JoAnn | None
Josh | None
Talha | None
Brian | None
Shannon | None
Paul | None
Terrell | None
Gaston | None
Raqibul | None
Suresh | None
Paul | None
Scott | None
William | None
William | None
Holly | None
Kimberly | None
Corey | None
Nadine | None
Ellie | None
Grace | None
Ansleigh | None
Leah | None
Kymberley | None
Brian | None
Michael | None
Marci | None
Alex | None
Candice | None
Migel | None
Elizabeth | None
Yñigo | None
John | None
Angela | None
Todd | None
Oskar | None
Blaine | None
Hema | None
Shahanaz | None
Shan | None
Eric | None
Rachana | None
Sam | None
Alejandro | None
Jonny | None
Gabriella | None
Yashasvi | None
Casey | None
Deepak | None
Sanjana | None
Emily | None
Anusha | None
Sam | None
Anoop | None
Tom | None
Andrew | None
Catarina | None
Mariami | None
Sam | None
Claire | None
Mary | None
Chaketa | None
Aylish | None
Joe | None
Diego | None
Jessica | None
Kimberly | None
JP | None
Staci | None
Cristian | None
Ian | None
Enrique | None
Yago | None
Tricia | None
Soraia | None
Harrison | None
Harshal | None
Nojan | None
Ashley | None
Steven | None
Trey | None
William | None
Soedesh | None
Sherry | None
Suraj | None
Immanuel | None
Richard | None
Michael | None
Dharmateja | None
Feba | None
Tim | None
Jay | None
Matt | None
John | None
Matt | None
_Peter | None
Nino | None
Jack | None
Devin | None
Shakir | None
Julia | None
Liz | None
Yuvraj | None
Pavan | None
David | None
DEBANANDA | None
Mark | None
Sharat | None
Adam | None
Sean | None
Kurt | None
Amy | None
Ty | None
Tom | None
Amber | None
Armand | None
Nicole | None
Kaelyn | None
Uzair | None
Christine | None
Nick | None
Sipra | None
TJ | None
Nick | None
Frankie | None
Christopher | None
Stephanie | None
Juliette | None
Samantha | None
Michelle | None
Sanjana | None
Mykola | None
Anastasiia | None
Anton | None
Nicholas | None
Ari | None
Chetan | None
Kebonye | None
Alyssa | None
Alan | None
Alina | None
Maximilian | None
Angela | None
Chad | None
Tina | None
Tasir | None
Jennifer | None
Bryan | None
Olivia | None
Timothy | None
Howard | None
Justus | None
Ularc | None
Sean | None
Julia | None
Phudoma | None
Jonathan | None
Jordan | None
Chelsea | None
James | None
Manjeet | None
Lakhan | None
Nandita | None
subrahmanyam | None
Jean | None
Emma | None
Hina | None
Ashish | None
Qahir | None
KajalRaj | None
Gaurang | None
Jennifer | None
James | None
Himanshu | None
Ujjwal | None
Arash | None
Thomas | None
Mikal | None
Anika | None
Frenkli | None
Anna | None
Carie | None
Rosa | None
Glenn | None
Lauren | None
Andrew | None
Isabelle | None
Denisse | None
Elizabeth | None
Anthony | None
Kathryn | None
Hadley | None
Andres | None
Denae | None
Chris | None
shalini | None
Randy | None
Maaz | None
Jorge | None
Aline | None
Giovanna | None
Matt | None
Maria | None
Jake | None
Abbes | None
Paulo | None
Adam | None
Timothy | None
Jennifer | None
Jan | None
Craig | None
Ronald | None
Melissa | None
Thomas | None
kalim | None
Bryan | None
Jomar | None
Diego | None
Lauren | None
Demi | None
Eury | None
Cezar | None
Johnathan | None
Lucas | None
Fernanda | None
Sanjana | None
Davi | None
Gustavo | None
Dorin | None
Vinicius | None
Alexei | None
Jedrzej | None
Fernanda | None
Rebecca | None
Davis | None
Alexis | None
Kenny | None
Kelly | None
Christopher | None
Crystal | None
Weitao | None
Joie | None
Carrie | None
Kate | None
Margaret | None
Nicholas | None
Katie | None
Christine | None
Camille | None
Barbara | None
Ginny | None
Darcy | None
Amalia | None
Itai | None
Jenna | None
Bob | None
Robert | None
Kai | None
judy | None
Adam | None
George | None
Richard | None
Thomas | None
Sarah | None
Sarah | None
Robert | None
Carlton | None
Matthew | None
Roger | None
Asha | None
Al | None
Margaret | None
Dan | None
Tyler | None
Maria | None
mehek | None
Arjunkumar | None
Vaibhav | None
Piyush | None
Quinn | None
Uttej | None
Jithendra | None
Viziya | None
Ramu | None
Matthew | None
Apurva | None
Joe | None
Aaron | None
Gayle | None
Pooja | None
Elaine | None
Soo | None
Thomas | None
Vishnu | None
Victoria | None
Sarada | None
Brandon | None
Mikhail | None
David | None
Christine | None
Michelle | None
Rowan | None
Marc | None
Benjamin | None
Andrea | None
Weranga | None
Jacob | None
Eddy | None
Philip | None
Jason | None
Steven | None
Christopher | None
Sal | None
Ankit | None
Sherrie | None
Felicia | None
Ihar | None
Priyanka | None
Nikahatbano | None
Jean | None
Devesh | None
Tammy | None
Robert | None
Ryan | None
Jaydeep | None
Darío | None
Annie | None
Jason | None
Layana | None
Murtaza | None
Christopher | None
Ivan | None
Sandeep | None
Gaurav | None
Dave | None
Parminder | None
Bhuvan | None
Parmjit | None
Gordan | None
Jaime | None
Sahej | None
Chris | None
Patrick | None
Christine | None
Misti | None
Dhyan | None
Mari | None
Tina | None
Nicole | None
Sarah | None
James | None
Mary | None
Briana | None
Abhijit | None
Chin | None
Corrinne | None
Rita | None
Alicia | None
Tan | None
Cristin | None
Travis | None
Shannon | None
Dustin | None
Salena | None
Anirudh | None
Laura | None
Jessica | None
Yuliia | None
Yuliia | None
Lena | None
Lesia | None
Alla | None
Oksana | None
Anzhelika | None
Austin | None
Вікторія | None
Larry | None
Pardeep | None
Anushka | None
Manisha | None
Dhaval | None
vikas | None
Ritu | None
Kris | None
MD | None
Harsh | None
Aditya | None
Pankaj | None
Steve | None
Pramjeet | None
Nancy | None
Kumar | None
Sonakshi | None
Waky | None
Kim | None
Tetiana | None
Myroslava | None
Oleksandr | None
Nosheen | None
Malvika | None
Aashish | None
Bugra | None
Veysel | None
Kate | None
Ronald | None
Victor | None
Josh | None
Kizzy | None
Tiara | None
Sophie | None
Charles | None
Tyler | None
Matthew | None
Sarah | None
Tammi | None
Danilo | None
Jiri | None
Olga | None
Oleksandra | None
Kseniia | None
Alina | None
Kate | None
Anja | None
Anna | None
Oleksii | None
Viktoriia | None
Petro | None
Elina | None
Liza | None
Viktoriia | None
Evgeniya | None
Alisa | None
Nastia | None
Anastasiia | None
Daryna | None
Jeffrey | None
David | None
THISARU | None
James | None
J.G. | None
Jean | None
Cailyn | None
Christopher | None
Matthew | None
Pierre | None
Austin | None
Meredith | None
Habibullah | None
Sam | None
Steven | None
Clark | None
Samantha | None
James | None
Chrissi | None
Anthony | None
Chris | None
Cody | None
Nicole | None
Alexa | None
Basia | None
Kyle | None
Simone | None
Lorena | None
Susan | None
Khurram | None
Tanzeel | None
Kristina | None
Kinza | None
Rachael | None
Aaron | None
Russ | None
Andrew | None
Jonathan | None
Celyna | None
Jenessa | None
Michael | None
Scott | None
Jerry | None
Jacob | None
Tomer | None
Shahar | None
Rony | None
Danielle | None
Gal | None
Roman | None
Matt | None
Jon | None
Abigail | None
Olga | None
Christopher | None
Kevin | None
Sal | None
Bradley | None
Anthony | None
Nick | None
Alex | None
Jose | None
Tuval | None
Sarah | None
Ben | None
Pranay | None
Laura | None
Michel | None
Bryan | None
Michael | None
Marqueaz | None
Kailyn | None
Caroline | None
Phillip | None
Cooper | None
Megan | None
Nella | None
Matt | None
Mariah | None
Michael | None
Ismail | None
Aaron | None
Ali | None
Sneha | None
Boluwaji | None
Julia | None
Lynda | None
Cayetana | None
Michelle | None
Neil | None
Andrii | None
Oleg | None
J. | None
Michael | None
Mikael | None
Anna | None
Hung | None
Charles | None
Daryl | None
Nayeli | None
Payton | None
Dan | None
Al | None
Delna | None
Debbie | None
Kalyani | None
Deepthi | None
Vinicios | None
Tiago | None
Thiago | None
Data | None
Sergei | None
Felipe | None
Enrique | None
Tamara | None
Jennifer | None
Vander | None
Bradley | None
Volodymyr | None
Tatiana | None
Arturo | None
Jenn | None
Cassandra | None
Liberty | None
James | None
Lindsey | None
Chetan | None
Saajida | None
Ankita | None
Hitiksha | None
Anggariani | None
Clayton | None
Tommy | None
Affi | None
Angela | None
Carrie | None
Analia | None
Alice | None
Jolani | None
Bailey | None
Abhishek | None
Nikhil | None
Binny | None
Chanté | None
Kevin | None
Jean-Paul | None
Lara | None
Tyler | None
Luke | None
Malcolm | None
Tony | None
Bhargav | None
daryl | None
Darren | None
Ashley | None
Evan | None
Drake | None
Kyndra | None
Jim | None
Michele | None
Dan | None
Steph | None
Brian | None
Luigi | None
Al | None
Liz | None
Lance | None
Jocelyn | None
Matthew | None
Nikki | None
Jordan | None
Keely | None
Sean | None
Nicole | None
Nileysh | None
Shilpa | None
Umesh | None
Jayesh | None
Cayzen | None
Aishwarya | None
Kathryn | None
Shairus | None
Keegan | None
Ellyce | None
Reuben | None
Dhwanil | None
Tatyana | None
Anthony | None
Harvinder | None
Alexandra | None
Amy | None
Albert | None
Kelly | None
Lisa | None
Heidi | None
Jennifer | None
Lee | None
Shannon | None
Bridget | None
Cory | None
Ryan | None
Leon | None
Vivek | None
Jim | None
Quynhlynnette | None
Cree | None
Nandan | None
Ashkar | None
Ishan | None
Linga | None
Vishnu | None
Bruce | None
Biswajit | None
Supun | None
ARNAB | None
Muralidharan | None
Andrew | None
Rajamani | None
Sujata | None
Cameron | None
Mary | None
Harit | None
Dean | None
Bradley | None
John | None
Rick | None
Krunal | None
Mike | None
Rick | None
Armando | None
Maryanne | None
Charles | None
Russell | None
Kyle | None
Sariney | None
Angel | None
Nick | None
David | None
Naomi | None
Travis | None
Sanjeev | None
Angela | None
Edward | None
Gene | None
Pavlo | None
Steve | None
Modest | None
Joshua | None
Marlon | None
Lakshmi | None
Jonathon | None
Panawe | None
Joe | None
Erin | None
Sean | None
Kevin | None
Chris | None
Jason | None
Kris | None
Brendan | None
Nick | None
Jeremy | None
Kathryn | None
Riyad | None
Guilherme | None
Hanson | None
Patrick | None
Timothy | None
Netta | None
Andre | None
Monica | None
Alan | None
Michael | None
Yonatan | None
Alexander | None
Jacob | None
Omer | None
Ariel | None
John | None
Will | None
Connor | None
Darren | None
Marlene | None
Jordan | None
Taylor | None
Hannah | None
Glenn | None
Kathleen | None
Eric | None
Frank | None
Adrianne | None
Dirk | None
Matthew | None
Susan | None
Jeff | None
Matthew | None
Nelli | None
Erin | None
Chanthy | None
Dan | None
Brett | None
Kevin | None
April | None
Beth | None
Brett | None
Ashlee | None
Katie | None
Kristen | None
Jamie | None
Deborah | None
Amber | None
Milena | None
Robert | None
Jessica | None
Jenna | None
Joanna | None
Robert | None
Coleen | None
Frank | None
Robin | None
Jagadish | None
Jim | None
Nicole | None
Larry | None
Nicholas | None
Juan | None
Matthew | None
Matt | None
Dylan | None
Ben | None
James | None
Jeffrey | None
Adam | None
Scott | None
Alex | None
Andy | None
Joshua | None
Shannon | None
Andrea | None
Jay | None
Graydon | None
Princess | None
Selim | None
James | None
Ethan | None
John | None
Crystopher | None
James | None
Federico | None
Solomon | None
Tonya | None
Blake | None
Dean | None
Regis | None
Harsha | None
Charles | None
Tiffany | None
Mildred | None
Samantha | None
Neale | None
Steven | None
Luke | None
Marcus | None
Sharyn | None
Britney | None
Roy | None
Wellington | None
Courtney | None
Tracy | None
Kacie | None
Kaitlin | None
Denise | None
Sarah | None
Cherie | None
Nick | None
Debika | None
Carrie | None
Jennifer | None
Michele | None
Colleen | None
John | None
Shawn | None
Carl | None
Cristina | None
Kellea | None
Cindy | None
Lori | None
Amber | None
Cortnie | None
Krista | None
Alix | None
Angela | None
David | None
Brittany | None
Darlene | None
Monica | None
Sherry | None
Timothy | None
Marie | None
Whitney | None
Neil | None
Adonis | None
Peter | None
Elizabeth | None
Matthew | None
Tom | None
Ros | None
Laura | None
Shawn | None
Abu | None
Freddy | None
Gregg | None
Aaron | None
Lewis | None
Natalie | None
Paul | None
Liam | None
Liam | None
Steve | None
Luke | None
Nick | None
Alina | None
Bogdan | None
Jamuel | None
Jeff | None
Bryan | None
Tasha | None
Anthony | None
Trish | None
Alyssa | None
Lemuel | None
Krystian | None
Racquel | None
Anne | None
Fernalyn | None
Vishnu | None
Katrina | None
Rebecca | None
Jonathan | None
Michael | None
Nadya | None
Sander | None
Tom | None
Betsy | None
Drew | None
Alexis | None
Katie | None
Connor | None
Kellie | None
Chad | None
Ryan | None
Katherine | None
Marlowe | None
Nikki | None
Tom | None
Jennifer | None
Caitlin | None
Donovin | None
Jennifer | None
Jeff | None
Ryan | None
Alexandra | None
Nina | None
Alison | None
Bob | None
Charity | None
Steve | None
Pete | None
Jim | None
Tricia | None
Monty | None
Emma | None
Ken | None
Leslie | None
Jennifer | None
Zayn | None
Cassidy | None
Rachel | None
Kim | None
Christy | None
Tamika | None
beth | None
leah | None
Cara | None
Pedro | None
Daniel | None
Laura | None
Alex | None
José | None
Julio | None
Javier | None
Jose | None
Jorge | None
AlauriB | None
Kimmi | None
Danielle | None
Karla | None
Melissa | None
Veronica | None
Donny | None
Daniel | None
Christian | None
Caroline | None
Jim | None
Luke | None
DJ | None
Ricardo | None
Marianna | None
Amanda | None
Levi | None
Laura | None
Brian | None
Matt | None
William | None
Ben | None
Natasha | None
Kristin | None
Elizabeth | None
Kat | None
Katie | None
Melissa | None
Priyanka | None
Emily | None
Patrick | None
James | None
Jake | None
Josh | None
Tracy | None
Daniel | None
James | None
Jason | None
Bo | None
Nancy | None
Casey | None
Alisha | None
Shane | None
Trace | None
Brenda | None
Aimee | None
Erica | None
Arthur | None
Tamar | None
DeAnndra | None
Jazmine | None
Maryann | None
Mitzi | None
Lily | None
Nisha | None
Alyssa | None
Michaela | None
Molly | None
El'Martez | None
Billy | None
Amy | None
Jacey | None
Carolina | None
Kiernynn | None
Jenny | None
Justin | None
Chris | None
Clodagh | None
Gabrielle | None
Jeyanthan | None
Todd | None
Jay | None
Amy | None
Bruce | None
Summer | None
Kathey | None
Christirey | None
Lorraine | None
Jennifer | None
Donna | None
Yaasmeen | None
Jonathan | None
Daniel | None
Adam | None
Gitanjali | None
Vignesh | None
Isabelle | None
Warren | None
Gian | None
Janel | None
Jessica | None
Kelly | None
Chantal | None
Brenna | None
Justin | None
Alan | None
Jillian | None
Cara | None
Jackie | None
Sam | None
Jason | None
Brian | None
Jessica | None
Fiona | None
Jeremy | None
Tahmid | None
Richard | None
Michael | None
Arie | None
Kat | None
Didier | None
Kathleen | None
Yurleis | None
Stella | None
Jan | None
Alan | None
Ali | None
Daisy | None
Daniel | None
Oliver | None
Bruce | None
Juan | None
Craig | None
Emily | None
Brian | None
Matt | None
Dave | None
Nicole | None
Samantha | None
Gunilla | None
Luciana | None
Mark | None
John | None
Dylan | None
Brandon | None
Susan | None
Jacob | None
Min-Kyu | None
Ze | None
Natalie | None
Mari | None
Muskaan | None
Minakshi | None
Desmond | None
Victoria | None
Kaisey | None
Jacob | None
Jessamy | None
Susie | None
Vincent | None
Josie | None
William | None
Michael | None
Sherman | None
Patti | None
Molly | None
James | None
Ed | None
Kelley | None
Garry | None
John | None
Pamela | None
Ignacio | None
Claudio | None
Daniel | None
Eric | None
Jerrod | None
Harry | None
Seamus | None
Steve | None
Nikkita | None
Lonnie | None
Oleg | None
Alexander | None
Jonathon | None
Nigesh | None
Tommy | None
Brian | None
Kostyantyn | None
Brian | None
Timothy | None
Sam | None
Michael | None
Ted | None
Satya | None
Simon | None
John | None
Chuck | None
Bhawana | None
Debashish | None
Tom | None
Eric | None
Denny | None
Senada | None
David | None
Melissa | None
Hamid | None
Tom | None
Priscilla | None
Bryan | None
Hardeep | None
Veer | None
Christine | None
Giri | None
Gunjan | None
Seth | None
K | None
Arvind | None
Nicole | None
Robert | None
Jacob | None
Robert | None
David | None
Ashley | None
Denev | None
Paul | None
Ali | None
Glamaris | None
Susan | None
Ashley | None
Syd | None
Isaac | None
Marcy | None
Danielle | None
Alex | None
Greg | None
Andy | None
Chris | None
Long | None
Perry | None
Robert | None
Wayne | None
Rich | None
Jody | None
Sherry | None
Isabelle | None
Nancy | None
Paula | None
Teresa | None
Blessy | None
Sean | None
William | None
Christina | None
Marilyn | None
Sophia | None
Dylan | None
Ethan | None
Chuck | None
Kevin | None
Tracy | None
Brittany | None
Charles | None
Richard | None
Anusha | None
Yustin | None
Nicole | None
Emely | None
Clifford | None
Rozanne | None
Jonathon | None
Arpan | None
Srushti | None
Autumn | None
Danny | None
Krishna | None
Andrew | None
Manit | None
Arpan | None
Adewale | None
Ann | None
Alex | None
Victoria | None
Nicolas | None
Cody | None
Anthony | None
Sam | None
Kathryn | None
Brent | None
Dylan | None
Mark | None
Kittur | None
Anand | None
Anupam | None
Chris | None
Amit | None
Nathan | None
Frederick | None
Carolyne | None
RevOps | None
Anne | None
Scott | None
Erica | None
Marisa | None
Steve | None
Stacey | None
Arden | None
Banita | None
Claire | None
Akilah | None
Virginia | None
Jeanie | None
Hannah | None
John | None
Michelle | None
Jennifer | None
Sim | None
Kathryn | None
Michelle | None
Kathryn | None
Lana | None
Angel | None
Michael | None
Marllam | None
Jack | None
Susan | None
leslie | None
Ahmed | None
Bernie | None
Dianne | None
Fadia | None
Sylvia | None
Brittany | None
Zoe | None
Jenny | None
Annemarie | None
Maros | None
Paige | None
Matt | None
Sharon | None
Amy | None
Hajar | None
Sonika | None
ASRA | None
Noor | None
Seemaab | None
Aya | None
BATUL | None
Zahra | None
Ekaterina | None
Aroosa | None
Dima | None
Ajeeta | None
Mihaela | None
Shanthi | None
Samaa | None
Mariam | None
Shaimaa | None
Olga | None
Sara | None
Nusaiba | None
Chelsey | None
Kara | None
Meghan | None
Richard | None
Gabby | None
Victoria | None
Claire | None
Angela | None
Melissa | None
Shannon | None
Alexander | None
Malia | None
Lana | None
Brian | None
Kashie | None
Tiffany | None
Jenny | None
Nichole | None
Carolyn | None
Ross | None
Michael | None
Brooke | None
Jaime | None
Leslie | None
Joe | None
Sasha | None
Joe | None
Mark | None
Stacy | None
Casey | None
Samantha | None
Kelly | None
Sarah | None
Cara | None
Lauren | None
Kevin | None
Ami | None
Zack | None
Mark | None
Arsheela | None
Houda | None
Jessica | None
Eric | None
Sara-Jane | None
Sinead | None
Lyndsay | None
Leyla | None
Carole | None
William | None
Gusmaro | None
Nora | None
Louis | None
Sebastian | None
Daniela | None
Dayan | None
John | None
David | None
Sofia | None
Lisa | None
Martha | None
Steve | None
Edward | None
myron | None
Mark | None
Keri | None
Cris | None
Renee | None
Gregory | None
Tammy | None
Dillon | None
April | None
John | None
Brittany | None
Rhianna | None
Carl | None
Stuart | None
Kristopher | None
William | None
Mike | None
Santiago | None
Joey | None
Diana | None
Justin | None
Troy | None
Dallas | None
Christopher | None
Brad | None
Antonio | None
Alex | None
Jenna | None
Kenia | None
Kenny | None
Mary | None
Charles | None
Jonathan | None
Sean | None
Kenneth | None
Wissal | None
Mahrus | None
Michael | None
Kate | None
Oz | None
Luke | None
Samantha | None
Katya | None
Anuuj | None
Eileen | None
Simon | None
Nick | None
Rachel | None
Millie | None
Todd | None
Sarah | None
Aariel | None
Marshall | None
Fabio | None
Rich | None
Ricardo | None
Zachary | None
Lisa | None
Leigh | None
Brian | None
Sharmin | None
Maninderjit | None
Will | None
Michael | None
Charles | None
Stephen | None
Robert | None
Srikanth | None
Tom | None
Joseph | None
Charles | None
Simon | None
Rick | None
Kanchana | None
Paul | None
James | None
Kexing | None
Jeremiah | None
Adam | None
Brandon | None
Matthew | None
Janardan | None
John | None
Kimberly | None
Darrell | None
Charlie | None
Girmen | None
Kirmina | None
Brian | None
Anthony | None
Germen | None
Joshua | None
Ilya | None
Jasmina | None
Lauren | None
Viviana | None
Barry | None
Alexander | None
Jasbir | None
Linda | None
Carlos | None
Rebecca | None
Michelle | None
Rachel | None
Guido | None
Joplo | None
Olivia | None
Randy | None
Molly | None
Althea | None
Dezzi | None
Nathan | None
Amy | None
Stephanie | None
Curtis | None
Ted | None
Kimberly | None
Yewande | None
Ahmed | None
Timothy | None
George | None
Anna | None
Rosanna | None
Marie | None
Brian | None
Keith | None
Joanna | None
Roger | None
Georgia | None
Anne | None
Gillian | None
Ellen | None
Katy | None
LeAnne | None
John | None
Frank | None
Evan | None
Kevin | None
Jordan | None
Manish | None
Jack | None
Nawaz | None
Lizette | None
Kathryn | None
Danielle | None
Jason | None
Sharmain | None
Cassandra | None
Macie | None
Brad | None
Sheema | None
Caela | None
Calvin | None
Andy | None
Sarah | None
Adam | None
Nick | None
Grant | None
Catherine | None
LJ | None
Chad | None
nenaram | None
santosh | None
Bhavya | None
Russell | None
Rakesh | None
Philip | None
Ann | None
Joseph | None
Jack | None
Jeanette | None
Charlotte | None
Maryann | None
Justin | None
Nicolas | None
David | None
George | None
David | None
Mike | None
Paul | None
Ben | None
Peter | None
Rob | None
Polly | None
Kevin | None
Ben | None
Mike | None
Cat | None
Orla | None
Tony | None
Amrat | None
Ben | None
Mike | None
Louise | None
Simon | None
Mok | None
Aimee | None
Adrian | None
Richard | None
Francesca | None
Ben | None
Terry | None
Simon | None
Paul | None
Wole | None
Dave | None
John | None
Kim | None
Will | None
Jacqui | None
Rob | None
Graham | None
Gordon | None
Warren | None
Ross | None
Rae | None
Lionel | None
Paula | None
Jason | None
Amannda | None
Stacy | None
Courtney | None
James | None
Winnie | None
Annie | None
Regi | None
Malika | None
Natasha | None
Mary | None
Nachiket | None
Ali | None
Bronwynn | None
Katie | None
Shulin | None
Larry | None
Scott | None
Steven | None
Arevik | None
Lucy | None
Michelle | None
Zoey | None
Art | None
Linda | None
Aaron | None
Victor | None
Fang | None
Manasa | None
Roop | None
Christine | None
Savio | None
Ronald | None
Rahul | None
NILAY | None
Gina | None
Casey | None
Kent | None
Sherri | None
Adriane | None
Brett | None
Bozena | None
HR | None
Aidan | None
Joshua | None
Kamala | None
Jiehui | None
Heather | None
Ted | None
Ivy | None
Aaron | None
Amanda | None
Sean | None
Sofia | None
Saida | None
Dillon | None
Isaiah | None
Kelsey | None
Katie | None
Amanda | None
Joyce | None
Krijn | None
Allison | None
Eoin | None
Thomas | None
Evelien | None
Shannon | None
Ashleigh | None
Oleksii | None
Chusan | None
Matt | None
Linda | None
Laura | None
Rachel | None
Menno | None
Camila | None
Victória | None
Holly | None
Marc | None
Joao | None
David | None
Arthur | None
Jack | None
Eduardo | None
Jazlyn | None
Eric | None
Jose | None
Dev | None
Fabiana | None
Monica | None
Alvaro | None
Anna | None
Craig | None
Alejandra | None
Chelsea | None
Baskaran | None
Raju | None
NagaPraveena | None
Soumya | None
Pierce | None
Prashant | None
Eduardo | None
Miryana | None
Avery | None
Iva | None
Anita | None
Katherine | None
Aletha | None
Jorge | None
Deysi | None
Dan | None
Juliana | None
Agnieszka | None
Nick | None
Cole | None
Bill | None
Jorge | None
Michael | None
Leopoldo | None
Fabricio | None
Michael | None
Sharadrith | None
Manisha | None
Christian | None
Greg | None
Connie | None
Paul | None
Hans | None
Will | None
Brent | None
Dijon | None
Clair | None
Rachel | None
Harvey | None
Kai | None
Rachel | None
Chris | None
Pierce | None
Rohan | None
Zoe | None
Jeff | None
Russel | None
Akrem | None
John | None
Doli | None
Vijay | None
Anna | None
Justus | None
Fernando | None
Kelvin | None
Carter | None
Alex | None
Janice | None
Ezekiel | None
Izzy | None
Sydney | None
Dan | None
Eli | None
Donald | None
Nathan | None
Jagdish | None
Tina | None
Twinkle | None
Jasmine | None
Hasham | None
Anel | None
Jose | None
Amanda | None
Hunter | None
Kalen | None
Basma | None
Saúl | None
Sabrina | None
Katie | None
Chris | None
Misty | None
Michele | None
Barbara | None
Jackie | None
Levi | None
Tristen | None
Noah | None
Jorge | None
Siv | None
Scott | None
Michael | None
Brian | None
Gavin | None
Mario | None
Jackie | None
Tanzena | None
Francisco | None
Omar | None
Christopher | None
Steve | None
Zaria | None
Ashley | None
Kninah | None
Yuquan | None
Shukura | None
Lisa | None
Antonio | None
Maria | None
Emily | None
Tony | None
Akash | None
Scott | None
Karrin | None
Jack | None
Karen | None
Melissa | None
Miranda | None
Karen | None
Alexandra | None
Abby | None
Amanda | None
Garrett | None
Aubrey | None
Bryan | None
Betsy | None
Madeline | None
Jeremy | None
W.B | None
Claire | None
Melissa | None
Ian | None
Kashif | None
Gerry | None
Rae | None
Lisa | None
Jahnvi | None
Jan | None
Erinne | None
Maulik | None
Omid | None
Meenesh | None
Ranjith | None
Kelsey | None
Ryan | None
Monica | None
Amy | None
Debra | None
Ammon | None
Alexis | None
Dylan | None
Lora | None
Haley | None
Scott | None
Curtis | None
Nash | None
Phillip | None
Trent | None
Regan | None
Carl | None
Mark | None
Kevin | None
Gigi | None
Andrew | None
Anuj | None
Lisa | None
Sam | None
Chris | None
Cathy | None
Marva | None
Shannon | None
Jeter | None
Clint | None
Mortensen | None
Natalie | None
Damon | None
Kyra | None
Tanya | None
Shailyn | None
Jaella | None
Paula | None
Cheri | None
Charmaine | None
JaKayla | None
Brittany | None
Angie | None
Mike | None
John | None
Mike | None
Bill | None
Dolph | None
Jennifer | None
Chad | None
Amanda | None
Amy | None
Kat | None
Alisha | None
Raj | None
John | None
Sarah | None
Conner | None
Tristan | None
Sarah | None
Jesse | None
John | None
Joseph | None
Sean | None
Stacy | None
Krunalkumar | None
Rohit | None
Rini | None
Jeff | None
Jody | None
Mohammad | None
Rejean | None
Randy | None
Istiak | None
Chris | None
Elise | None
Paul | None
Ryan | None
Lisette | None
Brian | None
Ryan | None
Prince | None
Hardeep | None
Mihir | None
Karan | None
Ankit | None
Rahul | None
Sofia | None
Allison | None
Hadis | None
Dinesh | None
James | None
Andrew | None
Madhukar | None
Robert | None
Pierre | None
Hyunmin | None
Kyungmin | None
Erika | None
Ngoc | None
Dmitry | None
Raquel | None
Kelly | None
Barbara | None
Kaleigh | None
Madison | None
Edgar | None
Mitchell | None
Guillaume | None
Cat | None
Valencia | None
Melissa | None
Meredith | None
Lisa | None
Stephanie | None
Maxim | None
Aayush | None
Emily | None
Jonathan | None
Erica | None
Ed | None
Nick | None
Yann | None
Travis | None
Kelsey | None
Sandi | None
Robert | None
Eli | None
Akshat | None
Shelley | None
Hythem | None
Ivan | None
Jack | None
Steven | None
Amanda | None
Deborah | None
Ethan | None
Naveen | None
Nora | None
Yahya | None
Zachary | None
Sarah | None
Noah | None
Lindsey | None
Nayeli | None
Cindy | None
Nicholas | None
Trenton | None
Baji | None
Angela | None
Eric | None
Stephanie | None
Daniela | None
Amit | None
Abhilash | None
Anuradha | None
Shakeema | None
Ramin | None
Luis | None
Sagnik | None
Sol | None
Karim | None
Manideep | None
Ritma | None
Justin | None
Tiffany | None
Sneha | None
Lauren | None
Ian | None
Edward | None
William | None
Brad | None
Nari | None
A.J. | None
Wanda | None
Heather | None
Connor | None
Caleb | None
Kathleen | None
Logan | None
Hane | None
Danielle | None
Bill | None
Mary | None
Carol | None
Alain | None
Doug | None
Abhishek | None
Ashu | None
Joshua | None
Matthew | None
Janet | None
Kasimir | None
Michael | None
Lauren | None
Julia | None
Holly | None
Leslie | None
Howard | None
Zana | None
Sandy | None
Guru | None
Sujatha | None
Abbey | None
Arrey | None
Coleman | None
Luis | None
Megh | None
Noah | None
Shawn | None
Irtiza | None
Alexander | None
Allison | None
Ryan | None
Laurie | None
Matthew | None
Pantea | None
Stephen | None
Gurpreet | None
Tony | None
Julie | None
Ross | None
Jacob | None
Scott | None
Rohullah | None
Nick | None
Jacob | None
Mike | None
Terry | None
Karthik | None
Debapriya | None
Manjula | None
Eric | None
Judy | None
Ritika | None
Haley | None
Hanjing | None
Cassidy | None
Caryn | None
Robert | None
Joy | None
Shatha | None
Rob | None
Todd | None
Chresten | None
Mickey | None
Todd | None
Chris | None
Trish | None
Jeff | None
Marka | None
Russell | None
Leo | None
Tamela | None
Sharon | None
Badar | None
Bonnie | None
Megan | None
Christopher | None
R. | None
frank | None
Jimmy | None
Latifah | None
Riley | None
Michael | None
Jeff | None
Belinda | None
Adam | None
Jared | None
Omar | None
Nicolas | None
Federico | None
Tammy | None
Jocelyn | None
Jane | None
Michelle | None
David | None
Marco | None
Steven | None
Nathan | None
Jason | None
Benjamin | None
Leonardo | None
Bella | None
Jorie | None
Peter | None
Kenneth | None
Ellard | None
Dianna | None
Ingrid | None
Rick | None
Mark | None
Nicoli | None
Parker | None
macky | None
Kavneet | None
Maria | None
Rosanna | None
Kumar | None
Jayant | None
Sangita | None
Gil | None
Linda | None
Mike | None
Nicole | None
LaToya | None
Larry | None
David | None
John | None
Gary | None
Jo | None
Christian | None
Luis | None
Darkelly | None
Christina | None
Mark | None
Ravi | None
Fletcher | None
Saurabh | None
Alok | None
Steve | None
Mike | None
John | None
VenuRKeshav | None
Marc | None
Hal | None
Maksymilian | None
Jose | None
Jason | None
John | None
Allison | None
Melissa | None
Richard | None
Isaiah | None
Aaron | None
Jeff | None
Dr. | None
Bill | None
Frederick | None
Jeffrey | None
Terry | None
Clinton | None
Aleah | None
Carrie | None
Victor | None
Megan | None
FRANK | None
Jinais | None
Zayna | None
Ashley | None
Mohammad | None
Stephanie | None
Ken | None
Lee | None
Geraldine | None
Keven | None
Brody | None
Jeffery | None
Kristin | None
Seth | None
Timm | None
Joshua | None
Owen | None
Jo'el | None
Craig | None
Leonardo | None
Matt | None
Brandon | None
Kyle | None
Shane | None
Jay | None
Russell | None
Andrew | None
Jenna | None
Kim | None
David | None
Omar | None
Meg | None
Rachel | None
Lizbeth | None
Marisa | None
Fernando | None
Karina | None
Sam | None
Patricia | None
Savannah | None
Stephanie | None
Danielle | None
Mourice | None
Tonisha | None
Arianna | None
Dulcinea | None
Bruce | None
Chris | None
David | None
Alexis | None
Candace | None
Steve | None
Aron | None
Taylor | None
Michele | None
April | None
Catherine | None
CHUCK | None
Kalyff | None
Pietro | None
Brian | None
Sandra | None
Aakash | None
Yiqi | None
Jimmy | None
Jeremiah | None
Disha | None
Ryan | None
Amy | None
Christina | None
Amanda | None
Nasir | None
Kim | None
Tim | None
Harry | None
Karl | None
Geoff | None
Darrin | None
Bashena | None
Dean | None
Stephen | None
Sameen | None
Holden | None
Christina | None
Tara | None
Joe | None
John | None
Andrew | None
Daniel | None
Dawn | None
Fraz | None
Brooklyn | None
Deidra | None
Jeff | None
Nahal | None
Christian | None
Christopher | None
Joaquin | None
Michelle | None
Mike | None
Emma | None
Glyn | None
Dasun | None
Srikanth | None
Bryan | None
Vinita | None
Daniela | None
Dora | None
Sakib | None
Brandon | None
Ayden | None
Ashley | None
Gabe | None
Stuart | None
Mehmet | None
Onish | None
James | None
James | None
Evan | None
Slaveya | None
Umang | None
Soumya | None
Tom | None
Lisa | None
Dan | None
Spiridon | None
TERRY | None
Morgan | None
Paul | None
Brian | None
Rhys | None
Rosalinda | None
Johanna | None
Andrew | None
Michelle | None
Ketan | None
Paul | None
Kalyani | None
Leo | None
Zephan | None
Kimberly | None
Jacqueline | None
Ethan | None
Jamie | None
Annika | None
Jan | None
Grace | None
Kaleb | None
Himanshu | None
James | None
Swarnalatha | None
Murilo | None
Matheus | None
Jess | None
Ron | None
Christopher | None
Paul | None
Logi | None
Daisey | None
Daniel | None
Neha | None
Kyle | None
Carlos | None
Aleksandr | None
Alina | None
Sabin | None
Vladimir | None
Ibrahim | None
Joshua | None
Alican | None
Vicki | None
Jon | None
Mouna | None
Atul | None
Robert | None
Adeola | None
John | None
Kelly | None
Matt | None
Anthony | None
Adam | None
Anthony | None
Michael | None
Jeff | None
Bob | None
joanne | None
Benoit | None
Edward | None
Annastasia | None
Samuel | None
Karalyn | None
Rachel | None
Damera | None
Bobbie | None
Shannon | None
Natasha | None
BOB | None
Sylvia | None
Mike | None
Jim | None
Todd | None
Andrew | None
Jovan | None
Juan | None
Maria | None
Kendall | None
Jewel | None
Alex | None
Andy | None
Paul | None
Michael | None
Jamie | None
Chris | None
Miles | None
Brett | None
Jason | None
Bradley | None
Jonathan | None
Angel | None
Desiree | None
Jenelle | None
Kevin | None
Cindy | None
Adam | None
Juan | None
Divya | None
Alexandra | None
Lian | None
Todd | None
Eamon | None
Ken | None
Yana | None
Unique | None
Polly | None
Tovias | None
Emilio | None
Jennifer | None
Rosalie | None
Lee | None
Terri | None
Nykole | None
Haley | None
Brent | None
Mitchell | None
Derek | None
Lucy | None
Jeff | None
Urvi | None
Richard | None
Sarah | None
Liz | None
Brian | None
Kristen | None
Paul | None
Robins | None
Joseph | None
Amit | None
Brandon | None
Keegan | None
Stephanie | None
Anna | None
Rebecca | None
Tony | None
Jessie | None
Jay | None
Dan | None
Kate | None
Nima | None
Rene | None
Nicole | None
Manuel | None
Katie | None
Maria | None
Salvador | None
Eric | None
Erica | None
Victoria | None
James | None
Pam | None
Maddie | None
Willow | None
Austin | None
Mark | None
Craig | None
Rhiannon | None
Yupee | None
Chris | None
Darren | None
Jacqueline | None
Jim | None
Leah | None
Charlie | None
Brandon | None
Sean | None
Andrew | None
Jill | None
Cory | None
Enkhzul | None
Wesley | None
Raghuveer | None
Allison | None
Jennifer | None
Kristopher | None
Nathan | None
David | None
Jeff | None
Angela | None
Alex | None
Larry | None
Sasha | None
David | None
Denise | None
Melanie | None
James | None
Steven | None
Sean | None
Justin | None
Shilpa | None
Hunter | None
Hannah | None
Haley | None
Liliana | None
Michael | None
Bridget | None
Karla | None
Ginger | None
Maria | None
Nourus | None
Jervis | None
Tyler | None
Abby | None
Farah | None
Nicolás | None
Juan | None
Francheska | None
Gregory | None
Maria | None
Marta | None
Riley | None
Zack | None
Sam | None
Sarah | None
Taylor | None
Caleb | None
Manish | None
Richard | None
Ranjit | None
Peter | None
Shashank | None
Justin | None
Zachariah | None
Mohit | None
Paul | None
Jim | None
Phil | None
Eric | None
Chris | None
Sam | None
Jaime | None
Zubin | None
Maria | None
Sam | None
Anna-Maria | None
Paul | None
Ryan | None
Grady | None
Tim | None
Kyle | None
Samir | None
Elliot | None
Zach | None
Kelly | None
Sagar | None
Stephanie | None
Joe | None
Solina | None
Heather | None
Emma | None
Mila | None
Donna | None
Kayla | None
Alyssa | None
Alyx | None
Joseph | None
RANO | None
Vish | None
Rhonda | None
Alan | None
Sulochana | None
James | None
Jessica | None
Juan | None
Liam | None
Paul | None
Allan | None
Kaiqi | None
Jack | None
Alva | None
Gabrielle | None
Alicia | None
Michael | None
Mase | None
Maureen | None
Business | None
Frank | None
Terence | None
Nadine | None
Christina | None
Mike | None
Krishna | None
Mario | None
Tracie | None
Johnny | None
Jennifer | None
Nancy | None
Ryan | None
Hareesh | None
Philip | None
Dante | None
Aruna | None
Candy | None
Henry | None
Kristen | None
Said | None
Rachel | None
Amanda | None
Stephanie | None
Megan | None
Brian | None
Mike | None
David | None
Mandie | None
Cherish | None
Brandon | None
Fred | None
Jennie | None
Sean | None
Kayla | None
Paolo | None
Brendan | None
Robert | None
Ashley | None
Patrick | None
Bahija | None
Caroline | None
Pepe | None
Nton | None
Joi | None
Bereket | None
Fraol | None
Tiana | None
Monica | None
Juliette | None
Christopher | None
Lauren | None
Brenda | None
Justin | None
Angelica | None
Balan | None
Sebastian | None
Savannah | None
Alka | None
Chelsea | None
Rachel | None
Austyn | None
Lisett | None
DIEGO | None
Chung | None
Catherine | None
Kurt | None
Mike | None
Rosario | None
Angela | None
Jody | None
Maroussia | None
Hemangi | None
Brandi | None
Aimee | None
Andrew | None
Clint | None
David | None
Robert | None
Stephanie | None
Laureen | None
Kelvin | None
Kiev | None
Taylor | None
Mylene | None
Ellen | None
Dylan | None
Hannah | None
Berny | None
Melanie | None
Jennifer | None
Susan | None
Michael | None
Anna | None
Kristin | None
Jose | None
Liliana | None
Gabriela | None
Kathryn | None
Mark | None
James | None
Kerri | None
Debbie | None
Terry | None
Eric | None
Linda | None
David | None
Shun | None
Stacy | None
Alicia | None
John | None
Gianna | None
Bara | None
Corey | None
Ashley | None
Conner | None
Connie | None
Michael | None
Amanda | None
Renee | None
Ciera | None
Dan | None
Griffin | None
Joshua | None
Janessa | None
Stephen | None
Laurel | None
Andy | None
Dan | None
Daniel | None
Avery | None
Valerie | None
Fran | None
Jessica | None
Paul | None
Mandy | None
Gary | None
Erik | None
Allison | None
Kristopher | None
Angelina | None
Miranda | None
Aaron | None
Sean | None
Skylar | None
Jaron | None
Mohammed | None
Anna | None
Grant | None
James | None
Alex | None
Charlie | None
Tana | None
Breana | None
Heavenlie | None
Zion | None
Greyson | None
Christi | None
Steven | None
Kellie | None
Nazar | None
Ben | None
Harjivan | None
Khaled | None
Robert | None
Scott | None
Anthony | None
Asma | None
Chris | None
Matt | None
Tammer | None
Jay | None
Michael | None
Borey | None
Pav | None
Nicholas | None
Noah | None
Blake | None
Sergio | None
Davis | None
Regi | None
Kenneth | None
Meg | None
Lizet | None
Roy | None
Nisa | None
Kate | None
Mari | None
Hailey | None
Erika | None
Karen | None
Jacob | None
Bernard | None
Damon | None
Robert | None
Amber | None
Elizabeth | None
Philip | None
Jill | None
Joe | None
Crystal | None
Ocie | None
Mike | None
Christine | None
Samantha | None
Mark | None
Charles | None
Patrick | None
Scott | None
Donny | None
Leo | None
Brad | None
Jason | None
Bert | None
Will | None
Keith | None
Ali | None
Lyndell | None
Cole | None
Jerry | None
Don | None
Thomas | None
Nitin | None
Eula | None
Melissa | None
Corey | None
Rohit | None
William | None
Sonam | None
Abhay | None
Jeremiah | None
Akanksha | None
Avinash | None
Geeta | None
Srishti | None
Akshat | None
Shalini | None
Bariou | None
Sarwesh | None
Rebekah | None
Ritu | None
Heath | None
Miss | None
Tom | None
Mark | None
Aleksandra | None
Rinku | None
Thomas | None
Lawrence | None
Sid | None
Tarul | None
Fabianni | None
Jim | None
Bruce | None
Teresha | None
Tony | None
Jagz | None
Sam | None
Helen | None
Nishita | None
Sean | None
Dana | None
Venkatesh | None
Bill | None
krishnendu | None
Jayesh | None
Andrew | None
Adil | None
John | None
Shivani | None
Preethi | None
Jake | None
Marquis | None
Joshua | None
Biblioso | None
Rania | None
Luke | None
Raghul | None
Justin | None
Melissa | None
Sarah | None
Sabeena | None
Lilette | None
Ryan | None
Omani | None
Zachary | None
Matthew | None
John | None
Danielle | None
Kevin | None
Cyrus | None
Mays | None
Chaitali | None
Nalini | None
Praajit | None
Jim | None
Kalaiselvan | None
Shubham | None
Natalie | None
Chris | None
Jeffery | None
Jeremy | None
Dana | None
Sherry | None
Stacy | None
Craig | None
Molly | None
Leonard | None
Jim | None
Donna | None
Abigail | None
Marissa | None
Ethan | None
Christopher | None
Cody | None
Andrew | None
Israel | None
Christina | None
James | None
Rob | None
Tammy | None
Amit | None
Brandon | None
Andrea | None
Joanna | None
Kurt | None
Mike | None
Ricardo | None
Raymond | None
Gary | None
Lynda | None
Megan | None
Nina | None
Paula | None
Brooke | None
Scherri | None
Richard | None
Stephanie | None
Heather | None
Jake | None
Delucious | None
Julia | None
Kaylee | None
Michelle | None
David | None
Mergim | None
Terri | None
Alondra | None
Mehrdad | None
Odalys | None
Tyler | None
Michael | None
Joe | None
Trevor | None
Lindey | None
Christhel | None
Harikrishnan | None
Neha | None
Courtney | None
Angie | None
Daniel | None
Nicholas | None
Helen | None
Manasi | None
Jodie | None
Whitney | None
Brian | None
Caroline | None
Conney | None
Staci | None
Rachel | None
Christopher | None
Ben | None
Evelyn | None
Ryan | None
Maria | None
Wiley | None
Michael | None
Ben | None
Mackenzie | None
Noah | None
Johnny | None
Ralph | None
Abby | None
Lauren | None
Ryan | None
Patty | None
Alexis | None
Mary | None
Christina | None
Matthew | None
Taylor | None
Erin | None
Cali | None
John | None
sivaram | None
Dillon | None
Chuck | None
Chris | None
Ronald | None
Maximiliano | None
Maggie | None
Gregory | None
Oxana | None
Evan | None
Cathy | None
Kevin | None
Carlo | None
Svetlana | None
Ashish | None
Charles | None
Jaime | None
Dianka | None
Dave | None
Brad | None
Christian | None
Anna | None
Mallorie | None
Mike | None
Scott | None
Claire | None
Kent | None
Brandon | None
Demica | None
Stephanie | None
Leah | None
Susanna | None
Josh | None
Jaeger | None
Flavia | None
Amanda | None
Willow | None
Anita | None
Holly | None
Tim | None
Rebecca | None
Patricia | None
Nina | None
Benjamin | None
Jacob | None
Bailey | None
David | None
Tyler | None
Yancey | None
Christopher | None
Gabriele | None
Hunter | None
Katelyn | None
Kevin | None
Charles | None
Jake | None
Nicholas | None
Megan | None
Tristan | None
Evan | None
Mason | None
Brendan | None
James | None
Steven | None
Donald | None
Ron | None
Rose | None
Samantha | None
Ivan | None
Alejandro | None
Garima | None
Kani | None
Alvaro | None
Job | None
Pruitt | None
Srinivas | None
Matthew | None
Akash | None
Kumaravel | None
Venus | None
Pam | None
Orlando | None
Luis | None
Mia | None
Nikhil | None
Swetha | None
Pintu | None
Marcelo | None
Lindsey | None
Emani | None
Anne | None
James | None
Pam | None
Simon | None
Liz | None
Mark | None
Eric | None
Derick | None
Zill | None
Kyle | None
RAFAEL | None
Nilay | None
Alvaro | None
Genaro | None
Nicholas | None
Mohan | None
Mairim | None
Greg | None
Bill | None
Alexis | None
Anoop | None
Adnan | None
Amad | None
Kari | None
Muhammad | None
Sheila | None
jawad | None
Umar | None
Sobana | None
Rimsha | None
G | None
Mazhar | None
Kopal | None
Taha | None
MOHAMMED | None
Thao | None
Doug | None
John | None
Greg | None
Evan | None
Andre | None
Savan | None
Jim | None
Sushna | None
Stacy | None
Turan | None
Hugo | None
Fernando | None
Marina | None
Daniel | None
Paola | None
Erick | None
Kellie | None
Andrea | None
Edilberto | None
Youssef | None
James | None
Erick | None
Austin | None
Phi | None
Fayjur | None
George | None
Kirsty | None
Kevin | None
Igor | None
Mark | None
Nicholas | None
Danielle | None
Mark | None
Charlotte | None
Louise | None
Sam | None
Patrick | None
Shivaani | None
Matt | None
Monika | None
Ashebe | None
Colmore | None
Alyson | None
Ronald | None
Adam | None
Sean | None
Jostein | None
Robyn | None
Rodrigue | None
Tu | None
Erik | None
Eric | None
Scott | None
SEKOU | None
Daniel | None
Mark | None
Sara | None
Jessica | None
Bob | None
Jorge | None
Kristin | None
Kristyn | None
Rudinei | None
Sam | None
Isaiah | None
Marcus | None
Brian | None
Keegan | None
Lenny | None
Sudie | None
Tom | None
Silvia | None
Paola | None
Irene | None
Dennis | None
Erick | None
Carlos | None
shawkat | None
Merly | None
Sai | None
Ritisha | None
Bob | None
Luis | None
Justine | None
Johannes | None
Jarrett | None
Andrea | None
Roni | None
Lily | None
Lauren | None
Lucie | None
Amy | None
Edze | None
Michael | None
Jesus | None
Elizabeth | None
Fahad | None
Carla | None
Janet | None
Calvin | None
Anna | None
Linh | None
Charlotte | None
Burnette | None
Zatorrius | None
Julie | None
Kalyan | None
Nick | None
Jordan | None
Kiruba | None
Narayan | None
Derek | None
Joe | None
Ryan | None
Cindy | None
Jeremy | None
Cynthia | None
Matthew | None
Matthew | None
Lisa | None
Dorottya | None
Filip | None
Jun | None
Igors | None
Hamish | None
Lenka | None
Yu | None
Yu-Hua | None
Lucie | None
Jitka | None
Jon | None
Ayoob | None
Viktorie | None
Hijanah | None
Saffronn | None
Martin | None
Ryan | None
Tom | None
Silvie | None
Sue | None
Steven | None
David | None
Ricardo | None
Justin | None
Rachelle | None
Bakhtier | None
Jai | None
Charles | None
Jim | None
Delroy | None
Stacey | None
Lindsey | None
Xandria | None
Alex | None
Charlotte | None
Myles | None
Ryan | None
Stephen | None
Zach | None
Ryan | None
Ben | None
James | None
James | None
Tiffany | None
Michael | None
Dan | None
Lucy | None
Whitney | None
Keith | None
Oluwagbolabo | None
Tawadros | None
James | None
Tyler | None
LaShon | None
Luke | None
Lisa | None
Manuela | None
Aaron | None
Jim | None
Matthew | None
Nancy | None
Jennifer | None
Bhuvana | None
Afshan | None
ChoonSung | None
David | None
Delrae | None
Helen | None
Laurent | None
Prem | None
Saloumeh | None
Tim | None
Namrata | None
Marta | None
Tina | None
Ali | None
Richard | None
Hanna | None
Ian | None
Omran | None
Sean | None
Humzah | None
Juan | None
Saqib | None
Mingche | None
Selvi | None
Shreyas | None
Syed | None
Vadde | None
Emaan | None
Aftab | None
Tahira | None
Imran | None
santosh | None
Ayesha | None
Sarah | None
Syeda | None
Vidhi | None
Yingying | None
Elana | None
Justine | None
Farah | None
Donaigron | None
Joshua | None
Logan | None
Jason | None
Jeff | None
Rajesh | None
mike | None
Rick | None
Dawna | None
Mick | None
John | None
Bill | None
Stan | None
Sal | None
Prabhat | None
Robert | None
Ed | None
Robert | None
Shrikant | None
Dave | None
Andy | None
Ingrid | None
Andy | None
Kimber | None
Monica | None
Arthur | None
Mariko | None
Brian | None
Amena | None
Maronya | None
Candice | None
Ladie | None
Daniel | None
Adam | None
Vance | None
Scott | None
Ed | None
Laura | None
Ashwini | None
Keaton | None
Asha | None
Andrea | None
Andrew | None
Andrew | None
Tracie | None
Shaili | None
Alysa | None
Tricia | None
Roy | None
Abby | None
Lee | None
Mebane | None
William | None
Rosemarie | None
Tim | None
Kristopher | None
Robert | None
Carlos | None
Chandler | None
Tiffany | None
Brad | None
Jack | None
Eli | None
John | None
Vikasjeet | None
Jay | None
Frank | None
Sarah | None
Suzanne | None
Braden | None
Terri | None
Amanda | None
Shane | None
Nicole | None
Audrey | None
Cheyenne | None
Scott | None
Dave | None
Evan | None
Linda | None
David | None
Karen | None
Gordy | None
Clayton | None
Dorothy | None
Jacqueline | None
Nicole | None
Katharine | None
Claudia | None
Linda | None
Bruce | None
Sarita | None
Jennett | None
Patricia | None
Tina | None
Toni | None
Susan | None
Carrie | None
William | None
Sam | None
Michael | None
Jeffrey | None
Obed | None
Richard | None
Julius | None
Avi | None
Ani | None
Sherry | None
Maggie | None
Yazan | None
Rhonda | None
Susan | None
Cynthia | None
Steve | None
Kathleen | None
Alan | None
Don | None
Renee | None
Mark | None
Tchilabalo | None
Amanda | None
Luke | None
Maximilian | None
Jake | None
Caitlin | None
Elizabeth | None
Kieron | None
Samuel | None
Garry | None
Bradley | None
Sheena | None
Elisabeth | None
Cian | None
Paula | None
Olivia | None
Sophie | None
Drew | None
Amelia | None
Ryan | None
Kris | None
Sadie | None
Elithia | None
Jenna | None
Oliver | None
Cathy | None
Skylar | None
Belle | None
Gavin | None
Isabella | None
Emily | None
Philip | None
Leah | None
Lyla | None
Hayley | None
Catherine | None
Anthony | None
Jessica | None
Ken | None
Makena | None
Chris | None
Jakki | None
Leslie | None
Tiffany | None
Madison | None
Muhammad | None
Monil | None
Boivob | None
Shahid | None
Jordan | None
Kaleem | None
Arijit | None
Urvi | None
Jake | None
Alexander | None
Phil | None
David | None
Stephanie | None
Chris | None
Adi | None
Brea | None
Trent | None
Latifah | None
Ankitha | None
Nate | None
Isaac | None
William | None
Joseph | None
Tom | None
Danielle | None
Mark | None
Ryan | None
Bob | None
Samantha | None
Kristie | None
Nanette | None
Krista | None
Cindy | None
Victor | None
Spencer | None
Lisa | None
Neala | None
Joshua | None
Alex | None
Anna | None
Jessica | None
Maurice | None
suzie | None
Dan | None
Daphne | None
Gaye | None
Jeffrey | None
Liz | None
Christina | None
Bridget | None
Jason | None
Rick | None
Scott | None
Lisa | None
Richard | None
Nikki | None
Andrea | None
David | None
Steven | None
Naren | None
Shiuli | None
Sepehr | None
Trina | None
Courtney | None
Sanjana | None
Dee | None
Tina | None
Brian | None
Johnny | None
Jen | None
Judy | None
Chris | None
Vanessa | None
Laura | None
Katie | None
Ken | None
Ihor | None
Vasyl | None
Vitaliy | None
Rayshell | None
Trenton | None
Andres | None
Ezekiel | None
Ilona | None
Ross | None
Nick | None
Candys | None
Fabian | None
Candace | None
Daniel | None
Leslie | None
Leor | None
Olivia | None
David | None
Andriy | None
Andrii | None
Wiktoria | None
Renzi | None
Sean | None
Elaine | None
Olha | None
Solya | None
Сергей | None
Taras | None
Yaroslav | None
Anastasia | None
Valeriia | None
HUB | None
Svitlana | None
Daria | None
Marta | None
Serghei | None
Ira | None
Sam | None
Rattana | None
Cassidy | None
Toby | None
Dominic | None
Danny | None
Sammi | None
Ivy | None
Fabio | None
William | None
Marina | None
Ramona | None
Drew | None
Rupert | None
Will | None
Rachel | None
Camille | None
Rose | None
Annie | None
Travis | None
Dustin | None
Kevin | None
Steve | None
Brad | None
Mya | None
Dee | None
Christopher | None
Carl | None
Megan | None
Michael | None
Cameron | None
Keng | None
Ryan | None
Cheyenne | None
Jonathan | None
Phillip | None
Thomas | None
Kelly | None
Rosalee | None
Erin | None
Luiza | None
Jesse | None
Justin | None
Josie | None
Roman | None
Jason | None
Anita | None
Ann | None
Jason | None
Ryan | None
Nickie | None
Eric | None
Keely | None
Jennifer | None
Gina | None
Tera | None
Katie | None
Radwan | None
Teresa | None
Becky | None
Pamela | None
Summer | None
Antoinette | None
Brian | None
Jordan | None
Shakeria | None
Tate | None
Zach | None
Audra | None
Erik | None
Adam | None
Haluk | None
Connor | None
Margaritë | None
James | None
Franklin | None
Ronni | None
Ashley | None
AJ | None
Vera | None
Nancy | None
Ryan | None
Kashvi | None
Amy | None
David | None
Julie | None
Mijail | None
Blanca | None
Diego | None
Abby | None
Holly | None
Sunil | None
Daniel | None
Brianne | None
Margarita | None
Bateoui | None
Paul | None
Mark | None
Peter | None
David | None
Sandra | None
Luke | None
Peter | None
Jack | None
Darla | None
Nolan | None
Quang | None
Corne | None
Sean | None
Alex | None
Glenda | None
Cesar | None
Megan | None
Patrick | None
Simon | None
Raul | None
Theresa | None
Chris | None
Paul | None
Anthony | None
Mridula | None
Pramod | None
Jeffrey | None
Aashay | None
John | None
Elena | None
Samuel | None
Adnan | None
John | None
Josh | None
Jason | None
Kelvin | None
Sai | None
Bryan | None
Maria | None
Brijesh | None
Eva | None
Elise | None
christos | None
Timothy | None
Dan | None
Prasad | None
Jerome | None
Lionel | None
Marcie | None
Tim | None
Brian | None
Karen | None
Utkarsh | None
Vicki | None
Venkat | None
Prajna | None
Kathryn | None
Alexandra | None
Michael | None
Jacob | None
Ronald | None
Ramya | None
Venkat | None
Jerry | None
Christos | None
Sarah | None
Balazs | None
Geeta | None
Chip | None
Rita | None
Ronald | None
Abe | None
Mayra | None
Durga | None
Geeta | None
Berean | None
Jayson | None
Muhammad | None
Lohit | None
Matthew | None
Roja | None
Vachan | None
Sai | None
Lana | None
Paul | None
Dave | None
Cathie | None
Fredo | None
Prasad | None
Rita | None
Rami | None
Sean | None
Sonia | None
Chris | None
Jessica | None
Logan | None
Shane | None
Michael | None
Vanditha | None
Viji | None
Fred | None
Vasantharaja | None
Harsha | None
Naveen | None
Samuel | None
Jed | None
Debbie | None
Skip | None
Sharif | None
Max | None
Jules | None
Jacqueline | None
Jannatul | None
Adam | None
Kevin | None
Vanessa | None
Evelyn | None
John | None
Mary | None
Brian | None
Amy | None
Amy-Katherine | None
Paul | None
Ryan | None
Jesse | None
Michael | None
Ed | None
Drew | None
Cono | None
Michael | None
Pat | None
Peter | None
Anees | None
Courtney | None
Shelley | None
Mariske | None
Michael | None
Kimberly | None
Michael | None
Divyang | None
Kevin | None
Andy | None
Nickey | None
Summer | None
Rob | None
Greg | None
Allan | None
Ximena | None
Jacki | None
Nagavardhana | None
Jessa-May | None
Raghu | None
Chana | None
Carmen | None
Jennifer | None
Grace | None
Deanna | None
Ivory | None
Dominique | None
Emily | None
Aimee | None
Tricia | None
Skylar | None
Santiago | None
Patrick | None
Tammy | None
Angela | None
Brett | None
K. | None
Keith | None
Andrew | None
Nico | None
Ryan | None
Judy | None
Daya | None
Karissa | None
Larry | None
Jaime | None
Shannon | None
Skip | None
Justin | None
Julie | None
Travis | None
Susan | None
Taft | None
Janessa | None
Breann | None
Atul | None
Val | None
John | None
Yash | None
Joseph | None
Rubina | None
Jayant | None
Tim | None
Ben | None
Hiten | None
Mason | None
Samantha | None
Ankit | None
Rushi | None
Rick | None
Meenal | None
Giselle | None
Jesse | None
Darshan | None
Marcus | None
Josh | None
Thomas | None
Karishma | None
Sean | None
Calvin | None
George | None
Alice | None
Belinda | None
Andrew | None
Steven | None
Ana | None
Amit | None
Samantha | None
Khalil | None
Kelly | None
Kunal | None
Megan | None
Susan | None
Scott | None
Paul | None
Josiah | None
David | None
Scott | None
Jessica | None
Dilene | None
Anabel | None
Denis | None
Mariah | None
Chinyere | None
Allan | None
Kang-Ching | None
Marcus | None
Thomas | None
Bre | None
Yuliya | None
Myken | None
Beatriz | None
Shelley | None
Lane | None
Caleb | None
Ron | None
Howard | None
Elizabeth | None
Lorne | None
John | None
Tom | None
Robin | None
Ciera | None
Don | None
John | None
Ethan | None
Owe | None
Christer | None
Leslie | None
Torbjorn | None
Victor | None
Soledad | None
Jessica | None
Luis | None
Robyn | None
Dawn | None
Emeka | None
Muaz | None
Gini | None
Albert | None
Brijesh | None
Mercedes | None
Rachel | None
Gavin | None
Soban | None
Joseph | None
Dan | None
Shaoor | None
Phil | None
Sandeep | None
Madison | None
Philip | None
Yohanna | None
Carly | None
Miguel | None
Calvin | None
Corri | None
Shawn | None
Jared | None
Scott | None
Mike | None
Ryan | None
Carl | None
Fred | None
Kylee | None
Kimberly | None
Jana | None
Howard | None
Nicole | None
Eddie | None
Brent | None
Cody | None
Jason | None
Andrea | None
Emi | None
Monica | None
Rocco | None
Peter | None
Dorothy | None
Nicole | None
Cristina | None
Aisha | None
Victoria | None
Jessica | None
Lorraine | None
Kim | None
Heena | None
Prasant | None
Pragati | None
Jill | None
Terri | None
Lisa | None
Korey | None
Sam | None
Teri | None
Anna | None
Ashwin | None
Arnel | None
Alex | None
Kunal | None
Andy | None
Elizabeth | None
Jamie | None
Aimee | None
Hannah | None
Victoria | None
Victor | None
Teri | None
Susan | None
Stevi | None
Stacey | None
Sabeen | None
Rachel | None
Peter | None
Nicole | None
Jessica | None
Jordana | None
Elke | None
Dorothy | None
Ashley | None
Arnold | None
Jacob | None
Sonia | None
Nancy | None
Todd | None
Allen | None
Renea | None
Rick | None
John | None
Abhilasha | None
Vijay | None
Debra | None
Amy | None
Rebecca | None
Tim | None
Alex | None
MJ | None
Bisola | None
Wendy | None
Bidisha | None
Quincy | None
Evan | None
Dave | None
Natalie | None
Claudia | None
Aravindraj | None
Rachel | None
Arden | None
Lisa | None
Sonia | None
Mark | None
Lila | None
Hannah | None
Aaron | None
Erica | None
Monica | None
Sandie | None
Tina | None
Kate | None
Roland | None
Denielle | None
Arzoo | None
Lee | None
Gabriela | None
Jimmy | None
Sabeen | None
Jessica | None
Leslie | None
Ric | None
Susan | None
Elizabeth | None
Aaron | None
Sean | None
Claudia | None
Mary | None
Kristen | None
Lorraine | None
Taylor | None
Jack | None
Jordana | None
Mike | None
Linda | None
Leosha | None
Ashley | None
Alexis | None
Olivia | None
Sidra | None
Frank | None
Andy | None
John | None
Odin | None
Patrick | None
Dy'neal | None
Joshua | None
Munir | None
Chris | None
Deelan | None
Venkat | None
Joshua | None
Adam | None
Joshua | None
Elisa | None
Joshua | None
Might | None
Deelan | None
Anthony | None
melanie | None
Matthew | None
Mueller | None
Chad | None
Tracy | None
Francesca | None
Spencer | None
Joel | None
Joe | None
Alexander | None
Julia | None
Jim | None
Jack | None
Madeline | None
Andrew | None
Matthew | None
Curtis | None
Luke | None
Jonathan | None
Sebastian | None
William | None
Mikey | None
Derrick | None
Tim | None
Matthew | None
Dino | None
Cindy | None
Ashley | None
Feven | None
Patrick | None
James | None
Bhanuprakash | None
ruchita | None
Teja | None
Venkatasai.K | None
ramprasad | None
divyai | None
Molly | None
Ben | None
Megan | None
Ana | None
Kurt | None
Benjamin | None
Randy | None
Brittany | None
Keley | None
Deana | None
Mark | None
Sarah | None
Cindy | None
Martha | None
Rob | None
Kari | None
Brad | None
Joe | None
David | None
Joab | None
Diane | None
Kristen | None
Lacy | None
Sarah | None
Sarah | None
Alex | None
Stephanie | None
Catherine | None
Christine | None
Susan | None
Bora | None
Suzanne | None
Joan | None
Nicole | None
Joab | None
Curtis | None
Scott | None
Daryn | None
Eric | None
Theresa | None
Indira | None
Terry | None
Stephan | None
Andrew | None
Russell | None
Richard | None
Christine | None
Karon | None
Karin | None
Hector | None
Lorre | None
Catherine | None
Dea | None
Melanie | None
Enrique | None
Afton | None
Eric | None
Johannah | None
Richard | None
Manuela | None
Luis | None
Rodrigo | None
Matt | None
Grant | None
Ernest | None
Felicia | None
Jennifer | None
Sara | None
Cassidy | None
Brandy | None
Akshar | None
Dan | None
Michael | None
Courtney | None
Patricia | None
Sherry | None
London | None
Rico | None
Beth | None
Megan | None
David | None
Hyland | None
Katie | None
Danielle | None
Jordan | None
Linda | None
Deborah | None
Wendy | None
James | None
Brenna | None
Vanessa | None
Melissa | None
Khushali | None
Claire | None
Ryan | None
Dara | None
Trevor | None
Rachel | None
Sarah | None
Bridgette | None
Deborah | None
Cindy | None
ANDREA | None
Christopher | None
Rachel | None
Britney | None
April | None
Linda | None
Georgina | None
Destiny | None
Krystal | None
Moses | None
Alejandra | None
Kyle | None
Navika | None
Sean | None
Daiana | None
Channel | None
Chloe | None
Demetrus | None
Yaneth | None
Robyn | None
Brittney | None
Krystal | None
Archana | None
Ana | None
Mackenzie | None
Sarah | None
Jimmy | None
Mariame | None
Hunter | None
Angeline | None
Anecia | None
Richard | None
Daney | None
Brieanne | None
Shukrie | None
Melissa | None
Deanna | None
Sarah | None
Destiny | None
Randy | None
Kelly | None
Kirby | None
Ashleigh | None
Beltine | None
Shannon | None
Bruce | None
Joseph | None
David | None
Kelsie | None
Robin | None
Bessie | None
Dashira | None
Joplo | None
Bryce | None
Will | None
Trevor | None
Scott | None
Edward | None
Ashley | None
Tracy | None
Cindalyn | None
Erin | None
Noel | None
Rachel | None
Kate | None
Mursheda | None
Michael | None
Lisa | None
Janki | None
Susana | None
Carson | None
Nick | None
Patrick | None
Misty | None
Derek | None
Isabel | None
Paisley | None
Nikolai | None
Amy | None
Neisha | None
Moses | None
Logan | None
Leah | None
Nick | None
Cheyenne | None
Lynette | None
Tiffany | None
Laurin | None
Heather | None
Jenny | None
Amy | None
Emily | None
Tania | None
Wendy | None
Tonya | None
Belinda | None
Patty | None
Kathy | None
Katie | None
Jamie | None
Anita | None
Angel | None
Jennifer | None
Tina | None
Deborah | None
Anna | None
Laurie | None
Irene | None
Danilo | None
Jasmine | None
Kristy | None
Selena | None
Diana | None
Kristen | None
Kara | None
Robyn | None
Jessica | None
Anahi | None
Beth | None
Eathel | None
Debby | None
Taylor | None
Jessica | None
Anne | None
Ky'Juana | None
Glenda | None
Gina | None
Cynthia | None
Natalie | None
Janet | None
Mary | None
Christopher | None
Noemi | None
Ainsley | None
Marlen | None
Ava | None
Joanne | None
Toby | None
Shaun | None
Christy | None
Chad | None
Christine | None
Trevor | None
Stacie | None
Sydney | None
Jacob | None
Vicki | None
Matthew | None
Mark | None
Linda | None
Kendra | None
Rachel | None
Christopher | None
Adam | None
Mark | None
Morgan | None
Aaron | None
George | None
Natasha | None
Mack | None
Timothy | None
Icela | None
Jazmin | None
Peter | None
Barbara | None
Gary | None
Dianelys | None
Kenneth | None
Kaylea | None
Michael | None
Casey | None
Gerald | None
Cristopher | None
Owen | None
Katrina | None
Christopher | None
Lisa | None
Natasha | None
Sebastian | None
Jasmine | None
Jaime | None
Rick | None
Jim | None
Anita | None
Linda | None
Patrick | None
Debbie | None
Amy | None
Juan | None
Amie | None
Alise | None
Daniel | None
Ally | None
Cynthia | None
Veronic | None
Michelle | None
Brian | None
Michael | None
April | None
Lindsey | None
Ryan | None
Robert | None
Douglas | None
Mercy | None
Camille | None
Samantha | None
Kristina | None
Stephanie | None
Lupita | None
Emily | None
Jenny | None
Jordan | None
Wisti | None
Tom | None
Benjamin | None
Joe | None
Lee | None
Arlo | None
Stefanie | None
Matthew | None
Kristie | None
Nora | None
Daisy | None
Latisha | None
Heather | None
Jessica | None
Michael | None
Gus | None
Stefanie | None
Matthew | None
Rick | None
John | None
Alise | None
Amy | None
Nancy | None
Amy | None
Kelly | None
Clay | None
Douglas | None
Nora | None
Kristie | None
Christopher | None
Linda | None
Casey | None
Alishia | None
Maria | None
Shilonia | None
Jeanne | None
Derrick | None
Terrie | None
John | None
Jason | None
Kellie | None
Jeffrey | None
Ty | None
Brandon | None
Christopher | None
Jessica | None
Abbas | None
Lon | None
Neva | None
Madison | None
Gina | None
Jerry | None
Brittany | None
Tory | None
Kim | None
Juan | None
Andrew | None
Alex | None
Brook | None
Morgan | None
James | None
Tom | None
Veronica | None
Travis | None
Howard | None
Julie | None
Jeremy | None
Laura | None
Karen | None
Megan | None
Matthew | None
Nancy | None
Paul | None
David | None
Heather | None
Kasey | None
Amie | None
Cynthia | None
Debbie | None
Lois | None
Matthew | None
Daniel | None
Michael | None
Ally | None
Andy | None
Arnaldo | None
Nicole | None
Odalis | None
Erika | None
Teressa | None
Ken | None
Denver | None
David | None
Jonathan | None
Doug | None
Cheyenne | None
Rachel | None
Scott | None
Tammy | None
Danyel | None
Joanne | None
Melanie | None
Bridget | None
Rhonda | None
Rebekah | None
Rubi | None
Corey | None
Savannah | None
Johnny | None
Melody | None
Natasha | None
Jennifer | None
Jennifer | None
Lisa | None
Crystal | None
Keisha | None
Lauren | None
Dameron | None
Dannon | None
Nick | None
Leonor | None
Maribel | None
Heather | None
Michael | None
Bobby | None
Anubis | None
Tammy | None
Chelsea | None
Danielle | None
Vickie | None
Allison | None
Kohle | None
Aaron | None
Patrick | None
Christine | None
Lauren | None
Joni | None
Chyna | None
Cliff | None
Angela | None
Sherry | None
Maria | None
Amy | None
Tanya | None
Nick | None
Dede | None
Alan | None
Anthony | None
Sandra | None
Sarah | None
Shana | None
John | None
Rosa | None
Christina | None
Laura | None
James | None
Yareliss | None
Katie | None
Tim | None
Mary | None
Dennis | None
Latoya | None
Naimah | None
Nishu | None
Ashley | None
Tiffany | None
Tyra | None
Nicolas | None
Ryan | None
Melissa | None
Provides | None
Adam | None
Provides | None
Mahak | None
Mikaela | None
Edward | None
Karl | None
Serrine | None
Stacey | None
Ashley | None
Georgina | None
Daiana | None
Shannon | None
Denver | None
Brenda | None
Tracy | None
Provides | None
Kristie | None
Jennifer | None
Alexis | None
Lexy | None
Ryan | None
Glen | None
Provides | None
Emily | None
Joseph | None
Meredith | None
Bryan | None
Donna | None
Bev | None
Christine | None
Provides | None
Casey | None
Provides | None
Matthew | None
Michaela | None
Randy | None
Kyle | None
Tiffany | None
Mike | None
Sheila | None
Sarah | None
Paul | None
Mikaela | None
Marie | None
Gianni | None
Eric | None
Carrillo | None
April | None
Zachary | None
Sam | None
Sam | None
Kenneth | None
Taylor | None
Deborah | None
Cody | None
Cynthia | None
Jack | None
Brittany | None
Kelly | None
Leonor | None
Leslie | None
Megan | None
Nikky | None
Stella | None
Alex | None
Giri | None
Yvonne | None
Craig | None
Oliver | None
Barry | None
James | None
Ryan | None
Anna | None
Sabihah | None
Gordon | None
Jeff | None
Gearoid | None
Mor | None
Manjari | None
Michelle | None
Karin | None
Kristen | None
Derek | None
Lindsay | None
Norbert | None
Farjana | None
Linus | None
Bridget | None
Snehal | None
Chiara | None
Naima | None
Santhoshima | None
Jennifer | None
Amy | None
Keri | None
Sumanth | None
Anamika | None
PaShon | None
Karishma | None
Garima | None
Scott | None
Claire | None
Paritosh | None
Lee | None
Paul | None
Egal | None
Meagan | None
Valeria | None
Jessica | None
Dana | None
Angelika | None
Sofia | None
Jake | None
Aoife | None
Pamela | None
Bill | None
Priya | None
Brandon | None
ThuyLy | None
Matt | None
Chuck | None
Venus | None
Morgan | None
Taeko | None
Lauren | None
Stephen | None
Tracy | None
Andrew | None
Leigh | None
Greg | None
Juan | None
Amy | None
Alexander | None
Kelly | None
Dankie | None
Daniel | None
Nicole | None
Melanie | None
Jennifer | None
Ryan | None
Theresa | None
Savannah | None
Ashley | None
Hank | None
Alexandra | None
Tasha | None
Marisa | None
Ryan | None
Lucia | None
Julie | None
Shadaja | None
April | None
Neha | None
Jaime | None
Ishwar | None
Niklesh | None
Stephanie | None
Christopher | None
Camille | None
Stacey | None
Luisa | None
Imani | None
Shayna | None
Faby | None
Rachel | None
KATHLEEN | None
Likhitha | None
Dani | None
Peter | None
Vijay | None
Zakaria | None
Rachel | None
Emma | None
Kristi | None
April | None
Kaitlyn | None
Stephanie | None
Anna | None
Kathryn | None
Catarina | None
Vaishnavi | None
shashank | None
Kasey | None
Matthias | None
Adi | None
Sarah | None
Colleen | None
John | None
David | None
Deepak | None
Anthony | None
James | None
Hannah | None
Caroline | None
Kimberly | None
Bryan | None
Nick | None
Elizabeth | None
Raquel | None
Kongul | None
Manita | None
Lana | None
Chris | None
Netstrive | None
John | None
Marshall | None
Vish | None
Patricia | None
Akshay | None
Aliyaan | None
Yamini | None
Reena | None
Prateek | None
Akash | None
Prerit | None
Shadab | None
John | None
Monika | None
Peter | None
Michael | None
ana | None
geraldine | None
khanyisile | None
sarika | None
melinda | None
mthembeni | None
tasha | None
Steven | None
lesedi | None
kundai | None
Joshua | None
Nicole | None
Brookelyn | None
Michael | None
Elvin | None
Alex | None
Mark | None
Denise | None
Mary | None
Shewu | None
Tavaura | None
Risa | None
Kate | None
Rashri | None
Maltie | None
Raileyka | None
Christina | None
Michael | None
Emery | None
Keith | None
Risa | None
Shewu | None
Nicole | None
Mary | None
Emery | None
Matt | None
Rashri | None
Denise | None
Matt | None
Cameron | None
Christina | None
Maltie | None
Alex | None
Kate | None
Mark | None
Raileyka | None
Denise | None
Elvin | None
Michael | None
Tavaura | None
Kirsten | None
Neha | None
Jennifer | None
Chris | None
Jessica | None
Carrie | None
Vijender | None
Angira | None
Miriam | None
Kyle | None
Tony | None
Lynelle | None
Kaylee | None
Bob | None
Jai | None
Zarina | None
Julie | None
Mobeen | None
Charmaine | None
Heather | None
Chris | None
Sonica | None
Janet | None
Jay | None
Brian | None
Alex | None
Damien | None
Rachel | None
Adreana | None
Deekshith | None
David | None
Kalpana | None
Nedal | None
dhivya | None
Cori | None
Kathleen | None
Jan | None
Franklin | None
Alonzo | None
Satheesh | None
Gena | None
leonard | None
Jim | None
Tim | None
Deanna | None
Shauna | None
Kathleen | None
Manjula | None
Charles | None
Amy | None
Kris | None
Natorria | None
Kathy | None
Edward | None
Scott | None
Samaneh | None
Ruthanne | None
Mitch | None
Lorena | None
Leanna | None
Chance | None
Alicia | None
Ariel | None
Ashley | None
Danika | None
Malik | None
McKenzie | None
Katie | None
Terence | None
Bryan | None
Shirley | None
Whitney | None
Shamus | None
David | None
Colleen | None
Tom | None
Craig | None
Beth | None
John | None
Kevin | None
Daniel | None
Alex | None
Joshua | None
Robert | None
Joe | None
Sydney | None
Amy | None
Greg | None
Deonna | None
Melissa | None
Anisha | None
Alyse | None
AJ | None
Gene | None
Lawrence | None
David | None
Miguel | None
Chris | None
Connor | None
Steve | None
Jessy | None
Orlena | None
Tony | None
Scott | None
Neil | None
Sean | None
Damion | None
Debra | None
Brian | None
Alena | None
Paul | None
Lisa | None
Antony | None
John | None
Jonathan | None
John | None
Bobb | None
Brad | None
Don | None
Eder | None
Astrid | None
Pilli | None
Ravali | None
Karen | None
Gabriel | None
Cariere | None
Jessy | None
David | None
Loretta | None
Angie | None
Kimberly | None
David | None
Peggy | None
Daniel | None
Angie | None
Mike | None
Mark | None
Gina | None
Andrew | None
John | None
Michael | None
Carlos | None
Scott | None
Cayla | None
Jessica | None
Miłosz | None
Kerry | None
David | None
David | None
Troy | None
Stephen | None
Terrence | None
Raymundo | None
Shivani | None
Denise | None
Joseph | None
Lisa | None
Kyle | None
Abrar | None
John | None
Eder | None
Alain | None
Jamie | None
Rajani | None
Praveen | None
chad | None
Ravi | None
Astrid | None
Ruwa | None
Terry | None
Cayla | None
Greg | None
David | None
Monica | None
Amanda | None
Luke | None
Jeri | None
Bhargavi | None
Ishara | None
Rajeswari | None
Sri | None
Taylor | None
Kim | None
Abdul | None
Akshay | None
Tammy | None
Tristan | None
Rich | None
Cayla | None
Astrid | None
Theresa | None
Nishmitha | None
Sai | None
Vinaya | None
Sri | None
Monika | None
Umme | None
Arka | None
K | None
Nabamita | None
puneeth | None
Nithya | None
Nalina | None
Rajeswari | None
Pramila | None
Leon | None
Grant | None
Ravali | None
Rahul | None
Belinda | None
Kirstee | None
David | None
NARENDRA | None
Kanchan | None
Venkatesh | None
Mahendra | None
Ravinder | None
Raymundo | None
Mia | None
Natalia | None
Harshita | None
yadamma | None
Amelia | None
Annette | None
Syed | None
Aleksandra | None
Ciara | None
Jim | None
Alexzandria | None
Anuja | None
Christopher | None
Ashley | None
Jim | None
Johannes | None
Adam | None
Tim | None
Kara | None
Tara | None
Matthew | None
Mark | None
Catina | None
Jim | None
Lisa | None
Lorne | None
Rob | None
Travis | None
Lindsay | None
Smitha | None
Leigh | None
Redmond | None
Lauren | None
Jason | None
Braeden | None
Amanda | None
Adam | None
Alex | None
Kimberly | None
Kimberly | None
Anuja | None
Aleta | None
Clarke | None
Tommy | None
Cat | None
Doug | None
Christian | None
Kelly | None
Kimberly | None
Jeff | None
Sean | None
Jon | None
Mary | None
Craig | None
Tanya | None
Ryan | None
Jon | None
Carlene | None
Cameron | None
Cristian | None
Donald | None
George | None
Andrew | None
John | None
Andrew | None
Tanya | None
Christopher | None
Redmond | None
Mary | None
Grant | None
Kim | None
Bridget | None
Bridget | None
Mark | None
Stacey | None
Amanda | None
Collin | None
Marty | None
Jon | None
Marci | None
Serra | None
Caitlin | None
Stevie | None
Kimberly | None
Julia | None
Andrew | None
Tanya | None
Max | None
Larry | None
Mary | None
jim | None
Craig | None
Robert | None
Scott | None
Jason | None
Katie | None
Hugh | None
Liliana | None
Lima | None
Lindsay | None
Andy | None
Nathaniel | None
Mulien | None
John | None
Teresa | None
Sted | None
Andy | None
Jeff | None
Brad | None
Ayesha | None
Stephanie | None
Larah | None
Sara | None
Larissa | None
Deborah | None
Amy | None
Clara | None
Edward | None
Dale | None
Phong | None
Alanna | None
Scott | None
Michael | None
Joshua | None
Shawn | None
Jack | None
Alex | None
John | None
amy | None
Taylor | None
Diana | None
Regina | None
Amy | None
Amy | None
Mike | None
Kayleigh | None
Bhavesh | None
Amador | None
Noah | None
Jack | None
Diana | None
Juljana | None
Vladimira | None
Arlind | None
DKelley | None
Matthew | None
Jeff | None
Beth | None
Peter | None
Cheryl | None
Noah | None
Catherina | None
Andrew | None
Jake | None
Kristen | None
Andrew | None
Chelsea | None
Jayson | None
Laura | None
Jodi | None
Robert | None
Vincent | None
James | None
Justin | None
Vincent | None
Raheel | None
Dawn | None
Recruiter | None
Andries | None
Jayson | None
John | None
Bethann | None
Christopher | None
Arturo | None
Vince | None
Glenn | None
Tulla | None
Duwaine | None
Steven | None
David | None
Jesserlyn | None
Melissa | None
Windy | None
Theresa | None
Robert | None
Paul | None
Dan | None
Tyrutte | None
Marsha | None
Robin | None
Pamela | None
Linda | None
Deborah | None
Denise | None
Sara | None
Sondra | None
Sean | None
Sara | None
Nikki | None
Lisa | None
Monica | None
Vivek | None
Chrissie | None
Chad | None
Jeff | None
Amy | None
Neal | None
Lisa | None
Monica | None
Kenneth | None
Julie | None
Adam | None
Ashley | None
Antonio | None
David | None
Paul | None
Peter | None
Esteban | None
Laurie | None
Douglas | None
Tammy | None
Nedia | None
Brandi | None
Zack | None
Mike | None
Ralph | None
Marrichelle | None
Dave | None
Mary | None
John | None
Mary | None
chad | None
Sanjay | None
David | None
Terry | None
Marrichelle | None
Aaron | None
Dave | None
Diego | None
Felecia | None
John | None
Daniel | None
Philip | None
Alan | None
Donald | None
Cortney | None
Lauren | None
Danielle | None
Allissa | None
Daniel | None
Rob | None
Joseph | None
Jonathan | None
Jill | None
Erin | None
Sean | None
Lucy | None
Bhavana | None
Renee | None
Lane | None
Mo | None
Tim | None
Katie | None
Tammy | None
Amy | None
Tim | None
Carley | None
Travis | None
Michael | None
Veronika | None
Yvonne | None
Quan | None
Jennifer | None
Kristen | None
Shannon | None
Jeff | None
Randy | None
Joshua | None
Cortney | None
Craig | None
Sherry | None
Darren | None
Harry | None
Daniel | None
Kirstin | None
Kimberly | None
Chris | None
Josh | None
Lawrence | None
Peter | None
Jim | None
Mary | None
Alex | None
Donna | None
Celine | None
Owen | None
Donna | None
Nikko | None
Michelle | None
Kanchan | None
Nina | None
Canice | None
Pamela | None
Renee | None
Jeyanthi | None
Abinaya | None
Sonia | None
Ashwini | None
Elakkiya | None
Jayaraj | None
Jayaprakash | None
Aravindharaj | None
Kingslin | None
Sheela | None
Dhirendra | None
Sowmyashri | None
Somesh | None
Venipriyanka | None
Abirami | None
Aarthi | None
Shekar | None
Vijayalakshmi | None
Vincent | None
Madison | None
Steven | None
Tom | None
Alex | None
Ashish | None
Weng | None
Van | None
Meher | None
Leigh | None
Girish | None
Amir | None
Walter | None
Patrick | None
Christine | None
Helen | None
Mary | None
Shilpi | None
Carina | None
Elizabeth | None
Billy | None
Hunter | None
Greg | None
Michael | None
Zach | None
Jeff | None
Sean | None
Rachel | None
George | None
Kaitlyn | None
Will | None
Eric | None
Joe | None
Tonia | None
William | None
Helen | None
Jessica | None
Sheldon | None
Tim | None
Leona | None
Joseph | None
Ian | None
Therese | None
Maciej | None
Sarath | None
Karen | None
Thomas | None
Gregory | None
Per | None
Beata | None
Julia | None
Jaroslav | None
Stuart | None
Pierre | None
Maria | None
Lawrance | None
Emma | None
Martin | None
Giuseppe | None
Jennie | None
Petra | None
Mikael | None
Bibiana | None
Dan | None
Mie | None
Praveen | None
Mohammad | None
Johan | None
Tomas | None
Tyler | None
Fabio | None
Robert | None
Joakim | None
Laura | None
Johanna | None
Bruno | None
Erik | None
Elin | None
Helene | None
Sanjay | None
Neha | None
Albin | None
Sobia | None
Elin | None
Colin | None
Nikola | None
Jessica | None
Xie | None
Natalie | None
Ellen | None
Pauline | None
Filip | None
Felicia | None
Maja | None
Ida | None
Ulrika | None
Sandra | None
Maria | None
Cornelia | None
Claudia | None
Susann | None
Nick | None
Mathilda | None
Anna | None
Johan | None
Karol | None
Hakan | None
Faris | None
Fagner | None
Robert | None
Peter | None
Jan | None
Camilla | None
Sofie | None
Hakan | None
Juhani | None
Berhane | None
Hani | None
Kara | None
Madelen | None
Gabriel | None
Martin | None
Sudhir | None
Kalyan | None
Madan | None
Ossian | None
Lisa | None
Tomas | None
Maria | None
Deepa | None
Chris | None
Seonmin | None
Taek | None
Ralph | None
Alex | None
Tamara | None
Michael | None
Paul | None
Harikrishnan | None
Payal | None
Pat | None
Naresh | None
Marc | None
Jameson | None
Janelle | None
Jeanette | None
Jamie | None
Julie | None
Keith | None
Emily | None
Julie | None
Virginia | None
Mikayla | None
Renil | None
Paige | None
Erica | None
Sydney | None
Dave | None
Karthick | None
Maaz | None
Rich | None
Balaji | None
Sebi | None
Igor | None
Vivek | None
Gregory | None
Sadhvi | None
Benny | None
Benjamin | None
han | None
Hemant | None
Manish | None
Mihai | None
Nikita | None
Vijay | None
Tripti | None
Nayana | None
Mike | None
Myron | None
Kejal | None
Vikas | None
Christy | None
Dimple | None
Mandi | None
Preetam | None
Jahnvi | None
Pragya | None
Leonardo | None
Dave | None
Inder | None
Robert | None
Vivek | None
Yugesh | None
Shankar | None
Shruti | None
Vinay | None
Clara | None
James | None
Vinita | None
Samruddhi | None
Sohil | None
Chetan | None
Jeremy | None
Sudarshan | None
Yash | None
PAVANKUMAR | None
Mugdha | None
Gnaneswari | None
samiksha | None
Mufaddal | None
Prashant | None
vamsi | None
Vamshi | None
Joe | None
Sramana | None
Roushan | None
Rahul | None
Ankeet | None
Sohail | None
Chinmayee | None
Sai | None
Kashif | None
Elaine | None
Preeti | None
Shreya | None
Vladimir | None
Supriya | None
Walid | None
Chetan | None
Dhairyashil | None
Aravind | None
Kartik | None
Srividhya | None
Sushama | None
Paul | None
Sanjeevkumar | None
Wayne | None
Shiva | None
Balasaheb | None
Pratheeksha | None
Naveen | None
Mandi | None
Eric | None
Chandu | None
Darrel | None
Hanze | None
Bill | None
Dimple | None
Alok | None
Rajesh | None
Narasimham | None
Abhishek | None
Govinda | None
Matthew | None
Kristiina | None
Olivia | None
Tom | None
Mark | None
Nathan | None
Ben | None
François | None
Jude | None
Ingrid | None
Harry | None
Holly | None
Ben | None
Michael | None
Samuel | None
Asmita | None
James | None
Paul | None
Mario | None
Jamie | None
Matthew | None
Kyle | None
Andrei | None
Pav | None
Abigail | None
François | None
Marv | None
Kieran | None
Andrei | None
Jordon | None
Rabby | None
Warren | None
Poppy | None
Joseph | None
Isaac | None
Pav | None
Ron | None
James | None
Oliver | None
Lucas | None
Ella | None
Ross | None
Emily | None
Ollie | None
Ekene | None
Harry | None
Alfie | None
Raquel | None
Zach | None
George | None
Haider | None
Jos | None
Bryce | None
Adam | None
Daniel | None
Shaneel | None
Ron | None
Chloe | None
Charlie | None
Ramón | None
Danielle | None
Alex | None
Michael | None
Nikki | None
Kristiina | None
Nick | None
Carl | None
John | None
Christian | None
Chad | None
François | None
Daniel | None
Luke | None
Sinclair | None
Harry | None
Neil | None
Daryl | None
Valerie | None
Robeyel | None
Amy | None
James | None
John | None
Christian | None
Chad | None
Daniel | None
Luke | None
Sinclair | None
Richard | None
Rory | None
Tom | None
Alex | None
Natasha | None
Mark | None
Daniel | None
Ada | None
Jak | None
Shakeel | None
Dilan | None
Jon | None
Marco | None
Rory | None
Tom | None
Nick | None
Carl | None
Freddie | None
Jordon | None
Angel | None
Andrei | None
Maddison | None
Drew | None
Jude | None
Abigail | None
Theodore | None
Isaac | None
Matthew | None
Paul | None
Robeyel | None
Kieran | None
Amanda | None
Kristiina | None
Nikki | None
Michael | None
Danielle | None
Darren | None
Alex | None
Natasha | None
Paul | None
Mark | None
Ada | None
Adam | None
Adriana | None
Jak | None
Jon | None
Shakeel | None
Valerie | None
Daryl | None
Neil | None
Harry | None
Shaneel | None
Ron | None
Chloe | None
Charlie | None
Ramón | None
Dilan | None
Harry | None
Isaac | None
harrison | None
james | None
mareike | None
rathila | None
samuel | None
sarah | None
Darren | None
François | None
Marco | None
1 | None
2 | None
3 | None
5 | None
9 | None
10 | None
11 | None
Joe | None
Jason | None
Amanda | None
Tools | None
Richard | None
Ethan | None
Mariah | None
Kim | None
13 | None
Volha | None
Erick | None
Patric | None
Sonya | None
Chris | None
Rowena | None
Kasey | None
Shay | None
Suzanne | None
Cesar | None
Joe | None
Serena | None
Morgan | None
Brad | None
Lauren | None
Francesca | None
Janet | None
Gina | None
Omar | None
Samantha | None
Chris | None
Tim | None
Ronald | None
Morgan | None
Jichuan | None
Ebony | None
Zahkyia | None
Luis | None
Shawn | None
Vyacheslav | None
Phyllis | None
Shane | None
Nevzat | None
Jacob | None
Don | None
Sean | None
Patrick | None
Michael | None
Denise | None
Ivate | None
Charllie | None
Avany | None
Van | None
Christopher | None
Paulette | None
Michelle | None
Dexter | None
Dawn | None
Ernesto | None
Tyler | None
Troy | None
Steve | None
Eleedrea | None
Andy | None
Rebecca | None
Zachary | None
Owen | None
Marilyn | None
Lauren | None
Michael | None
Fernando | None
Candace | None
Leo | None
Chris | None
Abu | None
Nikki | None
Sarah | None
Samantha | None
Denise | None
Nicole | None
Bertrand | None
Keyvan | None
Naomi | None
LaToya | None
Amy | None
John | None
Miguel | None
Michael | None
Shanna | None
Ron | None
Damon | None
Jonathan | None
Christielee | None
Tiffany | None
Michael | None
Jari | None
Daniel | None
Henrik | None
Grace | None
James | None
Jason | None
Jennifer | None
joseph | None
Joshua | None
Justin | None
Katie | None
Kiara | None
Kristal | None
Kristen | None
Lauren | None
Lily | None
Lizet | None
Grace | None
Marc | None
Melanie | None
Michelle | None
Michelle | None
Morgan | None
Rachna | None
Rafael | None
RaShawndra | None
Revi | None
Rick | None
Saffron | None
Shirley | None
Stephanie | None
Ursula | None
Vanessa | None
Matt | None
Gary | None
Gabby | None
Drey | None
Stephanie | None
Julie | None
Michael | None
Jacqueline | None
Mike | None
Luis | None
Sean | None
Gene | None
Charlie | None
Liz | None
Darren | None
Aliza | None
Andrew | None
Nolan | None
Jeremy | None
Eva | None
Zachary | None
Cindy | None
Christopher | None
Chris | None
Caitlin | None
Bill | None
Ardhendu | None
Sal | None
Alexandria | None
Kyle | None
Garrett | None
Irene | None
Madelyn | None
Zeenam | None
Parul | None
Teri‑Lynne | None
Dillon | None
Brian | None
Olga | None
Briana | None
Lauren | None
Katherine | None
Sarah | None
Michelle | None
Ebony | None
Eva | None
Paige | None
Gurpreet | None
Becca | None
Alishba | None
Amin | None
Georgia | None
Dillon | None
Bakhtawar | None
Ashfaq | None
Maximilian | None
Misael | None
Samuel | None
Chance | None
Tiffany | None
Marc | None
Gwen | None
Van | None
Colby | None
Mike | None
Amy | None
Candace | None
Charllie | None
Christielee | None
Rolando | None
Alec | None
Chris | None
Denise | None
Elvis | None
Humberto | None
Jack | None
Josephine | None
Olga | None
Poonam | None
Ramoncito | None
Michelle | None
Sean | None
Maryam | None
Jhannel | None
Christopher | None
Anisa | None
Jonathan | None
Paola | None
Othon | None
Tim | None
Matt | None
Owen | None
Mike | None
Ian | None
Ashley | None
Zohaib | None
Shanna | None
Oscar | None
Michael | None
Becca | None
Eva | None
Michelle | None
Amy | None
Elizabeth | None
Briana | None
Katherine | None
Misael | None
Colby | None
Thomas | None
Chance | None
Tyler | None
Crystal | None
Maximilian | None
Jonathan | None
Tamara | None
Amin | None
Mark | None
Ashley | None
Ramoncito | None
Dail | None
Sean | None
Sergio | None
Shawn | None
Georgia | None
Mark | None
Mike | None
Brandy | None
Nancy | None
Paige | None
Noel | None
Shawn | None
Stephanie | None
Ahmed | None
Basil | None
Ammar | None
Molly | None
Edward | None
Praveen | None
Becky | None
Jeremy | None
Fran | None
Hema | None
Melissa | None
Dea | None
Natasha | None
Haleigh | None
Farnaz | None
Eva | None
Adam | None
Noel | None
Paolo | None
Misael | None
Elizabeth | None
Jeremy | None
Patrick | None
Mazhar | None
James | None
Mercedes | None
Melody | None
Deanna | None
Courtney | None
Britt | None
Sheniqua | None
Victor | None
Jody | None
Tarah | None
Britney | None
Bekah | None
Dareka | None
Garrett | None
Josh | None
kara | None
Kevin | None
Brandon | None
Sarai | None
Corey | None
Bertie | None
Lisebeth | None
Sheena | None
Tim | None
Chad | None
Shelbi | None
Kris | None
Sydney | None
Aaron | None
Rachel | None
Chris | None
Micayla | None
Robin | None
Annie | None
Niki | None
Angela | None
Mason | None
Greg | None
Jessica | None
Jeff | None
Laura | None
Alex | None
Tom | None
Troy | None
Zeshan | None
Ruthi | None
Alanna | None
Raul | None
Amber | None
Mike | None
Gina | None
Tolulope | None
Jackie | None
Alexander | None
Alexander | None
Andrew | None
Alyssa | None
Debbie | None
Christie | None
Brad | None
Nicolas | None
Santiago | None
Laura | None
Luis | None
Esteban | None
Camilo | None
Natasha | None
Pablo | None
Khelli | None
Miles | None
Catalina | None
Arianna | None
Camilo | None
Diksha | None
Paula | None
Michael | None
Doug | None
Suzanne | None
Nancy | None
Suzanne | None
Frannelys | None
Manpreet | None
pranali | None
Katherine | None
Marine | None
Erica | None
Nancy | None
Finn | None
Jennifer | None
tysheena | None
Nexwave | None
Ryan | None
Joshua | None
Tyler | None
Jordan | None
Matt | None
Shandee | None
Herb | None
Gemma | None
Gerald | None
Glen | None
Jon | None
Graysen | None
Jon | None
Greer | None
Greg | None
Irene | None
Gopal | None
José | None
Lee | None
Justin | None
Nick | None
Iryna | None
Lewis | None
Liam | None
Lydia | None
Lyndon | None
Madalina | None
Corey | None
Gabby | None
Gabriel | None
Jon | None
Julien | None
Isra | None
Ishaan | None
Jack | None
Johnny | None
John | None
Joelle | None
Joe | None
Joe | None
Jinky | None
Jessie | None
Jessica | None
Jennifer | None
Izzie | None
Jem | None
Jeffrey | None
Jason | None
Jennifer | None
James | None
Jack | None
Jasmine | None
Jake | None
Jake | None
Jalen | None
Jamal | None
Jacob | None
James | None
James | None
James | None
James | None
Jamal | None
Richard | None
Todd | None
Sam | None
Vladimir | None
Rishipal | None
Philip | None
Joshua | None
Clarisa | None
Aaron | None
Theo | None
Victoria | None
Milica | None
Ricky | None
Adam | None
Bill | None
Charlie | None
Dylan | None
Eric | None
Imran | None
Irina | None
Jelena | None
Kanatip | None
Lee | None
Lorenzo | None
Samuel | None
Sascha | None
Nadja | None
Ramel | None
Peter | None
Paul | None
Nevena | None
Natasa | None
Milan | None
Valerie | None
Renee | None
Kate | None
Michele | None
Barbara | None
Dorian | None
Stephone | None
Lauren | None
Tiffany | None
Jordan | None
Ana | None
Wayne | None
Victoria | None
Rich | None
Pam | None
James | None
Douglas | None
John | None
Daniel | None
CJ | None
Derrick | None
Nate | None
Andrew | None
Jazmin | None
Jack | None
Jason | None
Gabriel | None
Amanda | None
Brandon | None
Read | None
Nicholas | None
Aliza | None
Patrick | None
Caitlin | None
Timothy | None
Dylan | None
Jason | None
Samuel | None
Hailey | None
Gaetano | None
Mitchell | None
Clifton | None
Michael | None
Lauren | None
Gokhan | None
Lakshmi | None
Shamit | None
Dmitry | None
Dylon | None
April | None
Marcus | None
Grant | None
Steven | None
Aaron | None
Catherine | None
Mouad | None
David | None
Rob | None
Becca | None
Alyssa | None
Rachel | None
Vincent | None
Danylo | None
Andrew | None
Bryan | None
Kevin | None
Joseph | None
Catherine | None
Cristos | None
Paurvi | None
Kathleen | None
Sailusha | None
Victoria | None
Jacob | None
Akilah | None
Peter | None
Luis | None
Kevin | None
Sam | None
Kristal | None
Ty | None
Elizabeth | None
Justice | None
Emily | None
Ilana | None
Albert | None
Miles | None
Robbie | None
Melanie | None
Brianna | None
Maya | None
Amanda | None
Mary | None
Joseph | None
Natasha | None
Adriana | None
Mary | None
Amaris | None
Kevin | None
NFI | None
Juan | None
Matthew | None
Nigel | None
David | None
Courtney | None
Al | None
Kalik | None
Lillie | None
McKenna | None
Natalie | None
Payton | None
Rachel | None
Read | None
Shannon | None
Shelby | None
Stephanie | None
Thomas | None
Trevor | None
Tyler | None
William | None
Jordan | None
Yvesh'a | None
Anila | None
Stephanie | None
Jake | None
Tyler | None
Andreas | None
Malik | None
Steven | None
Soraya | None
Meghan | None
Edgar | None
Matt | None
Jack | None
Maxamillion | None
Trey | None
Jose | None
Nigel | None
Joe | None
Haleigh | None
Pierse | None
Marc | None
A | None
Travis | None
Alexa | None
Cory | None
Tom | None
Kate | None
Matthew | None
Aiko | None
Kane | None
Rachel | None
Shawn | None
Alex | None
Janaé | None
Andrew | None
Brandon | None
Bryan | None
Caitlin | None
Claudia | None
Daniel | None
Daniela | None
Deborah | None
Dominique | None
Thomas | None
Josh | None
Logan | None
Eric | None
Franck | None
Gabriely | None
Bethany | None
Brian | None
Brandon | None
Luke | None
Leanne | None
Kassidy | None
Kara | None
Justice | None
John | None
Jodi | None
Jake | None
Jack | None
Jack | None
Ilana | None
Marissa | None
Gabriel | None
Daniel | None
Courtney | None
Brian | None
Benjamin | None
Ana | None
Amber | None
Albert | None
Samiyah | None
Becca | None
Rajbir | None
Tam | None
Edgar | None
Grant | None
Mary | None
Michael | None
James | None
Chandler | None
Aziz | None
Tristan | None
Ian | None
Aidan | None
Edgar | None
John | None
Meho | None
Rossini | None
Ronan | None
Meg | None
Zainab | None
Tyler | None
Troy | None
Thomas | None
Shane | None
Samuel | None
Sam | None
Ryan | None
Read | None
Peter | None
Paul | None
Nick | None
Victoria | None
Demi | None
Lekan | None
Travis | None
Benoit | None
Jack | None
Archie | None
Anna | None
Tristan | None
Lauren | None
Norman | None
Robert | None
Anthony | None
Paulina | None
Matt | None
Sara | None
Rachel | None
Christina | None
Brooks | None
Kevin | None
Caroline | None
Rebecca | None
Elizabeth | None
Courtney | None
Isaac | None
Rachel | None
Timothy | None
Nigel | None
Brian | None
Lylia | None
Luke | None
Emily | None
Catherine | None
Trey | None
Anila | None
Kevin | None
Ashley | None
Victoria | None
Jacob | None
Thomas | None
Craig | None
Sara | None
Sean | None
Ayan | None
Ellie | None
Daniela | None
Matthew | None
Robbie | None
Michael | None
Marios | None
Josh | None
Leonardo | None
Marley | None
Nathaniel | None
Tom | None
Nathaniel | None
Samir | None
Emily | None
George | None
Victoria | None
Dominique | None
Peter | None
Victor | None
Natali | None
Omar | None
David | None
Angelica | None
Amber | None
Robert | None
Emily | None
Ashley | None
Zak | None
Phillip | None
Rushabh | None
Carolyn | None
Alex | None
Ashley | None
Vivian | None
Jane | None
Peter | None
Matthew | None
Michael | None
Jennifer | None
Courtney | None
David | None
Zainab | None
Matthew | None
Corey | None
Domenica | None
Charlotte | None
Thomas | None
Andrew | None
Anthony | None
Lizzie | None
Tam | None
Irvin | None
Maggie | None
Bennett | None
Jane | None
Robert | None
Michael | None
Kevin | None
Emily | None
Jasmine | None
Gregory | None
Lekan | None
Danielle | None
Daniel | None
Josh | None
Michael | None
Catherine | None
Alex | None
Chris | None
Emma | None
Amanda | None
Salman | None
Marion | None
Victoria | None
Emily | None
Matthew | None
Tony | None
Britton | None
Ryan | None
Brian | None
Sebastian | None
Greg | None
Steve | None
Matthew | None
Rajbir | None
Troy | None
Rebecca | None
Pierse | None
Melissa | None
Audrey | None
Natasha | None
Arielle | None
George | None
Joe | None
Matthew | None
Joshua | None
Nick | None
Marley | None
Rachel | None
Mary | None
Pietro | None
Maik | None
Gerald | None
Amy | None
Jennie | None
Ciaran | None
Houda | None
Christophe | None
Michael | None
Marissa | None
Lizzy | None
Rebecca | None
Yuv | None
Shane | None
Payton | None
Meagan | None
Tess | None
Brooks | None
Joe | None
Meg | None
Kara | None
Giuseppe | None
Martin | None
Silky | None
Hi | None
Hi | None
Brian | None
Dan | None
Dennis | None
Dawn | None
Joe | None
Jon | None
Kristen | None
Michael | None
Matt | None
Naresh | None
Parker | None
Prabu | None
Daniel | None
Paul | None
Rolanda | None
Suzanne | None
Victoria | None
Vamsi | None
Hi | None
Chrissy | None
Dan | None
Punam | None
Andrew | None
Jack | None
George | None
Nitin | None
Priya | None
Subek | None
Diksha | None
Nidhi | None
Sindhu | None
Vandana | None
Mamta | None
Ashwani | None
Dilshadul | None
Arick | None
Abhishek | None
Deependra | None
Jagdish | None
Kirti | None
James | None
Animesh | None
Shabeeb | None
Rakesh | None
Megha | None
Saiyad | None
Saurabh | None
Rajesh | None
rahul.kumar | None
Mohammad | None
Kartik | None
Manisha | None
Ankita | None
Chhavi | None
Jitendra | None
Ritik | None
Sushant | None
Bani | None
Aishley | None
Mohammad | None
Rashmi | None
Sachin | None
Abhishek | None
Vishal | None
Prakash | None
Saurabh | None
Aman | None
Ramlakhan | None
Priya | None
Amit | None
Priyanka | None
Naveen | None
Gavan | None
Michael | None
Drew | None
Nuzhat | None
Coleman | None
Wing | None
Stan | None
Julie | None
Amuthul | None
David | None
Melanie | None
Peter | None
Mike | None
Pavani | None
Mir | None
Ariz | None
Jeffrey | None
Christopher | None
Pauline | None
Sue | None
Jocelyn | None
Mishaal | None
Rachael | None
Supriya | None
Marietta | None
Sunil | None
Melanie | None
Lily | None
Sheldon | None
Melody | None
Murali | None
Eswara | None
Anna | None
Anu | None
Rosita | None
Ashley | None
Reva | None
Kanteshwar | None
Ravi | None
Melody | None
Prathyush | None
Prasad | None
Jessica | None
Jessica | None
Lily | None
Sheldon | None
Malav | None
Melanie | None
Melody | None
Brigid | None
Shannon | None
Anna | None
Patrick | None
Brigette | None
Ivan | None
Lindsey | None
Rachel | None
Jason | None
Ronak | None
Ashley | None
John | None
Donna | None
Rob | None
Prem | None
Amanda | None
Pramod | None
Andrey | None
Rashmi | None
Ashleigh | None
Ankita | None
Dhaval | None
ben | None
Shrey | None
Hugh | None
dominic | None
Sanjay | None
richard | None
theo | None
will | None
nathan | None
Charlie | None
Charlie | None
Felix | None
Swajal | None
Theo | None
Ben | None
Nathan | None
Matt | None
Dominic | None
Sunny | None
Richard | None
Lina | None
Rishi | None
Marshsall | None
Kim | None
Cristina | None
Bonnie | None
Ruby | None
Jean | None
Geeta | None
Dharani | None
Sharesa | None
Ashrita | None
Stephen | None
Daphne | None
Willie | None
Paul | None
Stokes | None
Johnson | None
Lakshmi | None
Shivaprasad | None
Christine | None
Joseph | None
Linda | None
Gayan | None
Gabriele | None
Filip | None
Egle | None
Evie | None
Erika | None
Elisabetta | None
Gilson | None
Federica | None
Hoel | None
Danielle | None
Issa | None
Kassandra | None
Kate | None
Lenka | None
Lisa | None
Lucas | None
Manuel | None
Marco | None
Mike | None
Miruna | None
Holly | None
Cristina | None
Liliana | None
Clement | None
Conor | None
Jamie | None
Veronika | None
Rafael | None
Eileen | None
Sarahlouise | None
Seán | None
Eve | None
Cian | None
Paul | None
Dean | None
Michael | None
Christoph | None
Kieron | None
Ayss | None
Avetik | None
Annelies | None
Andreas | None
Bohotineanu | None
Alexandru | None
Orlando | None
Patrick | None
Ivan | None
Adam | None
Julissa | None
Maria | None
Kelly | None
Yeiner | None
Michael | None
Vince | None
Joshua | None
Beth | None
Nicole | None
Nina | None
Rolf | None
Averom | None
Ahnaf | None
Danny | None
Stephany | None
Safkat | None
Car | None
Min | None
Tony | None
Edith | None
Joanna | None
SreeNath | None
Daniela | None
Ardit | None
Cynthia | None
Julius | None
Shea | None
Melissa | None
Mathieu | None
George | None
Andy | None
George | None
Luke | None
Dillon | None
Louis | None
Federico | None
Nur | None
Vasile | None
Timo | None
Harry | None
Carl | None
Philo | None
Stephon | None
Brianna | None
Annie | None
Enrique | None
Susan | None
Lauren | None
Sherry | None
James | None
Melvyn | None
Jessica | None
Zda | None
John | None
Aliyah | None
Kathryn | None
Michelle | None
Victoria | None
Andrew | None
Lindsay | None
Sandi | None
Sue | None
Grace | None
Heisley | None
Karen | None
Lori | None
Amy | None
Katharine | None
Clark | None
Stacey | None
Charity | None
Kandice | None
Mickey | None
Rafael | None
Akia | None
Steve | None
Frank | None
Jacob | None
Ronald | None
Michelle | None
Jason | None
Natasha | None
Maura | None
Sara | None
Kellie | None
Emerald | None
Media | None
Christalle | None
Savannah | None
Kelsey | None
Daniele | None
Marc | None
Jim | None
Harrison | None
Bobby | None
Natalie | None
Tonia | None
Sheryl | None
Jodi | None
Lauren | None
Jana | None
Richard | None
Dale | None
Dawne | None
Linnea | None
Tray | None
Sarah | None
Harvey | None
Brandon | None
Sajeed | None
Matthew | None
Chris | None
Christina | None
Anna | None
Kathy | None
Vanessa | None
Jeff | None
Melissa | None
Evan | None
Lauren | None
Brandon | None
Brooke | None
Jamilyah | None
Stephanie | None
Kathy | None
Erin | None
Barry | None
Terie | None
Rob | None
Heather | None
Leah | None
Courtney | None
Abby | None
Rebecca | None
Mark | None
Jessica | None
Amina | None
Meg | None
Christine | None
Michelle | None
Alex | None
Holly | None
Meredith | None
Alexandra | None
Jieqi | None
Jessica | None
Victoria | None
Sam | None
Isabell | None
Bobby | None
Amy | None
Sania | None
Jonathan | None
Roosh | None
Jana | None
Sue | None
Emmanuel | None
Lourdes | None
Andrew | None
Sandi | None
Sarah | None
David | None
Grace | None
Mike | None
Craig | None
Harman | None
Jeff | None
Anna | None
Lindsay | None
Sue | None
Jessica | None
Tamara | None
Aimee | None
Jamie | None
Thynne | None
Brittany | None
Jodi | None
Hanna | None
Hadiyah | None
Arcy | None
Kathy | None
Paula | None
Alexis | None
Emily | None
Andrew | None
George | None
Sarah | None
Danijela | None
John | None
Anna | None
Gwendolyn | None
Kaitlyn | None
Lori | None
Savannah | None
Jenny | None
Alex | None
Scott | None
Shem | None
Cheyenne | None
Hanna | None
Enrique | None
Jenesis | None
Brittany | None
Meredith | None
Emily | None
Ryan | None
Jamie | None
Hanna | None
Tamara | None
Colton | None
Gregory | None
Allison | None
Musarat | None
Lisa | None
Carrie | None
Emily | None
Christina | None
Hailey | None
Alexandre | None
Jenny | None
Susan | None
Stacey | None
Tray | None
Michelle | None
Karen | None
Erin | None
Erin | None
Rhian | None
Hailey | None
Jessica | None
Brent | None
Brent | None
Jamie | None
Kyle | None
Rafael | None
Andrew | None
Brandon | None
Corey | None
Angela | None
Charlie | None
Patrick | None
Chris | None
Drew | None
Mike | None
Sarah | None
Edward | None
Mary | None
Gabrielle | None
Demetrius | None
Patricia | None
Joe | None
Chad | None
Mansi | None
Derrick | None
Stormy | None
Shaun | None
Ashley | None
Peterlens | None
Daniel | None
Taijee | None
Everett | None
Nick | None
Swati | None
Dana | None
Hugh | None
Vinolini | None
Maria | None
Gloria | None
Melba | None
Jason | None
Patrick | None
Kalli | None
Victoria | None
Maya | None
Mary | None
Abhilash | None
Don | None
Will | None
Pradeep | None
Shyam | None
Suresh | None
Avinash | None
Adam | None
Randy | None
Narsingha | None
Larry | None
Will | None
Don | None
Jaiwant | None
Mayur | None
Rohan | None
Vamsidhar | None
Joseph | None
Sharmila | None
Narendra | None
Tousif | None
Karan | None
Marla | None
Shirsendu | None
Larry | None
Jillian | None
rahul | None
Adam | None
Kishor | None
John | None
Declan | None
Meryl | None
Renee | None
Girish | None
Sienna | None
Tarcea | None
Karli | None
Jenna | None
Patrick | None
Marcus | None
Taylor | None
Kristine | None
Daniel | None
Bradley | None
Mihaela | None
Amy | None
Navid | None
Shweta | None
Mike | None
Carly | None
Teri | None
Delayna | None
Maphuti | None
Chesley | None
Caitlin | None
Leslie | None
Josep | None
Chris | None
Carl | None
Eilidh | None
Lynn | None
Shirley | None
Patrick | None
Brooke | None
Jeff | None
Robyn | None
Anna | None
Elyse | None
Anita | None
Anne | None
Kimberly | None
Sibongiseni | None
Will | None
Christina | None
Blake | None
Kiwani | None
Merwin | None
Rani | None
Joyce | None
Carrie | None
Rachel | None
Kevin | None
Jonathan | None
Michael | None
Kyler | None
Emily | None
Natalie | None
Folake | None
Amanda | None
Zandile | None
Heather | None
Ryan | None
Laura | None
Gina | None
Meredith | None
Iona | None
Anna | None
Mike | None
Allen | None
Kevin | None
Alex | None
Devin | None
Anne | None
Gema | None
Sarah | None
Mark | None
Ross | None
Ariela | None
Isioma | None
Jon | None
Judith | None
Emily | None
Dharani | None
Angus | None
Nikki | None
John | None
William | None
Davidson | None
Ian | None
John | None
Beth | None
Anne | None
Gina | None
Genevieve | None
Jessica | None
Erin | None
Crisel | None
Jason | None
Caitlin | None
Amanda | None
Rachel | None
Jen | None
Jim | None
John | None
Maggie | None
Mike | None
Rick | None
Danielle | None
James | None
Grace | None
Adrienne | None
Virginia | None
Renee | None
Deb | None
Kylie | None
Patrick | None
RaeAnn | None
Alan | None
Nicholas | None
Karisa | None
Elaine | None
Katie | None
Daniel | None
Joel | None
Isioma | None
Todd | None
T | None
Kaiya | None
Mel | None
Daniel | None
Kaiya | None
Daniel | None
Ethan | None
Virginia | None
Kimberly | None
Joseph | None
Amy | None
Caroline | None
Rie | None
Kevin | None
Julia | None
Sarah | None
Francesca | None
Amy | None
Margó | None
Daniel | None
Jessica | None
Keith | None
Matt | None
Dario | None
Zach | None
Maria | None
Matthew | None
Julius | None
Lauren | None
Rachel | None
Angela | None
Katasha | None
Kyle | None
Jim | None
India | None
Alexander | None
Kevin | None
Elizabeth | None
Patrick | None
Danne | None
Alec | None
GLORIA | None
Rachel | None
Nitin | None
Jeni | None
Lauren | None
Michael | None
Ryan | None
Kevin | None
Lillian | None
Katelyn | None
Javier | None
Sheharyar | None
Jeff | None
Jennifer | None
Braden | None
Nia | None
Jennifer | None
Nathaniel | None
Jordan | None
Steven | None
Nick | None
Dhananjay | None
Kimberly | None
Michael | None
Sara | None
Jacob | None
Jody | None
Heather | None
Hugh | None
Tina | None
Mary | None
Kamogelo | None
Isabella | None
Crina | None
Mona | None
Rachel | None
Lindsay | None
Kerry | None
Dominic | None
Chuck | None
Neo | None
Athena | None
Sara | None
Fresy | None
Thiago | None
Aline | None
Colleen | None
Joyce | None
Mel | None
Advait | None
Jake | None
Nicky | None
Phindile | None
Patrick | None
Rondalynn | None
Jackie | None
India | None
Marc | None
Sherry | None
Travis | None
Tim | None
Allison | None
Monique | None
Carrie | None
Emily | None
Carly | None
Amy | None
Charlie | None
Emily | None
Ben | None
Dijan | None
Anna | None
Jamie | None
Hannah | None
LaTrina | None
Jill | None
Jordan | None
Kristie | None
David | None
Rachel | None
Natalie | None
Rohit | None
Mark | None
John | None
Rob | None
Joe | None
Jennifer | None
Joanmarie | None
Joshua | None
Eric | None
Gus | None
Ally | None
Steve | None
Katie | None
Catherine | None
Laura | None
Brian | None
Travis | None
Kyla | None
Grace | None
Ilyssa | None
Chris | None
Jim | None
Mae | None
Megan | None
Dean | None
Aly | None
Shana | None
Pranali | None
Brian | None
Tamie | None
Jon | None
Rilea | None
Meagan | None
Maggie | None
Ashley | None
Josephine | None
James | None
Dan | None
Hannah | None
David | None
Caitlyn | None
Lauren | None
Colin | None
Ashley | None
Madison | None
Chris | None
Sebastien | None
Jay | None
Andrew | None
Joyia | None
Nicholas | None
Angela | None
Mike | None
Regina | None
Rebecca | None
Alex | None
Tegan | None
Joseph | None
Debra | None
Scott | None
Jamie | None
Elaine | None
Denyse | None
Joanna | None
Mayur | None
Alex | None
Amelia | None
Jay | None
Ted | None
Jason | None
Ashley | None
Karla | None
Inbal | None
Benjamin | None
Jim | None
Lisa | None
Larry | None
Amina | None
John | None
Susan | None
Clare | None
Luq | None
James | None
Thomas | None
Jennifer | None
Rochelle | None
Christine | None
Taylor | None
Allison | None
Melanie | None
Sam | None
Jyotiraditya | None
Rajiv | None
Abisha | None
Adesh | None
Jared | None
Jackson | None
Numa | None
Saurabh | None
Mahfooj | None
Rin | None
Manish | None
Rishi | None
Blessy | None
Sacha | None
Terry | None
Nancy | None
Nick | None
Michael | None
Kailee | None
Luke | None
Paul | None
Carlos | None
Brandon | None
Cameron | None
Christopher | None
Rosa | None
Alberto | None
Alexy | None
Evan | None
Allen | None
Cynthia | None
John | None
Brittany | None
Kenneth | None
Scott | None
Julia | None
Jonathan | None
Natalia | None
Michael | None
Brandon | None
Dave | None
Liz | None
Enzo | None
Haris | None
jeff | None
Iliyana | None
Mohamad | None
Kevin | None
Mohamad | None
Lynda | None
Jerry | None
Ava | None
Melissa | None
Francesca | None
DeShawn | None
J | None
Terry | None
Ali | None
Francesca | None
Susan | None
susan | None
Shamiso | None
Ian | None
J | None
Judi | None
Karen | None
Reilly | None
Davor | None
Nicole | None
Ryan | None
Amber | None
Ian | None
Amanda | None
Julie | None
Joanne | None
Lynda | None
Maisie | None
Jessica | None
J | None
maerhaba | None
Stephanie | None
John | None
Christina | None
Chris | None
Greg | None
Herman | None
Renee | None
Clerissa | None
Philip | None
Gangotree | None
John | None
John | None
Justin | None
Taylor | None
Jude | None
curtis | None
Mauricio | None
Abdul | None
Jared | None
Vedantsingh | None
Ron | None
Emmy | None
John | None
Michael | None
Cristian | None
Elise | None
Renato | None
Andy | None
Sara | None
Michael | None
Aidan | None
Aidan | None
Kevin | None
Amanda | None
Brendan | None
Marcus | None
Seth | None
Tyler | None
Khalil | None
Patrick | None
JC | None
Zander | None
Dylan | None
Adam | None
Dharmik | None
Brandon | None
George | None
Sam | None
Ousmane | None
Norma | None
Franklin | None
Darin | None
David | None
Francisco | None
Gracie | None
JT | None
Lindsay | None
Liz | None
Madeline | None
Mark | None
Mauricio | None
Madeline | None
John | None
Jacob | None
Matthew | None
Ed | None
Kasra | None
Salabat | None
Artur | None
Chelsea | None
Christina | None
Kaden | None
Matthew | None
Noah | None
Teri | None
Eron | None
Jake | None
Ren | None
Chris | None
Maren | None
Amber | None
Dan | None
Billy | None
Belsin | None
Madeleyne | None
Esmeralda | None
Manuel | None
David | None
Mildred | None
Olga | None
Ariel | None
Jessica | None
Jennifer | None
Nicole | None
James | None
Laurie | None
Marjon | None
Claudia | None
Zaza | None
Umair | None
Tracey | None
Tommi | None
Tony | None
Tessa | None
Svetlana | None
Steve | None
Steve | None
Stephanie | None
Stephanie | None
Sonia | None
Shawyn | None
Sharon | None
Jeneva | None
Rj | None
Pamela | None
Tonia | None
Ady | None
Aaron | None
Angela | None
Lee | None
Yuri | None
Bryan | None
La | None
Jessica | None
James | None
Judy | None
Candace | None
Nicole | None
Bill | None
Janet | None
Brian | None
Ardith | None
Anthony | None
Bradley | None
Andrew | None
Jeffrey | None
Morgan | None
Judy | None
Jennifer | None
Victoria | None
Stacey | None
Amanda | None
Maria-Li | None
Amanda | None
Lara | None
Keiley | None
Muriel | None
Sarah | None
Melissa | None
Colleen | None
Colin | None
Chris | None
Christa | None
Christine | None
Carlos | None
Candace | None
Caitlin | None
Briana | None
Brian | None
Bobby | None
Bob | None
Bill | None
Benjamin | None
Ayesha | None
Anum | None
Andrew | None
Andrea | None
Amy | None
Amanda | None
Amanda | None
Megan | None
Alexandra | None
Alesia | None
Crystal | None
Danielle | None
Dawn | None
Alyssa | None
Erin | None
Macy | None
Matthew | None
Maribeth | None
Mariah | None
Mallory | None
Lucas | None
Logan | None
Leslie | None
Kristiana | None
K | None
Keith | None
Kersten | None
Lauren | None
Justin | None
Erin | None
Kate | None
Ian | None
Jack | None
James | None
James | None
Gina | None
Jessie | None
Jessica | None
Jazmyne | None
Julia | None
Jamie | None
Dena | None
Kayla | None
Kendra | None
Alliana | None
Montana | None
Ryan | None
Tyler | None
Jeff | None
Jon | None
Eric | None
Scott | None
Andy | None
Jay | None
Hayden | None
Kira | None
Robin | None
Allison | None
Zach | None
Edward | None
James | None
Judy | None
Sara | None
Sarah | None
Aubrey | None
Nicholas | None
Drew | None
Tyler | None
Steven | None
Ryan | None
Rene | None
Gail | None
Jeremy | None
Dan | None
Andrea | None
Keith | None
Irene | None
Joseph | None
Lisa | None
Nour | None
Adrienne | None
Merrick | None
Winny | None
Latonya | None
George | None
Lisa | None
Justin | None
Richard | None
Jaela | None
Abiodun | None
Ted | None
Sapna | None
Shweta | None
Kenneth | None
Anthony | None
LaTonya | None
Clement | None
Davon | None
James | None
Winny | None
Kevin | None
Kelly | None
Ashley | None
Raida | None
Craig | None
Dia | None
Judy | None
Joy | None
Stephen | None
Madison | None
Brandy | None
Leanne | None
Crystal | None
Vangie | None
Neeraja | None
Susan | None
Michael | None
Jeremy | None
Winnes | None
Josh | None
Chris | None
Danny | None
Nicole | None
Bruce | None
Matthew | None
Kevin | None
Anthony | None
Wendy | None
Sean | None
David | None
Ally | None
Daniel | None
Jason | None
Ginni | None
Anna | None
Mia | None
Meg | None
Michael | None
Ashish | None
Hemal | None
Lana | None
Eric | None
Skyler | None
Virginia | None
Jijo | None
Hemal | None
Tim | None
Brian | None
David | None
Jijo | None
Eric | None
Terry | None
David | None
Mike | None
Mike | None
Thom | None
Lorrie | None
Lana | None
Terry | None
Hunter | None
Hemal | None
Tim | None
Virginia | None
Thomas | None
Jesse | None
Forrest | None
Rojjee | None
Bria | None
Rafi | None
Luis | None
Eric | None
Krista | None
Yusuf | None
Sharon | None
Ryan | None
Sung | None
Ed | None
MARK | None
Jaspreet | None
Eric | None
Julie | None
Andrea | None
Debbie | None
Elyse | None
Bill | None
Kevin | None
Jennifer | None
Abby | None
Tammi | None
Lori | None
Karen | None
Alvin | None
James | None
Mellisa | None
Jessica | None
Albert | None
Lane | None
Arlton | None
Jaime | None
David | None
Ivor | None
MARVIN | None
On | None
Kelly | None
Gina | None
Lisa | None
Marie-Ange | None
Todd | None
Lani | None
Rick | None
Joshua | None
Christine | None
Jane | None
Rafael | None
Mia | None
Vijay | None
Alvin | None
Lanae | None
Jesse | None
Kelsey | None
Lonnie | None
Ryan | None
Sarah | None
Michael | None
Lisa | None
Jennifer | None
darrick | None
darrick | None
Michael | None
Brittney | None
Brett | None
Dev | None
Heather | None
Dawn | None
Paul | None
Sean | None
Marie-Ange | None
John | None
Brent | None
Paul | None
Wendy | None
Rex | None
Rose | None
Robert | None
Meredith | None
Matthew | None
Jeremae | None
Portia | None
Belle | None
Portia | None
Amy | None
Amena | None
Samuel | None
Nicole | None
Andrew | None
Heidi | None
Dominic | None
Carlos | None
Vijay | None
Lanre | None
LaTasha | None
Illya | None
Dawn | None
Yanna | None
Jade | None
D’Anne | None
Sean | None
Manohar | None
Brandon | None
Saravanakumar | None
Rashmi | None
Harini | None
Nivedhaa | None
Abhishek | None
Roshan | None
Salman | None
Brandon | None
Gnana | None
Immanuel | None
Alishea | None
Joseph | None
Claire | None
Immanuel | None
Julie | None
Steffi | None
Carissa | None
Susan | None
Sethu | None
Deepika | None
Jenifer | None
Khyati | None
Loreen | None
Alonna | None
Ramon | None
Kavya | None
Mary | None
Mahalakshmi | None
Carole | None
Sabrina | None
Saravanan | None
Zack | None
Bobby | None
Antony | None
Mahalakshmi | None
Jennifer | None
Noella | None
Mahesh | None
Nivedhaa | None
Leonard | None
Jenny | None
Fulla | None
Melissa | None
Joe | None
Alister | None
Stephen | None
Jessica | None
Winnie | None
Chinna | None
Manisha | None
Jubin | None
Thao | None
Ma | None
Mary | None
Jessica | None
David | None
Mia | None
Ximena | None
Eslyn | None
Adam | None
Alicia | None
Vannessa | None
Alexa | None
Avaya | None
Algyne | None
Bryan | None
Brynn | None
Chadd | None
Zach | None
Kristine | None
Pete | None
ill | None
John | None
Tailer | None
Kelly | None
Jordan | None
Jonathan | None
Jessica | None
Jamie | None
Dale | None
Brenna | None
John | None
Haley | None
Christina | None
Chris | None
Jarod | None
Charon | None
Morgan | None
Megan | None
Laura | None
Lindsay | None
Kurt | None
Kyle | None
Kalin | None
Kiffini | None
Karisa | None
Jennifer | None
Jenna | None
Jeffrey | None
John | None
Jennifer | None
Jason | None
Katie | None
Erika | None
Dennis | None
Daniel | None
Diana | None
Christina | None
Cole | None
Craig | None
Chris | None
Lexi | None
Arelis | None
Erin | None
Jill | None
Jennifer | None
Jaime | None
Fred | None
Beth | None
Erica | None
Emily | None
Douglas | None
Dillon | None
Crystal | None
Conner | None
Chris | None
Camille | None
Brenna | None
Kara | None
Andrew | None
Marianne | None
Pierre | None
Peyton | None
Paul | None
Ricky | None
Sasha | None
Sabrina | None
Shellon | None
Shante | None
Sam | None
Terrance | None
Titishana | None
Tracy | None
Vianey | None
Monica | None
Kayla | None
Frank | None
Mariam | None
Kelli | None
Kelly | None
Kristen | None
Kristin | None
Lil | None
Matthew | None
Nina | None
Shawnee | None
Sarah | None
Valerie | None
Jaime | None
Leslie | None
Katie | None
Jakob | None
Shayna | None
Adam | None
Jon | None
Tom | None
Monica | None
Sean | None
Margaret | None
patrick | None
PM | None
Alexis | None
Samantha | None
Todd | None
angie | None
gabby | None
Andrei | None
Harnek | None
Jeanette | None
Keon | None
Alan | None
Javier | None
Messiah | None
Mital | None
Matthew | None
Shakila | None
Anita | None
Kanchan | None
David | None
Connie | None
Gurvir | None
Vishali | None
Jaskirat | None
Mary | None
Gaurang | None
Mike | None
Jeanie | None
Mike | None
Daniel | None
Marsha | None
Richard | None
Sarah | None
Kristen | None
Glauco | None
Angelo | None
shandra | None
Kayla | None
Dr. | None
Harvey | None
Marie | None
Kit | None
Sandra | None
Doris | None
Kimberly | None
Kathleen | None
Michael | None
Sherrell | None
Connor | None
Nik | None
John | None
Shelli | None
Madeline | None
Carley | None
Kirsten | None
Johan | None
Justina | None
Brent | None
Tatyana | None
Karen | None
Sarah | None
Gary | None
Marty | None
Cassie | None
Tamera | None
Madeline | None
Reagan | None
Ashten | None
Lydia | None
Noah | None
keerthi | None
Zoie | None
Ashley | None
Emily | None
Gabriella | None
Flavia | None
Rodolfo | None
Dannie | None
Jordan | None
Matthew | None
Weston | None
Dorothy | None
Amy | None
Elijah | None
Ashlyn | None
James | None
Rhonda | None
Jennifer | None
Shelli | None
Cassie | None
Brian | None
Sharon | None
LaDonna | None
Eric | None
Jim | None
Daneta | None
Jacob | None
Raghavendra | None
Rebekah | None
Bryan | None
Eddie | None
Richard | None
Debbie | None
Rich | None
Lee | None
Drew | None
Daneta | None
Deena | None
LaDonna | None
Gina | None
Nancy | None
John | None
Salina | None
Shelli | None
Duy | None
Jennifer | None
Deena | None
Sarah | None
Anthony | None
Phillip | None
Coby | None
Brian | None
Ralph | None
Gabriel | None
Christopher | None
Jim | None
Gabriella | None
Crystal | None
Drew | None
Brooke | None
Lee | None
Phillip | None
Anthony | None
Sharon | None
Cassie | None
Jim | None
Sixto | None
Chance | None
Crystal | None
James | None
Chuck | None
Jessica | None
Lisa | None
Kenneth | None
Lance | None
Rich | None
Gwynnie | None
Debbie | None
Matt | None
Mike | None
Dina | None
Duy | None
Donald | None
Alissa | None
Sherri | None
Phillip | None
james | None
Julia | None
Gary | None
Barry | None
Cassie | None
Lisa | None
Kirsten | None
Gina | None
Tamera | None
Dannie | None
Matthew | None
Major | None
Rebekah | None
Ashley | None
Vanessa | None
Lauren | None
Reagan | None
Madeline | None
Kyle | None
Morgan | None
Brooke | None
Jessica | None
Salina | None
Jenna | None
Gabriel | None
Sarah | None
Ryan | None
Allison | None
Ben | None
Gabriel | None
Zoie | None
Stacie | None
Catherine | None
Laura | None
Stacie | None
Kamron | None
Christopher | None
Lauren | None
Donald | None
Gregory | None
Lauren | None
Alex | None
Christine | None
Gregory | None
Karina | None
Donald | None
Alex | None
Alex | None
Lauren | None
Christopher | None
Christine | None
Gregory | None
Donald | None
Diana | None
Diana | None
Neil | None
Neil | None
Neil | None
Harry | None
Frazer | None
Faye | None
Indi | None
Daniel | None
Will | None
Max | None
Simon | None
Daniel | None
Billy | None
Tegan | None
Jack | None
Cameron | None
Ben | None
Dylan | None
Will | None
Irene | None
Harrison | None
Jason | None
Jason | None
Jodi | None
Hadleigh | None
Heath | None
Alison | None
Amiee | None
Crystal | None
Chesley | None
Annie | None
Luke | None
Ryan | None
Heather | None
James | None
Courtney | None
Kelly | None
Matthew | None
Mara | None
Benjamin | None
Zoe | None
Ryana | None
Olivia | None
Kimberly | None
Marshal | None
Kevin | None
Jeffrie | None
Rebecca | None
Rose | None
Marie | None
Meredith | None
McKenzie | None
Victor | None
Camey | None
Nicole | None
Máire | None
Kevin | None
Kevin | None
Kevin | None
Cameron | None
Kelly | None
Justin | None
Julia | None
Jefferson | None
Jack | None
Evan | None
Maria | None
Evan | None
Erica | None
Elizabeth | None
Eleni | None
Eddie | None
Dayna | None
David | None
Christina | None
Boris | None
Bill | None
Ben | None
Ariana | None
Ethan | None
Mark | None
Erica | None
Mike | None
Sarah | None
Stephanie | None
Tiana | None
Vince | None
Jim | None
Hannah | None
Alexis | None
Mallori | None
Marc | None
Lauren | None
Alejandra | None
Brooke | None
Madison | None
Jason | None
Daniel | None
Aastha | None
Mayam | None
Ryan | None
Sara | None
Russell | None
Ryan | None
Rich | None
Omar | None
Mike | None
Alexandria | None
Dheeraj | None
Dwayne | None
Omkar | None
Erika | None
Thomas | None
Ramona | None
Bob | None
Alex | None
Willy | None
James | None
Timothy | None
Jafer | None
Juan | None
Jason | None
Brenda | None
Jithu | None
Art | None
Etukakpan | None
Krystal | None
Nick | None
Daniel | None
Farhan | None
Andrew | None
Corey | None
Oliga | None
Jonathon | None
Justin | None
Glen | None
Joe | None
Leonard | None
Dana | None
John | None
Don | None
Carlton | None
Seth | None
Lori | None
Jonathan | None
Ekaterini | None
Clinton | None
Michael | None
Derek | None
Sandra | None
Tony | None
Abeselom | None
Lisa | None
Kenneth | None
Eric | None
Jalen | None
Darrell | None
Nobel | None
Reynalda | None
Ken | None
Matt | None
Michael | None
Ted | None
Bernard | None
Jon | None
Anne | None
Dante | None
Gary | None
Monika | None
Dargbason | None
Ryan | None
Naveed | None
Zachary | None
Ruth | None
Dinesh | None
Tiani | None
Richard | None
Igor | None
Adam | None
Oluwadamilare | None
Darryl | None
Sean | None
Jon | None
Dave | None
Antonia | None
René | None
Benny | None
Sulaiman | None
Lydse | None
candice | None
brennan | None
bianca | None
andrea | None
Devon | None
alex | None
aaron | None
cindy | None
amélia | None
elliot | None
emily | None
erin | None
francesca | None
kaylin | None
khala | None
leonna | None
marisa | None
natasha | None
nissia | None
shannon | None
Daniel | None
elliott | None
Denis | None
deborah | None
Irene | None
Liz | None
Vincent | None
Thomas | None
Sherrie | None
Robby | None
Rashmi | None
Pirlo | None
Michael | None
Matthew | None
Mark | None
Ashley | None
Logan | None
Jason | None
Jeevan | None
Jennifer | None
Jesenia | None
Denny | None
Kevin | None
Kyle | None
Laurel | None
John | None
Kyle | None
Kevin | None
Brent | None
Caley | None
Laura | None
Lisa | None
Mandee | None
Andreas | None
David | None
Marlo | None
Julian | None
Robert | None
James | None
Lika | None
Mariah | None
Bala | None
Rob | None
Melvin | None
John | None
Bryan | None
Bryan | None
Sovanna | None
Melvin | None
Isla | None
Yelena | None
Lisa | None
Montana | None
Jose | None
Caitlyn | None
Mariah | None
Yelena | None
Bryan | None
Lika | None
Lisa | None
Cynthia | None
Rob | None
Christian | None
Montana | None
Bala | None
Gregory | None
Jacqueline | None
Jacqueline | None
Lika | None
Bryant | None
Julie | None
Ernest | None
Paul | None
Robin | None
Suraiea | None
Matthew | None
Bruce | None
Dan | None
Aicha | None
Scott | None
Dan | None
Jordan | None
Robert | None
Melanie | None
Jeff | None
Kelli | None
Matthew | None
Mike | None
Dana | None
Allie | None
Max | None
Jeff | None
Amy | None
Julie | None
Jon | None
Kelly | None
Peyton | None
Harrison | None
Pierina | None
Stephanie | None
Shelley | None
Justin | None
Martin | None
John | None
Gregory | None
Mike | None
Tony | None
Shilpa | None
Ernesto | None
Sofia | None
Jane | None
Jiya | None
Lulu | None
Angela | None
Victoria | None
Steven | None
Lexi | None
LaKisha | None
Javier | None
Stephanie | None
Lacey | None
Chelsea | None
Robert | None
Cynthia | None
Danielle | None
Steven | None
John | None
Steve | None
Louis | None
Dorothy | None
Lauren | None
Clay | None
Richard | None
Stanley | None
Charles | None
Monique | None
Ron | None
Mark | None
Robert | None
Mark | None
Kayla | None
Savannah | None
Stacy | None
Cassidy | None
Martin | None
Brandy | None
Abby | None
Pierina | None
Anne | None
Grant | None
Tasha | None
Lindsey | None
Anne | None
Harrison | None
Ben | None
Austin | None
John | None
Deb | None
Jennifer | None
Linda | None
Savannah | None
Ashley | None
Sapna | None
Diana | None
Mark | None
Raja | None
Magdalena | None
Svetlana | None
Christine | None
Marti | None
Hang | None
Hassan | None
Ben | None
Phyllis | None
Lauren | None
Justin | None
Kristin | None
Lauren | None
Jordyn | None
Grant | None
Todd | None
Cody | None
Brittany | None
Peyton | None
Lauren | None
Julie | None
Chad | None
Jon | None
Brian | None
Adriana | None
Rudy | None
Kristin | None
Brian | None
Anne | None
Jennifer | None
Grant | None
Kevin | None
Abby | None
Lauren | None
Adriana | None
Jeff | None
Austin | None
Todd | None
Brittany | None
Stacey | None
Gracie | None
Alyssa | None
Stacey | None
Amy | None
Stephanie | None
Tasha | None
Kelly | None
Lindsey | None
Elizabeth | None
Andrew | None
Manan | None
Lauren | None
Brandy | None
Vincent | None
Danny | None
Grant | None
Abigail | None
Charles | None
Ryan | None
Lauren | None
Taylor | None
Troy | None
Jennifer | None
Grant | None
Abby | None
Abigail | None
Stephanie | None
Nanci | None
Stephanie | None
Kristin | None
Troy | None
Jeff | None
Gracie | None
Alyssa | None
Tasnim | None
Nanci | None
Austin | None
Sami | None
Tom | None
Monica | None
Zack | None
Tim | None
Robert | None
Tricia | None
Jennifer | None
Shelby | None
Steven | None
Sean | None
Vidalia | None
Sheryl | None
Chandra | None
Donna | None
Greetings | None
Allie | None
Wade | None
James | None
Charlie | None
Rohan | None
Nathan | None
Martina | None
Carlo | None
Rick | None
Sunil | None
Clare | None
Maweja | None
Adam | None
Fleur | None
Alessia | None
Max | None
Mohamed | None
Candy | None
Dave | None
Oliver | None
Francesca | None
Drew | None
Tim | None
Clarissa | None
Stewart | None
Chris | None
Rosie | None
Bella | None
Isabella | None
Hannah | None
Tatyana | None
Becky | None
Sophie | None
Dan | None
Jon | None
Leontina | None
Tyler | None
Robert | None
Nina | None
Evgeny | None
Sarah | None
Julian | None
Pauline | None
Sunil | None
Jayne | None
Annabel | None
Christopher | None
Christopher | None
Mary | None
Sebastian | None
Stewart | None
Gabriel | None
Sam | None
Jonathan | None
Ivan | None
Jonathan | None
Kait | None
Alec | None
Kady | None
Alyssa | None
Brian | None
Stephanie | None
Nicholas | None
Jonathan | None
Hayden | None
Zach | None
Lauren | None
Jason | None
Ben | None
Jenna | None
Brooke | None
Jaclyne | None
Julissa | None
Haley | None
Rosie | None
Patrick | None
Kyle | None
Amandine | None
Stijn | None
Valerie | None
Joshua | None
Amelia | None
Ken | None
Declan | None
Jackie | None
Josie | None
Adam | None
Mark | None
Tom | None
Giulia | None
Kirsty | None
Nicole | None
Marcus | None
Liam | None
Cameron | None
Rainbow | None
Simone | None
Mamoon | None
Romy | None
Luke | None
Nicholas | None
Peggy | None
Candia | None
Joseph | None
Jorrit | None
Jarrett | None
Jocianne | None
Sean | None
Nick | None
Cosimo | None
Lauren | None
Shane | None
Kodie | None
JJ | None
Rosie | None
Haley | None
Cem | None
Chris | None
Garrett | None
Raman | None
Zach | None
Nicole | None
Malissa | None
William | None
Kaylash | None
James | None
Arielle | None
Hannah | None
Matthew | None
Abby | None
Jessie | None
Dyllan | None
Caroline | None
Neil | None
Yojana | None
Cameron | None
Bethanie | None
Lucia | None
Taelor | None
Nicholas | None
Mia | None
Luke | None
Jonathan | None
Delphine | None
Blair | None
Connor | None
Pauline | None
Mary | None
Ruth | None
Ryan | None
Alex | None
Lancei | None
David | None
Joe | None
Alex | None
Chloe | None
Alyesha | None
Emily | None
Alice | None
Kat | None
James | None
Pim | None
Tom | None
Hannah | None
Jessica | None
Josie | None
Robert | None
Rebecca | None
Nicholas | None
McKenna | None
Katarina | None
Jude | None
Jared | None
Emma | None
William | None
Mark | None
Bogdan | None
Connie | None
Brian | None
Devin | None
Jason | None
Kweku | None
MUJEN | None
Gloria | None
Chad | None
Chris | None
Eddie | None
Lisa | None
Sam | None
Madison | None
Romisha | None
Kevin | None
Erin | None
Chris | None
Hunt | None
Mary | None
Ariana | None
Melissa | None
Brian | None
Jessica | None
Catie | None
Dorothy | None
Kayla | None
Katherine | None
Ralo | None
Tori | None
Matthew | None
Dana | None
Christina | None
Porsha | None
Kendra | None
Liz | None
Matthew | None
Eric | None
Corey | None
Gardenia | None
Adriene | None
Aurelio | None
Jenna | None
Lauren | None
Robert | None
Neema | None
Kim | None
Chris | None
Korben | None
Amy | None
Bill | None
Kristen | None
Erin | None
Yakov | None
Jeff | None
Vlad | None
Robert | None
Katie | None
Caroline | None
Dariyus | None
Jim | None
Kiera | None
Laura | None
Lauren | None
Jose | None
Nicola | None
Alex | None
William | None
Lizzie | None
Rachel | None
Danielle | None
Kiley | None
Matthew | None
Jesse | None
Andrei | None
Therese | None
Shereen | None
Gabe | None
Melissa | None
Christine | None
Karin | None
Adina | None
Ben | None
Mariya | None
Charles | None
Grant | None
Rob | None
Janette | None
Heiyab | None
Anthony | None
Rick | None
Alex | None
John | None
Julius | None
Nicolas | None
Nick | None
Finian | None
Leta | None
Sarah | None
Garett | None
Christopher | None
Nate | None
Paige | None
Kate | None
Kevin | None
Michael | None
Valentina | None
Rosalind | None
Matthew | None
Timothy | None
Ken | None
Peter | None
Daniel | None
Tim | None
Holly | None
Nicholas | None
Pablo | None
Aaron | None
Daniel | None
Ilina | None
Tom | None
Michael | None
Brendan | None
Chuck | None
Brian | None
Doug | None
Jackson | None
Julia | None
Ashish | None
Peter | None
Ashish | None
Andrew | None
Eugene | None
Mykola | None
Nikhil | None
Carlos | None
Alec | None
John | None
Ryan | None
Cameron | None
Rob | None
Dylan | None
Sarah | None
Kathleen | None
Chris | None
Grace | None
Justin | None
Brian | None
Jason | None
Stephanie | None
Craig | None
Ian | None
Erick | None
Apurva | None
Vanda | None
Terry | None
Tushar | None
Charlotte | None
Michelle | None
Eric | None
Rachel | None
Grace | None
Melissa | None
Sherry | None
Betsy | None
Danielle | None
Robert | None
Stephanie | None
Kent | None
Adam | None
Holly | None
Claire | None
John | None
Amrik | None
Douglas | None
Stephen | None
Paul | None
Myra | None
Shirin | None
Lubasha | None
Brad | None
Michelle | None
Riaan | None
Salman | None
Sujin | None
Bill | None
Shivani | None
Minjal | None
Minh | None
Andy | None
Chris | None
Bruce | None
Tommy | None
Adam | None
Eleanny | None
Emma | None
Pamela | None
Kriti | None
Terrence | None
Eunbin | None
Rohith | None
Kathryn | None
John | None
Hugo | None
Mariya | None
Ed | None
Annika | None
Mike | None
Jay | None
August | None
Birgit | None
Jacqueline | None
Josh | None
David | None
Dominique | None
Hilarye | None
Savon | None
David | None
Curtis | None
Scott | None
Alex | None
Jill | None
Bruce | None
Santiago | None
Chad | None
Jennifer | None
Lisa | None
Nick | None
David | None
Mat | None
Gabriel | None
Dustin | None
Christian | None
David | None
Jack | None
Pranav | None
Patrick | None
Natalia | None
Alexandra | None
Jennifer | None
Steven | None
Jennifer | None
Noa | None
Laura | None
Adalyn | None
Pearl | None
Tiffany | None
Kaylin | None
caroline | None
Douglas | None
Katherine | None
Stacey | None
sarah | None
Douglas | None
beckey | None
Jen | None
Alexandria | None
Erin | None
Alyssa | None
Renee | None
Matt | None
Caitlan | None
Nicholas | None
Angelica | None
Anand | None
Angelica | None
Darrin | None
Alyssia | None
Allison | None
Mike | None
Maggie | None
Meg | None
Julia | None
Alyssa | None
Allie | None
Karsen | None
Rob | None
Hallie | None
Jedidiah | None
Anderson | None
Paige | None
Rachael | None
Diane | None
Kyle | None
Julia | None
Sydni | None
Jhimwel | None
Giselle | None
Marife | None
nick | None
Jessica | None
Joe | None
Roberta | None
Michael | None
Ajay | None
Ajay | None
Alex | None
jessica | None
Trevor | None
Nate | None
Bonnie | None
Pam | None
David | None
William | None
David | None
Samuel | None
Samuel | None
Donna | None
Laura | None
Casey | None
Kyle | None
James | None
Todd | None
Patricia | None
Corey | None
David | None
John | None
Phil | None
Bob | None
Rob | None
Colby | None
Melissa | None
Thomas | None
Jennie | None
Luccas | None
Helen | None
Desiree | None
Ed | None
Tara | None
Stephanie | None
Courtney | None
Paul | None
Andrew | None
Frank | None
Sherry | None
Matthew | None
Alice | None
Timothy | None
Lorie | None
James | None
Mark | None
Denise | None
Behn | None
Jim | None
Jola | None
William | None
Donny | None
Kenneth | None
Robert | None
Levi | None
Christy | None
Frank | None
Ashley | None
Katie | None
Nathan | None
Jaipal | None
Kenneth | None
John | None
Christine | None
Timothy | None
Bill | None
Tara | None
Ashley | None
Christy | None
Phil | None
Colby | None
Helen | None
Desiree | None
Jessica | None
Jocelyn | None
Maureen | None
Erica | None
Ryan | None
Stacey | None
Michael | None
Stacy | None
Karlee | None
Brooke | None
Celeste | None
Tim | None
Maureen | None
Will | None
Shannon | None
Alice | None
Karlee | None
Kevin | None
Kenneth | None
Bryan | None
Regina | None
Matthew | None
JOLA | None
Katie | None
Courtney | None
Mark | None
Kerry | None
Todd | None
Melissa | None
Kate | None
Srilekha | None
Nitashu | None
Andre | None
Lauren | None
Chris | None
Aubrey | None
Michael | None
Kat | None
Zach | None
Elisha | None
Kira | None
Dustin | None
Andrew | None
Jose | None
Bryce | None
Joshua | None
Flor | None
Jennifer | None
Jessica | None
Kathy | None
Laura | None
Lidia | None
Mallory | None
Maria | None
Mindy | None
Monica | None
Laura | None
Eliana | None
Cinthia | None
Diego | None
Ashley | None
Patti | None
Cecie | None
Yajaira | None
joy | None
Jorge | None
Jocelyn | None
Joana | None
Jailyn | None
Itzia | None
Isabel | None
Donna | None
Sandra | None
B | None
Ruby | None
Mike | None
Kara | None
Zach | None
Milton | None
Syed | None
Lejla | None
Min | None
Bridget | None
Thabrez | None
Ricardo | None
Jeff | None
Kellie | None
Ben | None
Stephen | None
Sally | None
Michael | None
Taylor | None
Mackenzie | None
Kyle | None
Rachel | None
Joyce | None
Supriya | None
Tom | None
Hannah | None
Asiel | None
Carolyn | None
Michael | None
Luke | None
Jeremiah | None
Tanya | None
Cameron | None
Kelly | None
Christopher | None
Hunter | None
Sydney | None
Lauren | None
David | None
Dennis | None
Lisa | None
Joe | None
Scott | None
Brian | None
Ernie | None
Hannah | None
Anne | None
Jami | None
Cammie | None
Nicholas | None
Jen | None
Neil | None
Kaitlin | None
Cassidy | None
Analisa | None
Kevin | None
Myohan | None
Jeanne | None
Elaina | None
Ben | None
Matt | None
Sean | None
Hannah | None
Jordan | None
Angela | None
Lindsay | None
Colleen | None
Marissa | None
Kristi | None
Jennifer | None
Matthew | None
Collin | None
Allison | None
Katie | None
Vicki | None
Temi | None
Kathryn | None
Candice | None
Caitlin | None
Jeff | None
Kerri | None
Mike | None
Que | None
Miles | None
Lakia | None
Shae | None
Beatrice | None
Hannah | None
LaKeah | None
Cynthia | None
Wade | None
Richard | None
Shannon | None
Alex | None
Kelsey | None
Valerie | None
Natalie | None
Rachael | None
Callie | None
Jordan | None
Molly | None
Lisa | None
Robin | None
Christine | None
Vickie | None
Tierra | None
Cheri | None
Pete | None
Amirah | None
Barbara | None
Kirsten | None
Shar | None
Angie | None
Jenny | None
Rita | None
Rebecca | None
Carolyn | None
Dawn | None
Kristy | None
Julie | None
Shannon | None
Anthony | None
Claire | None
Anne | None
Courtney | None
Monique | None
Sarah | None
Eric | None
Will | None
Jo | None
Colleen | None
Mason | None
Ashley | None
Robert | None
Evan | None
Meagan | None
Brian | None
Gurpreet | None
Danielle | None
Phoebe | None
Sarah | None
Judith | None
Austin | None
Jennifer | None
Kara | None
Tara | None
Dennis | None
Kristen | None
Heather | None
Jorden | None
Sandra | None
Chelci | None
Tracy | None
Jennifer | None
Chris | None
Zoë | None
Susan | None
Robin | None
Bridget | None
Shawn | None
Alana | None
Allison | None
Colleen | None
David | None
Jade | None
Jaime | None
Gina | None
Joan | None
Daniel | None
Sierra | None
Brooke | None
Raquel | None
Cassandra | None
Vanessa | None
Brian | None
Ashley | None
Sergio | None
Emily | None
Marla | None
Julie | None
Heather | None
Michele | None
Vincent | None
Kelli | None
Stacey | None
Jonathan | None
Justin | None
Beth | None
Travis | None
Coreene | None
Deni | None
Stephanie | None
Chad | None
Carter | None
Chelsey | None
Corinna | None
Alex | None
Mason | None
Michael | None
Anna | None
Kayla | None
Corinne | None
Harry | None
Danielle | None
Jeff | None
Kirsten | None
Meredith | None
Natiaha | None
Eric | None
Jennifer | None
Tania | None
Kate | None
Ansley | None
Diana | None
Lydia | None
Jessica | None
Richard | None
Brooke | None
Tatum | None
Walker | None
Cooper | None
Tyler | None
Richard | None
Morgan | None
Mason | None
Diana | None
Madeline | None
Ognjen | None
Danielle | None
Ace | None
Michael | None
Abigale | None
Henry | None
Kate | None
Lauren | None
Landon | None
Sydney | None
Andrew | None
Samantha | None
Angelica | None
Ronny | None
Alaina | None
Abby | None
Ashley | None
Bekah | None
Bradley | None
Camila | None
Clara | None
Courtney | None
Dan | None
Dani | None
Danny | None
Emily | None
Ryan | None
Eric | None
Hope | None
Jamie | None
Jamie | None
Jansen | None
Jason | None
Kaley | None
Kyra | None
Lea | None
Lenny | None
Logan | None
Mason | None
RayJ | None
Frank | None
Sydney | None
Richard | None
Latesha | None
Chuck | None
Emily | None
Grace | None
Jeremy | None
Katelyn | None
Tyler | None
Brooke | None
Acea | None
Morgan | None
Grace | None
Bruce | None
Tyquan | None
Karma | None
Brianna | None
Tyler | None
saikiran.ta | None
Anirudh.Reddy | None
Brandon | None
Jamie | None
Dan | None
Jan | None
Kymberli | None
Jennifer | None
Madison | None
Andrea | None
Heather | None
Vlad | None
Jennifer | None
Heather | None
Madison | None
Jan | None
Patty | None
Terrill | None
Tarun | None
Jeremey | None
Madi | None
Christina | None
Vlad | None
Paul | None
Dan | None
Jan | None
JoAnn | None
Thierry | None
Bob | None
Chris | None
Carrie | None
Fran | None
Monika | None
Matt | None
CJ | None
Mike | None
Trevor | None
Jeremy | None
Ginny | None
Berenice | None
Rochelle | None
Madison | None
Claudia | None
Karina | None
Sydney | None
Stephen | None
Giovanna | None
Brittany | None
Tom | None
Rebecca | None
tyler | None
Angela | None
Jarod | None
Angela | None
Sydney | None
Kaina | None
Colin | None
Katie | None
Stephen | None
brittany | None
Giovanna | None
Demetrius | None
Tyler | None
Jonathan | None
Anthony | None
Clay | None
John | None
Pete | None
George | None
Derek | None
Anne | None
Michael | None
James | None
Akbar | None
Monika | None
Ishaan | None
Hans | None
Stewart | None
Monu | None
Mohamed | None
Nani | None
Tom | None
Tammy | None
Joe | None
CSC | None
Shirley | None
Samira | None
Jim | None
Ann | None
Bill | None
Juan | None
Dennis | None
Kevin | None
Jason | None
Betty | None
Cynthia | None
Ashley | None
Raveena | None
Haydi | None
Kelly | None
Rhonda | None
Michelle | None
Crystal | None
Irma | None
Mac | None
Russ | None
Steve | None
Janet | None
Lynette | None
Mary | None
william | None
tyana | None
tara | None
stephanie | None
nicole | None
shanmuga | None
shane | None
kerri | None
kirsten | None
lisa | None
lorrie | None
maria | None
mathew | None
randi | None
pj | None
melissa | None
Christian | None
keon | None
Max | None
Michael | None
Amanda | None
Matthew | None
Dustin | None
Daysi | None
Jack | None
Josh | None
Rohit | None
aerica | None
allyson | None
aniah | None
anne | None
bryan | None
carolyn | None
catherine | None
christopher | None
david | None
debra | None
emalina | None
emily | None
harrison | None
jim | None
joanie | None
jocelyn | None
kalaiselvi | None
kara | None
Dan | None
brandon | None
jorginio | None
Richard | None
Evan | None
Doug | None
Daniel | None
Dan | None
Dan | None
Burton | None
Brigid | None
Betsy | None
Ayla | None
Anna | None
Ali | None
Alexis | None
Adesola | None
Greg | None
Aaron | None
Gail | None
Kimberly | None
Randi | None
Melissa | None
Christopher | None
Megan | None
Orris | None
Ken | None
Mistie | None
DeShawn | None
Michael | None
Scott | None
PJ | None
maria | None
Hannah | None
Jan | None
Jessica | None
Zaynah | None
Mark | None
Madeline | None
Monica | None
Kellie | None
Carl | None
Ashley | None
Andre | None
Vanessa | None
Sarah | None
Sara | None
Rudi | None
RJ | None
Rachelle | None
Phillip | None
Pamela | None
nancy | None
nancy | None
Micheal | None
Michael | None
Melisa | None
Maly | None
Lisa | None
Lauren | None
Kristina | None
Kirstie | None
Karyna | None
Kara | None
Julie | None
Tara | None
Stefanie | None
Elaine | None
Mathew | None
Ashley | None
Ashley | None
Christopher | None
Megan | None
Michael | None
Melissa | None
Orris | None
David | None
Amanda | None
PJ | None
Ken | None
Mistie | None
Katie | None
Allyson | None
DeShawn | None
Dan | None
Michael | None
Harrison | None
Scott | None
PJ | None
Carolyn | None
Tara | None
Nicole | None
Brandon | None
Aniah | None
Matt | None
Tara | None
Mathew | None
William | None
Christen | None
Craig | None
Catherine | None
Gretchen | None
Daejon | None
Allyson | None
Bridget | None
Sathish | None
Praveen | None
Keenen | None
Lasha | None
Cameron | None
Jason | None
Tom | None
Randi | None
Kristin | None
Andy | None
Anne | None
Jessica | None
Katie | None
Jack | None
Jeremy | None
Jessica | None
Catherine | None
Kenny | None
Lacey | None
Lauren | None
Josh | None
Romica | None
Wendy | None
Brandon | None
Kate | None
Lauren | None
Maria | None
Neeraj | None
Josh | None
Thomas | None
Thomas | None
Scott | None
Lou | None
Rachel | None
Michael | None
Kevin | None
Rosanna | None
jeremy | None
Jason | None
Gregory | None
Greetings | None
Greetings | None
Amanda | None
Julie | None
Rachael | None
Rick | None
Ronnie | None
Serge | None
Slava | None
Susan | None
Vlad | None
Peter | None
Erick | None
Jane | None
Slava | None
Oleg | None
Rich | None
Maryna | None
Michael | None
Alexia | None
George | None
Igor | None
Gene | None
John | None
Justin | None
Lidiane | None
Maria | None
Jane | None
Isaac | None
Lisa | None
Genesis | None
Meghan | None
Scott | None
Tori | None
Michael | None
Orla | None
William | None
Brian | None
Ellie | None
Imants | None
John | None
Jorge | None
Riya | None
Iva | None
Peter | None
Darrin | None
Raul | None
Cameron | None
Michael | None
Cassidy | None
Paul | None
Matthew | None
Mark | None
Amy | None
Candice | None
Dylan | None
Dominic | None
Jenny | None
Andrea | None
Sevan | None
Prema | None
Connor | None
Jennifer | None
Tracey | None
Shannon | None
Sri | None
Kevin | None
Michele | None
Enriqueta | None
NagaRaj | None
Kayti | None
Fabiola | None
Natalie | None
Sarah | None
Derek | None
Devin | None
Tom | None
Kaylyn | None
Litsa | None
André | None
Nivedha | None
Elena | None
Jason | None
Kelly | None
Marian | None
Lalitha | None
Shamika | None
Dawn | None
Trisha Michael | None
Renee | None
Brittney | None
Rowan | None
Tami | None
Michele | None
Shannon | None
Melinda | None
Laura | None
James | None
Amy | None
Crystal | None
Tim | None
Deniella | None
John | None
Krystal | None
Lauren | None
Mahanta | None
Raby | None
sean | None
Taylor | None
Noor | None
Brad | None
Amy | None
Jessica | None
Ehsan | None
Megan | None
Marty | None
Noor | None
Bridgett | None
Jaswanth | None
William | None
Shannon | None
Scott | None
Ronia | None
Tracey H. | None
Carole Lokuta | None
Linnae Archambault | None
Brandon Woodard | None
Megan | None
Alvin Thomas Endaya | None
Mike | None
SJ | None
Noor Sabhan | None
Stephanie Rice | None
Curtis | None
Don | None
Jeff Ellingsworth | None
Lupita | None
Brittany | None
Jan | None
Davida | None
Laura | None
Neex | None
Matt | None
Anil | None
Dmitry | None
Nathan | None
Beverly | None
Moussa | None
Edward | None
Harold | None
Stephen | None
Kathy | None
David | None
Jenn | None
Meghan | None
Sharon | None
Manish | None
Tejmohan | None
Gabriel | None
Adam | None
Glenn | None
David | None
Nieshia | None
Jessica | None
Kyle | None
Madhuri | None
Jason | None
Arthur | None
Raghunandan | None
Wajeeha | None
Theresa | None
Dennis | None
Peter | None
Willie | None
Vivek | None
Kiran | None
Thomas | None
Joshua | None
Daniel | None
Jake | None
Steven | None
Bari | None
Ricardo | None
Douglas | None
Jason | None
Stephen | None
Jenn | None
Lindsay | None
Kathy | None
Larry | None
Isaac | None
Lauren | None
Richard | None
Logan | None
Mario | None
Steven | None
Khalid | None
Nevin | None
Vitaly | None
Debbie | None
Andrea | None
Justin | None
Arnardo | None
Jay | None
Brian | None
Zaigum | None
Nancy | None
Elijah | None
Sally | None
Mayra | None
Minda | None
Rafael | None
Jon | None
Josh | None
Kevin | None
Maria | None
Matt | None
Maureen | None
Monica | None
Nick | None
Nikhil | None
Paul | None
Pratik | None
Robert | None
Robert | None
Sam | None
Sean | None
Srutha | None
Brad | None
Stephen | None
Jared | None
Daniel | None
Lyndsay | None
Kiran | None
Jesslyn | None
Lauren | None
Matt | None
Kero | None
Zachary | None
Suri | None
Steven | None
Steven | None
Philip | None
Kealan | None
Hanna | None
Eddie | None
Ryan | None
Edal | None
Fred | None
Uday | None
Juno | None
Rajan | None
Lokesh | None
Mason | None
Maddie | None
Anna | None
Michael | None
Shannon | None
Decelestino | None
Linda | None
bobby | None
brad | None
edal | None
Dylan | None
D.J. | None
Chris | None
Benjamin | None
Alanna | None
Afroja | None
Edz | None
Chase | None
Adam | None
nick | None
Kiran | None
kim | None
kerrie | None
greg | None
Abi | None
D.J. | None
lisa | None
Gabrielle | None
Heather | None
Mona | None
Joe | None
Archie | None
Larry | None
Suri | None
Edal | None
Mark | None
Steven | None
Stephen | None
Siddharth | None
Rohit | None
Rahul | None
Pavan | None
Nrupa | None
Manjusha | None
Jay | None
Arun | None
Arpita | None
Craig | None
Tim | None
Lauren | None
Gabrielle | None
Gergina | None
Joseph | None
Bethany | None
Leena | None
S | None
Jessica | None
Vigeeth | None
Andrew | None
Daniel | None
Nikita | None
Kathryn | None
manggala | None
Jennifer | None
Afroja | None
lisa | None
Adam | None
Rachel | None
Stephen | None
Alexander | None
Tatiana | None
Jake | None
Daniel | None
Angelo | None
Ajay | None
Merlina | None
Kiran | None
Lance | None
Lauren | None
Rachel | None
Ricardo | None
Eli | None
Vigeeth | None
Evan | None
Mohd | None
Akshat | None
Minda | None
Philip | None
Ho | None
Jonas | None
Justin | None
Danielle | None
Alexandra | None
Virginia | None
Dana | None
Kyle | None
Omar | None
Christopher | None
Jennifer | None
John | None
Melvin | None
Nick | None
Andi | None
Jesse | None
Dumitru | None
Evan | None
Kevin | None
Andrew | None
Lee | None
Jonathon | None
Sebastian | None
Leena | None
Angelina | None
Jack | None
Robert | None
Jon | None
Carlos | None
Michael | None
Shannon | None
Lindsay | None
Lyndsey | None
Jaclyn | None
David | None
Brandon | None
Diane | None
Alanna | None
Michael | None
Pam | None
Matthew | None
Jamie | None
Josh | None
Heather | None
Ian | None
Kealan | None
Ryan | None
Paul | None
Rick | None
Steve | None
Robert | None
Jake | None
Judy | None
Albert | None
Brenda | None
Kero | None
Kevin | None
Steven | None
Rachel | None
Robert | None
Matt | None
Daniel | None
Ajay | None
Stephen | None
Glenn | None
Paul | None
Thapelo | None
Lee | None
Tauseef | None
Peter | None
Kevin | None
Andrea | None
Kevin | None
Albert | None
Angelina | None
Judy | None
Jake | None
Sally | None
L | None
Dana | None
Arun | None
Angelo | None
Joshua | None
Matthew | None
Tim | None
Bari | None
Lisa | None
Douglas | None
Logan | None
Sumi | None
Justin | None
Mario | None
Jay | None
Virginia | None
Dan | None
Brian | None
Joseph | None
John | None
Lauren | None
Jaclyn | None
Justin | None
Nicollette | None
Terry | None
Craig | None
Jessica | None
Vitaly | None
David | None
Michael | None
Tim | None
Alanna | None
Jared | None
Heather | None
Moussa | None
Ryan | None
Hayley | None
Kim | None
Vigeeth | None
Whitley | None
Joe | None
William | None
Joseph | None
Diane | None
Jamie | None
Alexandra | None
Josh | None
David | None
Ian | None
Danielle | None
Siddharth | None
Matthew | None
Suri | None
Jonas | None
Steven | None
Mona | None
Archie | None
Ishan | None
Monica | None
Christian | None
Kyle | None
Abigail | None
Kennedy | None
Kevin | None
mleighton | None
Jeanett | None
Brandon | None
Sarvesh | None
Isaac | None
Brian | None
Sumi | None
Melvin | None
Melissa | None
Chris | None
Nicollette | None
Jennifer | None
D.J. | None
John | None
Jason | None
Kiran | None
John | None
Minda | None
Mohd | None
Pawan | None
Nick | None
Heather | None
Andi | None
Casey | None
S | None
Ricardo | None
Jennifer | None
Mark | None
Jesse | None
Melissa | None
Akshat | None
Nrupa | None
Sebastian | None
Nolan(Nitin) | None
Heather | None
Michael | None
Jordan | None
Jarin | None
Jess | None
Jarod | None
Angie | None
Daniel | None
Ken | None
Brad | None
Pei | None
Aaron | None
Cara | None
Bethany | None
taylor | None
scott | None
mylene | None
michael | None
james | None
jacob | None
Taylor | None
Jacob | None
Scott | None
Michael | None
Leann | None
Joel | None
Scott | None
Nigel | None
Paul | None
Ben | None
Craig | None
Greg | None
Kathy | None
Glenn | None
Robert | None
Tom | None
Pravita | None
Reena | None
Pramod | None
Kathy | None
Brianna | None
Pravita | None
Reena | None
Pramod | None
Ryan | None
Lipika | None
Archana | None
Subha | None
Eric | None
Archana | None
Larry | None
tom | None
Reagan | None
katie | None
Anthony | None
Nathan | None
Brian | None
Lynn | None
Trevor | None
Tiffany | None
Moe | None
Matt | None
Andre | None
Bill | None
Habeeb | None
Jonathan | None
Sarah | None
Rufina | None
Dani | None
Oladipo | None
Allen | None
Vaso | None
Allison | None
Kanu | None
Kate | None
Justin | None
Danny | None
Oluwafemi | None
Holly | None
Murali | None
Ted | None
Derek | None
Joshua | None
Aaron | None
Brandon | None
Lawrence | None
Kyle | None
Danuaile | None
Donna | None
Ralph | None
Christy | None
Randy | None
Gina | None
Solomon | None
Joel | None
Lisa | None
Leslie | None
Brad | None
Dennis | None
Danielle | None
Marcia | None
Monika | None
Troy | None
Alisha | None
Christopher | None
Steve | None
Tani | None
Pisei | None
Jonetta | None
Dane | None
Bailey | None
Lyle | None
Chelsea | None
Hemangi | None
Jennifer | None
Cristian | None
Shannon | None
Dan | None
Jevoy | None
Marty | None
Pete | None
Shelby | None
Quinton | None
Husam | None
Luqman | None
Chris | None
Kelly | None
Shenequa | None
Myles | None
Tiffany | None
Shatara | None
Ken | None
Christina | None
Shelley | None
Heather | None
Michelle | None
Darren | None
Hannah | None
Elisandra | None
Luis | None
Ovgu | None
Erika | None
John | None
Rudy | None
Kimberly | None
Jeffery | None
Brittanie | None
Helen | None
Karessa | None
Gavin | None
Jennifer | None
Lee | None
Ovgu | None
Emily | None
paula | None
gail | None
amanda | None
Shayla | None
Drew | None
Devyn | None
Haley | None
Ashley | None
zachary | None
tori | None
selah | None
ryan | None
quinten | None
preslie | None
larry | None
morgan | None
mckenna | None
mariah | None
lizzie | None
lauren | None
Kathryn | None
kyle | None
kurt | None
kenda | None
olivia | None
Morgan | None
Andrea | None
Abigail | None
Ella | None
Elisa | None
Dylana | None
Duncan | None
David | None
David | None
Cole | None
Claire | None
Chase | None
Ryan | None
Cecil | None
Brooke | None
Bradley | None
Austin | None
Austin | None
kat | None
Amanda | None
Alison | None
Agnes | None
Adam | None
Caroline | None
kailah | None
gil | None
jordan | None
ashley | None
ashlee | None
andrew | None
alexander | None
adam | None
abbey | None
aaron | None
Landry | None
Carlie | None
becky | None
Lily | None
James | None
Kelli | None
Jim | None
Andrew | None
Elza | None
Jordan | None
Kaitlyn | None
Alexandra | None
Britney | None
Ella | None
justin | None
bill | None
brianna | None
jo | None
hannah | None
hannah | None
haley | None
Emily | None
gianna | None
faith | None
evie | None
ethan | None
brian | None
emily | None
elizabeth | None
dylan | None
dina | None
dietrich | None
devan | None
coleman | None
cassidy | None
brittany | None
emilie | None
Ethan | None
Jennifer | None
Gregory | None
Katy | None
Adam | None
Gianna | None
Ryan | None
Sophia | None
Bailey | None
Amber | None
Sara | None
Cale | None
Macy | None
Sasha | None
Cameryn | None
Kurt | None
Kailah | None
Kyle | None
Gil | None
Jordan | None
Abbey | None
Olivia | None
Preslie | None
Devan | None
Joey | None
Chandler | None
Bill | None
Lauren | None
Lizzie | None
Becky | None
Reagan | None
Brooklynn | None
Andrew | None
Toryn | None
Coleman | None
Jo | None
Katherine | None
Hannah | None
Morgan | None
McKenna | None
Lauren | None
Larry | None
Ashlee | None
Piper | None
Sam | None
Brittany | None
Peyton | None
Morgan | None
Selah | None
Florina | None
Russell | None
Madison | None
Patrick | None
Nick | None
Nicholas | None
Milton | None
Michael | None
Melissa | None
McKenna | None
Mariam | None
Madi | None
Rae | None
Madelyn | None
Lauryn | None
Lauren | None
Kelli | None
Kalli | None
Bre | None
holli | None
Heather | None
Hannah | None
Haley | None
Logan | None
Rebecca | None
Sam | None
Sam | None
Brian | None
Aaron | None
Canaan | None
Ethan | None
Adrianna | None
Emilie | None
Ryan | None
Mariah | None
Johan | None
Lillie | None
Amelia | None
Zach | None
Juliana | None
Danielle | None
Will | None
Walker | None
Toryn | None
Sydney | None
Sophia | None
Silas | None
Sarah | None
Hannah | None
Layne | None
Tyler | None
Kyndall | None
Morgan | None
Michael | None
Matt | None
Mary | None
Mark | None
Madison | None
Madie | None
Kaylie | None
Josh | None
Olivia | None
John | None
Dylan | None
Dana | None
Dan | None
Chelsea | None
Caitlin | None
Brittany | None
Brandon | None
Brandon | None
Alle | None
Hunter | None
Alena | None
Rachel | None
Sarah | None
MacKenzie | None
Evie | None
Dana | None
Brooke | None
Sarah | None
Bradley | None
Alena | None
Tim | None
Brianna | None
Ryan | None
Rachel | None
Tyler | None
Melaine | None
Abigail | None
Lena | None
Kelsey | None
Victoria | None
Tyler | None
Skylar | None
Jack | None
Abby | None
Aaron | None
Madison | None
Evie | None
Sasha | None
Mason | None
Mary | None
Lauren | None
Kat | None
Jennifer | None
Hannah | None
Hannah | None
James | None
Elizabeth | None
Danielle | None
Daniel | None
Cole | None
Chad | None
Brianna | None
Brian | None
Blair | None
Alec | None
Alexander | None
Davis | None
Sofia | None
Morgan | None
Chris | None
Andrea | None
Shawna | None
Bailey | None
Olivia | None
Tyler | None
Jordan | None
Tristyn | None
Kurt | None
Rebecca | None
Lindsay | None
Matt | None
Grace | None
Ashley | None
Kennedy | None
Dylana | None
Brinley | None
Joshua | None
Sophia | None
Ashley | None
Madelyn | None
Jessica | None
Lauren | None
Brooke | None
Maria | None
Amanda | None
Benjamin | None
Alyssa | None
Amanda | None
Kelly | None
Jennifer | None
Bri | None
Sam | None
Jennifer | None
Mary-Hannah | None
Peyton | None
Bri | None
Juliana | None
Alexander | None
Emma | None
Dietrich | None
Emily | None
Taylor | None
Shania | None
Molly | None
Ella | None
Jenna | None
Juliana | None
T. | None
Brianna | None
Salvatore | None
Riley | None
Kristen | None
Christina | None
Caitlin | None
Lamar | None
Greetings | None
Jenna | None
Alyssa | None
Hannah | None
Olivia | None
Mattie | None
Nicole | None
Maecie | None
Mary | None
Emily | None
Shay | None
Cheyenne | None
Caitlin | None
Haley | None
Hannah | None
Callie | None
George | None
Chloe | None
Taylor | None
Sebastian | None
Anthony | None
Jasmine | None
Maddison | None
Annebeth | None
Jordan | None
Scarlett | None
Brittany | None
Melissa | None
Libby | None
Michael | None
Campbell | None
Kristofer | None
Roger | None
Charles | None
John | None
Rick | None
Charles | None
Sean | None
Dina | None
Tyler | None
DJ | None
John | None
Luke | None
Johnna | None
Hannah | None
Ashley | None
Alen | None
Shannon | None
Brynn | None
Elvis | None
Anderson | None
Sam | None
Campbell | None
Hannah | None
Maxwell | None
Rachel | None
Peyton | None
Emily | None
Erin | None
Gabi | None
Evan | None
Anna | None
Katie | None
Jake | None
Ashley | None
Evie | None
Wendy | None
Cassidy | None
Antoinette | None
Brooke | None
Taylor | None
Thomas | None
Radka | None
Kari | None
Tyler | None
Abby | None
Kelli | None
John | None
Joshua | None
Michael | None
Kimberly | None
Madison | None
Travis | None
Theresa | None
Ben | None
Phil | None
Amber | None
Kathryn | None
Tim | None
Rachel | None
Olivia | None
Michael | None
Mark | None
Kelli | None
Josh | None
Hope | None
Dylan | None
Dana | None
Brittany | None
Brianna | None
Brandon | None
Brandon | None
Aaron | None
Marlene | None
Dana | None
Ryan | None
Olivia | None
Hannah | None
Tim | None
Bradley | None
Brianna | None
Zachary | None
Jennifer | None
Jordan | None
Elizabeth | None
Madison | None
Brighid | None
Faith | None
Abigail | None
Kathleen | None
Brianna | None
Dylan | None
Alena | None
Brandon | None
Dylan | None
Ellie | None
Mark | None
Jeremy | None
Stefanie | None
Sandi | None
Charles | None
Paige | None
Patrick | None
Bethany | None
Tim | None
Brittany | None
Amber | None
Brandon | None
Romir | None
Mark | None
Rachel | None
Josh | None
Klipfel | None
Tim | None
Westphal | None
Michele | None
Jack | None
Laura | None
Lewis | None
Josh | None
Louise | None
James | None
Hope | None
Georgie | None
Andrea | None
NATALIE​ | None
Joel | None
Avery | None
Joan | None
Sofia | None
Sarai | None
David | None
Shane | None
Belle | None
Nashonda | None
Jamie | None
Stacy | None
Mike | None
Bettyann | None
Carlton | None
Syed | None
Brian | None
Patty | None
Greetings | None
Brandon | None
Sasha | None
Brian | None
Max | None
Annette | None
Morgan | None
Edward | None
Conner | None
Alexander | None
Jack | None
Ellen | None
Harli | None
Stephen | None
Erin | None
Laura | None
Kent | None
Clay | None
Brent | None
Zach | None
Andy | None
April | None
Ryan | None
Ryan | None
Sai | None
Tess | None
Tom | None
John | None
Alisha | None
Zeena | None
James | None
Liam | None
Tom | None
Jeff | None
Olly | None
Aaron | None
Ryan | None
Alex | None
Julie | None
Marisa | None
Manuela | None
Kylie | None
William | None
Tom | None
Youlim | None
Justin | None
Israa | None
Cierra | None
Alexander | None
Jeremy | None
Jake | None
Harrison | None
Abigail | None
Katja | None
Elliot | None
Joe | None
Hannah | None
Craig | None
Gintare | None
Russel | None
Adam | None
Jade | None
Daniel | None
Morgan | None
Lucy | None
Matt | None
Lucie | None
Alexia | None
Clare | None
Claire | None
Zeena | None
Vega | None
Ben | None
Jamie | None
Tess | None
Richard | None
Jeff | None
Morgan | None
matt | None
matt | None
Tom | None
tom | None
youlim | None
Andy | None
Bradley | None
Claudia | None
Jack | None
Kristie | None
Niko | None
lucy | None
Adam | None
Ellie | None
Eva | None
Fraser | None
Jack | None
Jade | None
Joshua | None
Lundin | None
Marisa | None
Priscilla | None
Sean | None
Sydney | None
Bradley | None
Nick | None
carl | None
andrew | None
Lucie | None
Kylie | None
Kieron | None
Katja | None
John | None
Aaron | None
Jamie | None
James | None
Jade | None
Harrison | None
Gintare | None
carl | None
Falyn | None
Daniel | None
Craig | None
Ben | None
Amani | None
Alex | None
Alex | None
Adam | None
Rebecca | None
AJ | None
Ellie | None
Elliot | None
Ryan | None
Paulo | None
anusham | None
prudhvi | None
Priyam | None
Katya | None
Jared | None
Brian | None
Andrei | None
Devin | None
Ranjan | None
Lesley | None
Leeanne | None
Brian | None
Kevin | None
Durham | None
Alan | None
Rebekah | None
Rus | None
Norman | None
Catriona | None
pinto | None
Scott | None
April | None
Kathy | None
Gavin | None
Vicky | None
Ewan | None
Victoria | None
Praveen | None
Recruiter | None
Brenda | None
Jeff | None
Ian | None
Greg | None
Toby | None
Shanettra | None
Shane | None
Rebekah | None
Nursultan | None
Norman | None
Maria | None
Keir | None
Danielle | None
Adrian | None
Rachael | None
Stacy | None
Samuel | None
Rachael | None
Nikki | None
Ian | None
Ian | None
Louise | None
Iona | None
Jeanne | None
Jenny | None
Zoey | None
Michael | None
George | None
Alphonso | None
Kelsee | None
Colin | None
Phil | None
Ross | None
Beatriz | None
Colin | None
Jim | None
Matthew | None
Callum | None
Cynthia | None
Colin | None
Adam | None
Danielle | None
Rachael | None
Kevin | None
Kelsee | None
Chris | None
Adrian | None
Sharina | None
Lesley | None
Kyli | None
Megha | None
Keir | None
Lesley | None
Cameron | None
Shanettra | None
Zarah | None
Ian | None
varnika | None
Zulaikha | None
Maricela | None
Loreen | None
Sarina | None
Donna | None
Mica | None
Mario | None
Kevin | None
Gary | None
Kris | None
David | None
Michelle | None
Nicole | None
Chris | None
Nathan | None
Berenice | None
Vuk | None
Ed | None
Anja | None
Rosanne | None
Ervin | None
Miriam | None
Rosanne | None
Sung | None
Ed | None
ainka | None
alana | None
amol | None
cathy | None
david | None
emily | None
m | None
manasi | None
margarita | None
Robert | None
Andreea | None
Tanja | None
Sung | None
Ivana | None
Ana | None
Andrea | None
Svitlana | None
Ekaterina | None
Bianca | None
Jelena | None
Ansu | None
Tomás | None
Alex | None
Rodrigo | None
Camelia | None
Nimisha | None
Burak | None
Seda | None
Raluca | None
Canan | None
Katarina | None
Ginjal | None
Roxana | None
sunetra | None
Kübra | None
Adriana | None
rituparna | None
Dragana | None
william | None
Adam | None
Jessica | None
Shaunte | None
Kathy | None
Alicia | None
Annette | None
Kayla | None
Michelle | None
Regina | None
Steve | None
Jennifer | None
Randi | None
Mariah | None
Chelsea | None
Samantha | None
Kendra | None
Troy | None
Carrie | None
Rob | None
Lisa | None
Logan | None
Luis | None
Luke | None
Meghan | None
Tyler | None
Natalie | None
Alysia | None
Jameson | None
Robert | None
Kristen | None
Scott | None
Tom | None
Katherine | None
Silvia | None
Perry | None
Natalie | None
Debbie | None
Rachel | None
Vicki | None
Ernest | None
Alexis | None
Scarlett | None
Neal | None
Danielle | None
Wanda | None
Marcus | None
Lexie | None
Ruth | None
Crystal | None
Jesse | None
Candice | None
James | None
Laura | None
Colby | None
Justin | None
Nichole | None
Caitlin | None
Bob | None
Noemi | None
Sabrina | None
Amy | None
Nubia | None
Sarah | None
Chris | None
Bianca | None
Alisa | None
Robert | None
Bill | None
Imad | None
Stefan | None
Angel | None
Chloe | None
Selena | None
Gabriel | None
Hayden | None
Lina | None
Adam | None
Jeorge | None
Gina | None
Erin | None
Kimberly | None
Trevor | None
Timothy | None
Elisabeth | None
Bianca | None
Aniya | None
Elizabeth | None
Doug | None
Alison | None
Chris | None
Riley | None
Tonda | None
Janelle | None
Meghan | None
Mike | None
Renee | None
Michael | None
Lilly | None
Gene | None
Leslie | None
Jessica | None
Jessi | None
Jericho | None
Jeorge | None
Jay | None
Jamie | None
James | None
Jim | None
James | None
Isabel | None
Hudson | None
Heather | None
Hannah | None
Gabriela | None
Ini | None
Lexie | None
Jacqueline | None
Joan | None
Glen | None
John | None
Joe | None
Tanisha | None
Leonard | None
Wendy | None
Ashley | None
Renee | None
Rob | None
Stephanie | None
Juste | None
Kaitlyn | None
Judy | None
Joshua | None
Jorge | None
Jordan | None
Lee | None
Jonathan | None
Jonathan | None
Julie | None
basma | None
cameron | None
daniel | None
bronwyn | None
brendan | None
ben | None
baris | None
Lauren | None
andrew | None
aaron | None
Lee | None
Adam | None
elliot | None
Britany | None
Paige | None
Skye | None
ashley | None
emily | None
jasmine | None
gabriel | None
olivia | None
mckenzie | None
maddie | None
Yuliana | None
lynden | None
logan | None
lisa | None
kelli | None
katie | None
josh | None
jessica | None
james | None
heather | None
hailey | None
grace | None
georgia | None
gabriel | None
frank | None
Bailey | None
Rob | None
Stephanie | None
Carolina | None
Spencer | None
Callum | None
Emily | None
Zach | None
Joe | None
Gabriel | None
Frank | None
Tyler | None
Travis | None
Staci | None
Robyn | None
McKenzie | None
Max | None
Lauren | None
Kayla | None
Carolina | None
Cortlynn | None
Staci | None
Emily | None
Emilia | None
Alexis | None
Kristin | None
Greg | None
Rebecca | None
Preston | None
Cortlynn | None
Luke | None
Max | None
Thomas | None
Rebeca | None
Aaron | None
Britany | None
Alexandra | None
William | None
Edi | None
Caiti | None
patricia | None
Jack | None
Moises | None
Shane | None
Symantha | None
rory | None
Colin | None
Zoe | None
Josh | None
Levi | None
Phil | None
louis | None
Dylan | None
Brittany | None
Alex | None
Niall | None
John | None
John | None
zoe | None
tj | None
thomas | None
phoebe | None
patricia | None
Isobel | None
patricia | None
Matt | None
Asher | None
Martina | None
Zach | None
Andrea | None
Lucas | None
Morgan | None
Eloy | None
Justis | None
Reginald | None
Grace | None
Michael | None
Jared | None
Katie | None
Harry | None
Julia | None
Jason | None
Thomas | None
Sara | None
Alex | None
robyn | None
olivia | None
lisa | None
aaron | None
Mark | None
Alex | None
Jamie | None
Sam | None
Rachel | None
Jacob | None
Claire | None
Emi | None
Kyle | None
Lynden | None
Sam | None
Dimetrieze | None
Sally | None
zach | None
tj | None
thomas | None
andrew | None
maddie | None
bailey | None
basma | None
libby | None
lee | None
Cameron | None
kelli | None
josh | None
jessica | None
hailey | None
grace | None
georgia | None
george | None
gabriel | None
ethan | None
daniel | None
claire | None
ceri | None
brendan | None
ben | None
baris | None
Alan | None
phoebe | None
Preston | None
Tom | None
Kendal | None
Gabriel | None
Roberto | None
Max | None
Moises | None
Tiana | None
Molly | None
Adam | None
Stone | None
Dylan | None
Olivia | None
TJ | None
Caitlin | None
Sally | None
Tyler | None
Mark | None
Robyn | None
Kelvin | None
Grady | None
Zach | None
Asher | None
Joe | None
Meagan | None
Alex | None
Allan | None
Ron | None
Kathy | None
David | None
Brent | None
Lauren | None
William | None
Gabe | None
Taylor | None
Aleea | None
Andy | None
Kara | None
Barbara | None
Kristine | None
Jeff | None
Andrew | None
Andrew | None
Auston | None
Gregory | None
Corey | None
Jason | None
Julia | None
Lynsie | None
Michelle | None
Mike | None
Miranda | None
Noah | None
Jason | None
Julie | None
Miranda | None
Todd | None
Danielle | None
Jonathan | None
Deirdre | None
Jenny | None
William | None
Sheyenne | None
Kelly | None
Tom | None
Augustine | None
Amy | None
Ahmad | None
Charlene | None
Mao | None
Beth | None
MJ | None
Jeff | None
Julie | None
Neal | None
Brenden | None
Ben | None
Anna | None
Amanda | None
Leslie | None
Mike | None
Caitlyn | None
Brenden | None
Chris | None
Joshua | None
Aimee | None
Chris | None
Megan | None
Anna | None
Anthony | None
Michael | None
Dan | None
Andrew | None
Carly | None
Brent | None
Kelly | None
Tim | None
Madeline | None
Jacob | None
Paul | None
Tyler | None
Robert | None
Matthew | None
Matthew | None
Jennifer | None
Larry | None
Madison | None
Terry | None
Sean | None
Jordon | None
Alicia | None
Amanda | None
Anthony | None
Chris | None
Jason | None
Jennifer | None
Madeline | None
Pat | None
Daniel | None
Christy | None
William | None
Patrick | None
Kelly | None
Luke | None
Elle | None
Denise | None
Rob | None
Alicia | None
Patrick | None
Aaron | None
Tim | None
Neida | None
Milinda | None
Kayla | None
Megan | None
Chris | None
Matt | None
Bella | None
Nick | None
Wes | None
Matthew | None
Allison | None
Rachel | None
Travis | None
Alyssa | None
Kara | None
Sabrina | None
Jake | None
Elise | None
Gareth | None
Emily | None
Cameron | None
Harish | None
Sandesh | None
Badreddine | None
Julieta | None
CHINENYE | None
Gonzalo | None
Carolina | None
Yansi | None
Jay | None
Diego | None
RAMAN | None
Swetha | None
Richard | None
Mahesh | None
Vikash | None
Jean | None
Vijay | None
Kyunghwan | None
Sanjay | None
Karla | None
Romil | None
Shushank | None
Drjaya | None
Deepak | None
Olivia | None
Cameron | None
Lindsey | None
Lavon | None
Taylor | None
Kacey | None
John | None
Jonathan | None
Jessica | None
Jasmine | None
Jasmine | None
Holly | None
Gregory | None
Gianmarco | None
Jessica | None
Valeriia | None
Ann | None
Jane | None
Thomas | None
Brad | None
Rob | None
Rex | None
Sharon | None
McConnell | None
Green | None
Jacob | None
Helena | None
Craig | None
Pitruzzello | None
Maureen | None
Glen | None
Jodi | None
Alan | None
Joseph | None
Kurt | None
Julie | None
Joe | None
Matt | None
Diana | None
Wendy | None
Mark | None
Carl | None
Dominic | None
Beth | None
John | None
Niles | None
Matthew | None
Marty | None
justin | None
Jonathan | None
Amy | None
wendy | None
patrick | None
maureen | None
louis | None
jamie | None
Laurel | None
Brendan | None
Tyler | None
Paul | None
Ryan | None
Judy | None
Viki | None
tara | None
Terrence | None
John | None
Heather | None
Howard | None
Kristen | None
Oscar | None
Alfie | None
George | None
Harry | None
Carri | None
Gabe | None
John | None
Patrick | None
Peter | None
Bill | None
Leo | None
Michael | None
Steve | None
Isaac | None
Joe | None
Donte | None
Sabre | None
Sandra | None
Ginger | None
Dawit | None
Ken | None
Justin | None
Andrew | None
Ellis | None
Priyangi | None
Tom | None
Jacquelyn | None
Glory | None
Vijaykumar | None
Mehari | None
Brittany | None
Garrett | None
Shyawn | None
Jesus | None
Nargiza | None
Jaden | None
Danielle | None
Antoinette | None
Janie | None
Jason | None
Jeffrey | None
Nathan | None
Elijah | None
Chris | None
Trisha | None
Daniel | None
Ron | None
Dan | None
Gavin | None
Daniel | None
Brett | None
Callie | None
Lorenzo | None
Melissa | None
Mikayla | None
Denise | None
Ryan | None
Scott | None
Garrett | None
Billy | None
Mark | None
Steven | None
Morgan | None
Troy | None
Ted | None
Shane | None
Shawn | None
Foster | None
Patrick | None
Tyler | None
Barbara | None
Lauren | None
William | None
Mia | None
Andrew | None
Andy | None
Karleigh | None
Lexy | None
Austin | None
Joel | None
Ray | None
Devin | None
Molly | None
Griffin | None
Dylan | None
Jordan | None
Taylor | None
Derrick | None
Patricia | None
Audra | None
Kenneth | None
Walter | None
Mirhanda | None
John | None
Lucas | None
Kate | None
Dana | None
Derek | None
Ryan | None
Matt | None
Melinda | None
Wendy | None
Samuel | None
Christopher | None
Emmersyn | None
Fabricio | None
Kathryn | None
Ken | None
Kristin | None
Erin | None
Lilyan | None
Alan | None
Joseph | None
Brennan | None
Noel | None
Vanessa | None
Philip | None
Charles | None
Jonny | None
Zachary | None
Peyton | None
Leslie | None
Lindsey | None
Logan | None
Amara | None
Austin | None
Brad | None
Brittany | None
Chandler | None
Christopher | None
Claudio | None
Erick | None
Joe | None
Lindsey | None
Lee | None
Marc | None
Scott | None
Sean | None
Stern | None
Steve | None
Brennen | None
Frances | None
Kerstin | None
Konner | None
Sarah | None
Serena | None
Sierra | None
Tierney | None
Tiffany | None
Michael | None
Justin | None
Samantha | None
Jane | None
Thomas | None
Amy | None
Tate | None
David | None
Ben | None
Cassandra | None
Curt | None
Jason | None
Kiva | None
Sean | None
Omar | None
Michael | None
David | None
Rey | None
Brendan | None
Anne-Maria | None
Brittany | None
Jacob | None
Oliver | None
Caitlyn | None
Adam | None
Eric | None
David | None
Bill | None
Kristina | None
Julie | None
Conor | None
Robyn | None
Kellen | None
Sommer | None
Darimedrick | None
Jack | None
Joseph | None
Lauren | None
Evan | None
Oliver | None
Provides | None
Chris | None
Chandler | None
Morgan | None
Morgan | None
Ryan | None
Sarah | None
Tia | None
Casey | None
Dianna | None
Adrian | None
Matt | None
Beth | None
Kamaron | None
Ray | None
Kathryn | None
Nicole | None
Hailey | None
Mark | None
Kristen | None
Kelsey | None
Justin | None
Kayla | None
Jeremy | None
Hamad | None
Bruce | None
Nicole | None
Maria | None
Emily | None
Josh | None
Antonio | None
Jessie | None
Amanda | None
Becky | None
Leslie | None
Maria | None
Dardo | None
Jason | None
Joseph | None
Eelke | None
Maja | None
Andrew | None
Joe | None
Arne | None
Kilian | None
Dale | None
Rens | None
Jarek | None
Menno | None
Katie | None
Sarah | None
Spencer | None
Daniel | None
Shonda | None
Luca | None
Thomas | None
Justin | None
Sarah | None
Jaimie | None
Sean | None
Kyle | None
Michael | None
Michael | None
Scott | None
Alexandra | None
John | None
Adam | None
Alex | None
Mary | None
Juan | None
Christopher | None
Trevor | None
Douglas | None
Rick | None
Michael | None
Josh | None
Ivy | None
Wesley | None
Keith | None
Matt | None
Kevin | None
Brad | None
Samuel | None
Colin | None
Devin | None
Joshua | None
Joseph | None
Joseph | None
Ahmad | None
Steven | None
Jessica | None
Adam | None
Conor | None
Melis | None
Sarah | None
Damien | None
Kate | None
Ryan | None
Eoin | None
Katelyn | None
Jennifer | None
Hamza | None
Amandine | None
Paula | None
Chris | None
Thomas | None
Dennis | None
Killian | None
Brian | None
Andrew | None
George | None
George | None
Haley | None
Hamza | None
Janie | None
Jason | None
Jessica | None
Oliver | None
Darren | None
Ashleigh | None
Anthony | None
Trevor | None
Emory | None
Desiree | None
Yvonne | None
Parham | None
Joshua | None
Derek | None
River | None
Mallory | None
Finlay | None
Carter | None
Kendall | None
Ann | None
Kelsey | None
Collin | None
Julie | None
Logan | None
Shelby | None
Matthew | None
Caroline | None
Sravya | None
Shannon | None
Patrick | None
chris | None
Gina | None
Trey | None
Josue | None
Trystan | None
John | None
Andrew | None
Jeff | None
Omar | None
Ray | None
Quincy | None
Cade | None
Edward | None
Spencer | None
Taylor | None
Gabriel | None
Kristen | None
Austin | None
Paul | None
Garrett | None
Lilybeth | None
Winny | None
Leslie | None
Kelly | None
Tim | None
Joseph | None
Joyce | None
Sofia | None
Katie | None
Haley | None
Kelly | None
Eric | None
Vincent | None
Kafa | None
ISupreme | None
Bryan | None
Kelsey | None
Kyle | None
Nathan | None
Derik | None
James | None
John | None
Gregg | None
Stephanie | None
Corey | None
Jared | None
Samantha | None
Amanda | None
Travis | None
Zack | None
Huey | None
Gökcenur | None
Jim | None
Josh | None
Chip | None
Scott | None
McKynsie | None
Brandon | None
Kristina | None
Luis | None
Sean | None
Jennifer | None
Jessica | None
Adam | None
Steven | None
Jimmy | None
Regan | None
Amruta | None
Scott | None
Shannon | None
Wyatt | None
Michael | None
Rich | None
Melissa | None
Danielle | None
David | None
Casey | None
Thomas | None
Peter | None
Christopher | None
Andrew | None
Greg | None
Jon | None
Helen | None
Julie | None
Maryann | None
Michael | None
Kara | None
Courtney | None
Miles | None
Ricky | None
Sam | None
Mike | None
Joseph | None
Patrick | None
Josh | None
Nadia | None
Jacob | None
Mary | None
Matthew | None
Dalia | None
Richard | None
Dan | None
Juan | None
Alyssa | None
Connor | None
John | None
Hannah | None
Amara | None
Becky | None
Paul | None
George | None
Alexis | None
Linnea | None
Alessandra | None
Benedict | None
Roger | None
Eddie | None
Adam | None
Andrew | None
Cam | None
John | None
Katie | None
Edward | None
Stacey | None
Jackson | None
Joshua | None
Ryan | None
leigh | None
Bob | None
Zora | None
Tipper | None
Nicole | None
Aaron | None
Emmanuel | None
Francesca | None
Paul | None
Brenden | None
Randy | None
Kaymun | None
Steven | None
Sabrina | None
Keith | None
Jamie | None
Jessica | None
Natalie | None
Zach | None
Brett | None
Douglas | None
Ryan | None
Aurélie | None
Dean | None
Luca | None
Lauren | None
Angela | None
Marcus | None
Kim | None
Fae | None
Caresse | None
Morgane | None
Paul | None
Anthony | None
Gemma | None
Mairead | None
Jim | None
Jeffrey | None
Stephen | None
Rachel | None
Mike | None
Melissa | None
Chris | None
Ann | None
John | None
Nathan | None
Christopher | None
Kyle | None
Douwe | None
Mareese | None
Nicole | None
Sanne | None
Vivian | None
Kathy | None
David | None
Michael | None
Kim | None
Michael | None
Stephen | None
Kadi | None
Evan | None
Paul | None
Chase | None
Tomas | None
Kate | None
Jamie | None
Daniel | None
Timothy | None
Jennifer | None
trevor | None
Jenae | None
James | None
Xena | None
Joe | None
Talita | None
Dave | None
Ciara | None
Shane | None
Anthony | None
Mark | None
Nicol | None
Chase | None
Michelle | None
Jason | None
Jim | None
Heather | None
Ryan | None
Ludovic | None
Cal | None
Denise | None
Shane | None
Stacey | None
Kurt | None
Anthony | None
Zacharie | None
Kimberly | None
Noreen | None
John | None
Louise | None
Danni | None
Susagna | None
Todd | None
Sarah | None
Aurore | None
Jordan | None
Amy | None
Stern | None
Jessica | None
Angela | None
Debbie | None
Aaron | None
Joseph | None
Kimberly | None
Paul | None
Cal | None
Meghan | None
Molly | None
Lyle | None
Daniel | None
Ian | None
Hayli | None
Margaret | None
Ben | None
Michelle | None
Alex | None
Brad | None
Brian | None
Mark | None
Michael | None
Casey | None
Logan | None
Al | None
Christian | None
Calvin | None
Johanna | None
Lindsey | None
Leslie | None
Niko | None
Geoffrey | None
Kevin | None
Chris | None
David | None
Jared | None
Sarah | None
Kellen | None
Ricco | None
Kelly | None
Alison | None
Tiffany | None
Ethan | None
Brent | None
Brittany | None
Elizabeth | None
Cassandra | None
Amy | None
Lauren | None
Michael | None
Madison | None
Sean | None
Brielle | None
Michael | None
Trey | None
Radley | None
Tyson | None
Cam | None
Nicole | None
Tiphanie | None
Jessica | None
Gerald | None
Sarah | None
Kamila | None
Jano | None
Jason | None
Ali | None
Jill | None
Paige | None
Kate | None
Cody | None
Kiva | None
Mansi | None
Ben | None
Allison | None
Simone | None
Ben | None
Joseph | None
George | None
Paul | None
Josie | None
Lee | None
Luis | None
Molly | None
Vince | None
Larissa | None
Dan | None
Justin | None
Scott | None
Brian Knabe | None
Derek Loescher | None
Michael Kracoff | None
Allison Twyeffort | None
Marissa Kirouac | None
Amanda Oballe | None
Briana Nieves | None
Claudius Alexander | None
Bryan Sumpter | None
Chris Daddario | None
Mackenzi Hollister | None
Jason Marose | None
Mike Deane | None
Chad Wagler | None
Brett Ray | None
Christian Messana | None
Melissa Szewc | None
Matthew Smith | None
Julianne Sheetz | None
Isaias Rosales | None
Dax Mcclanahan | None
Kelly Chiaravalloti | None
Matthew Diaz | None
Katy Flucker | None
Dominique Rios | None
Pam Winger | None
Brandon Bautista | None
Desiree Carrillo | None
Megan Hollingsworth | None
Veena Kolanu | None
Emiko Bell | None
Andrew Dumpert | None
Kevin Flavin | None
Jeremy Pridgeon | None
Jesse Burke | None
Katie Mitchell | None
Gabrielle Rusignuolo | None
Chris Ciotti | None
Catherine Pulaski Rhit | None
Ben Rossetti | None
Adam Ryan | None
Matthew Otero | None
Raymond Acevedo | None
Fred Thorogood | None
Matthew Papandon | None
Jessica Marvin | None
Steven Elice | None
Andrea Daniels | None
Allison Bennett | None
Brenda Patten | None
Lacy Bradley | None
Jacob Clinard | None
John Chadwick | None
Vincent De Pirro | None
Colin Barry | None
Evan Kover | None
Steven Boley | None
Wayne Salvaty | None
Melissa Nicolo | None
Sean Breinig | None
Christina Forbes | None
Casey Iadresin | None
Jeff Mullins | None
Sofia Canas | None
Emanuel Cruz | None
Kamryn Price | None
Nickie Klein | None
Menda Candelaria | None
Kenneth Daniels | None
Gary Lew | None
Erik Pinos | None
Kerrie Larvin | None
Chad Davenport | None
Kristen Dell | None
Anthony Armour | None
Alex Rodriguez | None
Annabella Sanger | None
Jonathan Dimaline | None
Devin Johns | None
Andrew Browning | None
Molly Mckenzie | None
Justin Hyler | None
Tony Brown | None
Dan Anderson | None
Sean O’neill | None
Noel Barnes | None
Kim Rusalen | None
Kristopher Block | None
Sophia Steiner | None
Sasha Celada | None
Bennett Sherry | None
Hunter Hardyman | None
Scott Prochaska | None
Bowen Best | None
Dyann Henze | None
Erin Stewart | None
Cortez James | None
Soumya G | None
Antonio Bolton | None
Kj Mango | None
Ryan Whynott | None
Paul Santos | None
Alec Horne | None
Agata Landing | None
Leah Lin | None
Brian Hong | None
Pierce Dehan | None
Janice Huang | None
Bob Bridges | None
Jordan Lynch | None
Alexis Owens | None
Tony Heeb | None
Jonathan Mcdonald | None
Helpuganda Undefined | None
Diana Thomas | None
John Nehls | None
Bradley Thomas | None
Leon J | None
Brittany Toms | None
Elliot Greenberg | None
Steven Turner | None
Andrew Shandor | None
Tawnie Jensen | None
Jimmy Rios | None
Daniel Torres | None
Ryan Gilbert | None
Brian Carr | None
Tayler Rey | None
Mike Mesa | None
Sophia Parsa | None
Scott Rowe | None
Shaun Susser | None
Hannah Chuzhoy | None
Ti Young | None
Matt Luttig | None
Geoff Knutson | None
John Storlid | None
Caleb Schedler | None
Haylee Garcia | None
Bryan Adams | None
Eryn Hummer | None
Joseph Rusalen | None
Steve Sullivan | None
Shauna Sundet | None
Matthew Drews | None
Brennen Jacobson | None
Nicholas Lips | None
Aidan Bledsoe | None
Ryan Grandgenett | None
Sam Johnsrud | None
Sarah Aken | None
Jackson Thomsen | None
Russell Henderson | None
Paddy Murphy | None
Jeronimo Mulato | None
Trina Ward | None
Darin Wylie | None
Chastidy Meyer | None
Russell Curry | None
Chelsea Mcdougald | None
Michelle Servi | None
Jake Sotis | None
Jacob Hibbert | None
Steven Singh | None
Dan Murray | None
Mackenzie Orr | None
Richard Chambers | None
Katia Mckinney | None
Michael Scholl | None
Nancy Jackson | None
Wendy Bentley | None
Amanda Hardaway | None
Malcolm Gomez | None
Nile Murry | None
Alexandra Najera | None
Mitch Caudle | None
Jessica Galle | None
Tanner Osmer | None
Mounlier Rodriguez | None
Sarah Johnson | None
Abby Mims | None
Joshua Burchett | None
Matthew Larimore | None
Carol Spector Riegert | None
April Flowers | None
Daniel Massaro | None
Trevor Bunte | None
Patrick O Kelley | None
John Simchick | None
Rachel Cox | None
Lisa Edmonds | None
Adam Jackson | None
Joni Coniglio | None
Bernard Bourgeois | None
Evann Grealish | None
Tyler Rozewicz | None
Tommei Jefson-rhodes | None
Clint Haberman | None
Matt Fleming | None
Michael Siegel | None
Nicholas Rabbitt | None
Brendon Leary | None
Krysta Norland | None
Cassandra N | None
Hannah Feldmeier | None
Colton Hahn | None
Dusica Godic | None
Bryan Slama | None
Danielle Wendt | None
Andy Kirchner | None
Connor Faust | None
Kayla Ayres | None
Ryan Vail | None
Marcus Stanley | None
Neil Hodson | None
Bradley Carlson | None
Kimberly Rusalen | None
Jason L | None
Ben D | None
Amy Miess-alexander | None
Ryan Scott | None
Jeffrey Harrison | None
Sonya Kim | None
Lyn Murph Talley | None
Jocelyn Petersen | None
Herb Coulthurst | None
Jennifer Mastick | None
Joe Maglio | None
Cash Myers | None
James Eck | None
Cole Murphy | None
Rosalyn Ardson | None
Lisa Davidson | None
Jesse Koch | None
Rick Melton | None
Samantha Bragdon | None
Chris Borsini | None
Greg Crane | None
Milly Lopez | None
Bob Lemieux | None
Gregory Hyzdu | None
Chris Leblanc | None
Stephanie Batchelder Smith | None
Paul Tillman | None
Caonabo Camilo | None
Mark Richardson | None
Anne-marie Madera | None
Daniel Luongo | None
Bruce Winchester | None
Jon-ross Gaudet | None
Nick Yanakakis | None
Brent Mcdonald | None
Roberto Mennuti | None
Jeffrey Bourgeois | None
Tracy Tammaro | None
Lauren Iarossi | None
Rain Burns | None
Matthew A Lyman | None
Erin Gaudet | None
Luke Daly | None
Michael White | None
Matt Kelley | None
Susan Varano | None
Angela Trudeau | None
Andrew Gray | None
Joseph Oneill | None
John Lema | None
Doniel Kofel | None
Coleen Wise | None
Rob Andersen | None
Bryan Samaha | None
Eric Dunning | None
George Plati | None
Jennifer Young | None
Jason Morency | None
Kyle Kidney | None
Jeff Bolt | None
Michelle Fagel | None
Haley Langhorne | None
Valerie Isaacs | None
Linda Tasavanh | None
Rob Schoenfeld | None
Stacy Koehl | None
Logan Selesky | None
Julia Finkenthal | None
James Sacramento | None
Courtney Franco | None
Andrea Adams | None
Winona Holloway | None
Noah Weinmeyer | None
Daniel Cabral | None
Shawn Mclaughlin | None
Jordan Ilori | None
Matthew Shahzade | None
Collin Goodrow | None
Nathalie Macmillan | None
Cole Obrien | None
Justin Moss | None
William Covino | None
Justin Clark | None
Garrison Thomas | None
Colby Mitchell | None
Steve Kefalas | None
Liz Jones | None
Christopher Hunter | None
Tiffany Francey | None
Julie Mulloy-thirkell | None
Robert Martin | None
Casey Bardzik | None
Clark Rogers | None
Sharla Wilson | None
Ignacio Canas Olavarria | None
Nydrea M | None
Ashley Kelly | None
Joseph Santiago | None
Neal Z | None
Jahmir Russell | None
Anna Rolandelli | None
Matthew Scott | None
Kacy Cooper | None
Katharine Ortiz | None
Susan Hovis | None
Blaine French | None
Trevor Parry | None
Nicholas D’amelio | None
Margaux Collins | None
Lori Depass | None
Randolph Angulo | None
Justin Montana | None
Parker Hammond | None
Zinzi Grzech | None
Shane Scott | None
Joel Consuegra | None
Marilyn Guevara | None
Henry Horgan | None
Ryan Chadderton | None
Anthony Shannon | None
Thomas Dell | None
Krista Salinardi | None
Tim Drappi | None
Sara Mcgaha | None
William Gruitza | None
Jared Curry | None
Todd Wilson | None
Joshua Gracia | None
Marc Carter | None
Steven Kecyk | None
Sonny Abraham | None
Thellia Sergile | None
Justin Mckay | None
Page Greenblott | None
Richard Bonfanti | None
Mike Lebednik | None
Wendy Caraballo | None
Jonathan Currier | None
Andre Pascal | None
Nicole Dicredico | None
Tom Birmingham | None
Shawn Cushman | None
Jake Waltman | None
Manny Acevedo | None
Phobelien Luders-Burley | None
Nancy Silva | None
Bill Meade | None
Joshua Stern | None
Annemarie Bonacci | None
Jason Rea | None
Michael Lyons | None
Sharon Appleby | None
Rob Doppke | None
Michael Ivanov | None
Danielle Hernando | None
Felix Taylor | None
Michele Edwards | None
Blake Rickel | None
Matthew Robbins | None
Metzner | None
Ricardo Garcia | None
Adrian Diaz | None
John Flanary | None
Ryan Kelly | None
Rob Dinicola | None
Turner Estes | None
Sheila Dowling | None
Tia Olson | None
Sean Donnelly | None
Samantha Hunter | None
Ryan Vance | None
Steven Morgan | None
Tk Goldsmith | None
Nick Urwiler | None
Paul Perdue | None
Brad Eicher | None
Makhayla R | None
Virginia Ortiz | None
Bryce Malli | None
Jonathan Sitton | None
Bryce Hurd | None
Adam Springer | None
Natalie Ehmka | None
Gavin Mims | None
Shea Paredes | None
John Rodhouse | None
Madalyn Mclean | None
Ismael Gutierrez | None
Ryan Deherrera | None
Glenn Burnett | None
George Lopez | None
Neil Delacruz | None
Danylle Guerrero | None
Bryan Casper | None
Alex Stripe | None
Nathan Joseph | None
Michael Mohr | None
Donell Burks | None
Tim Smith | None
Adam Bletzinger | None
Derek Biedermann | None
Paul Silvers | None
Dominique Wise | None
Sean Pieraccini | None
Chris Canubida | None
Murillo L Martins | None
Owen Parker | None
Yvette Ham | None
Kenny Rockstar | None
Chris Crawford | None
Greg Lanctot | None
Nathan Eaton | None
Amy Farrell | None
David Peasley | None
Ali Simpore | None
William Barry | None
Nicole Langley | None
Askjbg Kjlaf;sngd | None
Beth Anne Snow Myonlysnowman | None
Caitlin Murphy | None
Andrew Swart | None
Sam Degre | None
Joseph Thiel | None
Jean Paul Rodriguez | None
Jesus Perez | None
Eric Valenzuela | None
Greg Sorensen | None
Lawrance Nai | None
Jon Mcqueen | None
Natalie Locascio | None
Fidelmar Coronel | None
Michael Winfield | None
Maria Ortiz | None
Michael Harvick | None
Adam Leibowitz | None
Lauren Smith | None
Nate Lare | None
Stephanie Morris - Tomayko | None
Michael Raymond | None
Michele Fox | None
Ashley Crawford | None
Tamaura Evans | None
Janice O’Neal | None
Matthew Reich | None
Andrew Thornton | None
Trevor Daniels | None
Lauren Parks | None
Jeremy Hernandez | None
Jonathan Garza | None
Rob Clark | None
Paul Van Dewater | None
John Dragoo | None
Brandon Moise | None
Nick Fiumara | None
Jen Celender | None
Derek Carle | None
Brittany Dear | None
Adam Livingston | None
Jessica Ehrlich | None
Keith Adams | None
Mike Lehere | None
Kimberly Jenkins | None
Michael Novak | None
Nahdayia S | None
Rasaun Calhoun | None
Bennet Rose | None
Sarina Ware | None
Maria Grossman | None
Tanya Whatley | None
Brandon Eddy | None
Gabrielle Thurlow | None
Gerardo Medrano | None
Stefon Rishel | None
Ahmad Khadra | None
Kelli Neely | None
Patsy Ross | None
Miguel C | None
Taylor A Seagraves | None
Greg Jones | None
Josh Bruckerhoff | None
Jared Griffin | None
Jonny Wilder | None
Christine Miller | None
Jinanda Solonick | None
Stephanie Galvan | None
Jonathan Kretz | None
Caryn Baker | None
Vicki Wilson | None
Monica Evans | None
Amy Westover | None
Aaron Bean | None
Kevin Blanchard | None
Chris Ford | None
Barrington Mcbean | None
Daryn Johnson | None
Charles Spencer | None
Pat Snow | None
Trevor Bunt | None
Travis Smith | None
Ariel B | None
Kristin Walsh | None
Shayla Mcginley | None
Daniel Fitzgerald | None
Ana Silvia Costas | None
Robert Moore | None
Sebastian Foster | None
Sarah Hovsepian | None
Rene Underwood | None
Thomas Henry | None
David Antolini | None
Joey Cash | None
Sami Kourbali | None
Ken Field | None
Jon Retelle | None
Krishna | None
Dee Oxford | None
William Equi | None
Tyler Macgregor | None
Justin Giangrande | None
Kelly Mcgonigal | None
Kellie O’connell | None
Oxford Marketing | None
Bob Oxford | None
Kayla Gavoni | None
Thomas Gibson | None
Jim Fahey | None
Darius Edric | None
Dylan Fahey | None
George Dwyer | None
Jackie Theriault | None
Jennifer Pereira | None
Brendan Pacenka | None
Samuel Ricci | None
Natalie Diekman | None
Tai Phan | None
Pat Moore | None
Michael Saunders | None
Esme L Flynn | None
John D | None
Jonathan Kokoszka | None
Mathew Catizone | None
Alicia Sanchez | None
Ryan Melley | None
Jill Sullivan | None
Kelly Denham | None
Rick Villa | None
Sadie Furlong | None
Abigail Jastrzebski | None
James Feighan | None
Boris Lamonde | None
Taylor Cope | None
Charlotte Sanford | None
Naomi Carlson | None
Colby Picanso | None
Shawn Connolly | None
Dylan Santos | None
Rose Jackson | None
Michael Bodine | None
Wyatt B | None
Megan Rice | None
Jordan Anzivino | None
Jessica Lebow | None
Nick Turczak | None
Brian Dodd | None
Medina Sehi | None
Samuel Kuznetsov | None
Eric Werner | None
Wolff Armin | None
George Herlihy | None
Margaret Reynolds | None
Phil Ketrelakes | None
Anthony Deleo | None
Stephanie Klapman | None
Matthew Noonan | None
Ryan Hill | None
Tom Carleton | None
vinnie | None
Dave | None
Chloe | None
Brandon | None
Babs | None
Babs | None
Erin | None
Audrey | None
Amanda | None
Aaron | None
Erin | None
Brennen | None
renee | None
shelley | None
sara | None
Samsul | None
safoora | None
paige | None
Nishant | None
Nathaniel | None
mohit | None
Mark | None
jeremy | None
Erin | None
leslee | None
terry | None
Erin | None
Mark | None
Hilary | None
Shane | None
Shane | None
Hilary | None
Sean | None
Sean | None
Sara | None
Samuel | None
Ryan | None
Ryan | None
Renee | None
Pamela | None
Mitchell | None
Heather | None
Mitchell | None
Manny | None
Katrina | None
Julianna | None
Joseph | None
Joseph | None
Joel | None
Jen | None
Jeff | None
Jake | None
Jake | None
Jacob | None
Isabella | None
Mark | None
hannah | None
Joel | None
Tina | None
chandan | None
Brennen | None
Brian | None
Conor | None
Crew | None
Hunter | None
Jonathan | None
Jordan | None
Kenny | None
Mark | None
Adam | None
Olivia | None
Poornima | None
Rhiannon | None
Shayna | None
Smita | None
Tanvi | None
Maria | None
Manish | None
Matt | None
Dave | None
Nina | None
Kumar | None
Vinod | None
Sharif | None
Vijaya | None
Victor | None
Bob | None
Timothy | None
Indrajeet | None
Joe | None
Raymond | None
Ayca | None
Walter | None
George | None
Lauren | None
Barbara | None
Aditya | None
Ross | None
Joshua | None
Brian | None
David | None
David | None
Mike | None
Robert | None
Jason | None
Andreas | None
Claudia | None
Michael | None
Olivier | None
John | None
Marco | None
Scott | None
Jen | None
Natalie | None
Maxwell | None
Jan | None
Richard | None
Rarlynn | None
Daniel | None
Eric | None
Scott | None
Rena | None
Clyde | None
Sasa | None
Megan | None
Ryan | None
Michelle | None
Jenny | None
Kelley | None
Ashley | None
Thomas | None
Lynn | None
Sabrina | None
Amy | None
Madison | None
Adam | None
Sabrina | None
Cody | None
Corey | None
Adam | None
Cordell | None
Steven | None
Pam | None
Joanna | None
Dehj | None
Katie | None
Vignesh | None
Mike | None
Ricardo | None
Camilla | None
Lyndsey | None
Rachita | None
Georgia | None
April | None
Jennifer | None
Faye | None
David | None
Julie | None
Chris | None
Grace | None
Andy | None
Liam | None
Andrew | None
Joe | None
Chelsea | None
Amy | None
Thomas | None
Jean | None
Lauren | None
Hana | None
Scott | None
Mandeep | None
Murat | None
Alana | None
Miraaj | None
Emma | None
Oliver | None
Siana | None
Grace | None
Debbie | None
Kate | None
Susan | None
Palash | None
Rosalind | None
Lakshmi | None
Mark | None
Kathleen | None
Charu | None
Martin | None
Rebecca | None
Nikhil | None
Adrienn | None
Ian | None
Emily | None
Gabriella | None
Holly | None
Jola | None
Grace | None
Abby | None
Caroline | None
Sixtine | None
Iraklis | None
Anshu | None
Shivani | None
Gary | None
Chris | None
Kristy | None
Abby | None
Atlee | None
Samantha | None
Stonyrae | None
Kelly | None
Lindsey | None
Kyle | None
Felicia | None
Tim | None
Jessica | None
Jonathan | None
Taylor | None
Sonia | None
Awatif | None
Lilibeth | None
Zach | None
Crystal | None
Edmund | None
Dorothy | None
Fazal | None
Christina | None
Christina | None
Jerry | None
Trey | None
Thomas | None
Israel | None
Anju | None
Christiaan | None
Niveth | None
Arelis | None
Jesus | None
Manohar | None
Christian | None
Chris | None
Catherine | None
Leigh | None
Catherine | None
Mandy | None
Andrew | None
Sara | None
Sarah | None
Kiran | None
Gary | None
David | None
Jeffrey | None
Will | None
Todd | None
Shesh | None
Reha | None
Brendan | None
Suresh | None
Jeffrey | None
Molly | None
Austin | None
Connor | None
Rich | None
Suzy | None
Elliot | None
Vijay | None
Peter | None
Rich | None
Julia | None
Jason | None
Alisa | None
Tia | None
brendan | None
Beth | None
Kimberly | None
Michael | None
Mason | None
Matthew | None
Michael | None
Michael | None
Mark | None
Adam | None
Allen | None
Allison | None
Brady | None
Brian | None
Peggy | None
Cameron | None
Brian | None
Marlon | None
Lorena | None
Linda | None
Tyler | None
Jon | None
Gabby | None
Dennis | None
Katherine | None
Arnold | None
Mary | None
Jonas | None
Leah | None
Stuart | None
Zachary | None
Daniel | None
Mark | None
David | None
Jubin | None
Jamie | None
Amanda | None
Nina | None
Alex | None
Lis | None
ReGina | None
Tyrel | None
Ramon | None
Kelli | None
Deidre | None
Edder | None
Puneet | None
DJ | None
Steve | None
Lindsay | None
Jonas | None
Drea | None
Mary | None
Lucinda | None
Brett | None
Amy | None
Anita | None
Kristen | None
Linoshka | None
Bill | None
James | None
Rebecca | None
Cash | None
Tyler | None
Gabreon | None
Erin | None
LaKeishea | None
Phyllis | None
Tina | None
Adrian | None
Adam | None
stacie | None
Earl | None
Heather | None
Scott | None
Scott | None
Rachna | None
Akilah | None
Sara | None
Bart | None
Tina | None
Amanda | None
Donny | None
Jasmine | None
Danielle | None
Drea | None
Alexander | None
Tarun | None
Caitlin | None
Gabreon | None
Roni | None
Erin | None
Riley | None
Adam | None
Kim | None
Erika | None
Marcy | None
Katie | None
Edder | None
Lucinda | None
Linoshka | None
Michael | None
Michael | None
Heather | None
Mark | None
stacie | None
James | None
Kellie | None
Kati | None
Laiken | None
Steve | None
Phyllis | None
Cash | None
Jeremy | None
Jamie | None
Tomeka | None
Rafael | None
Michelle | None
Anna | None
Stefy | None
Tyrel | None
Mindy | None
Shea | None
Adrian | None
David | None
Tyler | None
Joseph | None
Daniel | None
Amy | None
Kelli | None
Edith | None
Kim | None
Karla | None
Anna | None
Phil | None
Marjorie | None
Akilah | None
Casey | None
Bryan | None
Daniel | None
Heather | None
Casey | None
Jubin | None
Kellie | None
Kristen | None
Rick | None
Corina | None
Bethany | None
Nina | None
Thao | None
Terry | None
Marlene | None
Rick | None
Sharon | None
Vishal | None
Phil | None
Melody | None
Bethany | None
Alicia | None
Sean | None
Jim | None
Bryan | None
Marjorie | None
Latoya | None
Linoshka | None
Amanda | None
Clyde | None
Tyrel | None
Scott | None
Tyler | None
Jamie | None
Judy | None
Kristen | None
Jimel | None
Ramon | None
Darin | None
Michael | None
Nina | None
Lindsay | None
David | None
Grant | None
Linoshka | None
Jeanne | None
Michelle | None
Jean-Marc | None
Kevin | None
Kelly | None
Susan | None
Tiffany | None
Devon | None
Jon | None
Geoffrey | None
David | None
Jay | None
Jessica | None
Ryan | None
Linda | None
Clinton | None
Rajan | None
Grant | None
John | None
Angela | None
Ken | None
Ernesto | None
Dan | None
Sarah | None
Marian | None
Sean | None
Michael | None
David | None
Britt | None
Tiffany | None
Jabar | None
David | None
Gregory | None
Lori | None
David | None
Michele | None
Cris | None
Erin | None
Michelle | None
Perez | None
Dawn | None
Troy | None
Rahul | None
Nga | None
Lisa | None
Gregory | None
Matthew | None
Ninette | None
Anne | None
Ron | None
Nate | None
Gregory | None
Troy | None
Gary | None
Doug | None
Jordyn | None
Lisa | None
Michael | None
Brian | None
Rachel | None
Pierre | None
Kimberlee | None
Chris | None
Jason | None
Jeffrey | None
Melanie | None
John | None
John | None
Alejandro | None
Corie | None
Michele | None
Lori | None
Amy | None
Matt | None
Jada | None
Fred | None
Lauren | None
Gabriel | None
Vijay | None
John | None
Nate | None
Bill | None
Ashanti | None
Susan | None
Lisa | None
Stephanie | None
Allison | None
Andrew | None
Diwakar | None
Tejasvi | None
Tara | None
Amanda | None
Vivek | None
Sandy | None
John | None
Sarah | None
Jeffrey | None
John | None
Susan | None
Michael | None
Julie | None
LaKristan | None
Kaytee | None
Diane | None
Rachael | None
Lauren | None
Don | None
Laura | None
Stephanie | None
Melissa | None
Kathleen | None
Patty | None
Beth | None
Sarah | None
Stephanie | None
Karen | None
Audrey | None
Jeremy | None
Hannah | None
Maahin | None
Mickey | None
Palak | None
Varsha | None
Charanjeet | None
Meenakshi | None
Neha | None
Deepak | None
Mansi | None
Baljeet | None
Jyoti | None
Ashley | None
Shane | None
Mary | None
Sarah | None
Marc | None
Charles | None
Mary | None
Bob | None
Abby | None
Kati | None
Patrick | None
Maria | None
Pirlo | None
Jay | None
Pirlo | None
Jeff | None
Jay | None
Lisa | None
Devonta | None
Chad | None
Kristine | None
John | None
Lorenzo | None
Sterling | None
Conor | None
Jamie | None
Ian | None
Kelly | None
Conor | None
Dustin | None
Madison | None
Heidi | None
Kelly | None
Lawrence | None
Chad | None
Jay | None
Jason | None
Staci | None
Jackson | None
Jim | None
Neil | None
Les | None
Annette | None
Paul | None
Dan | None
Zac | None
Megan | None
Steve | None
Anthony | None
Mike | None
Ashley | None
Angela | None
Chris | None
Ayesha | None
Clare | None
John | None
Natalie | None
Alexandra | None
Alex | None
Elise | None
Dustin | None
Isaac | None
Carolina | None
Sara | None
Brianna | None
Sinéad | None
Pascha | None
Emeley | None
Monica | None
Vanessa | None
Susann | None
Emily | None
Leticia | None
Mary | None
Henrietta | None
Jacob | None
Jessica | None
Liz | None
Stephanie | None
Roya | None
Jennifer | None
Katrina | None
Tali | None
Christina | None
Justin | None
Gilbert | None
Robert | None
Devon | None
Meghan | None
Jessica | None
Jeniffer | None
Liz | None
Morgan | None
Jayda | None
Liz | None
Anissa | None
Marissa | None
Lizzy | None
Scott | None
Abigail | None
Allison | None
Jaclyn | None
Jessica | None
David | None
Cooper | None
Kenna | None
Neha | None
Sydney | None
Deborah | None
Tabitha | None
Teresa | None
Thanveer | None
Christy | None
Chris | None
Brian | None
Blesso | None
Amit | None
Ted | None
Ke | None
Fullerton | None
Ana | None
Sonia | None
Ana | None
Anthony | None
Fabrice | None
Mengyu | None
Lucía | None
Sofía | None
Juliana | None
Chloé | None
raúl | None
josé | None
eva | None
david | None
camille | None
agustina | None
Guillaume | None
Monica | None
Nassim | None
Daniel | None
Amélie | None
Jaime | None
Azahara | None
Brian | None
Miguel | None
Brigitte | None
Sofía | None
Julia | None
Antoine | None
Aurore | None
Rodrigo | None
Alicia | None
Ahmed | None
Rodrigo | None
Attila | None
Yacine | None
Julia | None
Abigail | None
Emmanuel | None
Cory | None
Samiyah | None
Abigail | None
Evane | None
Cristian | None
Anthony | None
Hamza | None
Yacine | None
Roxana | None
Maélia | None
Lucía | None
Fabrice | None
Maëlle | None
Sonia | None
Aurelia | None
Sophie | None
Younes | None
Lukas | None
Laura | None
Amélie | None
Mónica | None
Javier | None
Dylan | None
Daniel | None
Lucía | None
Andrea | None
Océane | None
Julieta | None
Samiyah | None
Nyambura | None
Jaila | None
Julia | None
Deborah | None
Jordan | None
Elaura | None
Ségolène | None
Mickael | None
Ronaldo | None
Rocío | None
Beatriz | None
Thibault | None
Azahara | None
Rhadija | None
Julia | None
Houssem | None
Elodie | None
Julien | None
Alejo | None
Vesna | None
Hicham | None
Evane | None
Jade | None
Marcus | None
aarti | None
Ayra | None
Stella | None
miller | None
annie | None
Samantha | None
Ruby | None
Preeti | None
Bethann | None
Aswini | None
Paarindra | None
Faisal | None
Sirisha | None
Suman | None
Suman | None
Rama | None
Deepa | None
Paarindra | None
Lauren | None
celeste | None
Sofia | None
Brian | None
Trisha | None
Tiffany | None
Chris | None
Brian | None
Sofia | None
William | None
Tiffany | None
Dain | None
Douglas | None
Dain | None
Trisha | None
William | None
Jenny | None
David | None
Nicole | None
Brenda | None
Ray | None
Cameron | None
Debbie | None
Tracy | None
Michael | None
Jennifer | None
Carmen | None
natalie | None
Hyeli | None
Vonda | None
Tayo | None
Chris | None
Anthony | None
Jo | None
Angela | None
Daniel | None
miranda | None
yolliz | None
Laiphone | None
Kyle | None
Alex | None
stuart | None
peter | None
peggy | None
Kevin | None
nicole | None
DeeAnn | None
Hanmei | None
Rashida | None
kimberly | None
Sara | None
Laura | None
Brandon | None
Susan | None
Henry | None
Daniel | None
Scott | None
Hurley | None
Gerardo | None
Brice | None
Dale | None
Lance | None
Reco | None
Melanie | None
Brian | None
donny | None
dena | None
cody | None
cassandra | None
barbara | None
Angela | None
Daniel | None
Starr | None
Steven | None
Elizabeth | None
kenn | None
jon | None
Amit | None
jinia | None
james | None
John | None
erin | None
Steve | None
Jennifer | None
Broghan | None
Jazmyn | None
Dan | None
Martin | None
Johnathon | None
Frank | None
Coco | None
Nicholas | None
Brian | None
William | None
Jonathan | None
Sandy | None
Jennifer | None
Jared | None
Corrie | None
Thu | None
Huu | None
Parasa | None
Melissa | None
Emma | None
Thai | None
Kien | None
Hau | None
Keith | None
Carey | None
Katie | None
Stefan | None
Sadia | None
Cody | None
Gabriele | None
Fatlum | None
Maria | None
Mitch | None
Roberta | None
Andrea | None
Giorgia | None
Amrita | None
Sat | None
Gustavo | None
Isha | None
Suneel | None
Amerigo | None
Sabina | None
Magdalena | None
Sadia | None
Manuela | None
Maria | None
Gian | None
Valeria | None
Sofia | None
Willis | None
Isidoro | None
Vera | None
Khushbu | None
Stefan | None
Joubert | None
Diana | None
Jean | None
Valeria | None
Manuela | None
Sabina | None
Cody | None
Roberta | None
Valentina | None
Fatlum | None
Federico | None
Mervyn | None
Clara | None
Andrzej | None
Sat | None
Suneel | None
Giorgia | None
Isha | None
Magdalena | None
Marina | None
Rishika | None
Maria | None
Gabriele | None
Sara | None
Valentina | None
Gustavo | None
Amrita | None
Simone | None
Andrea | None
Araujo | None
Akshay | None
Mitch | None
David | None
Carol | None
Alex | None
Laurie | None
Vasanth | None
Adriana | None
Jeff | None
Nadeem | None
Nandikanti | None
Anne | None
Mark | None
Laura | None
Carlos | None
Naveen | None
Kyle | None
Vasudha | None
Piper | None
Ranu | None
Tyler | None
Tyler | None
Stephen | None
Janet | None
Michelle | None
Kevin | None
Joseph | None
Kevin | None
Mark | None
Janet | None
Jodi | None
Michelle | None
Susan | None
Stuart | None
Michelle | None
Gillian | None
Steven | None
Nicholas | None
Rona | None
Judith | None
Arthur | None
Matt | None
Kyle | None
Adam | None
Bob | None
Danielle | None
Chris | None
Katharine | None
Hashim | None
Bob | None
Brooke | None
Glaiza | None
Corey | None
Norm | None
Christopher | None
Monique | None
Adeola | None
Mariya | None
Mairim | None
Joseph | None
Joseph | None
Elizabeth | None
Katharine | None
Chris | None
Elizabeth | None
Czaria | None
Jean | None
James | None
Czaria | None
Bill | None
Jillian | None
Kathy | None
Glaiza | None
Jacque | None
Glaiza | None
Rona | None
Nicholas | None
Kevin | None
Stuart | None
Domenick | None
Hayley | None
Julia | None
Anna | None
Caitlin | None
Courtney | None
Doug | None
Connor | None
Yasmine | None
Miles | None
Katie | None
Travis | None
T.J. | None
Ryan | None
Ryan | None
Judy | None
Greg | None
Stacia | None
Brianna | None
Kristen | None
Amanda | None
Chris | None
Kirsten | None
Allie | None
Kristen | None
Allie | None
Cameron | None
Kaushik | None
Erik | None
Jack | None
Rohit | None
Mahesh | None
Gabriella | None
Drew | None
Samantha | None
Christopher | None
Dominika | None
Alex | None
Leslie | None
Christine | None
Allison | None
Karen | None
Heather | None
Annmarie | None
Emma | None
Megan | None
Erin | None
Ryan | None
Marissa | None
Sophia | None
Ashley | None
Marnie | None
Alyssa | None
Michelle | None
Kailey | None
Allie | None
Sean | None
Nicole | None
Jason | None
Cliff | None
Devyani | None
Yamilet | None
Aaron | None
Claudette | None
Samantha | None
Amanda | None
Michelle | None
Brooke | None
Jody | None
Maribell | None
Gavin | None
Samantha | None
Kristell | None
Kathryn | None
Patrick | None
Michelle | None
Houa | None
Neetika | None
Elizabeth | None
Allyson | None
Jodi | None
Shannon | None
Anthony | None
Chrissy | None
Jeremy | None
Toni | None
Laura | None
Amanda | None
Brianne | None
Jaime | None
Timothy | None
Aaron | None
Michelle | None
Taylor | None
Bruce | None
Noel | None
Terri | None
Tamika | None
Bhoomi | None
Jill | None
Tres | None
Movin | None
DNene | None
Lindsay | None
Carrie | None
Melanie | None
Christopher | None
Sherri | None
Andie | None
Melissa | None
Maulik | None
Neha | None
Mitesh | None
Nirja | None
Abhishek | None
Vishal | None
Himanshu | None
Deepti | None
Shikha | None
Erica | None
George | None
Jai | None
Aniket | None
Ankita | None
Nayan | None
Ashli | None
Lee | None
Toni | None
Brittany | None
Janelle | None
Mary | None
Amy | None
Jakob | None
James | None
Katherine | None
Maria | None
Allie | None
Greg | None
LaKesha | None
Melinda | None
Karen | None
Rashmi | None
Donna | None
Rakiiba | None
Laresa | None
Cristal | None
Denise | None
Samantha | None
Joan | None
Alycia | None
Autumn | None
Matthew | None
Mary | None
Starla | None
Sara | None
Kareem | None
Jenine | None
Heidi | None
Gabe | None
Danyelle | None
Kyle | None
Tracy | None
Suzanne | None
Katherine | None
Dan | None
Rachel | None
Arsenio | None
Lora | None
Angelina | None
Greg | None
Chloe | None
Cole | None
Marissa | None
Amanda | None
Jacob | None
Antoinette | None
Michelle | None
Deepthi | None
Nicole | None
Megan | None
Jesse | None
Kimberly | None
Curtis | None
Amy | None
Kelsey | None
Karen | None
James | None
Michelle | None
Kimberly | None
Prachit | None
Ashish | None
Kristen | None
Jaydeep | None
Lynn | None
Olivia | None
Jeffrey | None
Lesli | None
Barbara | None
Arianna | None
Francine | None
Jeimy | None
Olivia | None
Emily | None
David | None
Idris | None
Tracy | None
Eric | None
Cheryl | None
Alexys | None
Katie | None
Michelle | None
Monika | None
Tyler | None
Alex | None
Tina | None
Veronica | None
Mia | None
Jean-Marie | None
Jennifer | None
Patrick | None
Michael | None
Savannah | None
Rochell | None
Anand | None
Shaik | None
Beth | None
Sherlyn | None
Alec | None
Jenny | None
Juanita | None
Yamaira | None
Moises | None
Michele | None
Kelly | None
Gail | None
Greta | None
Hal | None
Amanda | None
John | None
Scott | None
Richard | None
Richard | None
Misty | None
Michael | None
Eric | None
Lori | None
Jonathan | None
James | None
Cory | None
Brian | None
Kyle | None
Steve | None
Mayra | None
Christopher | None
Till | None
Aaron | None
Elissa | None
Lisa | None
Wendy | None
Allen | None
Andrew | None
Ry | None
Matthew | None
Jonathan | None
Bruce | None
Joe | None
Bill | None
Isaiah | None
Wayne | None
Dylan | None
Paul | None
Austin | None
Thomas | None
Nancy | None
Greg | None
Matthew | None
Mike | None
Tyler | None
Natalie | None
Zaki | None
Sriharsha | None
Chris | None
Rameshwar | None
Pat | None
Leslie | None
Vanita | None
Arun | None
Eljay | None
Jim | None
Deepak | None
Selvam | None
Raji | None
Joan | None
Arun | None
Amarjeet | None
Tammy | None
Carlton | None
Patrick | None
Philsearch | None
Freda | None
Sean | None
Frank | None
Raji | None
Karesh | None
Carlton | None
Amarjeet | None
Pat | None
Selvam | None
Raji | None
Patrick | None
Rameshwar | None
Deepak | None
Tim | None
Kelly | None
Jonathan | None
Tim | None
Joyce | None
Louise | None
Carey | None
Christine | None
David | None
Tanya | None
Joel | None
Cyndy | None
MikEd | None
Amiel | None
Cassie | None
REN | None
Kelly | None
Elmer | None
John | None
Rita | None
Myro | None
Nizah | None
Edwin | None
La | None
Scott | None
Dave | None
Mindy | None
Jan | None
Caroline | None
Desmond | None
Vincent | None
John | None
Arthur | None
Jeffrey | None
Michael | None
Chris | None
Adrienne | None
Brian | None
Quency | None
Ron | None
Jon-Ray | None
Stephanie | None
Joven | None
Lance | None
Colin | None
Nicholas | None
Kate | None
Napoleon | None
Aileen | None
George | None
Rachel | None
Bryson | None
Rom | None
Aya | None
Ivan | None
Jennifer | None
Rob | None
Tamiko | None
McKenzie | None
Cheryl | None
Marilyn | None
Stephen | None
Joshua | None
Lauren | None
Angela | None
Liana | None
Heather | None
Michael | None
Olga | None
Tayler | None
Tim | None
Monty | None
Patrice | None
Shayla | None
Webster | None
Andrea | None
Eric | None
Allen | None
Fiona | None
Jim | None
Matthew | None
Catherine | None
Frank | None
Nandan | None
Steven | None
Roland | None
Jeevan | None
Radheshyam | None
Kyle | None
Kyle | None
William | None
Douglas | None
Stephanie | None
Bart | None
Monica | None
Mahima | None
James | None
Ashley | None
Tracy | None
Monty | None
Joann | None
David | None
BETTYE | None
Nazim | None
John | None
Anna | None
Lisa | None
Richard | None
Debbra | None
Dylan | None
Ashok | None
Paul | None
Crystal | None
Prakash | None
Sharon | None
Rosie | None
Benjamin | None
Bill | None
JoJo | None
Mike | None
Crystal | None
Fred | None
Dona | None
Phaedra | None
Janet | None
Katherine | None
Tony | None
Tony | None
Eric | None
Thomas | None
Carol | None
Palumbo | None
Lillian | None
Lillian | None
Linda | None
Michelle | None
Jinny | None
Carol | None
Linda | None
Brittany | None
Nancy | None
Janell | None
Edward | None
Carlos | None
Savanah | None
Keith | None
Katherine | None
Sakthi | None
Tyler | None
Linsie | None
Andrew | None
Bryan | None
Justin | None
Tony | None
Michael | None
jagabar | None
Tim | None
Greetings | None
Ernest | None
Aaron | None
Lee | None
Jonna-Li | None
Sharon | None
John | None
Sharon | None
Juliette | None
Paula | None
Dan | None
Gabriella | None
Jennifer | None
Felicia | None
Simone | None
Rhonda | None
Victoria | None
Stephen | None
Errin | None
Farzana | None
Eldar | None
Samuel | None
Joyce | None
Michael | None
Ugo | None
Oscar | None
Samantha | None
Roe | None
Tyler | None
Tammy | None
William | None
Chelsea | None
Kasey | None
Julie | None
Dan | None
Doug | None
Michele | None
David | None
Adam | None
Teresa | None
Christina | None
Amanda | None
Joselyn | None
Lorena | None
Sakshi | None
Sylvia | None
Deborah | None
Shannon | None
Amber | None
Diane | None
Michael | None
Chris | None
Basil | None
Patrick | None
Shannon | None
Gwendolyn | None
Osvaldo | None
Sonny | None
Barnes | None
Quay | None
Ashley | None
Tim | None
Elizabeth | None
Katie | None
Elizabeth | None
Megan | None
Mackenzie | None
Kristin | None
Monica | None
Rachel | None
Rachel | None
Melat | None
Martin | None
Audrey | None
Fayeann | None
Thomas | None
Jake | None
Gary | None
Kyle | None
Max | None
Kathryn | None
Tyler | None
James | None
Abdul | None
Sunny | None
Adam | None
Carolyn | None
Shawn | None
Jordan | None
Jason | None
Marlee | None
Lilly | None
Charlotte | None
Maxwell | None
Jessica | None
Matt | None
Prashant | None
Yogeshwar | None
Vishal | None
Valerie | None
Suparna | None
Shelli | None
Selva | None
Rohit | None
Piyush | None
Kyle | None
Kate | None
Nitin | None
Sana Abdallah | None
Garima | None
Anna | None
Sahar | None
Aniket | None
Krishna | None
Naresh | None
Yogeshwar | None
Suparna | None
Hitesh | None
Ajay | None
Paritosh | None
Jamal | None
Venkat | None
Irfan | None
Ankit | None
Rajat | None
Piyush | None
Devarshi | None
Aparna | None
Nitin | None
Meghana | None
Rahul | None
Jason | None
Valerie | None
Nathan | None
Sid | None
T | None
Mithun | None
Kiran | None
Abhishek | None
Sean | None
Mike | None
Aveesh | None
Olympia | None
Victoria | None
Tina | None
Marlee | None
Kim | None
Sugitha | None
Heather | None
Ayush | None
Nick | None
Farah | None
Millie | None
Saman | None
Harshita | None
Anupam | None
Avni | None
Amanda | None
Sean | None
Karah | None
Vishal | None
Lathika | None
Ryan | None
Niraj | None
Mani | None
Arun | None
Sandeep | None
Rohit | None
Meghana | None
Naresh | None
Kamal | None
kamal | None
Jennifer | None
Jeeva | None
Ashu | None
Kleran | None
Shannon | None
Preeti | None
Mithun | None
Hari | None
Jennifer | None
Krishna | None
Anand | None
Krishna | None
Prashant | None
Lakshya | None
Aayam | None
Saranya | None
Divyani | None
Morgan | None
Ankita | None
Aniket | None
Anand | None
Alok | None
Ajay | None
Adam | None
Tina | None
Ranjith | None
Barun | None
Jan | None
Brandie | None
Matt | None
Karlee | None
Morgan | None
Angel | None
Terri | None
Melissa | None
Will | None
Kinzie | None
Hadyn | None
Elizabeth​ | None
Hannah | None
Whitney | None
Paul | None
Madeline | None
James | None
Matt | None
Taylor | None
Connor | None
Zachary | None
Justin | None
Dawn | None
Charmaine | None
Brendan | None
Caitlin | None
Victoria | None
Enrrique | None
Laura | None
Paul | None
Victoria | None
Paul | None
Melanie | None
Jacob | None
Hannah | None
Angel | None
Sydney | None
Lindsey | None
Chris | None
Cynthia​ | None
Ronald | None
Kerry | None
Alivia | None
Chelsea | None
Reagan | None
CJ | None
Chencia | None
Kimberly | None
Scott | None
Ryan | None
Natalie | None
Jennifer | None
Fran | None
Craig | None
Colton | None
Tanner | None
Charmaine | None
Bella | None
Andy | None
Andy | None
Allison | None
Catalina | None
Terri | None
Mary | None
Randy | None
Blake | None
Edgar | None
Jordan | None
Gina | None
Carly | None
Tyler | None
Michael | None
Steve | None
Hunter | None
Gina | None
Gabrielle | None
Zaven | None
Kyli | None
Jennifer | None
Madison​ | None
Mai | None
Paul​ | None
Gabrielle | None
Musharraf | None
Rajveer | None
Tracy | None
Shivam | None
Tanya | None
Sandeep | None
Saloni | None
Marcus | None
Jim | None
Mary | None
Jonathan | None
Linda | None
Linda | None
Lori | None
Antoine | None
Carolina | None
Crystal | None
Jeannine | None
Damaris | None
Donny | None
Erica | None
Erik | None
Iris | None
James | None
Jorge | None
Kathrine | None
Keionna | None
Laura | None
Danielle | None
Laura | None
Tonya | None
Manuel | None
Stephen | None
Scott | None
Aibek | None
Trent | None
Paul | None
Marty | None
Anshika | None
Ajay | None
Dustin | None
Afsha | None
Vinay | None
Nupoor | None
Ashika | None
Michael | None
Prerita | None
Cherin | None
Denise | None
Brent | None
Phoebe | None
Jessica | None
Jennifer | None
Jani | None
Nicci | None
Tori | None
Vanessa | None
Korallynn | None
Amanda | None
Sara | None
Merlin | None
Tess | None
Chase | None
Jenny | None
Stephanie | None
Vaughn | None
Will | None
Brenna | None
Bobbi-Lyn | None
Aaron | None
Ally | None
Alexa | None
Shyrmagne | None
John | None
Kristen | None
Anne | None
Jennifer | None
Shannon | None
Rick | None
Jerry | None
Kendra | None
Kopal | None
Kristy | None
Lauren | None
Lesley | None
Luther | None
Marilyn | None
Shands | None
Jane | None
Hannah | None
Nate | None
Gracyn | None
Claire | None
Chuck | None
Christina | None
Brittany | None
Ranna | None
James | None
Heather | None
Julie | None
Tamilvani | None
Bernard | None
Siobhan | None
Sami | None
Roy | None
Trevor | None
Enoch | None
Carol | None
Nicole | None
Gary | None
Mark | None
Roscoe | None
Michael | None
Adelyn | None
Betsy | None
Bob | None
Christopher | None
Tanya | None
Tamilvani | None
Juan | None
Nick | None
Quynh | None
Matthew | None
Vicki | None
Trevor | None
Tamara | None
Sherry | None
Shelly | None
Reid | None
Rebekah | None
Patti | None
Matt | None
Keith | None
Joe | None
Julie | None
Justin | None
Greg | None
Andre | None
Trevor | None
jasmine | None
Sanjay | None
Brooke | None
Sami | None
Trevor | None
Joe | None
Sherry | None
Tamara | None
Juan | None
Shelly | None
Nick | None
Greg | None
Gary | None
Emily | None
Bernard | None
Siobhan | None
Vicki | None
Parker | None
Justin | None
Kevin | None
Julie | None
Emily | None
Carol | None
AJ | None
Juan | None
Sanjay | None
Rebekah | None
TaMara | None
Justin | None
Joe | None
Greg | None
TJ | None
Bernard | None
Siobhan | None
Sherry | None
Rebekah | None
Greg | None
Vicki | None
AJ | None
Juan | None
Sanjay | None
Will | None
Quynh | None
Patti | None
Vicki | None
Joe | None
Patti | None
Jess | None
Alyssa | None
Giselle | None
Lindsey | None
Will | None
Tony | None
Patrick | None
Joe | None
Bob | None
Brett | None
Joseph | None
Richard | None
Reed | None
Ken | None
Rodrick | None
Rodney | None
Dan | None
Joe | None
Tom | None
Satish | None
Annie | None
Honglin | None
Javier | None
Patti | None
Caroline | None
Chelsie | None
Ian | None
Jeannine | None
Emily | None
Terri | None
Ashley | None
Jennifer | None
Evan | None
Brandon | None
Ellie | None
Rebecca | None
Ben | None
Daniel | None
Sai | None
pavani.muppallaa | None
Vamshi.Krishna | None
Mark | None
Juliana | None
Michael | None
Adrian | None
Marlon | None
Cristina | None
Lais | None
Diana | None
Dave | None
Adam | None
Rajesh | None
Sunil | None
Reepa | None
Spencer | None
Anin | None
Lauren | None
James | None
Jorge | None
Jocy | None
Dave | None
Schenley | None
James | None
Dave | None
Charles | None
James | None
Nadia | None
Schenley | None
Robert | None
Kim | None
Alyssia | None
Carly | None
Erica | None
Charles | None
Chris | None
Jessica | None
Jimmy | None
Steven | None
Benjamin | None
Evan | None
John | None
Jon | None
Jon | None
Thailar | None
Michael | None
Ronald | None
Vincent | None
Eric | None
Rachel | None
Janell | None
Brad | None
Paul | None
Doug | None
Rebecca | None
Elizabeth | None
Eric | None
Pawn | None
Gene | None
Aparna | None
Jordan | None
Ryan | None
Matisse | None
Sally | None
Roger | None
Tim | None
Mary | None
Steve | None
Craig | None
Joshua | None
Nicklaus | None
Debra | None
Michael | None
Nicola | None
Damien | None
Casey | None
Abbey | None
Dillibabu | None
Tanya | None
John | None
Nicklaus | None
Dubois | None
Lauren | None
Peter | None
Kim | None
Abbey | None
Michael | None
dave | None
Raj | None
Venetia | None
Kelly | None
Larry | None
Grzegorz | None
Scott | None
Bilal | None
Paul | None
Brittney | None
Robert | None
Dillibabu | None
Nicola | None
McKenzie | None
Barbara | None
Peter | None
Christopher | None
Steve | None
Scott | None
Stanley | None
Damien | None
Mindy | None
Tyler | None
Christy | None
Lauren | None
Casey | None
Jeremy | None
Robert | None
Jyoti | None
Tom | None
Ann | None
Patrick | None
Debra | None
Larry | None
Dubois | None
Patrick | None
Dubois | None
McKenzie | None
Brittney | None
Kim | None
Matthew | None
Joshua | None
Barbara | None
Craig | None
Tom | None
José | None
John | None
Tyler | None
LinkedIn | None
Mindy | None
Larry | None
Damien | None
Tom | None
Jordan | None
Courtney | None
Stefanie | None
TJ | None
Joshua | None
Maxim | None
Heather | None
Alfred | None
Kassandra | None
Jake | None
Mirza | None
Tristen | None
Boris | None
Robby | None
John | None
Morgan | None
Donna | None
Jeff | None
Corey | None
Mark | None
Amanda | None
Jenny | None
Paige | None
Steven | None
Amber | None
Mallery | None
Lizzie | None
Angela | None
Kathleen | None
Michael | None
Toby | None
Dan | None
Todd | None
Joe | None
Jennifer | None
Joel | None
Megan | None
Alex | None
Sue | None
Nicole | None
Boris | None
Greg | None
Harold | None
Joe | None
Nick | None
Nick | None
Shawn | None
Tamara | None
Todd | None
Lindsay | None
Sara | None
Neelima | None
Todd | None
Colin | None
Danny | None
Luda | None
Craig | None
Deidre | None
Jesse | None
Dan | None
Alex | None
Mirza | None
Tamra | None
Craig | None
Mark | None
Lindsay | None
Jon | None
Jonah | None
Amanda | None
Bill | None
Shawna | None
Jessica | None
Joel | None
Jack | None
Christina | None
Tina | None
Robby | None
Jeremy | None
Todd | None
John | None
Shawna | None
Greg | None
Drew | None
Jenny | None
Owen | None
Renee | None
Richard | None
Sam | None
Tim | None
Simon | None
Emaly | None
Cameron | None
Oliver | None
Sean | None
Natasha | None
Steven | None
Louis | None
David | None
Michael | None
Amel | None
Barbara | None
Callum | None
Alex | None
Lauren | None
Felix | None
Heather | None
Justin | None
Farhiya | None
Kaitlin | None
Alex | None
Stacy | None
Sean | None
Noemi | None
Madelyne | None
Laura | None
Lalah | None
Nicholas | None
Juana | None
Jenny | None
Fabiola | None
Edlyn | None
Christopher | None
Bella | None
Barbara | None
Juanita | None
Marisol | None
jason | None
Matthew | None
Wendo | None
matthew | None
Benjamin | None
Tanisha | None
adi | None
Glen | None
Rebecca | None
Piper | None
romie | None
Dennis | None
Jackson | None
Benton | None
wendy | None
Benton | None
Catalina | None
Drew | None
Luo | None
Adam | None
Kelsey | None
Sara | None
Adam | None
David | None
Gus | None
Piper | None
vanessa | None
Blythe | None
tanya | None
Shaun | None
Catalina | None
Cal | None
Andrew | None
Luo | None
Shaun | None
Blythe | None
Jud | None
Drew | None
David | None
Gus | None
Kelsey | None
Cal | None
Rebecca | None
Tanisha | None
Abeyd | None
Matan | None
Jackson | None
Bill | None
Piper | None
Dennis | None
Benjamin | None
adi | None
Arlene | None
Glen | None
Eran | None
Jud | None
Kelsey | None
Andrew | None
David | None
Wendy | None
Oliver | None
Stephen | None
Leigh | None
Joe | None
Paul | None
Akshitha | None
Paula | None
Danielle | None
Octavius | None
Jason | None
Claudette | None
Madeline | None
Bob | None
Tanner | None
Patrick | None
Meredith | None
Steven | None
Robert | None
Nathaniel | None
Jonathan | None
Jacob | None
Felix | None
Bill | None
Alexis | None
Susan | None
Timothy | None
Olivia | None
Leonardo | None
Kristin | None
Tony | None
Manpreet | None
tiffanie | None
taylor | None
tatyana | None
stacy | None
ryan | None
robin | None
robin | None
robert | None
rachel | None
nicole | None
kara | None
Tiffany | None
jay | None
henry | None
emily | None
donna | None
danielle | None
corey | None
brenna | None
Jayne | None
Robert | None
Meredith | None
Mackenzi | None
William | None
jamie | None
Erin | None
Eric | None
Joe | None
Taylor | None
Travis | None
Mackenzi | None
Michael | None
Dan | None
Sherah | None
Jeremy | None
Alex | None
Sadia | None
Jatin | None
Nathan | None
Nina | None
Chris | None
Raj | None
Ankur | None
Alexis | None
Sarah | None
Greg | None
Aaron | None
Darlene | None
Jacob | None
Anthony | None
Sarah | None
Ben | None
Jatin | None
Adam | None
Kevin | None
Sue | None
Eric | None
Danielle | None
Darlene | None
Sarah | None
Jeffrey | None
Jayne | None
Sarah | None
Jared | None
Hannah | None
Nicholas | None
Rebecca | None
Emily | None
Romoke | None
Mackenzi | None
Sherah | None
Haybe | None
Sadia | None
Edward | None
Travis | None
Harps | None
Anne | None
Team | None
Nina | None
Taylor | None
Alexis | None
Joe | None
Guenevere | None
Steven | None
Jennifer | None
Emily | None
Darlene | None
Rachel | None
Maggie | None
Dedrick | None
Michael | None
Kristen | None
Joshua | None
Mariah | None
Nicole | None
Arshad | None
Christopher | None
Chirag | None
Jay | None
Michael | None
Greg | None
Ana | None
Jenna | None
Michael | None
Fritz | None
Mario | None
Skyler | None
Brent | None
Bob | None
Elise | None
DeAndre | None
Girija | None
Mohammed | None
Joseph | None
Whitney | None
Jordan | None
Diogenes | None
Elena | None
Jonathan | None
Daniel | None
Annie | None
Jayla | None
Tracy | None
Kevin | None
Sajjad | None
Yetunde | None
Heidi | None
Muhammad | None
Jeziel | None
Lynda | None
John | None
John | None
Ashley | None
Audrey | None
Holly | None
Chad | None
Pete | None
Arnaldo | None
Charles | None
Eileen | None
John | None
Tanya | None
Andrew | None
JOHN | None
Becky | None
Bih | None
Dean | None
Alyssa | None
Jake | None
Hala | None
Josh | None
Zerin | None
Guillam | None
Holly | None
Huzaifa | None
Steven | None
Sarah | None
Kevin | None
Kevin | None
Renell | None
Shaza | None
Jason | None
Shawn | None
Troy | None
Peter | None
Savannah | None
Dustin | None
Sheila | None
Janet | None
Louis | None
Jason | None
Purple | None
Chris | None
Kelly | None
Jamie | None
Frank | None
Olivia | None
Jon | None
Lexi | None
JANELE | None
Matt | None
Sheila | None
Justin | None
Katie | None
Lisa | None
John | None
Andreia | None
Henry | None
Bobby | None
Mark | None
Sohail | None
Joy | None
Angela | None
Pritesh | None
Kelly | None
Tricia | None
Mark | None
Katie | None
Jill | None
Rich | None
Ana | None
Ben | None
John | None
Jemma | None
Arriel | None
Carmen | None
Ryan | None
Xanthe | None
Marie | None
Fatima | None
Syed | None
Chris | None
Josh | None
Tony | None
Taylor | None
Lazaro | None
Victoria | None
Gillian | None
Megan | None
Rachel | None
Joe | None
Christine | None
Joanie | None
Jennifer | None
Dominique | None
Becca | None
Bob | None
John | None
Jyothi | None
Cynthia | None
Jolie | None
Robert | None
Katelyn | None
Beth | None
Tiffni | None
Katie | None
John | None
Sarah | None
Christine | None
Peggy | None
Rene | None
Carolyn | None
Rosa | None
Payal | None
Michelle | None
Kyle | None
Jaime | None
Stephanie | None
Cirilo | None
Mía | None
Vanessa | None
Samantha | None
Drake | None
Leticia | None
Shelly | None
Vanessa | None
Dale | None
Hakeen | None
Elena | None
Janet | None
Mariah | None
Tom | None
Abas | None
Luis | None
Sep | None
Adrian | None
Telma | None
Julibe | None
Brianna | None
Edgar | None
Jose | None
Robert | None
Cynthia | None
Ruth | None
Pauline | None
Nicole | None
June | None
Giovany | None
Luis | None
Jacqueline | None
Michelle | None
Soledad | None
Maria | None
Angie | None
Eleazar | None
Alma | None
Tania | None
Karla | None
Adele | None
Valeria | None
Victor | None
Andrew | None
Marko | None
Thomas | None
Lisa | None
Matthew | None
Tyler | None
Monica | None
Adam | None
Alesia | None
Brooke | None
Diane | None
clay | None
jessica | None
marina | None
sherry | None
Bethany | None
Cathy | None
Heather | None
Brennan | None
hunter | None
Phil | None
Abby | None
David | None
Tanner | None
Ty | None
Lisa | None
Tyler | None
Heather | None
Kayce | None
Nicholas | None
Sarah | None
Bethany | None
Kim | None
Kristin | None
Trevor | None
Herb | None
Brittany | None
Walt | None
Solomon | None
Zac | None
Tyler | None
Jim | None
Branden | None
Kate | None
Kate | None
Dave | None
Branden | None
Michelle | None
Phil | None
Brennan | None
Ben | None
Matt | None
Kacy | None
Matthew | None
Richie | None
Kyle | None
Brandi | None
Scott | None
Tanner | None
Kim | None
Tyler | None
Jennifer | None
Michelle | None
Gracie | None
Bryson | None
Kyle | None
Jennifer | None
Tanner | None
Lisa | None
Scott | None
Gracie | None
Kacy | None
Matthew | None
Brandi | None
Kim | None
Richie | None
Thomas | None
Tonya | None
Dave | None
Dan | None
Herb | None
Phil | None
Brandi | None
Ciera | None
Kristin | None
Kim | None
Teri | None
Robert | None
Thomas | None
Bryson | None
Nathanael | None
Cathy | None
Kevin | None
Taylor | None
Sami | None
Nicole | None
Phyllis | None
Paula | None
Mildred | None
David | None
Alexandria | None
Emma | None
Elizabeth | None
Shelly | None
Melissa | None
Yevgenia | None
Freda | None
Quincy | None
Marnie | None
Tanja | None
Mike | None
Nick | None
Lauren | None
Joseph | None
Austinn | None
Taylor | None
Ally | None
Nathan | None
Melissa | None
Ryan | None
Sabeen | None
Summer | None
Phyllis | None
Adam | None
Heather | None
Matthew | None
Steven | None
Yevgenia | None
John | None
Claudia | None
Marnie | None
Frederick | None
Julian | None
Kai | None
John | None
Heather | None
Cassandra | None
Brett | None
Andrea | None
Amir | None
Jaclyn | None
Kai | None
Ryan | None
Claudia | None
Scott | None
Julian | None
John | None
Dianne | None
Amber | None
Nicole | None
Christine | None
Brandon | None
Yevgenia | None
Karina | None
David | None
Liam | None
Mildred | None
Laura | None
Jocelyn | None
Stephenie | None
Sami | None
Buck | None
Karina | None
Klaudia | None
Kathy | None
Mary | None
Nicolas | None
Heather | None
Freda | None
Emma | None
Elizabeth | None
Buck | None
Tressa | None
Paula | None
Tracey | None
Augusto | None
Rebecca | None
Klaudia | None
Kelli | None
Michael | None
Vasyl | None
Hannah | None
Akemi | None
Akemi Turner | None
Carter | None
Jake | None
John | None
Jay | None
Heather | None
Lindsey | None
Mike | None
Talent | None
Sean | None
Jared | None
Darren | None
Phil | None
Jill | None
Ashlee | None
Mike | None
Matt | None
Brenda | None
James | None
Morgan | None
Ben | None
Peter | None
Rob | None
Jason | None
Justin | None
Paulo | None
Ana | None
Bruno | None
Tracey | None
Emilia | None
Mary | None
Michael | None
Rachel | None
Tricia | None
Colleen | None
Georgia | None
Paul | None
Chris | None
Ram | None
Kimberly | None
Samantha | None
Martin | None
Beatriz | None
Anthony | None
Anne-Marie | None
William | None
Daniel | None
Ivy | None
Denyonta | None
Tim | None
Michael | None
Mary | None
Tremain | None
Katie | None
Peter | None
Sai | None
Jesse | None
Nicole | None
James | None
Magen | None
Christin | None
Dan | None
Myles | None
Kaushik | None
John | None
Andy | None
Joseph | None
Andy | None
Aubrey | None
Haley | None
Frank | None
John | None
Daniel | None
Rohit | None
Ishan | None
Christian | None
Qiana | None
Micaela | None
John | None
Tonya | None
Aleksandar | None
Tearsa | None
Dmitriy | None
Sean | None
Rachele | None
Robert | None
Susanna | None
Joe | None
Ken | None
Stephanie | None
Simon | None
James | None
Katie | None
Tracy | None
Angela | None
Kacy | None
Amy | None
Deon | None
Patricia | None
Jennifer | None
Aleksander | None
Karla | None
Jack | None
Micah | None
Nicolette | None
TRAVIS | None
Arsene | None
JD | None
Clint | None
Robert | None
Ann | None
Eric | None
Jill | None
Wendy | None
Paige | None
James | None
Darcy | None
Charlie | None
Jason | None
Tina | None
Emily | None
Suzana | None
Praveen | None
Boris | None
Debra | None
Dustin | None
Amy | None
Christina | None
Emily | None
Cynthia | None
Dustin | None
Emily | None
Jennifer | None
Jackie | None
Dan | None
Laurie | None
Cynthia | None
Cruz | None
Christopher | None
Chrishon | None
Casilda | None
Brittani | None
Brian | None
Bree | None
Cynthia | None
Amber | None
Marquis | None
Monica | None
Monica | None
Tiffany | None
Myles | None
Dustin | None
Jessica | None
ackie | None
Jo | None
Myles | None
Dalia | None
Dawnaa | None
Hannah | None
Amy | None
Paige | None
Jared | None
Erin | None
Monica | None
Gevonna | None
Whitney | None
David | None
Tracy | None
Myla | None
Michael | None
Mallory | None
Kurt | None
Juanice | None
Jordan | None
Hannah | None
Douglas | None
Stephen | None
Amber | None
Jamie | None
Celina | None
Benjamin | None
Morgan | None
Erin | None
Geraldine | None
Amanda | None
Morgan | None
Geoff | None
Jason | None
Evan | None
Vanessa | None
Patti | None
Alison | None
Sarah | None
Thomas | None
thasmey | None
jessica | None
sashen | None
salman | None
robyn | None
liam | None
joshua | None
shermore | None
jade | None
isaac | None
femi | None
victoria | None
chris | None
channon | None
carmen | None
cameron | None
bashir | None
alex | None
aleksandra | None
Jack | None
jack | None
connor | None
Scott | None
Cortland | None
Lisa | None
Keith | None
Jenny | None
Cassie | None
Jeff | None
Andrew | None
Ariel | None
Lisa | None
Robert | None
Chandra | None
Hikmet | None
Chris | None
Trevor | None
Richardson | None
Mary | None
Tim | None
John | None
Lisa | None
Kylie | None
Caroline | None
John | None
Chandra | None
Robert | None
Chris | None
Caitlin | None
Jay | None
Jonathan | None
Trevor | None
Melissa | None
Jessica | None
Jim | None
Gregory | None
Lorrie | None
Ellick | None
Wade | None
Katie | None
Felipe | None
Quamrul | None
Peter | None
Ed | None
Jay | None
Adrienne | None
Felipe | None
Anthony | None
Tom | None
Katie | None
Matthew | None
Peter | None
Jay | None
Trisha | None
Janet | None
Alison | None
Anthony | None
Felipe | None
Nick | None
John | None
Wade | None
Daniel | None
Todd | None
Kim | None
Kyle | None
Jessie | None
Neisha | None
Brent | None
Colleen | None
Tony | None
Philip | None
Stephanie | None
Gabriel | None
Amber | None
Elexis | None
Patricia | None
Fatima | None
Lucy | None
Kirolous | None
Joanna | None
Jaire | None
Alexander | None
Stan | None
Kayla | None
Audrey | None
Fred | None
Anthony | None
Katherine | None
Mercedes | None
Brandy | None
Michelle | None
Brianna | None
DARLENE | None
Shelbi | None
Christina | None
Cheryl | None
Tim | None
Erik | None
Lavelle | None
Dylan | None
Jacob | None
Mixie | None
Leah | None
Andrew | None
Marvin | None
Jason | None
Trish | None
Avella | None
Chris | None
Debra | None
Alec | None
Darren | None
Mattie | None
Max | None
Christopher | None
Jenna | None
Carlo | None
Chris | None
Scott | None
Mary | None
Steve | None
Chant | None
Wayne | None
Susan | None
Shane | None
Scott | None
Pete | None
Steven | None
Matthew | None
Kathleen | None
Garrett | None
Eric | None
David | None
Max | None
Misti | None
Van | None
Michelle | None
Melinda | None
Meghan | None
David | None
Alejandrita | None
Matt | None
Angel | None
Merissa | None
Kellen | None
Jordan | None
Jeehun | None
Steven | None
Amanda | None
Janine | None
Pat | None
Scott | None
Jennifer | None
Justin | None
Kelly | None
Stephanie | None
Christina | None
Geoffrey | None
Edward | None
Brennan | None
Neshia | None
Gabrielle | None
Gabor | None
Frank | None
Jennifer | None
Ryan | None
Richey | None
Joseph | None
Grant | None
Harry | None
Jeannie | None
Jeffrey | None
Jennifer | None
Jennifer | None
Jolanda | None
Joseph | None
Stephanie | None
Tom | None
Abby | None
Brittain | None
Emma | None
David | None
Misty | None
Catherine | None
April | None
Tess | None
Jared | None
Sheila | None
Mercedes | None
Suzanne | None
Kendall | None
Jeannie | None
Christie | None
Mara | None
Matt | None
Patrick | None
Becky | None
Kristine | None
Charles | None
Carolyn | None
Erik | None
Greg | None
John | None
Danny | None
Jess | None
Adam | None
Sarah | None
Brandy | None
Camden | None
Marcela | None
Austin | None
Jung | None
Richard | None
Cersiana | None
katie | None
Dana | None
Sandra | None
Timothy | None
Chris | None
Katy | None
Brandon | None
Jason | None
dan | None
Aaron | None
Mariah | None
Tim | None
Jason | None
Courtney | None
Shubhangi | None
Leroy | None
Alex | None
MD | None
Jung | None
Amod | None
Jaica | None
Austin | None
Chris | None
Timothy | None
Dianne | None
Chris | None
Bernie | None
Travis | None
Leroy | None
Willie | None
Chaevana | None
Joe | None
Seth | None
Sandra | None
Joshua | None
Erica | None
Richard | None
Alex | None
Cersiana | None
MD | None
Willie | None
Dianne | None
Jason | None
Shubhangi | None
Jaica | None
Michelle | None
Jenny | None
Don | None
Katy | None
Timothy | None
Chris | None
Jori | None
Courtney | None
Jung | None
Richard | None
Brandon | None
Sara | None
Tim | None
Benjamin | None
Alex | None
Bernie | None
Austin | None
Dianne | None
Travis | None
MD | None
Mariah | None
Mayura | None
Rakesh | None
Joe | None
Richard | None
Shubhangi | None
Amod | None
Michael | None
David | None
Carlos | None
Sandra | None
Joshua | None
Leroy | None
DeeDee | None
Penny | None
Milixa | None
Khushbu | None
Kawthar | None
Sally | None
Jaldeep | None
Keith | None
Chelsea | None
Ben | None
Bethany | None
Justine | None
Deja | None
Hannah | None
Joanne | None
Natalie | None
Pooja | None
Pawani | None
Pooja | None
Shannon | None
Karen | None
Sarah | None
Meghan | None
Erik | None
Bryan | None
Brianna | None
Brendan | None
JP | None
Mary | None
Nichole | None
Rhonda | None
Justin | None
Kiela | None
Virginia | None
Melanie | None
Adriana | None
Debi | None
Melissa | None
Adam | None
Justin | None
Ashley | None
Julie | None
Sarah | None
Tha’Wann | None
Kari | None
Chandra | None
Ingrid | None
Nancy | None
Jenafer | None
Erica | None
Shannon | None
Brittney | None
Dawn | None
Jackie | None
Nora | None
Pamela | None
Caren | None
Farah | None
Kris | None
Stacy | None
Chasity | None
Jessica | None
Gerquetta | None
Jabesh | None
Deja | None
Brittney | None
Colleen | None
Ruby | None
Cathy | None
Monette | None
Gail | None
Justin | None
Sandra | None
Delanya | None
Kellie | None
Eloise | None
Tyeisha | None
Katie | None
Milinda | None
Semiko | None
Jessica | None
Pat | None
Kathy | None
Emily | None
Emily | None
Anita | None
Tracy | None
Denise | None
Bobbi | None
Thea | None
Sherri | None
Monique | None
Shurtone | None
Anthony | None
Phillip | None
Mindy | None
Alex | None
Keyshia | None
Megan | None
Veronica | None
Stephanie | None
Ian | None
Charlotte | None
Melanie | None
Candice | None
Mindy | None
Nick | None
Candace | None
Kimberly | None
Sandra | None
Janet | None
Melissa | None
Astarte | None
Jocelyn | None
Troy | None
Ana | None
Joylynn | None
Halley | None
Rebecca | None
Jaci | None
Michael | None
Alexis | None
Becky | None
Ivory | None
Adrienne | None
Shavokia | None
Harley | None
Heather | None
Heather | None
Yvette | None
Gary | None
Brandace | None
Jennifer | None
Jeff | None
Joe | None
Robin | None
Rick | None
Tiphani | None
Marisol | None
Alesia | None
Kaye | None
Patty | None
Brian | None
Erica | None
Alfred | None
Michele | None
Charles | None
Jennifer | None
Schelle | None
Tiffany | None
Robert | None
Jamila | None
Haggai | None
Simone | None
Tracey | None
Francine | None
Rohit | None
Jill | None
McKenzie | None
Tameka | None
Annmarie | None
Dan | None
Jennine | None
Yazmin | None
Lisa | None
Heather | None
Jacquelyn | None
Jacqueline | None
Tiffanie | None
Robin | None
Carlos | None
Petula | None
Crystal | None
Omolola | None
Kaitlin | None
Brittany | None
Folashade | None
Candace | None
Rocio | None
Donna | None
Jordyn | None
Yelena | None
Stephen | None
Mark | None
John | None
Heather | None
Tess | None
Mary | None
Denisse | None
Britney | None
Ashley | None
Donovan | None
Anthony | None
Gerry | None
Kevin | None
Carmen | None
Andrea | None
Kathryn | None
Jim | None
Susan | None
Chris | None
Angela | None
David | None
Hollie | None
Angelique | None
Jayla | None
Natalie | None
Traci | None
Charda | None
Erin | None
Matt | None
Gladys | None
Harrison | None
Sarah | None
Richard | None
Sarah | None
Nicholas | None
Shanon | None
Kristin | None
Lisa | None
Shannon | None
Lester | None
Tessana | None
C | None
Brittany | None
Summer | None
Shannon | None
Gabrielle | None
John | None
Kristine | None
Ariana | None
John | None
Alexis | None
Bruce | None
Lisa | None
Jan | None
Michael | None
Ann | None
Mandi | None
Lindsey | None
Erin | None
Wendy | None
Patti | None
Rick | None
Liz | None
Brien | None
Travis | None
Robert | None
Jessica | None
I | None
Samantha | None
Jennifer | None
Danielle | None
Christine | None
Robyn | None
Karen | None
Jennifer | None
Mahogany | None
Courtney | None
Amy | None
Melanie | None
Vanessa | None
Shay | None
Amy | None
Victoria | None
Brian | None
Titishana | None
Sandy | None
Philip | None
Karen | None
Shelly | None
Cheryl | None
rene | None
Melissa | None
Eddie | None
Andrew | None
Briana | None
Amanda | None
Katasha | None
Melody | None
Allison | None
Michael | None
Debra | None
Randy | None
Laura | None
Keith | None
Denise | None
April | None
Katie | None
Renee | None
Christy | None
SHANTESHA | None
Kimberly | None
Nina | None
Eleni | None
Jon | None
Brandis | None
Julia | None
Gia | None
Sarah | None
Kalynda | None
Nicole | None
Brenda | None
Ashley | None
Katina | None
Lisa | None
Vernetta | None
Maya | None
Joseph | None
Sheila | None
Lori | None
Cyndi | None
Dawn | None
Livia | None
Linh | None
Christine | None
Ania | None
Wendy | None
Abby | None
Kahlia | None
Tanya | None
Leanne | None
Maria | None
Jenn | None
Kim | None
Lolita | None
Taylor | None
Simone | None
June | None
Cindi | None
Karrin | None
Ernesa | None
Daniel | None
Evette | None
Jennifer | None
Stephanie | None
Elicia | None
Sonal | None
Morgan | None
Jenifer | None
Kiya | None
Libby | None
Julie | None
Ernie | None
Kathleen | None
Briana | None
Liz | None
Denise | None
Renee | None
Angelica | None
Crystal | None
Stephanie | None
Candy | None
Keli | None
Rebbie | None
Tina | None
Amie | None
Melissa | None
Mary | None
Karen | None
Kathy | None
Angela | None
Nancy | None
Niles | None
Guisella | None
Heidi | None
Alexandra | None
Wesley | None
Madeleine | None
Ashley | None
Benjamin | None
Krystal | None
Bianca | None
Laura | None
Rose | None
Jason | None
Dustin | None
Justin | None
Julie | None
Samantha | None
Matthew | None
Chelsey | None
Abigail | None
Desiree | None
Jonathon | None
Julia | None
Rebecca | None
Roy | None
Andrea | None
Gina | None
Alyssa | None
Megan | None
Eric | None
Kara | None
Megan | None
Ashley | None
Reece | None
Gwenn | None
Danielle | None
Jinnell | None
April | None
Jennifer | None
Landan | None
Brent | None
Lisa | None
Anna | None
Taylor | None
Ketazjah | None
Peggy | None
John | None
Yana | None
Linda | None
Jennifer | None
Angie | None
Michelle | None
Erin | None
Carrie | None
Sarah | None
Joseph | None
Patricia | None
Caitlyn | None
Erica | None
Tyler | None
Heather | None
Deanna | None
Dorie | None
Alyssa | None
Brianna | None
Tiffany | None
Anthony | None
Jason | None
Kevin | None
Candice | None
Demi | None
Frank | None
Ashley | None
Marnie | None
Krysta | None
Rayna | None
Sara | None
Michael | None
Jonathan | None
Alexis | None
Samantha | None
Griselda | None
Ethan | None
Mary | None
Kendra | None
Nora | None
Jason | None
Aya | None
Kameron | None
Ichaa | None
Brandon | None
Betty | None
Erica | None
Anthony | None
Brittany | None
Megan | None
Michael | None
Adriana | None
Maria | None
Jennifer | None
Chris | None
Olivia | None
Tim | None
Chris | None
Jorge | None
Taylor | None
Kaitlyn | None
Brock | None
Regina | None
Ashley | None
Rachel | None
Elizabeth | None
Isabel | None
Ashleigh | None
Joseph | None
LaToya | None
Sheila | None
Jennifer | None
Krista | None
Kent | None
Kamela | None
Tyler | None
Yamaya | None
Kiley | None
Marcelino | None
La'Toya | None
Shaun | None
Nicole | None
Aaron | None
Codey | None
Suzanne | None
Amber | None
Brandi | None
Nicholas | None
Sarah | None
Hope | None
Cameron | None
Madison | None
Eric | None
Carmen | None
Jake | None
Caitlin | None
Jaclyn | None
David | None
Alyssa | None
Ronald | None
Ashley | None
Jena | None
Ernest | None
Samantha | None
Pete | None
Lauren | None
Lauren | None
Lakeya | None
Kimberly | None
Kenya | None
Francheska | None
Kassie | None
Karla | None
Karen | None
Jillian | None
Heather | None
Leisha | None
Kathy | None
Leslie | None
Tara | None
Mary | None
Mckenzie | None
Melissa | None
Vicky | None
Vickie | None
Taylor | None
Shasta | None
Sarah | None
Samantha | None
Rebecca | None
Pearl | None
Mona | None
Emma | None
Melissa | None
Liset | None
Drew | None
D'Andree | None
Amanda | None
Alberta | None
Amanda | None
Aneta | None
Ashley | None
Aubrey | None
Bianca | None
Brandi | None
Cecilia | None
Ceferena | None
Carey | None
Christian | None
Christine | None
Christopher | None
Courtney | None
Crycelda | None
Dana | None
Danielle | None
Christian | None
Dave | None
Krikor | None
Beirne | None
Galia | None
Jamie | None
Kassie | None
Ana | None
Bradley | None
Phillip | None
Karen | None
Brian | None
Karen | None
Carey | None
Bill | None
Frederick | None
William | None
Mack | None
Lizzy | None
Shirley | None
Aviles | None
Lauren | None
Rebecca | None
Joey | None
Gabe | None
Ranaulda | None
Kenneth | None
Donald | None
Dianne | None
Katelyn | None
Victoria | None
Jamison | None
Villazon | None
Woollen | None
Johnson | None
Andrea | None
Steven | None
Courtney | None
Nicole | None
Tatum | None
Robert | None
Gerald | None
Steve | None
Joey | None
Travis | None
Wilma | None
Gabe | None
Deborah | None
Tommy | None
Scott | None
Ana | None
Tara | None
Chanice | None
Leipzi | None
Clayton | None
Meg | None
Sadira | None
Kristy | None
Joel | None
Amanda | None
Michael | None
Jennifer | None
Josh | None
Dylan | None
Jeremy | None
Andrea | None
Shafiq | None
Traci | None
Ashley | None
Tyler | None
Amanda | None
Justin | None
Linzie | None
Nicole | None
Heidi | None
Donna | None
Alyssa | None
Michael | None
Brent | None
Caroline | None
Gary | None
Vanessa | None
Marcia | None
Gabriela | None
Debbie | None
Nick | None
Heather | None
Nathaniel | None
Jennifer | None
Lisa | None
Jennifer | None
Charlotte | None
Dana | None
Jeff | None
Joshua | None
Vi | None
Jisoo | None
Shannon | None
Tracie | None
Mitch | None
Patrick | None
Julie | None
John | None
Justin | None
Yasir | None
Sophie | None
Samuel | None
Julia | None
Casey | None
Bryan | None
Christopher | None
Christian | None
Steven | None
Roel | None
Kyle | None
Jillian | None
Glaiza | None
stuart | None
Kunal | None
Adam | None
Akash | None
Sonali | None
Qismat | None
Gabriela | None
Nandini | None
Chitra | None
Candace | None
Monica | None
Andre | None
Manroop | None
Tricia | None
Ashley | None
Sangeetha | None
Laura | None
Elena | None
Gail | None
Rachael | None
Lisa | None
Michael | None
Gina | None
Bobbie | None
Sunita | None
Diljeet | None
Vasanthabalan | None
Nathan | None
Durga | None
Bruce | None
Karen | None
Sydney | None
Katie | None
Irina | None
ArunKumar | None
Swetha | None
Kyle | None
Amy | None
Eric | None
Carolina | None
Jeremiah | None
Hunter | None
Julie | None
Megan | None
Seth | None
Pam | None
Kris | None
Sean | None
Jeff | None
Senthil | None
Nicole | None
Valentina | None
Patrick | None
Charles | None
Chirayu | None
Shivani | None
Venkataraghavan | None
Sarrah | None
Prakash | None
Anthony | None
Priya | None
Kathy | None
Laura | None
Jennifer | None
Rayna | None
Diego | None
Jessica | None
Charles | None
Zach | None
Valentina | None
Krystal | None
Carolina | None
Gabriela | None
Nicolas | None
Manroop | None
Franco | None
Amahl | None
Jai | None
Padmasri | None
Hema | None
Nivitha | None
Andrea | None
Veronica | None
Gaurav | None
Ahmad | None
Gracey | None
Gayathri | None
Natalia | None
Ansu | None
Sumalraj | None
Gayathri | None
Nicolas | None
Franco | None
Vanessa | None
Ivan | None
Phil | None
Sarah | None
Chris | None
Mark | None
Matthew | None
Corey | None
Margaret | None
Alex | None
William | None
Paul | None
Michael | None
Chris | None
Stephen | None
Mark | None
Nadine | None
Humberto | None
Jonathan | None
Owen | None
Heston | None
Tony | None
Dennis | None
Eric | None
Eric | None
Corey | None
Amit | None
Thomas | None
Victor | None
Ben | None
Jason | None
Lily | None
Zubin | None
Michael | None
John | None
Rick | None
Brandon | None
Grace | None
Kimberly | None
Veronica | None
Morgan | None
Niki | None
Regina | None
John | None
Jessica | None
Chloe | None
Christopher | None
Marcy | None
Kevin | None
Erin | None
Niki | None
Don | None
Ronald | None
Tom | None
Jeffrey | None
Johsua | None
Tyriq | None
John | None
Michael | None
Jacob | None
Rijo | None
Aditya | None
Arup | None
Samantha | None
Mike | None
Zack | None
Rob | None
Jason | None
Craig | None
Danielle | None
Smita | None
Joe | None
Jay | None
Nancy | None
Ania | None
Randy | None
Brandon | None
Mounika | None
Doug | None
George | None
Tulika | None
Jarae | None
Padma | None
Neel | None
Mehak | None
Kumar | None
Jessica | None
Ravi | None
Tina | None
Jane | None
Mounica | None
Krishna | None
Mayank | None
Nick | None
Pooja | None
Prasanth | None
Zach | None
Reena | None
Lizette | None
Larry | None
Mimi | None
Kintur | None
Abhilash | None
Jason | None
Brad | None
Dave | None
Jack | None
Jordan | None
Richard | None
Mark | None
Christopher | None
Stacy | None
Anna | None
Diana | None
Eric | None
Jakub | None
Jordan | None
Rob | None
Jacqueline | None
Ashley | None
Lance | None
Lydia | None
Melissa | None
Rodney | None
Valentina | None
Chad | None
Josh | None
Mike | None
Zander | None
Jordan | None
Gina | None
Samuel | None
Krishna | None
Blanche | None
Jacqueline | None
Chris | None
lizzie | None
Hannah | None
Jack | None
Jacques | None
Collette | None
Mike | None
Beatrice | None
Almas | None
Craig | None
Daniel | None
Gina | None
Lauren | None
Caitlin | None
Adrian | None
Craig | None
Morag | None
Zack | None
Samuel | None
Kyli | None
Hailey | None
Beatrice | None
Joseph | None
Josh | None
Joshua | None
Donald | None
Randy | None
Samantha | None
Brandon | None
Danielle | None
Kevin | None
Janet | None
Zach | None
Shannon | None
Monica | None
Brooke | None
Spencer | None
Ricardo | None
Stephanie | None
Blanca | None
Johanna | None
Brad | None
Anna-Maria | None
Janet | None
Brian | None
Colby | None
Adriana | None
Michelle | None
Luba | None
Eric | None
Susan | None
Dana | None
Amanda | None
Michael | None
John | None
Kasey | None
Scott | None
Julio | None
Mike | None
Tony | None
Kashif | None
Kody | None
Deborah | None
Andrew | None
Tyler | None
Brigitte | None
Roger | None
Brian | None
Quinta | None
Brian | None
Blanca | None
Susan | None
Adriana | None
Shane | None
Michelle | None
Travis | None
Scott | None
Natasha | None
Maximo | None
Matthew | None
Maria | None
Kayla | None
Holly | None
Crystal | None
Anton | None
Josiah | None
April | None
Amber | None
Anna | None
Amber | None
brigitte | None
Deborah | None
Djuna | None
Brad | None
Hayden | None
Adriana | None
Michelle | None
Spencer | None
LinkedIn | None
Elena | None
Steven | None
Solomon | None
Nicole | None
Megan | None
Keegan | None
Joe | None
Jakob | None
Eileen | None
Jeff | None
CristiAna | None
Louis | None
Sarah | None
Dave | None
Luke | None
Julie | None
Alexis | None
Alexis | None
Claudia | None
Adeel | None
Franciscus | None
Annalyssa | None
Ariel | None
Ashley | None
Bee | None
Angela | None
Chaney | None
Courtney | None
Crisandra | None
Dan | None
Danielle | None
Brian | None
Jordan | None
Iben | None
Jeremy | None
Larry | None
Madeleine | None
Natalie | None
Nicholas | None
Nicholas | None
Nicole | None
Nicole | None
Osvaldo | None
Roberto | None
Terry | None
Zoe | None
Amanda | None
Erik | None
Abby | None
Larry | None
Turner | None
Louis | None
Shanice | None
Steph | None
Michael | None
Nicholas | None
Kara | None
Jamaal | None
Kelly | None
Seth | None
Bilal | None
Edward | None
Leonardo | None
Gracyn | None
Mindy | None
Rob | None
Britney | None
Anjelika | None
Johnny | None
Mikaela | None
Mike | None
Solomon | None
Richard | None
Wesley | None
Tyler | None
Robyn | None
Jessica | None
Ryan | None
Chris | None
Casey | None
Tim | None
Tyrell | None
Sean | None
Aryanna | None
Nicole | None
Taylor | None
Osvaldo | None
Ryan | None
Steve | None
Sarah | None
Timothy | None
Crisandra | None
Chris | None
Heather | None
Richard | None
Julie | None
Kimberlee | None
Rob | None
Dean | None
Madison | None
Victoria | None
Chris | None
Sherard | None
Gary | None
Anthony | None
Dan | None
Justin | None
Iben | None
Roberto | None
Tre | None
Mallory | None
Steven | None
Mohammed | None
Jacquelyn | None
Danielle | None
Josh | None
Amanda | None
Bradley | None
Noah | None
Christine | None
Bradley | None
Renzo | None
Emma | None
Gonul | None
Heather | None
Ingrid | None
Jacquelyn | None
Jake | None
Edward | None
James | None
John | None
John | None
Julie | None
Kaitlin | None
Kalie | None
Kevin | None
John | None
Lori | None
Dian | None
Dean | None
Adam | None
Alex | None
Alex | None
Alexa | None
Alexandra | None
Althea | None
Debbie | None
Bee | None
Brian | None
Chenise | None
Chris | None
Chris | None
Christine | None
David | None
Bibha | None
Bobby | None
Madison | None
Mark | None
Zachary | None
Abby | None
Crisandra | None
Gary | None
Tyler | None
Alex | None
Whitney | None
Alex | None
Sarah | None
Adam | None
Maya | None
Kaitlin | None
Ted | None
Stacie | None
Eric | None
Mallory | None
Victoria | None
Tory | None
Michael | None
Mike | None
Mohammed | None
Nicole | None
Noah | None
Philip | None
Tripp | None
Richard | None
Sage | None
Samuel | None
Steve | None
Suzanne | None
Tamby | None
Thomas | None
Ron | None
Derian | None
Jessica | None
Naife | None
Amanda | None
Abby | None
Richard | None
Grace | None
Whitney | None
Paola | None
Larry | None
Jay | None
Gerry | None
Bee | None
Garth | None
Brian | None
Noah | None
Casey | None
Bee | None
Nicholas | None
Cha | None
Braxton | None
Ben | None
Ariel | None
Travis | None
Turner | None
Renee | None
Amanda | None
Ariel | None
Ashley | None
Bee | None
Sean | None
Rene | None
Osvaldo | None
Nicole | None
Nicholas | None
Natalie | None
Natalie | None
Mallory | None
Kassie | None
Jennifer | None
Porzia | None
Jennifer | None
Iben | None
Iben | None
Gracyn | None
Gary | None
Dan | None
Crystal | None
Crisandra | None
Corey | None
Colin | None
Chaney | None
Cha | None
Isane | None
Garth | None
Peter | None
Basdeo | None
Adam | None
Richard | None
Erin | None
Casey | None
Seth | None
Rene | None
Steve | None
Debra | None
Emma | None
Wesley | None
Shawn | None
Linda | None
Abby | None
John | None
Aryanna | None
Debra | None
Leah | None
Vincent | None
Amanda | None
Mark | None
Tom | None
Jessie | None
Mike | None
Byron | None
Ethan | None
Laurie | None
Edward | None
Timothy | None
Justin | None
Leah | None
Vincent | None
Britney | None
Jay | None
Mike | None
Antonica | None
Dani | None
Lorena | None
Tim | None
Larry | None
Bee | None
Gonul | None
Anjelika | None
WILLIAM | None
Robyn | None
Jerrica | None
Paola | None
Howard | None
Chris | None
Braxton | None
Monica | None
Stacey | None
Gerry | None
David | None
Jamie | None
Andrew | None
Jennifer | None
Brian | None
Mark | None
Jerrod | None
Michael | None
jennifer.wesche | None
Patrick | None
Jeff | None
Matt | None
Eric | None
Molly | None
Mike | None
Reyes | None
Juan | None
Brad | None
Lukas | None
Adrian | None
Joy | None
Jordan | None
Matt | None
Kyle | None
Matt | None
Brandon | None
Chloe | None
David | None
Allen | None
John | None
Lauren | None
Mitchell | None
Kyara | None
Erin | None
Olena | None
Lisa | None
Anthony | None
Theodore | None
Loretta | None
Andy | None
Gerard | None
michael | None
Alexandra | None
Humberto | None
Dwight | None
Satya | None
Santosh | None
Steve | None
Magge | None
David | None
Srinivas | None
Szymon | None
Sandip | None
Vikas | None
Chris | None
Saransh | None
Asif | None
Jeremy | None
Peter | None
Gregory | None
Ileana | None
Deepthi | None
Piers | None
Toni | None
Madhu | None
Michael | None
Zeeshan | None
Aixa | None
Toby | None
Sofiya | None
Sabrina | None
Monica | None
Luc | None
Laura | None
Kevin | None
Anna | None
Max | None
Veronica | None
Alys | None
Matt | None
Karthik | None
Jacob | None
Saravanan | None
Cristian | None
Manga | None
Austin | None
Roger | None
Pranali | None
Prakash | None
Neha | None
Ankita | None
Alpana | None
Neha | None
Priya | None
Roja | None
Madhu | None
Raju | None
Malti | None
Sireesha | None
Shyam | None
Karthikeyan | None
Shiralini | None
Andrew | None
Peter | None
Gabriella | None
Jessica | None
MaryAnn | None
Q | None
Africa | None
Emily | None
Karisa | None
Therese | None
Jordan | None
Michael | None
Jillian | None
Alicia | None
Logan | None
Tricia | None
Therese | None
Joanna | None
Selena | None
Kai | None
James | None
Zack | None
therese | None
sydnie | None
pooja | None
Michael | None
matthew | None
Loren | None
kaitlin | None
James | None
francesca | None
Cody | None
Jack | None
Christopher | None
Caroline | None
Carmicia | None
Bobby | None
Angelica | None
Alicia | None
Alice | None
Q | None
Kai | None
Aidan | None
Sam | None
Zach | None
Charles | None
Toniann | None
Jaeger | None
Carleigh | None
Michael | None
Jorge | None
Will | None
Annie | None
Steve | None
Chuck | None
Eric | None
Nicole | None
Mike | None
Michael | None
Brian | None
Amanda | None
Vicky | None
Therese | None
Karisa | None
Q | None
Selena | None
Jordan | None
Mary | None
Leanna | None
Jillian | None
Therese | None
MaryAnn | None
Christopher | None
Chinaaza | None
Meghan | None
Leah | None
Oliver | None
Gabriella | None
Joanna | None
Christopher | None
Sazeen | None
Therese | None
Andrew | None
Lydia | None
Tony | None
Charlie | None
John | None
Kari | None
Liz | None
Alicia | None
Brian | None
Patricia | None
Andy | None
Yvonne | None
Kai | None
Martin | None
Henrik | None
Hunter | None
elena | None
eric | None
kristen | None
james | None
jennifer | None
thomas | None
cresley | None
max | None
Marjorie | None
Martin | None
Becky | None
Marco | None
Nina | None
Paul | None
Ross | None
Keani | None
Efe | None
Zel | None
Asma | None
Christine | None
Shanda | None
Andrew | None
Camara | None
Erin | None
Jeff | None
Jerome | None
Julie | None
Andy | None
Sid | None
Jessa | None
Andrea | None
Deb | None
Jonathan | None
Moawiyah | None
Meghan | None
Alex | None
Maron | None
Monica | None
Bradley | None
Gina | None
Scott | None
Samantha | None
Sonny | None
Roy | None
Anjali | None
Lauren | None
Keith | None
Kelsey | None
Lily | None
Sarah | None
Hannah | None
Andie | None
Lisa | None
Jeremy | None
Kristi | None
Charlotte | None
Ryan | None
Ryan | None
Morgan | None
Christine | None
Jason | None
Adam | None
Ariana | None
Camey | None
Kate | None
Matthew | None
Mary | None
Fabian | None
Max | None
Brandon | None
Debbie | None
Rosi | None
Veronica | None
Nik | None
Robert | None
Hectorlyne | None
Janice | None
Wes | None
Ashonte | None
Adrian | None
Steady | None
Francis | None
Dennis | None
Sony | None
Joyclyn | None
Nolan | None
Held | None
Vallabh | None
Joann | None
Terrell | None
Johnny | None
Nita | None
Deb | None
Mia | None
Jeff | None
Abin | None
Keith | None
Pallavi | None
Lake | None
Shannon | None
Simranpreet | None
Umakanth | None
Deanna | None
Jordan | None
Kim | None
Ajay | None
Nathan | None
Jessica | None
Salma | None
Debbie | None
Manoj | None
Daksha | None
JC | None
Kimberly | None
Wambui | None
Nik | None
Alexis | None
Max | None
Morgan | None
Jeffrey | None
Sean | None
Albert | None
Emmanuel | None
Jeremy | None
Courtney | None
Bri | None
Lauren | None
Sarah | None
Alyssa | None
Jamie | None
Edgar | None
Becki | None
Julie | None
Greg | None
Jonathan | None
Daniel | None
Quynh | None
Robert | None
Michael | None
Brian | None
Madison | None
Frank | None
Jim | None
Shawna | None
Douglas | None
Rosi | None
TJ | None
Maegan | None
Angelica | None
Terra | None
Kara | None
Rachel | None
Ben | None
Lisa | None
Elisha | None
Kristina | None
Anthony | None
Joan | None
Guy | None
Judith | None
Stephany | None
Jeff | None
Karla | None
Tiffany | None
David | None
John | None
Nick | None
Gabriel | None
Nadia | None
Amanda | None
Julia | None
Samantha | None
Kristina | None
Andrew | None
Esther | None
Joanna | None
Mike | None
Giti | None
Wolf | None
Shawn | None
Grace | None
Jacqueline | None
Todd | None
Ace | None
Emilie | None
Rahmeer | None
Amanda | None
Sammi | None
Jordan | None
Lemmy | None
Traci | None
Vic | None
Mary | None
John | None
Ann | None
Corey | None
Lucy | None
Shannon | None
Tom | None
Bill | None
Kimberly | None
Nicolas | None
Sarah | None
Jessica | None
Lexi | None
Alexander | None
Marcus | None
Liza | None
Sarah | None
Michael | None
Sophie | None
Tyra | None
Nicolas | None
jessica | None
Jay | None
Nolan | None
Valerie | None
Nicolas | None
Deepak | None
Ananya | None
Abhijeet | None
Ashu | None
Kevin | None
Ramkumar | None
Yashita | None
Guillermo | None
Camey | None
Amanda | None
Jessica | None
Anand | None
Falak | None
Gitanjali | None
Prashanth | None
Kevin | None
Akash | None
Upanshu | None
Stephanie | None
Prathu | None
Rohit | None
Emthias | None
Jeff | None
Avni | None
Raj | None
Krishna | None
Nitish | None
Rahul | None
Anurag | None
Naresh | None
Farah | None
Mithun | None
morning | None
Joanna | None
Courtney | None
Lauren | None
Stephany | None
Yogeshwar | None
Madison | None
Jon | None
Shaik | None
Andrea | None
JC | None
Krishna | None
Zehra | None
Robert | None
Shawna | None
Vishal | None
Simranpreet | None
Sneha | None
Sanyam | None
Niraj | None
Max | None
Nivas | None
Kyle | None
Ajay | None
Irfan | None
Jasmine | None
Luis | None
Akshay | None
Himabindu | None
Rohit | None
Anand | None
Dominic | None
Abhishek | None
Ajay | None
Mary | None
Pallavi | None
Immanuel | None
Andrew | None
Alexander | None
Monica | None
Chase | None
Ruby | None
Andie | None
Lauren | None
Akilah | None
Adam | None
Amanda | None
Sean | None
Jessica | None
Jeremy | None
Allen | None
Millie | None
Steve | None
Keith | None
Hannah | None
Shawn | None
Lilly | None
Brent | None
Deanna | None
Aqeel | None
Wambui | None
Michael | None
Shelli | None
Vanessa | None
Mark | None
Jeff | None
Kathryn | None
Anthony | None
Heather | None
Ravi | None
Max | None
Sarah | None
Jessica | None
Carolyn | None
Vickie | None
Vic | None
Christine | None
Kara | None
Jessica | None
Mia | None
Samantha | None
Nick | None
Deb | None
Kyle | None
Matt | None
Dana | None
Jason | None
Tyler | None
Rosi | None
Sean | None
Janice | None
Brandon | None
Lily | None
Amanda | None
David | None
Sid | None
Robert | None
Kristina | None
Umakanth | None
Emma | None
Andy | None
Pawan | None
Kiran | None
Immanuel | None
Prashant | None
Goonj | None
Kamal | None
Riyaz | None
Mamta | None
Krishna | None
Suparna | None
Brent | None
Omar | None
Manohar | None
Priyanka | None
Utkarsh | None
Mithun | None
Rohit | None
Andie | None
Simran | None
Raj | None
Kim | None
Debbie | None
Mani | None
Bennie | None
Subhan | None
Kamal | None
Imran | None
Scott | None
Barbara | None
Jeff | None
Maanshi | None
Prashanth | None
Ayush | None
Swapnil | None
Vinaya | None
Divya | None
Heather | None
Aqeel | None
Deanna | None
Conni | None
Tamanna | None
Bala | None
Carla | None
Wambui | None
Deniel | None
Misty | None
Andy | None
Ahmad | None
Scott | None
Nolan | None
Eden | None
Jenani | None
Steve | None
Jeff | None
Rajesh | None
Bhargav | None
Rahul | None
Lavan | None
Dinakaran | None
Beulah | None
Nivas | None
Lilly | None
Maria | None
Bharadhwaj | None
Kristina | None
Niraj | None
Jason | None
Bharat | None
Lauren | None
Rithesh | None
Parminder | None
Michael | None
Marcus | None
Adil | None
Rajasree | None
Peter | None
Jalila | None
Rajesh | None
Kelly | None
Rupali | None
Charusmita | None
Bhargav | None
Akshay | None
Praneet | None
Bala | None
Anuj | None
Mir | None
Samir | None
Ashitesh | None
Travis | None
Sanjay | None
Lynsey | None
Mohammed | None
Sir | None
Mani | None
Elaine | None
Becki | None
Moghal | None
Maxwell | None
Barbara | None
Stephany | None
Kelsey | None
Naresh | None
John | None
Kush | None
Tanmay | None
Saswato | None
Ashley | None
Raj | None
Dean | None
Kate | None
Nadia | None
Pankaj | None
Sarah | None
Rohit | None
Bethany | None
Richard | None
Cam | None
Alex | None
Lindsay | None
Jill | None
Jack | None
Holly | None
Timothy | None
Dana | None
Patricia | None
Ralph | None
Naomi | None
Patrick | None
Joseph | None
Jevon | None
Isabelle | None
Joseph | None
Nicole | None
Joseph | None
Sophia | None
Grace | None
Alice | None
Cierra | None
Sara | None
Melina | None
Armeena | None
Mary | None
Scott | None
Victor | None
Brendan McGowan | None
Andrea Melara | None
Jackie Allen | None
Katie Iverson | None
Sean Michael | None
Matt | None
Kayla | None
Olivia | None
William | None
MacKenzie | None
Angela | None
Lisa | None
Emry | None
Jennifer | None
Chelsea | None
Alvaro | None
Grace | None
Ivan | None
Reese | None
Thomas | None
Michael | None
Matthew | None
Michael | None
Connor | None
Michael | None
Devan | None
Shawn | None
Dwight | None
Hannah | None
Jake | None
Abigail | None
Sora | None
Jacqueline | None
Daniel | None
Whitney | None
Christopher | None
Megan | None
Bruce | None
Colin | None
Sera | None
Jackie | None
Drew | None
Madalyn | None
Casey | None
Peter | None
Beth | None
MacKenzie | None
Gianna | None
Katie | None
Chase | None
Veronica | None
Max | None
Thomas | None
Jacqueline | None
Reese | None
Kayla | None
Jeff | None
Bailey | None
Daniel | None
Greg | None
Sean | None
Jack | None
Anne | None
Madeline | None
Nic | None
Alisha | None
Kara | None
Gray | None
Devan | None
Sera | None
Jay | None
Hannah | None
Eric | None
Stephanie | None
Cyprus | None
Nick | None
Jack | None
Dylan | None
Eric | None
Gary | None
Geena | None
Grace | None
Ian | None
Jackson | None
Jampiere | None
Jessica | None
Jessie | None
Josh | None
Juan | None
Justin | None
Khya | None
Khya | None
Lauren | None
Linda | None
Tyler | None
Tracey | None
Toni | None
Thomas | None
Taylor | None
Shirley | None
Diane | None
Shannon | None
Patrick | None
Nora | None
Michael | None
Matthew | None
Matthew | None
Margaret | None
Ryan | None
Courtney | None
Christi | None
Caitlyn | None
Kiara | None
Justin | None
Anthony | None
Veronica | None
William | None
Drew | None
Jeff | None
Gray | None
Bailey | None
Jordyn | None
Pablo | None
Kara | None
Quinlan | None
Serdar | None
Bryce | None
Caleb | None
Abigail | None
Benjamin | None
Caitlin | None
Brooks | None
Brittany | None
Anthony | None
Anna | None
Andy | None
Eric | None
Amanda | None
Aaron | None
Mariela | None
paul | None
Bill | None
Samantha | None
Liz | None
Alexander | None
Alvaro | None
Bryce | None
Connor | None
Peter | None
Andrew | None
Kevin | None
Zach | None
Scott | None
Nora | None
Derek | None
Tyler | None
Morgan | None
Devin | None
Kurt | None
Eric | None
Anthony | None
Logan | None
Teresa | None
Jacob | None
Liz | None
Jake | None
Matt | None
Andrew | None
Leif | None
Brian | None
Joshua | None
Jay | None
Gianna | None
Noah | None
Sean | None
Andrew | None
Richard | None
Michael | None
Jacob | None
Chase | None
Katie | None
Mitch | None
Richard | None
Nora | None
Kevin | None
Jake | None
Brendan | None
Peter | None
Anthony | None
Mark | None
Leif | None
Noah | None
Scott | None
Brenda | None
Morgan | None
Ryan | None
Devin | None
Brian | None
Matt | None
William | None
Andrew | None
Derek | None
Jaymie | None
Gianna | None
Kennedy | None
Brittany | None
Johnny | None
Nick | None
Andrew | None
Jackie | None
William | None
Joshua | None
Nick | None
Nora | None
Jaymie | None
Kiersten | None
Johnny | None
Caleb | None
Andrew | None
Matthew | None
Jordan | None
Brittany | None
Emily | None
John | None
Cindy | None
Liz | None
Tess | None
Paul | None
Nic | None
Max | None
Madalyn | None
Leah | None
Dan | None
Paul | None
Alisha | None
Catie | None
Brooke | None
Luis | None
Zach | None
Brendan | None
Brian | None
Grace | None
Meaghan | None
Luis | None
Logan | None
Dominick | None
Katy | None
Karen | None
Maddison | None
Beth | None
Anne | None
Jaymie | None
Taylor | None
Ryan | None
Michael | None
Chris | None
Greg | None
Seth | None
Amber | None
Drew | None
Caitlin | None
Mark | None
Karissa | None
Hassan | None
Stephanie | None
Austin | None
Matthew | None
Brittany | None
Julie | None
Jason | None
Brendan | None
Dylan | None
Olivia | None
Jack | None
Melissa | None
Kassie | None
Joshua | None
Hayleigh | None
Jorge | None
Jonny | None
Jillian | None
Jeffrey | None
Jack | None
Lionel | None
Liam | None
Amanda | None
Cameron | None
Mai | None
Jeremy | None
Paige | None
Alisa | None
Katya | None
Michael | None
Saydie | None
Spencer | None
Jill | None
Abhinay | None
Tyler | None
Kara | None
Jordan | None
Jennie | None
Will | None
Peter | None
Nicholas | None
Matt | None
LinkedIn | None
Sarah | None
Susan | None
Mike | None
Brittany | None
Cheyenne | None
Edu | None
Matthew | None
Claire | None
Bronte | None
Jessica | None
Jamie | None
Amanda | None
Nischhal | None
Warren | None
Evelyn | None
Will | None
Morgan | None
Emily | None
Jaclyn | None
Mariah | None
Bob | None
Muhammad | None
Morgan | None
Jessica | None
Renee | None
D. | None
Chris | None
Stephen | None
Takeyma | None
Patrick | None
Kaitlyn | None
Sasha | None
Hillary | None
David | None
Kyle | None
Eric | None
Zornitsa | None
Alea | None
Sydney | None
Kim | None
DeLise | None
Bernard | None
Angelo | None
Clarissa | None
Edyta | None
Sam | None
Kayla | None
Jose | None
John | None
Collin | None
Torres | None
Camille | None
Emma | None
Brandon | None
Sean | None
Jenny | None
Jeff | None
Nicole | None
Kyle | None
Md | None
Courtney | None
Kevin | None
Darla | None
Colton | None
Matt | None
Anthony | None
George | None
Natalia | None
Donny | None
John | None
Abdiel | None
Will | None
Deja | None
Laura | None
Carol | None
Laura | None
Carol | None
Atul | None
Ashley | None
Brenda | None
Mikaela | None
Meredith | None
Nadine | None
Julie | None
Matt | None
Julia | None
Amira | None
David | None
Claire | None
Barbara | None
Christopher | None
Tirso | None
Lexi | None
Clint | None
Jarra | None
Reagan | None
Yvonna | None
Ali | None
Devika | None
Many | None
Marissa | None
Patrice | None
Gracie | None
Jordan | None
Skyler | None
Nina | None
Omar | None
Corey | None
Cheli | None
Jeff | None
Stephen | None
Annie | None
Imtiaz | None
Aaron | None
Fran | None
Chris | None
Sara | None
Ashley | None
John | None
Courtney | None
Zina | None
Emily | None
Gayle | None
Gazee | None
Sydney | None
John | None
Paul | None
Leah | None
Steven | None
Carrie | None
Carmel | None
Michael | None
Irma | None
Jordan | None
Dorothy | None
Alex | None
Roel | None
Jacob | None
Julia | None
Chris | None
Craig | None
Brenda | None
Helen | None
Brian | None
Craig | None
Laura | None
Devan | None
Stephen | None
John | None
J.R. | None
Deja | None
Syed | None
Corey | None
Brenda | None
Laura | None
Chris | None
Janet | None
Dorothy | None
Kristyn | None
Gowhar | None
Samuel | None
Rick | None
Laura | None
Sergey | None
Chris | None
Nicole | None
Darreyl | None
Meghan | None
Ciara | None
Lisa | None
Alise | None
Joshua | None
Nicki | None
Mona | None
Sonia | None
Philip | None
Samantha | None
Hannah | None
Daniel | None
Rebecca | None
Brian | None
Brigette | None
Ashleigh | None
Thomas | None
Krusha | None
Naomi | None
Katie | None
Rachael | None
Marie | None
Shanleigh | None
Nick | None
Sierra | None
Wendy | None
Scott | None
Jhosseline | None
Lauren | None
Javaid | None
Melissa | None
Cille | None
Lina | None
Chris | None
Charles | None
Michele | None
Erica | None
Jessica | None
Jorge | None
Grant | None
Laura | None
Robert | None
Valencia | None
Nadiah | None
Jessie | None
Kelly | None
Arkeno | None
Alyssa | None
Mike | None
Amer | None
Erin | None
Heide | None
Jason | None
Jeremy | None
Todd | None
Scott | None
Tiffany | None
Todd | None
Carolina | None
Kevin | None
Brian | None
Nick | None
Ariella | None
Michael | None
Michael | None
Joseph | None
Hannah | None
Rex | None
Paulo | None
Francis | None
Hannah | None
Brian | None
Jack | None
Joseph | None
Kevin | None
aaron | None
arjob | None
brian | None
daniel | None
hannah | None
kaila | None
kyra | None
michael | None
paulo | None
spencer | None
Dexter | None
Eitan | None
Lauren | None
Steven | None
Christopher | None
Aaron | None
Amir | None
Ariella | None
Christopher | None
Daniel | None
Brian | None
Kaila | None
Kyra | None
Lauren | None
Lee | None
Spencer | None
Eitan | None
Brian | None
Brian | None
Kim | None
Brooke | None
Sandi | None
Allison | None
Bernice | None
Chris | None
Lisa | None
Linda | None
Karen | None
Felix | None
Chris | None
Freddy | None
Melissa | None
Tamera | None
John | None
Eva | None
Scott | None
Mercedesa | None
Jay | None
James | None
Darryl | None
Robert | None
Jeff | None
Percy | None
Surendra | None
Moe | None
Bill | None
Marie | None
Jene't | None
John | None
Srinath | None
Joe | None
Chantal | None
Michael | None
David | None
Jason | None
Blake | None
Grayson | None
Apryll | None
Dhiraj | None
Tiffany | None
Vicki | None
Ammar | None
John | None
Cheryl | None
James | None
Daniel | None
Marian | None
Jonnie | None
Team | None
Mandeep | None
mercedes | None
sandeep | None
David | None
Pramod | None
Patrick | None
Dana | None
Tara | None
Brian | None
Eugene | None
James | None
Thomas | None
Mercedes | None
Jay | None
Charan | None
Bianca | None
Kevin | None
Keith | None
Sina | None
Clayton | None
Mercedes | None
Matthew | None
Christine | None
Tim | None
Robert | None
Mary | None
Mikayla | None
Maggie | None
Kai | None
Julia | None
Nico | None
Joshua | None
Jenny | None
Hannah | None
Frank | None
Daniel | None
Michael | None
Carlie | None
Ivan | None
callie | None
chris | None
cody | None
d | None
daniel | None
edwin | None
eric | None
farraen | None
inshia | None
jazmine | None
jessica | None
joe | None
jon | None
Andrew | None
kelly | None
lisette | None
makenzie | None
meghan | None
paul | None
roberta | None
ryan | None
samantha | None
sarah | None
shilpa | None
sophie | None
susan | None
teresa | None
theresa | None
kimberly | None
Taylor | None
Sean | None
Adam | None
Judy | None
Jared | None
Jeniffer | None
Jennifer | None
Kathleen | None
Kevin | None
Katy | None
Lisette | None
Lacey | None
Lindsey | None
Laurie | None
Michael | None
Madison | None
Michael | None
Melissa | None
Mary | None
Nicole | None
Patricia | None
Salinna | None
Jose | None
Jaclyn | None
James | None
Faith | None
Amy | None
Amber | None
Sean | None
barbara | None
Andrew | None
AJ | None
Ajay | None
Amanda | None
Bob | None
Angel | None
Bob | None
Brittany | None
Bri | None
Cecelia | None
Cooper | None
Chris | None
Carl | None
Casey | None
David | None
Elliott | None
Bridgette | None
ashley | None
Kyle | None
Eric | None
Faith | None
Brittany | None
Alex | None
Evan | None
Cheyanne | None
Jamie | None
Michelle | None
Joey | None
Karl | None
Cullen | None
Clare | None
Azure | None
Ryan | None
Lisette | None
Sydney | None
John | None
Kevin | None
Patrick | None
Jaimee | None
Mark | None
Natalia | None
Dominick | None
Zach | None
Mike | None
PF | None
Jacob | None
Luke | None
Michael | None
Cole | None
Chris | None
Clairice | None
Joey | None
Michael | None
Michael | None
Sam | None
Kevin | None
Joshua | None
Peter | None
Caleb | None
Jackson | None
Scott | None
Marc | None
Mason | None
Alecia | None
Robert | None
Selina | None
Akeel | None
Jimmy | None
Marc | None
Michael | None
Josie | None
Erica | None
Andrew | None
Stephanie | None
Maggie | None
Tshering | None
Annie | None
Ollie | None
Kaitlyn | None
Sierra | None
Kelsey | None
Isiah | None
Don | None
Justin | None
Mattis | None
Ryan | None
Ryan | None
Natalie | None
Adam | None
Chip | None
Carl | None
David | None
Robin | None
Griffin | None
Ellie | None
Meg | None
Veda | None
Alyssa | None
Kayla | None
Shana | None
Gary | None
Michelle | None
Blake | None
Alexandra | None
Jessica | None
Jonathon | None
Heather | None
Rebecca | None
Marko | None
Jennifer | None
Zachary | None
Daniel | None
Elizabeth | None
Frank | None
Jeff | None
Tom | None
Logan | None
David | None
Antoinette | None
Ashley | None
Joseph | None
Jodie | None
Catalin | None
Tiffany | None
Terri | None
Treasa | None
Anetta | None
Stephanie | None
Sam | None
Jessica | None
Steven | None
Matt | None
Sarah | None
Josie | None
Allison | None
Rim | None
Akeel | None
Andrew | None
Charlotte | None
Dean | None
Harry | None
Heather | None
Marc | None
Maria | None
Ollie | None
Rebecca | None
Sara | None
Sharleney | None
Tshering | None
Alastair | None
Molly | None
Sharleney | None
Lucy | None
Anthony | None
Andrew | None
Olivia | None
Arlene | None
Hannah | None
Kristen | None
Andre | None
Beatrice | None
Harry | None
Alastair | None
Trevor | None
Charlotte | None
David | None
Kenechukwu | None
Rowena | None
Nicholas | None
Simon | None
Maria | None
Katie | None
Dean | None
Alyssa | None
Joshua | None
Michael | None
CHANEL | None
Brian | None
Denis | None
Dane | None
Heather | None
Amarilis | None
Melanie | None
Michael | None
Jackie | None
Tshering | None
Purnima | None
Antoinette | None
Charlotte | None
Cynthia | None
Rowena | None
Ashley | None
Catalin | None
Ellie | None
Ashley | None
Trevor | None
Marc | None
David | None
Simon | None
Edessa | None
Selina | None
Dan | None
Nathan | None
Jennifer | None
Chanel | None
Blake | None
Jade | None
Rebecca | None
Melanie | None
Nick | None
Andrew | None
Joan | None
Nicole | None
Carlie | None
Justin | None
Emily | None
Valerie | None
Joseph | None
Daniel | None
Ryan | None
Matt | None
Don | None
Molly | None
Brad | None
Allison | None
Jaylen | None
Amanda | None
Dan | None
Cynthia | None
Jade | None
Valerie | None
Grace | None
Matt | None
Angela | None
Dan | None
Parker | None
Stephanie | None
Christopher | None
Mykala | None
Rachael | None
Sarah | None
Stephanie | None
Katie | None
Leigha | None
Mona | None
Justin | None
Megan | None
Carlie | None
Jordan | None
Benjamin | None
Joan | None
Katarina | None
Nick | None
Joseph | None
Roland | None
Alexandra | None
Alondra | None
Olivia | None
Samantha | None
Marissa | None
Geoffrey | None
Natalie | None
Nicole | None
Katherine | None
Christian | None
Alison | None
Krista | None
Nate | None
Matt | None
Riki | None
Bridget | None
Alejandro | None
Cari | None
Marty | None
Cari | None
Alice | None
Adrienne | None
mitchell | None
bob | None
Anissa | None
Miki | None
Melissa | None
Samantha | None
Manuel | None
Jenny | None
Jon | None
Jessica | None
Rashard | None
Blake | None
Jeff | None
Amanda | None
Elizabeth | None
Parker | None
Carl | None
Rachael | None
Breana | None
Meg | None
Michelle | None
Alyssa | None
Kaitlynn | None
Jonathon | None
Cynthia | None
Fernanda | None
Kaitlyn | None
Valerie | None
Shana | None
Dan | None
Daniel | None
Stephanie | None
Kayla | None
Hannah | None
Sierra | None
Tom | None
Amarilis | None
Katie | None
Dina | None
Joseph | None
Annie | None
Catalin | None
Jimmy | None
Alyssa | None
Harry | None
Selina | None
Robin | None
Griffin | None
Zachary | None
Leigha | None
Heather | None
Alexandra | None
David | None
Tshering | None
Garrett | None
Casey | None
Molly | None
Michelle | None
Mallory | None
Georgianna | None
Charlotte | None
Kristina | None
Ashley | None
Katie | None
Kathleen | None
Elizabeth | None
Christina | None
Kurt | None
John | None
Evan | None
Adela | None
Xhulja | None
Ryan | None
Hannah | None
Lori | None
Cooper | None
Dominick | None
Lauren | None
Jeniffer | None
Steve | None
Brad | None
Jessica | None
Janice | None
Michelle | None
Jenna | None
Mary | None
Diane | None
Amber | None
Teresa | None
Brian | None
Bri | None
Shawna | None
Amanda | None
Frinne | None
Ryan | None
Brenda | None
Alexander | None
Jeff | None
Eric | None
Faith | None
Brandon | None
Vandana | None
William | None
Su | None
Ryan | None
Ryan | None
Rachel | None
Joshua | None
Brien | None
John | None
Jen | None
Garrison | None
Amber | None
Amanda | None
Adam | None
Adam | None
Patty | None
Jocelyn | None
Brittany | None
Geoffrey | None
Kimberly | None
Steve | None
Megan | None
Isaiah | None
Judy | None
James | None
Andrew | None
Jesse | None
Georgianna | None
Theresa | None
Natalia | None
Robert | None
Taylor | None
Paul | None
Kayla | None
Lisette | None
Zack | None
Nick | None
Nicole | None
Grace | None
Hillary | None
Aimee | None
Brian | None
Kim | None
Laurie | None
Jared | None
Trevor | None
Ashley | None
Jopen | None
Matt | None
Josh | None
Jeff | None
Rachel | None
Anuradha | None
Kris | None
Jim | None
Amanda | None
David | None
Mark | None
Jake | None
Loren | None
Jack | None
Kelli | None
Jim | None
Deborah | None
Michael | None
Troy | None
Kellsey | None
Doug | None
Kayla | None
Jaime | None
Makenzie | None
Rebecca | None
Chris | None
Melissa | None
Mariah | None
Steven | None
Jamie | None
Joe | None
Keith | None
Kathleen | None
Sade | None
Nate | None
Chijuana | None
Bob | None
Lily | None
Nick | None
Nancy | None
Joe | None
Adam | None
Craig | None
Glenda | None
Salinna | None
Vincent | None
David | None
Jacob | None
Jennifer | None
Clinton | None
Tiffany | None
Ben | None
Donna | None
Chris | None
Amy | None
Renee | None
Venkatachalam | None
Zach | None
Kris | None
Jamie | None
Nick | None
Allison | None
Jade | None
Jordan | None
Megan | None
Justin | None
Joan | None
Josie | None
Katie | None
Molly | None
Katarina | None
Ray | None
Michael | None
Vandana | None
Mykala | None
Vick | None
Javi | None
Keith | None
Amanda | None
Ryan | None
Elliott | None
Douglas | None
Tye | None
Chad | None
William | None
Christian | None
Chris | None
Nancy | None
Christine | None
Jonathan | None
Tomer | None
Alondra | None
PJ | None
SAHIL | None
Glynis | None
Ryan | None
Kelly | None
Pradeep | None
Tanvi | None
Matt | None
Michael | None
John | None
CHETAN | None
Josh | None
Zach | None
Cristina | None
Mikayla | None
Eric | None
Jen | None
Catherine | None
Sara | None
Elizabeth | None
Bridgette | None
David | None
Sean | None
Collin | None
Bryceson | None
Britt | None
Maile | None
Tracy | None
Kelly | None
Gabrielle | None
Mikayla | None
Alicia | None
Alejandro | None
Shennel | None
Leah | None
Avery | None
Arielle | None
Jeff | None
Chris | None
Aaliyah | None
Arianna | None
Shilpa | None
Danielle | None
Beth | None
Paul | None
Marisa | None
Lucy | None
Gracie | None
Emily | None
Theresa | None
Sean | None
Ashley | None
Mike | None
Faith | None
Mark | None
Andrew | None
Prashanth | None
Callie | None
Kurt | None
Linda | None
Katerina | None
Nicole | None
Julie | None
Kristen | None
James | None
Cynthia | None
Erica | None
Bob | None
Doug | None
Brian | None
Jimmy | None
Jeremy | None
Maria | None
Sarah | None
Erin | None
Charlotte | None
Monique | None
Sam | None
Theresa | None
Tonya | None
Anthony | None
Brittany | None
Hailey | None
Jake | None
Jane | None
Joseph | None
Judy | None
Kanausha | None
Keryn | None
Liz | None
Melissa | None
Nicholas | None
Perry | None
Romary | None
Sabrina | None
Toyia | None
AJ | None
Brian | None
Melissa | None
Amber | None
Anna | None
Ashley | None
Jeff | None
Delaney | None
Shelby | None
Darren | None
Brandon | None
David | None
Gerald | None
Michael | None
chuck | None
Michael | None
Janeen | None
Jeffrey | None
Andy | None
Dominique | None
Luis | None
Bennie | None
Derrick | None
Kimberly | None
David | None
Megan | None
Thomas | None
Kim | None
Matt | None
Kylie | None
Kangi | None
Shawn | None
Rich | None
Kyle | None
Zack | None
Nicholas | None
Jamie | None
Jessica | None
Rocky | None
Aris | None
Bekah | None
Albert | None
Michael | None
Will | None
Paige | None
Megan | None
Julia | None
Tirsit | None
Richard | None
Michael | None
Sarah | None
Angela | None
Masuma | None
Ammaar | None
Daniel | None
Daria | None
Augustus | None
Hayley | None
Tom | None
Mathilda | None
Chetan | None
Jonny | None
Alan | None
Katie | None
Jac | None
Holly | None
Charlotte | None
Chad | None
Sammy | None
Janani | None
Daria | None
Maximillian | None
Max | None
Myles | None
Martin | None
Ronan | None
Dylan | None
Brodie | None
Madeleine | None
Austen | None
Mark | None
Ethel | None
Kristin | None
Goutam | None
Pushpita | None
Naveen | None
Sofia | None
Rick | None
Rick | None
Avi | None
Dhanya | None
Sree | None
Kristopher | None
Sandra | None
Teresa | None
Shiela | None
Andy | None
Joe | None
Tanner | None
Dan | None
Ted | None
Justin | None
Stephanie | None
Jon | None
Beth | None
Michele | None
Craig | None
Robert | None
Shannon | None
Jill | None
Chad | None
Brian | None
Allie | None
Isai | None
Randi | None
Sandy | None
Malissa | None
Brett | None
Praveen | None
Becky | None
Michelle | None
Michael | None
Praveen | None
John | None
Amber | None
Cindi | None
Debbie | None
Steve | None
Christi | None
Christi | None
Riley | None
Riley | None
Joan | None
Pedro | None
Cheyenne | None
Filipe | None
Aldo | None
Jessica | None
Hugo | None
Isadora | None
KatieRose | None
Walkiria | None
Flávio | None
Matt | None
Evan | None
Xiomara | None
Jeinner | None
Federico | None
RJ | None
Richard | None
Brian | None
Melissa | None
Halai | None
Brandy | None
Paris | None
Whitney | None
Carly | None
Elle | None
Veronica | None
Sarah | None
Brittany | None
Ashley | None
Alizabeth | None
Alexa | None
Greg | None
John | None
Mark | None
Tiffany | None
Khushbu | None
Tina | None
Jill | None
Luciana | None
Randal | None
Adewole | None
Tanner | None
Paige | None
Prabhakaran | None
Angela | None
Lindsay | None
Melissa | None
Euglenia | None
Bryan | None
Lance | None
Dave | None
Christopher | None
Melvin | None
Katie | None
Tanner | None
Ricky | None
Chris | None
Quinton | None
L | None
Cathy | None
David | None
Linda | None
Mary | None
Matthew | None
Sara | None
Tim | None
Linda | None
Buck | None
David | None
Moon | None
Phil | None
MaryBeth | None
Jerry | None
Richard | None
Adam | None
Cindi | None
Alessia | None
Kathryn | None
Andre | None
Jessica | None
Jordan | None
Chelsea | None
John | None
Karen | None
Gerard | None
Ade | None
Naomi | None
Justin | None
Bryce | None
Mike | None
Chris | None
Jamie | None
Linda | None
Linda | None
Gary | None
Phil | None
Jane | None
Chris | None
Andre | None
David | None
Sairam | None
Kourey | None
Ryan | None
David | None
Derek | None
Christopher | None
Jacob | None
Carl | None
Greg | None
Jeffrey | None
Joe | None
Thomas | None
Marco | None
David | None
Kelly | None
Kristie | None
Beth | None
Bill | None
Lori | None
Richard | None
Ken | None
Larry | None
Tim | None
Dean | None
Rachel | None
Benjamin | None
Eric | None
Mike | None
Denise | None
Abdul | None
John | None
Neil | None
cleo | None
Daniel | None
ali | None
Daniel | None
Roland | None
Kurt | None
Andy | None
Mike | None
Zach | None
Gary | None
Valerie | None
mary | None
Scott | None
Chris | None
Dawn | None
William | None
Regina | None
Frank | None
Thomas | None
Eric | None
Wendy | None
Cary | None
Ethan | None
Richard | None
Marcus | None
Sarah | None
Andrea | None
Kaylyn | None
LaTonya | None
Sara | None
Bradley | None
Ron | None
Stacy | None
Dana | None
Tony | None
Steven | None
Murali | None
Cathy | None
Michael | None
John | None
Kevin | None
Timothy | None
Chris | None
Jessica | None
Jaime | None
Pinki | None
Kathy | None
Ebony | None
Meagen | None
Trixia | None
Heather | None
Lucy | None
Erin | None
Rishel | None
Pamela | None
Angela | None
Zina | None
Robert | None
Gabrielle | None
Julie | None
Andrew | None
John | None
Aziz | None
Daniel | None
Jeya | None
Mirtza | None
Kari | None
Olivia | None
Jennie | None
M | None
Summer | None
Joy | None
Angel | None
Rebecca | None
Banani | None
Ina | None
Jim | None
Alyssa | None
Rose | None
Brooke | None
Liz | None
Christian | None
Raymo | None
Debora | None
Rishel | None
lucy | None
julie | None
joy | None
john | None
jennie | None
gabrielle | None
Wendy | None
Coleen | None
Rebecca | None
Patti | None
erin | None
debora | None
angel | None
Jesha | None
Nancy | None
Mary | None
Kelly | None
Jesica | None
Zina | None
Pamela | None
Wency | None
Angela | None
Aziz | None
olivia | None
Christian | None
pamela | None
robert | None
Billy | None
Diane | None
Kim | None
rebecca | None
William | None
Wency | None
Bailey | None
Yao | None
Samantha | None
Marielle | None
Nancy | None
Andrew | None
Rayvalyn | None
Cindy | None
Evan | None
Ethan | None
Andy | None
Marcus | None
Edna | None
Lindsy | None
Atif | None
Peter | None
Neil | None
Halli | None
Shaun | None
Andrew | None
Michael | None
Richard | None
Marc | None
Leonardo | None
Deandra | None
Daniela | None
Ernesto | None
Rafael | None
Abdel | None
Marielis | None
Ruben | None
Isabella | None
Andrea | None
Sangeetha | None
Harlen | None
Omar | None
Lisa | None
Freddy | None
Frank | None
Jose | None
Todd | None
Paula | None
Nelson | None
Kandice | None
Camila | None
Stephanie | None
Michael | None
Theo | None
Brian | None
Francine | None
Rayyan | None
Marisela | None
Brittney | None
Ryan | None
Roldan | None
Joelle | None
Thomas | None
Diana | None
Lindsey | None
Samuel | None
Ben | None
Shannon | None
Kathy | None
Sal | None
Sandhya | None
Emily | None
Albert | None
Liz | None
Shane | None
Bernard | None
Ryland | None
Ashlee | None
Patricia | None
Lisa | None
Jenna | None
Sarah | None
Cheryl | None
Amy | None
Lindsay | None
Jessica | None
Meghan | None
Foley | None
Tyler | None
Robin | None
Julie | None
Yvette | None
Kevin | None
Jay | None
Oliver | None
Adam | None
Nathan | None
Linda | None
Sarah | None
Brendan | None
Linda | None
Brian | None
Michael | None
Jared | None
Michael | None
Brian | None
Christopher | None
Ruchita | None
Susan | None
Linda | None
Sumana | None
Neha | None
Neha | None
Kristin | None
Rashika | None
Paul | None
Ruchita | None
Susan | None
Paul | None
Melissa | None
Rick | None
Eric | None
Cathy | None
Lauren | None
Anthony | None
Christy | None
Chris | None
Pradeep | None
Taylor | None
Petra | None
Bill | None
Katie | None
Jason | None
Gina | None
Adalberto | None
Kevin | None
Lisa | None
Kathy | None
Judy | None
Stephen | None
Jessica | None
Nicole | None
Ellen | None
Sarah | None
Shelby | None
Kareem | None
Lauren | None
Angela | None
Jim | None
Justin | None
Amanda | None
Ella | None
Christian | None
Michael | None
Cambrie | None
Jared | None
Christina | None
Alyssa | None
Justin | None
Kate | None
Minh | None
Matthew | None
Austin | None
Bailee | None
Andrew | None
Ewen | None
Joseph | None
Jaime | None
Chris | None
Rafael | None
Julia | None
Elizabeth | None
Charles | None
Zachery | None
Moira | None
Emily | None
Dani | None
Nick | None
wesley | None
Emily | None
Isaac | None
Rom | None
Mark | None
Rowena | None
Nick | None
Bernie | None
lloyd | None
Hazel | None
Peter | None
Bonnie | None
In-Bey | None
Moe | None
Sangeeta | None
Elizabeth | None
Rodney | None
Kevin | None
Cheryl | None
Lisa | None
Melissa | None
Meredith | None
Mike | None
Maria | None
Rob | None
Greg | None
Michael | None
Darcy | None
Timothy | None
Jan | None
Kyle | None
Todd | None
Kim | None
Glenn | None
Cassia | None
Vastoria | None
Megan | None
Rebecca | None
Claudia | None
Dave | None
Tiffany | None
Michael | None
Kaitlin | None
Sarah | None
Nick | None
Dan | None
Katie | None
Jennifer | None
Pam | None
Monica | None
Megan | None
McKay | None
Marlena | None
Maria | None
Paul | None
Luis | None
Kharlen | None
Jose | None
Jessica | None
Stephany | None
Jeiser | None
Jacquelynn | None
Laura | None
Premier | None
Quinn | None
Renzo | None
Andrea | None
Ashley | None
Babette | None
Carmen | None
Catina | None
Chrismil | None
Daiyana | None
Damaris | None
Elsie | None
Silvia | None
Hamza | None
Hannah | None
Heather | None
Rodney | None
Richard | None
Jacalyn | None
Heather | None
Lluvia | None
Jose | None
Karen | None
Gabriela | None
Heather | None
Heather | None
Luis | None
Jacqueline | None
Jacquelynn | None
Jessica | None
Jose | None
Herbert | None
Debbie | None
Kayla | None
Deanna | None
Allan | None
Lauren | None
Michaela | None
Gabby | None
Brianna | None
Keely | None
Jackie | None
Gray | None
Shannon | None
Scott | None
Erika | None
Millie | None
Tebogo | None
Max | None
Cody | None
Annabel | None
Katie | None
Alex | None
Rob | None
Lewis | None
Joanne | None
Béibhinn | None
Oliver | None
Benjamin | None
Daniella | None
Abbie | None
Jack | None
Chris | None
Alex | None
Robyn | None
Kseniia | None
Aimee | None
Michel | None
Juan | None
Matthew | None
amani | None
alexandra | None
Tyshiana | None
Drew | None
Samuel | None
Daniella | None
Joshua | None
Rola | None
Oliver | None
Jack | None
Jeffery | None
Zaid | None
Harry | None
Luke | None
Alexander | None
Ebonie | None
Perry | None
Conor | None
Alec | None
Tom | None
Callum | None
Musty | None
Lucy | None
Cameron | None
Sophie | None
Ridha | None
Rhys | None
Andrew | None
Earl | None
Brian | None
Somer | None
Andrew | None
Toby | None
Moayed | None
Sarah | None
Joshua | None
Matthew | None
Gabrielle | None
Joanne | None
Linet | None
Vicdoria | None
Bonnie | None
Lauren | None
Tim | None
Adam | None
Deidre | None
Waleed | None
Kristin | None
Kory | None
Robert | None
Dave | None
Brad | None
Julie | None
Josh | None
Jonathon | None
Dustin | None
Sara | None
Jaclyn | None
Dana | None
Kia | None
Christopher | None
Shannon | None
Patricia | None
Taylor | None
Steve | None
Kevin | None
Ken | None
Kimberly | None
Liz | None
Tatum | None
Nikka | None
Angela | None
Craig | None
Charlie | None
Angela | None
Kimberly | None
Tamika | None
Maren | None
Stephanie | None
Tymothy | None
Brittany | None
Edward | None
Julissa | None
Ana | None
Sara | None
Cheri | None
Fidel | None
Ming | None
Jawana | None
Mone' | None
Susan | None
Sandra | None
Sergio | None
Jason | None
RJ | None
Kent | None
Michael | None
Cindy | None
Ronnie | None
Ella | None
Glenn | None
Ronnie | None
Jason | None
Erika | None
Michel | None
Michael | None
Andrew | None
Kent | None
Cesar | None
Tanis | None
Jen | None
Jason | None
Erika | None
Cesar | None
Glenn | None
Dan | None
Jeff | None
Jeanine | None
Jim | None
Jesse | None
Mohylyn | None
Mia | None
Mia | None
Joshua | None
Aaron | None
Justin | None
Namik | None
Joanna | None
Jen | None
Chris | None
Cindy | None
Kelsey | None
Joshua | None
Jomi | None
Jim | None
Dan | None
Jen | None
Alexander | None
Brad | None
Colleen | None
Vince | None
Tom | None
Terrance | None
Nick | None
Maureen | None
Matt | None
Marquise | None
Keith | None
Jim | None
Robert | None
Jason | None
Aidan | None
Jeffrey | None
Aaron | None
Eric | None
Eric | None
Gemma | None
Hector | None
Jason | None
Frank | None
Angela | None
Caroline | None
Jessica | None
Hayley | None
Amy | None
Michael | None
Jerry | None
Tom | None
Adam | None
Keith | None
Jacob | None
Tom | None
Kelly | None
Kristen | None
Tina | None
Boopathy | None
Biham | None
Scott | None
Kolton | None
Dan | None
Latasha | None
Edward | None
Evan | None
Catherine | None
Anil | None
Gary | None
Jamie | None
Kim | None
Kaitlyn | None
Jim | None
Sean | None
Rob | None
Steve | None
Shameeza | None
Jerry | None
Mindy | None
Hanna | None
Jennifer | None
Dana | None
Danielle | None
Scott | None
Pamela | None
Charo | None
Tammy | None
Kyle | None
prabha | None
Alfred | None
Allec | None
Britny | None
Kris | None
Dana | None
Bill | None
Rajesh | None
Miguelina | None
Telisha | None
Olivia | None
Vikki | None
Dayna | None
Dave | None
Michael | None
Ashley | None
Kylie | None
Kay | None
Ana | None
Brooks | None
John | None
John | None
Jordan | None
Michael | None
Shawn | None
Garvan | None
Julie | None
Amanda | None
Kevin | None
David | None
Hank | None
Manav | None
Daniel | None
Rick | None
Tommy | None
Jennifer | None
Joe | None
Jeremy | None
Kris | None
Aaron | None
Mike | None
Shelia | None
Nicole | None
Aswin | None
Patrick | None
Michelle | None
Carrie | None
Ryan | None
Kevonne | None
Kylie | None
Marc | None
Mehdi | None
Autumn | None
Michael | None
Eleanor | None
Jine | None
Brendan | None
Vidhya | None
Jacob | None
Jennifer | None
Kevin | None
Jason | None
John | None
Gin | None
Rachel | None
Louis | None
Bryan | None
Rick | None
Edward | None
Michaela | None
Daniel | None
Prabha | None
Wayne | None
Beau | None
Jessica | None
Wes | None
Ashley | None
Jeremy | None
Ivy | None
Kevin | None
Mohammed | None
Ben | None
Amanda | None
Dennis | None
Jeff | None
Sheri | None
Prina | None
Amy | None
Garet | None
Clinton | None
Ginger | None
Richard | None
Tracy | None
Deiondre | None
Mark | None
Phil | None
Will | None
Laurie | None
Mike | None
Jason | None
Liz | None
Wesley | None
Mike | None
Stephen | None
Kelvin | None
Shawn | None
Wayne | None
Charles | None
Claudia | None
Augustine | None
Brad | None
Matthew | None
Rick | None
Brian | None
Mary | None
Mark | None
Owen | None
Taher | None
David | None
Vinny | None
Philip | None
Ken | None
Justin | None
Anusha | None
Jim | None
Benjamin | None
Jeff | None
Loris | None
Pam | None
James | None
Eileen | None
Dusty | None
Sheila | None
Michael | None
Elliott | None
Liz | None
Axel | None
Kim | None
Dennis | None
Colby | None
Andrew | None
Cate | None
Celeste | None
Anna | None
Alexi | None
Michael | None
Rosie | None
Derek | None
Ryan | None
Amanda | None
Andrea | None
Andrea | None
Chelsea | None
Michael | None
Angie | None
Michael | None
Katelyn | None
Brooke | None
Madison | None
Eric | None
Shawn | None
Amanda | None
Abby | None
Abby | None
Drew | None
Kerri | None
Justin | None
Madalyn | None
Nolan | None
Taylor | None
Colton | None
Harper | None
April | None
Satyarth | None
Sean | None
Riley | None
Patrick | None
Lynda | None
Katelyn | None
Jim | None
Courtney | None
Chris | None
Caroline | None
Anna | None
Amy | None
Jennifer | None
Bridgette | None
Lena | None
Riley | None
Annie | None
Travis | None
Cousteau | None
Ryan | None
Brent | None
Sola | None
Kayla | None
Lindsay | None
Madeleine | None
Marija | None
Meghan | None
Nate | None
Nick | None
Noah | None
Patty | None
Sarah | None
Taylor | None
Ted | None
Theo | None
Tina | None
Zachary | None
Ryan | None
Courtney | None
Mike | None
Kate | None
Michael | None
Jade | None
Laney | None
Gretchen | None
Erin | None
Brooke | None
Katie | None
Kate | None
Jessie | None
Jeff | None
Luke | None
Kosta | None
Erich | None
Kevin | None
Tara | None
Jessica | None
Hollye | None
Meagan | None
Abiodun | None
Aidan | None
Charlotte | None
Drew | None
Gabrielle | None
David | None
Ashley | None
Allison | None
Ana | None
Andrew | None
Anna | None
Cari | None
David | None
Gabby | None
Heather | None
Ilva | None
Jack | None
Jadde | None
Brett | None
Kartik | None
Madeleine | None
Michael | None
Kandace | None
Juan | None
Emily | None
Conrad | None
Whitney | None
Claire | None
Christian | None
Charlotte | None
Caroline | None
Brooke | None
Britney | None
Bethany | None
Azure | None
Austin | None
Ajia | None
Abby | None
Sarah | None
Mary | None
whitney | None
cole | None
Conner | None
Jack | None
MacKay | None
Denice | None
Katelyn | None
Shashank | None
Katie | None
Maryann | None
Diana | None
Ashlyn | None
Derek | None
Alyssa | None
Taylor | None
Britt | None
Cheri | None
Mayson | None
Mitch | None
Annie | None
Mary | None
Ben | None
Caitlyn | None
Addison | None
Shayla | None
Giana | None
Erin | None
Enang | None
Will | None
Unni | None
Tori | None
Shaine | None
Rachel | None
Moey | None
Michael | None
Mark | None
Roberta | None
Charles | None
Paul | None
Charles | None
Ted | None
Katelyn | None
Katie | None
Caitlyn | None
Tara | None
Brooke | None
Ben | None
Andrea | None
Mary | None
Lynda | None
Andrew | None
Mayson | None
Marija | None
Alyssa | None
Jeff | None
Gabby | None
Nicholas | None
Tom | None
Kosta | None
Luke | None
Zachary | None
Ilva | None
Jack | None
Ashlyn | None
Katherine | None
Gretchen | None
Whitney | None
Derek | None
Genevieve | None
Kate | None
Charles | None
Shweta | None
Whitney | None
Julia | None
Jordan | None
Jared | None
Jantzen | None
Jacob | None
Harper | None
Graceyn | None
Tina | None
Gabrielle | None
Roth | None
Insight | None
Nicholas | None
Staffing | None
Ultimate | None
Amanda | None
Shay | None
Hollye | None
Donna | None
Sandra | None
Tracey | None
Jack | None
Gabby | None
Katherine | None
Mary | None
Elizabeth | None
Angie | None
Brooke | None
Paul | None
Colin | None
Truman | None
Deanne | None
Jesafa | None
Mariah | None
Marco | None
Ailey | None
Joel | None
Alyssa | None
Matt | None
Jerry | None
Mark | None
Patricia | None
Alexis | None
Alexis | None
Kim | None
Colleen | None
Amy | None
Anais | None
Alden | None
Debbie | None
Benita | None
Ashley | None
Kaitlyn | None
Sarah | None
Ariel | None
Stephanie | None
William | None
Faliza | None
Cheyenne | None
Leilani | None
Erika | None
Stephanie | None
Louis | None
Jackson | None
Craig | None
Mike | None
Aschanti | None
Brooke | None
Bill | None
Lindsey | None
Laura | None
Kirsti | None
Kellie | None
Katrina | None
Kassandra | None
Kandice | None
Jillian | None
Jennifer | None
Jenifer | None
Haley | None
Glenn | None
Eric | None
Edith | None
Diane | None
Angela | None
Gail | None
Bob | None
Brandon | None
Eric | None
Bryseida | None
Candice | None
Carolynn | None
Babatunde | None
Cassandra | None
David | None
David | None
David | None
Deborah | None
Diane | None
Thai | None
Clare | None
Mike | None
Lindsay | None
John | None
Ann | None
Virginia | None
Nicholas | None
Melissa | None
Paige | None
Demont | None
Marito | None
Dani | None
Amanda | None
Zhanatayev | None
Kade | None
Aurora | None
Christopher | None
Sean | None
Caitlin | None
Kim | None
Carmen | None
Christina | None
Alisa | None
Blanca | None
Randall | None
Renee | None
Bree | None
Jon | None
Anna | None
Katie | None
Alicia | None
Xavier | None
Claudia | None
Devan | None
Calvin | None
Brock | None
Tanya | None
Sunnie | None
Lucy | None
Tom | None
Lisa | None
Maliha | None
Marina | None
Ahmed | None
Gary | None
Charlotte | None
Jeff | None
Cristina | None
Kenneth | None
Michelle | None
Ana | None
Ric | None
Chase | None
Becki | None
Gary | None
Analisa | None
Jody | None
Tammi | None
Renay | None
Erica | None
Matt | None
Adrienne | None
Melissa | None
Amanda | None
Cristina | None
Dana | None
Dawn | None
Bob | None
Julie | None
Lauren | None
Allison | None
Marcelo | None
Meg | None
Marilyn | None
Karina | None
Valarie | None
Jill | None
Alaina | None
Patricia | None
Marisela | None
Michelle | None
Rachelle | None
Brandon | None
Tamara | None
Catherine | None
Gabrielle | None
Pedro | None
Kevin | None
Jasmine | None
Emily | None
Anita | None
Desiree | None
Roel | None
Antonio | None
Shoaib | None
Sidra | None
Jessica | None
Alina | None
Cheryl | None
Jill | None
Daliah | None
Motola | None
Angie | None
Natalie | None
Jennifer | None
Amy | None
Lori | None
John | None
Taylor | None
Rick | None
Maria | None
Lydia | None
Lori | None
Lindsay | None
Leo | None
Mark | None
Lidia | None
Kelli | None
Erykah | None
Connie | None
Vanessa | None
Tamla | None
Suzanne | None
Sunnie | None
Stacy | None
Sharon | None
Sara | None
Sana | None
Paul | None
Nicole | None
James | None
Matt | None
Jennifer | None
Tonya | None
Gabby | None
Garrett | None
Nayendi | None
Julia | None
Joseph | None
Jorjana | None
Jonas | None
Joanie | None
Jillian | None
Jessica | None
Jeri | None
Jennifer | None
Jay | None
Jason | None
Jaliya | None
Jackie | None
Jack | None
Holley | None
Heather | None
Gabriela | None
Andrew | None
Kimberly | None
Lawrence | None
Weronika | None
Sean | None
Jay | None
Tamara | None
Reginald | None
Nayelli | None
Natalie | None
Marlene | None
Marissa | None
Mahathi | None
Lawrence | None
Kamen | None
Kale | None
Johnny | None
Jenni | None
Colin | None
Ashleigh | None
April | None
Antonio | None
Andre | None
Anali | None
Amanda | None
Elissa | None
Erin | None
Kale | None
Megan | None
Amalia | None
Lawrence | None
Casimira | None
Alexis | None
Lawrence | None
Kara | None
Griselda | None
Nessly | None
Leo | None
Kristianna | None
Amanda | None
Regina | None
Thomas | None
Paige | None
Attiya | None
Carmen | None
Kimberly | None
Lizeth | None
John | None
Recruiter | None
Heather | None
Kristianna | None
Jessica | None
Regina | None
Brande | None
Sydney | None
Chad | None
Craig | None
Rose | None
82 | None
linkedin | None
tom | None
Ryan | None
1 | None
Justin | None
Ryleigh | None
Alonnah | None
Anant | None
Jennifer | None
Dustin | None
Brady | None
Beth | None
Samual | None
Jarred | None
Caiden | None
Himansu | None
Tinisha | None
Chad | None
Sarah | None
Belinda | None
Darcy | None
Josh | None
MaryPaul | None
Aubrynn | None
Nicole | None
Sydney | None
Linnea | None
Jon | None
2 | None
Kezia | None
Roshan | None
Ryleigh | None
Kevin | None
Justin | None
Stephanie | None
Ryleigh | None
Justin | None
Julia | None
Jessica | None
Caiden | None
Craig | None
Todd | None
Devon | None
Alonnah | None
Tom | None
Stephen | None
MariAngela | None
Heather | None
Kyndall | None
3 | None
Jeffrey | None
5 | None
Devon | None
Donald | None
Hugo | None
Steven | None
Linnea | None
Darcy | None
Josh | None
Nicole | None
morning | None
Aubrynn | None
Rachelle | None
Wylie | None
MaryPaul | None
Nicole | None
Charles | None
Jarred | None
Rose | None
Jon | None
Bem | None
Jonathan | None
Kyndall | None
8 | None
Alexandra | None
Mandy | None
Brady | None
Heather | None
Isaiah | None
Nokta | None
Michelle | None
Jennifer | None
Dana | None
Kendra | None
Scott | None
Yonas | None
Carolyn | None
criss | None
Cristal | None
Brian | None
Cynthia | None
Brent | None
Mark | None
Wendy | None
William | None
Emma | None
Ronald | None
Holly | None
Darren | None
Tamara | None
Destanie | None
Veera | None
Andrea | None
Holly | None
taylor | None
Jane | None
Aaron | None
Tracy | None
Val | None
William | None
William | None
Zainab | None
Melanie | None
janani | None
Tom | None
Sami | None
Ronald | None
Ronald | None
Priscilla | None
melinda | None
Melanie | None
Matt | None
shruti | None
Tracy | None
mason | None
Helen | None
Andrew | None
Brian | None
Charanya | None
Helen | None
Priscilla | None
Mark | None
Cristal | None
Jane | None
Tracy | None
Darren | None
Michael | None
Haley | None
Morgan | None
Cristal | None
Chris | None
Haley | None
Jane | None
Charanya | None
Brian | None
Andrew | None
Kelly | None
Steve | None
Priscilla | None
Morgan | None
Veera | None
Michael | None
Omed | None
Horia | None
Elena | None
Kristopher | None
Robert | None
Linda | None
Ronald | None
Sean | None
Diane | None
Harriet | None
Taylor | None
Ellie | None
Yanga | None
Arti | None
Rosyne | None
brittney | None
bridget | None
alexi | None
Cassie | None
Frankie | None
Nikki | None
camille | None
candace | None
frankie | None
cassie | None
Gretchen | None
Manti | None
Jill | None
Lareesa | None
Kelly | None
Mckenna | None
Teanca | None
Mariam | None
Kylie | None
Kyley | None
Diana | None
JoAnn | None
carly | None
Jim | None
Aaron | None
zac | None
portia | None
Madison | None
madison | None
katelyn | None
josh | None
joana | None
jackson | None
henry | None
Alexi | None
erika | None
Erika | None
nikki | None
Josh | None
Joana | None
Portia | None
Carly | None
Jackson | None
Henry | None
Katelyn | None
Brittney | None
Zac | None
Bridget | None
jason | None
harris | None
hannah | None
hannah | None
haley | None
ginny | None
gerry | None
danielle | None
erica | None
dominic | None
jenn | None
channon | None
celena | None
cade | None
erin | None
jennifer | None
leah | None
kylee | None
sara | None
samuel | None
rebekah | None
oliver | None
nicholas | None
molly | None
mike | None
michael | None
melinda | None
megan | None
meagan | None
matt | None
lisa | None
broc | None
laurie | None
kristen | None
britni | None
alyse | None
amy | None
susan | None
suzi | None
vanessa | None
whitney | None
Ashley | None
Lisa | None
Tom | None
benjamin | None
shandi | None
shannon | None
amy | None
Chris | None
Megan | None
Stephen | None
Nakia | None
Michael | None
Christina | None
Stephanie | None
Kailey | None
Brittany | None
Jennifer | None
Jacqueline | None
Rachel | None
Cori | None
Marcia | None
Natalie | None
Anna | None
Alexis | None
Kortney | None
Jamie | None
Alice | None
Colleen | None
Samantha | None
Scott | None
Taylor | None
Greg | None
Monika | None
Janice | None
Jennifer | None
Quriah | None
Fernando | None
Tiffon | None
Vinay | None
Maura | None
Varsha | None
Christopher | None
Nicole | None
Krista | None
Atif | None
Aubrey | None
Jerry | None
Tyler | None
Christopher | None
Jennifer | None
Sean | None
Jordana | None
Madison | None
Mark | None
Jason | None
Billy | None
Cathy | None
David | None
Jenny | None
Jeff | None
Felix | None
Rachael | None
Andrea | None
Frank | None
Mandy | None
Belinda | None
Belinda | None
Taylor | None
Christine | None
Oliver | None
McKayla | None
Cameron | None
Alexandra | None
Eric | None
Marie | None
susan | None
Ashley | None
Erika | None
Kaleigh | None
Erin | None
britta | None
erin | None
frances | None
gabriel | None
jessica | None
kaleigh | None
regina | None
sara | None
shannon | None
shauna | None
victoria | None
hannah | None
marcy | None
Sri | None
Tony | None
Jaime | None
Demis | None
Stephanie | None
Janice | None
Renee | None
Brenda | None
Eric | None
Russell | None
Gregory | None
Maggie | None
James | None
Joshua | None
Cassandra | None
Aprille | None
Kristen | None
Nicole | None
Tennyson | None
Simone | None
Patrick | None
Richard | None
Keri | None
Nancy | None
Mia | None
Kirk | None
Ian | None
Annie | None
Sarah | None
Mike | None
Brandy | None
Erika | None
James | None
Steven | None
Eric | None
Elizabeth | None
John | None
William | None
Kayla | None
Igor | None
Helen | None
David | None
Frank | None
Maureen | None
Samantha | None
Karsten | None
Rudy | None
Rodrigo | None
Suzan | None
Hamza | None
Cynthia | None
Jim | None
Shane | None
Erik | None
Tabatha | None
Jaclyn | None
Tyler | None
Kerry | None
Julie | None
Dina | None
Heather | None
Chadijah | None
Justin | None
Bill | None
LeKeithea | None
Dominique | None
John | None
Jennifer | None
Timothy | None
Andrea | None
Tom | None
Shelby | None
Brian | None
Vicki | None
Stephanie | None
Sara | None
Michael | None
Joanna | None
CJ | None
Freya | None
Stacey | None
Kelly | None
Candice | None
Sheryl | None
Simona | None
Meg | None
Joseph | None
Jeff | None
Larry | None
Nicole | None
Daniel | None
Kristin | None
John | None
Jeremy | None
Sonayia | None
Brian | None
Bridget | None
Nicol | None
Bethany | None
Marcy | None
Dawn | None
Ashley | None
Cynthia | None
Paula | None
Nicole | None
Jorge | None
Catie | None
Jed | None
Meredith | None
Samantha | None
Angie | None
Olivia | None
John | None
Linda | None
Evelyn | None
Leigha | None
Kelly | None
Ashley | None
Maureen | None
Hannah | None
Jason | None
Julie | None
Eric | None
Chereme | None
Kyle | None
Suzanne | None
Rheannin | None
Tisha | None
Frederick | None
Brittany | None
Becca | None
Jennifer | None
Hannah | None
Marsha | None
David | None
Kate | None
Rick | None
Mary | None
Matt | None
Matthew | None
Rhiana | None
Tom | None
Liz | None
Christine | None
Arun | None
Tom | None
Mary | None
John | None
Mary | None
Andrew | None
Dave | None
Dana | None
Cathrine | None
Arun | None
Matt | None
Amy | None
Tim | None
Sarah | None
Kathleen | None
Dana | None
Brenon | None
Andrew | None
Liz | None
Mary | None
Tim | None
Kathleen | None
Justin | None
Heather | None
Jennifer | None
Matthew | None
Rick | None
Edward | None
Kathleen | None
Tom | None
Todd | None
Dave | None
Maranda | None
Cathrine | None
Andrew | None
Matthew | None
Justin | None
Amy | None
Christine | None
Allen | None
Mary | None
Christine | None
Arun | None
Liz | None
Amy | None
Christine | None
Allen | None
Abby | None
Cathrine | None
Todd | None
Sarah | None
Dana | None
Rick | None
Timothy | None
Amy | None
Cathrine | None
Ann | None
Keira | None
Chelsea | None
Kaitlyn | None
Lorrie | None
Michael | None
Chelsea | None
Nathan | None
Tamra | None
Kourtney | None
John | None
David | None
Lisa | None
Jennifer | None
Darryl | None
Dwayne | None
Kathleen | None
Juan | None
Terrence | None
Stephen | None
Bijaya | None
Mark | None
Kaye | None
Lou | None
Jay | None
Sarvana | None
Miryan | None
Margarita | None
Sherli | None
Juan | None
Monica | None
Ashley | None
Yuranis | None
Matthew | None
Andres | None
Scott | None
Humeira | None
Humeira | None
Anna-Helen | None
Stephanie | None
Kim | None
Ryan | None
Donna | None
Carla | None
Abdullah | None
Marshall | None
Melissa | None
Chuck | None
Chris | None
Diane | None
Heather | None
Michael | None
Nadine | None
Tammy | None
Tony | None
Harley | None
Ginger | None
April | None
Logan | None
April | None
Joseph | None
Liz | None
Jay | None
Justin | None
Jacqueline | None
Z | None
Stephanie | None
Leslie | None
Michelle | None
Sharnay | None
Tiffany | None
Chuck | None
Jake | None
Christopher | None
Muzammil | None
Pilar | None
Amar | None
Mia | None
Kendall | None
Nthabiseng | None
Merwyne | None
Keneth | None
Indre | None
Pearl | None
Al-Yasa | None
Stephanie | None
Kirsten | None
Jerome | None
Mark | None
Keneth | None
Jenny | None
Kylie | None
Connor | None
Megan | None
George | None
Ross | None
Isaac | None
Kieran | None
Antoine | None
Kelly | None
Hannah | None
Jake | None
Alexandra | None
Shereen | None
Greg | None
Jonny | None
Rohmel | None
J'saun | None
Mark | None
Kristen | None
Devin | None
Cody | None
Nicole | None
Brett | None
Tosha | None
Carolyn | None
Stanley | None
Roneka | None
Karen | None
John | None
Amy | None
Emily | None
Cedric | None
Dave | None
Monica | None
Josue | None
Jacob | None
Andy | None
Isaac | None
Valerie | None
Nancy | None
Jonathan | None
Pursenla | None
Geoffrey | None
Michael | None
Franz | None
Harish | None
Dianna | None
Angela | None
Dylan | None
Alyssa | None
Melissa | None
Afshan | None
Elena | None
Heidi | None
Cameron | None
Kath | None
Sunny | None
Rachel | None
Blair | None
Liza | None
Sally | None
Tessa | None
Nitin | None
ELIANE | None
Tibor | None
Dany | None
Sam | None
Diana | None
Brad | None
Nancy | None
Justin | None
Jeff | None
Nathalie | None
Sonia | None
Cindy | None
Melissa | None
Jenna | None
Jonathan | None
Matthew | None
Irene | None
Amanda | None
Stephanie | None
Marie | None
Jeremy | None
Jérôme | None
Derek | None
Nicolas | None
Julian | None
Ashley | None
Tubah | None
Khaled | None
Lily | None
Bill | None
Chris | None
Mike | None
Shane | None
Nicole | None
Chandler | None
Cory | None
Matthew | None
Theresa | None
Patrick | None
Paris | None
Kerry | None
Bailey | None
Sabrina | None
John | None
Drew | None
Rob | None
Brandon | None
Jamie | None
James | None
Lacy | None
Valerie | None
Neil | None
Diane | None
Ro | None
Sean | None
Chandler | None
Dawood | None
Katelyn | None
Lynn | None
Jill | None
Benjamin | None
Jennifer | None
Calvin | None
Cam | None
Patrycja | None
Naomi | None
Shirley | None
Abteen | None
Zack | None
Shane | None
Sean | None
Milind | None
Kenneth | None
Keith | None
Justin | None
Jocelyn | None
Andy | None
Jay | None
Haylee | None
Milos | None
Alexandra | None
Shirley | None
Valerie | None
Laura | None
Trevor | None
Katelyn | None
Blair | None
Dejan | None
Michael | None
Jill | None
Deepika | None
Ashish | None
James | None
Mary | None
Cam | None
Melissa | None
Dylan | None
Lily | None
Sunny | None
Dany | None
Nancy | None
Jonathan | None
Danielle | None
Cristopher | None
Diana | None
Alexandra | None
Alyssa | None
Kelly | None
Hunter | None
Kaytlynn | None
Julie | None
Kristine | None
Krista | None
Jay | None
Erika | None
Michael | None
Elsa | None
Caitlin | None
Niriha | None
Rob | None
Taylor | None
Gabby | None
Krissy | None
Zach | None
Nina | None
Paul | None
Kathleen | None
Arun | None
Paul | None
Jessie | None
Rachel | None
Léa | None
Prasanth | None
Andrea | None
Emre | None
Caitlin | None
Calvin | None
Kaytlynn | None
Paul | None
Lacy | None
Pursenla | None
Dejan | None
Jocelyn | None
Andy | None
Rick | None
Brett | None
Randall | None
Chandler | None
John | None
Randall | None
Hunter | None
Mark | None
Emre | None
Johny | None
Mary | None
Luke | None
Julie | None
Jeff | None
Alcia | None
Cody | None
Tiffany | None
Alcia | None
Geoffrey | None
Sharlotte | None
Charles | None
Kyle | None
Erica | None
Pursen | None
Yohaan | None
Abteen | None
Elena | None
Blair | None
Tibor | None
Sally | None
Tiffany | None
Jamie | None
Dave | None
Kathleen | None
Dinesh | None
Hunter | None
Patrycja | None
Chandler | None
Nadiya | None
Dinesh | None
Christopher | None
Jake Jacob | None
Armando Garcia | None
Jim Westbrook | None
Kristen Menendez | None
Monica Allen | None
Chris Beckage | None
Melissa Quintos | None
Carolina Angelini Vortmann | None
Hunter Shearin | None
Courtney Cates | None
Randall Smith | None
Gabby Przybyszewski | None
Caitlin Dillon | None
Julie Sultan | None
Kaytlynn Cornelius | None
Roneka Scott | None
Karen Richards | None
Dan Chan | None
Cory Gaines | None
Krissy Froncillo | None
Haylee Woods | None
S. Marie W. | None
Jacob Argo | None
Zach Fuller | None
Brett Bulow | None
Steve Brown | None
Christine Plowucha | None
Michael Calderon | None
Justin Taylor | None
Nina Vega | None
Felicia LaRoche | None
Devin Rogers | None
John Morgan | None
Ryan M. | None
Laura Hacker | None
Kathleen Gessler | None
Nathan Garner | None
Milind Sethi | None
Roy Mella | None
Youri Dominique | None
Pavel Feldman | None
Ethan P. | None
Elena Stolin | None
Rahma Sayari | None
Lindsay McLoughlin | None
Stephanie Nan | None
Marc-André Verdon | None
Marina Lévesque | None
Ankita Rajan | None
Jocelyn | None
Tyler | None
Arlene Campbell | None
Alex MacKenzie | None
Arianne Tremblay | None
Zack | None
Sabrina Mamtaj | None
Christiane Pilon | None
Garrett Irvin | None
Marie-Josée Bleau | None
Deborah Potts | None
Kerry H. | None
Vicki Lee | None
Dean Simmons | None
Olanrewaju Olanipekun | None
Nina Patel | None
Leticia Davolli | None
Nathalie Fernando | None
Simon Gray | None
Alexandra Martel | None
Yewande Dayspring-Adenusi | None
Rosette Malulu | None
Charlène Kamdem Tago | None
Frederick Elum | None
Irfan Ahmed | None
Alan Hogeboom | None
David Forde | None
Stefany Mitchell | None
Joshua Granata | None
Meegan Stewart | None
Joseph Pham | None
Matthew McDowall | None
Shannon Snell | None
Charles Liikson | None
Keerthi K | None
Elisabetta Tagliacozzo | None
Tiffany Chen | None
Marnie Pertsinidis | None
Jeffrey Kobryn | None
Eric Descoteaux | None
Aisha Scego | None
Paul Ducharme | None
Tony Amadio | None
Tena Thiessen | None
John C. | None
Luke Morrison | None
Sonia Janovjak | None
Carol Distasi | None
Susana L. | None
Igor Vuckovic | None
Lori Hoard | None
Kent McCrea | None
Steven Wu | None
Zoravar Malik | None
Colin W. | None
Mandy Ferreira | None
Sharlotte Bidesi | None
Sandra Girard | None
Élie Bérubé | None
Wendy Kennah | None
Shakil Dharshi | None
Brigitte Mallette | None
Noah Totten | None
Patrick Cousineau | None
Ari Glick | None
Bin Yang Yu | None
Omar El Nil | None
Danielle Bateman | None
Oksana Kratiuk | None
Peter Kalafatis | None
Christina Di Tiberio | None
Amanda Horan | None
Dominique Caslangen | None
Shezy Maherali | None
Margaret Villeneuve | None
Heather Miskelly | None
Lynn Wilsack | None
Nicole Prokop | None
Jodi Tresidder | None
Mark Liston | None
Galina Leshchinsky | None
Nathalie Michaud | None
Siska N. | None
Alyssa D. | None
Kelly Early | None
Caitlyn Blais | None
Andriy Meshchanov | None
Josue Diaz Rivera | None
Michael Tischer | None
Abdullah Javed | None
Alexa | None
Kristin Stolp | None
Elsa Castelan | None
Muhammad Mujtaba Hasan | None
Romia Khaliqyar | None
Freddy Jeong | None
Mahmuda Yusufi | None
Tetiana Moroz | None
Todd Sheets | None
Emily Henry | None
Carolyn Cote | None
Bill McGrail | None
Stephen Rycroft | None
Amy Barclay | None
Christopher Burton | None
Ernesia Harts-Knowles | None
Daniel Dongzhou Wei | None
Dani S. | None
Rick Marshall | None
Karen Ruggiero | None
Jessica Hallock | None
Rebekah | None
Judy Naamani | None
Michael | None
Justin | None
Calvin | None
Lindsay | None
Christiane | None
Benjamin | None
Jade | None
Nancy | None
Charles | None
Diana | None
Emma | None
Jonathan | None
Daniela | None
Milos | None
Alex | None
James | None
Luke | None
Blair | None
Nevena | None
Jessie | None
Elena | None
Sandeep | None
Sara | None
Chris | None
Ashley | None
Ryan | None
Paul | None
Brad | None
Laura | None
Alexa | None
Shannon | None
Heidi | None
Brianna | None
Angelica | None
Mallory | None
David | None
Daniel | None
Alyssa | None
Amanda | None
Julia | None
Mariam | None
Dejan | None
Cristopher | None
Kim | None
Anshul | None
Kaytlynn | None
Kris | None
Harry | None
James | None
Diami | None
Diaminatou | None
Trevor | None
Patrycja | None
Samantha | None
Andre | None
Lynn | None
Jennifer | None
Radhesh | None
Jessie | None
Hunter | None
Carolina | None
Rebekah | None
Anthony | None
Chester | None
John | None
Randall | None
Nisarg Mistry | None
Enrique Zenteno | None
Charlotte Lee | None
Bijay Koirala | None
Anujit Sinha | None
Steeves Saillant | None
Dylan Fedy | None
Gianni B. | None
Eric Larose | None
Kristine T. | None
Antoine Mimoun | None
Alison Dolan | None
Saro Avakian | None
Neil Guzman | None
Kim Myles-Barclay | None
Arnavaz Udwadia | None
Amruta Khadkikar | None
Karim Guessoum | None
Cristiane Oliveira | None
Delaxshi Nageswaran | None
Sze Liz Lung | None
Carolyn Levy | None
Christine | None
Justin | None
Mckenzie | None
John | None
Paris | None
Dave | None
Srinivas | None
Carolina | None
Brad | None
Dave | None
Salen | None
Lisam | None
Valerie | None
Irina | None
Kenneth | None
Aziz | None
Melissa | None
Rudi | None
Sean | None
Shane | None
Ro | None
Simone | None
Bill | None
Trey | None
Neil | None
Alana | None
Wayne | None
Chris | None
Roy | None
Chandler | None
Dioselina | None
Kevin | None
Chris | None
Cody | None
Chris | None
Dave | None
Lidia | None
Isaac | None
Colette | None
Alcia | None
Trey | None
Courtney | None
Emilio | None
Vijay | None
Matthew | None
Angelica | None
Tony | None
Valerie | None
Carolina | None
Carylanne | None
Brianna | None
Courtney | None
Tom | None
Rachel | None
Lynn | None
Emma | None
Flor | None
Isaac | None
Jalen | None
Jeff | None
Krista | None
Lauro | None
Lindsay | None
Steven | None
Dave | None
Sommer | None
Nevena | None
Oscar | None
Pursenla | None
Mallory | None
Ro | None
Mark | None
Ravi | None
Divakar | None
Jacqueline | None
Kelly | None
Brian | None
Zach | None
Joseph | None
Brandon | None
David | None
Ian | None
Hunter | None
Todd | None
Kelly | None
Melissa | None
Alex | None
Joe | None
Maxwell | None
Jessica | None
Brian | None
Jeff | None
Ian | None
Justin | None
Zoe | None
Robin | None
Garrett | None
Elle | None
David | None
Chad | None
Recruiter | None
Joseph | None
Todd | None
Chad | None
Brandon | None
Amanda | None
Ricky | None
Leia | None
Betty | None
Recruiter | None
Trevor | None
Amanda | None
Alex | None
Melissa | None
Hunter | None
Shelby | None
Veronica | None
Scott | None
Mark | None
Tyler | None
Ross | None
Kyle | None
Amy | None
Kevin | None
Jackie | None
Jerry | None
Stacy | None
David | None
Tami | None
Nathan | None
Katie | None
Jennifer | None
Tara | None
Rich | None
Eric | None
hollie | None
James | None
Kandace | None
Adrian | None
Andres | None
Bobbie | None
Chris | None
Chris | None
Crystal | None
Darlene | None
DeAnna | None
Francisco | None
Hazel | None
James | None
Jerry | None
Joanne | None
Karen | None
Dawn | None
Rodney | None
Patrick | None
Robin | None
Robin | None
Mike | None
Meaghan | None
Linda | None
Lamont | None
Ryan | None
Sara | None
Sue | None
Tim | None
Naveen | None
Roger | None
Susan | None
Jo | None
Jodi | None
Kimberly | None
Mike | None
Michael | None
Zach | None
Dawn | None
Peter | None
Matthew | None
Lisa | None
Lauressa | None
Kelsey | None
Jess | None
Jacee | None
Griffin | None
Gregory | None
Elizabeth | None
Dominic | None
Christopher | None
Chris | None
Camila | None
Jolene | None
Brent | None
Julia | None
Linda | None
Joe | None
Joshua | None
Erin | None
Barbara | None
Taelore | None
Karlea | None
Hayley | None
Kim | None
Kaylynn | None
Trace | None
Jackson | None
Mike | None
Taelore | None
Adam | None
Barbara | None
Mark | None
Jennifer | None
Amanda | None
Brendon | None
Kristen | None
Kristen | None
Joshua | None
Mark | None
Michael | None
Michael | None
Sabrina | None
Teri | None
John | None
Jannine | None
Jack | None
Fred | None
Denise | None
Deanna | None
Deanna | None
David | None
David | None
Danielle | None
Dan | None
Corinna | None
Christen | None
Cheryl | None
Cerena | None
Brennan | None
Katie | None
Joshua | None
alun | None
Carl | None
anna | None
Lisa | None
Jessica | None
nick | None
Lisa | None
Michael | None
Kristen | None
Tyler | None
Richard | None
Mike | None
Lim | None
Dustin | None
Carmen | None
Felix | None
Janna | None
Sheila | None
Hannah | None
Kimberly | None
Jessica | None
Tina | None
Nancy | None
April | None
Joe | None
Christena | None
Sara | None
Mike | None
Christen | None
Denise | None
Danielle | None
Lydia | None
Kelsey | None
Brooke | None
Bri | None
Tom | None
Chris | None
Saneva | None
Nancy | None
Monique | None
Tiffani | None
Lisa | None
Maureen | None
Joshua | None
Gabe | None
William | None
Mike | None
Zephaniah | None
Michael | None
Jodie | None
Anne | None
Paul | None
Caitlin | None
Nancy | None
Steve | None
Mikhala | None
Nathan | None
Ken | None
Amanda | None
Lisa | None
Janelle | None
Lazaro | None
Bryan | None
Chad | None
Michael | None
Jerry | None
Matthew | None
Deborah | None
David | None
Carrie | None
William | None
Angie | None
Tom | None
Jay | None
Adam | None
Matthew | None
Sam | None
Sara | None
Sehar | None
Akeil | None
Syed | None
Julia | None
Julia | None
Syed | None
Sean | None
Akeil | None
Christopher | None
Daniel | None
Caitlynn | None
Jason | None
Lili | None
Dilek | None
Anya | None
James | None
James | None
Marcel | None
Caitlynn | None
Curtis | None
Syed | None
Nandin | None
Bryce | None
Dilek | None
Nazia | None
Oliver | None
Sylvie | None
Mike | None
Daniel | None
Oliver | None
Mike | None
Lindsay | None
Lindsey | None
Lisette | None
Lizzette | None
Loriann | None
Lucy | None
danique | None
aurelie | None
chiara | None
darren | None
dean | None
emilie | None
Lindsay | None
francesco | None
Luther | None
Lindsay | None
Anica | None
Laurent | None
hannah | None
Marcel | None
Mario | None
Ughanze | None
Billy | None
Sumair | None
Nathalie | None
Farah | None
Joseph | None
Dillon | None
Maham | None
Ariana | None
Guzman | None
Lauren | None
Lauren | None
Lee | None
jamal | None
Linus | None
jeroen | None
Amanda | None
Angelika | None
Ayesha | None
Jan-Kristof | None
Joana | None
Jon | None
yasmine | None
Kimberley | None
Kieran | None
Matthew | None
Melvin | None
Rebecca | None
Sophie | None
Tuesday | None
Leonor | None
wina | None
victoria | None
verena | None
joe | None
josh | None
kaillie | None
lucien | None
markus | None
matthew | None
michael | None
mikaela | None
rabieh | None
rebecca | None
robert | None
saber | None
samantha | None
sarah | None
vanessa | None
jason | None
Brian | None
Sally | None
Charlene | None
Garrett | None
Joe | None
Graham | None
Hamza | None
Heidi | None
Turner | None
Madison | None
Helen | None
Holly | None
Holly | None
Michael | None
Jacob | None
Jacquetta | None
Chanel | None
Tiffany | None
Bianca | None
Jared | None
Gabe | None
Joseph | None
Er. | None
Chamdin | None
Chamdin | None
Madison | None
Brian | None
Sharisse | None
Amber | None
James | None
Laura | None
Annie | None
Christen | None
Michelle | None
Lorraine | None
Caroline | None
Grant | None
Marissa | None
Caswell | None
Jordan | None
Alice | None
Grant | None
Mel | None
Jacki | None
Jade | None
Jill | None
Jimasif | None
Jimmy | None
Jodi | None
John | None
John | None
Shauntel | None
Jonathan | None
Jordyn | None
Jose | None
Josh | None
Juliana | None
Julie | None
Julie | None
Julie | None
Okan | None
Riley | None
Jihene | None
Jessica | None
John | None
Jess | None
Jaida | None
James | None
James | None
James | None
Jamie | None
Jamie | None
Janay | None
Jessica | None
Jasmine | None
Jared | None
Jean | None
Jennifer | None
Jennifer | None
Jennifer | None
Jennifer | None
Jenna | None
Jason | None
Jean | None
Roxanne | None
Jayda | None
KEVIN | None
jason | None
Alex | None
Ammy | None
Harry | None
Florence | None
Lucy | None
John | None
Natasha | None
Udeme | None
Rylie | None
Tracy | None
Michelle | None
Mike | None
Evan | None
Lindsey | None
Janice | None
Lisa | None
Paula | None
Max | None
Lyndon | None
Meron | None
Jacquelyn | None
Nicholas | None
Jacquelyn | None
Kateryna | None
Michael | None
Mike | None
Jacquelyn | None
Andrea | None
Carly | None
Jacquelyn | None
Brooke | None
Grant | None
Jacki | None
Reagan | None
Sierra | None
Brock | None
Brianna | None
Elena | None
LinkedIn | None
TJ | None
Caitlin | None
Julia | None
Mahima | None
Konrad | None
Greg | None
Prameela | None
Preeti | None
Prabhakar | None
Gunjan | None
Sarat | None
Ravi | None
Nicholas | None
Khaled | None
Ajay | None
Hannah | None
Heather | None
Ashley | None
Safay | None
Marla | None
Maria | None
Courtney | None
Joby | None
Hope | None
Marcela | None
Jessica | None
Kim | None
Tiffany | None
Sima | None
Mariah | None
Allison | None
Brandon | None
Rachael | None
Bridget | None
Lindsey | None
Jordan | None
Megan | None
Perry | None
Caroline | None
Jeff | None
John | None
Zachary | None
Abigail | None
Coleen | None
Ryan | None
Jackson | None
Erin | None
Kory | None
Michele | None
Courtney | None
Sue | None
Rick | None
Quentin | None
Ross | None
Jamie | None
Tsiangu | None
Hayden | None
Blair | None
Beth | None
Andrew | None
Kate | None
Jimmy | None
Trevor | None
Salvador | None
Brook | None
Kristen | None
Brittany | None
Lori | None
Kevin | None
Kayleigh | None
Luke | None
Leah | None
Cassandra | None
Caraline | None
Meagan | None
Caitlin | None
Abhishek | None
Kianna | None
Natalie | None
Joshua | None
Pepper | None
Roman | None
Md | None
Megan | None
Gabriel | None
Jenelle | None
Heather | None
Mary | None
Erin | None
Maria | None
Chelsea | None
Kyle | None
Tifanie | None
Lakeisha | None
Jaclyn | None
Charity | None
Robert | None
Deandra | None
Tara | None
Dan | None
Michael | None
Myree | None
Marisa | None
Michelle | None
Olivia | None
Sophie | None
Kiley | None
Dai'zhane | None
Kana | None
Leri | None
Clarissa | None
Madison | None
Theresa | None
Mary | None
Brian | None
Joshua | None
Gabriel | None
Melanie | None
Rob | None
Celia | None
Angie | None
Andrew | None
Brandie | None
Rachel | None
Jared | None
Delaney | None
Katherine | None
Callie | None
Nichole | None
Donald | None
Julia | None
Keara | None
Lucy | None
Molly | None
Amanda | None
Ali | None
Vince | None
Brooke | None
Kerri | None
Kevin | None
Nick | None
Abby | None
Courtney | None
Jessica | None
Jackie | None
Ben | None
Andrew | None
Taylor | None
Laura | None
Joel | None
Torie | None
Grant | None
Katie | None
Shivam | None
Naveen | None
Candice | None
Deirdra | None
Alexandra | None
Hope | None
Clinton | None
Calah | None
Gabrielle | None
Ben | None
Jim | None
Sara | None
Brianna | None
Jamie | None
Aaron | None
Keely | None
Jodi | None
Dimple | None
Lynda | None
Bailey | None
Lindsay | None
Anita | None
Lindsay | None
Catherine | None
Meghna | None
Teresa | None
Heath | None
Lisa | None
Julia | None
Cassidy | None
Nicole | None
Shivam | None
Nicole | None
Karen | None
Aaliah | None
Abigail | None
Aubrey | None
Sonia | None
Nathaniel | None
Chloe | None
Bri-anne | None
Shiran | None
Molly | None
Stephanie | None
Bre | None
Ajay | None
Ashley | None
Jasmine | None
Maggie | None
Allison | None
Thomas | None
Mike | None
Adriana | None
Karli | None
Emily | None
Mallorie | None
Ben | None
Chandler | None
Sophie | None
Cierra | None
Gabriella | None
Kim | None
Rowan | None
Myranda | None
Alison | None
Paige | None
Lennia | None
Jenny | None
Keymara | None
Kimberly | None
Kristy | None
Brett | None
Chris | None
Kara | None
Connor | None
Kris | None
Jacob | None
Jordan | None
Patrick | None
Caton | None
Channell | None
Tayler | None
Robert | None
Krista | None
Tori | None
Megan | None
Gabriella | None
Sebastian | None
Dan | None
Madeline | None
Courtney | None
Gabrielle | None
Michael | None
Jestin | None
Lexie | None
Toni | None
Nikki | None
Wayne | None
Mindy | None
Anna | None
Tony | None
Kelly | None
Nick | None
Lindsay | None
Victoria | None
Alex | None
Lesia | None
Jill | None
Jacob | None
Larry | None
Adrienne | None
Roxanne | None
Melodye | None
Taryn | None
Jamal | None
Arin | None
Kylie | None
Austin | None
Cyrus | None
Mike | None
Shivani | None
David | None
Heather | None
Karen | None
Kyndri | None
Tammy | None
Mitchell | None
Kaitlin | None
Megan | None
Shawncéy | None
Jessica | None
La | None
Ryan | None
Brooke | None
Molly | None
Megha | None
Almartino | None
Shantá | None
Niki | None
Syavash | None
Megan | None
Mitchell | None
Evangelia | None
Ruby | None
Kahla | None
Michael | None
Blake | None
Sarah | None
Erin | None
Kyle | None
Christine | None
Nermana | None
Emily | None
Linnea | None
Megan | None
Morgan | None
Monique | None
Jordan | None
Jesse | None
Jamie | None
Jacob | None
Hope | None
Michelle | None
Shatasha | None
Laura | None
Kory | None
Hayden | None
Molly | None
Kaitlyn | None
Rachael | None
Morgan | None
Kelly | None
Coleen | None
Ryan | None
Kaitlin | None
Lexi | None
Bernadette | None
Avery | None
Ashlyne | None
Ashlyn | None
Ashley | None
Anthony | None
Anna | None
Anna | None
Andrew | None
Anais | None
Amy | None
Amanda | None
Amanda | None
Amy | None
Alyssa | None
Allison | None
Allie | None
Alex | None
Adrian | None
Adam | None
Aaron | None
Lauren | None
Kyla | None
Kelly | None
Jayce | None
Alexa | None
Lucy | None
Louis | None
Allison | None
Megan | None
Alexandra | None
Brittany | None
Amanda | None
Deandra | None
Jackson | None
Ryan | None
Perry | None
Andrew | None
Natalie | None
Anna | None
Jessica | None
Bryan | None
Holly | None
Dan | None
Christina | None
Kara | None
Janelle | None
Holly | None
Natalie | None
Jasmine | None
Charity | None
Tiffany | None
Parker | None
Corissa | None
Joshua | None
Jimmy | None
Steve | None
Robert | None
Tayler | None
Caroline | None
Heather | None
Bethany | None
Bridget | None
Nataly | None
Imani | None
Andrew | None
Zachary | None
Nathan | None
Jessica | None
Bethany | None
Megan | None
Anne | None
Joby | None
Kiley | None
Lexie | None
Blair | None
Jaclyn | None
Jacob | None
Reid | None
Jeff | None
Alex | None
Deanna | None
Luke | None
Lauren | None
Marla | None
Wayne | None
Courtney | None
Bradley | None
Carlie | None
Kristen | None
Stephanie | None
Steve | None
Caraline | None
Jackie | None
Brad | None
Brian | None
Olivia | None
Olivia | None
Olivia | None
Nicole | None
Nicholas | None
Natalie | None
Molly | None
Michael | None
Megan | None
Mcgonegle | None
Matthew | None
Marianna | None
Mariah | None
Mandie | None
Malinda | None
Madeline | None
Lowery | None
Lauren | None
Laura | None
Lance | None
Laird | None
Kristin | None
Kleanthi | None
Kiley | None
Kevin | None
Kelsey | None
Kelsey | None
Patrick | None
Paulina | None
Rachael | None
Rebecca | None
Tymbria | None
Jada | None
Wintermeyer | None
Warren | None
Tyler | None
Tyler | None
Tiffany | None
Tiffany | None
Thomas | None
Taylor | None
Taylor | None
Tate | None
Tara | None
Kelsey | None
T.J. | None
Solomon | None
Snow | None
Shradha | None
Shanoah | None
Schmetzer | None
Sara | None
Samantha | None
robert | None
Robert | None
Rob | None
Reid | None
Reid | None
Rebecca | None
Stephan | None
Kaylee | None
Katrina | None
Kathy | None
Erin | None
Emma | None
Emily | None
Emily | None
Elizabeth | None
Edward | None
Dustin | None
Dr. | None
Dodsworth | None
Dilsia | None
Demi | None
deborah | None
David | None
Erin | None
Darren | None
Courtney | None
Connor | None
Colleen | None
Coffey | None
Cody | None
Claire | None
Cheyenne | None
Cheri | None
Cari | None
Caitlin | None
Brynn | None
Bryan | None
Bruno | None
Danielle | None
Brandon | None
Evan | None
Fiona | None
Kathryn | None
Kassaundra | None
Karleigh | None
Kari | None
Kaitlyn | None
Kaitlyn | None
jordan | None
Jordan | None
John | None
Joel | None
jessica | None
Jessica | None
Jessica | None
Fariba | None
Jess | None
Jeffrey | None
Jeffrey | None
Jason | None
Holly | None
Harris | None
Hans | None
Hannah | None
Grace | None
Garner | None
Galyan | None
Gail | None
Freeman | None
Frank | None
Jenna | None
Tim | None
Lindsey | None
Katie | None
Mary | None
Heath | None
Avery | None
Kristy | None
Madeline | None
Allison | None
Will | None
Madeline | None
Kilee | None
Allison | None
Emily | None
Mallorie | None
Madison | None
Kelsey | None
Jenifer | None
Kayla | None
Aaliah | None
Kelly | None
Heather | None
Maria | None
Carley | None
Erin | None
Taylor | None
Catherine | None
Janessa | None
Alex | None
Ali | None
Chloe | None
Jordan | None
Angie | None
Abigail | None
Jenelle | None
Sarah | None
Ryan | None
Mindy | None
Ben | None
Emily | None
Elizabeth | None
Lesia | None
Roman | None
Kerri | None
Ruby | None
Alyssa | None
Kaitlin | None
Chelsea | None
Theresa | None
Kristin | None
Kelsey | None
Aaron | None
Blake | None
Kana | None
Abigail | None
Hope | None
Erin | None
Brittney | None
Sue | None
Audrey | None
Allyson | None
Morgan | None
Almartino | None
Melodye | None
Samuel | None
Brooke | None
Laura | None
Diane | None
Samantha | None
Samantha | None
Mary | None
Kristen | None
Katherine | None
Andreas | None
Larry | None
Maria | None
Dan | None
Savannah | None
Sara | None
Kimberly | None
Cierra | None
Gabrielle | None
Jennifer | None
Bailey | None
David | None
Lance | None
Anita | None
Karli | None
Lindsey | None
Ashley | None
Austin | None
Brett | None
Cavanna | None
Megan | None
Jamie | None
Joshua | None
Alexandria | None
Paige | None
Arin | None
Bri | None
Tori | None
Kathy | None
Lennia | None
Cassidy | None
Natalie | None
Ashley | None
Megan | None
Courtney | None
Hannah | None
Christine | None
Grace | None
Katie | None
Brad | None
Melanie | None
Vanessa | None
Kyla | None
Kelly | None
Linnea | None
Nathaniel | None
Gabriella | None
Brianna | None
Jalyn | None
Rowan | None
Meagan | None
Joshua | None
Jamal | None
Tiffany | None
Olivia | None
Lindsay | None
Jordan | None
Kayla | None
Lindsay | None
Brittany | None
Lakeisha | None
Marisa | None
Paulina | None
A'Yonnika | None
Andrew | None
Sima | None
Gabrielle | None
Jessica | None
Keymara | None
Jonathan | None
Autumn | None
T | None
Andrew | None
Ben | None
Mariah | None
Daniel | None
Rob | None
Kimberly | None
Lexi | None
Brad | None
Dustin | None
Syavash | None
Bridget | None
Hannah | None
Nicholas | None
Hans | None
Dalton | None
Hilary | None
Jordan | None
Jonathan | None
Madeline | None
Scarlett | None
Anna | None
Kyle | None
Craig | None
Zak | None
Courtney | None
Victoria | None
Allyson | None
Courtney | None
Erin | None
Megan | None
Kayleigh | None
Samiha | None
Brandon | None
Adrian | None
Jessica | None
Danielle | None
Jacob | None
Louis | None
Leighann | None
Jill | None
Nichole | None
Taylor | None
Alex | None
Jordy | None
Kimberly | None
Courtney | None
Tami | None
Maggie | None
Kurt | None
Laura | None
Darren | None
Tori | None
Sophie | None
Paul | None
Avery | None
Candice | None
Clinton | None
Gil | None
Mike | None
Denia | None
Devin | None
Julia | None
Niki | None
Molly | None
Courtney | None
Sonya | None
Sonia | None
Jordan | None
Kim | None
Delaney | None
Darius | None
Madison | None
Thomas | None
Laura | None
Michael | None
Karleigh | None
Leah | None
Adriana | None
Patrick | None
Vince | None
La | None
Aubrey | None
Brooke | None
Nick | None
Michael | None
Trevor | None
Megan | None
Kylie | None
Tracie | None
Joshua | None
Jeanette | None
Trevor | None
Erin | None
Mitchell | None
Darian | None
Aaron | None
Mandy | None
Melanie | None
Karen | None
Sydney | None
Rylee | None
Pepper | None
Colleen | None
Teresa | None
Matthew | None
Nicholas | None
Carlie | None
Anthony | None
Nermana | None
Matt | None
Urszula | None
Mark | None
Shauna | None
Bob | None
David | None
Ariana | None
James | None
Archna | None
Nikki | None
Lauren | None
Nadia | None
Megan | None
Terell | None
Joana | None
Dulce | None
Greg | None
Todd | None
Dori | None
Brett | None
Teresa | None
Julia | None
Wayne | None
Michael | None
Jessie | None
Kyle | None
Lauren | None
Kyle | None
Casey | None
Jonathan | None
Hanif | None
Abby | None
Kristen | None
Leslie | None
Sydney | None
Elizabeth | None
Shellee | None
Joseph | None
Ariel | None
Dave | None
Brendan | None
Shawn | None
John | None
Patrick | None
Mike | None
Cinthia | None
Edson | None
Kelli | None
Mike | None
David | None
Kelli | None
Kelly | None
Heather | None
Michelle | None
Cinthia | None
Maria | None
Edson | None
Regina | None
Mark | None
Robin | None
Chris | None
Fletcher | None
Erin | None
Amien | None
Sreedevi | None
Lina | None
Colby | None
Amit | None
Claudia | None
Mark | None
Chad | None
laura | None
megan | None
Alyx | None
Angela | None
Brad | None
Damon | None
Jeffrey | None
Olin | None
Sam | None
Sherri | None
Whitney | None
Jamie | None
karthi | None
Julie | None
Dana | None
Patrick | None
Ciera | None
Brent | None
TiJae | None
Laura | None
Miriana | None
Amy | None
Rick | None
Alwin | None
Brooke | None
Prashant | None
Allison | None
Anna | None
Brooke | None
Jennifer | None
Laura | None
Denise | None
Shane | None
Melissa | None
Amien | None
Eleni | None
Caroline | None
Shara | None
Gaway | None
Alwin | None
Robyn | None
LinkedIn | None
Nick | None
Paul | None
Jeffrey | None
Sharon | None
John | None
Saurabh | None
DeAndra | None
Krizia | None
Will | None
Andrea | None
Saurabh | None
Manzoor | None
Satendra | None
Jessica | None
Anuj | None
Shubhashree | None
John | None
Laura | None
Ajay | None
Savannah | None
Jassi | None
Shwetang | None
Jessica | None
Harshita | None
Nick | None
Bob | None
Jeff | None
Sammie | None
Lavi | None
Kshitij | None
Abigail | None
Lavi | None
Danielle | None
Satendra | None
Tim | None
Steve | None
Phoebe | None
Karen | None
Jennifer | None
Janette | None
Debra | None
Cheryl | None
Manuel | None
Nick | None
Jeff | None
Brent | None
Anuj | None
Arya | None
Danielle | None
Laura | None
Tim | None
Madison | None
Zachary | None
Brent | None
Geethika | None
Karan | None
Andrea | None
Anish | None
Danish | None
Manzoor | None
James | None
Kshitij | None
Drew | None
Rachel | None
Carol | None
Chris | None
James | None
Brent | None
Danielle | None
Jassi | None
Krizia | None
Maegan | None
Cody | None
Pooja | None
John | None
Savannah | None
DeAndra | None
Sammie | None
Harshita | None
Kevin | None
Anthony | None
Tina | None
Kelsey | None
Danny | None
Abu | None
Ananya | None
Nazanin | None
Nick | None
Kelsey | None
Saurabh | None
Drew | None
Abigail | None
Shubhashree | None
Anthony | None
John | None
Ananya | None
Tina | None
Nazanin | None
Nick | None
Jessica | None
Mary | None
Weston | None
Chase | None
Jeff | None
Simran | None
Jeff | None
Alyssa | None
Jose | None
Hi | None
Geethika | None
Ravi | None
Sruti | None
Tim | None
Simran | None
Nicholas | None
Harry | None
Magic | None
Russell | None
Amber | None
Samuel | None
Jamie | None
Kevin | None
Jen | None
Steven | None
Jill | None
Sean | None
Antwan | None
Richard | None
Peter | None
Dharshini | None
Alex | None
Kate | None
Cliff | None
Caitlin | None
Troy | None
Lyle | None
Christian | None
Steven | None
Erich | None
Elika | None
Matt | None
Davidson | None
Matthew | None
Brad | None
Kyle | None
Laura | None
Ibirimote | None
Nick | None
Melinda | None
Greg | None
Keion | None
Farhan | None
Payal | None
Emily | None
Jacob | None
Rakesh | None
Erin | None
Matthew | None
Elizabeth | None
Romaine | None
Garrett | None
Daniel | None
Osamah | None
Viktoria | None
Bridget | None
Kyle | None
Sarah | None
Ricardo | None
Melissa | None
Ashley | None
Rukhsar | None
Aiganym | None
David | None
Cheronda | None
Karie | None
Steve | None
Melysa | None
Becky | None
Eugene | None
Jess | None
Samantha | None
Audrey | None
Laura | None
Danielle | None
Cortney | None
Tanmay | None
Jennifer | None
Shonali | None
Sam | None
Christian | None
Rabbia | None
Jessica | None
Samie | None
Keith | None
Hannah | None
Alyssa | None
Madison | None
Erin | None
Amanda | None
Annie | None
Shila | None
Kristen | None
Nora | None
Emily | None
Lauren | None
Brittany | None
Alex | None
Madison | None
Kyle | None
Andrea | None
Andrew | None
Vanshita | None
Gabe | None
Sharon | None
Sarah | None
Casey | None
Gina | None
Rachel | None
Jorie | None
Mandy | None
Monica | None
Maggie | None
David | None
Tommy | None
Erica | None
Courtney | None
Alec | None
Ranelle | None
Shelley | None
Jeff | None
Ryan | None
Isaiah | None
Leslie | None
Karina | None
Alessandro | None
Austin | None
Angela | None
Danielle | None
Hannah | None
Betsy | None
Khady | None
Patrick | None
Tyler | None
Elaine | None
Tyler | None
Jessica | None
Austin | None
Reem | None
Emily | None
April | None
Ashley | None
Champaigne | None
Levi | None
Kevin | None
Emily | None
Katie | None
John | None
Pilar | None
Michelle | None
Hannah | None
Karl | None
Jacqueline | None
William | None
Lynna | None
Jacqueline | None
Lynna | None
Meredith | None
Paul | None
Jesse | None
Aaron | None
Scott | None
Justin | None
Kia | None
Yvette | None
Shelby | None
Patrick | None
Josh | None
Sharon | None
Devany | None
Tiffany | None
Kate | None
Shauna | None
Sarah | None
Kasey | None
Joshua | None
Cammie | None
Bri | None
Quinntessa | None
Heather | None
Charli | None
Miesha | None
Kayley | None
Savana | None
Kelly | None
Victoria | None
Jill | None
Julianna | None
Frank | None
Amanda | None
Meg | None
Tami | None
Elena | None
Joanna | None
John | None
Gayathri | None
Chris | None
Nina | None
Stacy | None
Uma | None
Chintan | None
Zura | None
Eugene | None
Uloma | None
Nicole | None
Alison | None
Moira | None
Nichole | None
Devshi | None
Cassie | None
Patrick | None
Jackie | None
Jessica | None
Angela | None
Andrew | None
Darren | None
Mike | None
Amy | None
Lauren | None
Tara | None
Chris | None
Greg | None
Kristine | None
Tatum | None
Bob | None
Tami | None
Tiana | None
Vince | None
Juli | None
Saranya | None
Louis | None
Kelly | None
Katelyn | None
April | None
Ciaran | None
Chelsea | None
Sion | None
Anne | None
Anne | None
Amy | None
Amber | None
Neha | None
Anne | None
Maria | None
Devera | None
Grace | None
Lauren | None
Elissa | None
Meredith | None
Rafael | None
Amanda | None
John | None
Antonia | None
Rachel | None
Joseph | None
Rachel | None
Kristopher | None
Celeste | None
Joshua | None
Andrew | None
Amy | None
Evelio | None
Mercedes | None
Megan | None
Skylar | None
Madison | None
Martin | None
Nathan | None
Poya | None
Sara | None
Sean | None
Summer | None
Sydney | None
Taylor | None
Tom | None
Vanessa | None
Ellie | None
Kate | None
Melissa | None
Shamseldin | None
Mi | None
Kevin | None
Emma | None
Richard | None
Jennifer | None
Ingram | None
Emily | None
Carly | None
Katie | None
Daichi | None
Carlos | None
Evelio | None
marissa | None
elizabeth | None
Sion | None
Brittany | None
Adrianna | None
Evelio | None
Blake | None
Jennifer | None
Heather | None
Maria | None
Julietta | None
Bridgette | None
Lindsey | None
Hollie | None
Victoria | None
Marilyn | None
Reece | None
Marlene | None
Mike | None
Christine | None
Arnold | None
Joel | None
Nelson | None
Justin | None
Kendrick | None
Jonathan | None
Lisa | None
Matthew | None
Nicolas | None
Rolando | None
Forrest | None
Marilu | None
Laura | None
Kevin | None
Drew | None
Laura | None
Kim | None
Nick | None
Nick | None
Paola | None
John | None
Arnold | None
Kim | None
Peter | None
Yuray | None
Sheila | None
Manisha | None
Cae | None
Kim | None
Lowell | None
Kayla | None
Albert | None
Kwesi | None
Melanie | None
Jessica | None
Justin | None
Shruti | None
Marian | None
Lauren | None
Nicole | None
Marian | None
Katie | None
Dayana | None
Alejandro | None
Yulee | None
Christopher | None
Pam | None
Lauren | None
Irina | None
Courtney | None
Michael | None
Michael | None
Alejandro | None
Joe | None
Marian | None
Roman | None
Joyel | None
Nicole | None
Kim | None
Sean | None
Dan | None
Steven | None
Divya | None
Peter | None
Rowena | None
Rowena | None
Rowena | None
Shiba | None
Snehal | None
Shabin | None
Michael | None
Steven | None
Bryen | None
Susan | None
Jorge | None
Wesley | None
Peter | None
James | None
Tyler | None
Matt | None
Michael | None
Samantha | None
Rachel | None
Jonathan | None
Bobbie | None
Jack | None
Aaron | None
Sean | None
Abigail | None
Michelle | None
Timothy | None
Brandon | None
Brian | None
Shawnette | None
Lee | None
Andrew | None
Alexander | None
Kelly | None
Rich | None
Andrew | None
Stephanie | None
Ben | None
Scott | None
Kevin | None
Victoria | None
Chris | None
Ty | None
Mark | None
Colin | None
Mandy | None
Brian | None
Stuart | None
Chase | None
andrew | None
Andrew | None
brandon | None
Kyle | None
chris | None
Natalie | None
Ethan | None
Kevin | None
Victoria | None
ty | None
brent | None
stephanie | None
ryan | None
mary | None
lucas | None
jack | None
ethan | None
CJ | None
sierra | None
Jonathon | None
stephen | None
Scott | None
Lucas | None
Kelly | None
Ashley | None
Jack | None
Greg | None
Garrison | None
Ethan | None
Elizabeth | None
Claire | None
Chase | None
Chad | None
Brittany | None
Brian | None
Brent | None
April | None
Maria | None
Mark | None
John | None
Mark | None
Olivia | None
Nathan | None
Nathan | None
Ty | None
Mark | None
Jillian | None
Mary | None
Kevin | None
Trent | None
Troy | None
Trent | None
Stege | None
Sierra | None
Pete | None
Mark | None
Mastan | None
Oleksandra | None
Jazmin | None
Meagan | None
Rachel | None
Ricky | None
Mike | None
Pradeep | None
Brooke | None
Collin | None
Bradley | None
Ricky | None
Kumar | None
Sharath | None
Praneeth | None
Satish | None
Suman | None
Manish | None
Rodney | None
Mary | None
Jason | None
Adrienne | None
Gid | None
Akshay | None
Michael | None
James | None
Mario | None
Dena | None
Nicole | None
Sreeja | None
morning | None
Sarma | None
Apurva | None
daniel | None
Shelly | None
Praneeth | None
Vamsheedhar | None
Maria | None
Brittany | None
Jason | None
Pradeep | None
Apurva | None
Sreeja | None
Chaitanya | None
Bob | None
Nadira | None
Likhitha | None
Sai | None
Sarath | None
Collin | None
Ranjeet | None
Immaculate | None
Poojith | None
RANI | None
Aishwarya | None
Kumar | None
Pradeep | None
Ashlesha | None
Sreeja | None
Varun | None
Brittany | None
Sreeja | None
Vamsheedhar | None
Krishnama | None
Jason | None
Durga | None
Maria | None
Cassidy | None
Dustin | None
Natraj | None
Jaswanth | None
Bobby | None
Ricky | None
Mike | None
KIRAN | None
Praveen | None
Praneeth | None
Apurva | None
Manish | None
Satish | None
Krishna | None
Bhargava | None
Mario | None
Manasa | None
Brian | None
Lauren | None
Gary | None
Susanna | None
Lauren | None
Astha | None
Swapna | None
Sanjay | None
Ankit | None
Shefali | None
Priyanshi | None
Anurag | None
Amit | None
Uttsav | None
Daksh | None
Jeevan | None
Kamalraj | None
Abhijeet | None
Ayush | None
Diksha | None
Akhil | None
Aurobindo | None
Chandrika | None
Upasana | None
Sunil | None
Nidhi | None
G | None
Deepika | None
Mayank | None
Manu | None
Sridevi | None
Tamil | None
Bagmita | None
Nidhi | None
Ishi | None
Sonia | None
Aarosha | None
Naina | None
Subhabrata | None
Himanshu | None
Vimal | None
Ayushi | None
Megha | None
Aditi | None
Sharmeen | None
Appurva | None
Vicky | None
Ravinder | None
Anil | None
Thiru | None
Shashank | None
Suresh | None
Sujit | None
Vishal | None
Anurita | None
Sudha | None
Mahamad | None
Vineeth | None
Gaurav | None
Parul | None
Prabhu | None
Arundhati | None
Alakshya | None
Dikshita | None
Rakhi | None
Sneha | None
Rahul | None
Misba | None
Kanika | None
Praveen | None
Sudha | None
Priyanka | None
Rajarshi | None
Vazir | None
Vivek | None
Viplove | None
Kiran | None
Anil | None
Srinivas | None
Puneet | None
Pranjal | None
Kalpana | None
Navneet | None
Pranob | None
Mohit | None
Krit | None
Baishakhi | None
Varun | None
Sakshi | None
Bipin | None
Ruchi | None
Manish | None
Seema | None
Chandreyee | None
Disha | None
Amar | None
Preetham | None
Vishwendra | None
Saurabh | None
Pallavi | None
Stuti | None
Sorabh | None
Deepak | None
Harshit | None
Sumit | None
Ravi | None
Harsh | None
Akriti | None
Rajeev | None
Manish | None
Amir | None
Amit | None
Neelendra | None
Darpan | None
Gaurav | None
Priya | None
Sumit | None
vinod | None
AMAN | None
Aariti | None
Vaibhav | None
Sonu | None
Saransh | None
Moti | None
Saurabh | None
Pratibha | None
Ashok | None
Narendra | None
Parul | None
Shaik | None
Etika | None
Geetanjali | None
Bhuvika | None
Meera | None
Sajil | None
Sujai | None
Gaurav | None
Vaishali | None
Malabika | None
Amit | None
Karan | None
Boopathi | None
Sudrita | None
Arjit | None
Arushi | None
Pooja | None
Tushar | None
Manmeet | None
Sandhya | None
Sudhir | None
Rajiv | None
Amit | None
Sakshi | None
Swati | None
Kamal | None
Kusuma | None
Diksha | None
Hemant | None
Radhika | None
Chhavi | None
Arati | None
Nimisha | None
Mohammed | None
Nisha | None
Srinivasa | None
Aakanksha | None
Tejaswini | None
Neha | None
Rahul | None
Mehak | None
Sharon | None
Shivi | None
Ayushi | None
Priyanka | None
Kritya | None
Deeksha | None
Amita | None
Deepanshu | None
Priya | None
Anjalii | None
Shivam | None
Vignesh | None
Akash | None
Prateek | None
Rahul | None
Deepak | None
Nikki | None
Ameya | None
Preeti | None
Arusha | None
Ramya | None
Shashikumar | None
Syed | None
Rupali | None
Chetan | None
Muskan | None
Prerna | None
Sarthak | None
Srishti | None
Annu | None
Mohit | None
Swati | None
Rahul | None
Rahul | None
Priti | None
Chetan | None
Komal | None
Gurkirat | None
Kavya | None
Vignesh | None
Swati | None
Tenzin | None
Manisha | None
Siddarth | None
Sandeep | None
Vashnith | None
Aarohi | None
Anamika | None
Varuni | None
Utkarsh | None
Saraswati | None
Parul | None
Ashna | None
Tanushree | None
Shikha | None
Adya | None
Disha | None
Sakshi | None
Manjula | None
Anujj | None
Bhuvi | None
Pooja | None
Isha | None
Vaibhav | None
Rituparna | None
Cheshta | None
Manav | None
Dipika | None
Neelam | None
Palvi | None
Sachin | None
Vibha | None
Monika | None
Sakshi | None
Shubhada | None
Sweta | None
Neha | None
Shruti | None
Sajan | None
Mrinal | None
Pravi | None
Pallavi | None
Ruchika | None
Rishi | None
Kritika | None
Gitanjali | None
Abhishek | None
Parul | None
Muskan | None
Vishal | None
Sangeet | None
Aarti | None
Ayushi | None
Alka | None
Vaibhav | None
Mansi | None
Shriya | None
Vandana | None
Mini | None
Mukesh | None
Pragati | None
Amrita | None
Poushali | None
Radhika | None
Kanishka | None
Nishant | None
Megha | None
Anurag | None
Sai | None
Sonam | None
Trapti | None
Riya | None
Ananya | None
Ankita | None
Bharti | None
Kanishtha | None
Divya | None
Mohit | None
Jasmin | None
Praveen | None
Yash | None
Avi | None
Lalit | None
Riya | None
Sayoni | None
Priyanka | None
Anubhav | None
Srijoni | None
Aanchal | None
Deepak | None
Saloni | None
Rinku | None
Sayed | None
Nishima | None
Gulshan | None
Sakshi | None
Radha | None
Meghna | None
Tanya | None
Kalyan | None
Param | None
Shazar | None
Nidhi | None
Sujan | None
Rohan | None
Ishita | None
Yash | None
Gourav | None
Golla | None
Kajal | None
Sini | None
Sanglap | None
Sagar | None
Bhargavi | None
Sonal | None
Pallavi | None
Neeva | None
Aditi | None
Aakash | None
Syed | None
Prashant | None
Sarita | None
Vikrant | None
Monika | None
Namrta | None
Avinash | None
Hiral | None
Saloni | None
Arun | None
Swarnakshi | None
Tanisha | None
Sahithi | None
Onil | None
Jitendra | None
Bhamini | None
Jyotirmayee | None
Rajat | None
Deepak | None
Bupendra | None
Rohit | None
Ravi | None
Sowmya | None
Chinmoy | None
Jagriti | None
Likitha | None
Puneet | None
Rohini | None
Juned | None
Yamini | None
Jestin | None
Niharika | None
Tushar | None
Kanik | None
Kulveer | None
Piyush | None
Priyanka | None
Nipun | None
Saloni | None
Harshit | None
Manju | None
Jason | None
Juliana | None
Michael | None
Pranay | None
Christopher | None
Bragadish | None
Sanjeeta | None
Priyanka | None
Jyothsna | None
Prrakash | None
Akanksha | None
Indranil | None
Raghu | None
Neha | None
Ritesh | None
Bala | None
Somnath | None
Rohit | None
Malvika | None
Reid | None
Rajbala | None
Naveen | None
Sangeeta | None
Aman | None
Shraddha | None
Gaurav | None
Shubhangi | None
Kamna | None
Manish | None
Sripradha | None
Pooja | None
Vertika | None
Ritik | None
Vishnu | None
Gaurav | None
Shweta | None
Dinkle | None
Kaustav | None
Kamal | None
Sarika | None
Astha | None
Prateek | None
Priyam | None
Gaurav | None
Sanjay | None
Manish | None
Nishan | None
Shreya | None
Priyanka | None
Ankit | None
Satyendra | None
Shubhangi | None
Anusha | None
Shiju | None
Rajeev | None
Nalin | None
Chetan | None
Sonal | None
Vikram | None
Shweta | None
Akshay | None
Prattusha | None
Liz | None
Teal | None
Bob | None
Ifa | None
Brian | None
James | None
Jade | None
Louis | None
Colleen | None
Sunya | None
Jonathan | None
Dalton | None
Laurie | None
Geoff | None
Eric | None
Shellie | None
Andy | None
Chris | None
Caitlin | None
Tom | None
Yana | None
Jen | None
Billie | None
Liz | None
Mohmmad | None
Julia | None
Bernardo | None
Matthew | None
Sidney | None
Dana | None
Imad | None
Jennifer | None
Edith | None
Jessica | None
Suzy | None
Eric | None
Joshua | None
Bridget | None
Sarah | None
Javed | None
Jennifer | None
Nora | None
Kylie | None
Lindsay | None
Kathleen | None
Joe | None
Jordyn | None
Emmanuel | None
Megan | None
Virginia | None
Jason | None
Kathleen | None
Jonathan | None
Kevin | None
Hamid | None
Bart | None
Tessa | None
Ernie | None
Erik | None
Rachel | None
Olivia | None
Elle | None
Andriana | None
Tanja | None
Mobolaji | None
Aditi | None
James | None
Cooper | None
William | None
Michael | None
Kenny | None
Mark | None
Halley | None
Amy | None
Ian | None
Courtney | None
Terri | None
James | None
Mindy | None
Anum | None
Mary | None
Luna | None
Daniel | None
Ashleigh | None
Steele | None
Josip | None
Irene | None
Amit | None
Rahul | None
Sugandha | None
Prakhar | None
Sanjukta | None
Kavisha | None
Sanjana | None
Esha | None
Shweta | None
Nikita | None
Anup | None
Monika | None
Amit | None
Zeenu | None
Pallab | None
Sachin | None
Niket | None
Sakshi | None
Shivam | None
Manohar | None
Misha | None
Suvajit | None
Debolina | None
Manisha | None
Nitin | None
Avik | None
Shobha | None
Anupam | None
Saurabh | None
Kaushik | None
Anshul | None
Monika | None
Shilpi | None
Sahil | None
Shilpa | None
Sonal | None
Garvit | None
Parmeeta | None
Gaurav | None
Abhishek | None
Anshuman | None
Karthe | None
Ruby | None
Avinash | None
Neha | None
Gaurav | None
Swati | None
Abhishek | None
Amit | None
Bharti | None
Kameshwari | None
Harshita | None
Deepika | None
Ankit | None
Neha | None
Mansi | None
Sparsh | None
Pooja | None
Rahul | None
Lokesh | None
Omprakash | None
Abdul | None
Nitin | None
Ankita | None
Rahul | None
Agam | None
Naren | None
Sweta | None
Aman | None
Shireen | None
Anurag | None
Pummy | None
Vamshi | None
Karuna | None
Sagari | None
Danish | None
ASHISH | None
Poonam | None
Rashi | None
Mili | None
Zaid | None
Mayank | None
Khushee | None
Shelvi | None
Rudraksh | None
Neha | None
Anjali | None
Yash | None
M | None
Kanav | None
Ravi | None
Sameer | None
Ankita | None
Shyamala | None
Bhumika | None
Shivani | None
Ekanki | None
Udhay | None
Shubham | None
Adarsh | None
Shweta | None
Prajakta | None
Ashwarya | None
Aman | None
Ankit | None
Meghna | None
Deependra | None
Divya | None
Itishree | None
Gaurav | None
Vanita | None
Gunjan | None
Shivas | None
Khushboo | None
Vaibhav | None
Dhani | None
Mahima | None
Rahul | None
Sowmya | None
Navneet | None
Manoj | None
Anindya | None
Stuti | None
Rahul | None
Suresh | None
Palash | None
Pankaj | None
Saikat | None
Aditi | None
Mukesh | None
Terence | None
Mohd | None
Kiran | None
Priyanka | None
Shankho | None
Sarwar | None
Suneet | None
Jijo | None
Vishal | None
Sakshi | None
Devnarayan | None
Gautam | None
Harish | None
Diya | None
Ankur | None
Nikhil | None
Ankit | None
Narendra | None
Nisha | None
Shalu | None
Dhruv | None
Keerthana | None
Gayatri | None
Mansingh | None
Sudhir | None
Ashish | None
Dipanjan | None
Aseem | None
Naveen | None
Prathamesh | None
Shivam | None
Deepesh | None
Parthasarathy | None
Vishal | None
Madhusudan | None
Abhishek | None
Shankar | None
Yash | None
Deepti | None
Ajay | None
Durgesh | None
Samir | None
Jacquelyn | None
Dain | None
Morgann | None
Logan | None
Greta | None
Sherri | None
Olga | None
Jenny | None
Angela | None
Gina | None
Linnea | None
Carly | None
Stephen | None
Paul | None
Kimberly | None
Kassidy | None
Alexa | None
David | None
Enriquez | None
Tyler | None
Amy | None
Jessica | None
Dianne | None
Cassandra | None
Michelle | None
Juan | None
Randy | None
Donna | None
Cassie | None
Allie | None
Kimberly | None
Jeremy | None
Stephanie | None
JAMES | None
BRIAN | None
Charisse | None
Asher | None
Brett | None
James | None
Antony | None
Chris | None
Eric | None
Derin | None
Chaitanya | None
J | None
Utham | None
Christopher | None
Abid | None
Grace | None
Christopher | None
Chaitanya | None
Antony | None
Brett | None
Chris | None
Christopher | None
Derin | None
Sanagna | None
James | None
Kathleen | None
Kathleen | None
James | None
Antony | None
Antony | None
Josh | None
McDonald | None
Jackie | None
Sandi | None
Mark | None
Alex | None
Bashar | None
Trevor | None
Bobby | None
tim | None
sanjeeva | None
Shawn | None
Robin | None
Scott | None
Blake | None
Roman | None
Kim | None
Carrie | None
Meaghan | None
Samantha | None
Natasha | None
Cody | None
Preston | None
Christian | None
Pete | None
Brooke | None
Amanda | None
Tyler | None
Brooke | None
Sydney | None
Lauren | None
Demi | None
Ashley | None
Cody | None
Sean | None
Paige | None
Maggie | None
Blair | None
Austin | None
Madison | None
Cara | None
Ethan | None
Weston | None
Caitlin | None
Zach | None
Molly | None
Chloé | None
Ruben | None
Natalie | None
Jane | None
Keilin | None
Stevie | None
Anna | None
Logan | None
Maximillian | None
Karson | None
Caleb | None
Hertha | None
Natalie | None
Natalie | None
Gabrielle | None
Timothy | None
Christin | None
Ilya | None
Katherine | None
Tyra | None
Austin | None
Brittany | None
Hannah | None
Abby | None
Adam | None
Bethany | None
Diane | None
Vanessa | None
Wes | None
Amanda | None
Timothy | None
Colin | None
Chad | None
Artem | None
Caroline | None
Daryna | None
Colin | None
Gabrielle | None
Jenna | None
Natalie | None
Nick | None
Oleksandr | None
Dominic | None
Timothy | None
Wes | None
Yaroslav | None
Gabrielle | None
Nick | None
Dominic | None
Caroline | None
Artem | None
Jenna | None
Stephanie | None
Keisha | None
Patrick | None
Petra | None
Rachel | None
Ramiz | None
LeTricia | None
Robin | None
Zanea | None
Amina | None
Katrina | None
Rekha | None
Kaitlyn | None
Jillian | None
Jenny | None
Amber | None
Angela | None
Alexandra | None
Anitha | None
Bob | None
Allison | None
Charles | None
Gabriella | None
James | None
Jason | None
Bridget | None
Lindsay | None
Atchuth | None
Kanchan | None
Mariah | None
Brian | None
Susan | None
Susan | None
Kumar | None
Stephanie | None
Josh | None
Krati | None
Stephanie | None
Jeffrey | None
Marvin | None
Toolika | None
John | None
Calista | None
Britani | None
Yecenia | None
Vanshika | None
tushal | None
daniela | None
jennifer | None
jonathan | None
juan | None
kim | None
Joe | None
John | None
Dean | None
courtney | None
taylor | None
sarah | None
tatesha | None
tamara | None
stephanie | None
sophia | None
lisa | None
melissa | None
marykate | None
mary | None
mary | None
marissa | None
ashley | None
tatianna | None
anthony | None
Paul | None
anawel | None
Cathy | None
Venu | None
Lynne | None
Dean | None
Sonja | None
John | None
Dee | None
Robert | None
Pam | None
Lisa | None
Doug | None
Mike | None
Kirk | None
Lauren | None
John | None
anne | None
krista | None
Gina | None
Chloe | None
Bria | None
Adreanna | None
Rebecca | None
Kirk | None
lindsay | None
Esther | None
Erin | None
Nate | None
Brandon | None
Emily | None
Mary | None
Bill | None
Christina | None
McKinsey | None
Dalton | None
Gabriel | None
Matthew | None
Mohamed | None
Bryan | None
Tina | None
Tina | None
Emily | None
Mary | None
Matt | None
Lara | None
Sarah | None
Brent | None
Amy | None
Gene | None
Colby | None
Heidi | None
Kevin | None
Tim | None
George | None
Justin | None
André | None
Jordan | None
Amy | None
Alex | None
Charlotte | None
Brittany | None
Chris | None
Alex | None
Ashley | None
Justin | None
James | None
Bobby | None
Carlo | None
Adam | None
Lewis | None
Zack | None
Leasha | None
Gian | None
Peter | None
Aaron | None
Rheanon | None
Max | None
Virginie | None
Megan | None
Narda | None
Ellie | None
Ben | None
Davis | None
Matthew | None
Caroline | None
Kristen | None
Kai | None
Charlotte | None
Andre | None
Annabel | None
Ashley | None
Davis | None
Emily | None
Jessica | None
Kristen | None
Mark | None
Narda | None
Sam | None
Victorin | None
Zweli | None
Victorin | None
Taylor | None
Jessica | None
David | None
Zack | None
Emily | None
Andrew | None
David | None
Michaela | None
Amy | None
Caroline | None
Verrell | None
Sam | None
Hannah | None
Tom | None
Tom | None
Herdi | None
Emma | None
Zweli | None
Rhiannah | None
Katarina | None
Alex | None
Abigail | None
Finn | None
Lawrence | None
alison | None
catherine | None
emily | None
iasmyn | None
imogen | None
André | None
Chris | None
Farhan | None
Luan | None
Adam | None
Kiran | None
Amy | None
Ashley | None
jessica | None
Kate | None
Imogen | None
Alex | None
Iasmyn | None
Emma | None
Jay | None
Emily | None
Andre | None
Brett | None
Daniel | None
Wendy | None
Peter | None
Josefine | None
Zack | None
Becky | None
CHRIS | None
Caroline | None
Jenny | None
James | None
Chris | None
Ciaran | None
Alex | None
Becky | None
Bobby | None
CHARLEE | None
Ellie | None
Finn | None
Holly | None
IAIN | None
Lawrence | None
Louisa | None
Abigail | None
Max | None
Jordan | None
Wendy | None
Holly | None
Emma | None
Peter | None
Kiran | None
Iasmyn | None
Emily | None
Ssfm | None
ZWELI | None
MARK | None
Verrell | None
Rhiannah | None
Derrick | None
Micarla | None
Jazmin | None
Bryan | None
Fred | None
Debbie | None
Michael | None
Mojisola | None
Sheryl | None
Diana | None
Ramon | None
Samreen | None
Sheryl | None
Bree | None
austin | None
Cordero | None
Jessica | None
Austin | None
Dharmendra | None
Jay | None
Lauren | None
Thomas | None
Jonathan | None
Venkatesh | None
Gregory | None
Rick | None
Alicia | None
Shanta | None
Patty | None
Jeanine | None
Efrain | None
Charles | None
Lexus | None
Russell | None
Dustin | None
Rajib | None
Sherian | None
Colleen | None
Leo | None
Joe | None
James | None
Rodney | None
Chasity | None
John | None
Daniel | None
JoAnn | None
Anike | None
Roxanne | None
Samantha | None
Samantha | None
Sarah | None
Serinade | None
Shawn | None
Shayla | None
Sheila | None
Stephanie | None
Steven | None
Tishena | None
Tom | None
Trevor | None
Will | None
Yolanda | None
Yuri | None
Emily | None
Sharon | None
Hannah | None
Rocio | None
Aurora | None
Robbie | None
Rebecca | None
Kori | None
Kristen | None
Kristoff | None
Lamyai | None
Laura | None
Lisa | None
Lluvia | None
Marissa | None
Melissa | None
Michelle | None
Nicole | None
Nicole | None
Nicolette | None
Nikki | None
Noelle | None
Olga | None
Pa | None
Patty | None
Rafael | None
Rhonda | None
Jeanette | None
Vanessa | None
Amy | None
Chad | None
Chaz | None
Jessica | None
Kathy | None
Laura | None
Stevie | None
Renee | None
Jeff | None
Lily | None
Frida | None
Sheila | None
Lisa | None
Brook | None
Tom | None
Chad | None
Amber | None
Paul | None
Dan | None
Larissa | None
Nicholas | None
JR | None
Mariah | None
Amanda | None
Sonia | None
Jeniffer | None
Korea | None
Teresa | None
Chue | None
Deana | None
Whitney | None
Griselda | None
Tiffany | None
Kim | None
Morgan | None
Nikki | None
Yolanda | None
Daisy | None
Kaylee | None
Kayla | None
Sarah | None
Tyler | None
Socorro | None
Andrea | None
Jazmin | None
Kelly | None
Yolanda | None
Kelly | None
Greenfield | None
Ada | None
Alexandria | None
Amanda | None
Amanda | None
Amy | None
sonia | None
Angela | None
Ashley | None
Ashley | None
Ashley | None
Aubrey | None
Austin | None
Bobbi | None
Antonia | None
Bradley | None
sharon | None
nicholas | None
Kelly | None
Nancy | None
Natasha | None
Nathan | None
Nayda | None
Robert | None
sarah | None
aurora | None
emily | None
frida | None
jessica | None
jr | None
lluvia | None
michelle | None
chad | None
Brian | None
anike | None
Caitlin | None
Jeff | None
Jeremy | None
Jessica | None
Jessica | None
Jill | None
Joanna | None
Jeanine | None
Julia | None
Karina | None
Karla | None
Kathryn | None
Kathy | None
Brooke | None
Kaylee | None
Julio | None
Jasmine | None
Kayla | None
Jailene | None
Jasmine | None
Courtney | None
Cari | None
David | None
Devyn | None
Eleesa | None
Elvia | None
Chrissy | None
Erin | None
Igor | None
Faith | None
Genesis | None
Griselda | None
Heather | None
Eric | None
Iris | None
Layra | None
Liz | None
Wanda | None
Team | None
Mayra | None
Jack | None
Dominic | None
Jamie | None
Luke | None
Joshua | None
Jocelynn | None
Adam | None
Joshua | None
Andrea | None
clay | None
hoa | None
jam | None
gregg | None
greg | None
erica | None
elizabeth | None
edward | None
edris | None
dustan | None
dominic | None
darrian | None
casey | None
courtney | None
cecilia | None
chris | None
clarisse | None
cody | None
deborah | None
ariana | None
caroline | None
Janessa | None
jana | None
Eric | None
Usman | None
Shar | None
Alexander | None
Terri | None
aaron | None
aarum | None
adam | None
alec | None
alfredo | None
amanda | None
andrew | None
ashvita | None
ben | None
beth | None
bill | None
brennan | None
brittany | None
cara | None
carrie | None
jared | None
shelagh | None
jazmine | None
sophie | None
meena | None
scott | None
sarah | None
ryan | None
rose | None
rishi | None
richard | None
rakesh | None
parth | None
noah | None
nnadozie | None
nicole | None
nathan | None
nathan | None
natalie | None
mukta | None
michele | None
Chuma | None
steven | None
jasjit | None
sunny | None
tari | None
jennifer | None
jessica | None
joana | None
jon | None
jules | None
jyothi | None
kevin | None
kimbra | None
kira | None
krissti | None
kylee | None
lauren | None
liam | None
lina | None
lori | None
mallory | None
margaret | None
marlo | None
matt | None
swajal | None
Eberechukwu | None
tina | None
cesia | None
Carrie | None
Sarah | None
Jessica | None
Tawanda | None
Kayla | None
Ryan | None
Ryan | None
Robert | None
Camron | None
Meagan | None
Beth | None
Jessica | None
Dakota | None
Anton | None
Kurt | None
Anthony | None
Steven | None
Aaron | None
yassine | None
will | None
tyler | None
tom | None
todd | None
theo | None
Zach | None
Roderick | None
Caroline | None
Margaret | None
Lauren | None
Alfredo | None
Scott | None
Jose | None
Kimbra | None
Frederick | None
Jules | None
Mallory | None
Ross | None
David | None
Chris | None
Chris | None
Rajat | None
Chai | None
David | None
Darrian | None
Saqeb | None
Kevin | None
Byine | None
Jana | None
Jeffrey | None
Courtney | None
Melinda | None
John | None
Jean | None
Mathew | None
Greg | None
Christopher | None
Jeremy | None
Daniel | None
Ricardo | None
Shawn | None
Precious | None
Matt | None
Dylan | None
Amber | None
Tina | None
Marianne | None
Marcisha | None
Tari | None
Haaris | None
Claudine | None
Matt | None
Andria | None
Shelley | None
Richard | None
Michael | None
Paige | None
Beth | None
Jeff | None
Karl | None
Jade | None
Trish | None
Terri | None
Patti | None
Jill | None
Michelle | None
Mike | None
Chelsea | None
Jean-Etienne | None
Charlene | None
Alena | None
Brian | None
Glenn | None
Peter | None
Ryan | None
Todd | None
Drake | None
Joe | None
Claire | None
Jason | None
Saurabh | None
Gabby | None
Justin | None
Neil | None
Audrey | None
Katherine | None
Greg | None
Dan | None
Danielle | None
Melissa | None
Danielle | None
Binny | None
Christine | None
David | None
Ryan | None
Daniel | None
Paul | None
Jaime | None
Leela | None
Elizabeth | None
Emma | None
Saad | None
Justin | None
Cristina | None
Stephanie | None
Kelsey | None
Annie | None
Hannah | None
Brooke | None
Jaclyn | None
Spencer | None
Sophia | None
Mary | None
Mohammed | None
Marcus | None
Mark | None
Farine | None
Erdenesuren | None
Taylor | None
Ray | None
Mayesha | None
Maria | None
Madelaine | None
Leibowitz | None
Dilek | None
Jaime | None
Laura | None
Paul | None
Sara | None
Regan | None
Maham | None
Emma | None
Joseph | None
Jordan | None
John | None
Sierra | None
Emma | None
Deven | None
Daniel | None
Cristina | None
Catie | None
Ali | None
Annie | None
Ashley | None
Dylan | None
Alexander | None
Keyona | None
Valeria | None
Shawna | None
Sierra | None
Sumur | None
Judy | None
Alex | None
ALANA | None
Saad | None
Kim | None
Tracey | None
Morgan | None
Palesa | None
Saad | None
Jason | None
Alex | None
Alexander | None
Jason | None
Marcus | None
Valeria | None
Erin | None
Honorata | None
Nathalie | None
Mian | None
Adam | None
Greetings | None
Greetings | None
Greetings | None
Andrew | None
Uday | None
Megan | None
Ashley | None
Andria | None
Dan | None
Rebecca | None
Melissa | None
Selby | None
Iain | None
Ken | None
Tim | None
Alok | None
Joe | None
Eric | None
Randy | None
Team | None
Kiel | None
Larry | None
Michael | None
Alanna | None
Craig | None
Gabrielle | None
Josh | None
Suri | None
Justin | None
David | None
Vitaly | None
David | None
Jared | None
Nicollette | None
Kathy | None
Scott | None
Jenn | None
Leena | None
Stephen | None
Ben | None
Erin | None
Michael | None
Greg | None
Arthur | None
Lynda | None
Renold | None
TONY | None
Steve | None
Matthew | None
DJ | None
Jamie | None
Dana | None
William | None
Nick | None
Alexi | None
Alvin | None
Siddharth | None
Reagan | None
Michelle | None
Stanley | None
Nolan | None
Sebastian | None
Akshat | None
Melissa | None
Jennifer | None
Arun | None
Joshua | None
Angelo | None
Casey | None
Paul | None
Kevin | None
Lee | None
Andrea | None
Brian | None
Michael | None
Kevin | None
Glenn | None
Lisa | None
Bari | None
Anna | None
Sumi | None
Dan | None
Steven | None
Albert | None
John | None
Kyle | None
Sheila | None
Viviana | None
Viviana | None
Kris | None
Joseph | None
Aseret | None
Janilette | None
Yanira | None
Nahir | None
James | None
Christy | None
Alison | None
Hannah | None
Tim | None
Richard | None
Mike | None
Emily | None
Adrian | None
Phillip | None
Nawaf | None
David | None
Mike | None
Robin | None
Gordon | None
Mark | None
Brittney | None
Paul | None
Robert | None
Elizabeth | None
Henry | None
Craig | None
Srimathi | None
Melissa | None
Kevin | None
Mark | None
Fatima | None
Anuraj | None
Rohan | None
alan | None
Lexi | None
lexi | None
Randy | None
Matthew | None
Barbara | None
Kristi | None
Ryan | None
Kevin | None
Larry | None
Divya | None
SANDEEP | None
2 | None
Mai | None
Collin | None
Tiffany | None
Navneet | None
Raymund | None
Dave | None
Darren | None
Dave | None
Shana | None
Peter | None
Jim | None
Evan | None
Pamela | None
David | None
Javier | None
David | None
Bill | None
Renee | None
kristina | None
kim | None
Jill | None
Lyka | None
Ballard | None
Aaron | None
Pamela | None
Lawrence | None
Mikhaela | None
Pam | None
Prince | None
Randi | None
Steven | None
Tammy | None
Tanner | None
Tanya | None
Tea | None
Karen | None
Sent | None
Joseph | None
Michael | None
Dulio | None
Heidi | None
Virtualization | None
Account | None
Vasyunin | None
Kim | None
Technical | None
DevOps | None
Lyka | None
Pam | None
f. | None
Kristina | None
David | None
Jim | None
Sent | None
Alejandra | None
Seryniti | None
Partheepan | None
Chastain | None
Joseph | None
Tammy | None
Heidi | None
George | None
Javier | None
Katie | None
Maria | None
Nadezhda | None
Anastasia | None
Анастасия | None
Irina | None
Assem | None
Margarita | None
Tamar | None
Sergey | None
Nikolay | None
Natalia | None
Anastasia | None
Anastasia | None
Andrew | None
Ayk | None
Alexey | None
Gregory | None
Ivan | None
Margarita | None
Maya | None
Gagik | None
Milene | None
Komel | None
Lara | None
Lori-Lynn | None
Lyne | None
Maddy | None
Maia | None
Marianna | None
Marie-Claude | None
Marie-Noelle | None
Oumy | None
Sundas | None
Pearl | None
Rona | None
Sounia | None
Stephanie | None
Kerry | None
Teresa | None
Valerie | None
Will | None
Mike | None
Konstantina | None
Nabila | None
Pamela | None
Katlyn | None
Samentia | None
Karine | None
Karine | None
Myriam | None
Nadia | None
Carrier | None
Andrea | None
Annie | None
Antoine | None
Camille | None
Morgan | None
Catherine | None
kurt | None
Christina | None
Cristiana | None
Caroline | None
Forence | None
Guillermo | None
Helen | None
Helene | None
Janet | None
Jennifer | None
Jennifer | None
Joann | None
Jodi | None
Judith | None
Julie | None
Emily | None
Karen | None
Jagan | None
Dale | None
Barry | None
Eric | None
Ryan | None
Matt | None
Team | None
Team | None
Jason | None
Bethany | None
Kerenn | None
Adele | None
Jake | None
Cindy | None
Alissa | None
Cindy | None
Natalie | None
Ryan | None
Yao | None
Ryan | None
Joe | None
Stefanie | None
Mamatha | None
Anil | None
Tony | None
Michael | None
Brian | None
Taylor | None
Andy | None
Meg | None
Jeri | None
Vijay | None
Michael | None
Vamshi | None
Eldrick | None
Karen | None
Macayla | None
Michelle | None
Santhosh | None
Steve | None
Nathan | None
Dusty | None
SAM | None
Meg | None
Natalie | None
Jason | None
Bill | None
Luke | None
Kristin | None
Ashwini | None
Kelsey | None
K. | None
Queen | None
Nikki | None
Michael | None
Katie | None
K. | None
Justin | None
Joshua | None
Jim | None
James | None
Emily | None
Claire | None
Alexis | None
Ellie | None
Kelli | None
Sheila | None
Amanda | None
Alexandria | None
Nata | None
Kathleen | None
Queen | None
Jess | None
Alexandria | None
Kristin | None
Taylor | None
Chelsea | None
Trent | None
Chelsea | None
Prasad | None
Marty | None
Stacey | None
Matthew | None
Tina | None
Walter | None
Venkatesh | None
Brad | None
Miles | None
Shannon | None
Brittany | None
Bytha | None
Taylor | None
Ellie | None
Caitlin | None
Emily | None
Tim | None
Amy | None
Christina | None
Carl | None
Hannah | None
Karen | None
Gina | None
Amy | None
Ashley | None
Amanda | None
Srikanth | None
Hannah | None
Jess | None
Grace | None
Alexandria | None
Ken | None
Maneesha | None
James | None
Tom | None
Charles | None
Cory | None
Cinthia | None
Kathleen | None
Misti | None
Mahesh | None
Ryan | None
Abigail | None
Dayanand | None
David | None
Gary | None
Bala | None
Sonika | None
Srinath | None
Nihal | None
Tiffany | None
Nick | None
Ashear | None
Naveenkumar | None
Tiffany | None
Erin | None
Carrie | None
Sravani | None
Santosh | None
Daniel | None
MG | None
Ayushi | None
Pasupuleti | None
Rohan | None
Joana | None
Rajnish | None
Rahul | None
Himanshu | None
Alexander | None
sunil | None
Sandeep | None
Geetanjali | None
Johnathan | None
Daniel | None
Judecia | None
Thea | None
Sakshi | None
Rajani | None
Jason | None
Kassie | None
Richard | None
Sara | None
Yori | None
Johann | None
Bill | None
Jessica | None
lily | None
tendai | None
kalyn | None
hannah | None
anne | None
jolie | None
Mike | None
Vincent | None
Becky | None
Gabe | None
Dustin | None
Nicholas | None
raven | None
qaqamba | None
diana | None
Zanaiya | None
Jeanne | None
Nick | None
Doug | None
Randal | None
John | None
Kiley | None
Rylee | None
TIM | None
Diana | None
Phyllis | None
Jason | None
Vincent | None
Russell | None
Adam | None
Brandon | None
Christina | None
Cierra | None
Gabriel | None
Ryan | None
Marni | None
Nicholas | None
Jessica | None
Taryn | None
Terrance | None
Jamie | None
Eric | None
Aaron | None
Kaley | None
Raven | None
Gabe | None
Sydney | None
Adam | None
Becky | None
Jamie | None
Tanya | None
Jeanne | None
Marcus | None
Lauren | None
Taryn | None
Melissa | None
Jen | None
Jessica | None
Jenni | None
Tom | None
Haley | None
Steve | None
Ron | None
Elizabeth | None
Darrin | None
Haley | None
Caitlyn | None
Drew | None
Joy | None
Gordon | None
Tuesday | None
Alison | None
Lars | None
Winly | None
Rafael | None
Brad | None
Cody | None
Phil | None
Amy | None
Mike | None
Huy | None
Mike | None
Lindsey | None
Ruben | None
Kelli | None
Tami | None
Melissa | None
Joey | None
Kevin | None
Robin | None
Frank | None
Alan | None
Brian | None
Adrian | None
Cortney | None
Nick | None
Paul | None
Aimee | None
David | None
Adam | None
Danish | None
Daniel | None
Tony | None
Bob | None
Randy | None
Melody | None
Elizaveta | None
Hugo | None
Ajeé | None
Jay | None
Allen | None
Aidan | None
Joe | None
Jimmy | None
Timothy | None
Alex | None
Eric | None
Azhavee | None
Don | None
David | None
Jonathan | None
Tess | None
Jason | None
Rubye | None
Avi | None
Alexandra | None
Syed | None
Lisa | None
Kim | None
John | None
Matt | None
Armando | None
Kevin | None
Eric | None
Lamar | None
Sid | None
Avinash | None
Shemar | None
Chris | None
Darlene | None
Michael | None
Syed | None
Mohsin | None
Kit | None
Offiong | None
Adam | None
Ammon | None
Ivalo | None
John | None
Alonso | None
Michael | None
Daniel | None
Brooks | None
Doyle | None
Ryan | None
Sheila | None
ouaes | None
Robert | None
Benny | None
Cassandra | None
Ben | None
Fabio | None
Carla | None
Brent | None
Matt | None
John | None
Chris | None
Chris | None
Syed | None
Vince | None
Dan | None
Joe | None
Michael | None
William | None
Edgardo | None
Alex | None
Jordan | None
Rick | None
Steven | None
Braydon | None
Elexa | None
Pratik | None
Priya | None
Lane | None
Pat | None
Amy | None
Mindy | None
Hayden | None
Hannah | None
J | None
Priya | None
James | None
Scott | None
J | None
Jason | None
Pamela | None
Stephanie | None
Mark | None
Jeff | None
Mohammad | None
Robert | None
Eric | None
Matthew | None
Nancy | None
Tony | None
Nick | None
Alex | None
Bobby | None
Julia | None
Shannon | None
Jeremy | None
Tim | None
Levi | None
Jenson | None
Don | None
Travis | None
Greg | None
Emily | None
Matthew | None
Arnima | None
Greg | None
Christina | None
Belinda | None
Michael | None
Eric | None
Shazia | None
Gray | None
Aaron | None
William | None
Filiz | None
Steven | None
Scott | None
Robert | None
Mohamed | None
Daniel | None
Samuel | None
Gavin | None
Craig | None
Bryan | None
Craig | None
Casey | None
Adrian | None
Melinda | None
Cindy | None
Muhammad | None
Alex | None
Stephen | None
Jeff | None
Brandon | None
Tracy | None
Courtney | None
Matthew | None
G | None
Adam | None
Ciera | None
Lauren | None
Suresh | None
Syed | None
Jonathan | None
Jim | None
Eric | None
Ola | None
Kaitlyn | None
Dylan | None
Kirk | None
Tara | None
Enamidem | None
Trevor | None
Chris | None
Stephen | None
Michael | None
Ryan | None
Jingfei | None
Eric | None
Brad | None
Rafael | None
Aaron | None
Ryan | None
Braydon | None
Casey | None
Ajeé | None
Alan | None
Casey | None
Alex | None
Elizaveta | None
Dan | None
Adam | None
Amy | None
Alonso | None
Amanda | None
Darwin | None
Autum | None
Emily | None
Julia | None
Courtney | None
Matthew | None
Cindy | None
Richard | None
Melissa | None
Jay | None
Kevin | None
Doyle | None
Melody | None
Kyle | None
Lindsey | None
Eric | None
Stephanie | None
Syed | None
Dylan | None
Tammy | None
Alex | None
Nick | None
Kevin | None
William | None
Derek | None
Payton | None
Nicole | None
Michael | None
Carlos | None
Klay | None
Manohar | None
Shanna | None
Brook | None
Ryan | None
David | None
Jasmine | None
Ed | None
Tracy | None
Jason | None
Tom | None
michael | None
Cameron | None
Brandon | None
Darwin | None
Rob | None
Olu | None
Mark | None
Hector | None
Christophe | None
Andy | None
Steve | None
Rutvi | None
Kyle | None
Keena | None
Jingfei | None
Sukhpreet | None
Ryan | None
Aniruddha | None
Nicole | None
Erik | None
Helen | None
Emily | None
Weldon | None
Rudy | None
Mark | None
Richard | None
Ausif | None
Alonso | None
Jason | None
Michael | None
Tyson | None
Joe | None
Melinda | None
Jonathon | None
Jc | None
Shyam | None
Stephen | None
Isabel | None
Phil | None
George | None
Ricardo | None
Leslie | None
Robert | None
Chris | None
Peter | None
Autum | None
Sasha | None
Greg | None
John | None
Laurence | None
Jeff | None
Larry | None
John | None
Nathan | None
Cindy | None
Matt | None
Fredrik | None
Matthew | None
Toby | None
Courtney | None
Todd | None
Amanda | None
Will | None
Stephen | None
Recruiters | None
Eve | None
Shirley | None
Michele | None
Chuck | None
Karen | None
Michele | None
Chuck | None
Michelle | None
Karen | None
abigail | None
Max | None
luke | None
josh | None
Eoghan | None
Daniel | None
Finlay | None
Alex | None
Michael | None
Libby | None
Orla | None
Patrick | None
ruby | None
Abbie | None
Daisy | None
Lauren | None
David | None
Chris | None
Archie | None
Jacob | None
Andrew | None
Ryan | None
Patrick | None
Philip | None
Matthew | None
Libby | None
Josh | None
Joshua | None
Gary | None
Finlay | None
Lloyd | None
Chris | None
Ben | None
Adam | None
Alex | None
Libby | None
jenny | None
Jenna | None
Robbie | None
Mark | None
Josh | None
Jenna | None
Andrew | None
Josh | None
Mark | None
Katie | None
Ryan | None
Ryan | None
Louisa | None
Katie | None
Jenna | None
Hannah | None
Graham | None
Ryan | None
Louisa | None
Daniel | None
Ethan | None
Finlay | None
Chris | None
Ben | None
Adam | None
Archie | None
Chris | None
Philip | None
Ami | None
Joshua | None
Jacob | None
Barry | None
Celine | None
Jeannie | None
Emily | None
Kevin | None
Lauren | None
Ethan | None
Rob | None
Philip | None
Carmen | None
Ronald | None
Md | None
Milan | None
Maria | None
Luke | None
Cristian | None
Samuel | None
Monika | None
Rhyan | None
Corey | None
Megan | None
Macallan | None
Wesley | None
colby | None
natalia | None
cristian | None
jack | None
amberly | None
dane | None
austin | None
Dillon | None
Team | None
Thomas | None
Marla | None
Travis | None
16 | None
Paul | None
Michelle | None
Jack | None
Joseph | None
John | None
Jack | None
Cristina | None
Ariel | None
Michael | None
Isabel | None
Martin | None
Bailey | None
David | None
James | None
Josh | None
Robert | None
Malapati | None
Anil | None
Raj | None
Pratiksha | None
Doreen | None
Jeff | None
Gereld | None
Melanie | None
Anisa | None
Nisha | None
Jeff | None
Shabana | None
Barbara | None
Doreen | None
David | None
Pratiksha | None
Shabana | None
Raj | None
Anisa | None
Gereld | None
Barbara | None
Bhanudas | None
Pratiksha | None
Suresh | None
Kalyan | None
Derek | None
Melanie | None
Eric | None
Mitchell | None
Heidi | None
Matthew | None
Jillian | None
Alex | None
Michelle | None
Narottam | None
Michael | None
Nydia | None
Vanessa | None
Robert | None
James | None
Adem | None
Stanley | None
Mariah | None
Kathryn | None
Andrea | None
Ashwin | None
David | None
Kathy | None
chelsea | None
Arina | None
ta'keshia | None
serena | None
matthew | None
mariah | None
gil | None
david | None
darylle | None
Gil | None
brittany | None
Sheryl | None
Beth | None
Kory | None
Nancy | None
Sheila | None
Dave | None
Therese | None
Darylle | None
Caitlin | None
Andrea | None
Stephen | None
Chelsea | None
Nicole | None
Keiron | None
angela | None
Ronald | None
Stephanie | None
Tom | None
Sydney | None
Lori | None
Karen | None
Julissa | None
Connie | None
Rikki | None
Mitchell | None
Cyndi | None
Caitlin | None
Chris | None
Dean | None
Kory | None
Maria | None
Kathy | None
David | None
Rini | None
James | None
Josue | None
Ganesh | None
Sumit | None
Mariel | None
Gabriel | None
Megas | None
Toby | None
Eileen | None
Michelle | None
Dean | None
Jane | None
Nancy | None
sabrina | None
Eric | None
Julian | None
Marc | None
Narottam | None
Eric | None
Dianna | None
Matthew | None
Ronald | None
Megan | None
Taphi | None
Sheila | None
Ken | None
Alysia | None
Eric | None
Andrew | None
Amber | None
Sarah | None
Heather | None
Dan | None
George | None
James | None
Joe | None
Onur | None
Jim | None
Siddharth | None
McCleery | None
Riddhi | None
Eric | None
Ekta | None
Russ | None
Anita | None
Aleksandra | None
Samuel | None
David | None
Alex | None
Ellie | None
Jack | None
Marc | None
Oda | None
Darío | None
Jimmy | None
Ceren | None
Roxana | None
Yinka | None
Kajenthi | None
Alice | None
Paromita | None
Jill | None
Victor | None
Niklas | None
Riannon | None
Samantha | None
Ujjwal | None
Katharina | None
Bilal | None
Samantha | None
Ashley | None
Ulrike | None
Burcu | None
Akash | None
Jeff | None
Rekuo | None
Kelly | None
Adham | None
Conor | None
Claudia | None
Adham | None
Svenja | None
Krishpi | None
Phil | None
Thomas | None
Seija | None
George | None
Cindy | None
Adriana | None
Anna | None
Toral | None
Kelly | None
Joanna | None
Haritha | None
Daniel | None
Bianca | None
Ashok | None
Vishal | None
Zak | None
Gerald | None
Niko | None
Matthew | None
Billy | None
Shawn | None
Joshua | None
Malik | None
Selim | None
Ryan | None
Raul | None
Brian | None
Jue | None
Ulla | None
Marta | None
Maddison | None
Mike | None
Musa | None
Imane | None
Niklas | None
Brenda | None
John | None
Peter | None
Kishan | None
Divya | None
Paolo | None
Martin | None
Romain | None
Shawn | None
Jerrold | None
Kaja | None
Reece | None
Serdar | None
Bodhi | None
Han | None
Zahra | None
Josie | None
Clarissa | None
Jill | None
Rayana | None
Zainab | None
Sanjana | None
Remy | None
Naveen | None
Jade | None
Juan | None
Luke | None
Shefali | None
Riddhi | None
Shivangini | None
Han | None
Johannes | None
Antonia | None
Raside | None
Samiksha | None
Zinaida | None
John | None
Ella | None
Anna | None
Priyanka | None
Akash | None
Tom | None
Jean-Etienne | None
Pooja | None
Priyansh | None
Dimitar | None
Akash | None
Siddharth | None
Amisha | None
Khyati | None
Riddhi | None
Zsófia | None
Priyanka | None
Jeet | None
Björn | None
Nidhi | None
Penny | None
Yiwei | None
David | None
Bryan | None
Don | None
Christine | None
Cara | None
Reena | None
Allison | None
Nidhi | None
Christine | None
Shelby | None
Kajal | None
Karl | None
Anna | None
Abtin | None
Farzand | None
James | None
Ceren | None
Kevin | None
Alessa | None
Alastair | None
Katarzyna | None
Rishabh | None
Hugo | None
Damien | None
Maribella | None
Sam | None
Ludovic | None
Geeta | None
Rebecca | None
Beverley | None
Munaiza | None
Namrata | None
Shweta | None
Vedika | None
Digvijay | None
Leroy | None
Hugo | None
Titus | None
Julia | None
Thinoshika | None
Remal | None
Volkan | None
Magdalena | None
Vishnu | None
Cansu | None
Johannes | None
Julia | None
Han | None
Kevin | None
Rob | None
Yiwei | None
Alexandru | None
David | None
Wyll | None
Prerna | None
Monika | None
Lisa | None
Silvia | None
Alexandra | None
Frosina | None
Katia | None
Katarzyna | None
Toral | None
Pragya | None
Hithesh | None
Debashree | None
Shruti | None
Nidhi | None
Shweta | None
Shital | None
Shahina | None
Emina | None
Vishwa | None
Luke | None
Bhavin | None
Vishnu | None
Ashwani | None
Vedika | None
Sanjana | None
Ayushi | None
Siddhant | None
Digvijay | None
Daniel | None
Brad | None
Namrata | None
Lija | None
Sanju | None
Nehal | None
Isaac | None
Oda | None
Disha | None
Camille | None
Hannah | None
Feyi | None
Emilia | None
Michael | None
Maria | None
Marta | None
Betsy | None
Alex | None
Lee | None
Dee | None
Hanka | None
Chantal | None
Oskar | None
Anthony | None
Alicia | None
Lily-May | None
Piotr | None
Nailah | None
Andrew | None
Andrew | None
Catherine | None
Manos | None
Matthew | None
Saba | None
Ross | None
Valentin | None
Laura | None
Kajenthi | None
Simran | None
Yasemin | None
Jen | None
Pallabi | None
Khyati | None
Ricky | None
Cansu | None
Amy | None
Taz | None
Yvonne | None
Paromita | None
Alex | None
Katharina | None
Malik | None
Mehvish | None
Joanna | None
Serdar | None
Maria | None
Beverley | None
Ala | None
Musa | None
Remal | None
Alice | None
Raside | None
Matt | None
Naima | None
Jessica | None
Adam | None
Ella | None
Katia | None
Kajal | None
Zsófia | None
Alan | None
Mayur | None
Amisha | None
Priyanka | None
Jonathan | None
Andy | None
Sélim | None
Simran | None
Charu | None
Akash | None
Aidan | None
Kishan | None
Bodhi | None
Peter | None
Kevin | None
Emmanuel | None
Ken | None
Maribella | None
Jeff | None
Jerry | None
Brad | None
Brian | None
Romain | None
Sanju | None
Loredana | None
Kristin | None
Charlie | None
Corinne | None
Yvonne | None
Sandra | None
Anissa | None
Karine | None
Mary | None
Matei | None
Jason | None
Abtin | None
Mark | None
Florian | None
Katarzyna | None
Damien | None
Vishwa | None
Camilo | None
Kevin | None
Shivangini | None
Beth | None
Luke | None
Zinaida | None
Daniel | None
Dimitar | None
Ahmed | None
Diana | None
Seija | None
Anna | None
Madhvee | None
Burcin | None
Marc | None
Marta | None
Kajenthi | None
Augustus | None
Oda | None
Raghavendra | None
Cansu | None
Maria | None
Daniel | None
Jerry | None
Bhavin | None
Alma | None
Maria | None
Simran | None
Emmanuel | None
Dan | None
Kishan | None
Asya | None
Tom | None
Malik | None
Ala | None
Maribella | None
Nisha | None
Brad | None
Jan | None
Mehvish | None
Igor | None
Serdar | None
Andrew | None
Alice | None
Sarayu | None
Sanj | None
Crystal | None
Jill | None
Pallabi | None
Amy | None
David | None
Sami | None
Brian | None
Beverley | None
Matt | None
Dave | None
Katharina | None
Danny | None
Jason | None
Julia | None
Ross | None
Riddhi | None
Naima | None
Dimitar | None
Jean | None
Pooja | None
Karine | None
Abtin | None
Jen | None
Lija | None
Shahina | None
Thomas | None
Andy | None
Priyanka | None
Riddhi | None
Charu | None
Sharon | None
Shawn | None
Nicholas | None
Gerald | None
Billy | None
Matthew | None
Luke | None
Michael | None
Selina | None
Bryan | None
Allison | None
Frank | None
Nidhi | None
Raghavendra | None
Ellie | None
Andrew | None
Andrew | None
Bhavin | None
Julia | None
Jean-Etienne | None
Jan | None
Riddhi | None
Ross | None
Divya | None
Abtin | None
Darío | None
Pooja | None
Ed | None
Niko | None
Matthew | None
Marc | None
Simran | None
Jeff | None
NITISH | None
Van | None
Paromita | None
Moksha | None
Vanshita | None
hugo | None
Ken | None
Sucheta | None
Raside | None
Rasika | None
Alex | None
Ed | None
Brian | None
Shelby | None
Alanna | None
Puneet | None
Reena | None
Anthony | None
Patrick | None
Alastair | None
Ari | None
Penny | None
Russ | None
Riccardo | None
Andrew | None
Alex | None
Niklas | None
Jessica | None
Niklas | None
Carina | None
Yiwei | None
Anna | None
Ömer | None
Alexander | None
Mert | None
Carla | None
Mara | None
Robel | None
Chiara | None
Anna | None
Konstanze | None
Ester | None
Kai | None
Asya | None
Nabiel | None
Huyen | None
Jana | None
Charlotte | None
Annelie | None
Noemi | None
Kerim | None
Mandy | None
Antonia | None
Neele | None
Antoaneta | None
Tristan | None
Marian | None
Debashree | None
Lum | None
Björn | None
Patrick | None
Mike | None
Frano | None
Jan | None
Kirco | None
Şenay | None
Kais | None
Maria | None
Sean | None
Lubomira | None
Fatma | None
Felix | None
Naji | None
Quirin | None
Daniel | None
Patricia | None
Bastian | None
Steve | None
Faisal | None
Tara | None
Trish | None
David | None
Haritha | None
Sean | None
Aleksandra | None
Yanella | None
toral | None
Svenja | None
Farzand | None
Sebastian | None
Seija | None
Jeanelle | None
Nicolas | None
Kelly | None
Jennifer | None
Rachel | None
Nidhi | None
Kajal | None
tom | None
shruti | None
sharon | None
Stefan | None
Mehmet | None
alma | None
bailey | None
beverley | None
damien | None
dave | None
digvijay | None
hithesh | None
john | None
jonathan | None
katia | None
kevin | None
luke | None
maribella | None
nidhi | None
nidhi | None
rasika | None
riccardo | None
sanjana | None
seija | None
Zuhal | None
Alexander | None
Diana | None
Darya | None
Katarzyna | None
Kajal | None
Pallavi | None
Victoria | None
Nana | None
Adriana | None
Aishwarya | None
Tahmid | None
Mevis | None
Ula | None
Rishabh | None
David | None
Pranay | None
Claire | None
Milena | None
Kate | None
Mohit | None
Tommy | None
Anna | None
Caleb | None
Haritha | None
Carla | None
Agnieszka | None
Gosia | None
Kinga | None
Jack | None
Crystal | None
Natalie | None
Enid | None
Rutvic | None
Niveetha | None
Sophie | None
Dee | None
Jasmeet | None
Vincenza | None
Matthew | None
Chandra | None
Banusha | None
Erin | None
Ramoan | None
Sarah | None
Sam | None
Chris | None
Samiksha | None
Suhena | None
Dan | None
James | None
Ludovic | None
Sean | None
Sandra | None
Abdullah | None
Dipen | None
Sam | None
Samantha | None
Piotr | None
Norika | None
Ceren | None
Matei | None
Agathe | None
Nick | None
Karl | None
Ben | None
Connor | None
Jyoti | None
Priyanka | None
Mustafa | None
Niklas | None
Jonathan | None
Cheng | None
Jasmin | None
Libby | None
Lewis | None
David | None
Ugur | None
Tamas | None
Midhun | None
Cara | None
Raphael | None
Matt | None
Jonathan | None
Kira | None
Ryan | None
Anna | None
Irina | None
Tuvarega | None
Adriana | None
Noe | None
Roxana | None
Erick | None
Shital | None
Marta | None
Geeta | None
Tania | None
Tim | None
Julien | None
Ardi | None
Kellcie | None
Kellcie | None
Karly | None
Karly | None
Juan | None
Josh | None
Elena | None
Jaytee | None
Eddie | None
Dustin | None
Ken | None
Danielle | None
Jose | None
Ken | None
Todd | None
Matthew | None
Michelle | None
Mike | None
Mohana | None
Parisha | None
Reha | None
Rich | None
Rich | None
Susan | None
TONJA | None
Wendy | None
Todd | None
TONJA | None
Danielle | None
Lisa | None
Cory | None
Claire | None
Claire | None
Sean | None
Jose | None
Ryan | None
Philip | None
Chris | None
Bryan | None
Jeannie | None
Frankie | None
Lola | None
Whitney | None
William | None
Al | None
Lola | None
Chris | None
Frankie | None
alex | None
Alex | None
ALEX | None
Al | None
Annie | None
Amanda | None
Elena | None
Dawn | None
Tonja | None
Wendy | None
Ryan | None
Halarcon | None
Alejandro | None
Astrid | None
Misha | None
MD. | None
Susana | None
Shendan | None
Jose | None
Ariana | None
Erin | None
Jobin | None
Justin | None
Zeila | None
Arian | None
Dan | None
Astrid | None
Erin | None
Justin | None
Shendan | None
Alan | None
Öner | None
Harold | None
Alan | None
Victor | None
Dan | None
James | None
lily | None
angel | None
anjali | None
audrey | None
jenny | None
katherine | None
kelly | None
meghan | None
robert | None
natalia | None
natalie | None
natalie | None
nidhi | None
sandy | None
shawn | None
Ken | None
michelle | None
Bill | None
sawyer | None
Vish | None
Meghna | None
Twinkle | None
Natalie | None
Pinky | None
Ken | None
Rose | None
Carlo | None
Jaclyn | None
Kelly | None
Brian | None
Megan | None
Sandy | None
Dan | None
Linda | None
Nelson | None
Nichole | None
Robert | None
Michael | None
Jimmy | None
Udaya | None
Amy | None
Bianca | None
Norah | None
Jayati | None
Ashley | None
CJ | None
Patrick | None
Christa | None
Diane | None
Erika | None
Fred | None
Jana | None
Jenna | None
Jessica | None
Kent | None
Lindsay | None
Mandy | None
Margo | None
Nick | None
Shannon | None
Tina | None
Vanessa | None
Chase | None
Kristy | None
CD | None
Nick | None
Berkeley | None
Margo | None
Callista | None
Kent | None
Nancy | None
CD | None
Fred | None
Chase | None
Jana | None
Mandy | None
Christa | None
Berkeley | None
Hanley | None
Diane | None
Andrew | None
Jessica | None
Vanessa | None
Andrew | None
Erika | None
Anna | None
Pete | None
Pete | None
Vitalii | None
Stepan | None
Jason | None
Alexander | None
Yaroslav | None
Michal | None
Olena | None
Victoria | None
Oleksandr | None
Taras | None
Frank | None
Tetiana | None
Vitalii | None
Stephen | None
Mark | None
Brian | None
Mark | None
Yuliia | None
Viktoriia | None
Olena | None
Yuliia | None
Viktoriia | None
Maksym | None
Abe | None
Olena | None
Yaroslav | None
Anna | None
Olena | None
Ярослав | None
Volodymyr | None
Simon | None
Eric | None
Laura | None
Jennifer | None
Mark | None
Mary | None
Jacqueline | None
Kathryn | None
Karen | None
Jessica | None
Max | None
Felipe | None
Stacey | None
Patricia | None
Sharla | None
John | None
Ginger | None
Dharti | None
Heidi | None
Danny | None
Marsha | None
Robert | None
John | None
Brian | None
Kristen | None
Bronagh | None
Linda | None
Marie | None
Christine | None
Frank | None
Tyler | None
Judith | None
Scott | None
Cheryl | None
Melissa | None
Natalie | None
Lyn | None
Margee | None
Lisa | None
Kristin | None
Lisa | None
George | None
Crystal | None
Nicholas | None
Ellen | None
Kim | None
Kimberly | None
Ivan | None
Christina | None
Maya | None
Amy | None
Bruce | None
Michael | None
Tom | None
Justin | None
Chloe | None
Lisa | None
Carrie | None
Lisa | None
Nick | None
Nidia | None
Matthew | None
Leon | None
Trisha | None
Danka | None
N. | None
James | None
Tricia | None
Ravi | None
Brian | None
Dawn | None
Bill | None
David | None
Paresh | None
Andrew | None
Mike | None
Carrie | None
Lori | None
Mark | None
Angela | None
Kyle | None
Tolu | None
Kate | None
Lisa | None
Andrea | None
Bob | None
Kevin | None
Zoanna | None
Baishaki | None
Ian | None
Jennifer | None
Jacqueline | None
Jennifer | None
Anthony | None
Svea | None
Ellen | None
Courtney | None
Larisa | None
Doreen | None
Sangeetha | None
Ray | None
Jess | None
Victor | None
Gary | None
Sarah | None
Wendy | None
Michael | None
Michelle | None
Laura | None
Nicholas | None
Patrick | None
Rory | None
Geri | None
Jaime | None
Deborah | None
Jennifer | None
Lisa | None
Nicole | None
Xenia | None
Colleen | None
M. | None
Sarah | None
Carrie | None
Sam | None
Jocelyn | None
Laurie | None
Shaun | None
Jerry | None
Mar | None
Aline | None
Matt | None
Lisa | None
Thomas | None
Maria | None
Liz | None
Jackie | None
Danielle | None
Jodeen | None
Eric | None
Megan | None
Erin | None
Katie | None
Tony | None
Christopher | None
Courtney | None
Steve | None
Kathy | None
Summer | None
Lisa | None
Sarah | None
Kristen | None
Anna | None
Hope | None
Christian | None
Grayson | None
Michelle | None
Dane | None
Kimberly | None
Kellee | None
Medj | None
Madelyn | None
Hannah | None
Jodie | None
Drew | None
Steven | None
Brittany | None
Teressa | None
Mark | None
Anthony | None
Sophia | None
Brian | None
Michael | None
Frank | None
Gary | None
Bailey | None
Michael | None
Melanie | None
Steven | None
Jeffrey | None
Christine | None
uman | None
Lynn | None
Joey | None
Nicole | None
Jason | None
Luke | None
Chris | None
Amy | None
Nick | None
Abigail | None
Salvatore | None
Steve | None
Duane | None
Kelsey | None
Sohaib | None
catherine | None
Caroline | None
Bryce | None
ashley | None
Kevin | None
jelle | None
Renee | None
Michael | None
Justin | None
john | None
jennetta | None
Dan | None
Kelsey | None
Kevin | None
Kortney | None
Lauren | None
Maria | None
Mark | None
Meraj | None
Micaela | None
Michael | None
Michael | None
Kassandra | None
Miriam | None
Nancy | None
Nick | None
Nikki | None
Patrick | None
Rachel | None
Rachel | None
Reese | None
Rich | None
Robert | None
Roberto | None
Scott | None
Tyler | None
Karina | None
Jordan | None
Diane | None
Kevin | None
Abigail | None
Alex | None
Alexis | None
Anthony | None
Artem | None
Ashley | None
Avery | None
Bradley | None
Brandt | None
Brooke | None
Daniel | None
David | None
Elijah | None
Jason | None
Jason | None
Jason | None
Jonathan | None
Chris | None
Shaporia | None
Shannon | None
John | None
Jaime | None
Kirsten | None
Corey | None
Kerri | None
Laurie | None
Kevin | None
Valerie | None
Will | None
Victor | None
Tim | None
Jacob | None
Ryan | None
Jared | None
Allan | None
Gabriel | None
Anil | None
Dustin | None
Tammy | None
Peter | None
Trish | None
Deana | None
Deana | None
Deborah | None
Trish | None
Anil | None
Nancy | None
Scott | None
Trish | None
Erik | None
Maia | None
Margaret | None
Igor | None
ChandraPal | None
RHO | None
Dustin | None
Ayanna | None
James | None
Alfred | None
Odalys | None
Jacob | None
Zach | None
Bob | None
Joseph | None
Geoffrey | None
Richard | None
Barney | None
Brychan | None
Brychan | None
Felix | None
Sam | None
Flynn | None
Lara | None
Freddie | None
Bronte | None
Alice | None
Samantha | None
Alex | None
Alex | None
Christiana | None
Rabia | None
Edward | None
Robert | None
Violetta | None
Harry | None
Luke | None
Joe | None
Jamal | None
Edward | None
Ellie | None
Ollie | None
Andrew | None
Melinda | None
Kristen | None
Katie | None
Rebecca | None
Heather | None
Dominique | None
Christina | None
Alena | None
Stuart | None
Jyoti | None
Nicholas | None
Frank | None
Liselot | None
Mike | None
Evelina | None
Frank | None
Chris | None
Jyoti | None
Steve | None
Stuart | None
Chris | None
Mike | None
Jennifer | None
Frank | None
Jasmine | None
jasmine | None
Henry | None
emily | None
cole | None
Whitney | None
Ashleigh | None
ashleigh | None
alessandra | None
Jennifer | None
Richard | None
Jeff | None
Emily | None
Cole | None
Jennifer | None
Simon | None
John | None
Harry | None
Stephen | None
Sarah | None
Whitney | None
Richard | None
Lexie | None
Laura | None
William | None
William | None
Stephen | None
Simon | None
Scott | None
Roger | None
Roger | None
Marc | None
Jennifer | None
John | None
denise | None
Denise | None
Scott | None
Sarah | None
Roger | None
Richard | None
Michelle | None
Marc | None
Laura | None
Katherine | None
John | None
Jennifer | None
Jeff | None
Henry | None
Hailey | None
Andrew | None
Candace | None
Simon | None
Stephen | None
Shannon | None
William | None
Cynthia | None
Aidan | None
Hailey | None
William | None
Sarah | None
Andrew | None
Tarek | None
Scott | None
John | None
Marc | None
William | None
Tarek | None
Jeff | None
Simon | None
Henry | None
Richard | None
Stephen | None
Julie | None
Gary | None
Brian | None
Bill | None
Andrew | None
Diane | None
Feliz | None
Julie | None
Gio | None
Kelly | None
Mary | None
Ronda | None
Jessica | None
Tabatha | None
Maggie | None
Sharon | None
Mia | None
Barbara | None
Jea | None
Jonathan | None
Rachelle | None
Mark | None
Matthew | None
Bernadette | None
Bonnie | None
Maureen | None
Maralee | None
Ira | None
Marisa | None
Leah | None
Kelly | None
Jason | None
Jared | None
Billy | None
Beth | None
Edder | None
Drew | None
Debbie | None
Chad | None
Shelbey | None
Holly | None
Suzette | None
Brandon | None
Briana | None
Erika | None
Chris | None
Brendan | None
Matthew | None
Kristina | None
Chris | None
Maureen | None
Brendan | None
Brad | None
Matthew | None
Kristina | None
Carol | None
Izak | None
Lisa | None
Steven | None
Ivan | None
Ericka | None
Erika | None
Edder | None
Mark | None
Kris | None
Michelle | None
Jamie | None
Marisa | None
Darci | None
Jodie | None
Eloy | None
Diana | None
Maureen | None
Drew | None
Jason | None
Jared | None
Beth | None
Debbie | None
Shelbey | None
Leah | None
Vivian | None
Coleman | None
Elizabeth | None
Leslie | None
Sheila | None
Holly | None
Laura | None
Billy | None
Jessica | None
Tangela | None
Jaclyn | None
Maralee | None
Suzette | None
Chad | None
Kelly | None
Griffin | None
Mark | None
Avery | None
Tyreene | None
William | None
Jacob | None
Yvonne | None
George | None
Matthew | None
Amy | None
Katherine | None
Sally | None
Nazaree | None
Catherine | None
Jeff | None
Duane | None
Samuel | None
Holly | None
Katrina | None
Nuha | None
Cullen | None
Gary | None
Stephen | None
Stacey | None
Nicole | None
Anthony | None
Terry | None
Athena | None
Kenneth | None
Sonya | None
Terry | None
Truman | None
Emma | None
Rebecca | None
Jan | None
Taylor | None
Mary | None
Christopher | None
Michael | None
Jennifer | None
Betty | None
Evelyn | None
Wendy | None
Carrie | None
Rick | None
Jodi | None
Shane | None
Victor | None
Brian | None
Bradley | None
Alynda | None
Yvette | None
Jeff | None
Linda | None
Lisa | None
Spencer | None
Teresa | None
Megan | None
Melissa | None
Jessica | None
Victoria | None
Curtis | None
Tylea | None
Sara | None
Anastasia | None
Holly | None
Meghan | None
Ellen | None
Debra | None
Lauren | None
Sandesh | None
Hadar | None
Will | None
Jenny | None
Joseph | None
Connor | None
Radhika | None
Elizabeth | None
Lauren | None
Shannon | None
Jessica | None
Matthew | None
Jessica | None
Brittanie | None
Lindsay | None
Sandesh | None
Laurie | None
Morzan | None
Kristi | None
Heather | None
Lauren | None
vincent | None
Ellen | None
Sara | None
Paul | None
Alicia | None
Andrew | None
Ajay | None
Klaudia | None
Waine | None
April | None
Vidya | None
Kaitlyn | None
Peter | None
Peter | None
Elvin | None
William | None
Mark | None
Mark | None
Carolyn | None
Tim | None
Collin | None
Mary | None
Hadar | None
linkedin | None
Shalini | None
Stephanie | None
Alex | None
Arlene | None
Beau | None
Sheina | None
Shamel | None
Katie | None
Haley | None
Elijah | None
Joshua | None
Gary | None
Jessika | None
Jesse | None
Brandon | None
Arth | None
Kirtesh | None
Kit | None
Yolette | None
Alisha | None
Brian | None
Hannah | None
Ellen | None
Samantha | None
Arz | None
Erin | None
Michael | None
Ali | None
Laurie | None
Edward | None
Michael | None
Peter | None
Julia | None
Sara | None
Arth | None
Jessika | None
Brian | None
Debra | None
Joshua | None
Edgar | None
Mark | None
Michael | None
Elijah | None
Marisa | None
Mark | None
Connor | None
Bill | None
Peter | None
Radhika | None
Brandon | None
Jacob | None
Erin | None
Samantha | None
Mark | None
Collin | None
Vidya | None
Tylea | None
Mark | None
Carolyn | None
Ali | None
Michael | None
Shawn | None
Brendan | None
Mark | None
Laurie | None
Elijah | None
Connor | None
Michael | None
Tim | None
Debra | None
Brandon | None
Dominick | None
Julia | None
Shannon | None
Ellen | None
Mark | None
Joseph | None
Kit | None
Stephanie | None
Haley | None
Lauren | None
Samantha | None
Rahul | None
Dominick | None
William | None
Hadar | None
Gary | None
Peter | None
Charmaine | None
Timothy | None
Ranjani | None
Anastasia | None
Jacob | None
Ali | None
John | None
Michael | None
Stephanie | None
Jessica | None
Hadar | None
Kit | None
Jenny | None
Lauren | None
Will | None
Gary | None
Tylea | None
Shawn | None
Lauren | None
Carolyn | None
Jessika | None
Haley | None
Mark | None
Vidya | None
Jesse | None
Yolette | None
Kaitlyn | None
Morzan | None
Joshua | None
Todd | None
Will | None
Rizza | None
Sara | None
Faiza | None
Heather | None
Fritz | None
Alexandra | None
Ileana | None
Tracy | None
Lívia | None
Rohit | None
MANJIT | None
Brenda | None
Karolina | None
Amparo | None
Radhika | None
Stephanie | None
Rupali | None
Julie | None
José | None
Adam | None
Tereza | None
Irina | None
Maria | None
Mayank | None
María | None
Nitin | None
Radu | None
Sara | None
Sofia | None
Johana | None
Weronika | None
Hana | None
Marilena | None
Shweta | None
Kyaw | None
Iryna | None
Cristina | None
Florencia | None
Niketa | None
Monica | None
Geeta | None
Amira | None
Beatriz | None
Ophélie | None
Romana | None
Estefanía | None
ADRIANA | None
Meghan | None
Jennifer | None
Bendangtemjen | None
Katelyn | None
Natalia | None
April | None
DeLaina | None
Chantle | None
Mike | None
Ash | None
Prathima | None
Hernan | None
Vartika | None
Monica | None
Anna | None
Marco | None
Ramiro | None
Amanda | None
Sandra | None
Zhuo | None
Magda | None
Dhanu | None
Flavie | None
Sarah | None
Jennifer | None
Magdalena | None
Mar | None
Matías | None
Sol | None
Anastasiia | None
Zuzana | None
Luisina | None
Dena | None
María | None
Marla | None
Katelyn | None
Janshi | None
Olga | None
Sara | None
Ravi | None
Soniya | None
Swati | None
Mona | None
Amy | None
Josh | None
John | None
Jake | None
Robert | None
Rick | None
Jake | None
Danielle | None
Ross | None
Laura | None
Jeff | None
Robert | None
Josh | None
Ross | None
Brian | None
Brian | None
Brandon | None
Danielle | None
Rick | None
John | None
Robert | None
Haley | None
Melissa | None
Brittany | None
David | None
Laetitia | None
Neeraj | None
Pinku | None
Skylar | None
Jessica | None
Molly | None
Kendall | None
RJ | None
Molly | None
Mark | None
Ollie | None
Ben | None
Daniel | None
Enpu | None
Hamed | None
Leticia | None
Reece | None
Cameron | None
Finley | None
Volkan | None
Olivier | None
Barnie | None
George | None
Monika | None
Olivier | None
Benjamin | None
jae | None
ellie | None
George | None
Charlotte | None
Dagnė | None
Chloe | None
Diana | None
Hector | None
Rachel | None
Paul | None
Karol | None
Scott | None
Jae | None
Ludwig | None
William | None
Ellie | None
Ben | None
Prishtee | None
Edgar | None
Marcos | None
Alejandro | None
John | None
Shawn | None
Connor | None
Maureen | None
Ramzi | None
Raymond | None
Christie | None
Chelsea | None
Lisa | None
Marco | None
Stacie | None
Crystal | None
Nicole | None
Don | None
Ellen | None
Ricardo | None
Jessica | None
Erick | None
María | None
Madeleine | None
Chanda | None
Mindy | None
Brad | None
Diana | None
Emily | None
Eric | None
Gina | None
Lauren | None
Joely | None
Alyssa | None
Lauren | None
Eamonn | None
Jeffrey | None
Reynold | None
Jen | None
Joshua | None
Laci | None
Briana | None
Kirby | None
Patrick | None
Mike | None
Kelsie | None
Wayne | None
Sujit | None
Sharie | None
Rachael | None
John | None
Laura | None
Erica | None
Kendra | None
Brandon | None
John | None
Perry | None
Brenda | None
Brandon | None
Keith | None
Irene | None
Blaine | None
Jennifer | None
Barbara | None
Joyce | None
Marq | None
John | None
KC | None
Kris | None
Tina | None
John | None
Luke | None
Paula | None
Carolyn | None
Zachary | None
Laura | None
Erica | None
JJ | None
Jenay | None
Manan | None
J. | None
Chance | None
Jack | None
Katie | None
Jennifer | None
Jake | None
Joanne | None
Kelly | None
Rilwan | None
Philip | None
Deirdre | None
John | None
James | None
Eli | None
Laszlo | None
Cassie | None
Tim | None
Jeff | None
Mark | None
Melanie | None
Chad | None
Mike | None
Jeff | None
Jon | None
Gina | None
Vincent | None
Devon | None
James | None
Steven | None
Jamie | None
Lyndsey | None
Rachael | None
Kendra | None
George | None
Carl | None
Edward | None
Anastasiia | None
Manmeet | None
Roshni | None
Manmeet | None
Anastasiia | None
Pratiksha | None
Support | None
Roshni | None
RAJ-2 | None
Roger | None
Dain | None
Dain | None
Raj | None
Cira | None
Anastasiia | None
Kartik | None
Tiffany | None
Alexandria | None
sharla | None
john | None
Chris | None
Sonia | None
Lori | None
Katie | None
Katie | None
Kayla | None
Kay | None
Kaye | None
Katelynn | None
Keara | None
Katrina | None
Karolyn | None
Joselyn | None
Justin | None
Judy | None
Josh | None
Jordan | None
Jonathon | None
Jonathan | None
John | None
Kelly | None
John | None
Kaite | None
Kelsey | None
Kyle | None
Kevin | None
Leyna | None
Leila | None
Leah | None
Lauri | None
Lauren | None
Lauren | None
Laura | None
Laura | None
John | None
Kyle | None
Kristin | None
Kristen | None
Krista | None
Krishna | None
Kimberly | None
Kim | None
Killian | None
Khamiya | None
Kevin | None
Ken | None
Joelle | None
Jessie | None
Jessica | None
Douglas | None
Dylan | None
Elijah | None
Elijah | None
Elizabeth | None
Emily | None
Donald | None
Emily | None
Emma | None
Eric | None
Erica | None
Evelyn | None
Fabiola | None
Fletcher | None
Emily | None
Frank | None
Dominique | None
Divya | None
Dan | None
Daniel | None
Daniel | None
Dave | None
David | None
David | None
Divya | None
David | None
Deniese | None
Derek | None
Devijin | None
Devin | None
Diana | None
Dilan | None
Denae' | None
Lindsay | None
George | None
Gina | None
Javon | None
Jay | None
Jayden | None
Jeannette | None
Jeannette | None
Jeff | None
Jason | None
Jeff | None
Jennifer | None
Jennifer | None
Jennifer | None
Jennifer | None
Jennifer | None
Jessica | None
Jenni | None
Georgie | None
Jason | None
Janna | None
Gloriana | None
Goutham | None
Gray | None
Greg | None
Greg | None
Gregory | None
Jarrod | None
Gregory | None
Harry | None
Indira | None
Irene | None
James | None
Jameson | None
Janel | None
Hannah | None
Lindsey | None
Matthew | None
Mackenzie | None
Pooja | None
Pradeep | None
Cyrene | None
Rahel | None
Rahul | None
Rashaan | None
Raymond | None
Rene | None
Richard | None
Robert | None
Robert | None
Robert | None
Philip | None
Robert | None
Ryan | None
Ryan | None
Saba | None
Safina | None
Sai | None
Saleen | None
Salvatore | None
Sam | None
Samantha | None
Samira | None
Samuel | None
Sara | None
Rod | None
Pentrella | None
Paul | None
Paul | None
Melanie | None
Melanie | None
Melissa | None
Melissa | None
Michael | None
Michael | None
Michael | None
Michelle | None
Miles | None
Mitch | None
Mollie | None
Nicholas | None
Nicholas | None
Nicholas | None
Nick | None
Nick | None
Matthew | None
Matt | None
Matt | None
Mary | None
Mary | None
Nicole | None
Nicolette | None
Nikhil | None
Olivia | None
Paola | None
Patricia | None
Sarah | None
Sarah | None
Sarah | None
Sarah | None
Tory | None
Todd | None
Tim | None
Tim | None
Tiffany | None
Terry | None
Teresa | None
Taylor | None
Tami | None
Tamarin | None
Swathi | None
Susie | None
Susannah | None
Susan | None
Sumanth | None
Steven | None
Steven | None
Steven | None
Martha | None
Mark | None
Mark | None
Maria | None
Maria | None
Matthew | None
Mandie | None
Maggie | None
Madison | None
Trevor | None
Mackenzie | None
Tyler | None
Vaishnavi | None
Sarah | None
Saresa | None
Sasha | None
Schyler | None
Scott | None
Scott | None
Sean | None
Sean | None
Sean | None
Shannon | None
Shawntay | None
Shea | None
Shelby | None
Shelby | None
sireesh | None
Skyler | None
Sravanthi | None
Stacy | None
Stefanie | None
Stephanie | None
Whitney | None
Wendy | None
Waseem | None
Virginia | None
Victoria | None
Victor | None
Vanessa | None
Tyler | None
Crystel | None
Stephanie | None
Courtney | None
Abdirahman | None
Abigali | None
Adam | None
Adam | None
Adam | None
Adam | None
Adrien | None
Adum | None
Alec | None
Alex | None
Alex | None
Aaron | None
Alex | None
Alex | None
Ali | None
Allison | None
Amanda | None
Amy | None
Andrew | None
Andrew | None
Andrew | None
Andy | None
Andy | None
Angela | None
Alex | None
Angelica | None
Justin | None
Katie | None
Crystal | None
Steve | None
Alison | None
Andy | None
Gary | None
Gordon | None
Lauren | None
Michelle | None
Morgan | None
Amanda | None
Meet | None
Kim | None
Sydney | None
Kayla | None
Jovanny | None
Je'nein | None
Carolyn | None
Kyle | None
Matthew | None
Nadia | None
Nalita | None
Natalie | None
Nathaniel | None
JT | None
Yvette | None
Anjana | None
Nathan | None
Anthony | None
Cassie | None
Cassie | None
Chad | None
Chad | None
Charee | None
Charles | None
Chase | None
Chase | None
Cherry | None
Cheryl | None
Chonda | None
Casey | None
Chris | None
Christina | None
Christopher | None
Ciara | None
Clarissa | None
Cody | None
Colleen | None
Collin | None
Collin | None
Connor | None
Anthony | None
Corbin | None
Chris | None
Carolina | None
Chris | None
Carlyn | None
Ariana | None
Ashley | None
Carol | None
Ashley | None
ASshley | None
Austin | None
Ben | None
Bhuvaneswari | None
Brad | None
Brad | None
Brandee | None
Brandy | None
Blake | None
Brianna | None
Brendon | None
Carly | None
Caitlin | None
Brianna | None
Brianna | None
Cara | None
Brian | None
Brett | None
Brent | None
brent | None
Brian | None
Clarissa | None
Michele | None
Estephanie | None
Kelly | None
Jeff | None
Mary | None
Holly | None
Kevin | None
Avante | None
Angela | None
Sarah | None
Amy | None
Carlos | None
Lisa | None
Jessie | None
Waseem | None
Khamiya | None
Emily | None
Jordan | None
Nancy | None
Cassie | None
Michael | None
Tracy | None
Frank | None
Tyler | None
Tricia | None
Tom | None
Carolina | None
Timothy | None
Kevin | None
Divya | None
Gianna | None
Jennifer | None
Teryn | None
Stevens | None
Stephanie | None
Nick | None
Lauren | None
Justice | None
Janay | None
Gabriel | None
Ellen | None
Elena | None
Allie | None
Abdul | None
Sean | None
Angela | None
Greg | None
John | None
Greetings | None
Greetings | None
Disabled | None
Marina | None
Jennifer | None
Tobias | None
Taylor | None
Sean | None
Ngum | None
Mike | None
Matt | None
Mackenzie | None
Laura | None
Kelsey | None
Shane | None
Taz | None
Callie | None
Stephanie | None
Aaron | None
Laura | None
Justice | None
Leo | None
Cristina | None
James | None
Madeleine | None
Sara | None
Angela | None
Maxine | None
Ashley | None
Jasmine | None
Danielle | None
Judi | None
Dustin | None
Thato | None
Kyle | None
Michael | None
Priya | None
Andrew | None
Nikya | None
Ashley | None
Matthew | None
Luke | None
Sam | None
Prakash | None
Mitchell | None
Luis | None
Lisa | None
Lindsay | None
Lauren | None
Kris | None
Kim | None
Kelli | None
Keith | None
John | None
Jeanie | None
Howard | None
Steven | None
Gary | None
David | None
Daniel | None
Crystian | None
Cristina | None
Coty | None
Carlos | None
Cal | None
Bradley | None
Bernadette | None
Andy | None
Alan | None
Adrian | None
Madison | None
Bryan | None
Erin | None
Jessica | None
Shawn | None
Lauren | None
Samantha | None
Darren | None
Carrie | None
Joslyn | None
Deepu | None
Natalie | None
Kevin | None
Deepa | None
Maddie | None
Kellany | None
Renarter | None
Dawn | None
Joshua | None
Roeshell | None
Anneliza | None
Renee | None
Bryanna | None
Madison | None
Tonyanika | None
catherine | None
Anna | None
Mariah | None
Nickolas | None
Donna | None
Telisa | None
Marven | None
Christopher | None
Natalie | None
Sandra | None
Kathryn | None
Dires | None
Brittany | None
Kayla | None
Shana | None
David | None
Jessica | None
Carol | None
Julie | None
James | None
Corey | None
Sonja | None
Emily | None
Meshyal | None
Charmaine | None
Brenda | None
Ashwini | None
Tanishia | None
Kayla | None
Anup | None
Toni | None
Kim | None
Dadrick | None
Stacie | None
Matt | None
Chandler | None
Jessica | None
Deja | None
Yolanda | None
Sheila | None
Pamela | None
Sharon | None
Cezarin | None
Nicole | None
Ruby | None
Valerie | None
Allison | None
Parker | None
Christyl | None
Christina | None
Deborah | None
Todd | None
Ronda | None
Natasha | None
Lizbeth | None
Tammy | None
Jeff | None
Ginger | None
Natalie | None
Lucia | None
Pamela | None
Jenny | None
Taylor | None
Gilberto | None
Krystal | None
Sunil | None
Sheree | None
Kayli | None
Joyceline | None
Becky | None
Michael | None
Barbara | None
Terry | None
Douglas | None
Kara | None
Courtney | None
Tamasha | None
Vanessa | None
Annie | None
Jamal | None
Rina | None
Dave | None
Sander | None
Allison | None
Michael | None
Joanne | None
Ed | None
Noah | None
Karey | None
Nicholas | None
Alicia | None
Lindsay | None
Kyle | None
Erica | None
Andrew | None
Brandon | None
Sajeed | None
Tia | None
Monica | None
Lauren | None
Joy | None
Troy | None
Kelly | None
Teresa | None
Simo | None
Kasey | None
Natnael | None
Aldwin | None
Joshua | None
Michael | None
Alex | None
Hilton | None
Ashley | None
Lilian | None
Amanda | None
Sara | None
Deepa | None
Cilestine | None
Jason | None
Devon | None
Brad | None
Kristen | None
Carol | None
Kristi | None
Jagdeep | None
Cinthia | None
Gene | None
Eric | None
Ashley | None
Jack | None
Matt | None
Rosanna | None
Joel | None
Diana | None
Nannette | None
Donna | None
Christine | None
Ankit | None
Courtney | None
Maryellen | None
Shiva | None
T. | None
Sravani | None
Vilas | None
Jamie | None
Shanawaz | None
Happy | None
Jean-Sebastien | None
Belle | None
Leona | None
Syed | None
Divya | None
Cinderella | None
Zac | None
Mervin | None
Madison | None
Soumya | None
Amulya | None
Minesh | None
Chris | None
Makesh | None
Randheer | None
Nanda | None
Thilagavathy | None
Nitin | None
Anitha | None
Mohammed | None
Nimmy | None
Samiul | None
Priyanka | None
Maria | None
Jacquelina | None
Joshna | None
Naresh | None
Akshay | None
Ashish | None
Ankita | None
Akshay | None
Gayathri | None
William | None
Bhuban | None
Nirmala | None
yamuna | None
Maria | None
Jay | None
Mohammed | None
Abhijith | None
Jeff | None
Prasanna | None
Keerthika | None
Jared | None
Prithvi | None
Raghav. | None
Arshiya | None
Manish | None
Sundeep | None
Sai | None
Thakur | None
Sam | None
Sajeel | None
Visweswari | None
Poovarasan | None
Pooja | None
Tejaswini | None
Pavan | None
Tarynn | None
Nick | None
LinkedIn | None
Matt | None
Abhishek | None
Anne | None
Merin | None
Tyler | None
Divya | None
Kyle | None
Sushmitha | None
Cliff | None
Kali | None
Christelle | None
Saumya | None
Shelley | None
Alvin | None
Jared | None
PATRICIA | None
Kelly | None
Aaron | None
Izael | None
Ana | None
Randy | None
Travis | None
Brian | None
Lisa | None
Lauren | None
Reem | None
Jacob | None
Karen | None
Michelle | None
Koka | None
Kiara | None
Shally | None
Tedra | None
Sonya | None
Jeremy | None
Mario | None
Dianna | None
Aurionna | None
Gabrielle | None
Omoyemi | None
Tony | None
Jodawna | None
Gina | None
Allison | None
Dana | None
Darren | None
Reggie | None
Reggie | None
Corey | None
Sailaja | None
Gloria | None
Nick | None
Manoj | None
Natalie | None
Matthew | None
Namitha | None
Femi | None
Harshita | None
Shivangi | None
Vidya | None
Anil | None
Karan | None
Ercan | None
Suganthi | None
Shashank | None
Nidhi | None
Anu | None
Soheil | None
Talha | None
Cicely | None
Navya | None
Venkata | None
Jason | None
Alison | None
Penny | None
Andrea | None
Nora | None
Kelsey | None
Angela | None
Shreya | None
Stacy | None
Krista | None
Carol | None
Devin | None
Kallie | None
Tien | None
Nancy | None
Jessica | None
Samantha | None
Shawn | None
Katie | None
Christie | None
Jesus | None
Jake | None
David | None
Shamus | None
Jackson | None
Baari | None
Sanketh | None
Brittany | None
Dan | None
Justin | None
Grant | None
Danielle | None
Josh | None
Mike | None
Jessica | None
Rikki | None
Matt | None
Rebecca | None
Ashley | None
Ana | None
John | None
Javon | None
Erica | None
jane | None
Ryan | None
Courtney | None
Philip | None
William | None
Marina | None
Kristin | None
Robert | None
Chandler | None
Prince | None
Stephanie | None
Adam | None
Michelle | None
Antonia | None
Anthony | None
Christine | None
Sai | None
Angie | None
Tyler | None
Kaitlynne | None
Nikki | None
Megan | None
Ariana | None
Shane | None
Robert | None
Allison | None
Shiny | None
Jake | None
Zach | None
Michael | None
Pritha | None
Nicholas | None
saikiran | None
Makenzie | None
Stephanie | None
Tarun | None
Paige | None
Arthur | None
Ben | None
Scott | None
Ashton | None
Arthur | None
Ryan | None
Lesley | None
Patrick | None
Blake | None
Morgan | None
Sam | None
Mandeep | None
Sidney | None
Ryan | None
Sally | None
David | None
Jennifer | None
Shivani | None
Michael | None
David | None
Jasmine | None
Casey | None
Caroline | None
Josh | None
Pierce | None
Kenshata | None
Jason | None
Kaye | None
Alex | None
Kelly | None
Brian | None
Chris | None
Haley | None
Brooke | None
John | None
Lisa | None
Missy | None
Shelby | None
Josh | None
Sara | None
Karissa | None
Haley | None
Kristin | None
Caitlin | None
Alex | None
Mark | None
John | None
Shaquille | None
Frank | None
Will | None
Colleen | None
Esther | None
Michelle | None
Patrick | None
Jordan | None
Richard | None
Joseph | None
Lindsay | None
Brian | None
Steve | None
Magaly | None
Erik | None
Karyn | None
Kevin | None
Daniel | None
Andrew | None
Matias | None
Alison | None
Robert | None
Scott | None
Michael | None
Je'Nein | None
Melissa | None
Tara | None
Karin | None
Renee | None
Shipra | None
Nikki | None
Bryana | None
Laura | None
Lauren | None
Jason | None
Brooke | None
William | None
Elizabeth | None
Emily | None
Adam | None
Jon | None
Lissa | None
Frank | None
Maria | None
Victor | None
Sasha | None
Nicole | None
Jeff | None
Matthew | None
Gopicharan | None
Elliot | None
Bal | None
Sanam | None
Donato | None
Cynthia | None
Edgar | None
Ronaldo | None
Brian | None
Christopher | None
Pancho | None
Kimberly | None
Larry | None
Craig | None
Elle | None
Denise | None
Craig | None
Janeal | None
Tyler | None
Lincoln | None
Purna | None
Juan | None
Maria | None
Loai | None
Celine | None
Emily | None
Gerardo | None
Barbara | None
Tracy | None
Bettsy | None
Roshan | None
Brian | None
Mayra | None
Jessica | None
Alex | None
Eren | None
Priyesh | None
Michelle | None
Raghav | None
Maeve | None
Mei | None
Robert | None
Maria | None
Melissa | None
Wesley | None
Vikas | None
Danae | None
Ajaliz | None
Matthew | None
Jeffrey | None
Gopal | None
Michael | None
Marlene | None
John | None
Danielle | None
Chamira | None
Thomas | None
Holly | None
Rachel | None
Alexandra | None
Kathryn | None
RD | None
Jennifer | None
Jim | None
Jack | None
Ryan | None
Leslie | None
Lauri | None
Andrew | None
Tim | None
Annette | None
Kayla | None
Adam | None
David | None
Jason | None
Tracy | None
Brian | None
Jessica | None
Janiece | None
Chelsea | None
Autumn | None
Tolani | None
Eevi | None
Ghouse | None
Zephra | None
Jill | None
Kim | None
Sarah | None
Debra | None
Kasandra | None
Chris | None
Abree | None
Jarrell | None
Samantha | None
Kisha | None
Latisha | None
Marketta | None
Sharon | None
Andrea | None
Eder | None
Thi | None
Linh | None
Chaitanya | None
Rajesh | None
Richard | None
Rahul | None
Mohd | None
Manoj | None
Mirza | None
Nivedita | None
Komal | None
Dhanavelan | None
Rishab | None
Simran | None
Rahul | None
Naresh | None
Mahesh | None
Aziz | None
Shyam | None
Santi | None
Lynda | None
Patrick | None
LaTonya | None
Alicia | None
Mirna | None
Fidel | None
Joaquin | None
Kelly | None
Sebastian | None
Vandi | None
Lynn | None
Tanya | None
Bea | None
Srinivas | None
Kenneth | None
Justin | None
Steve | None
Alena | None
Vanessa | None
Finlay | None
Lesley | None
Ashton | None
Chyna | None
Sirena | None
Zaneta | None
ShaTawna | None
Tammy | None
Rena | None
Julia | None
David | None
Melanie | None
Satomi | None
Jessica | None
Thomas | None
Eva | None
Destiny | None
Pallavi | None
Jennifer | None
Stacy | None
Callie | None
Moran | None
Brooke | None
Colleen | None
Karina R | None
Irene Dooley-Piper | None
Duane Everson | None
Travis Moore | None
Zachariah Mimi | None
Kelli Shannon | None
Zack Elliott | None
Charee Fountain | None
Rod Mullins | None
Andrew Lamb | None
Liz (Muri) Pietsch | None
Josh Egner | None
Julie Kundrach | None
Yannick ukob | None
Linda Rasmussen | None
Corbin Kuceyeski | None
Katrina Chapman | None
Jason Harris | None
Marissa Nini | None
Mitch Ulanski | None
Leila Aceto | None
Tracy Reese | None
Kimberly Cook | None
Myra Rockymore | None
Richard Reid | None
Tiffany Dash | None
Elizabeth Hoffman | None
Laura McReynolds Hickham | None
Derek Hurst | None
Abigail Brown | None
Taylor Hohensee | None
Kyle Heckathorn | None
Glenn Marble | None
Jack Barker | None
Angie Chiappone | None
Briana Green | None
Ken Vinikoff | None
Brian Borrhello | None
Chad Smith | None
William Alexander | None
Claudia M. Serrano | None
Maitri Pansania | None
Mickela Rudzinski | None
Gavriela Mejia | None
Bob Kohn | None
Jiaqi Guo | None
Leo Laforgia | None
Donald Wiles | None
Jamie Shibata | None
Cindy Harden | None
Katy DeLeo | None
Brian Browne | None
Baron Brooks | None
Jason Bucci | None
Debra Cianciola | None
Henrietta Herschell | None
Therese Luther | None
Landon Ormes | None
Shirley Mason | None
Wendy Lewis Proctor | None
Duke Nathan Keenan | None
Heather Britton | None
Jim Weaver | None
Jeff Fetherolf | None
Kelly K. Williams | None
Aldina Ibricic | None
Danielle Huber | None
Steve McGann | None
Carol Greer | None
Angelica Samuels | None
Sarah Reynolds | None
Miles Kimbrough | None
Joey Niehaus | None
Kaycie Cornelius | None
Dinesh Rane | None
Joe Nelson | None
Mike Adamik | None
Jean Reece | None
Paul Pope | None
Alethea OKane | None
Nicholas Buol | None
Connie Busser | None
Bryan Duncan | None
Colleen Sabino | None
Michael Cooper | None
Claudio Reyes | None
sonji patterson | None
Tim Ryan | None
Anthony Gaston | None
Mary Baum | None
Robert Fries | None
Martin J. (Marty) Lewald | None
Nathaniel Clark | None
Michael J Erdenberger | None
Ashleigh Mahoney | None
Irene Brooks | None
Koby Slack | None
Brandon Phillips | None
TJ Brand | None
Jeff Berger | None
Patrick Quigley | None
Juli Reynolds | None
Zach Estes | None
Alexander Kotun | None
Andy Gwisdala | None
Justin Peschke | None
George G. | None
Robin Rodriguez | None
Sydney Walker | None
Kelly Dickens | None
Bret Bedinghaus | None
Key Isenhower | None
Travis Cowan | None
Roze A. | None
Brian Jones | None
Gustavo Hernandez | None
Katie Velde | None
Lindia Roberts | None
Connor Cook | None
Kim Kazee | None
Fletcher Mason | None
Mary Beth Powell | None
Jade Cook-Shankman | None
Derrick Brown | None
Brenda R. | None
Ray Harry | None
Brian Schriver | None
Rick Pittenger | None
David Bechtel | None
Kim Dixon | None
Marian Jenkins | None
Phyllis Gorrell | None
Ann Bellinger | None
John D. | None
Enon Rice | None
Scott Mueller | None
Robert Manning | None
Kimberly Des Laurier | None
Andy Hutsell | None
Joshua Beaner | None
Gerri Owens | None
Will C. | None
Andrew Speer | None
Erin Farrugia | None
Hagai Nechmad | None
Derek Kinsch | None
Kate Walsh | None
Karmen Corley | None
Kim Courtois | None
Sean Coxen | None
Carla Bagge Michaud | None
Molly Sliwinski | None
Nathaniel Klingenberg | None
Steven Matthews | None
Kristi Hinnerichs | None
Toy Ogden | None
Linda DeVivo | None
Bill Fabish | None
Mary Frances Holt | None
Mollee Bobusch | None
Donald Pitsch | None
Mary Gallus | None
Kathleen Ryan | None
Krista Klotthor | None
Susie Blake | None
Susan Ratzsch | None
Rob Geer | None
Brandon Fitzgerald | None
Sherri Pence | None
Devin Gray | None
Janice Grabow | None
Kyle Thompson | None
Julia E. Osmer | None
Chris Kulpa | None
Jenifer Ford | None
Awadam Mohammed | None
Michelle Elyse Jonas | None
Dana Bratsch | None
Jason Earhart | None
Ben O. | None
Philip Dyball | None
Bhushaiah Ankem | None
Carol Cree Bloch | None
Dale Gannon | None
Tom Antolic | None
Cyrene Estrellado | None
Skip Gosselin | None
Sam Dalquist | None
Gigi Bechir | None
Aaron Karasov | None
Kent Patterson | None
Christopher Thomas | None
Rebecca Ommen | None
Norma Fernandez | None
Josh Dorsey | None
Andrew Ziehr | None
Anne Betts | None
William Hall | None
Wes Ince | None
Matthew Lewin | None
Greg Bates | None
Mary Bailey | None
Loren Woodward | None
Emily Myers | None
Justin Davis | None
Fredrick Smith | None
James William Hall Sr. | None
Rebecca Pedone | None
Ryan Hudson | None
Jessica Smith | None
Reverend Jim Giddings | None
Brian Page | None
Morgan Malmberg | None
Andrew Middleton | None
Kevin Meszaros | None
Erik Heiligenstadt | None
Melanie Scheuring | None
Steve Davidson | None
Nick Jones | None
Amber Belasco | None
Anthony Taylor | None
Christpoher Przebienda | None
Denise LeMire | None
Kaci Sink | None
Constance H. | None
Maria Garbach | None
Scott King | None
Dusty Abels | None
Brandy Jennett | None
Thomas Jackovin | None
M Sherwood | None
Mark K. | None
Rhonda Outlaw | None
Austin W. | None
Levi Armstrong | None
Keith McCutcheon | None
Aysha Lincoln | None
Robert Seelbach | None
Josie Quigley | None
Tracy Bitner | None
Becky Moore | None
Bob Nunan | None
Justin Lee | None
Brooke Zang | None
Rebecca Maher | None
Justin Giammario | None
Matthew Etter | None
Stephanie Walk | None
Jennifer Cicci | None
Ruth Suski | None
Jennifer Crown | None
Paul Olsen | None
Erin Burris | None
Stephanie Williams | None
Gary Robertson | None
Roome Sean | None
Melissa Weinberg | None
Kathleen Kelly Mancuso | None
Stephanie Lutz | None
Anna Marks | None
Nicole Sheeran | None
Sabrina Rotondi | None
Michael Tanella | None
William Evans | None
Beth Hatzel | None
James Pote | None
Frank Nardone | None
Tiffany Natale | None
Christiana Hoey | None
Shonyette Little | None
Nicholas Polsinelli | None
Frank Culkin | None
Jami A. Cohen | None
Michael Norton | None
Damon Stagliano | None
Bob Todd | None
Byron Brooks | None
Joseph Devlin | None
Jim Larkin | None
Cassidy Edwards | None
Dennis Wise | None
Robert Esquivias | None
Danielle Colbert | None
Sean Hagan | None
Makenzi Knight | None
Courtney Clifford | None
Ben Vornbrock | None
Prakash Doraiswamy | None
Justin Denniston | None
Stefan Klenk | None
Ted Bosley | None
Erin Wilson | None
Kristine Reid | None
Cheryl Heberlig | None
Rob Hubley | None
Joe Hopper | None
Andrew DeWitt | None
Kevin Concannon | None
Keri Frail | None
John Tavares | None
Elizabeth Nichols | None
Kim Walsh | None
Bill Hurlburt | None
H. Rebekah Waddell | None
Issac Johnson | None
Amanda OConnor | None
Scott A Courtney | None
Robert Jefferson | None
Angela Piekutowski Smith | None
Liz S. | None
Rob Warren | None
Natalie Halamar | None
Rick Roman | None
Kim Prevost | None
Darline de la Vega | None
Liz Voronkov | None
Chris Schweitzer | None
Laurie Casper | None
Zach Campbell | None
Kyle Weissenburger | None
Sean McKinney | None
James Palubinski | None
Samira Tofighbakhsh | None
Matthew Price | None
Zack Gavin | None
Terry Kroshus | None
Amy Allen | None
Jacob Tedrow | None
Jeff Walker | None
Lillie Cowlthorp | None
Mike Kenealy | None
Amber Colhouer | None
brent newman | None
Mojgan Mousavi | None
Karelia Roberts | None
Brendan George | None
Andrew Roudebush | None
Pam Spencer | None
Bryan Denman | None
Jesily Ruiz | None
David Parrott | None
Kevin Peluso | None
Marisol Cardozo | None
Michael Marshall | None
Jessica Henriquez | None
Josh Phares | None
Ed Milone | None
Bill Bickford | None
Trey Rustmann | None
Terri Runnels | None
Jennifer Workman | None
Tiffanie Benson | None
Patrick Albert Kenoielani Kaulia | None
Abhinaya Parthasarathy | None
Susan O'Brien | None
Quincy Nguyen | None
Jerry Ciolino | None
Joseph Simon | None
Alex Hernandez | None
Cindy Chen | None
Camille Allen | None
Kathy Nguyen | None
John Garcia | None
Fabiola Martinez | None
Gregory Kender | None
Cristina Espinoza | None
Andrew Nguyen | None
Alec Romero | None
Anthony Lopez | None
David Morris | None
Tony B. | None
Irene Dooley-Piper | None
Jennifer Morrison | None
Endye Hoffman | None
Katie Newton | None
Thea Mundy | None
Ashina Sipiora | None
Alex Wegner | None
Duane Hershberger | None
Nam Dang | None
Robert Benson | None
Tu Nguyen | None
Saleen Zayed | None
Jamie Andrews | None
Ken Nguyen | None
Chad Parker | None
Jazmin Easler | None
Brad Chambers | None
Jennifer Adams | None
Michael Ackland | None
Jennifer Dirst | None
Ryan Macklin | None
Patti (Kelly) Powell | None
Harry Rix | None
Conrad Jiao | None
Lisa Fantauzzo | None
Amy DeBausch | None
Josh Sturm | None
Scott Belodeau | None
Ashley Hollis | None
Vincent Catucci | None
Joelle Bonnett | None
Dale Van Wagner | None
Adam Daley | None
John Cramer | None
Michael Mack | None
Duane Edwards | None
Brandon Ewing | None
Jessie Montgomery | None
Linda Bartlett | None
Justin Braddon | None
D'Angelo Latney | None
Josh Eliasen | None
Ron Kutz | None
Steven Geraci | None
Colin Hanses | None
Ellen Miller | None
Jamil Abdeslem | None
DIEUDONNE KUKU | None
Evan Lugo | None
Brianna Schultz | None
Armaya Tekuh | None
Billy Slowikowski | None
Kristin Freyer | None
Chris Hess | None
Sarah Lettsome | None
Dorcas George | None
Jay Crockett | None
Derek Kenney | None
Diana Dahmm | None
Jerlean Williams | None
Chad White | None
Olivia G | None
Jacqueline Kehoe | None
Jennifer Mola | None
Thomas Wolfe | None
Blake Harmon | None
Katie Piercy | None
Katie Aussieker | None
Mark Hartelius | None
Jennifer Palmer | None
Denise Brown | None
Kelly Brown | None
Jenni Johnson | None
Veronica Gerst | None
Samuel Nelson | None
Christian Mendenhall | None
Christina Lea Smith | None
Patrick Sherman | None
Zanetta Wanner | None
Shannon Willis | None
Ryan Power | None
Paula Heimert-Lavigne | None
Janna Fitzgibbon | None
Ryan Divito | None
Madeleine Smith | None
Will Rush | None
Ria Matta | None
George Fairley | None
Gigi Yam | None
Andrea Lang | None
Beatrice "Bea" Prunotto | None
Katie Shone | None
Lisa Salyer | None
Wendy Saathoff | None
Ashley Mastela | None
Jose Gonsalves | None
Justin Rendon | None
Ramiro Cadena | None
Daniel Oliver | None
Tim Haley | None
Dana Wyne | None
Chad LaGrone | None
Robyn Mylek | None
Andrew Bauman | None
William Avila | None
Taylor Davis | None
Nicole Evans | None
Tracy Raborn | None
Nikki Laurent | None
George Wallace | None
Mikaila Stephan | None
Kim Cappellucci | None
Marie Carter | None
John Wooden | None
Sarah Foringer | None
Mike English | None
Daciana Lazar | None
Cherryl Harris | None
Yvonne Castillo | None
Susannah Cagle | None
Pamela Chapman | None
Andrew Vloedman | None
Sue Stubbs | None
Pamela Oaten | None
Alexis Mooney | None
Chonda Mayer | None
Brandy Tatum | None
Katie Seal | None
Jomarie Mercado | None
Chase Nelson | None
Nelson W. | None
Brandee Hargens | None
Skylar Howard | None
Melissa May | None
Terri Browder | None
Wilton Daniel | None
Hunter Lemke | None
Sasha Bishop | None
Jenny Dixon | None
Johanna West | None
Kyle Wilson | None
Juan Powell | None
Stefanie Costa | None
Mackenzie Bracken | None
Tami Gonzalez | None
Clark Wasson | None
Mina Richter | None
Manuela Espino | None
Gina Poveromo | None
Lindsey Rector | None
Lisa Austin | None
Coty B. | None
Kay Noble | None
ChyAnn Conley | None
Paula Hughes | None
Lindsay Ridlehuber Smith | None
Josh Olson | None
Ben Bounous | None
Jeffrey Cloud | None
Kevin Seruchar | None
Elaine Wall | None
Erik Stewart | None
Teressa Parham | None
Cris Torres | None
Scott Brandt | None
Sam Gillispie | None
Donnie Dewey | None
Jon Bodin | None
Jeannette Glime | None
Don Zabriskie | None
Janine R. | None
Shawntay Daniels | None
Drew Newman | None
Sarah Nester | None
John Paul Jimenez | None
Sandra Barberena | None
Kelsey Bodziner | None
Ken Kubeck | None
Kay Caviness | None
Wesley Mercer | None
Stephanie Kretz | None
Shea Fitzgerald | None
Diana Jordan Fuller | None
Josh Komitzky | None
Cara Case | None
Michelle Torres | None
Chris Harris | None
Andrew Partridge | None
Kristen Pierce | None
Carrie Garten | None
Shelby Feliciano | None
KJ Glennon | None
Mollie Stetler | None
Bart Anthony Lavore | None
Samantha Cook | None
Monica Perata | None
Amanda Vazquez | None
Kevin Tung | None
Robert Lui | None
Stacy Trausch | None
Vance Webb | None
Sterling Edward Dortch | None
Sylvia Lee | None
Shamar Lewis | None
Bryan Smith | None
Luke McDonough | None
David Parks | None
Gray Beller | None
Chris Taglienti | None
Mahmure Lale Birincioglu | None
Tiffany Bergmann | None
Lauri Cashman | None
Branden Smith | None
Raizel R. | None
Bryan Johnson | None
Nicole LaCavera | None
Lauren Templeton | None
Patrick Healy | None
Robert Jastromb | None
Kenneth Jones | None
Joseph Arambula | None
David Gleason | None
Ilan Ladyzhensky | None
Sergio Valdez | None
Julie Perkins | None
Heather Kamimoto | None
Tricia Taylor | None
Andy Chapman | None
Dian Bills | None
Brett Romanoski | None
Sam Slaughter | None
Michael L Jones | None
Jessica Kirkland | None
Rachel Riess | None
Matthew Garcia | None
David Zischke | None
Eric Robertson | None
Scott Stoll | None
Kristine Baker | None
Justin Mello | None
Tyler Smith | None
Schyler Sootho | None
Jennifer Patria | None
Keith Hedman | None
Brad Crisanty | None
Julie Green | None
Lauren Hitt | None
Gloria Torres | None
Jake Ivicevic | None
Noah Dewey | None
Spenser Bradley | None
Annemarie Pizzo | None
Mark Geiger | None
Ashley Jackson | None
Jason Volm | None
Eric Disque | None
Amanda Harris | None
Christina Magnuson | None
Meg Knox | None
Laurina Cipriani | None
Todd Olson | None
Chloe Moore | None
Esani Parida | None
Frank Thorp | None
Blake Reed | None
Sean Murphy | None
Joselyn Arshad | None
Ashley L. | None
John Over | None
Roxanne Hauser | None
Michael Lauson | None
Kathryn Lane | None
Alexia Lois | None
Shannon Ross | None
Martell Banks | None
Ashley Marie Copeland | None
Michael Tunison | None
Erin Lewis Strickland | None
Tovah Gibson | None
Amy Shaw | None
Tish Carter | None
Tonya S. | None
Trina Goeden | None
Richard Gude | None
Ron Newman | None
Cara Walters | None
Jeffrey Snyder | None
Christin Hambacher | None
Adam Martin | None
Floyd Petty | None
Bryan Bell | None
David Krueger | None
Robert Peterson | None
Nick Sengsavang | None
Justin Platovsky | None
Jeannie Boykin | None
Gina Staib-Fraser | None
Nikki Harris | None
Elliott Martimbeau | None
Brittney Arce | None
Frank Williston | None
Peter Avery | None
Jen Martin | None
Anit Shaya-Garcia | None
Ron Smith | None
Crystal Gregory | None
Kim P. Worsham | None
Ilena Reid | None
Monique Cowell | None
Tracey Forim | None
Justin Freistein | None
Kevin Ivy Jones | None
Allison Block | None
Melanie Kern | None
David Tran | None
Travis Jones | None
Michael Witte | None
Courtney H. | None
Paul Gosnell | None
Dean Bigioni | None
Clarence Whitfield | None
Keith Prahl | None
Manuela Espino | None
Stefanie Costa | None
Kyle Wilson | None
Jeffrey Cloud | None
John Paul Jimenez | None
Jennifer Workman | None
Shawn Crutcher | None
Alexis Mooney | None
Michelle Thomas | None
NGUM JUDE NFOR | None
Matthew Garcia | None
Julie Perkins | None
Jenny Dixon | None
Ilan Ladyzhensky | None
Jessica Kirkland | None
Wesley Mercer | None
Andy Chapman | None
Ben Bounous | None
Lisa Austin | None
Jeannette Glime | None
Pamela Chapman | None
Brett Romanoski | None
Juan Powell | None
Ryan Kay | None
Tami Gonzalez | None
Kay Caviness | None
Sushma Sahu | None
Olivia Gildenzopf | None
Niharika Janagam | None
Liz (Muri) Pietsch | None
Linda DeVivo | None
John Wilson | None
Andrew Bartlett | None
Debra Cianciola | None
David Kraus | None
Jason Bucci | None
Robert Fogarty | None
Katy DeLeo | None
Cindy Harden | None
Melissa Paolini | None
Casey Reid-Foley | None
Colleen Sabino | None
Janine R. | None
Lindsey Rector | None
Scott Brandt | None
Clark Wasson | None
Shawntay Daniels | None
Nelson W. | None
Key Isenhower | None
Julia Bishea | None
Brian Jones | None
Jessica Ball | None
Erich Ryser | None
Sasha Bishop | None
Elaine Wall | None
Chonda Mayer | None
Zach Estes | None
Laura Ybarra | None
Nikki Laurent | None
John Wooden | None
Kim Cappellucci | None
Juli Reynolds | None
Jessie Whitaker | None
Mike English | None
Katie Seal | None
Brandee Hargens | None
Robyn Mylek | None
Chase Nelson | None
Brandy Tatum | None
Nicole Evans | None
Terri Browder | None
Yvonne Castillo | None
Taylor Davis | None
Melissa May | None
Bart Lago | None
Chad LaGrone | None
Susannah Cagle | None
William Avila | None
Daciana Lazar | None
Ramiro | None
Jason | None
Patrick | None
Briana | None
Sergio | None
Bruno | None
Carlos | None
Lane | None
Evelyn | None
Karla | None
Victoria | None
Kyle | None
taylor | None
António | None
Drew | None
Michael | None
Jesse | None
Victoria | None
Tracy | None
Luana | None
Paulo | None
Maria | None
María | None
Juan | None
Vlad | None
Ximena | None
Paz | None
Mark | None
Tony | None
Sean | None
Jose | None
Toni | None
Joq | None
Arvy | None
Chasity | None
Dan | None
Ar?Shawnna | None
Carly | None
Cassandra | None
Samantha | None
Michelle | None
Sean | None
Matthew | None
Melanie | None
Kavita | None
Thomas | None
Bryan | None
Pat | None
Mirza | None
Jessica | None
Soundia | None
Christina | None
Chianti | None
Amy | None
Ariel | None
Karl | None
Micah | None
Kendra | None
Paul | None
Taylor | None
Charminique | None
Zachery | None
Roshi | None
Brittni | None
Christy | None
Ashlee | None
Megan | None
Alexandra | None
Kaitlin | None
Nathan | None
Laura | None
Ashleigh | None
Dylan | None
Cher | None
Aura | None
Eddie | None
Kelly | None
Matthew | None
Scotty | None
Conswayla | None
Shabas | None
Aura | None
Jaime | None
Ambrey | None
Jennifer | None
Alexis | None
Jose | None
Holly | None
Harry | None
Cassandra | None
Chris | None
Kim | None
Emily | None
Melanie | None
Kristen | None
Brianna | None
Eric | None
Greg | None
Mackenzie | None
Philip | None
Davis | None
Safina | None
Janna | None
Jenny | None
sireesh | None
Becky | None
Sushma | None
Diego | None
Brian | None
Greg | None
Vanessa | None
Alexander | None
Scott | None
Pentrella | None
Provides | None
Matias | None
Jina | None
Karelia | None
Shane | None
Casey | None
Alex | None
Joshua | None
Jennifer | None
Denis | None
Luke | None
Gianna | None
Ryan | None
Ashley | None
Leila | None
Jessie | None
Robert | None
Clint | None
Brian | None
Robert | None
Sangeetha | None
Robert | None
Brad | None
Shawn | None
Joelle | None
Charee | None
Jarrod | None
Julie | None
John | None
Brent | None
Mark | None
Mike | None
Amy | None
Angelica | None
Ben | None
Ria | None
John | None
Rishabh | None
Clint | None
Kevin | None
Kyle | None
Michele | None
Mia | None
Cameron | None
hannah | None
Chris | None
Josh | None
Kevin | None
Lindsay | None
Andrew | None
brent | None
Andrew | None
Kim | None
Jennifer | None
Jennifer | None
Trisha | None
Wesley | None
Matthew | None
Tom | None
Mandie | None
Jamie | None
Justin | None
Richard | None
Erik | None
Madison | None
Vanessa | None
Samantha | None
Alexandria | None
Michael | None
Jeff | None
Allison | None
Cassidy | None
John | None
Melanie | None
Naomi | None
Peter | None
Teryn | None
Shiva | None
Andy | None
Prince | None
Jeanie | None
Taylor | None
Herbin | None
Sasha | None
Olivia | None
Connor | None
Ali | None
Mackenzie | None
Estephanie | None
Bradley | None
Cal | None
Sam | None
Michael | None
Sarah | None
Amy | None
Benjamin | None
Adam | None
Michael | None
Sean | None
Joseph | None
Tanya | None
Josh | None
Josh | None
Steven | None
Indira | None
Erin | None
Andrew | None
Kelly | None
Aaron | None
Makaila | None
William | None
Steven | None
Melissa | None
Samantha | None
Tracy | None
David | None
Jomarie | None
Pradeep | None
Laurina | None
Lisa | None
Nick | None
Brian | None
Sarah | None
Olivia | None
Carlos | None
Connor | None
Tracy | None
Roberto | None
Key | None
Virginia | None
Sean | None
Daniel | None
Ron | None
Nick | None
Daniela | None
Seth | None
Pamela | None
Michael | None
Katie | None
Amber | None
Yannick | None
Lisa | None
Brianna | None
Carol | None
Anthony | None
Jeff | None
Brad | None
Shipra | None
Stefanie | None
Kay | None
Courtney | None
William | None
annemarie | None
Joan | None
Wendy | None
Rick | None
taylor | None
Nicole | None
Ashley | None
Pamela | None
Susannah | None
Bryan | None
Yvonne | None
Cara | None
Jeannette | None
Chris | None
Terri | None
Danielle | None
Aaron | None
Katie | None
Aysha | None
Brandy | None
Clark | None
John | None
Melissa | None
Sasha | None
Lori | None
John | None
Ram | None
Brian | None
Javon | None
Shea | None
Carrie | None
Shelby | None
Erica | None
Shawn | None
Katie | None
Branden | None
Thierry | None
Kim | None
Chad | None
Kristin | None
Sylvia | None
Luke | None
Gray | None
Ben | None
Jordyn | None
Kim | None
Mark | None
Cyrene | None
Chase | None
Thomas | None
Michael | None
Kathy | None
Tami | None
Kelly | None
Melanie | None
Daciana | None
Jennifer | None
Juli | None
Allie | None
Zac | None
Jon | None
Tory | None
Nick | None
Andrew | None
Kelly | None
Jason | None
Ryan | None
Jennifer | None
Ben | None
Chris | None
Mitch | None
Sam | None
Ashlee | None
Colleen | None
Travis | None
Kathryn | None
Kelsey | None
Zack | None
Dusty | None
Juan | None
Scott | None
Manuela | None
Jared | None
Kay | None
David | None
Erin | None
Eric | None
Shawn | None
Sarah | None
Matthew | None
Nicolette | None
Jason | None
Nathaniel | None
Elliott | None
Jessica | None
Jaiden | None
Amber | None
Mike | None
Howard | None
Katie | None
Maria | None
Andrea | None
Melissa | None
Alec | None
Bhumika | None
Aaron | None
Daniela | None
Lauren | None
Ashina | None
Andrew | None
Robyn | None
Peter | None
Fletcher | None
Sundrow | None
Samira | None
Adam | None
Duane | None
Angela | None
Linda | None
Saleen | None
Amanda | None
Schyler | None
Andy | None
Zachariah | None
Paul | None
Anne | None
Fabiola | None
Lindsay | None
Tovah | None
Camille | None
Brendon | None
Joseph | None
Sravanthi | None
Blake | None
Daniel | None
Crystal | None
Nicholas | None
Todd | None
Dale | None
Rebecca | None
Veronica | None
Jon | None
Lindsey | None
Daniel | None
Lauren | None
Bret | None
Mollie | None
Lisa | None
Michael | None
jane | None
Scott | None
Taylor | None
Lisa | None
Justin | None
Renee | None
Tara | None
Melissa | None
Clarissa | None
Irene | None
Christopher | None
Brittney | None
Aya | None
Laura | None
Laura | None
Tyler | None
Chad | None
Brandy | None
Monica | None
Carolina | None
Alex | None
Dimitri | None
Mary | None
Steve | None
Ashley | None
Sterling | None
Angie | None
Jenni | None
Judy | None
ken | None
Brandon | None
Stephanie | None
Kevin | None
George | None
Maliha | None
Karin | None
Madeleine | None
Katy | None
Cindy | None
Amanda | None
Sarah | None
Khamiya | None
Elizabeth | None
Alex | None
Miles | None
Andrew | None
Michael | None
Keri | None
Kate | None
Adam | None
Rod | None
Anthony | None
Zachary | None
Amanda | None
Kimberly | None
Devin | None
Liz | None
Karley | None
Jameson | None
Kaite | None
Andrew | None
Jessica | None
Armayah | None
Saresa | None
Shamar | None
Danielle | None
John | None
Kelsey | None
Jonathan | None
Matthew | None
Ryan | None
Lesley | None
Tiara | None
Molly | None
Kyle | None
Sean | None
Jeff | None
Erich | None
Katie | None
Erin | None
Becky | None
Brian | None
Brian | None
Wesley | None
Arthur | None
Jennifer | None
Whitney | None
Alex | None
Nadine | None
Fran | None
Ana | None
Brenden | None
Julie | None
Jamie | None
Ellen | None
Valerie | None
John | None
Alex | None
Angie | None
Jiaqi | None
Shawn | None
Shamus | None
Markell | None
Serena | None
Scott | None
Pooja | None
Morgan | None
Michelle | None
Michelle | None
Meredith | None
Sravantii | None
Jesse | None
Scott | None
Jordyn | None
Lucas | None
Jack | None
Gabriel | None
Daniel | None
Carlos | None
Brooke | None
Brian | None
Andrea | None
Kelley | None
Brian | None
Joshua | None
Patrick | None
Anita | None
Michael | None
Alana | None
Laura | None
Aubrey | None
Andrea | None
Angel | None
David | None
Martha | None
Noah | None
Mark | None
Luke | None
Mark | None
Lauren | None
John | None
Jessica | None
Dillon | None
Alexandria | None
Alan | None
Jason | None
Michelle | None
Meaghan | None
Adam | None
Nate | None
Morgan | None
Damon | None
Esther | None
Bari | None
Cindy | None
Cody | None
Melissa | None
V.L | None
Chelsey | None
Michelle | None
Ricky | None
Lisa | None
Donna | None
Monique | None
Tabitha | None
Aire | None
Kyle | None
Kristin | None
Kim | None
Kevin | None
Julia | None
Julia | None
Jordan | None
Jennifer | None
Grant | None
Gordon | None
David | None
Cristina | None
Chris | None
Marko | None
Chandler | None
Casey | None
Caroline | None
Brad | None
Benjamin | None
Ashlee | None
Ariana | None
Amanda | None
Alyssa | None
Lisa | None
Janina | None
Trent | None
Labrea | None
Daniel | None
Daniel | None
Corey | None
Connor | None
Chuck | None
Christian | None
Chris | None
Bryant | None
Brigitte | None
Brandon | None
David | None
Austin | None
Aru | None
Annaliji | None
Anna | None
Amy | None
Trey | None
Johanna | None
Brianna | None
Alan | None
Jennifer | None
John | None
Ashley | None
Derek | None
Edwin | None
Esther | None
Lindsay | None
Libby | None
Kyle | None
Kevin | None
kennedy | None
Kelly | None
Keely | None
katie | None
Jonathan | None
John | None
johanna | None
Jesus | None
Jenny | None
Jason | None
Jamie | None
James | None
Jacob | None
Hannah | None
Hannah | None
Gurhan | None
George | None
Gayatri | None
Gaelen | None
Jasmine | None
Cody | None
Trevor | None
Claudia | None
Rachel | None
Richard | None
Shatima | None
Angela | None
Matt | None
Haley | None
Will | None
Mark | None
Alex | None
Jonny | None
Daniel | None
Katie | None
Adam | None
Disabled | None
Kathie | None
Collin | None
Robert | None
Paula | None
Ronaldo | None
Erica | None
Gloria | None
Samantha | None
Sean | None
Shantel | None
Erin | None
Tillie | None
Madison | None
Taylor | None
Elizabeth | None
Nye | None
Sean | None
Rebecca | None
Haley | None
Ben | None
Curtis | None
Terell | None
Martha | None
Luke | None
Ben | None
Crystal | None
Kate | None
Jeff | None
Aedri | None
Kady | None
Connor | None
Georgie | None
Amber | None
Mac | None
ANSLEY | None
Perfecto | None
Khadija | None
Jonathan | None
Barbara | None
Vincent | None
Maria | None
Batter | None
Kat | None
Phillip | None
Jordan | None
Makenzie | None
Deadra | None
Lauren | None
Julie | None
Brandon | None
Lisa | None
Shradhha | None
Erika | None
Angela | None
Samantha | None
Hanna | None
Chelsea | None
Trevor | None
Vijay | None
Tami | None
William | None
Manuel | None
Greg | None
Vannie | None
Robert | None
Tony | None
Amanda | None
Jorge | None
Lindsey | None
Kari | None
Jonathan | None
Marlene | None
Miata | None
Laura | None
Amy | None
Brandi | None
Katie | None
Mary | None
Mitra | None
Christopher | None
Dennis | None
Kristin | None
Cassidy | None
Chris | None
JeTaun | None
Christopher | None
Lisa | None
Kelly | None
Zach | None
Theresa | None
Katie | None
Tom | None
Kyle | None
Erik | None
Lauro | None
Kevin | None
Ashley | None
Cassie | None
Ashley | None
Jamie | None
Tobias | None
Joselyn | None
Benjamin | None
Avante | None
Ashley | None
Tim | None
Jeff | None
Emily | None
Saba | None
Magaly | None
Zach | None
Makenzie | None
Sarah | None
Kevin | None
Angela | None
Michael | None
Bryana | None
Giuseppe | None
Kyle | None
Karla | None
Crystal | None
Kaitlyn | None
Kristen | None
Nicole | None
Belda | None
Sean | None
Nancy | None
John | None
Katie | None
Travis | None
Kevin | None
Maria | None
Steven | None
Brett | None
Moran | None
Matthew | None
Sean | None
Jacklynn | None
Corbin | None
Marina | None
Dale | None
Taylor | None
Stevens | None
Steve | None
Ashley | None
Lauren | None
Jeanet | None
Zack | None
Caitlin | None
Brenda | None
Carson | None
Ray | None
Hannah | None
Robert | None
Scarlet | None
Tennie | None
Megan | None
Elena | None
Ariana | None
Stacy-Ann | None
Lorenzo | None
Darren | None
Lindsey | None
Erik | None
Orion | None
Jeanette | None
Milka | None
Mary | None
Althea | None
Claudie | None
Alicia | None
Shannon | None
Eric | None
Kim | None
Kristin | None
Jill | None
Michael | None
Albert | None
Lauren | None
Kyle | None
Elizabeth | None
Brian | None
Javier | None
Jacob | None
Autumn | None
Trey | None
Thomas | None
Glory | None
Lauren | None
Savannah | None
Jen | None
Jennifer | None
Jose | None
Tomp | None
Brianna | None
Evan | None
Rusepe | None
Ebony | None
Kimberly | None
Jodeci | None
Lauren | None
Brandon | None
Kristian | None
Steven | None
Casey | None
Mason | None
Matt | None
Matt | None
Megan | None
mia | None
Michelle | None
Mike | None
Nicholas | None
Nick | None
Nika | None
Patrick | None
patrick | None
Sam | None
Sean | None
Spencer | None
Isfarel | None
Mike | None
Jennifer | None
Debbie | None
Sonya | None
Taylor | None
Tyler | None
Tiffanie | None
Doug | None
Andrea | None
Julia | None
Robyn | None
Ashley | None
Aaron | None
Desiree | None
Grisel | None
Brooke | None
Kiriat | None
Marc | None
Scott | None
Tram | None
Kelsie | None
Annessa | None
Denisee | None
Einar | None
Mathieu | None
Courtney | None
Ray | None
Rob | None
Aristotle | None
Kim | None
Dakota | None
Andi | None
Courtney | None
Ben | None
Jayson | None
Lindsay | None
Terri | None
Chanta | None
Donna | None
Fnu | None
Danielle | None
Tami | None
Zenia | None
Aidan | None
Neidy | None
Nom | None
Lilian | None
Jessica | None
Caroline | None
Linda | None
Samantha | None
Secoiya | None
Jon | None
Melanie | None
Tanishia | None
Autumn | None
Gunther | None
Jessie | None
David | None
Brett | None
Michael | None
Marcy | None
Kritika | None
Kabir | None
Lissa | None
Terell | None
Jane | None
Michael | None
Emily | None
Sherri | None
Aurora | None
Daniele | None
Matt | None
Deeno | None
Keyri | None
Natasha | None
Emily | None
Janelly | None
Shenna | None
Destiny | None
Tia | None
Hollie | None
Elizabeth | None
Cicely | None
Zoya | None
Sharon | None
Cameron | None
Adam | None
Wes | None
Ryan | None
Brian | None
Loren | None
Kim | None
Mary | None
Anand | None
Morgan | None
Gina | None
Kristin | None
Nikki | None
Sean | None
Josh | None
Zack | None
Zach | None
Mike | None
Scott | None
Drew | None
Erin | None
Andrew | None
Marissa | None
Brian | None
Annie | None
Julia | None
Susan | None
Carla | None
David | None
Tiffany | None
Derrick | None
Avery | None
Lucia | None
Connie | None
Shelby | None
Leslie | None
Talathia | None
Matt | None
Kelsey | None
Mackenzie | None
Ashleigh | None
Jessica | None
Waseem | None
Carlton | None
Donnie | None
Tiffanie | None
Mina | None
Michael | None
Trey | None
Michael | None
Casey | None
Andy | None
Jordan | None
Lindia | None
Marian | None
Brian | None
Jesily | None
Jody | None
Bette | None
Kendal | None
Mari | None
Melissa | None
Rhonda | None
Phil | None
Kourtney | None
Brandi | None
Kindell | None
Gwen | None
Kordell | None
Jordyn | None
Jamie | None
Shauna | None
Sarah | None
Kathy | None
Drew | None
Ashlynn | None
Adrian | None
Emily | None
Samantha | None
Jeannie | None
Selena | None
Curt | None
Parker | None
Antoine | None
Ryan | None
Corey | None
Eric | None
Tara | None
Chris | None
Zack | None
Koby | None
Arthur | None
Tino | None
Arvind | None
Dione | None
Cameron | None
Tim | None
George | None
Christiana | None
Purnima | None
Tatiana | None
Ryan | None
Amy | None
Kaylee | None
Amanda | None
Maruca | None
Shawna | None
Elaine | None
Harley | None
Lisa | None
Terri | None
Madison | None
Nicholas | None
Chris | None
Kathleen | None
Chris | None
Jean | None
Cindy | None
Yenifer | None
Linda | None
Kat | None
Brady | None
Christy | None
Debrecia | None
Tanya | None
Tammy | None
Jordan | None
Tonya | None
Francisca | None
Jovan | None
Angelia | None
Joshua | None
Jordan | None
Dawn | None
Taylor | None
John | None
Erin | None
Shakira | None
Brian | None
Bert | None
Scott | None
Brittany | None
Erika | None
Melissa | None
Jennifer | None
Earnest | None
Nye | None
Ruby | None
Isabel | None
Amanda | None
James | None
Steven | None
Tremel | None
Vanessa | None
Ashlee | None
Jamila | None
Mary | None
LaCrystal | None
Erien | None
Coby | None
Ashley | None
Stuart | None
Veronica | None
Trey | None
Rafael | None
Diego | None
Patrice | None
Rosie | None
JUDY | None
Patricia | None
Marq | None
Shaquilla | None
Lori | None
Emily | None
Dale | None
William | None
Mark | None
Diana | None
Dana | None
Karina | None
Megan | None
Thea | None
Casey | None
Michelle | None
Bryan | None
Steve | None
Olivia | None
Amy | None
Stevie | None
Tifani | None
Stephen | None
David | None
Mike | None
Pallavi | None
Amy | None
Ashley | None
Jordin | None
Noah | None
Sophia | None
Spenser | None
Jake | None
Pamela | None
Rob | None
Paula | None
M | None
Austin | None
Blake | None
Sean | None
Cavan | None
Norma | None
Gigi | None
Justin | None
Andrew | None
Courtney | None
Ted | None
Floyd | None
Daniel | None
Jerry | None
Jamie | None
Julie | None
Rajiv | None
Michelle | None
Raizel | None
Adam | None
Irene | None
Jason | None
KJ | None
Kay | None
Courtney | None
Gordon | None
Crystal | None
Timaya | None
Huda | None
Whitney | None
Erin | None
Rosalind | None
Maria | None
Ayshlee | None
Josh | None
Michael | None
Ryan | None
Alfredo | None
Nicole | None
Ashley | None
Haley | None
Michael | None
Kaycee | None
Julie | None
Tori | None
Miranda | None
Mara | None
Yehia | None
Linda | None
Jenni | None
Sara | None
Cassandra | None
Don | None
Chris | None
Jam | None
Gerardo | None
Jamie | None
Shaun | None
Tessie | None
Hannah | None
Danielle | None
Alex | None
Daniela | None
Stephanie | None
Jackie | None
Georgia | None
Shakoiya | None
Liz | None
Kayla | None
Sarah | None
Bunny | None
Marty | None
Natasha | None
Alexis | None
Trudy | None
Nicole | None
Joanna | None
Kelli | None
Leanne | None
Aleshia | None
Seven | None
Monica | None
Denise | None
Duane | None
Diana | None
Je'Nein | None
Bill | None
Robert | None
Karyn | None
Kristin | None
Alison | None
Stephanie | None
Christiana | None
Nicole | None
James | None
Jack | None
David | None
Steven | None
Erin | None
Pam | None
Matthew | None
Rama | None
Ana | None
Kyla | None
Rhea | None
Tatanya | None
John | None
Tammie | None
Jenny | None
Tavares | None
Melissa | None
Scott | None
Mary | None
Vaishvik | None
Cheryl | None
Danielle | None
Josie | None
Brooke | None
Bob | None
Liz | None
Stephanie | None
Matthew | None
Damon | None
Bijoymon | None
Jim | None
Scott | None
Linda | None
Maitri | None
Derek | None
Therese | None
Preston | None
Matthew | None
Fariha | None
Armaya | None
Adam | None
Derek | None
Frank | None
Jess | None
Byron | None
Andrew | None
Baron | None
Sherri | None
Clara | None
Rena | None
Dian | None
Patrick | None
Josh | None
Ilan | None
Andy | None
Lindsay | None
Ngum | None
Sue | None
Jeff | None
Cherryl | None
Paula | None
Brandi | None
Abigail | None
Tonyaa | None
Madison | None
Ryan | None
Keith | None
Justin | None
Niharika | None
Frank | None
Colin | None
Krystal | None
Dan | None
Patti | None
Evan | None
Mark | None
Coty | None
Kathy | None
Nikki | None
Rich | None
Justin | None
Jenny | None
Jill | None
Candace | None
Steve | None
Nick | None
Gloria | None
Eric | None
Alison | None
Cara | None
Pooja | None
Traci | None
Julie | None
Catie | None
Dominique | None
Patrick | None
Wanda | None
Parween | None
Eric | None
Sharon | None
Leia | None
Peter | None
Neil | None
Lesly | None
Charlene | None
John | None
Katelin | None
morning | None
Brandon | None
Angela | None
Monica | None
Shiva | None
Mark | None
Vikram | None
Sam | None
Maria | None
Turner | None
Michelle | None
Tim | None
Christopher | None
Megan | None
Mike | None
Ayush | None
Marc | None
Araselie | None
Reece | None
Rachel | None
Angela | None
Quentin | None
Azeneth | None
Mike | None
Aiden | None
Maricela | None
Kali | None
Laxmi | None
Sareena | None
Syed | None
Lakhan | None
Zeenath | None
Brittany | None
Harish | None
Shayna | None
Satyasree | None
Emma | None
Sabitha | None
Srinivas | None
Soundarya | None
Tara | None
Tyler | None
Melissa | None
Ruchita | None
Harsha | None
Ninjka | None
Dustin | None
Yamini | None
Chelsea | None
Julissa | None
Mohammed | None
Chelsea | None
David | None
Kim | None
Arshiya | None
Michael | None
Andrea | None
Ari | None
Houda | None
Melissa | None
Irfan | None
Tyler | None
Maria | None
Nicholas | None
Victor | None
Iris | None
Ambar | None
Richard | None
Donte | None
Jeffrey | None
Adam | None
Olivia | None
Johanna | None
Ryan | None
Shawna | None
Victoria | None
Misha | None
Ashley | None
Tina | None
Brandon | None
Mohammed | None
Genesis | None
Daniela | None
Cindy | None
Yolianne | None
Jack | None
Jay | None
Pam | None
Brittani | None
Mancy | None
Maria | None
Vanessa | None
Ashley | None
Martha | None
Austin | None
Heather | None
Robin | None
Kaitlyn | None
Nick | None
Shaun | None
Tori | None
Darian | None
Daina | None
Minh | None
David | None
Matt | None
David | None
Valerie | None
Alyssa | None
Adam | None
LaShawn | None
Claudia | None
Carrie | None
Shaun | None
Buffy | None
Tristan | None
Andrew | None
Camilo | None
Ruth | None
Hailey | None
Rebecca | None
Adam | None
Enon | None
Zach | None
Julia | None
Samuel | None
Tracey | None
Josh | None
Casey | None
Drew | None
Elizabeth | None
Alexis | None
Erins | None
Alexius | None
Christin | None
Brett | None
Bob | None
Michael | None
Michelle | None
John | None
Ed | None
Jennifer | None
Brooke | None
Michelle | None
Antonia | None
Josh | None
Kevin | None
Lauri | None
JJ | None
Cindy | None
Kevin | None
Robert | None
Stacy | None
Katy | None
Brian | None
Chris | None
Chonda | None
Tiffany | None
Viri | None
Emily | None
Robert | None
David | None
Cristobal | None
Cristina | None
Bryan | None
Tim | None
Levi | None
Kyle | None
Lisa | None
Jeannie | None
Will | None
Brandee | None
Taz | None
Megan | None
Rhia | None
Jack | None
Olanrewaju | None
Paulina | None
Sravya | None
Pallavi | None
Joshva | None
Sethuraman | None
Kevin | None
Shirley | None
Nirmala | None
Gerald | None
Sowmya | None
Pabbathi | None
Mohammad | None
Shirley | None
Bonela | None
Deepali | None
Cory | None
Laxmi | None
Sanjay | None
Rahul | None
Valentina | None
Reena | None
Pooja | None
Ashley | None
Alyssa | None
Heena | None
Harish | None
Anusha | None
Nikita | None
Mohammed | None
Colleen | None
Gina | None
Aarthi | None
Edward | None
Chip | None
Randy | None
Lauren | None
Victoria | None
Camry | None
Jessica | None
Kathy | None
Nicholas | None
Mary | None
Nakiesha | None
Brian | None
Lauri | None
David | None
Byrum | None
Ivonne | None
Priya | None
Eder | None
Taylor | None
Jarrell | None
Kathleen | None
Azriel | None
Sarah | None
morning | None
Kristen | None
Kaycie | None
Lisa | None
Sarai | None
Jason | None
Aileen | None
Amanda | None
Kimberly | None
Charles | None
Susan | None
Sarah | None
Laura | None
Candace | None
Brandon | None
Vivian | None
Kelia | None
Gerardo | None
Christi | None
Joel | None
Katelyn | None
Shawnn | None
Alberto | None
Ashley | None
Ariel | None
Amanda | None
Billie | None
Daisy | None
Michael | None
Allie | None
James | None
Timothy | None
Scott | None
Keyanna | None
Lucero | None
Elsie | None
Samantha | None
Britny | None
Wilbert | None
David | None
Laurie | None
Courtney | None
Micah | None
Janel | None
Jayson | None
Tomika | None
Daniel | None
Betty | None
Micaela | None
Albert | None
Terry | None
Charles | None
Stephanie | None
Kevin | None
Kevin | None
Patrick | None
Brent | None
Jennifer | None
Shailesh | None
Jaime | None
Emily | None
Elizabeth | None
Brian | None
Tami | None
Leslie | None
Amy | None
Azia | None
Danny | None
Timothy | None
Veronica | None
Adam | None
Zachariah | None
Emilee | None
Kristen | None
Tykia | None
Aiden | None
Wendy | None
Jonathan | None
Stefen | None
Tristan | None
Ratana | None
Spencer | None
Nick | None
Daniel | None
Eddie | None
Chris | None
Dani | None
Samantha | None
Heidi | None
Meagan | None
Hunter | None
Jay | None
Sharon | None
Mark | None
Cameron | None
Patrick | None
Marleen | None
Helena | None
Kurt | None
Connor | None
Temuujin | None
Sheila | None
Hunter | None
Grace | None
Matthew | None
Gabriella | None
Liz | None
Melissa | None
Jennica | None
Chelsie | None
Julie | None
Bethany | None
Samantha | None
Rebecca | None
Jason | None
Thea | None
Angel | None
Dania | None
Neunoug | None
Erik | None
Tanya | None
Carenn | None
Angela | None
Tiana | None
Korey | None
Aquavia | None
James | None
Bill | None
Delmy | None
Shay | None
Holly | None
Brandon | None
Allison | None
Angela | None
Nick | None
Krysten | None
Kaylie | None
Oscar | None
Dena | None
Belda | None
Arthur | None
Sana | None
Steve | None
Syed | None
Simranpal | None
Dee | None
Sarah | None
Luke | None
Madison | None
Jenn | None
Alessandra | None
Lisa | None
Brandon | None
Krish | None
Alexandra | None
Joseph | None
Tammi | None
Nagarup | None
Carlo | None
Sara | None
Jessica | None
Megan | None
Wendy | None
Ryan | None
Ruth | None
Tracie | None
Kate | None
Abhishek | None
Carmen | None
Norm | None
Karen | None
Angela | None
Natasha | None
Lexi | None
Rania | None
Danny | None
Stu | None
Melissa | None
Jameelah | None
Wendi | None
Karen | None
Tom | None
Jamie | None
Ashu | None
Jacob | None
Bella | None
Alexa | None
Valerie | None
Jessica | None
Ashley | None
Joshua | None
Daniela | None
Shayna | None
Nicole | None
Brittany | None
Kari | None
Denise | None
Austin | None
Luke | None
Matthew | None
Charulatha | None
Enoch | None
Kaye-Ann | None
Elizabeth | None
Morgan | None
Lauren | None
Haley | None
Taylor | None
Ethan | None
Stephanie | None
Joshua | None
Cameron | None
Deborah | None
Karyna | None
Casey | None
Dominique | None
Sierra | None
Roraceo | None
Shirley | None
Crystal | None
Nicole | None
Shauna | None
Albert | None
Maggie | None
Ashley | None
Al | None
Amanda | None
Danielle | None
Jessica | None
Natalie | None
Nicole | None
Quwan | None
Samantha | None
Josh | None
Johnny | None
Beaula | None
Elijah | None
Papu | None
Anjani | None
Devendrasinh | None
Jeanne | None
Lee | None
Scott | None
Jose | None
Camila | None
Leonardo | None
Abhinav | None
Brihasi | None
Devon | None
Brian | None
Juan | None
Maria | None
Roslyn | None
Sindhu | None
Alecia | None
Ana | None
Juan | None
Karina | None
Ravi | None
Roberto | None
Santiago | None
Sindhuja | None
Vikram | None
Diana | None
Adrian | None
Lainie | None
Esha | None
Francisco | None
Maria | None
Dolores | None
Emily | None
Andrea | None
Tanner | None
Megan | None
Eloisa | None
Axcel | None
Caroline | None
Jerilee | None
Rechiel | None
Tiffany | None
Kathryn | None
Cha | None
Dana | None
Carlo | None
Orchid | None
Graze | None
Charlie | None
Jamaica | None
Hazel | None
Jicel | None
Laura | None
Edward | None
Nick | None
Ashley | None
Lorraine | None
Maria | None
Ivy | None
Jasmin | None
Kevin | None
Charizze | None
Brian | None
Kate | None
Raniel | None
Omar | None
Lorraine | None
Tom | None
Edward | None
Jan | None
Tricia | None
Jacob | None
Lizzy | None
Chris | None
Ratnesh | None
Iftekhar | None
Ratnesh | None
Joe | None
Donna | None
Marjie | None
Emily | None
Jason | None
Jeanne | None
Jim | None
Luis | None
chele | None
Francis | None
Ashlee | None
Michael | None
Andrea | None
Ari | None
Rory | None
Sara | None
Tony | None
Shaun | None
Matthew | None
Dennis | None
Kyra | None
Alzen | None
Noah | None
Vanessa | None
Epiphany | None
Cassandra | None
Thomas | None
Jon | None
Abbie | None
Alyssa | None
Steven | None
Zachary | None
Savannah | None
Rachel | None
Paris | None
Byron | None
Shannon | None
Tammy | None
Matthew | None
Cori | None
Matt | None
Keith | None
Dee | None
Gabriella | None
Jeanne | None
Roxanne | None
Lauren | None
Joelly | None
Lauren | None
Mete | None
Madison | None
Sandra | None
Leslie | None
Meg | None
Allison | None
Brent | None
Deirdre | None
Bridget | None
T'ara | None
Shavonne | None
Brent | None
Michael | None
Matthew | None
Nick | None
Brady | None
Káon | None
Jared | None
Will | None
Grace | None
Katie | None
Jeff | None
Jessica | None
Michael | None
Miguel | None
Rebecca | None
Natasha | None
Sherry | None
Anna | None
Graham | None
Robb | None
Alex | None
Casey | None
Sean | None
Dakari | None
Maria | None
Ross | None
Merrill | None
Alyse | None
Andrew | None
Chris | None
Bentley | None
Robin | None
Alex | None
Jessica | None
Natalie | None
Douglas | None
Brionna | None
Tina | None
Carrie | None
David | None
Kristina | None
Keryne | None
Lorri | None
Daphanie | None
Aspen | None
Stephanie | None
Lynsey | None
Jennifer | None
Julissa | None
Jared | None
Robert | None
Carla | None
Jamie | None
Julia | None
Stephanie | None
Erin | None
Sylvia | None
Marco | None
Jessica | None
Joshua | None
Michael | None
Ashley | None
Christine | None
Megan | None
Garrett | None
Brent | None
William | None
Rudolph | None
Richardson | None
Reena | None
Sharon | None
Rick | None
Becky | None
Beverly | None
ReNuke | None
Anna | None
Anita | None
Jason | None
Brian | None
David | None
Alexandra | None
Harry | None
Taylor | None
Hylana | None
Andrew | None
Paul | None
Ryan | None
Robert | None
Reid | None
Sarah | None
Shannon | None
Tom | None
Peyton | None
Michal | None
Paulina | None
Diana | None
Angelo | None
Azzama | None
Beth | None
Bryce | None
Caileigh | None
Zachery | None
Olivia | None
Noah | None
Nathaniel | None
Laurence | None
Charles | None
Anna | None
Devin | None
Sara | None
Eric | None
Aubrey | None
Cassidy | None
Darryl | None
David | None
Duncan | None
Carolyn | None
Elina | None
Faran | None
HaSun | None
Jake | None
Jared | None
Jeffrey | None
Jonathan | None
Madison | None
Marissa | None
Matthew | None
Matthew | None
Melissa | None
Emilio | None
Chuong | None
Chahrazade | None
Christopher | None
Michael | None
Mike | None
Nicole | None
Noa | None
Paulina | None
Rachel | None
Raylene | None
Richard | None
Richard | None
Ryan | None
Sanhaya | None
Matthew | None
Shannon | None
Sydney | None
Brett | None
T.J. | None
Taylor | None
Taylor | None
Taylor | None
Tommy | None
Victoria | None
Vincent | None
William | None
Zachary | None
Shea | None
Christina | None
Matt | None
Madeline | None
Chuong | None
Courtney | None
Cy | None
David | None
David | None
David | None
Dominique | None
Elisa | None
Emily | None
Erica | None
Erin | None
Mariah | None
Gabriella | None
Jake | None
James | None
Jamie | None
Kara | None
Karina | None
Kimberly | None
Kylie | None
Lacey | None
Laura | None
Lauren | None
Lilah | None
Hayley | None
Nick | None
Lauren | None
Whitney | None
Maddison | None
Felicia | None
Daala | None
Vivianne | None
Jojo | None
Karla | None
Matthew | None
Katie | None
Darryl | None
Peiran | None
Lucas | None
Bilal | None
Siobhan | None
Ramona | None
Pranis | None
Amy | None
Dominic | None
Lucas | None
Inguna | None
Liane | None
James | None
Arian | None
Alexandros | None
Hector | None
Maddie | None
Tom | None
Killian | None
Arian | None
Tom | None
Shea | None
Mary | None
Grant | None
Alexandra | None
Meghan | None
Baylee | None
Dylan | None
Darren | None
Anna | None
Amir | None
Christopher | None
Junsuke | None
Michelle | None
Joy | None
Audrey | None
Craig | None
David | None
Majdouline | None
Mickaël | None
Chhavi | None
Ben | None
Sabrina | None
Matthew | None
Beth | None
Gideon | None
Megan | None
Caroline | None
Ava | None
Stephen | None
Omair | None
Christopher | None
Alanah | None
Emma | None
Mathew | None
Joseph | None
Dylan | None
Victoria | None
Ariel | None
Stephanie | None
Alice | None
Fionnuala | None
Unger | None
Ahmed | None
LeeAnn | None
Ronald | None
Taylor | None
Amir | None
Bryn | None
Mark | None
Zulfina | None
Engel | None
Jane | None
Darren | None
Courtney | None
Andrew | None
Amy | None
Amanda | None
Jordan | None
Mira | None
Gavin | None
Vivian | None
Timothy | None
Frank | None
Emily | None
Emily | None
Luke | None
Harry | None
Allison | None
Lori | None
Lori | None
Dawn | None
Neeraj | None
Sergio | None
Gabriel | None
Annette | None
Michelle | None
Diana | None
marcela | None
Marcela | None
Patti | None
Kathy | None
Katherine | None
Tim | None
Monica | None
Kathy | None
Tim | None
Johnny | None
Amy | None
Dylan | None
Jessica | None
Kendra | None
Linze | None
Megan | None
Megan | None
Nicolas | None
Paige | None
Shannel | None
Jessica | None
LinkedIn | None
Anna | None
Henry | None
Kate | None
Steven | None
Dean | None
Ben | None
Alex | None
Jacob | None
Tom | None
Jasmin | None
Rebecca | None
Jonathan | None
Jeff | None
Jay | None
Robin | None
James | None
Jacob | None
Ike | None
Ellie | None
Edward | None
Donovan | None
Connor | None
Charles | None
Jasmin | None
Dale | None
Matthew | None
Jackson | None
Stefano | None
Tom | None
Will | None
Joseph | None
8 | None
Nicolas | None
Jack | None
Shannon | None
5 | None
4 | None
Tafari | None
Dana | None
Daniel | None
Julia | None
Noel | None
Ryan | None
Steven | None
Michael | None
Jonathan | None
Nina | None
Dina | None
Steve | None
Hi | None
Muneer | None
Colin | None
Matt | None
Annie | None
Laura | None
Roger | None
Amie | None
Dominique | None
ayush | None
dylan | None
imran | None
jonathan | None
liz | None
omar | None
sumit | None
vasil | None
Alexis | None
Rebeca | None
Brittney | None
Gideon | None
Micheal | None
Thomasina | None
Yadenee | None
Kim | None
Argha | None
Briz | None
Anusha | None
Anthony | None
Ishgun | None
Arsen | None
Liz | None
Jonathan | None
Jessica | None
Madeline | None
Maia | None
Sharik | None
Mark | None
Santa | None
Tom | None
Will | None
Christian | None
Paula | None
Will | None
Jessica | None
Ishgun | None
Argha | None
Margot | None
Anusha | None
Robert | None
Jade | None
Maia | None
MUTAIRU | None
Arsen | None
Vasil | None
Ahtasham | None
Arbaaz | None
Grecia | None
Elizabeth | None
Michaela | None
Brendan | None
Darren | None
Kartheek | None
Lawrence | None
David | None
Ben | None
James | None
John Rey Jamili | None
Emily | None
Tyler | None
Neil | None
Katie | None
Saadi | None
John | None
Jennifer | None
Jerry | None
Alastair | None
Anthony | None
Puneet | None
Penny | None
Sharon | None
Riccardo | None
Russ | None
Kelly | None
John | None
Nadia | None
G. | None
Tim | None
Justin | None
Thomas | None
Matt | None
Nicholas | None
Nathan | None
4 | None
Zack Hernández | None
Veronica Dominguez | None
James Misa | None
Brent Cisneros | None
Amanda Gorlick | None
Brad Gordon | None
Lisa Anderson | None
Ricardo Rodriguez | None
Ashton Ayres | None
Laura Donofrio | None
Kenneth Dare | None
Adam Dones | None
3 | None
Ayelet | None
Michael | None
Bodhi | None
Rae | None
Sara | None
Toni | None
Peter | None
Mike | None
Lisa | None
Linda | None
Veronica | None
Clarence | None
Brent | None
Brad | None
Peter | None
Tina | None
Raj | None
Lara | None
Thomas | None
Alex | None
Alicia | None
Beverly | None
Lupe | None
Michelle | None
Patrick | None
Raluca | None
Robin | None
Ryan | None
Zachary | None
Kerrian | None
Ashley | None
Joel | None
Barry | None
Sara | None
Zack | None
Jason | None
James | None
Ashton | None
Beverly | None
Brianna | None
Tim | None
Seema | None
Raj | None
Peter | None
Michelle | None
Laura | None
Jess | None
Gina | None
Hugo | None
Mike | None
Raj | None
Thomas | None
Tim | None
Tina | None
Corey | None
Beverly | None
Thomas | None
Will | None
Rod | None
Penni | None
Gerardo | None
Michael | None
Anna | None
Sara | None
Mason | None
Alice | None
Asher | None
Blaise | None
Justus | None
Ethan | None
Joel | None
Brian | None
Danny | None
Jacob | None
Johanna | None
Luke | None
Emily | None
Joseph | None
Clementine | None
Lola | None
Alice | None
Blaise | None
Mason | None
Justus | None
Kayla | None
Andrew | None
Johanna | None
David | None
Madelyn | None
Jacob | None
Aaron | None
Hanna | None
Jonathan | None
Madelyn | None
David | None
Kayla | None
Andrew | None
Aaron | None
Steve | None
Kris | None
Samuel | None
Jade | None
Jayden | None
Jeannie | None
Manny | None
Katie | None
Amanda | None
Bob | None
Gary | None
Jeff | None
Titus | None
Lori | None
Matthew | None
Jennifer | None
Eric | None
Steve | None
Susan | None
Dan | None
Eric | None
Joseph | None
Paul | None
coral | None
Karen | None
Monica | None
Sharon | None
Ward | None
Miranda | None
Jeff | None
Kenny | None
Shawn | None
Jeff | None
Chris | None
Karthik | None
Naveen | None
Amjad | None
Anthony | None
Ron | None
Patrick | None
Sebastian | None
Brandon | None
Drushya | None
Mary | None
Patty | None
Ryan | None
Roland | None
Pieter | None
Michael | None
Michael | None
Stephen | None
Becky | None
Michelle | None
Ryan | None
Sean | None
Hannah | None
Samantha | None
Rob | None
Laura | None
Jon | None
Vanessa | None
Keith | None
taylor | None
leslie | None
krista | None
kaitlin | None
Kaitlin | None
Vanessa | None
Eva | None
Cody | None
Michael | None
Eva | None
Vanessa | None
Matt | None
Cody | None
Matthew | None
Gaurav | None
Marleen | None
Tam | None
Meagan | None
Marlene | None
Christian | None
Kelly | None
Colleen | None
Shanna | None
Heather | None
Vince | None
Kalyn | None
Matt | None
Brendan | None
Cathy | None
Karla | None
Julia | None
Colleen | None
Karl | None
Amanda | None
Michael | None
Philip | None
Silvia | None
Steven | None
Cathy | None
Karl | None
Haylee | None
Kalyn | None
Meagan | None
Bradley | None
Syed | None
Jeremy | None
Christine | None
Lorrie | None
Jeffrey | None
Walt | None
Carlos | None
Ronald | None
Monica | None
rebecca | None
emma | None
annie | None
Barbara | None
James | None
Ashley | None
Phil | None
Sam | None
Robert | None
Carl | None
Rajani | None
Robert | None
Jodi | None
Lorrie | None
Jodi | None
Ashley | None
Lorrie | None
Fredericka | None
Julie | None
Kyle | None
Brian | None
Duncan | None
sourcing | None
Ryan | None
Richard | None
Jarae | None
Alex | None
John | None
Denise | None
Abigail | None
Jack | None
Robert | None
Nate | None
Nancy | None
Sam | None
Sara | None
Luna | None
Sophia | None
Mark | None
Syed | None
Tim | None
Sarah | None
Kevin | None
Jorge | None
John | None
Erik | None
Corrin | None
Cathy | None
Brian | None
Bree | None
April | None
Alexis | None
Nate | None
Mollie | None
Vicky | None
Kerrie | None
Robert | None
James | None
Neil | None
Jamie | None
Katie | None
Josh | None
Kerrie | None
Laura | None
Kerrie | None
Matthew | None
Eric | None
Ian | None
Steve | None
Mike | None
Crystal | None
Zana | None
Michelle | None
Ken | None
Arielle | None
Nick | None
Kelly | None
Jeffrey | None
K. | None
LaShaundra | None
Luis | None
Manu | None
Michele | None
Michelle | None
Monica | None
Randy | None
Renee | None
Renee | None
Rinkle | None
Shannon | None
Sherri | None
Sonia | None
Stephanie | None
Sue | None
Suesh | None
VC'Ara | None
Vina | None
Zoe | None
Julissa | None
Joseph | None
Les | None
Jenee | None
Nancy | None
Chelsea | None
Adrit | None
Amit | None
Danielle | None
Marisol | None
Jithesh | None
Samir | None
Wanda | None
Adam | None
Alicia | None
Prem | None
Anthony | None
Amanda | None
Janine | None
James | None
J | None
Heather | None
Karthik | None
Cathy | None
Brandi | None
Ashley | None
Antionette | None
Chase | None
Abby | None
Marissa | None
Kimberly | None
Emily | None
Tiani | None
Lindsay | None
Liana | None
Alissa | None
Luke | None
Grace | None
Maddie | None
Alexis | None
Gabrielle | None
Mariana | None
Mary | None
Brittany | None
Abby | None
Cat | None
Martyna | None
Steve | None
Amanda | None
Katie | None
Lucas | None
Alexandria | None
Audrey | None
Isaac | None
Kara | None
Mike | None
Amanda | None
Drew | None
Connor | None
Adam | None
Priscilla | None
Patti | None
Alex | None
Kayla | None
Jacqueline | None
Hossein | None
Isabelle | None
James | None
Heather | None
Joseph | None
Julie | None
Justin | None
Kaitlin | None
Leroy | None
Jillian | None
Tiffany | None
Rick | None
Matt | None
Dina | None
Canute | None
Obulesu | None
Stella | None
Viviana | None
N’deye | None
Traci | None
Linda | None
Michelle | None
Kiana | None
Shaun | None
Christopher | None
Lori | None
Nancy | None
Caroline | None
Robin | None
Melanie | None
Kejuana | None
Lori | None
Angie | None
David | None
Nicholas | None
Paige | None
Alexander | None
Elliot | None
Lilian | None
Ally | None
Paul | None
Aleisha | None
Anne | None
Yenny | None
Lauren | None
Jody | None
Isabel | None
Maydelin | None
Shanna | None
Christopher | None
Anthony | None
Nick | None
Kaylee | None
Ester | None
Andrea | None
Matt | None
Tonya | None
Katie | None
Ashleigh | None
Gloria | None
Aubrey | None
Ashley | None
Nicole | None
Kalisha | None
Jennifer | None
Leeat | None
Debra | None
Brian | None
Mauricio | None
Amanda | None
Beverly | None
Tammy | None
Karen | None
Briana | None
Tiffany | None
Jennifer | None
Lori | None
Ebone | None
Summer | None
Scott | None
Nicole | None
Charley | None
Kelly | None
Nicole | None
Ryan | None
April | None
Daniel | None
Jill | None
Michael | None
Grant | None
Troy | None
Christopher | None
Eric | None
Amit | None
Bill | None
Grant | None
eric | None
Jack | None
Brian | None
Kelly | None
Amit | None
Rob | None
Kristin | None
Kendra | None
Kellie | None
Jack | None
Glen | None
Chris | None
Trisha | None
Erik | None
Nicholas | None
Brandon | None
Kevin | None
Kevin | None
Sam | None
Essowedeou | None
Robin | None
Tony | None
Kevin | None
Thomas | None
Glenn | None
Jamie | None
Aniya | None
Steven | None
Christian | None
Joey | None
Bradley | None
Vin | None
Justin | None
John | None
Errol | None
Frank | None
Paul | None
Bradley | None
Christopher | None
Nelson | None
Bob | None
Omer | None
Luke | None
Arun | None
Charles | None
Benjamin | None
Charles | None
Brian | None
Geoffrey | None
Michael | None
Jamie | None
John | None
Sandy | None
Tony | None
Andy | None
Bobby | None
Sandra | None
Rico | None
M | None
Fredrick | None
Glenn | None
Bob | None
Ramon | None
Michael | None
John | None
Glenn | None
Thomas | None
Joey | None
Charles | None
Andrea | None
Jamie | None
Omer | None
Steven | None
Aniya | None
John | None
M | None
Fredrick | None
Luke | None
Rico | None
Geoffrey | None
Geoffrey | None
Nelson | None
Justin | None
Errol | None
Sandra | None
Ramon | None
Robin | None
Daniel | None
Benjamin | None
Paul | None
Vin | None
Brittany | None
John | None
Frank | None
Shamus | None
Tony | None
Christian | None
Benjamin | None
Ramon | None
Fredrick | None
Paul | None
Errol | None
Kevin | None
Thomas | None
Christopher | None
Justin | None
Frank | None
Omer | None
Michael | None
Arun | None
Aniya | None
Sandra | None
Brian | None
John | None
Charles | None
Steven | None
Joey | None
Joey | None
Michael | None
Andrea | None
Samuel | None
Bobby | None
Nevin | None
M | None
Rico | None
Luke | None
Joey | None
Aaron | None
Stephanie | None
Scott | None
Samuel | None
Ross | None
Michael | None
Robert | None
Rebecca | None
Rachel | None
Peter | None
Peter | None
Patrick | None
Noah | None
Michelle | None
Valeria | None
Tara | None
Ben | None
Will | None
Alston | None
Con | None
Conn | None
Darcy | None
Emerald | None
Gareth | None
Ivan | None
James | None
Jamie | None
Johnathan | None
Jonathan | None
Kathryn | None
Bláthnaid | None
Ellen | None
John | None
Araia | None
Michelle | None
Caroline | None
James | None
Oscar | None
Kathryn | None
Lee | None
Oran | None
Michael | None
Sam | None
Ryan | None
Fergal | None
Kara | None
Meghan | None
Peter | None
Jade | None
Kyle | None
Blathnaid | None
Donal | None
Eden | None
Neha | None
Camryn | None
Kerry | None
Marco | None
Alessia | None
Ryan | None
Janaina | None
Jennifer | None
Jocelyn | None
Kayla | None
Michael | None
Patrick | None
Rachel | None
Tara | None
Samantha | None
Sergio | None
Sydney | None
Heather | None
Taylor | None
Tim | None
Tremel | None
Troy | None
RYAN | None
Felicia | None
Bethany | None
Cole | None
Henock | None
James | None
Jeff | None
Jordain | None
Jordie | None
Julie | None
Justin | None
Emily | None
Nancy | None
Lexz | None
Lyndsey | None
Mariah | None
Andrew | None
Ashley | None
Briana | None
Brooke | None
Cassidy | None
Briana | None
Nicole | None
Courtney | None
Craig | None
Giya | None
Steven | None
John | None
Jacob | None
Emma | None
John | None
Maha | None
Dali | None
Maha | None
Vince | None
Nance | None
Vanessa | None
Steve | None
Giya | None
Dillon | None
Emma | None
Kyle | None
Robyn | None
Steven | None
Maha | None
Craig | None
Dillon | None
Robyn | None
Richard | None
Kyle | None
Nance | None
Vanessa | None
Steve | None
Jacob | None
Dillon | None
Richard | None
Jacob | None
Vanessa | None
Emma | None
Nance | None
Kyle | None
Brooke | None
Ryan | None
Sergio | None
Daniela | None
Christopher | None
Maria | None
Maria | None
Jason | None
Ana | None
Lissette | None
Mario | None
Juliana | None
Nohelia | None
Daniela | None
Camilo | None
Ashley | None
Aaron | None
Alexandra | None
David | None
Paula | None
Juan | None
Angel | None
Chandana | None
Christopher | None
Katy | None
María | None
Chris | None
Andrea | None
Daniel | None
Les | None
Jan | None
Deborah | None
Dawn | None
Jan | None
Scott | None
Brian | None
Osmara | None
Blair | None
Bryan | None
Ekemini | None
Jerry | None
Nawal | None
Rosina | None
Payton | None
Skyler | None
Lawton | None
Rick | None
Addie | None
Amber | None
Andrew | None
Jack | None
Jordan | None
Brianna | None
Garrett | None
Avery | None
Tessa | None
Joe | None
Sreekanth | None
Ashlee | None
Clayton | None
Darrell | None
Lawton | None
Spencer | None
Mehernaz | None
Charles | None
Leila | None
Bob | None
Ella | None
Andrew | None
Brianna | None
Cory | None
Team | None
Shankar | None
Beenish | None
Ram | None
Ariel | None
Sharad | None
Neelendra | None
Theresa | None
Sampath | None
Nagender | None
Siva | None
Nagender | None
Siva | None
Oscar | None
Marcia | None
Emily | None
Anastasia | None
Sarah | None
Raj | None
Alyssa | None
Brian | None
Jack | None
June | None
Wendy | None
Steven | None
Tim | None
Edward | None
Denise | None
Raj | None
Stephen | None
Dawn | None
Beth | None
Holly | None
June | None
Christopher | None
raj | None
marcy | None
marcy | None
mandy | None
Johnathan | None
mandy | None
jim | None
Rishi | None
Steven | None
Denise | None
Julie | None
Judy | None
Alyssa | None
john | None
Allison | None
Kathryn | None
John | None
John | None
Brian | None
Blake | None
Allison | None
M | None
Kelli | None
Allison | None
Jim | None
Sarah | None
Gary | None
Emily | None
Holly | None
Anastasia | None
Stephanie | None
Marcy | None
June | None
June | None
Larry | None
HARRY | None
Doug | None
Brad | None
Linda | None
Daniel | None
Judy | None
Keith | None
Kevin | None
Gary | None
Tanya | None
Andrew | None
Jim | None
Julie | None
Mary | None
Tom | None
Mark | None
Mandy | None
Kevin | None
Daniel | None
Richelle | None
Preston | None
Dennis | None
Doug | None
Sandy | None
sandy | None
Diana | None
Diana | None
Sandy | None
Ruel | None
Rhonda | None
Noah | None
Ryan | None
Debbie | None
Arvin | None
Ara | None
Kayeson | None
Albert | None
Sarah | None
Joshua | None
Ken | None
Bryan | None
Thomas | None
William | None
Robert | None
Ralph | None
Jeffery | None
Eddie | None
Jack | None
Wendy | None
Tony | None
Tammie | None
Matthew | None
Jesse | None
Matthew | None
Darlene | None
Mike | None
Brittnie | None
Melissa | None
Ron | None
Tonya | None
Jeremy | None
Christy | None
Daniel | None
Eduardo | None
Tonya | None
Steve | None
Len | None
Shaun | None
Eduardo | None
Stephanie | None
Andrew | None
Candace | None
Mike | None
Dan | None
Kim | None
Genie | None
Suzanne | None
Karly | None
Erica | None
Paul | None
Meagan | None
Beverly | None
Dan | None
Thomas | None
Kyle | None
Shannon | None
Nick | None
Angela | None
Eesha | None
Deepa | None
Sofia | None
Megan | None
Kamale | None
Nathan | None
Kelle | None
Madison | None
Amanda | None
Carla | None
Jess | None
Monique | None
Christine | None
Tyarna | None
Christopher | None
Kyra | None
Mohammad | None
Paul | None
Glenna | None
Edward | None
Rajesh | None
Rasha | None
Sachin | None
Crystal | None
Shauna | None
Therese | None
Laurie | None
Desiree | None
Robert | None
Haley | None
Sanjay | None
Kelley | None
Michelle | None
Timothy | None
Brian | None
Roger | None
Tricia | None
Tonya | None
Lucas | None
Cheryl | None
Kevin | None
Subrahmanyam | None
Clark | None
William | None
Jennifer | None
Stefan | None
Olga | None
Essence | None
Joseph | None
Mike | None
Angela | None
Charles | None
Rose | None
Crystal | None
Thomas | None
Susan | None
Scott | None
David | None
Chris | None
Stephanie | None
Andrea | None
Diana | None
Michaela | None
Teresa | None
Ivi | None
Patti | None
Yesenia | None
Erika | None
Edgar | None
Toshika | None
Catherine | None
Mark | None
Brienna | None
Jordan | None
Isabella | None
Daniel | None
Karen | None
Rick | None
Sarah | None
Andrew | None
Raeneka | None
Keonta | None
Kevin | None
Karen | None
Jedadiah | None
Rebecca | None
Marie | None
J. | None
Justin | None
Jhojan | None
Tim | None
Melanie | None
Madeline | None
Mike | None
Mathieu | None
John | None
Niels | None
Lauren | None
Dustin | None
John | None
Victor | None
Chelsea | None
Chelsea | None
Joachim | None
Sosorbaram | None
Hannah | None
Bryan | None
Brandon | None
Raymond | None
Dale | None
Mickaele | None
Sean | None
Brendin | None
Bryan | None
Daguinson | None
Spencer | None
Christopher | None
Marcin | None
Sheryl | None
Sankar | None
HR | None
Julien | None
John | None
Hannah | None
Ramon | None
Samuel | None
Kathleen | None
David | None
Gerdine | None
Rabi | None
Cole | None
Rajkumar | None
Merlin | None
Seadi | None
Raksha | None
Larry | None
Sean | None
Julie | None
Daniel | None
Mia | None
Roba | None
Vinnie | None
Jyothi | None
Russell | None
Daniel | None
Francesco | None
Jenny | None
Elisee | None
Llewellyn | None
Karthik | None
Michael | None
Thomas | None
Ramon | None
Jonathan | None
kulo | None
Beth | None
Scipio | None
Samantha | None
Marc | None
Heath | None
Vivek | None
Emil | None
Jacob | None
Diego | None
Barbara | None
Lyn | None
Christopher | None
Raja | None
Malik | None
Alex | None
Chris | None
Noah | None
Finn | None
Micheal | None
Steven | None
Fakhrul | None
Vincent | None
Sanjeev | None
Zeshawn | None
Elizabeth | None
Krista | None
David | None
Mark | None
Awais | None
Kais | None
William | None
Minette | None
William | None
Kinesh | None
Edwin | None
Asokere | None
Micah | None
Kirill | None
Symonds | None
FELIX | None
Oliver | None
Sonia | None
Devin | None
Syed | None
Justice | None
Femi | None
Randy | None
Austin | None
Bill | None
Tristan | None
Michael | None
Bailey | None
Donald | None
Michael | None
Swetha | None
Anselmo | None
Andrew | None
Alla | None
Chris | None
Oscar | None
Ali | None
Rory | None
Henry | None
Caleb | None
Phil | None
Joshua | None
Malanden | None
Yue | None
Mohan | None
Phone | None
Tan | None
Nathan | None
Qadir | None
Zak | None
Mohamed | None
Angel | None
Olu | None
Michael | None
Stephen | None
Kira | None
Gabriel | None
Ravi | None
Sagar | None
Henok | None
Adam | None
Vidya | None
Abdul | None
Waiyat | None
Christopher | None
Muhammed | None
Nickolas | None
Nazer | None
Kenneth | None
Hend | None
Christopher | None
Berhanu | None
Joseph | None
Jahi | None
Robert | None
Ty | None
Jawad | None
Marco | None
HUSSEIN | None
Yingying | None
Page | None
Mason | None
Sarah | None
Roselin | None
Reveille | None
Reveille(Varunan) | None
mohan | None
Jose | None
Susan | None
Deb | None
David | None
Matthew | None
McCalle | None
Len | None
Charlie | None
Lisa | None
Eric | None
Vivek | None
Matt | None
Melissa | None
Donna | None
Christopher | None
Cindi | None
Karen | None
Maryrose | None
Jill | None
Tara | None
Laura | None
Andrea | None
Mary | None
Mark | None
Renee | None
Liz | None
Heidi | None
David | None
Shelby | None
Gisela | None
Deborah | None
Courtney | None
Cindy | None
Ellen | None
Jasbir | None
McCalle | None
Samantha | None
Valerie | None
Filomena | None
Regidor | None
Larry Hartman | None
James | None
Shawn | None
Latha | None
Tara | None
Janette | None
Laura | None
Rita | None
Mike | None
Alicia | None
John | None
Chris | None
Randy | None
Reba | None
Courtney | None
Elena | None
Abe | None
Dennis | None
Provides | None
Nitin | None
Karen | None
Herb | None
Christopher | None
Kathy | None
Chelsa | None
Kristin | None
Bethany | None
Steve | None
Jasbir | None
Noah | None
Tyler Bashaw | None
David | None
Pat | None
Shawn | None
Dolapo | None
Caitlin | None
Cordaun | None
Raushni | None
Whitney | None
Tee | None
Joy | None
Trey | None
Amyn | None
Jonathan | None
Krista | None
Matthew | None
Melissa | None
Jennifer | None
Hannah | None
Jonathan | None
Benjamin | None
Hsiao | None
Meghan | None
Anna | None
becky | None
Anthony | None
Skylar | None
Steve | None
Rich | None
Marc | None
Hailey | None
Stephen | None
Greg | None
Amelia | None
Jessica | None
Rakhee | None
Steve | None
Michael | None
Hsiao | None
Christy | None
Amyn | None
Lane | None
Hannah | None
Becky | None
Stephen | None
Sarah | None
Carolyn | None
Robert | None
Jeremy | None
Christy | None
Whitney | None
Audrey | None
Jen | None
Jennifer | None
Bruce | None
Joshua | None
Marina | None
Olya | None
Dan | None
Natalie | None
Sharyar | None
Ikechi | None
Sean | None
Hsiao | None
Steve | None
Dayne | None
Adnan | None
Alexander | None
Brendan | None
Tre | None
Robert | None
Joe | None
Ron | None
John | None
Hannah | None
Jill | None
Prabhakaran | None
Brad | None
Bobby | None
Robert | None
Robert | None
Mohammad | None
LinkedIn | None
Karl | None
Jessica | None
Hailey | None
Gina | None
Charles | None
Mary | None
Joseph | None
Samantha | None
Laura | None
Jill | None
Vicki | None
John | None
Margi | None
Shannon | None
Hannah | None
Gina | None
Marina | None
Sarah | None
Sheila | None
Lane | None
Jenny | None
Natalie | None
Joe | None
Amber | None
Bridgitte | None
Katy | None
Nicole | None
Ryan | None
Donna | None
Charles | None
Jeremy | None
Ikechi | None
Jon | None
Bruce | None
Olya | None
Karl | None
Jill | None
Ricardo | None
Jen | None
Brandon | None
Sharyar | None
Javid | None
Young | None
Joshua | None
Joe | None
Adnan | None
Jill | None
Stacy | None
Stephanie | None
Taylor | None
tom | None
Williams | None
Charkarshe | None
Brittany | None
Trey | None
Greg | None
Laura | None
Sheila | None
Benjamin | None
Nicole | None
Vicki | None
sharlene | None
Jon | None
Meghan | None
Margi | None
Young | None
Tee | None
Katy | None
Ricardo | None
Sharontae | None
Samantha | None
Anthony | None
Anna | None
Jenny | None
Joy | None
Donna | None
Amber | None
Javid | None
ryan | None
Skylar | None
Robert | None
Al | None
Sharontae | None
Allen | None
Joel | None
Todd | None
Rashaad | None
Carolyn | None
Alisson | None
Jill | None
robert | None
Stephen | None
April | None
Barbara | None
Christine | None
Christopher | None
Audrey | None
Palmer | None
Clark | None
Michaela | None
Michael | None
Matthew | None
Malinda | None
louis | None
Kyle | None
Keth | None
kelli | None
joseph | None
john | None
kevin | None
jason | None
Gina | None
Ruchir | None
Daniel | None
Eric | None
Pamela | None
John | None
Cheryl | None
Kyle | None
Madalyn | None
MGross | None
Eric | None
Madison | None
Louise | None
Leigh | None
Laura | None
Kim | None
Kayla | None
James | None
Isabella | None
Hayley | None
Ellie | None
Marissa | None
Desmund | None
Carlos | None
Caitlin | None
Brett | None
Abigail | None
Amanda | None
Mollie | None
Rezult | None
Denver | None
Cameron | None
Sarah | None
Dylan | None
Sophia | None
John | None
Tierra | None
Sophie | None
Abigail | None
Desmund | None
Madison | None
Hayley | None
Brittney | None
Sarah | None
Brett | None
Sophia | None
Isabella | None
Tierra | None
Kayla | None
Marissa | None
Ellie | None
James | None
Eric | None
Dylan | None
Laura | None
Annie | None
Leigh | None
Laura | None
Virginia | None
Sophie | None
Slone | None
Lilyanne | None
Grace | None
Morgan | None
Michael | None
Mauricio | None
Mary | None
Laura | None
Kristie | None
Kevin | None
Kelsey | None
Kate | None
Jordyn | None
John | None
John | None
Jeff | None
James | None
Hannah | None
Haley | None
Haley | None
Caitlin | None
Alex | None
Amanda | None
Amanda | None
Anna | None
Annie | None
Ryan | None
Bade | None
Carlisle | None
Chuck | None
Cole | None
Connor | None
Dan | None
Grace | None
Brittney | None
Sarah | None
Emerson | None
Rezult | None
Larisa | None
Rachel | None
Rezult | None
Malana | None
Rezult | None
Faith | None
John | None
Denver | None
Rachel | None
Rezult | None
Rezult | None
Shannon | None
Ally | None
Julia | None
Mason | None
Margaret | None
Noah | None
Tim | None
Braxton | None
Julia | None
Mary | None
Jason | None
Katherine | None
Annie | None
Kate | None
Peyton | None
Nick | None
Conor | None
Walker | None
Stephan | None
Skyler | None
Jennifer | None
John | None
Pat | None
Dalena | None
James | None
Nick | None
Kayla | None
Allison | None
Yvette | None
Sharon | None
Paul | None
Shanna | None
Brandy | None
Craig | None
Bryan | None
Mark | None
Hailey | None
Tyna | None
Zach | None
Michael | None
Tania | None
Kamron | None
Ashley | None
Ruth | None
Laurie | None
Kerry | None
Jim | None
Eric | None
Jordan | None
Pam | None
Jasmine | None
Roger | None
Amy | None
Susan | None
Cole | None
Denise | None
Jason | None
Alexis | None
Lisa | None
Carrie | None
Truett | None
Jonathan | None
Jennifer | None
Mel | None
Hussain | None
William | None
Steve | None
Kent | None
Hunter | None
Ashley | None
Joey | None
Daniel | None
Francisco | None
Wendy | None
Chris | None
Helen | None
Grant | None
Matt | None
Christian | None
Raj | None
Nicole | None
Brianna | None
Kimberly | None
Kristie | None
Stacie | None
Linda | None
Joshua | None
Nabeel | None
Kyle | None
Neshia | None
Joe | None
Cynthia | None
Paul | None
Anahi | None
Nicole | None
Katy | None
Kristi | None
Dylan | None
Joy | None
Grace | None
Gregg | None
Barry | None
Toddy | None
Susan | None
Vanessa | None
Kristina | None
Imani | None
Ron | None
Todd | None
Beth | None
James | None
Kendra | None
Linda | None
Theresa | None
Kitty | None
Madison | None
Erica | None
Megan | None
Ashleigh | None
Steve | None
Nia | None
Janmar | None
Karina | None
Tamar | None
Carin | None
Nicole | None
Chris | None
Jeanette | None
Tracy | None
Mona | None
Renada | None
Rachel | None
Jenna | None
Megan | None
Dion | None
Sean | None
Ethel | None
Centrelle | None
Deniz | None
Jody | None
Laura | None
Angela | None
Laura | None
Colleen | None
Michael | None
Gary | None
Carmen | None
Josh | None
Marilyn | None
Dale | None
Lisa | None
Mary | None
Henry | None
Paul | None
Jeane | None
Ellen | None
Renee | None
Elke | None
Nancy | None
Lisa | None
Delcey | None
Christina | None
Rick | None
Ann | None
David | None
Alan | None
Tekla | None
Tom | None
Hal | None
Yvonne | None
Patti | None
Val | None
Francisco | None
Curt | None
Candy | None
Veronica | None
Chris | None
Tess | None
Bobbie | None
Howard | None
Jennifer | None
Walter | None
Susan | None
Kathryn | None
Anthony | None
Darin | None
Lydia | None
Susyn | None
Bonnie | None
Leanna | None
Vito | None
Tom | None
Beverly | None
David | None
Wendy | None
Gabrielle | None
Purnima | None
Don | None
Melanie | None
Suzie | None
Margarita | None
Marcy | None
Shaunna | None
Karen | None
Colleen | None
Charmaine | None
Sanjay | None
Nicki | None
Holly | None
Maddie | None
Jennifer | None
Britt | None
Erika | None
Kimberly | None
Jeanette | None
Svetlana | None
Salvatore | None
Katherine | None
Angela | None
Marian | None
Ethan | None
Emily | None
Tammy | None
Sharon | None
Ashlee | None
Lynn | None
Donna | None
Christine | None
Janet | None
Sarah | None
Lorraine | None
Mary | None
Karen | None
Eleni | None
Michael | None
Dennis | None
Susan | None
Madonna | None
Andrea | None
Ebby | None
Elna | None
Heidi | None
Jennifer | None
Katelyn | None
Sandra | None
Jeff | None
Roberta | None
Becky | None
Thomas | None
Jennifer | None
Leah | None
Susan | None
Tom | None
Mary | None
Michelle | None
Anneliese | None
Matthew | None
Malka | None
Wendy | None
Carol | None
Kelly | None
Thelma | None
Justin | None
Laurel | None
Divya | None
Michael | None
Mike | None
Steve | None
Erin | None
Dianna | None
Reiko | None
Elizabeth | None
Christine | None
Jim | None
Kimberly | None
Sally | None
Scott | None
Lisa | None
Kate | None
Lexus | None
Deirdre | None
Jodi | None
Jessica | None
Jessica | None
Jenny | None
Colleen | None
Jennifer | None
Lyndsay | None
Matt | None
Haley | None
Lizzy | None
Emily | None
Mekaleya | None
Dillon | None
Sheila | None
Paul | None
Crystal | None
Jessica | None
Natalie | None
Vishal | None
Tara | None
Caonha | None
Jewleah | None
Terry | None
Shaik | None
Heather | None
Debra | None
Lauren | None
Shelley | None
Nancy | None
Kenny | None
Alex | None
Veronica | None
Stacey | None
Donna | None
Shaik | None
Jeremy | None
Debbie | None
Tara | None
Mohd | None
Claudine | None
Tameka | None
Steve | None
Fiona | None
Neil | None
Qumin | None
Jeniffer | None
Ashley | None
Jennifer | None
Allison | None
Paul | None
Jeff | None
Zandro | None
Brandonn | None
Susy | None
Angela | None
Ryan | None
Oleg | None
Matt | None
Frank | None
Maithreyi | None
Recruiters | None
Seng | None
Zirgham | None
John | None
Nicholas | None
Kayla | None
Jason | None
Bryan | None
Brandi | None
Natalie | None
Daniel | None
Kevin | None
Monica | None
Sirisha | None
Allison | None
Sonali | None
Dakotah | None
Scot | None
Kate | None
Joe | None
Jessica | None
Jeff | None
Heidi | None
Dina | None
Devin | None
Danny | None
Daniel | None
Victoria | None
Travis | None
Tim | None
Shelly | None
Scott | None
Scot | None
Kathy | None
Laura | None
Maggie | None
Mateo | None
David | None
Kendall | None
John | None
Daniel | None
Dakota | None
Cynthia | None
Ryan | None
Scott | None
Robb | None
Jeanette | None
Kim | None
Garrett | None
AJ | None
Ryan | None
Nicole | None
Nick | None
Spencer | None
Robb | None
Amanda | None
Nick | None
David | None
Danny | None
Daniel | None
Dakota | None
Cynthia | None
Cian | None
Christy | None
Chris | None
Denise | None
Brynn | None
Brett | None
Brennan | None
Blake | None
Bernard | None
Anthony | None
Alisa | None
AJ | None
Nicole | None
Brittane | None
Dina | None
Ryan | None
Ethan | None
Elizabeth | None
Nayeli | None
Michael | None
Mark | None
Marcos | None
Maggie | None
Magen | None
Laura | None
Kathy | None
Leland | None
Jolly | None
Joe | None
Jennifer | None
James | None
Jamar | None
Jacob | None
Holly | None
Heidi | None
Kate | None
Andrew | None
Audrey | None
Kasey | None
Gabriella | None
Daniel | None
Denny | None
Mike | None
Danyelle | None
Stephanie | None
Elbony | None
Pamela | None
Jeanette | None
Sophie | None
Andi | None
Spencer | None
Shawn | None
Ryan | None
Nicole | None
Natalie | None
Mike | None
Mary | None
Madison | None
Jordan | None
Jenn | None
Jared | None
Gabi | None
Erik | None
Corbin | None
Caleb | None
Ben | None
Ashtyn | None
Shane | None
Patrick | None
Joe | None
jimmy | None
Jarred | None
Hannah | None
Dan | None
Sam | None
Dillon | None
Casey | None
Jon | None
Willard | None
Thanh | None
Sam | None
Matt | None
Aslam | None
Thiago | None
Akhil | None
David | None
Lucy | None
Shannon | None
Jibin | None
Kate | None
Lorraine | None
Rohith | None
Shashank | None
Sindur | None
Jami | None
Angie | None
Arun | None
Arezo | None
Eric | None
Mir | None
Patrick | None
Sumitra | None
Rudraksh | None
Melanie | None
Christine | None
Tahlia | None
Nevin | None
Josh | None
Heather | None
Ankit | None
Saaquib | None
Glerin | None
Ian | None
Autumn | None
Mark | None
Morgan | None
Derek | None
Kelly | None
Nicole | None
Mira | None
Grace | None
Allison | None
Jeff | None
Cherilyn | None
Dylan | None
Tina | None
Swachand | None
Kendall | None
Adam | None
Sangeeta | None
Bridget | None
Michelle | None
Chris | None
Gabby | None
Lisa | None
Julia | None
Parshwa | None
Keerthi | None
Nathaniel | None
Amanda | None
Kenzie | None
Amber | None
Jennifer | None
Laura | None
Stephanie | None
Anna | None
Dylan | None
Micah | None
Ashley | None
ASHWIN | None
Alaya | None
Joseph | None
Rocela | None
Khushboo | None
Kirsten | None
Adam | None
Jason | None
Lucas | None
Jess | None
Pranjali | None
Adam | None
Danyelle | None
Lilly | None
Brian | None
Don | None
Cady | None
Jonathan | None
Taylor | None
Brandon | None
Emanuel | None
Mairead | None
Tyler | None
Angela | None
Drew | None
Danica | None
Sailee | None
Angelita | None
Austin | None
Ryan | None
Cate | None
Amanda | None
Kirsten | None
Ridge | None
Kai | None
Saaniya | None
Katie | None
Gwen | None
Matthew | None
Kimberly | None
Joy | None
Tim | None
Mikey | None
Daniel | None
Brooke | None
Sydney | None
Ahna | None
Lindsey | None
Puneeth | None
Lifan | None
Evan | None
Charlie | None
Jordan | None
Pedram | None
Thomas | None
Eric | None
Amanda | None
Michael | None
Katrine | None
Kristen | None
Chase | None
Tuhina | None
Sarah | None
Hema | None
Lauren | None
Samer | None
Debby | None
Isa | None
Michael | None
Nathan | None
Ali | None
Katherine | None
Ashley | None
Nathaniel | None
Daniel | None
Jessica | None
Scott | None
Mike | None
Cate | None
Carley | None
Nithil | None
Nadia | None
Julia | None
Samantha | None
Craig | None
Eric | None
Nicole | None
Taylor | None
Keegan | None
Tommy | None
Adrian | None
Yen | None
Melissa | None
Trevor | None
Heather | None
Austin | None
Kaitlyn | None
Kelly | None
Rachelle | None
Charmaine | None
Sravan | None
Kasim | None
Venkat | None
Rao | None
Ryan | None
Genevieve | None
Sophia | None
ben | None
Billy | None
Julia | None
Chris | None
eve | None
dan | None
daniel | None
ella | None
Mary | None
ryan | None
Jake | None
bertie | None
Ilyas | None
ryan | None
Matthew | None
Ben | None
Tom | None
Jeff | None
Hannah | None
Morgana | None
Sam | None
Luca | None
Louis | None
jasmine | None
Richard | None
Edward | None
Ryan | None
Adam | None
Joseph | None
Callum | None
Ellie | None
Sam | None
gabrielle | None
fred | None
mark | None
marcel | None
Cameron | None
kyle | None
zoe | None
william | None
phoebe | None
reece | None
Archie | None
tom | None
herman | None
tom | None
Tiernan | None
Matthew | None
Gabe | None
Kier | None
Stephen | None
Stuart | None
sophie | None
Matt | None
Nichole | None
Jennifer | None
Joseph | None
Chris | None
Tristin | None
Melissa | None
Maggie | None
Hannah | None
Ryan | None
Keith | None
Shanna | None
Sophia | None
Brooke | None
Sean | None
Jordanne | None
Leanne | None
Kyle | None
Brendan | None
Justin | None
Alan | None
Ryan | None
Samantha | None
Caitlyn | None
John | None
Maggie | None
Michele | None
Felecia | None
Tom | None
Nicolas | None
Gloria | None
Beth | None
Taylor | None
Jessie | None
Amanda | None
Chad | None
Cat | None
Amanda | None
Shannon | None
Shannon | None
Chad | None
Cathy | None
Angela | None
Alex | None
Sanober | None
Kent | None
Stephanie | None
Sherri | None
Carrie | None
Madeleine | None
Terri | None
Stephanie | None
Karthik | None
Sarah | None
Todd | None
Liz | None
Lars | None
Zach | None
Thorsten | None
Zackaree | None
Judith | None
Yehudi | None
Sukhadev | None
Abdul | None
Ahsan | None
Matt | None
Wayne | None
Nirav | None
Mary | None
Dean | None
Rajith | None
Nachiket | None
Devon | None
Artem | None
Maya | None
Jeroen | None
Cheryl | None
Alison | None
Asia | None
Melissa | None
Sakshi | None
Jackie | None
Katie | None
Ketan | None
Jim | None
Shilpa | None
Meyyappan | None
Sirisha | None
Elizabeth | None
Debbie | None
Nancy | None
Matthew | None
Carey | None
Lani | None
Sujitha | None
Grant | None
Dan | None
Annie | None
Dante | None
Michael | None
Gisel | None
Toni | None
Frank | None
Paul | None
Daya | None
Brett | None
Jane | None
Al | None
Audrey | None
Lowell | None
Alejandro | None
Derek | None
Peter | None
Sindhu | None
Sam | None
Pavel | None
Paul | None
Lisa | None
Patti | None
Cheyleen | None
Robert | None
Katheryn | None
Patrick | None
Ashley | None
Ryan | None
Samantha | None
Samantha | None
Ryan | None
Saharah | None
Perry | None
Rafi | None
Qhalil | None
Nathan | None
Ned | None
Neil | None
Nichole | None
Nick | None
Nicole | None
Olivia | None
Olivia | None
Paige | None
Preston | None
Robyn | None
Rob | None
Richard | None
Richard | None
Remy | None
Regina | None
Rebecca | None
Rashon | None
Rachel | None
Quidana | None
Roberta | None
Sarah | None
Shannon | None
Stephen | None
Nadia | None
Monique | None
Monique | None
Monica | None
Molly | None
Mishelle | None
Miranda | None
Mina | None
Tivona | None
Tina | None
Tim | None
Tim | None
Mike | None
Tiffany | None
Tiffany | None
Tiffany | None
Mike | None
Natalie | None
Michelle | None
Natalya | None
Tom | None
Stacie | None
Yodit | None
Will | None
Will | None
Wes | None
Edwige | None
Walia | None
Vincent | None
Patricia | None
Vincent | None
Victoria | None
Tyler | None
Tyler | None
Trevor | None
Tony | None
Tony | None
Tommy | None
Nate | None
Michael | None
Michael | None
Michael | None
Steve | None
Steve | None
Stephen | None
Stephen | None
Stephanie | None
Stephanie | None
Stacey | None
Stacey | None
Sivan | None
Simon | None
Sherri | None
Shay | None
Zach | None
Shannon | None
Scout | None
Sarah | None
Sandi | None
Jack | None
Tabia | None
Tadd | None
Tierra | None
Merritt | None
Melody | None
Melissa | None
Tess | None
Melissa | None
Melissa | None
Samantha | None
Meghan | None
Teddy | None
Taylor | None
Taylor | None
Taylor | None
Taylor | None
Taylor | None
Tannin | None
Tania | None
Teri | None
Patrick | None
Dale Beckett | None
Leah | None
Mia | None
Kendall | None
Alex | None
Gabriela | None
Brian | None
Troy | None
Shaun | None
Tad | None
Bo | None
Ashley | None
Michelle | None
Bradley | None
Jacki | None
Jessie | None
Derek | None
Reed | None
Jackie | None
Sharon | None
Spencer | None
Luke | None
Amber | None
Randy | None
Trey | None
Jass | None
Ruth | None
Jesse | None
Ephrem | None
Victoria | None
Malik | None
Bobby | None
Brandon | None
Krysti | None
Alison | None
Devin | None
Emily | None
Evelyn | None
Tejay | None
Matthew | None
Vancy | None
Lindsay | None
Alexandra | None
Erica | None
Nathan | None
Nicholas | None
Rachael | None
Lindsay | None
Charlie | None
Mitchell | None
Stephanie | None
Hammad | None
Jacob | None
Courtney | None
Carmen | None
Lisa | None
Chelsey | None
Annastacia | None
Kara | None
Lindsey | None
Cristian | None
Jessica | None
Tamara | None
Virginia | None
Lensa | None
Chenice | None
John | None
Kenya | None
Janet | None
Giannine | None
Elizabeth | None
Jill | None
Tanya | None
Codi | None
Raven | None
Gary | None
Zoe | None
Alexander | None
Bryan | None
Susan | None
Jason | None
Joe | None
Alexandra | None
Stephanie | None
Morgan | None
Angela | None
Renay | None
Sarah | None
Jacqueline | None
Brittany | None
Gillian | None
Jordan | None
Hayley | None
Aaron | None
Chris | None
Joe | None
Janet | None
Vahe | None
Tiffany | None
Jannet | None
Kristin | None
Chrissy | None
Joseph | None
Tracy | None
Parker | None
Easton | None
Stephanie | None
Brittany | None
Jennie | None
Brittany | None
Shelby | None
Blake | None
Brian | None
Greg | None
Claire | None
Ashley | None
Jamie | None
Tammy | None
Amber | None
Lauren | None
Quinn | None
Michelle | None
Pierce | None
Caleb | None
Paul | None
Virginia | None
Sarah | None
Mackenzie | None
Jillian | None
Victoria | None
Elizabeth | None
Angelina | None
Andy | None
Anastasiia | None
Carrie | None
Zecharias | None
Andrew | None
Julie | None
Joss | None
Heather | None
Marisela | None
Megan | None
Julia | None
Robert | None
Randi | None
Stephanie | None
Lisa | None
Francis | None
Sharon | None
Rosalyn | None
Adriana | None
Ashley | None
Stacy | None
Madonna | None
Maria | None
Ann | None
Lisa | None
Jessica | None
Misty | None
Michelle | None
Tucker | None
Randall | None
Blake | None
Andrew | None
Andrew | None
Meaghan | None
Madeline | None
Lori | None
Ron | None
Reneah | None
Rebecca | None
Megan | None
Connor | None
Shana | None
Alesha | None
Jaime | None
Anthony | None
Ryan | None
Malinda | None
Marnee | None
Joe | None
George | None
Kate | None
Rebecca | None
Adrian | None
Tyler | None
Samone | None
Dave | None
James | None
Isabel | None
Jimmy | None
DK | None
Philip | None
Corina | None
Layth | None
Christi | None
Michael | None
Greg | None
Kellie | None
Michael | None
Shawn | None
David | None
Halle | None
Mitchell | None
Amanda | None
Priscilla | None
Desirae | None
Alexander | None
Jen | None
Kelsey | None
Kasey | None
Robert | None
Emily | None
Chloe | None
Tony | None
Zach | None
Angela | None
D'Misha | None
Scott | None
Jason | None
Alicia | None
Jennifer | None
Susan | None
Kelli | None
Aaron | None
Elaine | None
Kathi | None
Khushbu | None
Cinthia | None
Debra | None
Kim | None
Jazmin | None
Dominic | None
Connie | None
Cherie | None
Andrea | None
Chenelle | None
Jamie | None
Pamela | None
Denise | None
Dan | None
Christopher | None
Austin | None
Florian | None
Trisha | None
Amanda | None
Ashley | None
Modina | None
Brook | None
Joseph | None
Margaux | None
Haley | None
Marcus | None
Laura | None
Alex | None
Gary | None
Gregg | None
Hunter | None
Joseph | None
Regina | None
Armani | None
Graciela | None
Kiara | None
Justin | None
Alexis | None
Dylon | None
Jalyssia | None
Trisha | None
Aaron | None
Abigail | None
Abigail | None
Abigail | None
Adam | None
shannon | None
shannon | None
shannon | None
shannon | None
shannon | None
shannon | None
shannon | None
shane | None
Douglas Meese | None
Grant Pusinelli | None
shana | None
Justin Hernandez | None
Andrew Goodpaster | None
Shana Rosenfeld | None
P. Jace O'Hara | None
Aga | None
Toby | None
Boyd | None
Michele | None
Jenny | None
Robert | None
Brandon | None
Daron | None
Heather | None
Ash | None
Joe | None
shantel | None
Adam | None
Aimee | None
Anthony | None
Aranza | None
Arielle | None
Ashley | None
Aubrey | None
Aubrey | None
Austin | None
Avery | None
Becky | None
Belinda | None
Bernadette | None
Beth | None
Betty | None
Bobby | None
Brad | None
Brad | None
Brandon | None
Brandon | None
Brandon | None
Brandon | None
Braylee | None
Breje | None
Anthony | None
Adrian | None
Annie | None
Angela | None
Aislynn | None
AJ | None
Alejandra | None
Alex | None
Alex | None
Alex | None
Alexandra | None
Alexandria | None
Alexis | None
Alicia | None
Alicia | None
Allie | None
Alyssa | None
Amanda | None
Amanda | None
Amanda | None
Amber | None
Amy | None
Amy | None
Andre | None
Andrea | None
Andrea | None
Andrew | None
Andrew | None
Angel | None
Angela | None
Brian | None
shantel | None
Hannah H. | None
suzanne | None
Suzan | None
susie | None
susie | None
sushma | None
susan | None
William Newton | None
Robert Evans | None
susan | None
susan | None
susan | None
sunmi | None
sun | None
summer | None
sumit | None
sumit | None
suman | None
stuart | None
steven | None
steven | None
steven | None
steven | None
steven | None
steven | None
steve | None
suzanne | None
steve | None
Suzanne | None
sydney | None
teairra | None
taylor | None
taylor | None
taylor | None
taylor | None
taylor | None
taylor | None
tawnia | None
tatiana | None
taryn | None
tara | None
taposhi | None
tanvir | None
Tanner | None
Tanita | None
tanika | None
tania | None
tana | None
tami | None
tamara | None
talha | None
tabitha | None
tabitha | None
sylvie | None
syediah | None
svetlana | None
shaporia | None
steve | None
steve | None
sisi | None
sishey | None
simran | None
silvi | None
shin | None
shiela | None
sherry | None
sherry | None
sherry | None
sherri | None
shelly | None
sheldon | None
shelby | None
sheila | None
shayla | None
shayla | None
shawn | None
shawn | None
shawn | None
shauna | None
shaun | None
shaun | None
shaun | None
sharon | None
sharon | None
sky | None
steve | None
skyler | None
sonya | None
stephen | None
stephen | None
Stephen | None
stephen | None
stephen | None
stephanie | None
stephanie | None
stephanie | None
stephanie | None
stephanie | None
stephanie | None
stephanie | None
stephanie | None
stephanie | None
stefanie | None
stacy | None
stacie | None
stacey | None
stacey | None
stacey | None
spencer | None
soriya | None
sophia | None
sophia | None
soowan | None
solida | None
Margaret | None
Brian | None
Britney | None
Jessica | None
Jessica | None
Jessica | None
Jessica | None
Jessica | None
Jessica | None
Jessie | None
Jillian | None
Joe | None
Joe | None
Joe | None
Joe | None
Joel | None
Joel | None
John | None
Johnny | None
Jonathan | None
Jordan | None
Jorge | None
Joseph | None
Joseph | None
Judy | None
Justin | None
Justin | None
Jesseca | None
Jesse | None
Jeremy | None
Heather | None
Holly | None
Humberto | None
Hunter | None
Ivan | None
Ivy | None
Jack | None
Jaclyn | None
Jake | None
Jake | None
Jalen | None
James | None
Janeen | None
Janelle | None
Janet | None
Jared | None
Jarin | None
Jasmine | None
Jason | None
Jason | None
Jaton | None
Jay | None
Jennifer | None
Jennifer | None
Jerry | None
Heather | None
Kara | None
Katherine | None
Laura | None
Laura | None
Lauren | None
Lauren | None
Leah | None
Leah | None
Leilani | None
Lexington | None
Lincoln | None
Lisa | None
Liz | None
Lonny | None
Luke | None
Lurene | None
Luv | None
Mackenzie | None
Madison | None
Madison | None
Mai | None
Malinda | None
Mallory | None
Malorie | None
Mara | None
Marc | None
Laquinta | None
Kasey | None
Lanita | None
Kyle | None
Katie | None
Katie | None
Katie | None
Katrina | None
Keenan | None
Kelly | None
Kelly | None
Kelly | None
Kendal | None
Kevin | None
Kevin | None
Kevin | None
Kevin | None
Keyonna | None
Kianna | None
Kieran | None
Kiersten | None
Kim | None
Kimberly | None
Kimberly | None
Kristen | None
Kristen | None
Krysta | None
Krystal | None
Kyra | None
Brigette | None
Heather | None
Hayley | None
Christina | None
Christine | None
Christine | None
Christopher | None
Christopher | None
Christopher | None
Christopher | None
Chuck | None
Claire | None
Colleen | None
Connie | None
Connor | None
Corey | None
Cory | None
Courtney | None
Dan | None
Dana | None
Daniel | None
Daniel | None
David | None
David | None
David | None
David | None
Christian | None
David | None
Christian | None
Chontell | None
Brittany | None
Brooke | None
Brooke | None
Brooke | None
Brooke | None
Brooke | None
Bryan | None
Caleb | None
Caleb | None
Candice | None
Caroline | None
Carolyn | None
Carrie | None
Casandra | None
Cassie | None
Catherine | None
Catherine | None
Cathy | None
Cathy | None
Chad | None
Channell | None
Charles | None
Charlotte | None
Chelsea | None
Chloe | None
Chris | None
Heather | None
David | None
Deb | None
Erika | None
Erin | None
Esther | None
Esti | None
Eva | None
Evi | None
Fay | None
Frankie | None
Gabrielle | None
Gil | None
Gino | None
Glenn | None
Greg | None
Greg | None
Gregory | None
Gus | None
Hailee | None
Hailey | None
Haley | None
Natasha | None
Hanna | None
Hannah | None
Hayden | None
Erica | None
Dawson | None
Erica | None
Eric | None
Debbie | None
Debbie | None
Debra | None
Delaine | None
Derek | None
Devin | None
Dominic | None
Doreen | None
Doug | None
Douglas | None
Dylan | None
Easton | None
Edgin | None
Elissa | None
Eliza | None
Elizabeth | None
Elle | None
Ellen | None
Emily | None
Emily | None
Emily | None
Emori | None
Eric | None
Eric | None
Erica | None
Janna | None
Travis | None
Alex | None
melodie | None
meme | None
Meraj | None
meredith | None
michael | None
michael | None
michael | None
michael | None
michael | None
michael | None
michael | None
melissa | None
michael | None
michael | None
michael | None
michael | None
michael | None
michael | None
michael | None
michael | None
michael | None
michael | None
michael | None
michaela | None
michaela | None
michael | None
melissa | None
melissa | None
melissa | None
mayla | None
mayra | None
mckenzie | None
mckenzie | None
mckinley | None
megan | None
megan | None
megan | None
megan | None
megan | None
megan | None
megan | None
megan | None
meghan | None
meghan | None
meghan | None
meghan | None
mei | None
mekenzie | None
mel | None
melanie | None
melanie | None
melanie | None
melanie | None
melissa | None
melissa | None
Michele | None
michele | None
michele | None
michelle | None
mitchell | None
miyonda | None
molly | None
molly | None
molly | None
monica | None
monica | None
montserrat | None
monty | None
morgan | None
morgan | None
muneet | None
murphey | None
murphy | None
n | None
nadirah | None
nahrin | None
Unnamed Recruiter | None
nancy | None
nancy | None
nannette | None
narghes | None
nastassja | None
natalie | None
natalie | None
natalie | None
natalie | None
mitchell | None
maxwell | None
mitchel | None
misha | None
michelle | None
michelle | None
michelle | None
michelle | None
michelle | None
michelle | None
michelle | None
michelle | None
michelle | None
michelle | None
michelle | None
michelle | None
michelle | None
michelle | None
Michelle | None
michelle | None
michelle | None
michelle | None
mika | None
mikael | None
mike | None
mike | None
mike | None
mike | None
mike | None
minnesota | None
misty | None
maxine | None
max | None
maurijean | None
William | None
Demitra | None
Kelly | None
Jacob | None
Shawn | None
Aisha | None
Brandon | None
Rosemarie | None
Hamilton | None
David------ | None
Shana | None
Gianna | None
Jennifer | None
Justin | None
marcus | None
margaret | None
margaux | None
margie | None
marguerita | None
maria | None
maria | None
maria | None
maria | None
marian | None
marie | None
marika | None
marilyn | None
Christopher | None
marilyn | None
Pam | None
Matthew | None
Mustafa | None
Amber | None
Brandon | None
Samantha | None
Alberto | None
Brionnae | None
Robert | None
Maria | None
Robin | None
Courtney | None
Earl | None
Leslie | None
Cebelle | None
Monica | None
Ashley | None
Daphney | None
Thamara | None
Amber | None
Jennifer | None
Kenneth | None
Alicia | None
Tommy | None
Donna | None
Teairra | None
Mandi | None
Anna | None
Joy | None
Josh | None
natasha | None
mari-lyn | None
marilyn | None
mason | None
mat | None
mathieu | None
matt | None
matt | None
matt | None
matt | None
matt | None
matt | None
matt | None
matt | None
matthew | None
matthew | None
matthew | None
matthew | None
matthew | None
matthew | None
matthew | None
matthew | None
matthew | None
matthew | None
matthew | None
matthew | None
matthew | None
matthew | None
matthew | None
mary | None
marilyn | None
mary | None
mary | None
marion | None
marisa | None
marisa | None
marisel | None
marissa | None
marissa | None
marissa | None
marissa | None
mark | None
mark | None
mark | None
mark | None
mark | None
mark | None
mark | None
mark | None
mark | None
mark | None
Mark | None
mark | None
mark | None
marla | None
marley | None
martha | None
martha | None
martina | None
mary | None
mary | None
Dan | None
nate | None
neda | None
robin | None
robin | None
rocio | None
rod | None
roderick | None
rohit | None
rohit | None
rolanda | None
roman | None
ron | None
ronan | None
ronny | None
robin | None
rory | None
roseann | None
roseann | None
rosemary | None
rosie | None
roxanne | None
roxie | None
roy | None
ruben | None
ruchi | None
russell | None
ryan | None
ryan | None
rose | None
robin | None
robert | None
robert | None
renee | None
renee | None
renee | None
reuben | None
rhiana | None
ricardo | None
richard | None
richard | None
richard | None
richard | None
richard | None
richard | None
rick | None
rick | None
rita | None
river | None
riyana | None
rob | None
rob | None
rob | None
rob | None
robert | None
robert | None
robert | None
robert | None
robert | None
robert | None
ryan | None
ryan | None
ryan | None
ryan | None
Sara | None
sarah | None
sarah | None
sarah | None
sarah | None
sarah | None
sarah | None
sarah | None
sarah | None
sarah | None
sarah | None
sarah | None
sarah | None
sarah | None
sarina | None
savannah | None
scharnee | None
scott | None
scott | None
scott | None
scott | None
sean | None
sean | None
sean | None
sean | None
sean | None
sejal | None
sara | None
renea | None
sara | None
sanzhez | None
ryan | None
ryan | None
ryan | None
ryan | None
ryan | None
ryan | None
ryan | None
ryan | None
rylee | None
saba | None
sabina | None
sabinar | None
sadaf | None
sage | None
Sage | None
sam | None
samantha | None
samantha | None
samantha | None
samantha | None
samantha | None
samantha | None
samara | None
san | None
sandra | None
sandra | None
santiago | None
sara | None
ren | None
reid | None
regina | None
nikki | None
nikki | None
nikki | None
nikky | None
nina | None
nina | None
Nita | None
noelle | None
nolan | None
nur | None
officeteam | None
ohio | None
ojesa | None
olga | None
olivia | None
olivia | None
olivia | None
omar | None
owen | None
paige | None
paige | None
pam | None
pamela | None
pamela | None
panicia | None
pat | None
nicolette | None
pat | None
nicole | None
nicole | None
neha | None
neha | None
nelson | None
nery | None
nestor | None
neville | None
new | None
new | None
nic | None
nicholas | None
nicholas | None
nicholas | None
nicholas | None
nicholas | None
nicholas | None
nichole | None
nick | None
nick | None
nick | None
nick | None
nick | None
nick | None
nicole | None
nicole | None
nicole | None
nicole | None
nicole | None
nathan | None
patricia | None
patrick | None
rachel | None
rachel | None
rachel | None
rachel | None
rachel | None
rachel | None
rachel | None
ralston | None
randall | None
randall | None
randy | None
ray | None
raymond | None
Rayzel | None
reagan | None
rebecca | None
rebecca | None
rebecca | None
rebecca | None
rebecca | None
rebecca | None
rebecca | None
rebecca | None
rebecca | None
Rebecca | None
rachel | None
patrick | None
quinn | None
quentin | None
patrick | None
patrick | None
patrick | None
patrick | None
patrick | None
patrick | None
patrick | None
patti | None
patty | None
Patty | None
paul | None
paul | None
paul | None
paulina | None
payal | None
peter | None
peter | None
phil | None
phil | None
philip | None
philippe | None
ping | None
pradeep | None
pratik | None
priscilla | None
priya | None
quan | None
quinn | None
Ade | None
Pam | None
Rainier | None
Adrijan | None
Michael | None
Derrick | None
Burgess | None
Kane | None
Menocal | None
McLaughlin | None
Grizzard | None
Sweeney | None
Richard | None
Raphael | None
Ahumada | None
Sasha | None
Feeney | None
Breedlove | None
Fraietta | None
Avrin | None
Mitchell | None
Kirvin | None
Eckert | None
Scagnelli | None
Ramirez | None
Ciavardini | None
Garfinkel | None
McCormick | None
Gianulis | None
Christian | None
Andrew | None
Tristen | None
Jeff | None
Matthew | None
James | None
Michele | None
James | None
Taylor | None
Brice | None
Kim | None
Stavan | None
Louis | None
Richard | None
Brandon | None
Clayton | None
Holly | None
Angelica | None
Alicia | None
Joshua | None
Renato | None
Shawn | None
Kristin | None
Elizabeth | None
Priest | None
Maureen | None
Rocquelyn | None
Tahsi | None
Susan | None
Rabe | None
Pignato | None
Paul | None
Alexis | None
Shannon | None
Elizabeth | None
Melissa | None
George | None
John | None
Maes | None
Jeff | None
Rachel | None
Steven | None
Laura | None
Kaitlyn | None
Megan | None
Dorothy | None
Anthony | None
Austin | None
Sophia | None
Dennis | None
Christine | None
Joseph | None
Dana | None
Robin | None
Mady | None
Angela | None
Alex | None
Tina | None
Maghan | None
Ai | None
Terry | None
Neha | None
Brenda | None
Lydia | None
Jay | None
Marie | None
Quinn | None
Veer | None
Ramon | None
Trupti | None
Patrick | None
Kimberly | None
Jenna | None
Gabriel | None
Michelle | None
Justin | None
Joe | None
Christine | None
Alison | None
Matt | None
Melissa | None
Katherine | None
Reesa | None
Connie | None
Chandra | None
Jen | None
Kathy | None
Dolores | None
Stephen | None
Anna | None
Christopher | None
Denise | None
Tyler | None
Megan | None
Amy | None
Kayla | None
Emily | None
Kara | None
Patrick | None
Jackie | None
Courtney | None
Taylor | None
Fana | None
Cory | None
Nick | None
Carly | None
Patrick | None
Micah | None
Danny | None
Emily | None
Madison | None
Garrett | None
Danan | None
Luke | None
Bailey | None
Shaye | None
Megan | None
Mark | None
Grant | None
Tess | None
Jon | None
Vanessa | None
Valetta | None
Hailey | None
Yohana | None
Justin | None
Adam | None
Kasie | None
Michael | None
Danielle | None
Seth | None
Jessica | None
Soriya | None
Carol | None
Beverly | None
Curtis | None
Dennis | None
Josh | None
Audrey | None
Elizabeth | None
Katie | None
Shae | None
Shah | None
Michael | None
Corey | None
Rachel | None
Michelle | None
Tia | None
Samaria | None
Zach | None
Chrissy | None
Cassi | None
Jessica | None
Reagan | None
Lynda | None
Ian | None
ted | None
Marisa | None
Jim | None
Joyce | None
Matthew | None
Jordan | None
Meredith | None
Krystal | None
Elizabeth | None
Stacey | None
Taylor | None
Nicole | None
Bailey | None
Ryan | None
Laurie | None
Jennifer | None
Jackie | None
Taylor | None
Jayla | None
Justin | None
Alyssa | None
Jessie | None
Morgan | None
Eugene | None
Tom | None
Shalini | None
Presley | None
Sydney | None
Shelly | None
Evan | None
Chloe | None
Grayson | None
Zach | None
Kimberly | None
Jessica | None
Elizabeth | None
Laura | None
Jana | None
Aja | None
Conner | None
Trey | None
Joshua | None
Alex | None
Christina | None
Ruth | None
Julietta | None
Derek | None
Amy | None
Carlie | None
Jason | None
Mahil | None
Thomas | None
Alissa | None
Jake | None
Nicole | None
Trisha | None
Anita | None
Ida | None
Pat | None
Stephanie | None
Jen | None
Rick | None
Delta | None
Jean | None
Ronnie | None
Richard | None
Jeniffer | None
Richard | None
Stephanie | None
Jennifer | None
JP | None
Mayara | None
Dustin | None
Chance | None
FJ | None
Orion | None
Amy | None
Roberta | None
Kristen | None
Rhavon | None
Dawn | None
Charlene | None
Anthony | None
Anna | None
John | None
Michael | None
Tyretta | None
Jessica | None
Courtney | None
Remy | None
Serge | None
Vinnie | None
Chelsea | None
Debbie | None
Matt | None
Daniel | None
Nicole | None
Ashley | None
Paolo | None
Gregory | None
Paul | None
Frank | None
Jennifer | None
Laura | None
Sean | None
Lisa | None
Samantha | None
Caroline | None
Samantha | None
Sean | None
Gianni | None
Stefan | None
Stephen | None
Lisa | None
Kristin | None
Allison | None
Wesselina | None
Patrick | None
Brendan | None
Mayur | None
Wayne | None
Lucia | None
Sudesh | None
Mark | None
Cynthia | None
William | None
Victoria | None
Caitlin | None
Bilal | None
Eric | None
Mackenzie | None
Tyler | None
Shelby | None
Kianna | None
Charles | None
Steve | None
Jillian | None
John | None
Shaun | None
Victoria | None
Tara | None
Ryan | None
Richard | None
Michael------ | None
Douglas | None
Jason | None
Josh | None
Patrick | None
Lilan | None
Tim | None
Brandon | None
Martha | None
Charles | None
Rodrigo | None
Steve | None
Kimberly | None
Albert | None
Michael | None
Thierno | None
Mazhar | None
Sandra | None
Crystal | None
Vinay | None
Jenn | None
Robert | None
Tatiane | None
Anjalo | None
Nikki | None
Dhionatan | None
Wesley | None
Robert | None
Kevin | None
Benjamin | None
Chad | None
Corey | None
William | None
William | None
Kate | None
Juliano | None
Alexandra | None
Daniel | None
Abi | None
Janette | None
Cheron | None
Justin | None
Kayla | None
Cornelius | None
Melissa | None
Jecee | None
Geoffrey | None
Elizabeth | None
Tom | None
Emma | None
Kayla | None
Mike | None
Doug | None
Nick | None
Allie | None
Amber | None
David | None
Devin | None
Erin | None
Mark | None
Lindo | None
Beth | None
Jessica | None
Tuhina | None
John | None
Laurie | None
Steven | None
Emily | None
Brooke | None
Christopher | None
Kyle | None
Steven | None
Bill | None
Rich | None
Elizabeth | None
Ryan | None
Sean | None
Olivia | None
Darren | None
Drew | None
Kevin | None
Morgan | None
Rachael | None
Kevin | None
Cameron | None
Adriel | None
Kortnee | None
Samantha | None
Ryan | None
Pierce | None
Roberta | None
Sri | None
Nicole | None
Daniel | None
David | None
Cynthia | None
Ann | None
Tyson | None
Kevin | None
Wes | None
Kevin | None
Jennifer | None
Christopher | None
Christopher | None
James | None
Sean | None
Elena | None
Matiyas | None
Barbara | None
Jessica | None
Kathy | None
Patrick | None
Ivar | None
Laurie | None
Diana | None
Sumeet | None
Elise | None
Lorraine | None
Christine | None
Manjiri | None
Patrick | None
Joel | None
Wajih | None
Floyd | None
Trina | None
Myeisha | None
Jonathan | None
Meghan | None
Taylor | None
Brittany | None
Emma | None
Paul | None
Jake | None
Luke | None
McKayla | None
Naren | None
Sinthey | None
William | None
Shuanna | None
Chad | None
Steven | None
Jamahl | None
James | None
Inya | None
Dawn | None
Janice | None
Lainey | None
Paige | None
Chrissy | None
kimberly | None
Rashaad | None
Aquino | None
James | None
Karen | None
teisha | None
william | None
teresa | None
Robert Manoske | None
Valorie Marschall | None
Jacquelyn R. | None
Jansen Powhida | None
Shangé Purnell | None
Charlene Robinson | None
Tamela Davis | None
Greg McAllister | None
Teri Hansen | None
Lyn Irish | None
Monica Terrian | None
Mark Higgins | None
Lauren Coury | None
Michael Scheinine | None
Daniel Nassen | None
Irene Attleson | None
Ian Besmond | None
Ryan Caskey | None
Nicki Primrose | None
Kenneth Jennings | None
Jovonne B. | None
Hung Le | None
Kristopher C. | None
Robin Harwood | None
Malika L. | None
Robyn Russell | None
Ted Ralph | None
Andrew McConnell | None
Hakim Lao | None
Suzanne Hitz | None
Amber Valenzuela-Burns | None
Matthew Parman | None
Kenisha Kersey | None
Jennifer W. | None
Valeri Dunlap | None
Cody Wanichek | None
Kellie Sherman | None
Jana Chapman | None
Clint McGregor | None
Madison Jaramillo | None
Herbert Taylor | None
Jody Tief | None
Juliana Almeida | None
Shannon McMahan | None
Calla Parshall | None
Darcy Osborne | None
Kristen Huteson | None
Christine Smith | None
Ann Strasser | None
Lynn Zahniser | None
Leah Philips | None
Pamela D. Gile | None
Aunita Corum | None
Michael McEntire | None
Christopher VanRoekel | None
Pamela Brock | None
Jude C. | None
John A. Winkenwerder | None
Patrick Shaw | None
Robert Lilly | None
Matthew Lineberry | None
Katie Rycyzyn | None
Anna Winterscheidt | None
Kyndra Strada | None
Jared Thomson | None
Gaelyn Gullo | None
Bobbie Rose Hatcher | None
Lea Preller | None
Mike Dixon | None
Olivia K. | None
Diann Mallo | None
David Konnick | None
Sean McQuade | None
Devon Suits | None
Allison Rang | None
Erin Brown | None
Alyssa Malpede | None
Tom Mainock | None
Leah Arndt | None
John Wallace | None
Elara Gonzales | None
Bob Mauro | None
Lauren Friesen | None
Dylan Phoenix | None
Randy L. | None
Brenda Alvarado | None
Abbie Lewis | None
Riley Corcoran | None
Kira Busbee | None
Corey van Oordt | None
Ashraf Yacoub | None
Orville E. Wright | None
Lisa Bass | None
Lisa Williams | None
Michelle R. | None
Cesar Julián Toscano Solano | None
David Maldonado | None
Nichole James | None
Adam Thorne | None
Leslyn Brown | None
Juliet Centeno | None
Julian Bonfiglio | None
MAGDALENA F. | None
John Canavan | None
Emily Maloy | None
Cherie Sterling | None
Nancy Medina | None
Paloma Sena | None
Deborah Thelin | None
Ana Ornelas | None
Pam Stanley | None
Mel T. | None
Kathleen Bogar | None
George Garcia | None
Olivia Williams | None
Bethany Budd | None
Morgan Racicot | None
Kathleen McKee | None
Tyler Zanella | None
Taylor M. | None
John Watson | None
Dawoud Kazimee | None
Julie Kistler | None
Katie Tracy | None
James Goyette | None
Ryan Austin | None
Rob Goldman | None
David M. | None
Peter Gutwald | None
Hannah Bodie | None
Kristina Hampton | None
Sean Reilly | None
Heidi Hill | None
Craig Howell | None
Sue Sumrell | None
Lauren Wenner | None
Jacob Wolf-Saxon | None
Sheila Barkley | None
Tabatha Clocksin | None
Austin McDonough | None
Denise Buchanan | None
Claudia O'Neill | None
Nikki Cella | None
Ari Acuff | None
Paiton Sabatini | None
Kenderick Richardson | None
Drake W. | None
Elizabeth T. | None
Arian Ahdifard | None
Nicole Bankson | None
Shawn Jass | None
Corie Hammock | None
Sean Riley | None
Shannon G. | None
Daniel Herzog | None
Kimberly Casey | None
Bridget Killen | None
Kayla Lovell | None
Cori S. | None
Elijah Parker | None
James Dayson | None
Zachariah O'Keeffe | None
Rachel Page | None
Sandra C. | None
Kevin Wong | None
Agnes P. | None
Alexandra Steiner | None
Hang Le | None
Jamie (Petrusich) Benway | None
Karen Brya | None
Sara Walker | None
Elana Lambirth | None
Erin McCann | None
Gwen Mueller | None
Merry Kearney | None
Chris Young | None
Kris Pearce | None
Tricia J. | None
Matthew Bennett | None
Deena D. | None
Michael K. | None
Terence Sherman | None
Jennifer Cowles | None
Denise VanNghe | None
Yvonne Gallardo-Van Ornam | None
Brett Scott | None
Reggie Ramey | None
Stacy A. | None
Austin Hunter | None
Marco Guzman-Garcia | None
Sam Shields | None
Suzanne Malsberry | None
Alaena Fletcher | None
Susan Ahrens | None
Mike McGowan | None
Hayden Neuss | None
Marcelo Alvarado | None
Echo Fankhauser | None
Jessica C. | None
Larissa Yuhasz | None
Ervina Halim | None
Scott Shoemaker | None
Tami Landels | None
Jennifer Vedder | None
Jordan Meyers | None
Felix Long | None
Amanda Kent | None
Marj Clayton | None
Sara Eide | None
Abby D. | None
Artem Zakharchenko | None
Cindy Dovinh | None
Kirk Medica | None
Kelly Langele | None
Tana Mays | None
Katie Kaminski | None
Brandon Oswald | None
Rosemarie Kelly | None
Patricia Wesson | None
Geraldine M. Velez | None
Jason Shindler | None
Christine Moury-Vance | None
Mathilde R. | None
Alyssa Kiehn | None
Augusta Burke | None
Shelby Biernot | None
Noah Carlisle | None
Lisa M. Matriccino | None
Christian Lentz | None
Nick Coughran | None
Camille Johnston | None
Kyle McIntosh | None
Courtney Dela Torre | None
Nancy Wibbens | None
Justin G. | None
Barbara Harris | None
Catherine Dickson | None
Abigail Mills | None
Dawn Weinstein | None
Leigh Goings | None
Taylor VanBergen | None
Kurt Johnson | None
Anne Augustine | None
Lisa MacKinnon | None
Chloe Hebert | None
Paige Olson | None
Yolanda Hunter | None
Kim H. | None
Elizabeth Johnson | None
Ashley Graves | None
Chris Blomstrand | None
Jackie Orcutt | None
Princella Akomeah | None
Meegan Bostick | None
John Fasbender | None
Julia Glodoski | None
Bob Youngward | None
Linda Coffman | None
Emilie Johnson | None
Karlee Holbrook | None
Connor Cavers | None
Amy Finley | None
Leonard P. | None
Angela Lurie | None
Tessa Wolff | None
Susan R. | None
Andrew Moore | None
Bobby Walerius | None
Grace Clark | None
Chuck Squires | None
Crystal Whitlock | None
Bridgette Como | None
Adam L. | None
Matt Kinsella | None
Samantha Stuen | None
Rob Wagner | None
Kate Anderson | None
Ore Lindenfeld | None
Toni Turner | None
Mandy Brynness | None
Oleg Ivanov | None
Jerry Rasmussen | None
Laura Carlson | None
Haley (Erdahl) Fonkert | None
Alexander Krenik | None
Janet (Behrens) McCoy | None
Regan Baccam | None
Christine Kelley | None
Joan Stieg | None
Jenna Nagel | None
Patricia Junker | None
Kate Meyer | None
Sophia Nesser | None
Lawrence Cooper | None
Kipp Van Ness | None
Scott Martin | None
Brittany Medalen | None
Megan Dostal | None
Marsha Elliott | None
Stephanie Schmidt | None
Becky Scattergood | None
Christina Binger | None
Cory Kanz | None
Dan Everett | None
Joe Seltz | None
Lisa H. | None
Ben Aberle | None
Bianca P. | None
Heather Meyer | None
Jorge Lazaro | None
Asia Glaze | None
Keith McCoy | None
Jake A. Palodichuk | None
Amanda Kaas | None
Richard Murray | None
Stephen Collins | None
Dustin Hatch | None
Tanner Eck | None
Lauren Sherry-Ridgeway | None
Bob Hedrick | None
Mackenzie Husaby | None
Camille Kvenvold | None
Wayne Grimmer | None
Riley Firman | None
Jaimi Levos | None
Christian Danko | None
Canmu Dennis | None
Josh Hohn | None
Kristy Dickinson | None
Stephanie Cairncross | None
Mark Mikolajczak | None
Jeane Topolski | None
Stephanie Sailor | None
Maddie M. | None
Bayleigh Luedke | None
Greg Ulmer | None
Nicole Dooner | None
Brian Kuhl | None
Lance Kilde | None
Xia V. | None
Jillian Constantine | None
Kami Schneiderman | None
Lora DeLozier | None
Bryndan Matthews | None
Christina Maida | None
Katie Kovar | None
Jovita S. | None
Annie Stromback | None
Karie Ayers | None
Christopher Kosel | None
Heidi Kolata | None
Anna Morgan | None
Christy De Los Rios | None
Kirsten Carlson | None
Jordan Lynch | None
Kevin Zwier | None
Gina Knutson | None
Carolina Mani | None
Sharon Black | None
Dustin Guillen | None
Hunter Clark | None
Amy Thomas | None
Roderick Gurrola | None
Cezanna Jensen | None
Lisa Cushman | None
Steve Savluk | None
Aisha Ayers | None
Maggie Zeeb | None
Jeff Black | None
Melanie Kolze | None
Veronica Alvarado | None
Gladys Norton | None
LaCinda Clem | None
Kris Markus | None
Michael D. | None
Douglas Gibson | None
Jose Rafael Serrano | None
Kathryn Land | None
Benjeman Kubier | None
Sarah James | None
Eric Kimble | None
Maryann Silva | None
Coca Artz | None
Cameron Brown | None
Kirsten Weise | None
Matthew Pagnotta | None
Cassidy Davis | None
Juan Zevallos | None
Palmer Fallet | None
Zachary Southworth | None
Karen Policastro | None
Sarah Pflugrad | None
Kimberly Johnson | None
Maggie Bradley | None
Obumnaeme Okorie | None
Andrew MacMillan | None
Christy Cole | None
Mary Wilson | None
Pete Montoya | None
Vanessa Sutton | None
Crystal Swanson | None
Paul Beckelheimer | None
Melissa Penza | None
Joe Totoro | None
Jeremy Johnson | None
Craig Miyaki | None
Kieran Browner | None
Rachel Atherton | None
Vernita Leslie | None
Benjamin Blake | None
Jordan Knight | None
Diana Grothjan | None
Takhmina O. | None
Samantha Klein | None
Vansiny S. | None
Carlos Salcido | None
Samantha Ruiz | None
Danielle Aguilar | None
Savannah Ogden | None
Craig Wallace | None
April Allen | None
Larry Lowder | None
Danny Memmott | None
Laura Smith | None
Lorrie Bowen-Jensen | None
Dana Seawillow Knight | None
Gregg Pereboom | None
Kevin V Gray | None
Emily Brown | None
Lana Funkhouser | None
Lori Villa | None
Gelareh Taylor | None
Sarah LeDesky | None
Thiago Fernandes | None
Barbara Lupold | None
Jenna B. | None
Wendy Geise | None
Lacey Lovejoy | None
Kari King-Fox | None
Joe Ryan | None
Sandra M. | None
Shantanu Sable | None
Matt Roth | None
Miles Dapsauski | None
Rae Nelson | None
Tonya N Thomas | None
Kellie Shadle | None
Maria Reid | None
Ashlee Billesbach | None
Janalyn Wood | None
John Hall | None
Michael Mason | None
Kirt Hansen | None
Alexandra G. | None
Desirae Olsen | None
Ramya Sri Kolipaka | None
CJ Gray | None
Gunbir Dhillon | None
Carol Brogdon | None
Lindsay Haberstick | None
Hattie Shamane Blegeanu | None
Heather Wynn | None
Heather Bosworth | None
Ian Douglass | None
Shantell Cummins | None
Alicia Evans-Holmes | None
Briana Allen | None
Brent Sanderson | None
Adriana Castillo | None
Mike Hawkins | None
David Perry | None
Jake F. | None
Tammie Pierce -Wooley | None
Michael B. | None
Michael Mikesell | None
Mason Caccia | None
Jonathan Dodds | None
Erin Fabela | None
Michael Isaacs | None
Mark Ujifusa | None
Julie Nelson | None
Jonathan White | None
Alex Lopez | None
Mark Owens | None
Lisa Bradley | None
Lindsey Burgess | None
Dareen Nasser | None
Chenine Cottrell | None
Kristen Cortez | None
Alysha Green | None
James E. | None
Paul Napolitano | None
Williams Clark | None
Ruben Cardenas | None
Shahla Stephen | None
Abby Rothberger | None
Marc Epps | None
Alisha Marshall | None
Auzer A. | None
Duke Steppe | None
Linda Cammorata | None
Amanda Poynter | None
Carla Campbell | None
Mara Jimenez | None
Marie Springfield | None
Kylie Babson | None
Marc Schroeder | None
Lucia K. Aspiazu | None
Michael Kwan | None
Austin Cauthron | None
Jordan Graves | None
Linda Brophy | None
Karen Banks | None
Jimmy Holbrook | None
Marisa Johnson | None
Sally Rodriguez | None
Andrew Castillo | None
Emmie Farber | None
Kevin Mahoney | None
Eli Davis | None
Whitley Banks | None
Liz C. | None
Lemmeka Knox | None
Alexa Wheeler | None
Marvin Kim | None
Kevin Peterson | None
Daniel Rein | None
Lauren Lynaugh | None
Lori Anne Santos | None
Justin Stark | None
Ross W. | None
Emily Shields | None
Hanna Cameron | None
Alejandro Montoya | None
Michael Walsh | None
Latondra McCoy | None
Maggie Sievers | None
Aleksandra Syzrantsev | None
Joe Simmons | None
Monica Smith | None
Kristy L. | None
Marisa Padilla | None
John Lee | None
Isabella Franklin | None
Allison Jacques | None
Kean Cruz | None
Katie Cheon | None
Alisa Coleman | None
Estela Robledo | None
Linda Fish | None
Michael Jones | None
Justin Spencer | None
Ashley Rhea | None
Vanessa Benavides | None
Alicia Robb | None
Danielle MFarina | None
Howard Santos | None
Donna Brown | None
Dorene Fong | None
Jessica Sanders | None
Erick Ochoa | None
Monica Dinon | None
Mike Amari | None
Phillip Oh | None
Tom Jones | None
Marisa Keeter | None
Francisco Silva | None
Samantha Loughlin | None
Brian Godfrey | None
Grace Palmer | None
Vanessa Lin | None
shana | None
Kelli Griffin | None
Alex Bakry | None
Laura Hampton | None
Cortney Reese | None
Andrea Diaz | None
Ryan Pirkle | None
Joanna T. | None
Linda Ha | None
Sally N. | None
Samantha Atkins | None
Maggi Westberg Pigeon | None
Claudia Ford | None
Laura Utley | None
Katie Seier | None
Brooke Negrete Dilay | None
Ernie Miller | None
Sallie Vidaurri | None
Joni Edmondson | None
Lo Ju | None
Chase Vandenbrandhorninge | None
Jessica Villarreal | None
Will Zeliger | None
Tony Regan | None
Baylee Burke | None
Kenny Rushton | None
Abigail Ramsey | None
Elizabeth Klein | None
Walter Tolbert | None
Casey Caldwell Meadow | None
Robert Gautereaux | None
Blanca Carbajal | None
Melissa Lynn Wagner | None
Christopher Tune | None
Dennis Donovan | None
Megan R. | None
Matthew Hughes | None
Justin Yom | None
Sherman Shaw | None
Ameri Ramirez | None
Alaina Livingston | None
Kate Lim | None
Bryce Brown | None
Emily Barragan | None
David Saidnia | None
Fernando Pineda | None
Joshua Koffman | None
Brian Dempsey | None
Jason Scott | None
Noah Tizon | None
Melanie Tanaka | None
Ed Cox | None
Caitlin Hainsey | None
Suzanne Sylvester-Burney | None
lucinda calhoun | None
Karyn Johnson-Dorsey | None
Lauren Ludovico | None
Tanya Flint | None
Katherine Boggs | None
Ernie Lopez | None
Deborah J B. | None
Julie Jauron | None
Lindsay Jarett | None
Jim Crompton | None
Joe Mariucci | None
Alexandra Von Tiergarten | None
Lisa Loguidice | None
Jocelin Pazos | None
Shana Sultan | None
Stephen Loh | None
Jennifer Conger | None
Marcy Baker | None
Robin Rodgers | None
Jessica Yan | None
Ashley Balmanno | None
Jenny Geschwind Carter | None
Leigh Ann Chronister | None
Lynne Smith | None
Jessica M. Rodgers | None
Sheng Alice Wang | None
Shawntel McDonough | None
Anna Palomino | None
Sejal Saija | None
Brenda Walker | None
Cynthia Matchett | None
Kathleen O'Donnell | None
Allan King | None
Trevor Davis | None
Abigail Jarin | None
James Ticas | None
Adrienne Cummings | None
John Mitchell | None
Bill Hudspeth | None
Nicolette Benedettini-Liggett | None
Diana Duong | None
Kelvin Heard | None
Gina Gracia | None
Shania Jackson | None
Dayna Boch | None
Steve Moss | None
Fabian Gonzalez | None
Karyn Kleinmann | None
Bernadette M. | None
Elizabeth Komin | None
Christine Vo Sharp | None
John Herrera | None
Kimberly Stiener-Murphy | None
Mohan Govindarajan | None
Leo Valdes | None
Pam Allen | None
Debra Samudio | None
Sean Pool | None
Lisa Cole | None
Karley Delorme | None
Dianna Houston | None
Lawrence Gordon | None
Hollie Robinson | None
Lara Burke | None
Demitra Lee | None
Catherine Kexel | None
Jammie McKey Prager | None
Joshua Bellows | None
Emily Corken | None
Estee Foroozan | None
Sheryl Aramaki | None
Lou Romano | None
Sara Siddiqi | None
James S. Firestone | None
Dean Jones | None
Brittany Schultz | None
Ayana Boykin | None
Kim Okimoto | None
Danielle Livesay | None
Billy G. | None
Jennifer Mitchell | None
Erin Stapp | None
Sonja Verdugo | None
Katharine Keenan | None
Stephanie Elliott | None
Marisa Tassio | None
Georgia Cienkus | None
Christy Wilson | None
Aaron Teddington | None
Brittany Thibodeaux | None
Jolette Gallardo | None
Hackett David | None
Ethan Wartick | None
Brenda Chan | None
Justin J. | None
Joan Butler | None
Lu R. Maganda | None
Jason Tunder | None
Patrick Garaghty | None
Jim Kwapick | None
Jordan Docken | None
Chris Mathe | None
Michelle Swiatek | None
Bob Berg | None
Alli Book | None
Crystal Griffin | None
Arthur Bongco | None
julie Gabriel | None
Mike Zhao | None
Jennifer Harrington Follain | None
Thomas Feiten | None
Jonathan Chen | None
Cloteal Earby | None
Elias Soriano | None
Kristen Haney | None
Dawn Rawson | None
Brad Hartman | None
Austin Riley | None
Lauren Meyers | None
Jennifer Butler | None
Karen Barlow Selke | None
Colman Fong | None
Tom Cayton | None
Patricia Felts | None
Stephen Wulkopf | None
Sonnia Peters | None
Leann Stephans | None
Kiril Totev | None
Regina Dircio | None
Jennifer Box | None
Anna (Gevelinger) Bucheger | None
Stacey Brunson | None
Sharon G. Sims | None
Katie Anderson | None
Brian Baumgartner | None
Matthew Peterson | None
CARLA HEIR | None
Ashley (Wilcox) Voss | None
James Hamilton | None
Janet Osmundson | None
Rebecca Johnston | None
Jeffrey A. McVay | None
Micah K. | None
Cassandra Meyers | None
Todd H. | None
Alanna Bailey | None
Jennifer B. | None
Kathy Northamer | None
Chad Smith | None
Tanya Kesti | None
Karen Beth Zolik | None
Chuck Stoeckel | None
Cheryl Behr | None
Jim Kenney | None
Tim Odell | None
MARK ZIMMERMAN | None
Michon Pfeffer | None
Jenn Knezovich | None
Todd Beatty | None
S Shamoo | None
Sonni Vu | None
Kim Hashimoto | None
Dana Schwartz Berhoff | None
Marisol Rincon | None
Marlene Young | None
Eric Lee | None
David Wilson | None
Joan Leighty | None
DeLynn S. | None
Laura M. Donohoe | None
Sean Fong | None
Anna Woodburn | None
Kris Courtney | None
Dana Zeumault | None
Patrick Boutin | None
Adele Wing Son | None
Linda Chui | None
Vincent Liu | None
Alina S. | None
Allen Ables. | None
Amanda Neill | None
Charles Gilmur | None
Kristin Wasson | None
Christie S. | None
Lindsey Goularte | None
Anthony Zoppo | None
Richard Rogers | None
Kimberley Funk | None
Nick S. | None
Heather Morel | None
Greta Ireland | None
Connor Schaum | None
Katherine Ryan | None
Joseph Neumann | None
Michelle Walburn | None
Quinn Farley | None
Candace Bowman | None
Dina Hickman | None
Karen Bruce | None
Sue Van Vooren | None
Ginger W. | None
Drew Kreofsky | None
Kelsey Knutson | None
Colleen Brady | None
Karen Warren | None
Kate Smucker | None
Stephanie Matthews | None
John Paul Aguilera | None
JoLynn Conway-James | None
Allen Ables | None
Frank Ficken | None
Kika Tramble | None
Carlos Pires | None
Ed Woo | None
Heather Tupper | None
Scott K. Hoffman | None
Cheryl Beckfield | None
Catherine Higgins | None
Douglas Rickart | None
Erica Dazo | None
Cade Flanagan | None
Morgan Mefferd | None
Jason Yuson | None
Melissa Jennings | None
Steven Flynn | None
Elodie Lyons | None
Kristen Olsson | None
Kate Borham | None
Brian P. | None
Jackie P. | None
Preston Doran | None
Sophie Cannon | None
Evelyn Romero | None
Kari Amaral | None
Jennifer Fukumae | None
Anthony Cannon | None
Isabelle Moody | None
Mariana Garibay | None
Douglas Balchan | None
David Mejia | None
Dan Nilsen | None
Zarreen S. | None
Laith Abuomar | None
Samantha Kozak | None
Trisha Trang | None
Meghan Herlihy | None
Xayvion Lum | None
Anthony Garcia | None
Zashya Nitzkowski | None
Paloma Chavez | None
Deana Drenik | None
Lori Cairel | None
Alvin Alcantara | None
Tracy Ewing | None
Sara Roulston | None
Dominic Trento | None
Amber Howard | None
Ailyn Monarrez | None
Elijah Wilson | None
Johnny Smith | None
Cristal Cruz | None
Lindsey H. | None
Antonio Belmonte | None
Kristin Kimura | None
TJ Adler | None
Kayla McMahon | None
Allison Chen | None
Catherina Lee | None
Omar M. | None
Cathy Hanch | None
Guy Dunivan | None
Chris N. | None
Brooke Lambert | None
April J. D. | None
Jessica Terlizzi Saunders | None
Christie Ring | None
Sal Mixquitl | None
Katie Brennan | None
Abigail Bartelheim | None
Matthew Beard | None
Ryan Sims | None
Nicole Cavrich | None
Claudia Rodriguez | None
Janette Gallardo | None
Alfonzo Dishman | None
Dina Pordell | None
Kyle Parbel | None
Kenny Leung | None
Alicia Warren | None
Claire Kazmierski | None
Manolo Montalbo | None
Angela Marks | None
Valerie Williams | None
Brian Smith | None
Stacey Mcintyre | None
Valerie M. | None
Gregory Stawarz | None
Melissa Potera | None
Marsha Craig | None
Mary Haddon | None
Wendy Kenley | None
Rhonda Steinberg | None
Anne Froehlich | None
STEVE WONG | None
Shellie Segler | None
Lauren McBride | None
Ciena Foster | None
Sonia Petkewich | None
Mileah Cabading | None
Debbra Brown | None
Wendy Brenes | None
Carmelina Lara | None
Sai Edwards | None
Joey Cavalcanti | None
Teresa Chandler | None
Alexander Payne | None
Katie Weigel | None
Brad Stewart | None
Jordon Diab | None
Denise Tyree | None
Mike . | None
Mauricio Tinos | None
E Hedrick | None
Flaviana Gerzevski | None
Kayla Medina | None
Jill Yamamoto | None
Annette M. | None
Annette Dill | None
Alexis Wood | None
Gary Yoshinaga | None
Casey Gracey | None
Zoanna Carosso | None
Jessica L. | None
Shellyann D. | None
Deborah Hazelton | None
Maggie Kowalczyk | None
Bonnie Berns | None
Mary Vigneault | None
Beth Johnson | None
Jason Jewell | None
Kevin Shanno | None
Hannah | None
Angeline | None
Helen | None
Anthony | None
Jennifer | None
Jacob | None
Liliana | None
Mara | None
John | None
Casey | None
Leon | None
Alyson | None
Julian | None
Amanda | None
Brad | None
Koyun | None
Steven | None
Brittney | None
James | None
Edward | None
Elias | None
Ali | None
Julio | None
John | None
Elisabetta | None
Desiree | None
Chenzira | None
Jane | None
Katherine | None
Jacob | None
Gabriela | None
Miles | None
Austin | None
Lisa | None
Pierre | None
Will | None
Andrea | None
Chris | None
Monique | None
Caroline | None
Lauren | None
Jennifer | None
Bailey | None
Amber | None
Alexandra | None
Adrian | None
Alison | None
Bella | None
Heather | None
Jenn | None
Loren | None
Kyla | None
Vu | None
Margaret | None
Justin | None
Alia | None
Nick | None
Erika | None
Michelle | None
Salina | None
Courtney | None
Marche | None
Miles | None
Windy | None
Cristina | None
Keith | None
Elizabeth | None
Alison | None
Tala | None
Jonathan | None
Christian | None
Grecia | None
Ashleen | None
Katsuhiro | None
Colleen | None
Danielle | None
John | None
John | None
Ravi | None
Amber | None
Stacy | None
Andrea | None
John | None
Tammy | None
Alex | None
Natalie | None
Jessica | None
Jennifer | None
Andrew | None
Chantry | None
Didi | None
Kaylee | None
Justin | None
Angel | None
Dan | None
Jennifer | None
Kimberly | None
Frankie | None
Jason | None
Tim | None
Athena | None
Kristin | None
Allegria | None
Elizabeth | None
Amanda | None
Jon | None
Gene | None
Shereen | None
Kim | None
Carla | None
Alina | None
Yvette | None
Barbara | None
Colleen | None
Terah | None
Diana | None
Jonathan | None
Gage | None
Marcie | None
Holli | None
Tondra | None
Leslee | None
Angelene | None
Selena | None
Will | None
Kevin | None
Saul | None
David | None
Kathleen | None
Francis | None
Oscar | None
Christopher | None
Eisah | None
Debbie | None
Stavros | None
Meredith | None
Johnny | None
Nina | None
Kim | None
Jennifer | None
James | None
Val | None
Jeremy | None
Cebelle | None
FRANCIS | None
Jd | None
Heather | None
Tarryn | None
Mara | None
Chinetta | None
Danielle | None
Christina | None
christina | None
Chris | None
carolina | None
caitlin | None
Bri | None
ashley | None
anna | None
alberto | None
abraham | None
abigail | None
Luci | None
Alex | None
Justin | None
Nathan | None
Laura | None
Teri | None
Kevin | None
JACE | None
Deidre | None
Chris | None
Joe | None
BRIAN | None
Mark | None
Douglas | None
Dominick | None
Chantry | None
Jonathan | None
Janet | None
James | None
Alexandra | None
Sheri | None
Jose | None
Giovanna | None
Amanda | None
Kyle | None
Keena | None
Cathleen | None
Jason | None
Christy | None
Suzanne | None
Derek | None
Lucas | None
Andrew | None
Brendan | None
Brian | None
Emily | None
Hunter | None
Christine | None
Justin | None
Cynthia | None
Chance | None
Eric | None
Jennifer | None
Jill | None
Shad | None
Casey | None
Charles | None
Nina | None
Snehal | None
CASEY | None
Joti | None
Joseph | None
Shanté | None
Belinda | None
Dean | None
George | None
Frank | None
Andre | None
WILLIAM | None
Jamie | None
Rain | None
Brittany | None
Evaleen | None
Daphné | None
April | None
Darryl | None
Jonathan | None
Kyle | None
Vanessa | None
Bradley | None
Chastity | None
Grace | None
Taylor | None
David | None
Kyle | None
Robyn | None
Andy | None
victoria | None
victoria | None
victoria | None
victoria | None
victoria | None
victoria | None
victor | None
victor | None
victor | None
vicki | None
veronica | None
veronica | None
victoria | None
vanessa | None
van | None
valton | None
valerie | None
valerie | None
valerie | None
valarie | None
tyler | None
tyler | None
tyler | None
tyler | None
tyler | None
vanessa | None
tyler | None
vik | None
vincent | None
yasmine | None
yash | None
yaosca | None
yana | None
wytina | None
winslow | None
willis | None
willie | None
william | None
william | None
william | None
Kristina Servantes | None
vincent | None
william | None
whitney | None
wesley | None
wendy | None
wendy | None
weininger | None
warren | None
waqas | None
wanda | None
walter | None
vivienne | None
viviana | None
vivian | None
will | None
tyler | None
turner | None
tulsa | None
tim | None
tim | None
tim | None
tiffany | None
tiffany | None
tiffany | None
tiffany | None
tiffany | None
tiana | None
thomas | None
thomas | None
thomas | None
tim | None
thomas | None
therese | None
theresa | None
thatiane | None
thaishalynn | None
texas | None
tessa | None
tess | None
terry | None
terri | None
terri | None
terrence | None
terra | None
thomas | None
timothy | None
timothy | None
timothy | None
tuan | None
trung | None
troy | None
trishan | None
trevor | None
tramaine | None
tracy | None
tracy | None
tracy | None
tracy | None
tracie | None
tra | None
toya | None
tori | None
tony | None
tony | None
tony | None
tony | None
toni | None
tomm | None
tom | None
tom | None
tom | None
tom | None
todd | None
tj | None
tina | None
yesenia | None
yohana | None
yuvi | None
yvonne | None
Joe | None
Sam | None
Carol | None
Tyretta | None
Jeffrey | None
Mark | None
Kristen | None
Robert | None
Drew | None
Jessica | None
Jill | None
Stephanie | None
Peter | None
Melissa | None
Ryan | None
Kip | None
Kareem | None
Analisa | None
Thomas | None
Stephanie | None
Jonathan | None
Tom | None
Cassandra | None
Alex | None
James | None
Akil | None
christina | None
Paige | None
Venkatesh | None
Anthony | None
Karen | None
Gabriel | None
Raymond | None
Erin | None
Marissa | None
Shannon | None
Daniel | None
Lisa | None
Judi | None
Christina | None
Jeffrey | None
Jennifer | None
Crystina | None
Ray | None
Samantha | None
Alex | None
Emma | None
Yohana | None
Laura | None
Marietta | None
Jimmy | None
Tiffany | None
Taylor | None
Jen | None
Tyler | None
Arabella | None
Beth | None
collin | None
Jen | None
JP | None
Kristin | None
Kimberly | None
Gabrielle | None
Jennifer | None
Victoria | None
Jonathan | None
Kelleigh | None
Vivek | None
David | None
AJ | None
Mika | None
Brenda | None
Jeff | None
Stella | None
Joseph | None
Joseph | None
Kara | None
Daniel | None
Jonathan | None
LaShawn | None
Lisa | None
zane | None
zachary | None
zach | None
zach | None
yvonne | None
Colette | None
Christopher | None
Jonathon | None
Marci | None
Jenna | None
Ted | None
Louis | None
John | None
Michael | None
Emily | None
Annie | None
Lydia | None
Jamie | None
Melanie | None
Chris | None
Katherine | None
Matt | None
Susan | None
Jake | None
Christina | None
John | None
Jennie | None
Olivia | None
Isabelle | None
Amanda | None
Lillian | None
Andy | None
Kayla | None
Kristina | None
John | None
Dan | None
teresa | None
courtney | None
Bridget Wansley | None
John Dodd | None
Maurice James | None
Helen Molinari | None
Christine Arway | None
Maurice Howard | None
Agnes Esparcia | None
Debbie Shepard | None
Abby Morrigan | None
Theresa Lackey | None
Robert Risden | None
Sylvester Thomas | None
Jenell Rud | None
Jamie Piech | None
Angela Craig | None
John Strassburger | None
Derek Walsh | None
Eric Anderson | None
Frani Martino | None
Osazee Osaghae | None
Danielle Tubero | None
Crystal Higgins | None
Kirby Grossman | None
Luz Rodriguez | None
Chris Rogers | None
Jeri Patterson | None
Lisa Neilson | None
Carolyn Henneken | None
Carlottia Kelly | None
Alecia Ghilardi | None
Danielle Delise | None
Catherine Towers | None
Guillermo Lagunas | None
Brendan Fagan | None
Lynne Howerton | None
Elizabeth Ann Harmon | None
Janet Lalas | None
Courtney Trammell | None
Yolanda Hopkins | None
Nasir Qader | None
Rose Low | None
Sheila Essex | None
Darnetta Walls | None
Steven Coffey | None
Renee Murphree | None
D'Loren Miller | None
Karen Gray | None
Brett Sollberger | None
Carlos Santos | None
Lynne Gerstung | None
Sherry M. | None
Tim Jenkins | None
Debra Stouffer | None
Carrie Garcia | None
Diane Murff | None
Natalie Peacy | None
Brahim Aich | None
Lundie Pinner | None
Kevin Fleck | None
Edward Mbewe | None
Martina Pokorski | None
Seth Snyder | None
Judy Rosenberg | None
Angelica del Mar | None
Rosemary Summers | None
Latricia Runles | None
Hannah Tanchon | None
Ileane Ramsay | None
Cara Dorn | None
Erin McInerney | None
Armanda C. | None
Kimberly Breunig | None
Victoria Wiedel | None
Cara Hults | None
Bill E. | None
Norma F. | None
Lyuba Hall | None
Patrick Mundschau | None
Luis Medina | None
Lyndon Beharry | None
John Ramirez | None
Eleni Kourkouvis | None
Diana Kocovski | None
Don Bailey | None
Kevin O'Neill | None
Zac Anderson | None
George Clauser | None
Satvika M. | None
Carliss Ratley | None
Ainsley Leeloy | None
Dorothy Evans | None
Amy Eisel | None
Jesse Tobar II | None
Angie Kennedy | None
Nirali Shah | None
Nellys Martinez | None
Erin Polczynski | None
Joan Vor Broker | None
Kevin Kiser | None
Taresa Pearson | None
Kanishka Jasoria | None
Trayvone Porter | None
Gina Cozzone | None
Eduard-Andrei Ciocioman | None
Sarah Banas | None
Kelly D Winsley | None
Lavern Balk | None
Mark James Yurich | None
Donna Flemming | None
Alicia Rafferty | None
Melissa Smrz | None
Tonie Purham | None
Liz Prignano | None
Andrew Santos | None
Joe Sutera | None
Patricia Hutsona | None
Jennifer Indelicato | None
Terence Viner | None
Kevin Kachmarik | None
Nathaniel Zibart | None
Aislynn Dixon (Haseleu) | None
Kara Witt | None
Melinda Rankins | None
Erin Lopshire | None
Angela Joynes | None
Austin Athey | None
Shelbie Irish | None
Marnie Holland | None
Ty Braga | None
Christin Millage | None
Anne Howard | None
Nancy Wittstruck | None
Mollie Bekeris | None
Dawn Wilson | None
Michele Spencer | None
Lorraine Polhamus | None
Boris Mrkajic | None
Stacey Singleton | None
Chris Parker | None
Beleta Butts | None
Danielle Ickowitz | None
Samantha Harder | None
Kristen Lee | None
Mark Barkley | None
Charles Muhammad | None
Madi Skantz | None
Beth Kolsrud | None
Christine Longlet | None
Palmer Hayes | None
Jennifer Beilman | None
Debbie Kay Ward | None
Tabatha Knopick | None
Oliver Blaha | None
Jill Ratkovec | None
Patricia Douglas | None
Michala Anderson | None
Harshini Gudi | None
Greg Westbrook | None
Annaleese Seitz | None
Kristi Baldwin | None
Valina Ametitovi | None
Tami Gast | None
Neil Santos | None
Phyllis Kuteron | None
Michelle Krenke | None
Laura Hickam | None
Melissa Wilcox | None
Curt Johnson | None
Carol Malecek | None
Jill Smith | None
McKinzie Bark | None
Stefy Ruiz | None
Christie C. | None
Horacio H. Torres | None
Recruiter Des Moines | None
Alexandra Fraley | None
John Erdkamp | None
KyLee Stouvenel | None
Kara Logsdon | None
Mike Gremmer | None
Brian Nordwig | None
Amy Johnson | None
Sophia Meyer | None
Andrew Schill | None
Jenna Goeb | None
Courtney Syverson | None
Donna M. Walters | None
Rebecca Stamm | None
Jim Jeffers | None
Libby Hanson | None
Mark Synor | None
Kevin Owens | None
Dana P. | None
Alexis Holland | None
Shawn McKenna | None
Michael Tiskus | None
Sasha Truckenbrod | None
Cash Callen | None
Barrett Lanham | None
Kara Wickersheim | None
Arjeta Lumani | None
Susan Wiberg | None
Kenna Flolo | None
Samantha Y. | None
Jim Jacobs | None
Derek Steinmetz | None
Lori Schueller | None
Bob Meyer | None
T2 T. | None
Brian Krause | None
DeAna Cooks | None
Matthew Hohensee | None
Makiyah Watts | None
Cassandra Benner | None
Devin McCarthy | None
Katherine Huss | None
Kenneth Skow | None
Alisa Kenas | None
Jennifer Marcheske | None
Michellene Wilson | None
Michael Wisneski | None
Shelly Krocka | None
Chelsey Ritter | None
Erin Baker | None
Kasi Vado | None
Nou Thao | None
Abbey Thompson | None
Joanna Johnson | None
Mallory Martin | None
Marty Jankowiak | None
Brad Sparish | None
Amber Campbell | None
Emma Jacobs | None
Veronika Outrobine | None
Alexis Madsen | None
Erik Thorne | None
Edward Yousif | None
Samara Balans | None
David Camp | None
Brandon | None
Brandon | None
Blake | None
Blake | None
Berkley | None
Bennedette | None
Austin | None
Arthur | None
Andrew | None
Anastasia | None
Amelia | None
Alyssa | None
Brett | None
Allison | None
Alex | None
Alex | None
Alex | None
Victor | None
Max | None
Matt | None
Marta | None
Lisette | None
Kelsey | None
Kayla | None
Alison | None
Julie | None
Brian | None
Ernest | None
Erik | None
Emma | None
Emily | None
Emily | None
Emil | None
Dylon | None
Diego | None
David | None
David | None
Daniel | None
Briana | None
Claudia | None
Christian | None
Chris | None
Chris | None
Cherie | None
Chazmine | None
Charlie | None
CECILIA | None
Cassidy | None
Cassandra | None
Caroline | None
Colin | None
Josh | None
Jennifer | None
Heather | None
nathalie | None
natalie | None
marlene | None
Maddie | None
linkedin | None
lauren | None
kaylee | None
Kayla | None
kasie | None
julie | None
johnny | None
john | None
Olivia | None
Jim | None
jessica | None
jeremy | None
Jason | None
jason | None
jason | None
Janine | None
jake | None
irving | None
Hannah | None
grace | None
felix | None
eric | None
Jessica | None
omar | None
sabrina | None
Sadie | None
Gitzaa | None
Erin | None
Denis | None
Damian | None
Cyndi | None
Corey | None
Christine | None
Chris | None
Caroline | None
Brady | None
Ben | None
Bass | None
Ashley | None
Ashley | None
Murtagh | None
Amanda | None
Alicia | None
Aaron | None
Temmy | None
tanayah | None
stan | None
Sherry | None
sarah | None
Ervin | None
Haily | None
Hanani | None
Amanda | None
Brett | None
Amy | None
John | None
Catherine | None
Barbara | None
Kathy | None
Andrea | None
Leah | None
Cynthia | None
Huzefa | None
Sophia | None
Zoe | None
Victoria | None
Thomas | None
Terrell | None
Taylor | None
Sydney | None
Sidney | None
Shaun | None
Shannon | None
Shannon | None
Scott | None
Sarah | None
Sarah | None
Zabrina | None
Katelyn | None
Jacob | None
Jennifer | None
Gina Kern | None
Catherine Utterback | None
Lillian Duke | None
Lizzy Pevs | None
Elizabeth Notaro | None
Ronya Lockett | None
Patti Church | None
Gina DiLonardo | None
Sandy Warren | None
Ted Shapiro | None
Michael Goltz | None
Max D. | None
Angel Hou | None
Sarah Kruse | None
Barbara Wyzkiewicz | None
Jared | None
berkley | None
Erika | None
Jonathan | None
James | None
Didi | None
Barbara | None
Lisa | None
Taryn | None
Eliza | None
Lauren | None
Denise | None
Dan | None
Samantha | None
Sam | None
Joseph | None
Joseph | None
Jordan | None
Joni | None
Jonathan | None
Jonathan | None
Jonas | None
John | None
John | None
John | None
John | None
Joe | None
Kayla | None
Joe | None
Jerry | None
Jenny | None
Jennifer | None
Jennifer | None
Jason | None
Jared | None
James | None
Jake | None
Jaclyn | None
Hunter | None
Heidi | None
Heather | None
Joan | None
Kennedy | None
Kristopher | None
Laura | None
Ryan | None
Robert | None
Rachael | None
Rachael | None
Philip | None
Patrick | None
Owen | None
Nina | None
Natalie | None
michael | None
michael | None
Michael | None
Matthew | None
Matthew | None
Mason | None
Makenzie | None
Madison | None
Louella | None
Lorie | None
Lorena | None
Lisa | None
Libby | None
Letticia | None
Leslie | None
Laura | None
Sam | None
shalini | None
Jacqueline C. | None
Carson Satter | None
Linda Phillips | None
Steven Gornati | None
Teresa Fuller | None
Kenneth Tamargo | None
Andrea Beach | None
Donna Morrow Wolfe | None
Cindi O'Shea | None
John Eckert | None
Amelia Bourne | None
Crystal C. Richardson | None
Tama Emery | None
Timothy Verbanic | None
Viorel Sarabuna | None
Elizabeth Ledbetter | None
George C. Kobitz Jr. | None
Chris Demko | None
Megan Usovsky | None
Annie Rau Hall | None
Jennifer Wilson | None
Liue Neway | None
Erin Ziercher | None
Marushka Theunis-Bone | None
Megan McCreedy | None
Serena Flowers | None
Jasmine Minter | None
Brady Ronza | None
Sarah Anderson | None
Maria Casapia | None
Lalita Harris | None
Alisa Fisher | None
Craig Lavelle | None
Michael Woods | None
Agnes Batchi | None
Susan McGhee | None
Rose Jones | None
Katina Wynn | None
Alma Stewart | None
Deanna Champagne | None
Matt McCroary | None
Wendy Howell | None
Xiaoyi Liu | None
Stacy Smith | None
Richard Manierski | None
Molly Gardner | None
Lam Nguyen Rumpf | None
Troy Parrott | None
Alex Ferguson | None
Lydia Konrady-Payton | None
Della Dean | None
Cassandra Elliott | None
Wayne A. | None
Stephanie Slater | None
Brandon Berry | None
Nikita Thompson | None
Chelsea Hill | None
Danielle Torzilli | None
Ricky Mendoza | None
Bob Crosthwait | None
Thomas Mink | None
Maremma Lester | None
Leah Ostrander | None
Clay Landrum | None
Kimmeka Pipkins | None
Matthew Hook | None
Avian Moses | None
Nyosha H. | None
Ricky Rozycki | None
Carol Allison | None
Ruby Watson | None
Linda Clubb | None
Silvia Publow | None
Matt Witt | None
Kimberly Pollihan Sanders | None
Wylie Blanchard | None
Kathleen Downs | None
Brock Mangus | None
Kelly Mills | None
Jeff Mollett | None
Todd Centofanti | None
Scott Galilei | None
Melanie L | None
Amber Johnson | None
Jacqueline P. | None
Dana James | None
Patience Wise Jones | None
Andrea C. | None
Austin Gartner | None
Miriam Temple | None
Bryan Barragan | None
Omega Rogers | None
Charlene Smith | None
Nick Parker | None
Antoínette Reid | None
Tricia Walker | None
Tara Wright | None
Jamila Freeman | None
Antone Booker | None
Melissa B Darren | None
Jill Bysick | None
Kyle Binkley | None
Margo Everett | None
Colette Fisher | None
Brandreth Blow | None
Mavis Lambert | None
Monica Oliver | None
Gi'Nia S. | None
Bob Graff | None
SeKawana Thompson | None
Melissa Doster | None
Darnell Clark | None
Sherita Middlebrooks | None
Ottie Hemmingway | None
Clarence Neal | None
Delroy Scott Jr | None
Roger Johnson | None
Esther White-Luke | None
Kevin McPheersin | None
Erika Moore | None
Erica Wiley | None
Angellica Prather | None
Jenna Kalmon | None
Jose Rodriguez | None
Sarah W. | None
Lillian Atuhire | None
LaShay Parrish | None
Megan Pearce | None
Joshua Colon | None
Vanessa Borba | None
Lauryn Ratliff | None
Chris Campbell | None
Kimberly Williams | None
Sarah Sundt | None
Christine Kreul | None
Darrell Robinson | None
Mehmed S. | None
Rachael Harris | None
Ann Coleman McGuire | None
Nathan Fimbres | None
Kate H. | None
Elena Psarakis | None
Rose Smotherson | None
Amy Knight | None
Cameron Bias | None
Gustavo Gross | None
Hector H. Alzate | None
Brandon Dinh | None
Jack Zolla | None
Stephanie Lawrence | None
Leah M. | None
Jose Zouain | None
Grecia Rodriguez | None
Amanda Carrazana | None
Monique Daniel | None
James Silvius | None
Bridget Bashaw | None
Glenn Kraft | None
Gabriel Falcon | None
Paige Lemke | None
LaToya Elliott | None
Christa L. Grant | None
Mallory Mill | None
Justin Nunes | None
Greter Martinez | None
Victoria Marc | None
Megan Peterson | None
Rosmy Cerdas | None
Kristin Zernich | None
Alyssa O'Brien | None
Zachary Holden | None
James DiChiara | None
Andrew Mims | None
Erin Holter | None
Yasmin E. | None
Morgan D. | None
Chase Hartman | None
Diana Jefferson | None
melissa crutchfield | None
Tom Hines | None
Stacie McGill | None
Jamie C. | None
Stephen Crews | None
David K. | None
Cori Ridley | None
Sean Haggerty | None
Ruby Kirkland | None
Morgan Majzner | None
Bob Balazic | None
Nathalie Hernandez | None
Carmen Roman | None
Dan Goonin | None
James Parzynski | None
Ron Wilkinson | None
Helen Olmeda | None
Emilia Accettullo | None
Sara Neering | None
Lara Szejko | None
Shaniece Adderley | None
Kimberly Gustafson | None
Sarah King | None
Michael J Carpenedo | None
Vanessa D'Brot | None
Lisa Morgan | None
Megan Bickford | None
Zach Saffe | None
Fernando Reyes | None
Meybol Perez Rosquete | None
Robert Elkins | None
Israel Swanson | None
Katherine Saldarriaga | None
Kiara Ashton | None
Donna Renwick | None
Andy Hammons | None
James Lampke | None
Pedro Martin Perez | None
Ceiffawn Wetherspoon | None
Dawn Scott | None
Jp Maruri | None
Danielle Storm | None
Dadnise Anglade Blanchet | None
Amelia Nunez | None
Logann Nichols | None
Brian Brown | None
Linda Gonzalez | None
Kelly Andersen | None
Ashley Malia | None
Lupita Sebastian | None
Celine Trivanovic | None
Caylonnie Jackson | None
Katherine Spencer Lee | None
Aaron Mease | None
Brendon Gonzalez | None
Jacq Smith | None
Keshia Bennett | None
Diane Casey | None
Stan Godbehere | None
Trevor Dietmeier | None
David Hocevar | None
Raye Mariland | None
Jack Johnson | None
Patrice West | None
Angela Morgan | None
Alan Boris | None
Lisa Hedgecoth | None
Mike Fuller | None
Gustavo Rojas | None
Joshua A. Norris | None
Lisa Steiner | None
keyuana anderson | None
Jason Daniels | None
Jennifer Stroemich | None
Cristabel Uribe | None
John Harnois | None
Michael Ward | None
Chayla Saeedi | None
Kertrina Carriere | None
Henderson Clary | None
Michael Yalcinsoy | None
Jordan Christian | None
Liliya Lanza | None
Kristin Shepardson | None
Heather D. | None
Jacqueline Mejia | None
Loryn Nash | None
Jennifer Edwards | None
Patricia Wurm | None
Patricia Surber | None
Tami Ballis | None
Melissa Bryant | None
Jay Nordstrom | None
Erlynn Carbajal | None
Christopher Osborne-Moss | None
Lauren Bunnell | None
Trish Sloan | None
Rodolfo Ledesma Jr. | None
Kristy Funkley | None
Juan Garcia | None
Andrew Baker | None
Paul Reeves | None
Faizah Roberts | None
Tonya Jones | None
Teresita McKibben | None
Megan S. Lackman | None
Celeste Medina | None
Jessica Anderson | None
Megan Green | None
April H. | None
Ann Samolinski | None
Lynn Manis | None
Marisol Thumann | None
Diana Melendez | None
Kevin Knight | None
Isaiah Manzanares | None
Juan Fandino | None
Dan Dungy | None
Sarah Lobur | None
Bryce Blair | None
Ryan Escher | None
Tiffany L. | None
Diane Kapugi | None
Jim McMeans | None
Siobhan O'Sullivan | None
Tracy Asher | None
Meredith White | None
Kelsey Hartman | None
Cheryl Alver | None
Kyle Kiser | None
Tara Reed | None
Morgan Cox | None
Spencer White | None
Matthew Marks | None
Sushma Shivanagi | None
Kiandra Mitchum | None
JoAnn G. | None
Moniqua Horta | None
Melissa Paz | None
Jayson Igney | None
Jenifer Proctor | None
Kelsey Jasper | None
Tammy Chambers | None
Courtney Angelo Sowa | None
Mark Statham | None
Daniel De Leon | None
Jose Arevalo | None
Stefanie Frank | None
Anna Hunter | None
Joshua Rand | None
Laurie Cook | None
JOAQUIN COSTA CAMPOZANO | None
Rachel Willis Nagy | None
Brandon Goldberg | None
Priscilla Albrecht | None
Jared Wagner | None
Jordan Bouknight | None
Lucas Estelle | None
Derek Daniels | None
Umber Kabir | None
Arnisha M. | None
Amanda Mhanna | None
Melissa Deckard | None
Anthony Davis | None
Sarah Vander Stouwe | None
Jordan Weeks | None
Courtney Faircloth | None
Becky Hamilton | None
Twannett Pigford | None
Caren Younker | None
Stephanie Limon-Knighton | None
Ben Smith | None
Jana Brannon | None
Matthew Starr | None
Irma-Marianella Boggio | None
Kristin Tallant | None
Kelcy Ray | None
Julie Achtzehn | None
Valerie Jones | None
Linda Downing | None
Mark Waters | None
Steve Tradd | None
Laurie S. | None
Patrick Stowe | None
Tonia Johnson | None
Melissa Alfano | None
Stephanie Turner | None
Reta M. | None
Rebecca Decker | None
Robin Riede | None
Gina Davis Schwanke | None
Leslie Duncan | None
Don Plato | None
Teeya Kernan | None
Lauren Dean | None
Amanda Wenzel | None
Karmiel Alexander | None
Danielle Davis | None
Jason Brezinski | None
Emily Ratchford | None
Timi Sorem | None
Kerrie Duck | None
Toya Williams | None
Jennifer Brookshire | None
Brittany Brown | None
Kelly Nichols | None
Alexander B. | None
Anassa Thompson | None
Andy Sember | None
Mary Frances Scholle | None
Callen Gunter | None
Morgan Puente | None
David Perch | None
Hannah Murray Woods | None
Rhonda Brooks | None
Jason Lewis | None
Sydney Gruchot | None
DJ Roth | None
Michael Zerillo | None
Chelsea Treat | None
Katherine Lecce | None
Preston Yelverton | None
Libby Mooney | None
Josette Walker | None
Meredith Hamlin | None
Berlyne Vincent | None
Mark Havens | None
Michael Ferrise | None
Tracie Ifkovits | None
Jerome Johnson | None
Zach Winkler | None
Cherie Brown | None
Austin Wilson | None
Destinee L. Felder | None
Madelyn Palmer | None
Krista Beechy | None
Chelsea McCune | None
Audra Thrush | None
Jennifer Cornwell | None
Cora Marsik | None
Brittin Clark | None
Lindsey Hilton | None
Kallimarie von Kuhn | None
Anita Ray | None
Diana Hood Baquet | None
Courtney C. | None
Ashley Schaal | None
Isabel Kyle | None
Taylor Hundley | None
Brandon McGrotha | None
Blake Callens | None
Jonathan Cahill | None
Lisa A. Singleton | None
Ronald Burton | None
Marketta Anderson | None
Danilo Kennedy | None
Lynn Dreyer | None
Barbara Santamour | None
Missy Hass-Jones | None
Melody Tanner | None
Margaret Hollingsworth | None
Steffon Reed | None
Allan Yara | None
Timesha Parker | None
Juanita Cook | None
Rhonda C. Darden | None
Lee Pena | None
Kelli Hershberger | None
Alisha H. | None
Megan Kovach-Schloss | None
Taylor Hopfer | None
Amanda Newhard | None
Andrew Klahr | None
Ella Howlin | None
Laura Wise | None
Otto Bermeo | None
Nedra J. | None
Lauren Coker | None
Justin DeVaughn | None
Miranda Wray Canady | None
Brian Conroy | None
Meagan Knox | None
John Diaz | None
Vincent Milner | None
Michelle Ballman | None
Payton Harris | None
Matthew Wulfeck | None
Renee Dillon | None
Valerie K. | None
Nick Morgan | None
Morgan Lovelace | None
Alex Beech | None
Ashley Dilts | None
Bob Dempsey | None
Kelsey Iliff | None
Jennifer Hilton | None
Cortni Stanislawski | None
Hallie V. | None
Kelly Blake | None
Christopher Sawicki | None
Michael Lane | None
Asher Fields | None
Meghan E. | None
Kyra Reid Nance | None
Jordan Metts | None
Toya Lindsay | None
Erin Powers | None
Beatriz Aguilar Belloc | None
Connor Anspach | None
Lula T. | None
David Ferrari | None
Dennis Ianiro | None
Angelica Johnson | None
Lani Sykora | None
Rachel Vari | None
Isaiah McLaughlin | None
Diana Fahle | None
Craig Hibbard | None
Megan Keeney | None
Matt Thomas | None
Ashley Cook | None
Evan Madge | None
Lisa Hoffer | None
Tami Shapiro | None
Teresa Campbell | None
Christopher Braun | None
Ginny Robbins | None
Jocelyn Gasque | None
Anita Hairston | None
Jeff Grimes | None
Elissa Williams | None
Candice Miller | None
Antoinette Lonardo | None
Josh Arthur | None
Taylor B. | None
Leona Rainey | None
Bill Hodac | None
Jodie Dugan | None
Gretchen Riker-Willig | None
Trey H. | None
Reesa M. | None
Joann Lawson | None
Jason Young | None
Meloni Waller | None
Kathleen Perrine | None
Yevgeniy Malikov | None
Caren Crew | None
Allison Palm | None
Catherine Buathier | None
Kris Huiet | None
Lauren Nally | None
LaShonda Wright | None
Jim Settlemire | None
Ed Macall | None
Adrienne Swensgard | None
Sandra Lykins | None
Lucas Walz | None
Ryan Hansen | None
Kaiden Cates | None
Robert Bailey | None
Cole Collins | None
Micah Crick | None
Jack Mersereau | None
Catalina Diaz | None
Roger Schisholm | None
Julian Cuello | None
Ralph Rehn | None
Tiffany Marshall | None
Eric Weidinger | None
Marcos Franco | None
Sean Murphy | None
Jada Plowden | None
Kimberly Battise | None
Stephen Barnett | None
Addison Salter | None
Vusala Eynullayeva | None
Deidra DenDanto | None
Dorene Duncan | None
Annastasia Rohrer | None
Jeff Kundrat | None
Angela Miller | None
Kathryn L. | None
Harrison Tancer | None
Taylor Johnson | None
Haleigh Ford | None
Carmen González | None
Kwamia B. | None
Matt E. Wagner | None
Kevin Smith | None
Mikeia McGee | None
George B. Moore | None
greg kost | None
Juliet Anne Perrault | None
Aaquil Annoor | None
Joe Farrugia | None
Teleigha Peavy | None
Jacob Stenzel | None
John Gibson | None
Dr. Sharita Speed | None
Marci Wood | None
Charles Wang | None
Maria-Elena Pozza | None
Kimberley Davis | None
Mark Scanlon | None
Sebastian Sherrod | None
Paula West | None
Angela Mizell | None
Brandee Whiddon | None
Blair Bernier | None
Lauren Chaney | None
Corine Shackelford | None
Lecole Johnson | None
J’nielle Rivers | None
Monty Thomas | None
Jamie F. | None
Ryan Thomson | None
Bobby Turner | None
Sha Von Johnson | None
Dominique Kinney | None
Cynthia Hartmann | None
Deborah Pennington | None
Kerry Thomas | None
Jeff Alspach | None
Raymond J. | None
Jamie L. B. | None
KAHRON HEATH | None
Haley Rose | None
Clay Hofelich | None
Lucy Andrea D. | None
John Dodds | None
Mitchell H. | None
Katelyn Davis | None
Alyssa (Woodward) Yarbrough | None
Aaris Reed | None
Shadina Santos | None
Amy Mangan | None
Linda Russell | None
James Taylor | None
Myesha Clanton | None
Mary Robinson | None
Deaser Seahaw | None
Alex M. | None
Gabi Schlabs | None
Kevin S. | None
Donna Staiano | None
Joshua Harkins | None
Dina Anur | None
Jordan Noil | None
Collin Hall | None
Vanessa Sullivan | None
Jackie Zukowski | None
Shannon Egan | None
Nathan Gordon | None
Andrew Correale | None
Desarez (Dez) Rogers | None
Paul Sottile | None
Devon Vance | None
Jacob Martin | None
Peter Rakocevic | None
Emily Barkley | None
Todd M. Erickson | None
Seth Peterson | None
Kristen Atkinson | None
Sean Halloran | None
LaKesha Mackey | None
Marsha Rawlings-Bartley | None
Greg Bortnick | None
Stephanie Byard | None
Tiffany Valencia | None
Dave Hummel | None
Alex Phillips | None
Nikolas Padilla | None
Gordon Lewis | None
Linda Coke | None
Joseph Pinkard | None
Christopher Jackson | None
Jordy Kirr | None
Justin Bowman | None
Pamela Brown | None
Andria Smith-Alston | None
Caroline Castellaw | None
Nicki Carrea | None
Jessica Garcia-Perez | None
Alex Im | None
Aaron Lewis | None
Derek Schafer | None
Sarah Pelo | None
Ann Guerra | None
Samantha Seiler | None
Kristina Pouliot | None
Dave Woodford | None
Sy'Donia Adams | None
Christian Mata | None
Dawn Hawkins | None
Jonathan Coblentz | None
Gabrielle Weems | None
Kelsei Washington | None
Dawn Yost | None
Kara Finch | None
Jacqueline Genovese | None
Luke Reed | None
Deanna C. | None
Natalie DeSollar | None
Kelly Carter Rowland | None
Stephanie Searcy | None
Jeanne DuBose | None
Nicole D. | None
Eric Hollister | None
Major Green | None
Lekita Jones | None
Lauren Rodeheaver | None
Logan Maxfield | None
Rovene Choyce | None
Amanda O'Brien | None
Lashanda Hyman | None
Zane Gray | None
Lisa Turner-Hernandez | None
Tyler Beebe | None
JR Cadwallader | None
Matt Martens | None
Brit Anderson-Sharp | None
Melissa Valenzuela | None
Seth Parrish | None
Darren Oellien | None
Steve Adams | None
Corey Evans | None
Lindsey Sielfleisch | None
Mark Thornton | None
Pam Leonard | None
Ashley Mahoney | None
Brooke Williams | None
Nyk Moon | None
Brent Humphries | None
Mayya Meylakh | None
Jaimee Di Bona | None
Jacob Shriner | None
Kevin Cook | None
Krista Horvath | None
Kelvin M. | None
Andraya Leah Genskow | None
Joseph LaValley | None
William Murphy | None
LaJuana McCree | None
Juliann Cole | None
Glennecia Ashley | None
Erica Brown | None
Ryan Combs | None
Jake O. | None
Deborah Stevenson | None
Roxanne Bowen | None
Kimberly Abayan-Tingue | None
Ginger Brownfield | None
Danielle DiNicola | None
Michelle Ordonez | None
Alejandra Giusseppi | None
Janet Weinberg | None
Becky Ullman | None
Mary Joseph | None
Kayla Bajak | None
Estefani Stanin | None
Ava Prejean | None
Jesse Jackson | None
Jennifer Blair | None
Charlotte Newman | None
Magnus Quinwell | None
Tim Farrar | None
Kimberly Carlos | None
Danielle Williams | None
Catrice Harris | None
Krista Sheehan | None
Raelyn Williams | None
Lerin Roberts | None
Steven Montgomery | None
Yolanda Rios | None
Kala Wilson | None
Jennifer Keller | None
Scott Kapich | None
Deborah Burks | None
Jeremy Ellender | None
Christine Pettingill | None
Lisa Turner | None
Yesenia Andino | None
Bethany Monroe | None
Taylor Newman | None
JOYCE HARRIS | None
Kellie Moore | None
Aleyna Cates | None
Stephanie Krejs | None
Regina Emengini | None
Katy Giguere | None
Jacob Jones. | None
Paul Gonzales | None
Courtney Fanning | None
Haydn Ditto | None
Amy Fridley | None
LaTroy Sullivan | None
Aaron Donahoe | None
Ginger Pomroy Aylor | None
L Q | None
Ashley Knudsen | None
Cindy Cox | None
Wilna Sanon | None
Scott Greenberg | None
Jenn Jackson | None
Nicole C. Fitz | None
Christopher Solomon | None
Sherry Metzger Mattingly | None
Spencer Kelly | None
Raul Valdes-Miranda Jr. | None
James Reilman | None
Jennifer Pierce | None
Meredith Blankenship | None
Alexandra Pease | None
Yeshi Leggesse | None
Amanda Sutton | None
Hannah Sanderson | None
Sven Albrecht | None
Magarethe Charles | None
Jennifer Tyrrell | None
J Butler | None
V. Susanne Pujdak | None
Karen Lynch | None
Monique Delacroix | None
Kara Solari | None
Felicia Hobbs | None
Stephanie Swanson | None
Jacob Reyes | None
Kat Cortez | None
Kevin Nguyen | None
Ashley Royce | None
Evret Greer | None
Dennis Clements | None
Boyce Brenner | None
Yolanda Griffin | None
Michelle A. | None
Giacomo Sicardi | None
Bret McCuistion | None
Michelle Tarlton | None
Christi Pettitt | None
Storee Coomer-Everage | None
Berta Smith | None
Lydia Odums | None
Christi M. | None
Shannon K. | None
Jeff Siegrist | None
Jeremy Trimble | None
Charles Wall Jr. | None
Augusta Muo | None
Hannah Nguyen | None
Mariana Beatriz Hernández Corona | None
Alexander Beckmann | None
Angelica T. | None
Ashley Nicole Bennett | None
Ricardo DeLucio | None
Rebecca M. | None
Courtney Hodgins | None
Terrie Breeden | None
Kat Wetzel | None
Katie Binford Casey | None
Agiano Horace | None
Gary Pittman | None
Tom Worth | None
Alicia Terry | None
Tina Roberts | None
Toni Kirkendoll | None
Amy Martin | None
Thornton Stewart | None
Brandon Riley | None
Jo Ann Schack | None
Tami McWhorter | None
Kristen Kuykendall | None
Cedric Owens | None
Abby Thompson | None
Amber S. Peña | None
Adam Brick | None
Keri Voss | None
George Atiee II | None
Ebony Brown | None
Ben Hobson | None
Kristi Woods | None
Aaron Ragusa | None
Rebecca Marshall | None
Emma Gail Jones | None
Cristal Lovejoy | None
Justin Barton | None
Roshandra Clark | None
Cedric Callins | None
Shelia Smith | None
Cecil Gregg | None
Mark Loiacano | None
Nestor Alvarez | None
Belinda Miller | None
Pamela Flory | None
Natalie Knowlton Limes | None
Pamela Caston | None
Erin Hill | None
Carolyn Wells | None
Melinda Alison | None
Alibella Rodriguez | None
Glen Robinson | None
Eboni Carter | None
Matthew Guinn | None
Arthur Johns | None
Sean Daugherty | None
Monica Smart | None
Jason Bowen | None
Charlotte Maxwell | None
Luke Vaughn | None
Trina R. | None
Adam Zatlo | None
Mary McCullar | None
Ingrid Spencer | None
Jobeth Lira | None
Prince Omorogbe | None
Christopher Stanley | None
Erin Cromie | None
Connor W. Tinkham | None
Jacob Rauers | None
Susan Atchison | None
Ashley Washington | None
Jennifer Adair | None
Kyla McKenzie | None
Kevin Haas | None
Claire Mahoney | None
Candy Jennings | None
Bryan Sims | None
Karen Byers | None
Michelle DeVoe | None
Robert Vaughn | None
D'Andra Darwin | None
Lisa Gaetz | None
Greg Gisiano | None
Carol Nichols | None
Heather Sweet | None
Jelle de Jong | None
Caroline McGlaun | None
Jeromy Gregg | None
Eric Murray | None
Calvin Pacleb | None
Doug Danowski | None
Diana Jenkins | None
Chanel N Henderson | None
CHELSEA STEELE | None
Jason Dooley | None
Natalie Taper | None
Bryan Rider | None
Justice Duffy | None
Jill Brownell Young | None
Michael Mott | None
Marcus Ealim | None
Kirk Schwerzler | None
Tom Kerns | None
Keith Triggs | None
Garrett Goodson | None
Kristine R. | None
Starr Sinches | None
Kenedi Lira | None
Emmanuel Calvillo | None
Brady Vaughan | None
Annette Smith | None
Laqurail Mozee | None
Dylan Roubal | None
Joey Langone | None
Alex S. | None
Tabitha Coker | None
Jackson Sutter | None
Tracy Smith | None
Jake Jacome | None
Nancy Coupe | None
Justice Amadi | None
Cheryl Riley | None
Sandra Ibarra | None
Sharon Durden | None
Lillian Ortiz | None
Rafael Annunziata | None
Nicole Harris | None
Jacklyn Mcneil | None
Randi Bradfield | None
Lauren Witt | None
Ashley Nunn | None
Andrea Sawyer | None
Brittney Chiovaro | None
Wayne Wlodawsky | None
Daniel Martinez | None
Stacey K. | None
Gina Vermuth-Smith | None
Darron Graham | None
Michael G. | None
Josette Rosa | None
Allison Beckner | None
Ryan Larzelere | None
Alexei Reyes | None
Tenai Hensley | None
Linda Newman | None
Amanda Jindra | None
Kristi Escobedo | None
Megan Morris | None
Kim Story | None
Elizabeth Bailey | None
Chad Stuart | None
Megan Morgan | None
Greer McAfee | None
Kate Miller | None
Heather Ainsworth | None
Jennifer Flanery | None
Grace Ferut-Stec | None
Laurene Cooke | None
William G. | None
Gabby Lamb | None
carrie vallone | None
Chase Jones | None
Brian Araujo | None
Logan Rodriguez | None
Mike Hules | None
Jessie Lang | None
Ayla O'Dwyer | None
Irina Madison | None
Christina Villarreal | None
Darby Chalko | None
Devyn Black | None
Kelly Huss | None
Estany Fernandez | None
Jayme Faulkner | None
Kaitlin Crahan | None
Angelica Avalos-Traylor | None
Conner F. | None
Krystine Ullman | None
Jamie Lindsay | None
Sarah Guadalupe Valencia | None
Gilbert Herrera | None
Lindsay Quarles | None
Yessica Krozel | None
josh gonzales | None
Deanne Hall-Goldsmith | None
Bailey Domzalski | None
Liz Noyes | None
Jennifer Geiger-Fogal | None
Stacey Levine | None
Luke Andrews | None
Chochy Lucé | None
Drea Gonzales | None
Ashlee Steele | None
Brittany Harrison | None
Robert Saba | None
James Payton | None
Mary Jane Silva | None
Lauren Keeney | None
Debbie Gramlich | None
Sarah Kirk | None
Katy Olsen | None
Sherrie Niemtschk Fuller | None
Earl Smoak Jr | None
Daisy A. Ocaña Montufar | None
Johan Andersson | None
Megan Crowl | None
Mike Duran | None
Keia Fountain | None
Alexia Hall | None
Madison Highland Wingo | None
Lakeitria Patterson | None
Amanda Long | None
Blake Batha | None
Lisa Oakley | None
Alnita F. | None
Brock Unruh | None
Maria Luz P. | None
KaTrease Trotman | None
Thanh Do | None
Justin Howerton | None
Bloom Chelsea | None
Kaitie James | None
Karen Amoroso | None
Hailey Hines | None
Derek Koett | None
Gina Winters | None
Lindsey Joyce | None
Larry A. | None
Gael G. | None
Pam Mejia | None
Jerry Miller | None
Amanda Sepúlveda | None
Julie Okeke | None
Brenda Bazarte | None
Suzanne Sever | None
Becca Hammond | None
Maria Luspo | None
Rose Anna Richardson | None
Lindsay Moran | None
Kristin Stonecipher | None
Bill Love | None
Drew I. | None
Heath Morris | None
Cathy Duplissa-Lopez | None
Brenna Funderburg | None
Sheila Ortiz | None
Janet Silva | None
Linwood Johnson | None
Kathryn S. Moller | None
David Bell | None
Christina Smith | None
Andrea Jennings | None
Tracy Vandergriff | None
Greg Mazur | None
Christina Garcia | None
Micah Schulte | None
Starr Cole | None
Sarah Christman | None
Jenny Luna | None
Michele Lee | None
Lori Franken | None
Paul Perger | None
Bedr Jbaili | None
Lynn Brown | None
Sam Curran | None
Jenny Smith | None
Fernanda L. | None
Susan Espinoza | None
Kayla Dever | None
Lee Staicer | None
Brandi Britton | None
Shirley M Hawkins | None
Karen Kauffeld | None
Brandi Bonifay | None
Peggy Zeigler | None
Lessie Weaver | None
Pete Cochrane | None
Coriana Spight | None
Laura Juilly | None
Michelle Tenorio | None
Yoann Delimon | None
Michael Lagiewski | None
Beverly C. | None
Grecia Vicuna | None
Vivian Miller | None
Marymar Caraballo | None
Andrew Pippin | None
Bridget Smeltzer | None
Cathy L. Tate | None
Paul Molloy | None
Jessica Vazquez | None
Dena Dancy | None
Lisa Hitchcock | None
Veronica Cody-Holmes | None
Alina Shakina | None
Heidi Martin | None
Vicki Eason | None
Jonathan Clemons | None
Cindy Gimler | None
Delores Miller | None
Katie Gholson | None
Landon Weiss | None
Kelly Hargett | None
Drew Lewis | None
Beverly Evan | None
Courtney Wilson | None
Alicia Rodriguez | None
Jennifer Sabados | None
Diana Enriquez | None
Alice Gilmore | None
Hank Darre | None
Fred E.J. Falkner | None
Noel McPherson | None
Vicki Smith | None
Mirari Palau Villarreal | None
Michelle Meikle | None
Gina Page | None
Heather Marcolino da Silva | None
Mark Lehman | None
Penny Hintz | None
Casey Stapleton | None
Brenda Arce | None
Ramon Rondon | None
Ashley DeMott | None
Lisa M. | None
Jaida Hayes | None
Dianne Thill | None
Dan I. | None
Jesus Martinez | None
Laura Meyer | None
Tammy Page | None
Andy Poquette | None
Marian Jacklich | None
Carl Mullins | None
Gary B | None
DJ M. | None
Chris Barrette | None
Pam Pulju | None
Natasha Lysiak | None
Thomas Pat | None
Ron Wollwert | None
Emily Buisson | None
Jordan Mullinix | None
Natalie Arnolde | None
Michelle Bermudez | None
Matt Kohl | None
Brynn Tuttle | None
Michele Paulson | None
Chenel Williams | None
Franc Percival | None
Todd Atkinson | None
Andres Rojas | None
Emily Herron | None
Lee Creel | None
Corby Blanchard | None
Michael Stephens | None
Paul Vadovicky | None
LaMaya McGee | None
Colin Lehman | None
Ashlee Alfreds | None
Gabriel Cervantes | None
Stephanie Dewey | None
Meldrick Cooper | None
Sean Chumley | None
Sheri Hagemann | None
Ashley Reimer Carpio | None
Jennifer F. Alfafara | None
Danielle Hite | None
Connor Barragan | None
Jamie Sabia | None
Gail Leitner | None
Hannah Dyslin | None
Shuny Shaw | None
Ramon Espinosa | None
Jamie Moody | None
Jeremy Moore | None
Noel Tiell | None
Ron Martin | None
Melissa Yarosz | None
Mike Merzius | None
Mallory Pollitt | None
Carlene Cline | None
Erin Wallace | None
Geoffrey King | None
Hannah Smith | None
Jon Lankford | None
Kristine Wright | None
Jenn Maloney | None
Kim Swartzmiller | None
Judson Eakin | None
Alex Winters | None
Phil Dunn | None
Cammie Truesdale | None
Anna Kwok | None
Ryan Skubis | None
Ben Morris | None
John Boyle | None
John Dean | None
Kristen Sumpter | None
Zoe Slater | None
Wendy Tune | None
Julian F. Guilarte | None
Shannon Murphy | None
Noelia Colina Clara | None
Gary Hodgson | None
Stefon T. | None
Janelee Gearhart | None
Kierra Mitchner | None
Gillian Cloete | None
Sharon Shank | None
Dan DeNisco | None
Lauren Ross | None
Lyandra Hooper | None
Mitch Anderson | None
Zach Perry | None
Eddie Bailey | None
Jerry Huerta | None
Ethan Wellhausen | None
Chad Leibundguth | None
Daniel Polissaint | None
Anna Gezer | None
Ariel Gardelin | None
Prince Nkemdirim | None
Justin Hawkes | None
Amanda Feldhege | None
Kathryn Meyer | None
Carrie Lewis | None
Heather Melancon | None
Mikel Melton | None
Lauren Stobbs | None
Jason Hoskins | None
tyffanie vanderpool | None
James Butler | None
Stefan Mach | None
Dominique Ventris | None
Desiree S. W. | None
Janelle Accardo | None
Carol Zimmer | None
Destini Lanaux | None
Julia Hess | None
Stephanie Robinson | None
Erneshia Calvin | None
Hayley Euper | None
Anisa Davis | None
Emily Schneller | None
Christine Silva | None
Stephen S. | None
Jacqueline Allen | None
Shelbe Ward | None
Raegan Robson | None
Lane Baltzer | None
Amanda Ford | None
Tanja L. | None
Pamela L. Williams-Dye | None
Joyce Bailey | None
Donna M. | None
Quenna Washington | None
Elizabeth Outlaw | None
Jessica Cowan | None
Liz Sheehan | None
Julie Nguyen | None
Shamara King | None
Allison Rivere Mack | None
Ernest Smith | None
Michelle Mulligan | None
Jeanne' Forsyth | None
Sara Bech | None
Erin Arrieta | None
Kathy Jimmerson | None
Ladie Olagundoye | None
Bianca Tristan | None
Kim Lafrentz | None
Robin Fraley | None
Raisha Martin | None
Katie Lemire | None
Sarah Gregerson | None
Katie Merritt | None
Devinity Robertson | None
Kay L Turner | None
Alberta Jacobs | None
Gregory Johnson | None
Fredelle Green | None
Ana Rendon | None
Ted McDermott | None
Jennifer Brewer | None
Michael Barrie | None
Rigo Gomez | None
Susan D. | None
Debi Kerr | None
Exie Izaguirre | None
Cade White | None
Afrika Morris | None
Mary Wood | None
Kelsey Brown | None
Sheri L. Grams. | None
Rich Cook | None
Tonja Manning | None
John Parker | None
Jeremy Edson | None
Jaclyn Farris | None
Brian Broussard | None
Johnese Ramirez | None
Angelica Jones | None
Yvette Molina | None
Michael Burns | None
Lisa Rawson | None
Debra Cahill | None
Stephen Grimes | None
Kathleen Reynolds | None
DJ Ruhland | None
Lisa Montagna | None
Mike Kelly | None
Anna (Bain) Roby | None
Jamy J. Sullivan | None
Pamela Moore | None
Cameron Bigelow | None
Chelsea Griffin | None
Jose Luis Ruiz | None
Jose Cunha | None
Isabel Cotto De Jesus | None
J-F Armandine | None
Kimberly Perrow | None
Rachel Scott | None
Audrey Friedman | None
Chris Tubbs | None
Nicole Chastain | None
Steve Slack | None
Lisa Coker | None
Sean Krummenacker | None
Christine R. Maglione | None
Bradley G. | None
Amy Culpepper | None
Douglas Hardy II | None
Ed Smith | None
Latonya Taylor | None
Andrea Neckien | None
Jeremy Sayne | None
Amy Springirth | None
Angela L. | None
Sandy Saylors | None
Kathleen O'Malley | None
Michael Hezeau | None
Hudson Seago | None
Debra Jones | None
Joel Petgrave | None
William Wilson | None
Roseanna Newton | None
Shelby G. | None
Walter Hill | None
Meredith Weiss | None
Nicole Marklin | None
Diana Kuper | None
Rob Theoudele Jr. | None
Reed H. | None
Tronya W. | None
Andrew Gillis | None
Rusty Roddy | None
Keirston Masterson | None
Carolyn Nolff | None
John Kyle Hauenstein | None
Maurice DiTrapani | None
Christopher Widmer | None
Emily Busby Thomas | None
Wendi Garrett Wilson | None
Mike Njiru | None
Trent Pate | None
Abdou Aziz Faye | None
Peter Sawala | None
Tristine Turner | None
Teresa Garrison | None
Cheryl A. Waugh Knight | None
Troy Robinson | None
Michael Rodriguez | None
Chuck Hanson | None
Laurie Keltz | None
Fiona Barrett | None
Kayla Bowman | None
Jeffery James | None
Keith Kleckner | None
Gwendolyn Wardlow | None
Alyson Loane | None
Todd DeLozier | None
Ayana Smith | None
Steve Spinello | None
Rodney Dickey | None
Marissa Fernandez | None
John Mula | None
Gabrielle Byczek | None
Monty Nichols Millard | None
Penny Hyrka | None
Bethany Chaffin | None
Teaha Carter | None
Sofia Clawson | None
Amanda McLain | None
Brady Hawkins | None
Christy Schuerman | None
Kylee Shanaghan | None
Dana Bonavia | None
Aleksander Szajowski | None
Katy Jones-Moyes | None
Michael Williams | None
Leana Howell | None
Jill Turski | None
Mark Rubin | None
Alexandra Greely | None
Christine Willis | None
Michael Hyman | None
Shelle Butler | None
Carolyn Casper | None
Michael Cronin | None
Maria W. | None
Paul Shaughnessy | None
Justin Brennick | None
Taylor Stetzar | None
Ray Johnson | None
Erick Larson | None
Brant Boyington | None
Robin Daley | None
Ryan Whittemore | None
Joseph DiBernardo | None
Ouli Boye | None
Jeff Holmes | None
Sarah Poling | None
Leigh Linsley | None
Eric Lebow | None
Chantal S. | None
Soani Rodriguez | None
Kimberly Bennett | None
Anna Chow | None
Emily Neill | None
Steven Levy | None
Nina West | None
Alyssa Sandstrom | None
Jie Zhong | None
David Walker | None
Melvin Caceres | None
James Moore | None
Brianna Lomedico | None
David S. | None
Cathy Dedert | None
Jenny Duffy | None
Alicia Gray | None
Shawn Joyce | None
Anet Nantongo | None
Eric Bodine | None
Katie Dollard | None
Steven Trotter | None
Theodore Karabetsos | None
Mira (Myroslava) Pekhnik | None
Michelle Angelescu | None
Jasmine Mateo | None
Duane E Sauer | None
Veo Gladun | None
Kelsey Ryan | None
Steve Bloom | None
Drew Schroll | None
Michael Bolingbroke | None
Shariece Collins | None
Joanne D. | None
Michael Music | None
Ally Foster | None
Sal Fiorillo | None
Gigi Farhidys Forde | None
Melanie Poehnert | None
John Larew | None
Anthony S. | None
Kaylee Wu | None
Michael Heron | None
Doug Munson | None
Kent Maynard | None
Ed Bradley | None
Michael Fitzsimmons | None
Dan Liang | None
Ulises Maldonado | None
Lenore McCabe | None
Jerry C. | None
Cassandra Fuller | None
Monique Bryan | None
Colby Modugno | None
Robert H. | None
Rosana W. | None
Germania Estevez | None
Steven Cordio | None
Brittany Morrison | None
Karina Heinold | None
Denise Lake | None
Debbie Gilliam | None
Heather Renaud | None
Ann B. | None
Jessica Nicoletta | None
Rebecca Risk | None
Stephanie Roy | None
Evan Glasser | None
Cooper Merrill | None
Donna Long | None
Michelle McAvey | None
Brenda Martínez | None
Bill Driscoll | None
Dylan Leavitt | None
Lauren Ferrajina | None
Stephen P. Valeri Sr. | None
Hannah Erickson | None
Julia Mello | None
Devon Moschella | None
Mark Rogers | None
April Gregory | None
Camilley Amaral | None
Gina Willis | None
Zachary Kagy | None
Abigail Joncas | None
Matthew Fulp | None
Jeremy Borriello | None
Lisette S. | None
Iain Pearl-Baxter | None
Gilbert Marquis | None
Amanda S. | None
Victoria Roux | None
Katie Plankey | None
Daniel O'Brien | None
Richardine OBrien | None
Chrissy Dupre | None
Beth Cabrera | None
Abby McGrath | None
Colin Conway | None
Megan Guiry | None
Alex Cheema (borderline, but commonly non-Indian in this context) | None
Benjamin Neiditz | None
Alex Morsey | None
Kari Mackey | None
Joao Oliveira | None
Josh McKechney | None
Tim Quaglieri | None
Kerri Casarano | None
Tracy Mulligan | None
Arielle Levesque | None
Evan Doorandish | None
Jaclyn Roberts | None
Lindsey Doll | None
Sean Ferris | None
Joe Caraco | None
James S. | None
Matt Katz | None
Michael Turano | None
Nick Demars | None
Steven Bristow | None
Matthew Rudolph | None
Gil Matos | None
Bryan Fornier | None
Eric DiChiara | None
Bob Nealon | None
Lorna Thomas | None
Jack Morse | None
Jack Freeman | None
Jeremy Tranfaglia | None
Salvatore Tecci | None
Abigail Opalinski | None
Edward Bradley | None
Claudia Robinson | None
Lily Raso | None
Bonnie Fillippi | None
Jordan Brown | None
Karen Aubin | None
Victor Muller | None
Jen Howland | None
Julie Sheehan | None
Anthony Ventresca | None
Robert P | None
Michael Abate | None
Thiago de Matos | None
Meghan Landers | None
Taylor Rothbauer | None
Kim Coffin | None
Eileen Katis | None
Aidan McEvoy | None
Mylinda Harrison | None
Kristin Moulton | None
Steven Ringuette | None
Carly Thomas | None
Emma Fenn | None
Kevin W. | None
Jack McKenna | None
Eve Parker | None
Christine M W. | None
Ali Guzman | None
Lucas Waraksa | None
Jacob N. | None
Leo Gurin | None
Patrick Stephen Conway | None
Matthew Durkin | None
Noah Rosenberg | None
Lené Small | None
Allen Sonya | None
Tracy Emken | None
R. Louis Ascolese | None
Dora Onyschak | None
Matthew Vroegindewey | None
Corey Goldberg | None
Marc Orlando | None
Frank Karlinski | None
Robert Sarajian | None
Shane Reardon | None
Jessica Kreush | None
Rahson Morrison | None
Staniel Maquilon | None
Jenny Holz | None
Adam Silverstein | None
Isabel Magistro | None
Dawn Schepisi | None
Emiliana H. | None
Elizabeth Alechammas | None
Ebrima N'Dure | None
Kaitlyn Prestinari | None
Christopher V. | None
Russell Repka | None
Jake Gironda | None
Michele Dranich | None
Christopher Ciuppa | None
Catherine Kidd Hutton | None
Marissa Morris | None
Sandra McLean | None
Kathy Conroy | None
Diana Brown | None
Robert McAllister | None
Bruce Morris | None
Ian Brennan | None
Robert Graziano | None
Jeremy Reid | None
Pamela Lim | None
Robert Robinson | None
Alexus Phillip | None
Ben Marshall | None
Alisha Birch | None
Briana Villei | None
Danielle Johnson | None
Jillian Borrelli | None
ava miller | None
Jessica Frenel | None
Kenyetta Sampah | None
Holly Perez | None
Mary Cioffi | None
Hayden Kunz | None
Frank Fritz | None
Ronald Dzurilla | None
David Lutz | None
Kacie Hurley | None
Katelyn Powell | None
Dawn A. Anthony | None
Alexis Odiase | None
Joel Quimson | None
Hannah Martin | None
Beverly D. | None
Victoria Atkins | None
Latesha Drew | None
Joe Abbondante | None
Will Umali-Behrens | None
William Bahrs | None
Jonathan Dozer | None
Maureen Geiger | None
Joe Bercaw | None
Christina Dinallo | None
Heather Reid | None
Allison Donatelli | None
Kevin Kane | None
Waverly McDonough | None
Angela Lee | None
Gillian Klypka | None
Stephanie W. | None
Aleks Margovskiy | None
Anne-Marie Johannes | None
Amanda Mastroianni | None
John Oldakowski | None
Brianna Dickey | None
Chir-Lane Johnson | None
Taishe Stallings | None
Mason Hawkin | None
Krystal Gioielli | None
Sarah Jones | None
Sean Conway | None
Chad Young | None
Brian Mahon | None
Amy M. | None
Ben Jackson | None
Shelby Dorsey | None
Mary K. Moquin | None
Tim Gaylord | None
Denise K. Murphy | None
Ken McClenithian | None
Felicia R. | None
David Dobrose | None
Jemine Omabegho | None
Susan Jones | None
Abby Harpp | None
Glenn Hydock | None
Daniele Zavarella | None
Rhonda Ferrebee | None
Brittany Rizzo | None
James Paigo | None
Susan Neil | None
Patricia Grandt | None
Kate Rossi | None
Izabella Opiola | None
Maria Casica-Serrano | None
Shaniya Taylor Walton | None
Kevin Lewis | None
Gkeya Anderson | None
Katrina Buban | None
Jen Bailey | None
Colin Kirincich | None
Chelsea Halon | None
Bruce Cartier | None
Libby Turner | None
James W Bond | None
Amanda Loftes | None
Joe Haley | None
Alyce Pagliarini | None
Michaela De Lapp | None
Joaquin Johnson | None
Kristin Rizzo | None
Anne-Marie Ring | None
Mallory Dunphy | None
Betty Q. J. Clinton | None
Kyle Souza | None
Alexandra Axelrod | None
James Cihak | None
Christin Ohser | None
Nicole Collins | None
Nicholas Attanasio | None
Rachel Siegel | None
Tiffany-Ann DeLucca | None
Johnny Langeveld | None
Bob Carroll | None
Katelyn Aziz | None
Christian Pierce | None
Peter Ferreira | None
Eric LaRiviere | None
Lily E. | None
Alex Maldonado | None
Lawrence Davide | None
Monica Maraczi | None
Lindsay Walsh | None
Guamee Jinkerson | None
Chris Schulze | None
Jim Thorpe | None
D B. | None
Diane M. Davis | None
Savina Sequeira | None
Isabella Hartman | None
Katherine Radinovic | None
Tasha Neeley | None
Jennifer DeOliveira | None
Alicia Campanella | None
Becky Silverman | None
Samara Yelle | None
Elizabeth A. | None
Marcella Marchal | None
Michaela Mello Brandt | None
Brian Zanella | None
Alec Schneggenburger | None
Daniel Berry | None
Janelle Robertson | None
Daryl Pigat | None
Necordia Morrison | None
Chantrice Green | None
Mark Graydon | None
Rosalind Jones | None
Lauren F. | None
Christopher De Peri | None
Ben Turnbull | None
Michelle Waldron | None
Dawn Fay | None
Evelyn Xu | None
Jordan Ballard | None
Ashley L. | None
Natalie Abreu | None
Debra S. | None
Caroline G. | None
Beth Steadman | None
Danielle Hansen | None
Emre Cetin | None
Cassandra Sanchez | None
Clay Grisby | None
Joshua C. | None
Welby Minier | None
Candace Tagliaferri | None
Thomas Yamond | None
Kim Caudill | None
Joan Sands | None
Jim W. | None
Stephen Russo II | None
Robert S | None
Paa Kwesi Blankson | None
William Stohl | None
Marius Harman | None
Kiera Anchundia | None
Christopher Cahill | None
Peter Bennett | None
Alisha Paul | None
Mark Klender | None
Daniel Tamayo | None
Abby Bridgford | None
Patrick Socks | None
Victoria Greene | None
Jeff Feitl | None
Kathy Corbin | None
Molly Newman | None
Jeremy Blank | None
Hailey L. | None
Jason Kaminski | None
Jack O'Connor | None
Terry Walker | None
Milan Moore | None
Chad Washington | None
Jeremy Allen | None
Akua A. Boateng | None
Ylvi Buza | None
Elaine Reid | None
Tessa Vithayathil | None
Derek Lefever | None
James Andraos | None
Joshua Dodson | None
Amina Suvalija | None
Derek Smith | None
Nick Lentz | None
Lori Williamson | None
Mike Casasanto | None
Halimah Slone | None
Denise Carter | None
Jennifer Karpf | None
Kelly Torchia | None
Rachel Howell | None
Deena Patton | None
Emily Mori | None
Amaris Lallave | None
Donna W. | None
Danielle Armitage | None
Rebecca H. | None
Paul Hawk | None
Jim Kirk | None
Eric O. | None
Gregory Gray | None
Melody Siegrist | None
Nate Hazelwood | None
Sunny Choi | None
Jennifer Bocchino | None
Kyle Clarke | None
Nicole Farley | None
Lisa Cleveland | None
Kurt Yerger | None
Adam Baker | None
Phil Herbert | None
Benjamin Turnbull | None
Alick Wong | None
Jacqueline Hall | None
Stacey St. John | None
Steve Lindor | None
Steven C. | None
Phoebe Goldig | None
John Guarino | None
Matt Solano | None
Jackie Harris | None
Franco S. | None
Amanda Horowitz | None
Elijah Hosein | None
Kathleen Dunlap | None
Jessica Peralta | None
Christopher Baker | None
Matthew Burns | None
Dian Eden | None
Mary Jean Agalio | None
Orlando Vincent C. Toledano | None
Karen Flowers | None
Angela C. Muir | None
Daniel Healy | None
Kia Robinson | None
Leslie Brown | None
Annabel C. | None
Erica Thompson | None
Keith Benenati | None
Emma Moore | None
Ethan Nguyen | None
Renata Bergman | None
Jack Greeney | None
Imani K. Welch | None
Louisa McIntire | None
Samantha T. | None
Al Jones | None
Tami Witherell | None
Marcus Leung | None
Brianna Zakala | None
Lorraine C. | None
Dana Klier | None
Manuel Cuadra | None
Eldon Dunbar IV | None
Esraa Mousa | None
Jesse Saunders | None
Andrew Colucci | None
Talicia Maghett | None
Hannah Savage | None
Keith Feinberg | None
Kevin Chin | None
Harry Kanner | None
Trisha Coccia | None
Karen Blemel | None
Mike Panowyk | None
Sarah K. | None
Danielle H. | None
Lisa Yeung | None
Nyleescia Crosby | None
Aaron Hunt | None
Blake Siegel | None
Jordan Aronson | None
Becca Ligorski | None
Danny Lam | None
Nick Corieri | None
Ian Cullen | None
Bryan Ogilvie | None
Hayden Bauer | None
Vilma Roque | None
Mehdi Choufani | None
Manuel Paredes | None
Kim Holwitz | None
Jack Bench | None
Heather Hughes | None
Victoria Micalizzi | None
Kelly Lilley | None
Gloria Fong | None
Jewell Larocque | None
Emily Sullivan | None
Fred Ross | None
Chennel Ellis | None
Kristen Cosentino | None
Nick Cinelli | None
Zachary Jay | None
Elisa Piparo | None
Jennifer Thompson | None
Jack Mandracchia | None
Lauren Fitzgerald Acevedo | None
Tyler Moran | None
John Carriero | None
Michael Bame | None
Christopher Bradshaw | None
Leann Tran | None
Anna Goldstein | None
Bri Ouellette | None
Angelea Errington-Cyr | None
Laura Drew | None
Michael R. Iafrate | None
Eric Roys | None
Jay Denis | None
Steve Martel | None
Marlon Davis | None
Nancy Wolach | None
Christopher Eissing | None
Colleen Copelin | None
Dan Holland | None
Kayla Jackson | None
Connor Reyes | None
Jason Deneu | None
David Siegal | None
Felicia G. | None
Catherine Bogdanski | None
Thierno Diallo | None
Zenobia White | None
Lauren Koteles | None
Zackary Bickford | None
Kimberly Cameron | None
Veronica Jackson | None
Jennifer Barkley | None
Ashley Isabell | None
Nicholas J. Ross Hughes | None
Jovitt (Kiure) Torrey | None
Frank A. Demell | None
Deanna Briggs | None
Julia R. | None
Kevin Corrigan | None
Jeffrey Bickford | None
David Diehsner | None
Nathan Turmel | None
Barry Roy | None
Matt Gruson | None
Mindy Hernandez | None
Casey Wiggin | None
Kerry Matheson Reed | None
Jake Rook | None
Will Widgren | None
Cindy Iacovella | None
Lili M. | None
John Sears | None
Bobby Gibbons | None
Leah Avella | None
Brian Webber | None
Lori Philbrick | None
Darla Klimm | None
Sandra Ryan | None
Lynn Facella | None
Sandra Fone | None
Carrie Rodd | None
Chad Nevers | None
Matthew Croteau | None
Rick MacDonald | None
Colleen Bovaird | None
Desiree Young | None
Carma Rorke | None
Alan Greenberg | None
Joseph Ward | None
Phil Sheehan | None
Suzanne Hagerty | None
Tracy Beal | None
Samantha Backus | None
Theresa Bourque | None
Brian Adrian Holbrook | None
Jim Dinneen | None
Suzanne Coombs | None
Sabrina Fitzgerald | None
Drew Sanborn | None
Thomas St. George | None
Ellie Hartmann | None
Alex Dostie | None
Joseph Slattery | None
Julia Granado | None
Gregory Hart | None
Andrew Brown | None
Tina Donato | None
Karen Siler | None
Brendan D. | None
Jennifer Kullerstrand | None
Sami Carmichael | None
Dianne Deitch | None
Vincent Smith | None
Jennifer Sidebottom | None
Lanae Kennedy | None
Timothy Capuano | None
Libby Paris | None
Abigale Surfus | None
Blake Rynard | None
Lennia Hayes | None
Elizabeth Webster | None
Britteny Pierson | None
Crystal Durivage | None
Elizabeth Zies | None
Troy Cohoon | None
Eric Vance | None
Jennifer Jones | None
Jim Powell | None
Erline Maruhom | None
Abby Thomas | None
Kelly P. | None
Daniele Pires | None
Jacob Green | None
Sam Draper | None
Anthony Manley | None
Michael Chen | None
Gabrielle Maisonet | None
Cassandra Jones | None
Chuck Wurtz | None
Frank Goodish | None
Sarah Butcher | None
Billie Moliere | None
Jamie DiTringo | None
William Ellis | None
Emma Fredo | None
Sarah Stock | None
Nick Saricopoulos | None
Emily Hinman | None
Rick Cote | None
Margaret Jeffries | None
Twanda Adams | None
Sinia Weathers | None
Arrami Amine | None
Lisa Sacco | None
Jennifer Winkeljohn | None
Verónica Gómez | None
Reynall Collins | None
Maggie Burks | None
Jen Towner | None
Alicia Franz | None
George Dravet | None
Sara Frey | None
Bob Hatcher | None
Kathleen Smith | None
Sarah B. Smith | None
Jillian Peterson | None
Marguerite Cruz | None
Aubrey Hart | None
Audra Cannan | None
Kori Palmieri | None
John Kristie | None
Kailin Purdy | None
Scott Alan L. | None
Keitha Preddie | None
Lee Michaels | None
Zak Young | None
Mark Pizzi | None
Rick Stein | None
Angela Dotson | None
Barry Kershaw | None
Francine DeMore | None
Seneca Smith | None
Brayden Hoffmeier | None
Dave Hirosky | None
Natalie McGurl | None
Trevor Turner | None
Michael Riddle | None
Julie Sweger | None
Danielle C. | None
Sarah G. | None
Lisa Zastrow | None
Stine Kallestad Solstad | None
Sam Fermenta | None
Billy Tan | None
Amanda Jolly | None
Marcy Lindo | None
Alan Reisinger | None
Julia Rogers | None
Eric G. | None
Amanda Barrett | None
Steven Walker | None
Marisa Spinelli | None
Arshella Parham | None
Kevin Perkins | None
LaKimberly Bell | None
Crystal Trythall | None
Jonathan Richardson | None
Janet Burandt | None
Linda Rubino | None
Cynthia Davidson | None
Daniel Masunungure | None
Patricia Lemoine | None
Leslie Vogel | None
Liz Baldwin | None
Brian Trocha | None
Joey Rodden | None
Karla Smith | None
Tonia Banks | None
Eric M. | None
Chris Koontz | None
Peter Szendrey | None
Monika Day | None
Alex Ballard | None
Philip Weil | None
Alan Larris | None
Ryan McCarty | None
Karen Jackson | None
Christina Pekalla | None
Maxwell M. | None
Gregory Morgan | None
Brian Weisz | None
Dave Willmer | None
Mechelle Kelly | None
Steve Boden | None
Jacob Comer | None
Taylor Spizer | None
Michael Derry | None
Teresa Mischler | None
Rhonda Petrucci | None
Kellie Schiavoni | None
Amanda C. | None
Tina Blankenship | None
Nicholas Chaney | None
Tim O’Neill | None
Eric Walters | None
Kaleigh Abraham | None
Michelle R. Burnett | None
Lisa Avery | None
Amy Hyman Baum | None
Catherine Allen | None
Clark Scott | None
Mike Ferrin | None
Felita Lucas | None
Paige Nicholas | None
Erin Bert | None
Cody Marshall | None
Julia Long | None
Zerubabel T. Dinsa | None
Louis Ferguson II | None
Jonathan Savage | None
Marc Garner | None
Laya Thomas | None
Christopher Woolston | None
Don France Jr. | None
Susan Ciskowski | None
PATRICK G. | None
JAZELL Mitchell | None
Nagaraju kurra | None
Dave Hamill | None
Alec Posner | None
Matthew Zlotnicki | None
Elijah Lynch | None
Shak Saunders | None
Cameron Pain | None
Ashley (Lesniewski) Wertz | None
Tkeyah Mays | None
Lee Chernett | None
Bethel Fantahun | None
Rebecca DiRocco | None
Ann McDermott | None
Kaitlin DiRocco | None
Tom Deidesheimer | None
Amy McCann | None
Judith Mahlstadt | None
Lee Mann | None
Kristy Perkins-Pedicini | None
Robert J. Bacha Jr. | None
Melanie Donaldson | None
Peter Sevastos | None
Malik Abdul-Zahir | None
Billi Keplinger | None
Rebecca Smith | None
James Louive | None
Tim Holmes | None
Anthony Feola | None
Joseph Meserini | None
Richard T. | None
Chimi Onat-Texeira | None
Connor Cooley | None
Jade Martin | None
Mark Mellion | None
Suzanne Barsody | None
Dez Hill | None
Javarra Richardson | None
Sherry Folk | None
Karen Petry | None
Elizabeth Lahr | None
John S. | None
Zachary Boyle | None
JoAnne Loparo | None
Vicki Burchett | None
Christopher Karg | None
Rebecca Ajodhya | None
Lara Bailly | None
Sheri L J. | None
Megi G. | None
Valerie Bengivenni | None
Tracy Bond Lance | None
LaToya Tolbert | None
Ruth Gifford | None
Joe Randolph | None
Becki Sudnick | None
Jesús Arroyo | None
Rachel Cosner | None
Lauren George | None
Mary Kay Robertson | None
Allyson Wallace | None
Jeffrey Bornstine | None
Brian Pleshek | None
Jabar Cole | None
Clarissa Burns | None
Darin Halstead | None
Duane Poplau | None
Latoya Jones | None
Cibi Sampathkumar | None
Chuck Chettle | None
Landy Miller | None
Dwight Butler | None
Bill Lengyel | None
Felix N. Santiago Jr. | None
Ashley Crawford | None
Shasta Jagers | None
Jeremy Carpenter | None
Arrielle E. | None
Edward Buatois | None
David Plany | None
Lisa Beutel Vacchiano | None
Jody P. | None
Janine Mock | None
Andy Barriger | None
James LaPlant | None
Richard Lyttleton Jr. | None
Susan Lenni Dietz | None
Ellen Michonski | None
Dolores Mohr | None
Chanell Wilson | None
William Keyes | None
Joseph Ballaera | None
Teresa Payne | None
David Ezra | None
Brandon Burke | None
Don Voreck | None
Merry Lynne Russell | None
Philip Hoover | None
Chris Miller | None
Elizabeth Doherty | None
Leonora Best | None
Chloe Jondahl | None
Ashley Lofthouse | None
Jen Carpenter | None
Mike Kidder | None
Calvin Fuhrman | None
Jaime Kline | None
Trisha Plovie | None
Matt Johnson | None
Alex Lukic | None
Robin Anderson | None
Jordan Ford | None
Erik Larson | None
Alba Mathewson | None
Palmer | None
Erik Nelson | None
Yodit N. | None
Selma Daglioglu | None
Lesley Moore | None
Shimon Hye | None
Falone Ford-Agboyibor | None
Benjamin Ferry | None
Evan Hornstein | None
Savanah Crawford | None
Katherine O. | None
Tim Mann | None
Margaretha Juan | None
Alex E. Levas | None
Jonathan Benjamin | None
Jacqueline Bailey McNeill | None
Cole W. | None
Laura Griffin | None
Lucia Sweeney | None
Nathan Rusli | None
Megan Glover | None
Katlyn Javins | None
Omar Naimyar | None
Matt Hill | None
Andrea Griffin | None
Deann Armstead | None
Mayomi G. | None
Humberto Doldan | None
Donata Patrick | None
Runghina Omar | None
Kevin Grant | None
Larry Dominguez | None
Ian McLennan | None
Robert Clincy | None
Cleveland Bagley | None
David Smith | None
David Grant Rotenberry | None
Shaiona Alford | None
Matthew Reilly | None
Amy Keitt | None
Garen Green-Scott | None
Barrett Neale Scott | None
Jarrod Moon | None
Allison Stout | None
Patrick Shollenbarger | None
Debra P. | None
Lois Tuttle | None
Alicia Quickel | None
Tee Daughtry | None
Ja’myh Goodwyn | None
Joe Gonzales | None
Katt Edwards | None
Viola Lis | None
Gail Holmes | None
Allison LaNasa | None
Philip Pietrosanti | None
Patricia E. Conway-Jones | None
Tanja Allen | None
Wayne Menzie | None
Thomas A. Massey | None
john somensky | None
Cristian Gonzalez-Santos | None
Everardo Daniel | None
C. S. | None
John Ellison Davies | None
Eugene Wilson | None
Adam B. | None
Dawn Tatz | None
Hector Paredes | None
Joezette C. | None
LaMyka Williams | None
Tracy Kaszuba | None
Ava Yensan | None
JJ Lester | None
Jacqueline Roberts | None
Caren Bromberg Bach | None
Ethel Ngwa | None
Reed Ulrich | None
Maeve OConnor | None
Natalie Rabbitt | None
Olivia V. | None
Nancy Goryl | None
Ash Athawale | None
Marina Wikner | None
Janine Shymanski | None
Katie Parrish Lundholm | None
Justice Smith | None
Jeffrey Lee | None
Matthew D. | None
Nichole Logan | None
Justin Decker | None
Aaron Brennan | None
Linda Nguyen | None
Jaron Hickman II | None
Ed Radford | None
Maeve O'Connor | None
Dianne Lefter | None
Johnthan Speed | None
Elsa Perez Jimenez | None
Almayna Coates | None
Marc D. Bent | None
Nickalo Shields | None
Michael Steinitz | None
Haytham Haroun | None
Julia Powell | None
Jelina Aoun | None
Meghan Moran | None
Lisa J. Rekuta | None
Jayne Thompson | None
Jonathan Chudler | None
Jimmy Tunney | None
Janet Lee | None
Sandy Anderson | None
Carmen Rodriguez Lawson | None
Will Rikard | None
Takeia Johnson | None
James McField | None
Elhadji Thiam | None
Deaunta Mayo-Cherie | None
Yonas Tadesse | None
Teresa Boone-Ofosu | None
Alex Walker | None
Nathan Fraser | None
Keondra Morton | None
LaChelle Davis | None
Dea Mendonca | None
Akouete Vossah | None
Angela Atwi | None
Tamyra Tillman | None
Tasha Murray | None
Sharnicia Grandy | None
Olaitan Asilokun | None
Bethany Sanders | None
Elliot Fax | None
LaChonia Jackson | None
Jason Owenson | None
Barbara M. | None
Sharnae Wallace | None
Jean Parker | None
Joell Sperry | None
Alyssa Applegate | None
Anita Crisp | None
Andrew Neidhardt | None
Laura D. | None
D. A. | None
Symone Q. | None
Tanya O'Connor | None
Margaret Guy | None
Rochelle Carrasco | None
Hillary Kitchin | None
Danielle Joseph | None
Jasmin Vardigan | None
Laura Mullins | None
Jay Ravani | None
Tina Scharf | None
Janine Wilcox | None
Danielle Caldwell | None
Eliza Davis | None
Mariam Habhab | None
Eric Hurte | None
Rachel Saffell | None
Nikia Payne-Daudu | None
Leslie Saunders | None
Toni Briggs | None
Emily Gordon | None
KaSean Campbell | None
Tawana Neal | None
Brian M Braat | None
Jennifer Orloski | None
Tina Tozzi | None
Quinn V. | None
Joseph Haughey | None
Alex Javier | None
Lindsay Adams Jenkins | None
Laura Brewer | None
Nathan D'Amico | None
Megan Kelly | None
Jen Hagerty | None
Reese Maxwell | None
Matthew Reyes | None
Amanda Holcombe | None
Ashley B. | None
Jackie Broderick | None
Danny Gilbert | None
Ore'o Ogilvie | None
Gina Pomerico | None
Alex Martello | None
Stephanie Guerrero | None
Jodi-Ann Blair | None
Ganiyu Salimon | None
Dave Garison | None
Kelly Hannah | None
Meredith Warren | None
Calvin Redmond | None
Tiffany Davis | None
Debra Mauricio | None
Randal Troy | None
Ali Poury | None
Irina Kreyman | None
Rosalind H. | None
Shannon C. | None
Russell Mars | None
Mike Yartin | None
Mary P. | None
Harry G. | None
Carly Gray-Adler | None
Nikolai Horohov | None
Kimberly Lowery | None
Michael Hope | None
Joy Moll | None
Ashley Barker | None
Sarah Springer | None
Catherine R. | None
James D. Laskey | None
John Meek | None
Katrina Bales | None
Satrina Gillespie Reid | None
Joe Imbesi | None
Danielle Gerst | None
Aneibys Cardenas-Perez | None
David S Lin | None
Rosemary Scardaville | None
Ryan Mulhollem | None
Thomas Motherwell | None
Keith Jordan | None
Aminah Wilson | None
James Ryan | None
Bryan Thompson | None
Jackie Davis | None
Ashley R. | None
Jeanette Roberts | None
Jason Obiedzinski | None
Denise Cobb | None
Jessica Lesh | None
Nicholas Giambra | None
Shawn Surkosky | None
Benjamin Moy | None
Daniel Bradley | None
Kevin Crowe | None
Christian Pilla | None
John Villare | None
Samantha Bierig | None
Lauren Scarberry | None
Megan Hughes-Barth | None
Carrie Haglund | None
Lori Hourigan | None
David Barksdale | None
Kelsey Baxter | None
Carlos Shoemaker | None
Paulette Delcourt | None
Gary Schulze | None
Jacob Spaid | None
Janice Wimsatt | None
Leila Eslambolchi | None
Donavan Manning | None
Benjamin York | None
Jalen Wade | None
Lakeisha Brandon | None
Adam Johnson | None
Mike York | None
Jennifer McCormick | None
Dan Serge | None
Kim Swank | None
Jack Sclabassi | None
Robert Nalley | None
Colleen Marshall | None
William H. | None
Jim Miller | None
Troy Chambers | None
Tatiana S. | None
Steve Riccio | None
Aaron Baumbach | None
Phillip Sinopoli | None
Kevin Ross | None
Tessa DeLisle | None
Elizabeth Petersen | None
Catherine M. | None
Andrew Slater | None
Carol Christman | None
Rachel Orr | None
Nancy Schafer | None
Kellie Meshurle | None
Charles Ford | None
David Young | None
Kristin Ashman | None
Deniece A. | None
Kwame G. | None
Marc Woodard II | None
Netalia Thompson-McClinton | None
Isabel Sella | None
Berenice L. Brathwaite | None
Tiffany Keeler | None
Liz Higgins | None
Victoria Oomen | None
Deanna Graves | None
Sydney Mann | None
Liz Romo Kelly | None
Sean Smith | None
Stephanie Collette | None
Dana Ulrich | None
Greg Halloran | None
Frances Edge | None
Cayla Seder | None
Katie Harmon | None
Alexandra Berry | None
Haleigh Brooks | None
Anthony F. | None
Felicia Lowery-Herndon | None
Patrick McGuire | None
Kathy Newhouse | None
Josh Janicek | None
Tehya Daye | None
Ashton Sellers | None
Joe Turley | None
Madison Morell | None
Angela Randolph | None
Jennifer Riggs | None
Emery Dolce | None
Barbara Jones | None
Anna Parson | None
Joe Pisauro | None
Lisa Heinlein | None
Christopher Richards | None
Anthony Adami | None
Jaelene P. | None
Dan Strodel | None
Thomas Telling | None
Valencia Smith | None
Dawn Ludwig | None
Dušica M. | None
Jenna Moore | None
Aaliyah Thomas | None
Annie Biggins | None
Ashley Andrews | None
Henry D. | None
Avery Sneed | None
Chandra P. | None
India S. | None
Luis GomezDelCampo | None
Richard Miller II | None
Lance Walrath | None
Kendall Strickland | None
Alexandra Burns | None
Hunter Howell | None
Maddie Witherell | None
Evan Ball | None
Beth Seymour | None
Darlee Eppinger | None
Anna Tice | None
Bill Rushlander | None
Heather Tomaselli | None
Chris Hildebrand | None
Deidre Gray | None
David Yoo | None
Paul Andrejack | None
Joe Garcia | None
Katrice Little Simon | None
Emily Esarove | None
Kirk F. | None
Sarah Richards | None
Edward Murphy | None
David McCue | None
Patricia Parker | None
Justin O'Hara | None
Joyce Kavitsky | None
Jae-lynn Rodriguez Fichtner | None
Jerry Scotto | None
Scott Daroszewski | None
Andrew Gorman | None
Carlos Amaro | None
Laurette Oleynick | None
David Materna | None
Bailey Faircloth | None
Christopher DuGuay | None
Stephanie Sposato | None
Jason Toron | None
Andrea Seymour | None
Jenifer Mauney | None
Sam Fortenbery | None
India Hooper | None
Christina Gomenis | None
Isabella Koenig | None
Victoria Garcia | None
Robert Rieger | None
Nick DellaPace | None
Jake Sparkman | None
Sam Stanton | None
Sonya Dean | None
Tess Gilmore | None
Megan Hallman | None
Anna Sharp | None
Ian Lugossy | None
Morgan Reeb | None
Catherine Boyea | None
Manda Palomares | None
Alysia McGinnis | None
Leah Funderburg | None
Ashley Veltri | None
Amber Jones | None
Christopher Fox | None
Niko Golding | None
Brendan Fischer | None
Rose Phillips | None
Drew Funkhouser | None
Franklyn King | None
Gabriel Adams | None
Zed Koleilat | None
Lindsay Troyer | None
Denise Miller | None
Patrick Perlewitz | None
Tarra Dreher | None
Dire M. James | None
Juliana Gilbride | None
Uzma Zubair | None
Sal Roberts | None
Samiul Chowdhury | None
John D | None
Ty Smith | None
Patrick Doherty | None
Courtney Wise | None
Sofia Recanatini | None
Mentesnot Mamo | None
Christopher Johnson | None
Avarielle Adams | None
Ronnie McDaniel | None
Michelle Perella | None
Brett Yamane | None
Jacob “Jay” S. | None
Malik Halter | None
Glenroy Palmer | None
Josh Howarth | None
CORANETTE MCCRAW | None
Brianne Creamer | None
Zita Ortiz | None
John Stratton | None
Damion Chambers | None
Nicole Stafford | None
Mariah Armstead | None
Keith Conquest | None
Jennifer Huang | None
Shayna Goldstein | None
Bill Pisano | None
Latonya Guest | None
Victoria Bryan | None
Katie Washbish | None
Jordan Hobson | None
Josh Meekma | None
Emerald W. | None
Lauren Preston | None
Christine MacMahon | None
Brian Sugrue | None
Amanda Gray | None
Kelly Tyner | None
Margaret Halperin | None
Julia Kim | None
Jeanie Sharp | None
Kelsi Grismanauskas | None
Monika Jedrzejek | None
George Fortier | None
Ralph Politano | None
Lloyd S. | None
Kristen McNamara | None
Brian Keating | None
Debra Vance | None
Jesse Ward | None
Tadeochristopher W. | None
Missy Spiller | None
Jessica Evans Alexander | None
Lisa James | None
Hollie Nelson | None
Adrienne Keally Hunt | None
Andrea Higgins | None
Devra Atlas | None
Stacey Bowman | None
Chris Hennessey | None
Barb Burridge | None
Zenda Brown | None
John Mammen | None
Dominique Rouer | None
Mark Joslyn | None
Rodger Gordon | None
Brynn Brashear | None
Mike Parisi | None
Angela W. | None
Dianna Shafer | None
Elizabeth Grace Nowlin | None
Janet Baptiste | None
Samuel Massie IV | None
Laurie Sell | None
Alysia Dorrity | None
Amanda Harvey | None
Camille De Sousa | None
Leigh Edgerton Waring | None
Megan Cifone | None
Tiffany Novak | None
Lisa Kline | None
Lisa Bompartito | None
Paul Kleschick | None
Tori G. | None
Vince Forchetti | None
William Kroppe III | None
Nester | None
Tim Faust | None
Kevin Keane | None
Katie O'Brien | None
Katherine Vukelic | None
David Accathara | None
Gretta Benitez | None
Seun Babalola | None
Taijh T. | None
Abigail Fox | None
Audrianna Mallon | None
Michael Russ | None
Kristian Hellem | None
Chad Hildebrand | None
Chuck Cieslak | None
Megan Schopf | None
Thomas McLellan | None
Elyse Beyer | None
Hemant | None
Susannah | None
Shantel | None
Thanveer | None
Victoria | None
Noah | None
Dan | None
Deborah | None
Christy | None
Konstantina | None
Christina | None
Steve | None
Tara | None
Robert | None
Erinn | None
Jeff | None
Ron | None
Dave | None
Devon | None
David | None
Blesso | None
Gavin | None
Pavan | None
Thanveer | None
Deborah | None
Amit | None
Ron | None
Ahana | None
Abigail | None
Pavan | None
Maria | None
Jessica | None
Jenna | None
Brian | None
Tara | None
Lisa | None
Ted | None
Andrew | None
Ali | None
Sydney | None
Neha | None
Tabitha | None
Sydney | None
Diana | None
Gavin | None
Kenna | None
Ke-Xin | None
Moira | None
Christy | None
Kenna | None
Neha | None
Maria | None
Bhupinder | None
camille | None
Ahana | None
Abigail | None
Maria | None
Sydney | None
Ali | None
Chris | None
Tanya | None
Tara | None
Blesso | None
David | None
Tanya | None
Chris | None
Brian | None
Julia | None
Morgan | None
Ryan | None
Derk | None
Adriana | None
Michael | None
Eric | None
Jim | None
Jordan | None
Denny | None
Scott | None
Janita | None
Bibi | None
Stephanie | None
Lauren | None
Neelam | None
Grace | None
Beth | None
Matt | None
Natalie | None
Troy | None
Toby | None
Ryan | None
Rufus | None
Ruben | None
Renée | None
Nyomi | None
Nathaniel | None
Matthew | None
Liam | None
James | None
Abbey | None
Ashleigh | None
Lara | None
Harshad | None
Matthew | None
Daryl | None
Mike | None
Katie | None
Chloe | None
Harry | None
Danniella | None
Megan | None
Claudia | None
Sam | None
Joshua | None
Jaidyn | None
Colton | None
Abigail | None
Akaash | None
Alison | None
Alisia | None
Shelby | None
Jessica | None
Korryn | None
John | None
Tom | None
Judah | None
Ian | None
Robert | None
Jack | None
Raianne | None
Raegan | None
David | None
Gabriele | None
Abigail | None
Mary | None
Jonah | None
Matthew | None
Jacob | None
Joe | None
Jon | None
Patrick | None
Fabio | None
Elisha | None
Daniel | None
Natalie | None
Chloe | None
Jayden | None
Kenny | None
Thomas | None
Harry | None
Taylor | None
Tim | None
Luke | None
Kurt | None
Sandy | None
Conor | None
Charlotte | None
Aaron | None
Alice | None
Ares | None
Ashley | None
Ben | None
Brandon | None
Tayla | None
Lauren | None
Maria | None
George | None
Kurt | None
Karen | None
Jodie | None
Renée | None
Raianne | None
Key | None
Coder | None
Дизайнер | None
Denny | None
Korin | None
Recruitment | None
Recruitment | None
Samantha | None
Ashley | None
Sam | None
Matthew | None
Matthew | None
Isaac | None
Anish | None
Madalina | None
Mike | None
Lara | None
Ashleigh | None
Amy | None
Peter | None
Ares | None
Donal | None
Claudia | None
Jon | None
Carl | None
Sahabi | None
Sasha | None
Carl | None
Beth | None
Luke | None
Stuart | None
Katie | None
Hadila | None
Madalyn | None
Lewis | None
David | None
Jon | None
Michael | None
Donal | None
Jonathan | None
Saja | None
Abbey | None
Luke | None
Khalid | None
Madalyn | None
Lewis | None
Hadila | None
John | None
Nick | None
Danny | None
Matt | None
Aaron | None
Luke | None
Alice | None
Ares | None
Billy | None
Claudia | None
Travis | None
Nick | None
Santiago | None
Michael | None
Livia | None
Kirsten | None
Glenn | None
GianPierre | None
Eliza | None
Avery | None
Mary | None
Scott | None
Lewis | None
Connor | None
David | None
Jamal | None
Matt | None
Phil | None
Mikey | None
Ben | None
Jon | None
Colton | None
Connor | None
Saja | None
Travis | None
Jon | None
Stuart | None
Fenella | None
Beverley | None
Karen | None
Trevor | None
Emanuel | None
Patrick | None
Beverley | None
Luke | None
Trevor | None
Hannah | None
Elisha | None
Annie | None
Maria | None
Amar | None
Donal | None
Ryan | None
Fiona | None
Luke | None
Alyx | None
Saffie | None
Jake | None
Melissa | None
Ryan | None
Taylor | None
Luke | None
Luke | None
Tori | None
Conor | None
Conail | None
Korin | None
Emanuel | None
Patrick | None
Theo | None
Ben | None
Korin | None
Conor | None
Hannah | None
Alisia | None
Danniella | None
Elisha | None
Annie | None
Matthew | None
Maria | None
Chelsea | None
Amar | None
Robert | None
Natalie | None
Donal | None
Judah | None
Conail | None
Chelsea | None
Ryan | None
Grace | None
Tori | None
Luke | None
Taylor | None
Liam | None
Chloe | None
Ryan | None
Jake | None
Saffie | None
Theo | None
Alyx | None
Fiona | None
Melissa | None
Sonya | None
Paige | None
Casey | None
Pauline | None
Alison | None
Proactive | None
Tony | None
Nadine | None
Michael | None
Diane | None
Robin | None
Sarah | None
Lindsay | None
Sydney | None
Shelby | None
Pgementera | None
Christy | None
Keith | None
Lisa | None
Janet | None
Helene | None
nicholas | None
Naresh | None
Dennis | None
Parusha | None
Eric | None
Paul | None
Tracy | None
Kim | None
Brooke | None
Manny | None
Yun | None
Jenna | None
Muhammad | None
Tuyen | None
Georgette | None
Nicole | None
Svetlana | None
Verlyn | None
Vick | None
James | None
Peter | None
Teresa | None
Karina | None
Leah | None
Perry | None
Chad | None
Jim | None
Nims | None
James | None
Tommy | None
Shauna | None
Lexy | None
Sarah | None
Olivia | None
Trina | None
Matthew | None
Terry | None
Kathleen | None
Kandace | None
Mark | None
Neetu | None
Buddy | None
Silas | None
Robert | None
Kiamesha | None
Virginia | None
Sanawar | None
James | None
Adam | None
Staci | None
Samantha | None
Alicia | None
Haley | None
Gail | None
Lisa | None
Brett | None
Tina | None
Chelsea | None
Denise | None
Thea | None
Kristi | None
Darcy | None
Felicity | None
Robert | None
Cassandra | None
Jasmine | None
Howard | None
Lee | None
Lauren | None
Eunice | None
Nancy | None
Mobia | None
Emily | None
Vicki | None
Christina | None
Mary | None
Josh | None
Holly | None
Andrew | None
Ashton | None
Chris | None
Mary-Alyson | None
Kimberly | None
Laurie | None
Kent | None
Jessamine | None
Valerie | None
Julie | None
Laura | None
Nyad | None
Ana | None
Farooq | None
Kerry | None
Erik | None
Jonell | None
Dana | None
Daisy | None
Rob | None
Verenice | None
Joy | None
Katherine | None
Desiree | None
Taylor | None
Tina | None
Joy | None
Ryan | None
Ryan | None
Breeanna | None
Shauna | None
Michelle | None
Jen | None
Shirley | None
Rebecca | None
Jessica | None
Katie | None
Brandon | None
Sarah | None
Vinh | None
Fred | None
Ryan | None
Lydia | None
Jana | None
Jonna | None
George | None
Nida | None
Buddy | None
Catherine | None
Catherine | None
Byron | None
Darius | None
Hillary | None
Jonathan | None
Julie | None
Jake | None
Brandie | None
Ashley | None
Ylyza | None
Karen | None
Vanessa | None
Julie | None
Brett | None
Heather | None
Cindy | None
Steve | None
Nick | None
Hari | None
Neil | None
Satish | None
Jeff | None
Rama | None
Kalyan | None
Eliana | None
Christine | None
Jennifer | None
Chip | None
Stephanie | None
Kyle | None
John | None
Nicole | None
Howard | None
Stephan | None
Craig | None
Tyler | None
Steve | None
Alex | None
Stephanie | None
Andre | None
Rita | None
Scott | None
Michaela | None
Kimberli | None
Bianca | None
Brianna | None
Cameron | None
Cherilyn | None
Joel | None
John | None
Kaycee | None
Sarah | None
Karen | None
Lauren | None
Travis | None
Ethan | None
Dillon | None
Jason | None
russ | None
Elizabeth | None
Bryan | None
Aaron | None
Susan | None
Alex | None
Whitney | None
Jim | None
Natallia | None
Dinesh | None
Janitza | None
Melissa | None
Jean | None
Deidre | None
Marcus | None
Rohini | None
Steeve | None
Rumit | None
Marvin | None
Justin | None
Christian | None
Simon | None
Brittany | None
Eliana | None
Mitchalene | None
Dustin | None
Suparna | None
Chiara | None
Sahil | None
Ethan | None
Pierre | None
Marypriya | None
Umesh | None
Kirti | None
Shiv | None
Marmik | None
Daniel | None
Andy | None
Parth | None
Brittany | None
Waqar | None
Alexandrea | None
Abbie | None
A | None
Parker | None
Scarlett | None
Mahima | None
Chris | None
Vincent | None
Susana | None
Kathleen | None
Joe | None
Breanna | None
Kelly | None
Natalie | None
Hannah | None
Juan | None
Felipe | None
Arun | None
Laure | None
Annie | None
Ayesha | None
Jatin | None
Carla | None
Sylva | None
Spencer | None
Ariane | None
Megan | None
Erick | None
Laine | None
Mudit | None
Abbigali | None
Simran | None
Sunidhi | None
Dan | None
Savanna | None
Brynn | None
Isabella | None
Lauren | None
Elizabeth | None
Josy | None
Christina | None
Catherine | None
Olivia | None
Andrew | None
Christy | None
Dylan | None
Jacqueline | None
Lauren | None
Nandit | None
Ischara | None
Betty | None
Lizbeth | None
Killian | None
Margaret | None
Rob | None
Matthew | None
Jessie | None
Andriel | None
Carolina | None
Edward | None
Charlotte | None
Sarah | None
Gaurav | None
Dee | None
Matt | None
Safina | None
Junaid | None
Syed | None
Kunika | None
Ayushi | None
Vijay | None
Beatriz | None
Anupama | None
Mohammed | None
Terell | None
Gautam | None
Inderpreet | None
Shivam | None
Joel | None
Ravi | None
Archana | None
Faisal | None
Kevin | None
Bianka | None
Farren | None
Ulysses | None
Ana | None
Melanie | None
Jeel | None
Gina | None
Theodora | None
Rigel | None
Dennis | None
Vikhyat | None
Abby | None
Abigail | None
Akhila | None
michael | None
Matthew | None
Matt | None
Mark | None
maria | None
Mallory | None
Malcolm-Xavier | None
Madhur | None
Louis | None
Logan | None
Kyle | None
Kunal | None
Kristy | None
Michaela | None
Kenner | None
Keaton | None
Katie | None
Kathryn | None
Kathryn | None
katelyn | None
kate | None
justin | None
Julian | None
joseph | None
Jolian | None
joe | None
jill | None
kevin | None
Jhon | None
Micheal | None
Nicholas | None
William | None
vishal | None
Vijay | None
Victoria | None
Vaughn | None
Tyler | None
tyler | None
Tyler | None
tristan | None
Tony | None
Tiana | None
Taylor | None
sujitha | None
Mike | None
Sourabh | None
sonia | None
shruti | None
Sarah | None
sam | None
roberta | None
Robert | None
richard | None
Nirmal | None
Nicole | None
nick | None
Nick | None
Stephanie | None
jessica | None
Jesenia | None
Jeremy | None
Bryan | None
Brittney | None
Brianna | None
Brett | None
Brendan | None
Breana | None
Beth | None
Benjamin | None
Autumn | None
Ashley | None
Ashleigh | None
Arran | None
Arran | None
Caitlyn | None
Ariel | None
Anna | None
Anjali | None
Anil | None
Andrew | None
Amit | None
Amber | None
Amanda | None
Amanda | None
Allen | None
Alexandra | None
Alex | None
Alex | None
Anosha | None
Cara | None
Carlie | None
Casey | None
Jennifer | None
jeannie | None
Jane | None
janani | None
jake | None
Jairo | None
Jacqueline | None
Jacob | None
jack | None
jack | None
hieu | None
Heeresh | None
Hannah | None
George | None
Emma | None
Eli | None
Ebony | None
Dominic | None
Domenic | None
David | None
Daniel | None
Courtney | None
Courtney | None
Codi | None
Chernoh | None
Charles | None
charbel | None
Catarina | None
Owen | None
Lida | None
Jenna | None
Lívia | None
Tracy | None
Sylva | None
Joe | None
Nigel | None
Paige | None
Madeline | None
Desiree | None
Robert | None
Nicholas | None
Meg | None
Brian | None
Maria | None
Lorraine | None
Abbie | None
Kelli | None
Abby | None
Krista | None
Amanda | None
Bryant | None
Haley | None
Tim | None
Kaitlin | None
Mirian | None
Cortney | None
Tessa | None
Lindsey | None
Meghan | None
Ryan | None
Felipe | None
Nick | None
Tracey | None
Sigrid | None
Juan | None
Katharine | None
Udayveer | None
Mary | None
Aishwarya | None
Samantha | None
Andrea | None
Yasmim | None
Erik | None
Alexandra | None
Ana | None
Hannah | None
Kristen | None
Skyler | None
Paige | None
Kristin | None
Leo | None
Hanlip | None
Angelica | None
Kristin | None
Chris | None
Eliana | None
Nicholas | None
Zachary | None
Amanda | None
Ashley | None
Caroline | None
Dianne | None
Kenya | None
Mirela | None
Casey | None
Melissa | None
Nehal | None
Akash | None
Anthony | None
Melody | None
Caroline | None
Adrian | None
Robert | None
Brittany | None
Branden | None
Gregory | None
Matt | None
Javni | None
Jasmyne | None
Deanne | None
Edward | None
Dhairya | None
Katherine | None
Kevin | None
Alexus | None
Brian | None
Matthew | None
Gunnar | None
Niharika | None
Mamta | None
Gillian | None
Shruti | None
Ankush | None
Blakelen | None
Adarsh | None
Vedang | None
Andy | None
Caroline | None
LinkedIn | None
Jessie | None
Sarah | None
Julie | None
Jenna | None
Rebecca | None
Jennifer | None
David | None
Brianna | None
Autumn | None
John | None
Raelene | None
Tyler | None
Alisha | None
Muntzir | None
Natalie | None
Luigi | None
Jarrett | None
Evan | None
Kendyl | None
Christie | None
Kim | None
Kylie | None
Genevieve | None
Tevin | None
Saurabh | None
Efrata | None
Stephen | None
Afia | None
Breanna | None
Lucy | None
Pallavi | None
Suhas | None
Arun | None
Vibhooti | None
Anam | None
Vijaynandini | None
Izadora | None
Arun | None
Praveen | None
Revathy | None
Venkat | None
Tincy | None
Nirmal | None
Juhi | None
M | None
Rubina | None
Kapil | None
Anjali | None
Sagil | None
Tahera | None
Ravina | None
Adrian | None
Nina | None
Priyanka | None
Diksha | None
Shiva | None
Shweta | None
Nafisa | None
Punya | None
Bianca | None
Aditya | None
Govardhan | None
Chendrika | None
Nirupam | None
Farha | None
Rekha | None
Kavitha | None
PRADEEP | None
Aarti | None
Priyanka | None
Archanna | None
Amulya | None
Nanda | None
Rutvika | None
Abhishek | None
Neha | None
Touhid | None
Juhi | None
Kajal | None
Preeti | None
Monica | None
Ambali | None
Abhilasha | None
Sacha | None
Rrachna | None
Giovanna | None
Pedro | None
Tania | None
Wantalin | None
Vinayak | None
Shama | None
Shana | None
Melanie | None
Christina | None
Archana | None
Nitin | None
Harsh | None
Michael | None
Abbigail | None
Jenny | None
Jessica | None
Natalie | None
Andrea | None
Marcela | None
Joy | None
Abinaya | None
Kirna | None
Sahiba | None
Rohit | None
Hannah | None
Malia | None
Hayley | None
Amit | None
Kaleigh | None
Maggi | None
Ashley | None
Rahul | None
Candis | None
Eric | None
Lisa | None
Dale | None
Shawn | None
EJ | None
Reid | None
Joseph | None
Dev | None
Lucas | None
Baibhave | None
Shyam | None
Priyanka | None
Subhojit | None
Lorraine | None
Christopher | None
Clara | None
Ashley | None
Dhiraj | None
Natalie | None
Kathleen | None
Lauren | None
Jamie | None
Hillary | None
Parker | None
Harrison | None
Nicole | None
Kunal | None
Oumar | None
Glen | None
Tyler | None
Scott | None
Amanda | None
Susana | None
Alicia | None
Daphne | None
S | None
Brindha | None
Edward | None
Sergey | None
Gav'von | None
Rebecca | None
Michelle | None
Matthew | None
Jonathan | None
Louis | None
Octavian | None
Nolwazi | None
Chinello | None
Liam | None
Alexandra | None
Yola | None
Sam | None
Geneviève | None
Jackson | None
Ryan | None
Sofia | None
Leigh | None
Jason | None
Stephen | None
Marty | None
Aurora | None
Allison | None
Danny | None
Michael | None
Kevin | None
Joe | None
Brendan | None
Michael | None
Ava | None
Andrew | None
Stephen | None
Susan | None
Candace | None
Sophie | None
Mike | None
Amanda | None
Alexander | None
Chino | None
Gil | None
Julia | None
Rey | None
Sheila | None
Hailey | None
Eunice | None
Inha | None
Jeriel | None
John | None
Michael | None
Mitch | None
Natasha | None
Noel | None
Olena | None
Patricia | None
Reggie | None
Rey | None
Rosemarie | None
Troy | None
Shielanie | None
Glory | None
Emer | None
Isaac | None
Shiela | None
Kimberly | None
Rex | None
Ǵabby | None
Lea | None
Joel | None
John | None
Shai | None
Aya | None
Daryl | None
Vishrut | None
Alexandria | None
Liz | None
Aldrin | None
Myka | None
Albert | None
Alfred | None
Andrea | None
Danielle | None
Court | None
Tet | None
Jimmy | None
Troy | None
Eric | None
Lourdes | None
Lily | None
Sharlene | None
Jeanelle | None
Gregory | None
Shiela | None
Jonathan | None
Charm | None
Liza | None
Gregory | None
Lynnae | None
Troy | None
Rey | None
Marialyn | None
Valerie | None
Recruiter | None
Marialyn | None
Fhae | None
Recruiter | None
Isaac | None
Lea | None
Vinnie | None
Glen | None
Girlie | None
Giovanne | None
Gabriela | None
David | None
Christine | None
Cherry | None
Cindy | None
Kevin | None
Jonathan | None
Kimberly | None
Greg | None
Kenneth | None
Loc | None
Marjhorie | None
Teresa | None
Ricky | None
Mae | None
Aljoy | None
Hazel | None
Imma | None
Hema | None
Jan | None
Vivian | None
Ujwala | None
Toby | None
Steve | None
Sai | None
Rhea | None
Rey | None
Randolf | None
MIguel | None
Marko | None
Marilla | None
Katie | None
Katherine | None
Julia | None
JP | None
Jessabel | None
Jay | None
Jan | None
Jan | None
Meenakshi | None
Rahul | None
Sunetra | None
Bahareh | None
Ray | None
Paulette | None
Diana | None
Joseph | None
Divya | None
Hatz | None
Jennie | None
Jesus | None
Joe | None
Jeffreyh | None
Jodie | None
Lin | None
Lakshmi | None
Mae | None
Anthony | None
Hoan | None
Angelica | None
Rod | None
Sandy | None
John | None
Mia | None
Charla | None
Brittany | None
Kimmy | None
Kimberly | None
Fely | None
Dawn | None
Mary | None
Clarice | None
Grace | None
Katherine | None
Jade | None
Dave | None
Alex | None
Joshua | None
Maricel | None
Scott | None
MIguel | None
James | None
Thea | None
Ione | None
John | None
Grant | None
Ruchi | None
Fiona | None
Rakhi | None
Nicolas | None
Denise | None
Felix | None
Yoojin | None
Kiera | None
Sonia | None
Joseph | None
Prerana | None
Nicole | None
Skylar | None
Jacky | None
Anna | None
Michael | None
Waseem | None
Scott | None
Dylan | None
Sarah | None
Emma | None
Trisha | None
Steve | None
Ozien | None
Jennifer | None
Tapasya | None
Brandon | None
Jacqueline | None
Steph | None
Rick | None
Lazar | None
Grigoriy | None
Melanie | None
Toree | None
Charles | None
Dean | None
Vinicius | None
Jon | None
Garrett | None
Tianna | None
Jake | None
Eddie | None
Stephen | None
Mark | None
Michael | None
Nawin | None
Joe | None
Francis | None
Andrew | None
Andreea | None
Aaron | None
rhonda | None
Nicole | None
Govind | None
Nav | None
Amanda | None
Piyush | None
Ahtesham | None
Zaccaria | None
Dan | None
Cody | None
Dan | None
Leanna | None
Syerra | None
Ben | None
Ceanna | None
Kumail | None
Wendy | None
Carina | None
Krithik | None
Alexandra | None
Allan | None
Jessica | None
Ilona | None
Maliha | None
Maria | None
Kiran | None
Katia | None
Dean | None
Sam | None
Amy | None
Daniel | None
Mohamad | None
Elizabeth | None
Sunil | None
Stephanie | None
Andy | None
Mathew | None
Noor | None
Christina | None
Teresa | None
Crystal | None
Chris | None
Ashley | None
Shahna | None
Carmine | None
Kristen | None
Dennis | None
Louise | None
Colliyah | None
Kathy | None
Bronte | None
Robert | None
Abdi | None
Katie | None
Ahmed | None
John | None
G | None
Simcha | None
Emmanuel | None
Juliana | None
Joe | None
Amin | None
Jess | None
Emilie | None
Robyn | None
Frances | None
Adil | None
Olivia | None
Grace | None
Sonya | None
Sara | None
Nicole | None
Peter | None
Janice | None
Dylan | None
Ashley | None
Christine | None
Jack | None
Kelly | None
Elizabeth | None
Kristina | None
Natalia | None
John | None
Nabeeha | None
Dara | None
Dinara | None
Samantha | None
Nisha | None
Jessica | None
Gabrielle | None
Areti | None
Malorie | None
Fitzgerald | None
Lindsay | None
Jeff | None
Jordan | None
Jamile | None
Juliana | None
Amy | None
Yuliia | None
Adam | None
Brittany | None
Irfan | None
Victoria | None
Lisa | None
Dana | None
Keely | None
Izabelle | None
Matthew | None
Auston | None
Rana | None
Jonathan | None
Neha | None
Denzel | None
Alice | None
Laila | None
Toni | None
Robbie | None
Graham | None
Alli | None
Blake | None
Federico | None
Kendra | None
Brendan | None
Malathi | None
Randy | None
Leander | None
Michael | None
Patrick | None
Drew | None
Scott | None
Meg | None
Lisa | None
Dan | None
Amber | None
Rachel | None
Catie | None
Sarah | None
Michael | None
Christine | None
Mandira | None
Aidan | None
Andrew | None
Susan | None
Tracy | None
JoLana | None
Pamela | None
Jack | None
Neysa | None
Cesare | None
Sheri | None
Crystal | None
Lisa | None
Matthew | None
Bobby | None
Taylor | None
Bobby | None
Allison | None
Freddie | None
Charlotte | None
Joshua | None
Jayme | None
Pam | None
TiJae | None
Lizbeth | None
Katie | None
Dottie | None
Tori | None
Regan | None
Elizabeth | None
Ashlynn | None
Dominica | None
Danielle | None
Perry | None
Meredith | None
Erica | None
Amy | None
Mitchell | None
Katie | None
Todd | None
Jennifer | None
Rasool | None
Alex | None
Monica | None
Lane | None
Tehrani | None
Austin | None
Caris | None
Elizabeth | None
Eva | None
Neysa | None
Arielle | None
Shannon | None
Terrassa | None
Lisa | None
Tracy | None
Dominica | None
Kristen | None
Michael | None
Taylor | None
James | None
Sarah | None
Jeanette | None
Ren | None
Elizabeth | None
Carly | None
Kathryn | None
Ana | None
Salvatore | None
Emily | None
Letitia | None
Emily | None
Sierra | None
Jeremy | None
Craig | None
Candice | None
Nathalie | None
Kirk | None
Suvighya | None
Spencer | None
Samir | None
Abhijeet | None
Harshit | None
Mansi | None
Julian | None
Dharmendra | None
Ashish | None
Angel | None
Priyank | None
Akansha | None
Ankita | None
Leon | None
Maria | None
Alex | None
Natasha | None
Alex | None
William | None
Surendra | None
Bhoomika | None
Vaibhav | None
Hitesh | None
Neha | None
Vishal | None
Anshita | None
Praise | None
Pawan | None
Patrick | None
Tejal | None
Artem | None
Darryl | None
Pooja | None
Abhishek | None
Susan | None
Bhoomi | None
Claire | None
Linda | None
Khushi | None
Amit | None
Maria | None
Christine | None
Ernestine | None
Tomas | None
Suzanne | None
Raúl | None
Dan | None
Lauren | None
Savannah | None
Kelly | None
Shane | None
Molly | None
Jeff | None
SAP | None
Melvis | None
Cole | None
Jason | None
Justin | None
Brenda | None
Danny | None
Callum | None
Julian | None
Rory | None
Tom | None
Iveta | None
Sean | None
chelsea | None
lauren | None
Kashif | None
maxamillian | None
selena | None
Cassandra | None
Sukhi | None
Melissa | None
Selena | None
Adam | None
Heather | None
Josh | None
Heather | None
Kylee | None
bryan | None
Naresh | None
KAREN | None
Patricia | None
Zachary | None
Dave | None
Sherry | None
Austin | None
Michael | None
Andrew | None
Todd | None
Mike | None
Deanna | None
Lowrey | None
Darryl | None
Steve | None
Kristy | None
Zach | None
Jackie | None
Sarah | None
Stephanie | None
Randy | None
Mike | None
Wendy | None
Larry | None
Jackie | None
Lalitha | None
Mounduri | None
Ramyalakshmi | None
malliswari | None
James | None
Randy | None
Brad | None
Mike | None
Phil | None
Brian | None
Jim | None
Chris | None
Stefani | None
Gail | None
Scott | None
Matthew | None
Mimnic | None
Maria | None
Terry | None
Heather | None
Jennifer | None
Karl | None
Spencer | None
Jason | None
Justin | None
Jim | None
Trevor | None
Shar | None
Kelly | None
Harrison | None
Elise | None
Kaylee | None
Greg | None
Marie | None
Hadleigh | None
Jodi | None
Seth | None
David | None
Sungkeun | None
Craig | None
Kiva | None
Kunal | None
Amy | None
Matthew | None
Daniel | None
Tom | None
Danny | None
Cynthia | None
Mario | None
Dayna | None
Alan | None
Chris | None
Daniel | None
Lev | None
Eugene | None
Anna | None
Johnny | None
Mert | None
Konstantin | None
Fathyma | None
Alexandra | None
Latha | None
Diandra | None
Jeffery | None
Michelle | None
Julia | None
Max | None
Marco | None
John | None
Yolanda | None
Max | None
Anna | None
Caesar | None
Ian | None
Khaye | None
Lynn | None
Brock | None
Diandra | None
Farah | None
Brandon | None
Abbey | None
Mike | None
Benjamin | None
Cassandra | None
Shawn | None
Chris | None
Alfred | None
Daniel | None
Luveen | None
Karan | None
Stella | None
Greta | None
John | None
Michael | None
Emma | None
Wolfram | None
Sofia | None
Nick | None
Alejandro | None
Jose | None
David | None
Megan | None
Iván | None
Bill | None
Alexa | None
Mark | None
Luis | None
Meghan | None
Safia | None
Brandon | None
Charles | None
Edward | None
Ryan | None
Felix | None
Mustafa | None
Brian | None
Kyle | None
Endrit | None
Nick | None
Granit | None
Sheila | None
Casey | None
Nicholas | None
Sadman | None
Ann | None
Hunter | None
Jorge | None
Hector | None
Johanna | None
Shiovan | None
david | None
jashira | None
victoria | None
Joanne | None
Mikell | None
Heather | None
Andrew | None
Steve | None
Genevieve | None
Nicholas | None
Joe | None
Tom | None
Brendan | None
Enchantra | None
Jason | None
Ethain | None
Colin | None
Spencer | None
Rachel | None
Joe | None
Wanda | None
Lori | None
Mark | None
Clinton | None
Brittany | None
Adrian | None
Seth | None
Camille | None
Daly | None
Dinesh | None
Elaine | None
Alyssa | None
Sal | None
Laurie | None
Joachim | None
Joe | None
Faria | None
Elizabeth | None
Jhon | None
Denisse | None
Hector | None
Eduardo | None
Ana | None
Allana | None
Gilda | None
Luis | None
Barbara | None
Rodrigo | None
Karla | None
Sol | None
Alba | None
Melina | None
Ivana | None
Camila | None
dency | None
Clarisa | None
Diana | None
Isabella | None
Gabriela | None
Isabella | None
RR | None
Daniela | None
Daniela | None
Candelaria | None
Iara | None
Carolina | None
Adriana | None
Allan | None
Arthur | None
Barbara | None
Carlos | None
Carlos | None
Carlos | None
Carol | None
Ruth | None
Randy | None
Sixta | None
Joheny | None
Adriana | None
Omar | None
Rafael | None
Valerie | None
Ana | None
Isabel | None
Salomon | None
Daniela | None
Jane | None
Betsabe | None
Jack | None
Ana | None
Laura | None
Luis | None
Freda | None
MARLEN | None
yosaif | None
Harold | None
Felipe | None
Dora | None
Gabriela | None
Bruna | None
Valeria | None
Daniela | None
Jessika | None
Jose | None
Nicole | None
Katia | None
Misael | None
frank | None
Vinicius | None
Vanessa | None
Rolimar | None
Melania | None
Marlen | None
Luis | None
Kevin | None
Fatima | None
Luis | None
Irune | None
Gabriela | None
Emiliana | None
John | None
Jordan | None
Tiffany | None
Joe | None
Tara | None
Curtis | None
sadbh | None
jasmine | None
omair | None
maseeh | None
levi | None
Casey | None
Joe | None
grace | None
james | None
Tom | None
Jason | None
Rebecca | None
Gabriella | None
Blane | None
Sushma | None
Grace | None
Hiring | None
Hannah | None
Tara | None
Jasmine | None
Omair | None
Levi | None
Aleksandr | None
Gemma | None
gail | None
Emily | None
Liam | None
Halil | None
Kieren | None
Nick | None
Michael | None
Serena | None
Julie | None
Matt | None
Tara | None
Alan | None
Ali | None
Anniston | None
Audrey | None
Sewell | None
Jason | None
William | None
Mark | None
Kate | None
Mark | None
Jake | None
Kirt | None
Vinnie | None
Lawrence | None
Grace | None
Gavin | None
Dewi | None
Michael | None
Sadbh | None
Lawrence | None
Emilia | None
Amaya | None
Shannon | None
Kristina | None
Jasmine | None
Azad | None
Richard | None
Sam | None
Danny | None
Dylan | None
Ed | None
Ashley | None
Krishna | None
Sam | None
Olly | None
Arthur | None
Jesse | None
Hannaha | None
James | None
Shakara | None
Kieren | None
Henry | None
aleksandr | None
gail | None
Sam | None
Alexis | None
Sarah | None
Louis | None
Allison | None
James | None
Blane | None
Leah | None
Ben | None
Chinelle | None
Damien | None
Jacob | None
Michael | None
Lawrence | None
Tara | None
Tom | None
Joshua | None
Shakara | None
Giuliana | None
Grace | None
Pav | None
James | None
Pav | None
Usha | None
Pritha | None
Julian | None
Bas | None
Ceyda | None
Lex | None
Jesse | None
Noam | None
Noël | None
Owen | None
Noel | None
Fikri | None
Maurits | None
Frankie | None
Nitin | None
Shalini | None
Jetendra | None
Cheryl | None
Ian | None
Holley | None
Andrew | None
SHR | None
Michael | None
Dianna | None
Chad | None
Ryan | None
Melissa | None
Conor | None
James | None
Antonio | None
Mason | None
Jeannie | None
Marvin | None
Ryan | None
David | None
Michael | None
Alice | None
Eric | None
Elena | None
Daniel | None
Jesse | None
Rachael | None
Liz | None
Alicia | None
Travis | None
Andrea | None
David | None
Jerrod | None
Alicia | None
David | None
Sarah | None
Brian | None
Mohammed | None
Daniel | None
Todd | None
Jillian | None
Manasa | None
Ryan | None
Liz | None
Brandon | None
Hanna | None
Jessica | None
Lara | None
Lillian | None
Autumn | None
Matt | None
Celeste | None
Natalia | None
Jenny | None
Aisha | None
Madhavi | None
Alfred | None
Dexter | None
Emily | None
Siva | None
Jobie | None
Christopher | None
Matthew | None
Cassy | None
Kurbell | None
John | None
Marko | None
Alysia | None
Tracie | None
Michael | None
Angela | None
Sally | None
Megan | None
Julie | None
Connor | None
Justin | None
Robert | None
Kathleen | None
Diana | None
Emily | None
Erica | None
Alyssa | None
Caroline | None
Chelsea | None
Laurell | None
Josh | None
Conley | None
Davis | None
Diane | None
Daultyn | None
Darnel | None
Eldian | None
Hannah | None
Bryan | None
Dwayne | None
Collin | None
Lisa | None
Annie | None
Richard | None
Pilar | None
Bob | None
Jack | None
Paul | None
Robert | None
James | None
Sylvia | None
Douglas | None
B. | None
Phong | None
Tanner | None
Wayne | None
Catherine | None
Angela | None
Bailey | None
Susan | None
Angela | None
Stephanie | None
Wesley | None
Angela | None
Emily | None
Page | None
Anthony | None
Erica | None
Chelsea | None
Alyssa | None
Caroline | None
Sally | None
LaKesha | None
Megan | None
Julie | None
Robert | None
Page | None
Afzaa | None
Justin | None
Julie | None
Robert | None
Kylene | None
Emily | None
Laurell | None
Bailey | None
Miniiuah | None
Bela | None
Daniel | None
Richard | None
Bela | None
Kathleen | None
Nikki | None
Stephen | None
Diana | None
Jessica | None
Connor | None
Nikki | None
Kathleen | None
Kevin | None
Recruiter | None
Sally | None
Caroline | None
Bailey | None
Daniel | None
Stephen | None
Rustin | None
George | None
Page | None
Robert | None
Chelsea | None
Jessica | None
Richard | None
Recruiter | None
Julie | None
Diana | None
Madhavi | None
Richard | None
Megan | None
Justin | None
Conley | None
Robert | None
George | None
Alyssa | None
Emily | None
Angela | None
Kylene | None
Afzaa | None
LaKesha | None
Connor | None
Laurell | None
Noah | None
Nicole | None
Nicole | None
Pamela | None
Stacey | None
Sarah | None
Sarah | None
Sharon | None
Stephen | None
Timothy | None
Tom | None
Trace | None
Andre' | None
Maureen | None
Robby | None
Kyle | None
Tina | None
Antwayne | None
Hope | None
Bryan | None
Jeff | None
Jennifer | None
Jill | None
Scott | None
Nancy | None
Brenda | None
Kyle | None
Sabrina | None
Tracey | None
Nick | None
Christine | None
Lynn | None
Laurie | None
Linda | None
Alex | None
Alex | None
Amber | None
Andre | None
Ange | None
Arindia | None
Anoko | None
macey | None
melissa | None
Michael | None
Michelle | None
Stephanie | None
Ronda | None
Samuel | None
Sharon | None
Kelsey | None
Venetia | None
Randi | None
Joy | None
Stuart | None
Jonathon | None
Matt | None
Kevin | None
Ben | None
Daniel | None
Danielle | None
Rafeea | None
Donna | None
Eric | None
Erik | None
James | None
Jenny | None
Deborah | None
John | None
Leslie | None
Eric | None
Dione | None
Sharmishtha | None
Michael | None
Jeff | None
Anthony | None
Tariq | None
Kyle | None
Jerome | None
Zach | None
Ryan | None
John | None
Mike | None
Ivana | None
Rebecca | None
Mike | None
Scot | None
Ryan | None
Daniel | None
Cody | None
Christopher | None
Nikky | None
Scott | None
Benjamin | None
Noah | None
Anthony | None
Andy | None
David | None
Fred | None
Jeff | None
Nicolle | None
Tracey | None
Geralynn | None
Jenifer | None
Benjamin | None
Jill | None
Leslie | None
Kelly | None
Noah | None
Piter | None
Haven | None
Scott | None
Christopher | None
Chris | None
Jordan | None
Keith | None
Jenifer | None
Carla | None
Diana | None
Michael | None
Heather | None
Jason | None
Alexandra | None
Nicole | None
Recruiters | None
Nicole | None
Hunter | None
Edmond | None
Shavane | None
Beth | None
Shavane | None
Nicole | None
Nicole | None
Cathy | None
Srinivas | None
Mari | None
Reyna | None
Mitchell | None
Mike | None
Marcus | None
Marcus | None
Galilea | None
Johnson | None
Jon | None
Marcy | None
Liliana | None
Blanca | None
Kendra | None
Mike | None
Veronica | None
Angelo | None
Briana | None
Daisy | None
Sydney | None
Ebony | None
Esteban | None
Tim | None
Kiley | None
Chris | None
Sara | None
Kevin | None
chelsea | None
Stacy | None
Brian | None
Hailey | None
Kendra | None
Steve | None
Kathy | None
Kristen | None
Hillary | None
Schott | None
Veanne | None
Kyra | None
Rylee | None
Amy | None
Scott | None
Greetings | None
Shilpa | None
Garima | None
Kirti | None
Farhan | None
Imran | None
Pramod | None
SAMI | None
Sunanda | None
Urmila | None
Siddhant | None
Shagun | None
Sakshi | None
Namrita | None
Surya | None
Neha | None
Prathyusha | None
Shalam | None
Mrinal | None
Prashanth | None
Jaimini | None
Ligia | None
Manbhavan | None
Sejal | None
Tanishka | None
Phuntsok | None
Ajay | None
Divya | None
Ramya | None
Bikramjeet | None
Anas | None
Megha | None
Joshna | None
Bharath | None
Aditi | None
Siddharth | None
Manisha | None
Govardhan | None
Aditi | None
Aakanksha | None
Gyan | None
Mahima | None
Nandita | None
Nikita | None
Akanksha | None
Niteesh | None
Rahul | None
Vikrant | None
Shreya | None
Khushi | None
Shivam | None
J | None
Abhishek | None
Ankit | None
Ravneet | None
Manish | None
Divya | None
Bindu | None
Paul | None
Sai | None
Megan | None
Ramya | None
Mohd | None
Saad | None
Aman | None
Ayush | None
Cheena | None
Ankit | None
Priyanshu | None
Nidhi | None
Protiva | None
Sai | None
Muskaan | None
Simran | None
Rokkam | None
Priyanka | None
Kunal | None
Simranjeet | None
Sushma | None
Hitakshi | None
Anish | None
Tamanna | None
Harshit | None
Sanjana | None
Akarshit | None
Kevita | None
Abhishek | None
Harshit | None
Winifred | None
Vinita | None
Sai | None
Cynsir | None
Mujahid | None
Nischala | None
Ipsa | None
Drew | None
Bisma | None
Tracey | None
Beverly | None
Lanier | None
Anup | None
Rachel | None
Jeevan | None
Rajni | None
Gen | None
Vikrant | None
Julie | None
Storm | None
Nisha | None
Amber | None
Abby | None
Kavitha | None
Vavilala | None
Reshma | None
Seema | None
Swati | None
Taljeet | None
Sujit | None
Mayank | None
Imazuddin | None
Pranav | None
Hardik | None
Aayushi | None
Namrta | None
Praveen | None
Craig | None
Sunny | None
Sarabjot | None
Sapna | None
Garry | None
Kalyan | None
Samantha | None
Sonali | None
Pratyushaa | None
Winston | None
Kanika | None
Gireesh | None
Mari | None
Isabel | None
Daniel | None
Kelsey | None
Emily | None
Martha | None
Laura | None
Michael | None
Mary | None
Justin | None
tess | None
Julianne | None
Karan | None
Manas | None
Bisman | None
Shreya | None
K | None
Niharika | None
Bhagwatee | None
Muskan | None
Anadiea | None
Anukriti | None
Devonte | None
Milana | None
Courtney | None
Saad | None
Leeshell | None
Niksha | None
Simmi | None
Kristen | None
Ramneek | None
Niles | None
Furqan | None
Jessie | None
Danielle | None
Ramandeep | None
Lauren | None
Gautam | None
Sharon | None
Fabricio | None
Pragya | None
Parulben | None
Vinayak | None
Upasna | None
Kayla | None
Anjana | None
Ankana | None
Ankur | None
Annika | None
Bhoomika | None
Dushyant | None
Anirudh | None
Gagandeep | None
Himanshu | None
Kanika | None
Keshav | None
Kranshu | None
Lakshay | None
Ravjot | None
Mahak | None
Akansha | None
Abhishek | None
Sanchi | None
Brandie | None
Avinash | None
Rachel | None
Parinita | None
Tejaswini | None
Akanksha | None
Sonal | None
Navya | None
Saloni | None
Nupur | None
Simar | None
Palkin | None
Abhinay | None
Sushmita | None
Mahawash | None
Mary | None
Vyshnavi | None
Harsh | None
Asmita | None
Sakshi | None
Khushi | None
Shivani | None
Neeraj | None
Rupali | None
Kalpa | None
Aayushi | None
Aditi | None
Shalini | None
Aditya | None
Pragathi | None
Bhuvesh | None
Somya | None
Parul | None
Vivek | None
Vanshika | None
Mitali | None
Neetika | None
Pranjali | None
Rajika | None
Rishi | None
Ritika | None
Ruchi | None
Sakthi | None
Sarah | None
Shama | None
Shambhavi | None
Shivani | None
Shubhangi | None
Sonali | None
Syed | None
Taniksha | None
Shifa | None
Harjit | None
Nandini | None
Tanisha | None
Caleb | None
Shivani | None
Avnish | None
Varnika | None
Kirti | None
Kaustab | None
Reek | None
Kirsten | None
Sheetal | None
Sonali | None
Scott | None
Stephen | None
Steve | None
George | None
Muriel | None
Christine | None
Kewal | None
Marie | None
Daphney | None
Chris | None
Nicolas | None
Rajesh | None
Martha | None
Yann | None
Dany | None
Joseph | None
Ranga | None
Vinod | None
Abdul | None
Mohit | None
hrblrind | None
ambati | None
Allegra | None
Santosh | None
Anupama | None
Rama | None
c | None
Nancy | None
Sandeep | None
zz_Tamas | None
Vinny | None
Govardhan | None
muttu | None
Rajesh | None
Barbara | None
Govardhan | None
Srini | None
Pon | None
Srinivasa | None
Victor | None
Nick | None
Srini | None
Yaseen | None
muttu | None
David | None
Pamela | None
Katherine | None
Nancy | None
James | None
Albert | None
Sarah | None
Zac | None
Martha | None
Srini | None
Javed | None
Thes | None
Darla | None
Ann | None
Mohammed | None
Thomas | None
waverly | None
Shiba | None
Riya | None
Thes | None
John | None
Divya | None
Gracy | None
Edrian | None
Brynlee | None
Henry | None
Thabara | None
khaleesi | None
Angiras | None
Andrea | None
Jagan | None
satish | None
Thomas | None
Govardhan | None
Elyse | None
Amy | None
Tori | None
Jessica | None
Rob | None
Carrie | None
Shaun | None
Hugo | None
Marco | None
Nicole | None
Adam | None
Glenna | None
jon | None
Andrew | None
Emily | None
Andrew | None
Tony | None
raquel | None
Brynn | None
stephanie | None
Yesenia | None
Nicholas | None
michelle | None
Jason | None
Issac | None
alejandra | None
elyna | None
isabella | None
tiffany | None
issac | None
lilly | None
Taylor | None
yesenia | None
mark | None
julien | None
Julien | None
jesus | None
Isabella | None
Lilly | None
Alejandra | None
Tiffany | None
Mark | None
Stephanie | None
Jesus | None
Vanessa | None
Prescott | None
Julia | None
Liuda | None
Marco | None
Alberto | None
Kurt | None
Chandra | None
Troy | None
aniket | None
Tina | None
Ashley | None
Matt | None
Janeen | None
Kim | None
Ashley | None
Britt | None
Zachary | None
Arielle | None
Kylie | None
Priscilla | None
Tiffany | None
Christina | None
Jasmin | None
Amber | None
Maile | None
Jackie | None
Nicollete | None
Collin | None
Jimmy | None
Hannah | None
Zack | None
Shennel | None
Thomas | None
Anna | None
Amber | None
Avery | None
Bennie | None
Beth | None
Brandon | None
Brian | None
Aaliyah | None
Alicia | None
Collin | None
Delaney | None
Tracy | None
Gabrielle | None
Katrina | None
Kelly | None
Kyle | None
Leah | None
LinkedIn | None
Maile | None
Megan | None
Michael | None
Mikayla | None
Shawn | None
Arianna | None
Gerald | None
Luis | None
Aoife | None
Behruz | None
Ivette | None
Rebecca | None
Alex | None
Kate | None
Julia | None
Tallulah | None
Robert | None
Connor | None
Jay | None
Kosh | None
Chloe | None
Bradley | None
Shazad | None
Isetou | None
Aaron | None
Kimberly | None
Vishal | None
Dhruv | None
Aisha | None
Brittany | None
Chad | None
Michael | None
Sam | None
Tyler | None
Henry | None
Shawn | None
Terrell | None
Manan | None
Chris | None
Devika | None
Yashraj | None
Tez | None
Amelia | None
Phil | None
Jared | None
Bri | None
Brian | None
Emma | None
James | None
Saurabh | None
Sam | None
Ben | None
Guy | None
Natasha | None
Amy | None
Hannah | None
Rahul | None
Rhi | None
Anwar | None
Mick | None
Amy | None
Adrian | None
Usama | None
Vlad | None
Shahina | None
Paige | None
Andrew | None
Keith | None
William | None
Pratham | None
Dip | None
Narender | None
Ashwini | None
Sricharan | None
Loretta | None
Kuntal | None
Uma | None
Russ | None
Brent | None
Cole | None
Mayank | None
Sachin | None
Arun | None
Samantha | None
Shashikant | None
Ron | None
Anurag | None
Yashwanth | None
Arun | None
Amanda | None
Namratha | None
Wilish | None
Venkitesh | None
Reshma | None
santhosh | None
Lokesh | None
Amanda | None
Roydan | None
Lindsey | None
Jessica | None
Patrick | None
Shahbaz | None
Abhishek | None
Mayra | None
Mary | None
Jypson | None
Jocelyn | None
Revin | None
Revin | None
Sanchita | None
Mayank | None
Ashley | None
Nayeem | None
Shivani | None
Namratha | None
Shahbaz | None
De'Shawn | None
Mary | None
Rajath | None
Ebenezer | None
Vidya | None
Kiran | None
Uday | None
Arun | None
Sanchita | None
Justin | None
Raja | None
Dani | None
Kelsie | None
Chandrashekar | None
Hari | None
Lokesh | None
Ashley | None
Michael | None
Charvi | None
Joshua | None
Manny | None
Sagar | None
Kalyan | None
Nishanth | None
Chandrashekar | None
Arun | None
Jessica | None
Joshua | None
Ron | None
Jim | None
Mayra | None
Justin | None
Georgeanne | None
Nivedithaa | None
Sadiya | None
Jothiswar | None
Sylendra | None
Abhishek | None
Tasmiya | None
Nihal | None
Mahendra | None
Pranav | None
Shravya | None
Rynal | None
Nihal | None
Anusha | None
Rahul | None
Shivakumar | None
Sneha | None
Ananya | None
Manny | None
Sharanya | None
Jessica | None
Elise | None
Nishanth | None
Yamili | None
Prabhat | None
Bianca | None
Kelley | None
Ranganath | None
Wilson | None
Ashish | None
Taylar | None
Stasy | None
Vincent | None
Marie | None
Katherine | None
Derrick | None
Nicole | None
Shel | None
Vee | None
Cassandra | None
Matt | None
Josh | None
Jadyn | None
Cody | None
Jean | None
Phani | None
Jerome | None
Ryan | None
Brandon | None
JOSE | None
Lisa | None
Siva | None
Nicholas | None
Jason | None
Jacob | None
Robin | None
Gerald | None
DeShaon | None
Milana | None
Caree | None
Annmarie | None
Charanjeet | None
Faith | None
Antonio | None
Kiera | None
Robin | None
Lucero | None
Shawn | None
Michael | None
Clare | None
AKASH | None
Aldo | None
Paul | None
Ricardo | None
Alexander | None
Ajmal | None
Dana | None
Brian | None
Eric | None
Preeti | None
Emma | None
Rosy | None
Michael | None
Charanjeet | None
Cierra | None
Valentyna | None
Andy | None
Juan | None
Mohsin | None
Ruskin | None
Recruit | None
Dafne | None
Scott | None
Rosy | None
Joanne | None
RTS | None
recruiter | None
Hector | None
Hector | None
AKASH | None
Kemish | None
Durga | None
Lucero | None
Carlos | None
Hafizullah | None
Michelle | None
Shannon | None
Tony | None
Scott | None
Emma | None
Mohsin | None
Quinn | None
Ryan | None
Samuel | None
Tony | None
Jermaine | None
Shannon | None
Mia | None
Angelina | None
Emilio | None
Bryce | None
Robin | None
Milana | None
Satyarth | None
Miguel | None
Kyle | None
Michelle | None
paro | None
RTS | None
Vikram | None
Recruit | None
Valentyna | None
Talent | None
Aldo | None
Greg | None
Ariana | None
Eric | None
Drew | None
Greg | None
Paige | None
Preeti | None
Jermaine | None
Jenifer | None
Jesse | None
Jesse | None
Emma | None
Gabriel | None
Erik | None
David | None
Chuck | None
Cameron | None
Antonio | None
Andrew | None
Andrea | None
Samuel | None
Dana | None
Aldo | None
Emilio | None
Isaac | None
Jessica | None
Justin | None
Gitanjali | None
Monica | None
Isaac | None
Jenifer | None
Jesse | None
Andrea | None
Matthew | None
Isaac | None
Nadia | None
Ryan | None
Michael | None
Erika | None
Rida | None
Talent | None
Ilisa | None
Renata | None
Michael | None
gensui | None
Allyson | None
Boaz | None
Alayna | None
Tracy | None
Shailza | None
Rick | None
paul | None
Paul | None
Rajeshwari | None
Abhinav | None
Jason | None
Marjorie | None
Cesar | None
Brian | None
Davis | None
Nadia | None
Bassam | None
Eric | None
Kemish | None
Erik | None
Andra | None
Michael | None
Bharath | None
Glenn | None
Alexander | None
Christopher | None
Richard | None
Ashlee | None
Jeremy | None
Ricardo | None
Michelle | None
Yoseline | None
Robin | None
Krystian | None
Maysam | None
Rosy | None
Maria | None
Andre | None
Silvia | None
Shailza | None
Tony | None
Preeti | None
Shannon | None
Miguel | None
Miriam | None
Yesenia | None
Asma | None
Luis | None
Abhinav | None
Sampath | None
Bhagyashri | None
Marco | None
Rajeshwari | None
Gabriel | None
Isaac | None
Shailza | None
Yuvarani | None
Erlynda | None
Lavanya | None
Akash | None
Yoseline | None
Konda | None
Vishnu | None
Prajwal | None
Rick | None
Quinn | None
Todd | None
Jimmy | None
Irvi | None
Richard | None
Travis | None
Christian | None
Frank | None
Elias | None
Fred | None
McKayla | None
Sudha | None
Jonathan | None
Franchesca | None
Troy | None
Jennifer | None
Trey | None
Andrew | None
Oscar | None
Razmik | None
Wonil | None
Bryan | None
Gabriel | None
Thomas | None
Debbie | None
Stephen | None
Clark | None
Kaori | None
Brent | None
Quinn | None
Evan | None
Marie | None
David | None
Isaac | None
Gloria | None
Drew | None
Joel | None
Evan | None
Sudha | None
Daniel | None
annmarie | None
Evan | None
Anthony | None
Isaac | None
Manuel | None
Mariam | None
Jad | None
Vivek | None
Valentina | None
Eric | None
Emtiaz | None
Boaz | None
Bushan | None
Marie | None
Luis | None
Ashlee | None
Sahil | None
Michael | None
Michelle | None
Scott | None
Richard | None
Annmarie | None
Trey | None
Raymond | None
Gloria | None
Zach | None
Jennifer | None
Emtiaz | None
Ryan | None
Brian | None
Jason | None
Penn | None
Samuel | None
Blake | None
Chris | None
Camry | None
Craig | None
Crystal | None
Elise | None
Dalon | None
David | None
Racheal | None
Ron | None
Sara | None
Audrey | None
Michael | None
Josie | None
Justin | None
Chick | None
Devin | None
Cynthia | None
Shane | None
Angie | None
Brittany | None
Rachel | None
Derek | None
Christina | None
John | None
Martha | None
Craig | None
Cynthia | None
Taylor | None
Bree | None
Jessica | None
Matt | None
Hunter | None
Coy | None
Karen | None
Matt | None
Connie | None
sarah | None
Philip | None
Mahdi | None
Chloe | None
Lari | None
Kenneth | None
Jack | None
Eric | None
Andrea | None
Ebony | None
Avery | None
Nataly | None
Lauren | None
Katie | None
Katie | None
Juan | None
Hannah | None
Trish | None
Mary | None
Taylor | None
Taylor | None
Imane | None
Mary | None
Melissa | None
2 | None
3 | None
Eric | None
Emily | None
Ebony | None
Corey | None
David | None
Betsy | None
Betsy | None
Chris | None
David | None
Connie | None
Maddie | None
Grant | None
Gabriella | None
Joe | None
Emily | None
Imane | None
Nia | None
Will | None
Nathan | None
Mehdi | None
Trenton | None
Karin | None
Raluca | None
Michael | None
Anna | None
Jenna | None
Shane | None
Michael | None
Jim | None
Sydney | None
Mary | None
Kristen | None
Samantha | None
Daniel | None
Jen | None
Johnny | None
Megan | None
Benjamin | None
Joe | None
Jennifer | None
Russ | None
Alyssa | None
Robin | None
Michelle | None
Jamie | None
Anthony | None
Kellie | None
Troy | None
Nala | None
Laura | None
Kirk | None
Cheng | None
John | None
Allie | None
Amanda | None
Aubrey | None
Julia | None
Kimberley | None
Nicole | None
Brian | None
KENRICK | None
Alexis | None
CecE | None
Javier | None
Megan | None
Chelsea | None
Kermit | None
Rob | None
Sandi | None
Tyler | None
Celeste | None
Mindy | None
Christopher | None
Trisha | None
Caleb | None
Jenna | None
Amanda | None
Lyndsey | None
Daniel | None
Kiley | None
Brittany | None
Jannely | None
Zach | None
Savannah | None
Grace | None
Amber | None
Katrina | None
Ryan | None
Anthony | None
Logan | None
Christel | None
Tammer | None
Steven | None
Toni | None
Marisa | None
Malik | None
David | None
Dave | None
Cindy | None
Chloe | None
Aynsley | None
Geoff | None
Brooke | None
Adrienne | None
Russ | None
Lisa | None
Tara | None
Brian | None
JD | None
Adrienne | None
Joseph | None
Kim | None
E.C. | None
Adrian | None
Radivoj | None
Catherine | None
Todd | None
Keith | None
Maureen | None
Jeff | None
A.J. | None
Mel | None
Ardian | None
Erin | None
Jeffrey | None
Kaniz | None
Emma | None
Igra | None
Sharon | None
Joaquin | None
Peter | None
James | None
Paul | None
Kamerane | None
Sandhiya | None
Amit | None
Indu | None
Ulises | None
Shankara | None
Manish | None
Saket | None
Abhilash | None
Ivan | None
Geeta | None
Shankar | None
Bryan | None
Grigoriy | None
Siddhant | None
Dipika | None
Someswar | None
Karina | None
Virendra | None
Shantanu | None
Prince | None
Fernando | None
Mukesh | None
Ananya | None
Amit | None
Kavitha | None
Shafee | None
Alain | None
Vishwanathan | None
Ankur | None
Anil | None
Sandeep | None
Sandhiya | None
Mohammad | None
Dibya | None
Daniel | None
Shivani | None
Daniel | None
Aryan | None
Surinder | None
Pavan | None
Mukul | None
Girish | None
Gaurav | None
Anirban | None
Devansh | None
Nora | None
Rajeshwari | None
Niloufer | None
usingh | None
Rudresh | None
Antonio | None
ashima | None
Piyush | None
Raman | None
Pablo | None
Flaubert | None
Bharat | None
Maneesh | None
Dasham | None
Sohit | None
Ross | None
Matthew | None
Jerry | None
Neeraj | None
Dev | None
Gavin | None
Raghav | None
Michael | None
Francisco | None
Usingh | None
Kapil | None
Daniel | None
Vishwanathan | None
Valeria | None
Tushar | None
Manu | None
Vaibhav | None
Isaac | None
Vikas | None
C | None
Pallavi | None
Edith | None
Sumit | None
Shubham | None
Karan | None
Daniel | None
Roy | None
Prashant | None
Neil | None
Scott | None
Sohit | None
Ajay | None
nery | None
Vishwanathan | None
Rudresh | None
Carlos | None
Mauricio | None
Jyoti | None
Kiran | None
Pablo | None
Chandan | None
Kambiz | None
Sowmya | None
ProTRACK | None
Ryan | None
Antonio | None
Mayank | None
Sumit | None
anmol | None
Joel | None
Rudresh | None
Abhilash | None
Mukul | None
Rajiv | None
Amardeep | None
Shiv | None
Ashish | None
Bradley | None
Megha | None
Abhishek | None
Niloufer | None
Anil | None
Umesh | None
Akanksha | None
Srija | None
Miguel | None
Allen | None
Eduardo | None
Sanjiv | None
Jaspreet | None
Nitika | None
Damian | None
Virendra | None
Uday | None
Mohan | None
Antonio | None
Kavita | None
Vivek | None
Alica | None
Prajeesh | None
Neil | None
Steve | None
Dave | None
Craig | None
Vicky | None
Bethany | None
Chantelle | None
Kevin | None
Derek | None
Marisa | None
Trinell | None
Patti | None
Amy | None
sydney | None
margaret | None
Todd | None
maggie | None
William | None
Sydney | None
Ashley | None
Lydia | None
Dawn | None
Amy | None
Laura | None
Jeff | None
Maggie | None
Kelli | None
illyn | None
Stephanie | None
dawn | None
kelli | None
Todd | None
Stephen | None
amy | None
lisa | None
Maggie | None
Jeff | None
Stephen | None
Laura | None
Paul | None
William | None
Dawn | None
Lisa | None
Sydney | None
Seth | None
Jennifer | None
Faith | None
Ashley | None
Krista | None
Chris | None
David | None
Deb | None
Alisha | None
Elizabeth | None
Jodi | None
Brittaney | None
Christine | None
Sarah | None
Erin | None
Pamela | None
Jack | None
Carolyn | None
James | None
Meg | None
Natasha | None
Gemma | None
Reginald | None
Betsy | None
Tia | None
Josh | None
Zola | None
Alfonso | None
Vanneza | None
Hector | None
Katherin | None
Jesica | None
Julie | None
Donna | None
Melvin | None
Melanie | None
Laura | None
Roberta | None
Iris | None
Caroline | None
Bob | None
William | None
Erica | None
Scott | None
Ashley | None
Teresa | None
Kenneth | None
Donald | None
Titus | None
Andres | None
Matt | None
Aparna | None
Suresh | None
Meg | None
Brian | None
Crystal | None
Rajaram | None
Ram | None
Umesh | None
Russell | None
Michel | None
Charlotte | None
Rick | None
Subhankar | None
Juan | None
Flora | None
Anand | None
Amit | None
Madan | None
Madhusudan | None
Jill | None
Megan | None
Vamshi | None
Glenn | None
Jennifer | None
Monica | None
Nathan | None
Jorge | None
Christina | None
Pam | None
Austin | None
Michelle | None
Sandra | None
Mary | None
Kathy | None
Antonia | None
Marnelli | None
Jordan | None
Felipe | None
Kate | None
Peter | None
Shelley | None
Jake | None
Veronica | None
Abbie | None
Kim | None
Stephen | None
Michael | None
Alan | None
Jo | None
Valerie | None
Brady | None
Rich | None
Dan | None
Lisa | None
Elias | None
John | None
Amy | None
Lex | None
Jennifer | None
Brett | None
Matthew | None
Staci | None
Simon | None
Justin | None
Jason | None
Hannah | None
Heidi | None
Erin | None
Cami | None
Brian | None
Brad | None
Jared | None
Alan | None
Sujith | None
Sandeep | None
Patricia | None
Kathy | None
Elizabeth | None
Jordan | None
James | None
Steven | None
Felisa | None
John | None
Sridevi | None
Christian | None
Erica | None
Brent | None
Cassi | None
Wale | None
Aaron | None
Thomas | None
Matthew | None
Sarah | None
Angela | None
Kim | None
Ryan | None
Tommy | None
Kris | None
Jennifer | None
Hazel | None
Jordan | None
JJ | None
Jess | None
Jayalakshme | None
Jay | None
Jade | None
Hugo | None
Holley | None
Hans | None
Michael | None
Georgios | None
Geoffrey | None
Emeka | None
Julia | None
Jayalakshme | None
Jamie | None
Caitlin | None
Rich | None
Louise | None
Jordan | None
Belcy | None
Harry | None
Gillian | None
Daniela | None
Michelle | None
Alana | None
Conor | None
Emily | None
Eva | None
Georgios | None
Tom | None
Alexandra | None
Amira | None
Ash | None
Eddy | None
Erica | None
Finlay | None
Lisa | None
Geoffrey | None
Karina | None
Louise | None
Lucan | None
Marian | None
Matt | None
Toni | None
Orathai | None
Lize | None
Michelle | None
Nik | None
Aphiwe | None
Jade | None
Daniel | None
Louis | None
Daniela | None
Jascinta | None
Dave | None
Jansen | None
Albert | None
Holley | None
Sunette | None
Damian | None
Izabella | None
Lucy | None
Allyne | None
Jay | None
Alex | None
Emile | None
Sonali | None
Charlie | None
Swati | None
Polly | None
Kanupriya | None
Leigh | None
Scott | None
Tom | None
Thiago | None
Neha | None
Daniel | None
Vinicius | None
Elliott | None
Jacqui | None
Alice | None
Billy | None
Brunna | None
Craig | None
David | None
Elizabeth | None
Guilherme | None
James | None
Kadeem | None
Michaela | None
Milena | None
Wallace | None
Tamis | None
Michael | None
Dwaipayan | None
Dash | None
Isadora | None
Zander | None
Cristina | None
Jean | None
Marco | None
Alice | None
Rebekah | None
Sabelo | None
Richard | None
Brad | None
Tyler | None
Rose | None
David | None
Aaron | None
Jacob | None
Josh | None
Yervand | None
Jared | None
Jay | None
Sunny | None
Zeb | None
Pavel | None
Sara | None
Bryan | None
McCabe | None
Tom | None
Jeff | None
Dana | None
Brandon | None
Will | None
Alexis | None
Christian | None
Dan | None
Ashley | None
James | None
Magdalena | None
Kyle | None
Spence | None
John | None
Eric | None
Rafael | None
Shane | None
Mike | None
Ashley | None
Courtney | None
Amber | None
Tony | None
Abby | None
Brian | None
Yevgeniya | None
Nathan | None
Zac | None
Ray | None
Sergio | None
Kaj | None
Max | None
Jer | None
Kellen | None
Brendan | None
Craig | None
Jacob | None
Karen | None
Adam | None
Rutu | None
Laureen | None
Amos | None
Rob | None
Marie-Michèle | None
David | None
Hannah | None
Leanna | None
Rebecca | None
Jillian | None
Matthew | None
Lindsey | None
Mr. | None
Tory | None
Alexey | None
Terah | None
Adam | None
Ashley | None
Jarrod | None
Nathan | None
Guddu | None
David | None
Corey | None
Corey | None
Edan | None
Akeem | None
Melanie | None
Alexis | None
Samuel | None
Satya | None
Monisha | None
Michelle | None
Elmira | None
Luke | None
Deziree | None
David | None
Eoin | None
John | None
Lynn | None
Kaitlynn | None
Doug | None
Bao | None
Joe | None
Asad | None
Giselle | None
Carolyn | None
Jacob | None
KC | None
Matt | None
Luba | None
Jordan | None
Valentyna | None
Kristy | None
Sarah | None
Melissa | None
Lauren | None
Kirk | None
Eamon | None
Brad | None
Benjamin | None
Robert | None
Kevin | None
Janeane | None
Lisa | None
Dina | None
Sarah | None
Rachel | None
Josie | None
Arlene | None
Lisa | None
Alice | None
Garrett | None
Harley | None
Jaclyn | None
Jason | None
Jeff | None
Jim | None
Jonah | None
Jonathan | None
Jordan | None
Justine | None
Ashlee | None
Lisa | None
Anita | None
Aryn | None
Ashley | None
Danielle | None
Fiona | None
Jim | None
Tim | None
Tanya | None
Skylar | None
Obi | None
Katharine | None
Todd | None
Xin | None
Anup | None
Puneet | None
Yavonda | None
Asrith | None
Darrick | None
Nathan | None
Tiffany | None
Mounika | None
Brendon | None
Kethavathu | None
Maharshi | None
Camryn | None
Lindsay | None
Ravikumar | None
Julie | None
Chad | None
Narinder | None
Ahtesham | None
Lester | None
Chintan | None
Derek | None
Mary | None
Kamlesh | None
Laura | None
David | None
annemarie | None
Keri | None
James | None
Winston | None
Orlando | None
Steve | None
Timothy | None
Angie | None
Bridget | None
Brittney | None
Cassie | None
Diana | None
Danielle | None
Dan | None
Ellen | None
Ashly | None
Heather | None
Hunter | None
Jordan | None
Angela | None
Jennifer | None
Joy | None
Susan | None
Shayla | None
Sheila | None
Meghan | None
Neal | None
Leslie | None
Liam | None
Karen | None
Kelly | None
Kirsi | None
Maureen | None
Sophie | None
David | None
Lena | None
Eric | None
morning | None
Andy | None
Makenzie | None
Faranak | None
John | None
Ayman | None
Andy | None
Michael | None
Harry | None
Jono | None
John | None
Rory | None
Lily | None
Edward | None
Lena | None
Martin | None
Connor | None
callum | None
morning | None
Adam | None
Martin | None
Rory | None
Paul | None
Lily | None
Sophie | None
Austin | None
Edward | None
Jonny | None
David | None
Eric | None
Ryan | None
Lewis | None
Harry | None
Jono | None
Andrew | None
Reid | None
Cameron | None
Ayman | None
Adam | None
Marissa | None
Michael | None
Peter | None
Conor | None
John | None
Clara | None
Becky | None
Maddie | None
Mani | None
Priya | None
Maureen | None
Virendra | None
Rohit | None
Manosh | None
Jake | None
Chanda | None
Austin | None
Athena | None
Arpit | None
Kyle | None
RJ | None
Nate | None
Stevie | None
Kristen | None
Angela | None
Bashana | None
Hailey | None
Josh | None
Lauren | None
Lana | None
Abhishek | None
Tania | None
Tinilya | None
Becky | None
Kenzie | None
Markeyda | None
Ezequiel | None
Hannah | None
Molly | None
Katherine | None
Ty | None
Brooke | None
Elisa | None
Jessi | None
Jerome | None
Jason | None
Johnathan | None
Donald | None
Jonathan | None
Stuart | None
Gary | None
Neil | None
Bianca | None
Hannah | None
Jorge | None
Yagiz | None
John | None
Annie | None
Caroline | None
Juliette | None
Ben | None
George | None
Bobby | None
Kennedy | None
Laura | None
Ed | None
Johnny | None
Kelly | None
Shawn | None
Avril | None
Vinod | None
Venkatsudhakar | None
Uma | None
Chamundi | None
Mike | None
Ian | None
Michelle | None
Kinsley | None
allison | None
avril | None
rachel | None
Missy | None
Raju | None
Hebe | None
Srinivasa | None
David | None
Allison | None
Tom | None
Annabella | None
Rachel | None
Krysta | None
Bret | None
Sai | None
Harish | None
Christopher | None
Stephen | None
Alicia | None
Jerry | None
Dhanya | None
Charinee | None
Santhosh | None
Mishi | None
Samit | None
Jay | None
Sid | None
Allen | None
Matthew | None
Peter | None
Sanjay | None
Kevin | None
Jamie | None
Zulma | None
David | None
Logadu | None
Brandon | None
Deepa | None
Jackie | None
Kelly | None
Margaret | None
Damon | None
Francis | None
Terrance | None
Tony | None
Robert | None
George | None
Jason | None
Phillip | None
Keith | None
Sara | None
Larry | None
Stephanie | None
Lindsey | None
Angela | None
Oriana | None
Tomeika | None
Louise | None
Jennifer | None
Ashleigh | None
Dusty | None
Kelly | None
Heather | None
Detrom | None
Noe | None
Mackenzie | None
Genna | None
Brittany | None
Lauren | None
Ashlyn | None
Joshua | None
Karina | None
Matthew | None
Isaac | None
Jason | None
Andrew | None
Carla | None
Lauren | None
Lizzy | None
Marcela | None
Nhi | None
Erin | None
Emily | None
Pablo | None
Isabella | None
Harsh | None
Casie | None
Nolan | None
Makenzie | None
Jessica | None
Alexandra | None
Laurine | None
Stephanie | None
Devin | None
Candice | None
Nina | None
Jayme | None
Jordan | None
Mikaela | None
Rebecca | None
Ryan | None
Sabrina | None
Sadie | None
Viviane | None
Ex | None
Amber | None
Courtney | None
Brandon | None
Regina | None
Chelsey | None
Patrick | None
Lucea | None
Jo | None
Gina | None
McLean | None
Len | None
Elizabeth | None
john | None
matt | None
luke | None
justin | None
justin | None
max | None
karina | None
Michael | None
sean | None
Ryan | None
tom | None
Zachary | None
ross | None
John | None
Alexandra | None
Benjamin | None
James | None
Michael | None
Andy | None
Sean | None
Keith | None
Alexandra | None
Alexandra | None
cristina | None
Dane | None
delfina | None
Josh | None
Jennifer | None
Maria | None
Walter | None
Jeff | None
Weixue | None
Adam | None
Crysti | None
Brendon | None
Mutasar | None
AJ | None
Stephanie | None
Ashley | None
Jang | None
Megan | None
Justin | None
Luis | None
Edgardo | None
Jeremy | None
Dana | None
Mak | None
Camilo | None
Derek | None
Max | None
Tayseir | None
Dunia | None
Daniel | None
Cam | None
Jocelyn | None
Cydney | None
Mackenzie | None
Kelly | None
Selena | None
Drew | None
Yuiza | None
Brian | None
Joseph | None
Rose | None
dante | None
Billy | None
Amy | None
Allyson | None
Jayde | None
Sean | None
Team | None
Bakhtiar | None
John | None
Russell | None
Christine | None
Mark | None
Hillary | None
Daniel | None
Joanie | None
Emily | None
Robert | None
Gabe | None
Deanna | None
Meghan | None
Emma | None
Peyton | None
Brian | None
Brittany | None
Finlay | None
Richard | None
Marieclaire | None
Mariam | None
Katherine | None
Jim | None
MICHAEL | None
Becky | None
Lawrence | None
Sarah | None
Danny | None
Corina | None
John | None
Ashley | None
Wade | None
Kohl | None
Brian | None
Kelsey | None
Kyle | None
Bob | None
David | None
Brenda | None
China | None
MICHAEL | None
Allen | None
Meghan | None
Mariam | None
Raja | None
Christine | None
Brad | None
MICHAEL | None
Rekha | None
Andre | None
Hugh | None
Eleanor | None
Lois | None
Brendan | None
Brittany | None
Ariel | None
Tim | None
James | None
Paul | None
Tiffany | None
Eric | None
Mariam | None
Mia | None
Danny | None
Greg | None
Jadene | None
Maria | None
Michael | None
Laura | None
Nicolas | None
Anne | None
Lena | None
Arline | None
Marc | None
Joan | None
Renee | None
Michael | None
Rose | None
Warren | None
Adam | None
Chris | None
Hugh | None
Toni | None
Karen | None
Praneet | None
Caitlyn | None
Elizabeth | None
Ana | None
Kefentse | None
Ashtyn | None
Robert | None
ashtyn | None
lauren | None
praneet | None
scott | None
tonya | None
Lauren | None
Jeff | None
McKenna | None
Katie | None
Jeanette | None
Elizabeth | None
Andrew | None
Tony | None
David | None
Robert | None
Praneet | None
Heather | None
Tonya | None
Caitlyn | None
Denise | None
Elizabeth | None
McKenna | None
Teresa | None
Ryan | None
Sarah | None
Rashanda | None
Mallie | None
Dalton | None
Cristina | None
Cameron | None
Alexsis | None
Jordan | None
Meghan | None
Sydney | None
Mitchell | None
Jeremy | None
Emily | None
Caroline | None
Sierra | None
Joshua | None
Brandon | None
Sabrina | None
Samantha | None
Tricia | None
Ashley | None
Ashley | None
Aaron | None
Lauren | None
Emily | None
Stefanie | None
Emily | None
Krissy | None
Kelsey | None
Dave | None
Max | None
Kerrin | None
Dominique | None
Monika | None
Ashvin | None
Patti | None
Sujatha | None
Zorik | None
Tasha | None
Annaliza | None
Ankita | None
Christopher | None
JuJu | None
Rodri | None
Josue | None
Nirmita | None
Mark | None
Miya | None
Rachel | None
Esha | None
Rebecca | None
Sherica | None
Kyndal | None
Dominique | None
Wendy | None
Smitha | None
Arti | None
Kerrin | None
Rodrigo | None
Tasha | None
Rodrigo | None
Kara | None
Robyn | None
Nathalie | None
Courtney | None
Bryan | None
Grace | None
Kerrin | None
Jessica | None
JuJu | None
Carlos | None
Devrin | None
Lisa | None
Eric | None
Elliot | None
Pearly | None
Lydia | None
Annaliza | None
Miya | None
Rachel | None
Cindy | None
Kara | None
Amy | None
Jay | None
Anna | None
Pal | None
Patti | None
Alexander | None
Rebecca | None
Miranda | None
Sherry | None
Talise | None
LeAnn | None
Brittney | None
Josue | None
Anita | None
Leslie | None
Samantha | None
Mark | None
Anthony | None
Kole | None
Dione | None
Jason | None
Robbie | None
Michael | None
Adam | None
Cade | None
Anton | None
JOSEPH | None
Martin | None
danielle | None
dave | None
emilia | None
george | None
jamie | None
jonathan | None
jordanna | None
kate | None
kyle | None
megan | None
oliver | None
oliver | None
ryan | None
sam | None
steffan | None
thomas | None
James | None
Laura | None
Ashlea | None
Lottie | None
Patrick | None
Olivia | None
Nick | None
Francois | None
Beth | None
James | None
Jack | None
daniel | None
cheryl | None
chanel | None
ansha | None
Kelly | None
Jack | None
Wesley | None
Jack | None
Evan | None
Dominic | None
Daniel | None
Kelsey | None
George | None
Georgia | None
Hannah | None
Heather | None
Jack | None
Gabbi | None
Jack | None
James | None
Jamie | None
Jessica | None
Joe | None
Jonathan | None
Tamsin | None
Leah | None
Leah | None
Liam | None
George | None
Liv | None
Luke | None
alexandra | None
James | None
Christopher | None
Lina | None
Kathleen | None
Patrick | None
Kelly | None
Paxton | None
Nicholas | None
Katie | None
Patrick | None
Prashant | None
Briannah | None
Chad | None
Josh | None
Grant | None
Frank | None
Nicole | None
Shirelle | None
Paula | None
Sruthi | None
Benjamin | None
James | None
Mark | None
Va'shawn | None
Mackenzie | None
Anna | None
Stephen | None
Javon | None
Hailey | None
Kevin | None
Robert | None
Maddie | None
Xavier | None
Steven | None
Samantha | None
Alex | None
Michael | None
Jacob | None
Alyse | None
Christopher | None
Nathan | None
Zachary | None
Tyler | None
My-Ngoc | None
Chris | None
Amanda | None
Nathan | None
Jennifer | None
Liz | None
Peter | None
Janet | None
Natasha | None
Laura | None
Matthew | None
Buddy | None
Heavner | None
Manar | None
Evan | None
Lou | None
Manar | None
William | None
Britny | None
Alec | None
Max | None
Carley | None
Caitlin | None
Trevor | None
Teddy | None
Benjamin | None
Suraj | None
London | None
Siddharth | None
Adam | None
Brandon | None
Ethan | None
Dan | None
Claire | None
Orly | None
Margeaux | None
Lauren | None
Hailey | None
Jack | None
Alekhya | None
Jiu | None
CJ | None
Amelia | None
Chloe | None
Heather | None
Olivia | None
Ashley | None
Jin | None
Savannah | None
Michael | None
Colin | None
Louis | None
Jessica | None
Sam | None
Jack | None
Bella | None
Taylor | None
Chris | None
Maddie | None
Bobby | None
Ellie | None
Kevin | None
Alex | None
Kaley | None
Ansley | None
Mike | None
Cecilia | None
Matthew | None
Lucas | None
Lucie | None
Pearce | None
Sean | None
Erin | None
Max | None
Charlotte | None
Serena | None
Rebecca | None
Luke | None
Carlos | None
Hannah | None
Molly | None
Charlotte | None
Maria | None
Alexa | None
Andrew | None
Jay | None
Sydney | None
Riley | None
Victoria | None
Aryan | None
Brendan | None
Min | None
Katie | None
Caroline | None
Olivia | None
Gabrielle | None
Sam | None
Finn | None
Alec | None
Alex | None
Taytum | None
Sam | None
Richard | None
Carleigh | None
Madison | None
Quentin | None
René | None
Adam | None
Felicia | None
Douglas | None
Caileigh | None
Aisha | None
John | None
Stu | None
Keegan | None
Eleanor | None
Mikayla | None
Cameron | None
Abbey | None
Elizabeth | None
Kassidy | None
Jake | None
Perry | None
Mary | None
Malaina | None
Jessica | None
Jeffrey | None
Peter | None
Ethan | None
Carley | None
Brandon | None
Paulina | None
Liliana | None
Paige | None
Joseph | None
Tori | None
Sasha | None
Annabella | None
Dylan | None
Anastasia | None
Shannon | None
Matthew | None
Bryan | None
Nicholas | None
Madelyn | None
Julia | None
Tiana | None
Martin | None
Elizabeth | None
Jordan | None
Karysca | None
Anthony | None
Taylor | None
CJ | None
Daniel | None
Emily | None
Isabel | None
Kayla | None
Saadiya | None
Shivam | None
Nicholas | None
Victoria | None
Caty | None
Anthony | None
Nicole | None
Nora | None
claire | None
grace | None
jack | None
jackson | None
jenna | None
leo | None
marjana | None
matthew | None
victoria | None
Alfie | None
Anthony | None
Jack | None
Daniel | None
Kristian | None
Brooke | None
Mike | None
Drew | None
Malek | None
Jared | None
Chelsea | None
Margaret | None
Phylicia | None
Chris | None
Dylan | None
Jaime | None
Kate | None
Daniel | None
Brooke | None
Sami | None
Ben | None
Audrey | None
Maria | None
Nicole | None
Matthew | None
Sean | None
Connor | None
Madison | None
Sophia | None
Araly | None
Briana | None
Alexandra | None
Mike | None
Sophia | None
Jacob | None
Lauren | None
Chip | None
Colin | None
Cassandra | None
Jake | None
Daniela | None
Jacob | None
Logan | None
Alexandra | None
Todd | None
Chitra | None
Andrew | None
Timothy | None
Allie | None
Blake | None
Illeana | None
Charles | None
Claudia | None
Reilly | None
Jake | None
Alex | None
Danielle | None
Elaina | None
Lilian | None
Marina | None
Stephanie | None
Matthew | None
Emily | None
Stefan | None
Jared | None
Isabella | None
Shivam | None
Wilson | None
Hannah | None
Thomas | None
Chris | None
Allison | None
Zachary | None
Oscar | None
Lauren | None
Don | None
Troy | None
Emma | None
Manuel | None
Abby | None
Corinne | None
Skye | None
Joe | None
Chauncey | None
Jeremy | None
Caroline | None
Eric | None
Gareth | None
John | None
Johndee | None
Jonathan | None
Jordan | None
Mark | None
Kristyn | None
Victoria | None
Tony | None
Nellie | None
Valerie | None
Jennine | None
Anna | None
Darton | None
Molly | None
Emily | None
Lindsey | None
Mel | None
Deana | None
Kelly | None
Kathryn | None
Jennifer | None
Mrinal | None
Kevin | None
Colin | None
Christopher | None
Sean | None
Meagan | None
Bre | None
Zach | None
Brook | None
Caleb | None
Mitch | None
Sara | None
Shyam | None
Afraz | None
Blake | None
Lyndsey | None
Griffin | None
Lyndsey | None
Matthew | None
Mikayla | None
Sheryl | None
Griffin | None
Dave | None
Payne | None
Robert | None
Mac | None
Trevor | None
Chandler | None
Hailey | None
Madeline | None
Taylor | None
Ryan | None
Vas | None
Peyton | None
Amit | None
Abby | None
Emma | None
Hayden | None
Shubham | None
Soniel | None
Angelee | None
Devendra | None
Laura | None
Torin | None
Sean | None
Amberly | None
John | None
Ashu | None
Nick | None
Alicia | None
Manoj | None
Justin | None
Madeline | None
Andrew | None
Jacqueline | None
Ashley | None
Melvin | None
Kaitlyn | None
Stanley | None
Kate | None
Celia | None
Blake | None
Maria | None
Zachary | None
Jared | None
Dustin | None
Toya | None
Dineshkumar | None
Karan | None
Aditya | None
Lee | None
Jimmy | None
Amanda | None
Aaron | None
Mitchell | None
Erin | None
Morgan | None
Claire | None
Sydney | None
Mauricio | None
Dhiraj | None
Scott | None
Bennett | None
Xenathia | None
Sandeep | None
Brook | None
Janani | None
Josh | None
Connor | None
Jeremy | None
Ryan | None
Edward | None
Conor | None
Richmond | None
Toya | None
Jacob | None
Angelee | None
Justin | None
Mohammed | None
Sudheer | None
Sean | None
Brook | None
Afraz | None
Morgan | None
Sara | None
Emma | None
Jill | None
Blake | None
Shubham | None
Chandler | None
Devendra | None
Afraz | None
Colin | None
Jacob | None
Jonathan | None
Amit | None
Mufeez | None
Amanda | None
Abigail | None
Joe | None
Shyam | None
Naresh | None
Divya | None
Ryan | None
Mitch | None
Robert | None
Mac | None
Maggie | None
Soniel | None
Madeline | None
Sheryl | None
Muneeswaran | None
Mikayla | None
Mohamed | None
Matthew | None
Trevor | None
Justin | None
Yuhendhar | None
Christopher | None
Ansh | None
Karthikeyan | None
William | None
Talent | None
Torin | None
Afraz | None
Mac | None
Harold | None
Angelee | None
Christopher | None
Jessica | None
Amberly | None
Madeline | None
Toya | None
Ashli | None
Chris | None
Mitch | None
Sheryl | None
Jacob | None
Kaitlyn | None
Jessica | None
Brook | None
Justin | None
Dave | None
Sara | None
Morgan | None
Nick | None
Sean | None
Amanda | None
Abigail | None
Laura | None
Mikayla | None
Zach | None
Matthew | None
Chad | None
Jeremy | None
Harold | None
Dave | None
Robert | None
Alex | None
April | None
Ashli | None
Anthony | None
Davis | None
Hailey | None
Jessica | None
Grant | None
Abby | None
Andrew | None
Caleb | None
Griffin | None
Hayden | None
Kevin | None
Meagan | None
Payne | None
Peyton | None
Scott | None
Argelis | None
Kishor | None
Brad | None
Laura | None
Ansh | None
Lauren | None
Kiarra | None
Hannah | None
Kishor | None
Taylor | None
Taylor | None
Josh | None
Edward | None
Aleysha | None
Kristin | None
Kelsie | None
Helen | None
Selvakumar | None
Lindsey | None
Jackie | None
Matt | None
Mitchell | None
Saragrace | None
Sarah | None
Susan | None
Tatiana | None
Kaylie | None
Alayna | None
Jake | None
Jordan | None
Kevin | None
Mitchell | None
Mary | None
Paige | None
Shelby | None
Elizabeth | None
Kaylie | None
Mallory | None
Jerry | None
Hannah | None
John | None
Caitlin | None
Ellen | None
Cole | None
Cameron | None
Carolyne | None
Tim | None
Amanda | None
Vince | None
Abigail | None
Chandler | None
Chandler | None
Aditya | None
Chris | None
David | None
Michael | None
Jessica | None
Andy | None
Justin | None
Matthew | None
John | None
Argelis | None
Caroline | None
Jenn | None
Jamison | None
Farhad | None
Shellie | None
Hazel | None
Victoria | None
Karol | None
Fabrizio | None
Andrea | None
Amy | None
Amber | None
MELISSA | None
JEAN | None
KAY | None
Kurt | None
Kateryna | None
Vlad | None
Brooke | None
Paul | None
Arvin | None
Tyler | None
Yesenia | None
David | None
Dustin | None
Bianka | None
Recruiters | None
Sourav | None
Eric | None
Ray | None
Patrick | None
ren | None
renu | None
santosh | None
steve | None
David | None
Anthony | None
Hannah | None
Alicja | None
Ashleigh | None
Samir | None
rachel | None
Tom | None
Mike | None
Mike | None
Aidan | None
Henry | None
Elena | None
Charlotte | None
Edita | None
Samuel | None
Nadheer | None
Kathryn | None
Sam | None
Marc | None
priyanka | None
reddy | None
matthew | None
Rosanne | None
Alex | None
William | None
Jovian | None
Joe | None
Penny | None
adam | None
mohammed | None
brittany | None
avi | None
heidi | None
lisa | None
kerry | None
jennifer | None
christina | None
harry | None
Bianka | None
christine | None
Eddie | None
Joseph | None
Colleen | None
Nic | None
Garima | None
Shweta | None
Danielle | None
Mandy | None
Achmed | None
Lior | None
Rashmi | None
Chandra | None
Emma | None
Carmela | None
Rebecca | None
Brandon | None
Faye | None
Brett | None
Taylor | None
Emily | None
Michelle | None
Kevin | None
Maria | None
Gabriel | None
Alex | None
Jonny | None
Matylda | None
Katie | None
Abhijeet | None
Ana | None
Ryan | None
Lindsay | None
Alex | None
Amanda | None
Felice | None
Pranita | None
Isabella | None
Atoorina | None
Shenel | None
Frank | None
Reut | None
Ann | None
Inès | None
Sathya | None
Nur | None
Angelina | None
Kristin | None
Marta | None
Aletta | None
Courtney | None
Mei-Shan | None
Torrey | None
Steve | None
Mark | None
Nelsie | None
Ashma | None
Abbey | None
Natalija | None
Jessica | None
Kaitland | None
Alison | None
Mackenzie | None
Krystina | None
Brittney | None
Kelly | None
Mark | None
Hila | None
Dan | None
Samantha | None
Kelsi | None
Mike | None
Antonella | None
Cris | None
Alexis | None
Faith | None
Rebecca | None
Matthew | None
Kelly | None
Karen | None
Carrie | None
Princess | None
Christine | None
Andrew | None
Kelley | None
Anne-Maude | None
Talin | None
Kenzie | None
Jeanette | None
Sydney | None
Karina | None
Sylvia | None
Rebecca | None
Laurie | None
John | None
Jordan | None
Shirley | None
Jessica | None
Joe | None
Walter | None
Eric | None
Allison | None
Baylee | None
Jamie | None
Monisa | None
Teresa | None
Mark | None
Jon | None
Annie | None
Keith | None
Nicole | None
Kathy | None
John | None
Kaitlin | None
Cathylyn | None
Jim | None
Gabriella | None
Francisca | None
Amy | None
David | None
Katy | None
Chad | None
Diane | None
Ron | None
Brooke | None
Tracie | None
Ana | None
Connie | None
Ann | None
Karen | None
Sam | None
Nicole | None
Michael | None
Brittany | None
David | None
David | None
Sarika | None
Andre | None
Chris | None
Johnny | None
Anthony | None
Adam | None
Fisher | None
Shana | None
Cortney | None
Syed | None
Keith | None
Jeff | None
Noelan | None
Madison | None
Katie | None
Nicholas | None
Robert | None
Durke | None
Ryan | None
Justina | None
Randy | None
Aaron | None
Nick | None
Tuva | None
Kristy | None
Jake | None
Brock | None
Michelle | None
Cooper | None
Chris | None
Jessica | None
Cheryl | None
Klea | None
Lindsey | None
Michael | None
Frederick | None
Emily | None
Tim | None
Javier | None
Melanie | None
Summer | None
Sherida | None
Valerie | None
April | None
Ryan | None
Angelica | None
Mike | None
Shirl | None
Debra | None
Jason | None
Patty | None
Charles | None
Dynah | None
John | None
Alexis | None
Alix | None
Brent | None
Cheryl | None
Chris | None
Christina | None
Christy | None
Craig | None
Dennis | None
Ebony | None
Franco | None
Jonathan | None
Karen | None
Kristin | None
Dila | None
Lindsey | None
Michelle | None
Leslie | None
Michael | None
Kelley | None
Tiffany | None
Simon | None
Miguel | None
Pedro | None
Nancy | None
Mitchell | None
Michele | None
Marc | None
Rafe | None
Desiree | None
Lani | None
Alonso | None
Anna | None
Kart | None
Cyndy | None
Brian | None
Edgardo | None
Angela | None
Aram | None
Lohith | None
John | None
Daniel | None
Nicholas | None
Joe | None
Raymon | None
Rey | None
Subir | None
Ezi | None
Byron | None
Steevens | None
Douglas | None
Shawn | None
Tavis | None
Travis | None
Megan | None
Sarah | None
Elizabeth | None
Lord | None
Jacob | None
Alfred | None
Bharat | None
Ali | None
jon | None
Rob | None
Jeremy | None
Steve | None
Allison | None
Trevor | None
Robert | None
Ryan | None
Ronald | None
Shin | None
Quincy | None
Cesar | None
Gregory | None
Betsy | None
Sai | None
Jonathon | None
Jill | None
April | None
Sreeja | None
William | None
Ashley | None
Aldo | None
Michael | None
Adam | None
Agnes | None
Nicholas | None
Jeff | None
Gregory | None
Dexter | None
Nicholas | None
Dayna | None
Saúl | None
Sarah | None
Rhyan | None
Rubin | None
Kevin | None
Gordon | None
Ashley | None
Tyler | None
Shivani | None
Shaun | None
Jack | None
Walter | None
Joanna | None
Ian | None
Nelson | None
Chris | None
Acharya | None
Will | None
Noe | None
Christine | None
Rick | None
Isabelle | None
Cheryl | None
Elizabeth | None
Corey | None
Tommy | None
Erica | None
Taylor | None
Jayson | None
Mandy | None
Margaret | None
Michelle | None
Scott | None
Amber | None
Matthew | None
Pavan | None
Tommy | None
Stephanie | None
Jacob | None
Amani | None
Allen | None
Albert | None
Darren | None
Eric | None
Jose | None
Steve | None
Julie | None
Kevin | None
Matthew | None
Mikel | None
Navis | None
Noe | None
Sherri | None
Shon | None
Julie | None
John | None
Stephanie | None
Chelsea | None
Michael | None
Paul | None
Arleny | None
Barry | None
Richard | None
Julie | None
Melissa | None
Joe | None
Ashley | None
Travis | None
Brianna | None
John | None
Michael | None
Mallory | None
Kim | None
Dave | None
James | None
Candace | None
Brianna | None
Jeffrey | None
Meghan | None
Kevin | None
matthew | None
james | None
Erin | None
Patrick | None
Kimberly | None
Natalie | None
Josh | None
Ajay | None
Kathie | None
Morgan | None
Tony | None
Frank | None
Jason | None
Stephen | None
Johnny | None
Jeff | None
Connor | None
Cindy | None
Neha | None
David | None
Diana | None
Christopher | None
Roy | None
Ryan | None
Clint | None
Leslie | None
Devlin | None
Mark | None
Rob | None
Thomas | None
Richard | None
Ben | None
Michael | None
Justin | None
Pam | None
Pam | None
Matt | None
Lyndall | None
Earl | None
Jessica | None
Liliana | None
Connor | None
Daniel | None
Rick | None
Lindsay | None
Brett | None
Rebecca | None
Chuck | None
Leigh | None
Jack | None
Ismael | None
Robert | None
Kaelin | None
Gene | None
Lance | None
Dylan | None
Daniel | None
Whitley | None
John | None
Samuel | None
Andrew | None
Mason | None
Andres | None
Haseeb | None
Kevin | None
Vien | None
Garrett | None
Ariel | None
Douglas | None
Kyle | None
Shera | None
Amber | None
Adam | None
Michael | None
John | None
Amber | None
Robert | None
Ajay | None
Jay | None
Javier | None
Danny | None
Jason | None
Jackson | None
Kevin | None
Robert | None
Willian | None
William | None
Charles | None
John | None
Jacob | None
Karlee | None
Austin | None
Garrett | None
Jonas | None
Jacob | None
Jack | None
Jason | None
Richard | None
Dylan | None
Josh | None
Bo | None
Landon | None
Sean | None
Tim | None
Breiana | None
Christa | None
Jeff | None
Chad | None
Heather | None
Bill | None
Paul | None
Dylan | None
Matthew | None
Brett | None
Richard | None
Luke | None
Robin | None
Charles | None
Martin | None
Fabian | None
Pam | None
Wesley | None
Trinh | None
Sudeep | None
Cory | None
Chris | None
Randle | None
Amir | None
Caitlin | None
Pamela | None
Melissa | None
David | None
eric | None
Tiffany | None
Shekieya | None
Marcus | None
Amanda | None
Troy | None
Kaleigh | None
Amy | None
Carrie | None
Dorian | None
Mark | None
Kevin | None
Alexander | None
Charles | None
Johnnie | None
Jay | None
Jason | None
Kelly | None
Kat | None
Jason | None
Michelle | None
Kat | None
Vivek | None
Garv | None
Balkesh | None
Kural | None
Uma | None
Y | None
Mahesh | None
Manikanteswar | None
Dheeraj | None
Surya | None
Tayyab | None
Sreenivasula | None
Krishna | None
Anena | None
Vinay | None
Himanshu | None
Fayaz | None
Ghouse | None
Kariveer | None
Kavya | None
Lakshmi | None
Vinay | None
Mahesh | None
Abhilash | None
Sai | None
Manikanteswar | None
Sumanjali | None
Talath | None
Vivek | None
Brian | None
Will | None
Thomas | None
Parker | None
Balkesh | None
Charlie | None
Dominic | None
Jordan | None
Jacob | None
Brad | None
Michael | None
Rahul | None
Genna | None
Maria | None
Thomas | None
Michael | None
Brian | None
Will | None
Spencer | None
Jillian | None
Missions | None
Grant | None
Dylan | None
Matt | None
Genna | None
Matt | None
Aliya | None
Ryan | None
Spencer | None
Sydney | None
Tom | None
Polina | None
Leea | None
Ma. | None
Keith | None
Isabela | None
Percy | None
Herman | None
Erika | None
Geomie | None
Oliver | None
Ann | None
Mark | None
Jason | None
Claire | None
Cornelia | None
Pauline | None
Hazel | None
Oliver | None
Mythos | None
Severly | None
Sally | None
Ric | None
Cresnelle | None
Flordeliza | None
Cheri | None
Jeff | None
Delle | None
Philip | None
Elmer | None
melissa | None
Joy | None
Angie | None
Maritoni | None
Krizzia | None
Carlo | None
Nuichi | None
Briana | None
Patrizia | None
Jessa | None
Arrianne | None
Rochelle | None
Micah | None
Katrina | None
Vanessa | None
Jelissa | None
Eunice | None
Rachelle | None
Michael | None
Cassandra | None
Angela | None
Edvan | None
Rhia | None
Kathrina | None
Nicole | None
Claire | None
Joanne | None
Alexandra | None
Resurrecion | None
Ranulfo | None
Jules | None
Jillian | None
Mark | None
Felicitas | None
Jinky | None
Michelle | None
Ma. | None
Aljon | None
Maritoni | None
Jefferson | None
Clyde | None
Jezelle | None
Pauline | None
Jomarie | None
Trisha | None
Dianne | None
Amanda | None
Samantha | None
Sara | None
Seren | None
Seth | None
Sherry | None
Sharonda | None
Sherrill | None
Spencer | None
Samana | None
Seyi | None
Ryan | None
Maria | None
Pooja | None
Parul | None
Oscar | None
Nina | None
Nilay | None
Nik | None
Melissa | None
Marley | None
Manjusha | None
Sreevathsa | None
Manasvini | None
Roanne | None
Stacy | None
Zachary | None
Taylor | None
Lucas | None
Chris | None
Emily | None
James | None
Nicholas | None
Roanne | None
William | None
Lindsey | None
Maggie | None
Melissa | None
Laura | None
Jacinta | None
Ryan | None
Ellie | None
Christie | None
Carolyn | None
Zach | None
Samana | None
Marley | None
Zach | None
Wilson | None
William | None
Timothy | None
Tash | None
Lior | None
Christine | None
Liberty | None
Edvin | None
Dryden | None
Dominic | None
Devon | None
Darrah | None
Darcy | None
Courtney | None
Charlotte | None
Lindsey | None
Carlos | None
Brooke | None
Breeana | None
Bethany | None
Bailey | None
Austin | None
Andrew | None
Andrew | None
Amraj | None
Alun | None
Alex | None
Teana | None
Gowri | None
Muyiwa | None
Morgan | None
Suzy | None
Elizabeth | None
Ellie | None
Carly | None
Emily | None
Eloise | None
Laura | None
Kumulani | None
Kira | None
Kimberly | None
Kimberly | None
justin | None
Josiah | None
Jordon | None
Johnathan | None
Jody | None
Joanna | None
Jim | None
Jillian | None
Jessica | None
Jason | None
Lauryn | None
James | None
James | None
Jacqueline | None
Jacinta | None
Gregory | None
Leah | None
Greg | None
Emily | None
Laura | None
Amanda | None
Mindy | None
Daman | None
Bill | None
Mimi | None
Tracy | None
Shaarpro | None
John | None
Michael | None
Renee | None
Chris | None
Blake | None
Peter | None
Frank | None
Dan | None
Andrew | None
Joe | None
Galen | None
John | None
Michael | None
Kim | None
Robert | None
George | None
Buddy | None
Matt | None
Keisha | None
Monica | None
Amber | None
Haley | None
Sophia | None
Daniel | None
Laura | None
Jennifer | None
josephine | None
barry | None
anne | None
Karina | None
Manish | None
Jed | None
Carlos | None
Marina | None
Illene | None
Stuart | None
Shalini | None
Ross | None
Patrick | None
Daniel | None
Erin | None
Ganaden | None
Himanshu | None
Joe | None
Lou | None
Matthew | None
Rain | None
Rain | None
Scott | None
Sharon | None
Illene | None
Kristel | None
Jamey | None
Carl | None
Nikhil | None
Tyler | None
Kristel | None
Patricia | None
Shalini | None
Kevin | None
Sarthak | None
Saksham | None
Jetendra | None
Dinesh | None
Frankie | None
Robyn | None
Dhruv | None
Nitin | None
Tejpal | None
Tejpal | None
Yashpal | None
Manish | None
Kumar | None
TODD | None
Tejpal | None
Shwetang | None
Kevin | None
Shalini | None
Shubhanshu | None
Carlos | None
Anil | None
Akash | None
Amanjot | None
Syed | None
Veenu | None
Bhavani | None
Warren | None
Steve | None
Paul | None
Matt | None
Mauro | None
Brooke | None
Amin | None
Alisha | None
Julie | None
Samona | None
Andrew | None
Curt | None
Tara | None
Michele | None
Gerri | None
Stephan | None
Jeannine | None
Kelly | None
Barbara | None
David | None
Jonathan | None
Ruth | None
Ed | None
Mary | None
Mickey | None
Marilyn | None
Sarah | None
Erick | None
Norita | None
Sherley | None
Alexander | None
Alex | None
Andrea | None
Karin | None
Cooper | None
Meagan | None
Kayla | None
Wendy | None
Melissa | None
Brian | None
Noah | None
Alissa | None
Kimberly | None
Candice | None
Mitchell | None
Tim | None
Aliya | None
Anna | None
Connor | None
David | None
Cam | None
Heather | None
Heather | None
Josh | None
Maureen | None
Molly | None
Ellen | None
Amy | None
Jason | None
Doug | None
Hannah | None
Alex | None
Denis | None
Mary | None
Sheldon | None
Suzane | None
Cristian | None
Morris | None
Deron | None
Crystal | None
Perla | None
Stacie | None
Perla | None
Deron | None
Cristina | None
Molly | None
Tayla | None
Deborah | None
Marc | None
Chris | None
Norm | None
Susan | None
Susan | None
John | None
Meryl | None
Shaima | None
Rafael | None
Zeineb | None
Pierre | None
Mélanie | None
Agathe | None
Lea | None
Mathilde | None
Vanessa | None
Marie | None
Marine | None
Clemence | None
Amelie | None
Lola | None
Cristie | None
Rafael | None
Hugo | None
Elena | None
Seloua | None
Robin | None
Damien | None
Emma | None
France | None
Amy | None
France-Gabrielle | None
Hessed | None
Rebekah | None
Loick | None
Imane | None
Andrea | None
Shivi | None
Cyril | None
Angela | None
Gregory | None
Alec | None
Megan | None
Camila | None
Alexa | None
Morgane | None
Paul | None
Heather | None
William | None
Dan | None
Joey | None
Agathe | None
Megan | None
Emilie | None
Michelle | None
Léa | None
Sana | None
Angela | None
Andrea | None
Imane | None
Clémence | None
Camille | None
William | None
Noura | None
Camila | None
Morgane | None
Alec | None
Paul | None
Alexa | None
Heather | None
Marine | None
Violetta | None
Robin | None
Amélie | None
Solène | None
Emma | None
Blandine | None
Charlotte | None
Alberto | None
Cyril | None
Vanessa | None
Rebekah | None
Floriane | None
Damien | None
Zeineb | None
Mathias | None
Manon | None
Mathilde | None
Romain | None
Chloé | None
Margaux | None
Mélanie | None
Julia | None
Britney | None
Richard | None
Elise | None
Michael | None
Emily | None
Annette | None
Raymond | None
John | None
Donna | None
Susan | None
Leanza | None
Scott | None
Alejandra | None
Duke | None
Sheina | None
Brook | None
Kelsey | None
Jeremie | None
Elizabeth | None
Vito | None
Rosie | None
Robbin | None
Michael | None
Blake | None
Brett | None
Samantha | None
Lauren | None
Rosie | None
Kimber | None
Brad | None
Amy | None
BangOne | None
Jessica | None
Stephanie | None
Carly | None
Kaleigh | None
Jennie | None
Amber | None
Joe | None
Tawanda | None
Leslie | None
Joe | None
Gopichand | None
Mauricio | None
Amarilis | None
Joshua | None
Megan | None
Eric | None
Michael | None
Bryan | None
Cyril | None
Madhura | None
Jeff | None
Nick | None
Jamie | None
DAVID | None
Eileen | None
Matthew | None
Danielle | None
Jeff | None
Saul | None
Lutron | None
Jarold | None
TIm | None
Joe | None
Danielle | None
Mirtza | None
Scott | None
Nick | None
Paisley | None
Eileen | None
Jarold | None
Cyril | None
David | None
Michael | None
Mitch | None
Mike | None
Mike | None
Brandon | None
Bryan | None
Tim | None
Nora | None
Ashish | None
Diana | None
Tricia | None
David | None
Ann | None
Gina | None
Kimberly | None
Jennifer | None
Maddie | None
Katie | None
Kendal | None
Andrew | None
Tracey | None
Teresa | None
Nicholas | None
Lindsay | None
Laura | None
John | None
Danine | None
Aaron | None
Rochelle | None
Md | None
Jim | None
Deb | None
Matt | None
Antonio | None
Alex | None
Adam | None
Alla | None
Olha | None
Irina | None
Anna | None
Iryna | None
Kateryna | None
Mariia | None
Yuliia | None
Oleksandra | None
Dmytro | None
Yevheniia | None
Anastasiia | None
Julia | None
Nate | None
Chris | None
Jason | None
lisa | None
Lee | None
Barry | None
Shawnelle | None
Eric | None
Travis | None
Robert | None
Jessica | None
Megan | None
Ryan | None
briana | None
Brandy | None
Bott | None
Bethany | None
Ashley | None
Anthony | None
Annesley | None
Andrea | None
Amanda | None
Alexandra | None
Alec | None
Alana | None
Adam | None
Zachary | None
Ronald | None
Brianne | None
Kyle | None
Brown | None
Caputo | None
Danny | None
Daniel | None
Daniel | None
Dani | None
Dani | None
Cuticchia | None
Contento | None
Colin | None
Christopher | None
christi | None
Chris | None
chris | None
Charles | None
Chang | None
Ceasar | None
Caitlin | None
David | None
Joe | None
Gwyneth | None
Amanda | None
Cody | None
Bryce | None
Pierina | None
Pooja | None
Kaley | None
Kyle | None
Morgan | None
Dylan | None
Dylan | None
Michael | None
Savanah | None
Alexander | None
Chloe | None
Sarah | None
Jared | None
Jordan | None
Raina | None
Zach | None
Gregory | None
Dante | None
Lauren | None
Nickolas | None
Spencer | None
Siri | None
Ansley | None
Kevin | None
Taylor | None
Olivia | None
Kayla | None
Marianna | None
Hayden | None
Sloane | None
Michelle | None
James | None
Zade | None
david | None
Dianne | None
taylor | None
Taylor | None
Tardiff | None
Sydow | None
steve | None
Smith | None
Sararuth | None
sarah | None
Sara | None
Sam | None
Ronza | None
robert | None
Rinke | None
rebecca | None
Rachel | None
tom | None
Platt | None
Travis | None
Brittney | None
Martin | None
Nateca | None
Diane | None
Larry | None
Jeremy | None
Charles | None
Michael | None
Kaylynn | None
Marlon | None
Ken | None
Mary | None
Michael | None
Ashley | None
Leah | None
Rachel | None
Maria | None
Julie | None
Vella | None
Pierce | None
paul | None
olivia | None
Joe | None
Jennifer | None
Jake | None
isabella | None
hunter | None
Hintz | None
Heyward | None
Hadley | None
Granquist | None
Galloway | None
Fleming | None
Erickson | None
eric | None
Eric | None
emily | None
drew | None
Jones | None
Joshua | None
Katie | None
miguel | None
michael | None
Michael | None
Mcglone | None
Martine | None
mark | None
Andrew | None
Luke | None
Lexi | None
Lewis | None
Lanter | None
Kowske | None
Kott | None
kira | None
Kelsey | None
Keegan | None
Lindsey | None
Dan | None
Loveneet | None
Tyler | None
Job | None
Ellington | None
Kyle | None
Harrison | None
Brooke | None
Alice | None
Allen | None
Dalton | None
Ashley | None
Brennan | None
Mary | None
Brittany | None
Milan | None
Charlie | None
Hayley | None
Matthew | None
Cody | None
Tyler | None
Cherisse | None
Channing | None
Catherine | None
Brian | None
Bianca | None
Bennett | None
Benjamin | None
Ben | None
Yvonne | None
Banks | None
Ashley | None
Amy | None
Amanda | None
Alex | None
Abigail | None
Abby | None
Kyle | None
Ashtyn | None
Chris | None
Paul | None
Romane | None
Eric | None
Ainise | None
Matthew | None
Mike | None
Lily | None
Joshua | None
Adrienne | None
Onkar | None
Johanna | None
Cindy | None
Sara | None
Madison | None
Dan | None
Matthew | None
Alfred | None
Julie | None
Halie | None
Tajuannia | None
Abigail | None
Katie | None
Cameron | None
Adebimpe | None
Chamasha | None
Almira | None
Justin | None
Lauren | None
Justin | None
Donnie | None
Elise | None
Lexi | None
Lauren | None
John | None
Joseph | None
Courtney | None
Christopher | None
Dan | None
Stephanie | None
Shannon | None
Shannon | None
Ryan | None
Ryan | None
Ross | None
Rich | None
Dalton | None
Paul | None
Noelle | None
Nicholas | None
Nathan | None
Matt | None
Mary | None
Mary | None
Mary | None
Taylar | None
Tracy | None
Vincent | None
Karsen | None
Conrad | None
David | None
Stephen | None
Kelsie | None
Jacob | None
Daniel | None
Marcus | None
Joshua | None
Jordan | None
Rachel | None
Adam | None
Eric | None
Caroline | None
Megan | None
Matt | None
Justin | None
Lauren | None
Payton | None
German | None
Hal | None
Johanna | None
Joey | None
Joe | None
Jessica | None
Jenna | None
Jenna | None
Jonathan | None
Jeff | None
Gary | None
Jacob | None
Jack | None
Kelly | None
Hayley | None
Jared | None
Julia | None
John | None
Kaitlyn | None
Darian | None
Darnell | None
Justin | None
Drake | None
Kaylee | None
Eddie | None
Grace | None
Elliot | None
Emma | None
Katherine | None
Kandace | None
Elizabeth | None
Cindy | None
Andrew | None
Joshua | None
Michael | None
Abrham | None
Wesley | None
Pierce | None
Nishant | None
Warren | None
Nickolas | None
Geri-Lynn | None
Tracy | None
Morgan | None
Jacqueline | None
Anthony | None
Wesley | None
Megan | None
Megan | None
Dave | None
Kelly | None
Zachary | None
Matthew | None
Mellisa | None
Luis | None
Niki | None
Audie | None
Gregory | None
John | None
Anel | None
Renee | None
Mary | None
Brittany | None
Kate | None
Gerardo | None
Dylan | None
Lisa | None
Gabriella | None
Ray | None
Lauren | None
Matthew | None
William | None
Don | None
Melanie | None
Paicence | None
Michele | None
Victoria | None
Joshua | None
Jose | None
Zachary | None
Rollin | None
Andrew | None
Jennifer | None
Jenna | None
Greg | None
Melaine | None
Carlos | None
Khiry | None
Larry | None
Norene | None
Katy | None
Andrew | None
Ricky | None
Robert | None
Ben | None
Cengiz | None
Ike | None
Corin | None
Darnell | None
Steven | None
Ben | None
Freddie | None
Euan | None
Ethan | None
Ghazal | None
Grace | None
Ciprianna | None
Jack | None
Raman | None
Jack | None
Susan | None
Megan | None
Paul | None
Samantha | None
James | None
Lauren | None
Hannah | None
Cengiz | None
Michael | None
Charlie | None
Sophie | None
Fair | None
Antoni | None
Sean | None
Sarah | None
Sam | None
Megan | None
Humza | None
Frankie | None
Megan | None
Amy | None
Antoni | None
Iqbal | None
Jay | None
Trevor | None
Jeremy | None
Morgan | None
Adriana | None
Keon | None
Madina | None
Gianni | None
Lauren | None
Samantha | None
Lucy | None
Madina | None
Chris | None
Jay | None
Chloe | None
Madina | None
Cassi | None
Jack | None
Sean | None
Matthew | None
Sarah | None
Antoni | None
Megan | None
Humza | None
Ryan | None
Cassi | None
Abu | None
Iqbal | None
Ian | None
Joey | None
Ethan | None
Ryan | None
Gary | None
Rohan | None
David | None
Ian | None
Zach | None
Jack | None
Ciprianna | None
Grace | None
Chloe | None
Chris | None
Matt | None
Joe | None
Richard | None
Lauren | None
James | None
George | None
Jay | None
Nathan | None
Jenna | None
Corin | None
Frankie | None
Andrew | None
Robert | None
Gabrielle | None
Jonathan | None
Darnell | None
Sam | None
Lauren | None
Jessie | None
Richard | None
Jack | None
Jerry | None
Chris | None
George | None
Jenna | None
Connor | None
Ike | None
Frances | None
Katia | None
Natalia | None
Maria | None
Cristina | None
Santiago | None
Rena | None
Greg | None
Anna | None
Patrick | None
Tina | None
Geoff | None
Mark | None
Jolie | None
Hannah | None
Danyelle | None
Ramseylee | None
Anas | None
Dimitri | None
Divya | None
Kellie | None
Christine | None
Conner | None
Andrew | None
Elizabeth | None
Alex | None
Jada | None
Chelsey | None
Cheryl | None
James | None
Reagan | None
Karrie | None
Lauren | None
Maritza | None
Pat | None
Yishai | None
Miranda | None
Gage | None
Miguel | None
Ingrid | None
Ben | None
Kaitlin | None
Katie | None
Jason | None
Jason | None
Amy | None
Clement | None
Britney | None
Brooke | None
Sherri | None
Conner | None
Kelly | None
Stephanie | None
Faith | None
Robert | None
Lisa | None
Rebecca | None
Donald | None
Shelia | None
Kaitlinn | None
Valerie | None
Michael | None
Rachel | None
Kelsey | None
Alex | None
Azmeen | None
Hollie | None
Dimitri | None
Jami | None
Britney | None
Lindsay | None
Jeff | None
Haley | None
Max | None
Paulette | None
Marissa | None
Jonathon | None
Christian | None
Jinell | None
Brian | None
Alan | None
Jill | None
Alisa | None
Amy | None
Maria | None
Joanna | None
Andrea | None
Mary | None
Kirina | None
Michael | None
Gregory | None
Alex | None
Robert | None
Erik | None
Mandy | None
Francesca | None
Wade | None
Jadene | None
Santa | None
Jill | None
Nicolle | None
Justin | None
Michael | None
Jill | None
John | None
Justin | None
Jill | None
Joseph | None
Mark | None
Monica | None
Sherry | None
Nicolle | None
Jessica | None
Jon | None
Francesca | None
Mary | None
Nick | None
Nicolle | None
David | None
Wade | None
Gregory | None
Francesca | None
Alan | None
Matthew | None
Erik | None
Maria | None
Joanna | None
Robert | None
Alex | None
Kyle | None
Michael | None
vishal | None
Santa | None
Matthew | None
Diane | None
Rick | None
Steve | None
Steve | None
Meshak | None
Leanne | None
Salvador | None
Lauren | None
Johnny | None
Johnny | None
Fatema | None
Pragna | None
Charlotte | None
Hannah | None
William | None
Mary | None
Peter | None
Robert | None
Cameron | None
Jamie | None
Kayla | None
Jim | None
Andrew | None
Fiona | None
Josie | None
Jaime | None
Phillip | None
7 | None
Ellen | None
3 | None
24 | None
23 | None
22 | None
21 | None
20 | None
17 | None
16 | None
12 | None
11 | None
10 | None
2 | None
4 | None
5 | None
6 | None
9 | None
1 | None
Tristan | None
Ben | None
Matthew | None
Angelo | None
Steve | None
Betsey | None
Fang | None
Steve | None
Ellen | None
Brian | None
Melissa | None
Andrew | None
Wan-Lun | None
Stanley | None
Trevor | None
Angella | None
Adam | None
Nina | None
John | None
Shaobo | None
Ali | None
Dan | None
John | None
Alexander | None
Mary | None
Anastacia | None
Chris | None
Alysia | None
Nicole | None
Margie | None
Sharan | None
Rhonda | None
Michael | None
Sudha | None
Charan | None
Rajesh | None
Keith | None
Jessica | None
Juan | None
Reji | None
Vander | None
Neetu | None
Shaheen | None
Rodney | None
Michelle | None
Liz | None
Julie | None
Ansari | None
Eric | None
Terry | None
Fahima | None
James | None
Tanay | None
Venky | None
Lourdes | None
Abhishek | None
Sean | None
C | None
Faranak | None
Ram | None
Sri | None
Faranak | None
Ernesto | None
Jacob | None
Adrian | None
Jacob | None
Erach | None
Lily | None
Krishna | None
Ernesto | None
Joe | None
Joe | None
Sydney | None
John | None
Grant | None
Mark | None
Mike | None
Justin | None
Elias | None
Robyn | None
Samantha | None
Neal | None
Tyra | None
Rafael | None
Andrea | None
Naman | None
Swamy | None
Alexandra | None
Thomas | None
Taylor | None
Sarah | None
Samantha | None
Ryan | None
Ren | None
Maggie | None
Morgan | None
Michael | None
Vanessa | None
Madeline | None
Kindale | None
Khalil | None
Nicholas | None
Anela | None
Jean | None
Christopher | None
Ted | None
Shane | None
Seth | None
Robert | None
Maria | None
Mo | None
Anthony | None
Mackenzie | None
Lou | None
Joey | None
Josh | None
Jacob | None
Lea | None
Keondra | None
John | None
Katherine | None
Nicholas | None
Hannah | None
John | None
Austin | None
Anup | None
Jeremy | None
Jared | None
Qianying | None
Jesse | None
Joyce | None
Alan | None
Dasia | None
Neil | None
Eli | None
Jacob | None
Natalie | None
Pam | None
Jasmine | None
Amy | None
Jerry | None
Jacob | None
Jack | None
Hailey | None
Anthony | None
Adam | None
Jaxon | None
Rebecca | None
Andrew | None
Kelly | None
Milan | None
Nicolas | None
Austyn | None
Jacob | None
Helena | None
Sumit | None
Joanna | None
Balroop | None
Nathaniel | None
Isobelle | None
Raphael | None
Valeria | None
Nandini | None
Ben | None
Jonathan | None
Rod | None
Allison | None
Penelope | None
Erica | None
Jesse | None
Hector | None
Guadalupe | None
Casey | None
Chantel | None
Jaden | None
Joel | None
Jordan | None
Jose | None
Marielena | None
Rosaura | None
Zachary | None
Xochilt | None
Sarah | None
Maribel | None
Lupe | None
Steve | None
Belin | None
Dominic | None
Guadalupe | None
Athena | None
Edgar | None
Nicollette | None
Marc | None
Steven | None
Judith | None
Axel | None
Ariel | None
Zoila | None
Rocco | None
Tom | None
Flor | None
Jose | None
Kevin | None
Reyna | None
Dennise | None
Lua | None
Roisin | None
Melita | None
Clint | None
Steven | None
Lisa | None
Jeffrey | None
Anita | None
James | None
Laura | None
Tara | None
Keerthana | None
Sridharan | None
Justin | None
Kim | None
Douglas | None
Janet | None
Allison | None
Maegan | None
Kimberly | None
Angela | None
Tina | None
Alexa | None
Jessica | None
Chris | None
Vema | None
Julianna | None
Alyssa | None
Stephen | None
Elizabeth | None
Tim | None
Oliver | None
Donald | None
Warren | None
Chantel | None
Phillip | None
Kindra | None
Dianna | None
Jonathan | None
Nick | None
Jason | None
Heather | None
Clint | None
Christopher | None
Chris | None
Jennifer | None
Chris | None
Anthony | None
Tucker | None
Trisha | None
Ted | None
Sean | None
Ryan | None
Brandon | None
Joe | None
Jeff | None
Kyle | None
Larissa | None
Zach | None
Kali | None
Michael | None
Michael | None
William | None
Nick | None
Mike | None
Michael | None
Meghann | None
Lainey | None
Chris | None
George | None
Brian | None
Brett | None
Ben | None
Laura | None
Erin | None
Evan | None
Danielle | None
Lauren | None
Georgie | None
Molly | None
Nick | None
Nicole | None
Rylie | None
Stephanie | None
Sujatha | None
Theresa | None
Teige | None
Will | None
Claire | None
Elyse | None
Anna | None
Jen | None
Corey | None
Emma | None
Julie | None
Zach | None
David | None
Andrea | None
Allie | None
Adriana | None
Anthony | None
Yazan | None
Lindsay | None
Kelsey | None
Kirsten | None
Jon | None
Jon | None
Jordan | None
Chase | None
Randy | None
Jay | None
Lourdes | None
Angela | None
Becca | None
Siri | None
Matt | None
Declan | None
Natasha | None
Romain | None
Billy | None
Sarah | None
Cristo | None
Courtney | None
Daniela | None
Samantha | None
Laura | None
Hannah | None
Brian | None
Brett | None
Dan | None
Reena | None
Kelly | None
Chris | None
Anne | None
Monica | None
Martha | None
Kyle | None
Shannon | None
Ingrid | None
Amanda | None
Sabah | None
Sam | None
Marisa | None
Viktoria | None
Hans | None
Karen | None
Matt | None
Francesca | None
James | None
Hayley | None
Ashley | None
Maria | None
Josh | None
Karissa | None
Jessica | None
Ellie | None
Dominick | None
Selin | None
Sam | None
Austin | None
Katie | None
Thomas | None
Olga | None
Kyle | None
Meg | None
Kyla | None
Jessica | None
Chioma | None
Cortney | None
Margarita | None
Jordan | None
Madeline | None
Felicia | None
Barb | None
Blaire | None
Kelsey | None
Nina | None
Destiny | None
William Lewis | None
Max Yarbrough | None
Hunter Hatton | None
Patrick Verrette | None
Vilay | None
Thereza | None
Maggie | None
Kelly | None
Noemi | None
Mandy | None
Marlene | None
Maximillian | None
Elizardbeth | None
Mary | None
Grace | None
Debbie | None
Jessica | None
Andrea | None
Jennifer | None
Anne | None
Kaliris | None
David | None
Mary-Ann | None
Daniela | None
Marisela | None
Maria | None
Eunice | None
Barbara | None
Marissa | None
Mary | None
Andy | None
Eunice | None
Tal | None
Kevin | None
Vineeth | None
Adithya | None
Roopesh | None
Danish | None
Sandeep | None
Tim | None
Henry | None
Theresa | None
Amy | None
Jim | None
Tim | None
Robert | None
James | None
Beth | None
Joseph | None
Joanna | None
Paul | None
Craig | None
Umer | None
Christian | None
Austin | None
Michael | None
Richard | None
Kevin | None
Van | None
Henry | None
Jake | None
Beth | None
Pete | None
Joseph | None
Mike | None
Eva | None
Nancy | None
John | None
Sandra | None
Rich | None
Alayna | None
Neha | None
Dawn | None
Jeff | None
Tom | None
Brionna | None
Catherine | None
Ravi | None
Gregory | None
Jonathan | None
Michael | None
Amber | None
Brionna | None
Matthew | None
Ray | None
Terri | None
Kenny | None
Rick | None
Navis | None
Don | None
Benson | None
Gustavo | None
Matthew | None
Raul | None
Ross | None
Connor | None
Murray | None
jamie | None
Robert | None
Christopher | None
Richard | None
Josh | None
Doug | None
Mark | None
Timothy | None
Russell | None
Jonathan | None
Kimberly | None
Matthew | None
Troy | None
Oscar | None
Andrew | None
Gabriel | None
Alex | None
Travis | None
Bill | None
Kimberly | None
Kehinde | None
Johnathan | None
Stephen | None
Kevin | None
Dwayne | None
Michael | None
William | None
Jessy | None
Mark | None
Nusrat | None
Ariel | None
Ron | None
Shirley | None
Duane | None
Darrell | None
Brent | None
Corinne | None
Chris | None
Kathleen | None
Damon | None
Larry | None
Allante | None
Thomas | None
David | None
Curtis | None
Sybille | None
Jermell | None
Dominic | None
Rojelio | None
Abdourahman | None
John | None
Airika | None
Paul | None
Gilberto | None
G. | None
Keith | None
Robert | None
Alexander | None
Eddie | None
Linn | None
Charles | None
Ramon | None
Daniel | None
Peter | None
Erick | None
Jay | None
Parviz | None
Peter | None
Angela | None
Corey | None
Anthony | None
Alexis | None
Mohamed | None
Chris | None
ELIE | None
Fran | None
Vincent | None
Robert | None
Elatia | None
Merary | None
Andy | None
Eric | None
Anton | None
Jeff | None
John | None
James | None
Taylor | None
Mirza | None
Peter | None
Ramy | None
Tony | None
Tony | None
F | None
yrell | None
Francis | None
Kevin | None
Peter | None
Gabriel | None
Richard | None
James | None
Nick | None
Rachel | None
Brian | None
Ronald | None
Eugene | None
Will | None
Harry | None
Michael | None
Reynard | None
Eric | None
Peter | None
Jake | None
Francisco | None
Ted | None
John | None
Justin | None
Matthew | None
Herman | None
Jorge | None
Brett | None
Pablo | None
Andrew | None
Scott | None
Ask | None
Daniel | None
Moiz | None
George | None
Eric | None
lee | None
spencer | None
Edward | None
Michael | None
Scott | None
Brian | None
Kevin | None
Isaac | None
Mario | None
Charissa | None
Homer | None
Derrick | None
Michael | None
Thomas | None
Jose | None
Jeremy | None
VINCENT | None
John | None
Stanley | None
Michael | None
Marcus | None
Derrick | None
Gabriel | None
Patric | None
Victor | None
Chad | None
Kevin | None
Jean-Claude | None
erry | None
Larry | None
Patrick | None
Corey | None
Gregory | None
Tina | None
Anna | None
Becky | None
Pam | None
Bonface | None
Christopher | None
Eric | None
Steve | None
Tyrone | None
Leslie | None
Bryan | None
Jesse | None
Donaven | None
Bryan | None
Marni | None
Sergey | None
Stanley | None
Dino | None
Natassia | None
Tierra | None
Brittany | None
Alexandra | None
Emma | None
Latisha | None
Mekayla | None
tommy | None
Samir | None
Mike | None
Matt | None
Randall | None
Travis | None
Timothy | None
Taylor | None
Paul | None
Tom | None
Deon | None
Paula | None
Cassandra | None
Tim | None
Stacy | None
Alex | None
Lori | None
Rich | None
Jason | None
Mason | None
Ridoy | None
Jud | None
Deirdre | None
Rick | None
Rory | None
Monica | None
Rory | None
Tom | None
Shane | None
Pierson | None
Alice | None
Nancy | None
Nihar | None
Nancy | None
Ligia | None
Andrew | None
Daniel | None
Mary | None
Deborah | None
Diane | None
Emily | None
Kyle | None
Lindsey | None
Marc | None
Marta | None
Sue | None
Kirstin | None
Christopher | None
Karalee | None
Tara | None
Rhonda | None
Marci | None
Andrew | None
John | None
Calvin | None
Loudon | None
Sue | None
Armand | None
Tamara | None
Jacob | None
Amanda | None
Joshua | None
Sara | None
Christian | None
Sue | None
Joshua | None
Jared | None
Gabriela | None
Franklin | None
Angel | None
Marni | None
Mária | None
Dianna | None
Mina | None
Gautham | None
Trent | None
Robert | None
Lauren | None
John | None
John | None
Emily | None
Allister | None
Diana | None
Carley | None
Nicole | None
Cady | None
Daniel | None
Christian | None
Brian | None
Lisa | None
Boris | None
Robert | None
Joanne | None
Angel | None
Craig | None
Jane | None
Aaron | None
Xiao | None
John | None
Mutasar | None
Jesse | None
Troy | None
Vladimir | None
Brandon | None
Aliyah | None
Deborah | None
Erika | None
Evan | None
Hayley | None
Hilary | None
Tylia | None
Jessica | None
Luciano | None
Michael | None
Noel | None
Patrick | None
Ryan | None
Shanell | None
Tara | None
Van | None
Travis | None
Louis | None
Taylor | None
Anna | None
Sarah | None
James | None
Sali | None
Madyson | None
Taylor | None
Shannon | None
Kammey | None
Cassie | None
Chelsea | None
Ryan | None
Becki | None
Mark | None
Jared | None
Kalvin | None
Nicole | None
Kassandra | None
Brandon | None
Nora | None
Lily | None
Jay | None
Sid | None
Aron | None
Jessica | None
Nick | None
Steve | None
Louis | None
Nataraj | None
K | None
Beaula | None
Veguri | None
Richa | None
Rajesh | None
Ryan | None
Vik | None
Navin | None
ASHOK | None
mandi | None
lisa | None
lisa | None
linda | None
liliana | None
leslie | None
lesa | None
leif | None
leif | None
leela | None
jerry | None
kristine | None
kiya | None
karen | None
karen | None
jason | None
karen | None
josh | None
john | None
jessica | None
laura | None
laura | None
Gary | None
jamiel | None
Nancy | None
alan | None
amanda | None
amanda | None
amanda | None
angela | None
austin | None
brian | None
carol | None
cassandra | None
christina | None
cindy | None
cynthia | None
daniel | None
deanna | None
elaine | None
ericka | None
evan | None
frank | None
guadalupe | None
jade | None
marcie | None
mark | None
stephanie | None
mary | None
Liz | None
Lisha | None
Lisa | None
Leslie | None
Lesa | None
Julia | None
Jose | None
Jorge | None
Jockkiest | None
Lyn | None
Jessica | None
Jennie | None
Jason | None
Janice | None
Jamiel | None
Jamie | None
Hilary | None
Heather | None
Gerardo | None
Sean | None
Jennifer | None
mark | None
Don | None
tina | None
matt | None
michael | None
mike | None
mishelle | None
misty | None
nicole | None
paul | None
paul | None
porscha | None
yesenia | None
reginald | None
robert | None
ron | None
samadhi | None
shannon | None
Ron | None
stephanie | None
stori | None
tameka | None
terralyn | None
rita | None
Melanie | None
Jessica | None
Jaclyn | None
John | None
Dianna | None
Kimberly | None
Brenda | None
Celisse | None
Jocelyn | None
Brenda | None
Kristofer | None
Monica | None
Ivan | None
Jordan | None
Leta | None
Aaron | None
Tim | None
Donna | None
Adam | None
Kristy | None
Tracie | None
Patrick | None
Anthony | None
Sahil | None
Melissa | None
Mariela | None
Sirena | None
Leah | None
Ron | None
Reginald | None
Yesenia | None
Bianca | None
Rachel | None
Michael | None
Nicole | None
Roland | None
Alexis | None
Lisa | None
Christina | None
Amanda | None
Cynthia | None
Melissa | None
Snelling | None
Stephanie | None
Marcie | None
Jessica | None
Diana | None
Donna | None
Adam | None
Marisa | None
Yolanda | None
Ivan | None
Sasha | None
Frank | None
Cindy | None
Samantha | None
Andrea | None
Mike | None
Josefina | None
Rita | None
Jason | None
Andrea | None
Liz | None
Kelley | None
Gloria | None
Philip | None
Michael | None
Steven | None
Kelly | None
Lauren | None
Diana | None
Georgette | None
Bryan | None
Barbara | None
Bruno | None
Mariela | None
Josefina | None
Anthony | None
María | None
Diana | None
Rachel | None
Andrea | None
Matt | None
Zack | None
Jonny | None
Charles | None
Mike | None
Jessica | None
John | None
Richard | None
Kevin | None
Tom | None
Faye | None
Christopher | None
isabel | None
christopher | None
Sophia | None
Rob | None
Diego | None
Ryan | None
Jordan | None
Edward | None
Adam | None
Sally | None
Robert | None
Irving | None
Seth | None
Neel | None
Daniela | None
Paula | None
Sebastian | None
Kelly | None
David | None
Priya | None
Gopal | None
ZAYDEN | None
Maverick | None
Cody | None
Benett | None
Brock | None
Nick | None
Maria | None
Liudmyla | None
Diana | None
Oleksandra | None
Olha | None
Ivanna | None
Field | None
Monika | None
Jobs | None
Andrea | None
Daniela | None
Sofia | None
Raúl | None
Antonieta | None
Keshav | None
Juveriya | None
Modem | None
Mandy | None
Madhu | None
Christopher | None
Sweta | None
Avi | None
Kristin | None
Satya | None
Christine | None
Sally | None
Ananth | None
Rafid | None
Matt | None
Chitra | None
Ammar | None
Mamatha | None
Edward | None
Scott | None
Pradeep | None
Vidhyavathi | None
Monika | None
Jen | None
Georgiy | None
Robert | None
Harshita | None
Rohith | None
Sharadha | None
Nicol | None
Kanchi | None
Elizabeth | None
Vanessa | None
Jillian | None
Hammad | None
Dean | None
Sardar | None
Ananya | None
Chandra | None
Ayyappan | None
Jeyanth | None
Abhishek | None
Tuhina | None
Tara | None
Sushil | None
Summer | None
Sudeep | None
Stephany | None
Alexa | None
Nagesh | None
Sherry | None
Justina | None
Michelle | None
Sarah | None
Christopher | None
Sabarinath | None
Kellen | None
Roxanny | None
Ellen | None
Elizabeth | None
Sardar | None
Daniel | None
Tara | None
Priti | None
Johnson | None
Ilene | None
Daniel | None
Alex | None
Kara | None
Joan | None
Prince | None
Sarah | None
Riya | None
Tony | None
Pooja | None
Tara | None
Val | None
Moe | None
Alex | None
Jon | None
Sarah | None
Pritii | None
Tony | None
Michael | None
Hammad | None
Johnson | None
Pritii | None
Meenakshi | None
Rejoy | None
Priti | None
Preston | None
Pooja | None
Nikhil | None
Lee | None
Justin | None
Jon | None
Jo | None
David | None
Daniel | None
Christopher | None
Bruno | None
Anthony | None
Stephany | None
Preston | None
Ryan | None
Alex | None
Brionna | None
Lee | None
Rejoy | None
Mark | None
Christina | None
Rahul | None
Jo | None
Sarah | None
C | None
Ilene | None
Chris | None
Reginald | None
Justin | None
Shawn | None
Dean | None
Emily | None
Yuki | None
Michael | None
Jessica | None
David | None
Jordan | None
Christine | None
Brad | None
Bobbi | None
Robin | None
Joseph | None
Ellen | None
Jon | None
Melissa | None
Roxanny | None
Sabarinath | None
John | None
Val | None
Jason | None
Daniel | None
Alexa | None
Domenic | None
Andrew | None
Amit | None
Tara | None
Anthony | None
Jim | None
Sudeep | None
Lauren | None
Young | None
Ryan | None
Sherry | None
Spencer | None
Mohit | None
Sardar | None
Riya | None
Kellen | None
Abhinav | None
Sushil | None
Prashank | None
jim | None
Michael | None
Daniel | None
Bruno | None
Pooja | None
melissa | None
Sarah | None
Summer | None
Taryn | None
Ray | None
Jessica | None
Tony | None
Michelle | None
Andrew | None
Marylou | None
Nikhil | None
Alex | None
Dong | None
Ananya | None
Kruti | None
Jared | None
Rachel | None
Christopher | None
Mitch | None
Tuhina | None
Meghan | None
Chris | None
Shannon | None
Sammeer | None
Rich | None
Jose | None
Miroslaw | None
Gina | None
Luis | None
Mark | None
Rich | None
Steve | None
Linda | None
lynne | None
abbe | None
Steve | None
John | None
Ruthie | None
John | None
Nick | None
Sean | None
Tammy | None
Michelle | None
Nick | None
Susan | None
Leonardo | None
Siddharth | None
David | None
Lisa | None
Michael | None
Ivory | None
Denise | None
Ashleigh | None
Eduardo | None
Trudy | None
Christine | None
George | None
Greg | None
Luis | None
Jing | None
Alison | None
Reddy | None
Tim | None
Karen | None
Chuck | None
Freddie | None
Chris | None
Christina | None
Chase | None
Bruce | None
Ruthie | None
Ds | None
Sean | None
Marcus | None
Ivory | None
Terry | None
Roberto | None
lisa | None
macie | None
maria | None
pamela | None
shannon | None
Sydney | None
Eric | None
jessica | None
Mark | None
Rhonda | None
Summer | None
Amanda | None
Danielle | None
faith | None
Maura | None
Tracy | None
joel | None
Akhil | None
priyanka | None
Thirumal | None
divya | None
Abhinav | None
Prem | None
Bryan | None
Andrew | None
Andre | None
Anthony | None
Olympia | None
tatianna | None
David | None
Ian | None
Mark | None
anthony | None
Kevin | None
Carl | None
Andre | None
Joshua | None
Chris | None
Randi | None
Olympia | None
Sydney | None
Craig | None
Vidhi | None
Angela | None
Alevtyna | None
Kyran | None
Steve | None
Mikaela | None
Kaileigh | None
Brittney | None
Dionne | None
Tej | None
Anthony | None
Matt | None
Shilvi | None
Nora | None
Ronan | None
Kaleigh | None
Ryan | None
Rob | None
Jason | None
Ian | None
Kelly | None
Daniel | None
Cody | None
Jesse | None
Kelly | None
Matt | None
john | None
Chris | None
Matthew | None
Nicholas | None
Madi | None
Mark | None
Denyse | None
Anthony | None
Staci | None
Hank | None
Rob | None
Matt | None
Matt | None
Norman | None
Andre | None
Jonathan | None
Kyle | None
Megan | None
Mae | None
Matt | None
Melissa | None
Grant | None
Abby | None
Randy | None
Maria | None
Ryan | None
Chris | None
Jonathan | None
John | None
Emma | None
Michelle | None
Tatianna | None
Norman | None
Cheyenne | None
Sydney | None
Rodd | None
Brad | None
Mig | None
Chris | None
Ian | None
Neil | None
Kevin | None
Hector | None
David | None
Luke | None
Anky | None
Joseph | None
Steve | None
Matthew | None
Joseph | None
Bill | None
My | None
Peter | None
Jorge | None
Anthony | None
Jessica | None
Sarah | None
Chris | None
Amanda | None
Randy | None
Ryan | None
Sarah | None
Denyse | None
Samantha | None
Jim | None
Donna | None
Doah | None
Nora | None
Clair | None
Nicole | None
Jayne | None
Trung | None
Jonathan | None
Russell | None
Brian | None
Chris | None
Vahid | None
Sheik | None
Alicia | None
Maura | None
Sravan | None
Roy | None
Mary | None
Lauren | None
Kimberley | None
Chloe | None
Evans | None
DHEROUVILLE | None
Srinivas | None
Rupa | None
Chris | None
Kirthika | None
Vijay | None
Zubia | None
Abhishek | None
Sai | None
Jatin | None
Chethan | None
Satheesh | None
Mohamed | None
Anthony | None
Christie | None
Ayush | None
Patrick | None
Rebecca | None
Justine | None
Chasity | None
Julie | None
Darlene | None
Cynther | None
Jenn | None
Christina | None
Kelly | None
Zach | None
Julie | None
Christian | None
James | None
Tracy | None
Amanda | None
Elizabeth | None
Jalen | None
Ryan | None
John | None
Sam | None
Jeff | None
Carla | None
William | None
Curtis | None
Sofia | None
Julie | None
Ma | None
Katherine | None
Jowi | None
Jeffrey | None
April | None
Dee | None
April | None
Angelica | None
Amandi | None
Angela | None
Noreen | None
Molly | None
Tom | None
Fathylou | None
Angelica | None
Dean | None
Enrique | None
Adam | None
Sara | None
Kevin | None
Amandi | None
Samantha | None
Rox | None
Noreen | None
Molly | None
Shannon | None
Dominic | None
Gil | None
Kory | None
Lajuana | None
Lewis | None
Alice | None
Christine | None
Tamara | None
Patrick | None
Evan | None
Adam | None
Sarah | None
Matthew | None
Alyssa | None
Maria | None
Bobby | None
Samantha | None
Gary | None
Scotty | None
Michele | None
Keri | None
Chinkle | None
Lois | None
Craig | None
Gabrielle | None
Reyes-Gold | None
Julian | None
Tom | None
Bailey | None
Beth | None
Cristine | None
Daniela | None
Dianna | None
Elizabeth | None
Emily | None
Molly | None
Graym | None
Marina | None
Marissa | None
Paul | None
Preeti | None
Raja | None
Sara | None
Matt | None
DJ | None
Alexandria | None
Lisa | None
Scotty | None
Andrew | None
Kathleen | None
Pinar | None
Eileen | None
Megan | None
John | None
La | None
Sherif | None
Asaf | None
Barbara | None
Aastha | None
Nick | None
Dina | None
Edward | None
Lorenny | None
Ashley | None
Rosa | None
Anita | None
Nicole | None
Sara | None
Scott | None
Kim | None
Robin | None
Nikhil | None
Marjorie | None
Ednan | None
Krissy | None
Chase | None
Neha | None
Patrick | None
Alexus | None
Donn | None
MichelleMiranda | None
James | None
Craig | None
Alison | None
Sara | None
Stephanie | None
Andrew | None
Nick | None
Jonathan | None
Beth | None
Aastha | None
Lisa | None
Hillary | None
Sarah | None
Laila | None
Celia | None
Michael | None
Melissa | None
Kristen | None
DJ | None
Kathleen | None
Brian | None
Shawn | None
Paula | None
Georgina | None
Carolina | None
Lloyd | None
Shirley | None
Alexandra | None
Ronald | None
Amy | None
Eric | None
Michael | None
Mark | None
Keela | None
Jessica | None
Carrie | None
Matt | None
Matt | None
Stephen | None
Nicole | None
Slade | None
John | None
Debbie | None
Alex | None
Alyson | None
Michelle | None
Taylor | None
Kathy | None
Jen | None
Tim | None
Lissa | None
Julie | None
Verona | None
Wendy | None
AshliChoi | None
Linda | None
David | None
Jerri | None
Kelly | None
Peter | None
Doug | None
Abigail | None
Jr | None
Ramona | None
Chase | None
Sheri | None
Patti | None
Cindy | None
Breanna | None
Christopher | None
Joseph | None
Krystal | None
Laurence | None
Brad | None
Susan | None
Lori | None
Allyson | None
Shari | None
Lori | None
Vali | None
Franca | None
John | None
Josline | None
Karen | None
Karen | None
Kelli | None
Nina | None
John | None
Carol | None
Karen | None
Trudy | None
Hannah | None
Shelley | None
Carissa | None
Jason | None
Richard | None
Daryl | None
Ingri | None
Ajila | None
Wynter | None
Michael | None
James | None
Beth | None
Paige | None
Kia | None
Leslie | None
Chrissy | None
Bob | None
Lisa | None
ami | None
Savannah | None
bob | None
julie | None
laura | None
Trish | None
Craig | None
Margaret | None
Thomas | None
Joshua | None
hannah | None
Allyson | None
Isabel | None
Marnie | None
Marla | None
Kevin | None
Mike | None
Breanna | None
Monica | None
Karen | None
Brett | None
Kelly | None
Rhonda | None
Tina | None
Meagan | None
Diana | None
Geri | None
Brandon | None
John | None
Hannah | None
Josline | None
Kevin | None
Quaron | None
Jessica | None
Dan | None
Brenda | None
Amanda | None
Sri | None
Sally | None
Amit | None
Miles | None
Madhu | None
Tally | None
Nick | None
Jay | None
Mayra | None
Sarah | None
Yang | None
Patrick | None
Christine | None
Andrea | None
Prasanth | None
Bill | None
Anu | None
Mona | None
Val | None
Michael | None
Nicole | None
Chin | None
Norman | None
Angela | None
Lafe | None
Rich | None
Chris | None
Shashi | None
John | None
Paul | None
Chad | None
Shishir | None
Katie | None
Veronica | None
Jamie | None
David | None
Dave | None
Sankar | None
Santosh | None
Jayasri | None
Venkat | None
Vikash | None
Atish | None
Siva | None
Bharathi | None
Omkar | None
Sarika | None
Raj | None
Syed | None
Michael | None
Ricardo | None
Tom | None
yasmine | None
Brittney | None
Bob | None
Marty | None
marty | None
maria | None
Yasmine | None
brittney | None
Ricardo | None
María | None
Carrie | None
Kavita | None
Cindy | None
Yasmine | None
Kim | None
Dale | None
Michael | None
Tom | None
Tamara | None
Solange | None
Maria | None
Kate | None
María | None
Cindy | None
gerrit | None
Ricardo | None
Kavita | None
Lindsey | None
Whitney | None
Angelica | None
Andrey | None
Lawrence | None
Anna | None
Angelica | None
Ganna | None
Prashant | None
Quevin | None
Sergey | None
Quevin | None
Patrick | None
Lawrence | None
Jennifer | None
Daniel | None
Anna | None
Joshua | None
Vanesa | None
Chase | None
Claire | None
Martin | None
Justin | None
Brad | None
Martin | None
Vanesa | None
Faith | None
Bert | None
Justin | None
David | None
Claire | None
Claire | None
David | None
Amy | None
Daria | None
Kelly | None
Liza | None
Megan | None
Meliza | None
Tony | None
Cleo | None
Taniya | None
Maria | None
Jose | None
Jonathan | None
Barb | None
Diana | None
Ashley | None
Valerie | None
Veronica | None
Sarah | None
Sam | None
Owen | None
Nick | None
Michelle | None
Mark | None
Kyle | None
Kara | None
Jared | None
Donna | None
Cathy | None
Donna | None
Michelle | None
Michael | None
Meegan | None
Stephanie | None
Nicole | None
Nicole | None
Dawna | None
Crystal | None
Nick | None
Meegan | None
Mark | None
Ashley | None
Nick | None
Dana | None
Alex | None
Niki | None
Alec | None
Nick | None
Alex | None
Kristy | None
Dhana | None
Hayden | None
Jeanine | None
Jennifer | None
Juan | None
Payton | None
Leila | None
William | None
Debbie | None
Peyton | None
Justin | None
Dave | None
Jenni | None
Richard | None
Christopher | None
Marc | None
JP | None
Scott | None
Jen | None
Paddy | None
Rick | None
Rebecca | None
Angela | None
Brian | None
Brian | None
Taylor | None
Meghan | None
Nolan | None
Emma | None
madison | None
kiara | None
john | None
brooke | None
Gabriella | None
Kelley | None
Arielle | None
Douglas | None
Gianna | None
Hunter | None
Nicholas | None
Sebastian | None
Brandon | None
Dave | None
William | None
JP | None
Diana | None
Rachel | None
Brad | None
Lawrence | None
Ryan | None
Erik | None
Devyn | None
Patrick | None
Shane | None
Danielle | None
Sid | None
Zoe | None
Loren | None
Justin | None
Ruchika | None
Rick | None
Matthew | None
Sydney | None
Alicia | None
Shirley | None
Crystal | None
Michael | None
Anjali | None
Eric | None
Malie | None
Emily | None
Luis | None
Karen | None
John | None
John | None
Vinny | None
Richard | None
Divya | None
Chinmay | None
Kathleen | None
Jeff | None
Source | None
Brandi | None
Angelo | None
Sean | None
rini | None
edie | None
bill | None
Jon | None
Rob | None
Jon | None
Venu | None
Lisa | None
Josh | None
Matt | None
Clare | None
Danielle | None
Lindsay | None
Devin | None
Cindy | None
David | None
Bernard | None
James | None
Patrick | None
Andrea | None
Jaynee | None
Stephenie | None
Brittany | None
Max | None
Paige | None
James | None
Anthony | None
Maxine | None
Casandra | None
Ally | None
Jericha | None
Chris | None
Greg | None
Jeffery | None
Suzanne | None
Chris | None
Shanna | None
Neil | None
Irwin | None
Brady | None
Vijetha | None
Amber | None
Christian | None
Stephanie | None
Shak | None
Mckenzie | None
Dean | None
Rob | None
Jasmine | None
Erenee | None
Faith | None
Diane | None
Anthony | None
David | None
Sabrina | None
Sandy | None
Russell | None
Kendraya | None
Aarthi | None
Lauren | None
Lobna | None
Terry | None
Heather | None
Tiffany | None
Art | None
Robb | None
Sallye | None
Kim | None
Bryan | None
Tanya | None
Ryan | None
Laura | None
Andrew | None
Alisha | None
Robert | None
Morgan | None
Betty | None
Liz | None
Jordan | None
Dean | None
Ankita | None
Jessica | None
Megan | None
David | None
Brice | None
Abdullah | None
Helena | None
Kirsti | None
Zara | None
Michele | None
Amber | None
Levi | None
Michael | None
Greg | None
Edward | None
Jeffrey | None
Kelli | None
Glen | None
Jimmie | None
Nicole | None
Kaysie | None
Susan | None
Faith | None
Jeffrey | None
Rendal | None
Kelly | None
Marchellas | None
Matt | None
Sheneen | None
Anu | None
Usha | None
Madhav | None
Chandee | None
Lisa | None
Mathew | None
Ashleigh | None
Lindsey | None
Carol | None
Lucas | None
Sofia | None
Catalina | None
Michael | None
Sofia | None
Bart | None
Nevena | None
Sofía | None
Annette | None
Stephanie | None
Josh | None
Julieta | None
Candelaria | None
Santiago | None
Kate | None
Josefina | None
Pascual | None
Ariana | None
Candela | None
Martina | None
Juana | None
Sid | None
Carmela | None
Camila | None
Sofia | None
Ariana | None
Catalina | None
Mar | None
Anastasiia | None
Gabriel | None
Robert | None
Taylor | None
Alec | None
Anja | None
Colin | None
Samantha | None
Tracy | None
Matthew | None
Sarah | None
Jennifer | None
Kristin | None
Amanda | None
Aron | None
Rachel | None
Curtis | None
Brandon | None
Darrell | None
Jamie | None
Alexandra | None
Fletcher | None
Chuck | None
Luke | None
Christina | None
Dominic | None
Claire | None
Samantha | None
Sean | None
Owen | None
Brendan | None
Ellen | None
Chad | None
Ashley | None
Nikolaus | None
Nick | None
Breanna | None
Anthony | None
Rubi | None
Kyrah | None
Aidan | None
Stephen | None
Theresa | None
Kazeem | None
Jacob | None
Kevin | None
Cassandra | None
Eric | None
Brad | None
Stephanie | None
Mary | None
Anna | None
Johanna | None
Dana | None
Antoinette | None
Sergio | None
Roy | None
Megan | None
Sara | None
Rodney | None
Spencer | None
Katelyn | None
Jason | None
Jennifer | None
Grady | None
Frank | None
Michael | None
Sam | None
Crystal | None
Erin | None
Paul | None
Andrew | None
Matthew | None
Beverly | None
Alexandria | None
Evette | None
Stephen | None
James | None
Kevin | None
Madison | None
Michelle | None
Kirsten | None
Paul | None
Megan | None
Megan | None
Crystal | None
Donna | None
Spencer | None
Stephen | None
Sarah | None
Rob | None
Amanda | None
Charles | None
Jennifer | None
Evette | None
Steve | None
Tracy | None
Jennifer | None
Chris | None
Kim | None
Alison | None
Charlie | None
Achiri | None
Devona | None
Adediran | None
Faith | None
Sharon | None
Anika | None
Julie | None
Johanna | None
Kristi | None
James | None
Megan | None
Johanna | None
Anika | None
Rob | None
Thomas | None
Sara | None
Sade | None
Nathan | None
Nancy | None
Matthew | None
Mary | None
Lisa | None
Lindsey | None
Larita | None
Kristi | None
Katelyn | None
Justice | None
Jennifer | None
Dana | None
Connor | None
Christina | None
Bazy | None
Anna | None
Alexis | None
Gina | None
Alex | None
Becca | None
Sergio | None
Thomas | None
Dan | None
Nancy | None
Gina | None
Tracy | None
Anna | None
Daniel | None
Asiscola | None
Sarah | None
Lyneese | None
Preeti | None
Donna | None
Charles | None
Malcolm | None
Brent | None
Andrew | None
Rob | None
Nicolette | None
Anika | None
Kevin | None
Anna | None
Rebecca | None
TJ | None
Brenda | None
Sonady | None
Johanna | None
Veronica | None
Sarah | None
Chloe | None
Khusbu | None
Shiva | None
Jennifer | None
Helena | None
Cameron | None
LuisFernando | None
Kaycee | None
Michaela | None
Emma | None
Joe | None
Heather | None
Cole | None
Cherilyn | None
Tara | None
Russell | None
Lauren | None
Regiane | None
Ryan | None
Heidi | None
Katherine | None
JuanPablo | None
Brandi | None
Mikhael | None
Joaquin | None
Reanna | None
Mario | None
Robin | None
Jeremy | None
Adam | None
Allie | None
Kevin | None
Jay | None
Leander | None
MorganThomas | None
Thomas | None
Scott | None
Lars | None
Jack | None
Alicia | None
Todd | None
Rosanne | None
David | None
Jackson | None
Sharmila | None
Rick | None
Katie | None
Jessica | None
Michelle | None
Anita | None
Reed | None
Kim | None
Jamee | None
Justin | None
Jodie | None
Scott | None
Brad | None
Katie | None
Reagen | None
Danielle | None
Shayla | None
Scott | None
Shiva | None
Dale | None
Tracy | None
David | None
Narayanaswamy | None
Sindhu | None
Krishna | None
Akhilesh | None
Mani | None
Madhavi | None
Gnagaharish | None
Surendra | None
Hina | None
Chalapathi | None
Naga | None
Aparna | None
Pooja | None
Praveen | None
Sowjanya | None
Bhargavi | None
Tracy | None
Dashrath | None
Tracy | None
Praveen | None
Spandana | None
Anusha | None
Sai | None
Sharma | None
Ryan | None
Vikram | None
Srinivas | None
Steven | None
Ravinder | None
Ravi | None
Bhovaneshwar | None
Sri | None
Durga | None
Kodali | None
Ravi | None
Erik | None
Rick | None
Maxwell | None
Juston | None
Paulena | None
Chandu | None
Chrys | None
Alice | None
Max | None
Matthew | None
Mark | None
Mandy | None
Dave | None
Kurt | None
Kendall | None
Megan | None
Kyle | None
Melanie | None
Scott | None
Mollie | None
Nawshi | None
Nicko | None
Rachel | None
Scott | None
Kendall | None
Scott | None
Vinay | None
Tracy | None
Mike | None
Kelly | None
Jackson | None
JR | None
Andrew | None
Andrew | None
Ashley | None
Blair | None
Cameron | None
Chad | None
Chianhui | None
Chip | None
Dominic | None
Kari | None
Emily | None
Eric | None
Eric | None
Fran | None
Hannah | None
Swagat | None
Jake | None
Jason | None
Jeff | None
Joe | None
Emma | None
Shelley | None
Cameron | None
Diane | None
Annapurna | None
John | None
Marcus | None
Stephen | None
Crystal | None
Vikki | None
Ian | None
Andrew | None
David | None
Scooter | None
Rachel | None
Isai | None
Tyler | None
Nathan | None
Cindy | None
Camilla | None
Madeline | None
Jill | None
Marjie | None
Travis | None
Nathan | None
Raina | None
Craig | None
Jennifer | None
Cassie | None
Matt | None
Ryan | None
Joy | None
Sam | None
Jake | None
David | None
Stephanie | None
Sarah | None
Scott | None
John | None
Candice | None
Kanesha | None
John | None
Gordon | None
Rachael | None
Molly | None
John | None
Dan | None
Amy | None
Lethokuhle | None
Tyain | None
Maria | None
Dairon | None
Craig | None
Mark | None
Robbie | None
Jean | None
Mauricio | None
Chendo | None
Justin | None
Grant | None
Jordan | None
Madison | None
Beth | None
Joseph | None
Kaila | None
John | None
Bailey | None
Kate | None
William | None
Jimmy | None
Kieran | None
Sarah | None
Ludwig | None
Rebecca | None
Ted | None
Sunny | None
Stefan | None
Shraddha | None
Shineth | None
sean | None
David | None
Samuel | None
Krystal | None
Ryzal | None
Ruth | None
Rory | None
Quinn | None
Patrick | None
Owen | None
Orissa | None
Nnedinso | None
Mark | None
Manish | None
Rylee | None
Jimmy | None
Cem | None
Jennifer | None
Barathan | None
Chris | None
Chloe | None
Anjelica | None
Andrew | None
Craig | None
Abigail | None
Gabby | None
Logan | None
Lina | None
Siti | None
Thomas | None
Billy | None
Ben | None
Bryan | None
Ashleigh | None
Dan | None
David | None
Edmund | None
Edward | None
Elliot | None
Eugenia | None
Giuseppe | None
Henri | None
Henry | None
James | None
Ashley | None
Jamison | None
Jayman | None
Jessica | None
Chloe | None
Daelin | None
Marie | None
Marais | None
Casey | None
Alicia | None
Roldan | None
Sean | None
Chase | None
William | None
Jessica | None
Alex | None
Hamza | None
Margaux | None
Lily | None
Tom | None
Rachel | None
Jake | None
Elaine | None
Matt | None
Michaela | None
Ashley | None
Carina | None
Zach | None
Nick | None
Tina | None
Caroline | None
Kristyn | None
Thomas | None
Terence | None
Sean | None
Remy | None
Max | None
Mariana | None
Louie | None
Katie | None
Josh | None
Emily | None
Janique | None
Eden | None
Ash | None
Edita | None
Mark | None
Tom | None
James | None
Brittany | None
Georgia | None
Ron | None
Drea | None
Leyla | None
Dan | None
Lauryn | None
Addison | None
Edward | None
Vanessa | None
Avery | None
Zaire | None
Luke | None
Chloe | None
Marlon | None
Abigail | None
Sara | None
Dana | None
Ebony | None
Sharif | None
Khilel | None
Christopher | None
Jaden | None
Alyssa | None
Victoria | None
Nick | None
Grace | None
Brooke | None
Tibin | None
Chantel | None
Kaylynne | None
Faith | None
Jared | None
Donna | None
Jordan | None
Christina | None
Brittany | None
Maksat | None
Sean | None
Justin | None
Owen | None
Michelle | None
Neil | None
Eadaoin | None
Hannah | None
Nicole | None
Mark | None
Myles | None
Malcolm | None
Anna | None
Sarah | None
Amy | None
Rachel | None
Alexi | None
Matthew | None
Sarah | None
Edward | None
Sierra | None
Amber | None
Hejran | None
Hafidzah | None
Greg | None
Giordano | None
Geoff | None
Kira | None
Kara | None
Aidan | None
Madeleine | None
Hanna | None
Phindiwe | None
Brittany | None
Mackenzie | None
Claire | None
Roman | None
Jamal | None
Emily | None
Anthony | None
Madelyn | None
Raphael | None
Harriet | None
Heber | None
Elena | None
Juliet | None
Florangel | None
Ashley | None
Natasha | None
Nagushan | None
Morgan | None
Ally | None
Mandy | None
Ian | None
Jeaneen | None
Jorge | None
John | None
Jeaneen | None
Jean | None
James | None
Jag | None
Jade | None
Iris | None
Hejran | None
Brandon | None
Lars | None
Hannah | None
Claudia | None
Bell | None
James | None
Alex | None
Jordan | None
Victoria | None
Bhavini | None
Jade | None
Furugh | None
Mike | None
Paul | None
Martyn | None
Olivia | None
Lindsey | None
Chrissy | None
Sonny | None
Jack | None
Sarah | None
Amy | None
Amabelle | None
Bobby | None
Blake | None
Andrew | None
Mackenzie | None
Douglas | None
Lewis | None
CJ | None
Meena | None
Dhiva | None
Maaria | None
Mindy | None
Rachel | None
David | None
Mandy | None
Billy | None
Jenna | None
Edward | None
Stefanie | None
Michelle | None
Bethany | None
Jenna | None
Ben | None
Eduardo | None
Tony | None
Matt | None
Andrew | None
Brandon | None
Claire | None
Meg | None
Simon | None
Robin | None
Danielle | None
Dnika | None
Andy | None
Sophia | None
Nicolas | None
Sarah | None
Janine | None
Peter | None
Brian | None
Julia | None
Todd | None
Olga | None
Amanda | None
Nordia | None
Lia | None
Leo | None
Phil | None
Katherine | None
Jacklyn | None
Aysha | None
Arshad | None
Katie | None
Amy | None
Julia | None
Adam | None
Dessy-Liza | None
Jordyn | None
Susie | None
Sammi | None
Brian | None
Lucy | None
Kerry | None
Roxy | None
Michelle | None
Mary | None
Nicki | None
Dr. | None
Jenna | None
Kimberly | None
Evelyn | None
Brooke | None
Jon | None
Lindsay | None
Dylan | None
Kristin | None
Daniel | None
Dave | None
Jovey | None
Lisa | None
Sohil | None
Erik | None
Miranda | None
Erin | None
Alyse | None
Jasmine | None
Lindsey | None
James | None
Charlie | None
Abigail | None
Emily | None
Abby | None
Lea | None
Amber | None
Christopher | None
Gowri | None
Brian | None
Selam | None
Carolyn | None
Brandy | None
Ann | None
Katy | None
Matthew | None
Laura | None
Jason | None
Laura | None
Greg | None
Katherine | None
Makenzie | None
Julia | None
David | None
Yareli | None
Marzena | None
Isabelle | None
Sarah | None
Lynn | None
Blair | None
Madeleine | None
Dennis | None
Christian | None
Tom | None
Patrick | None
Kelly | None
Kelly | None
Lesley | None
Suzanne | None
Kim | None
Donald | None
Bailey | None
Kate | None
Brooke | None
Hannah | None
Karen | None
Michael | None
John | None
Hillary | None
Oliver | None
Megan | None
Sabrina | None
Michael | None
Blaise | None
Eileen | None
Maitreya | None
Adele | None
Jeff | None
Jeremy | None
Allie | None
Amy | None
Caitlin | None
Caroline | None
Gillian | None
John | None
Tadashi | None
Dylan | None
Samuel | None
Lauren | None
Rodrigo | None
Christopher | None
Gabriel | None
Kelsey | None
Austin | None
Olivia | None
Eric | None
Keri | None
Monifa | None
Elizabeth | None
Vera | None
Elizabeth | None
Zack | None
Tyler | None
Ben | None
Lisa | None
Demetri | None
Julia | None
Alejandra | None
Ashley | None
Kat | None
Leah | None
Patrick | None
Laurie | None
Donna | None
Jennifer | None
Toby | None
Beatrice | None
Natalie | None
Emma | None
Claire | None
Winthrop | None
Thomas | None
Marc | None
Tim | None
Stacy | None
Will | None
Edward | None
Daniel | None
Corey | None
Andria | None
Ella | None
Chaz | None
tyrone | None
thomas | None
teagan | None
shilpa | None
shashwi | None
shannon | None
preeti | None
prathiban | None
piotr | None
patrick | None
prem | None
lexi | None
namitha | None
Chari | None
alison | None
brittany | None
christian | None
anastasia | None
dominika | None
harleen | None
julianne | None
collin | None
Stephanie | None
Deidra | None
Sara | None
Sheri | None
Irasema | None
Melissa | None
Emmanuel | None
Cristina | None
Jolene | None
Tammie | None
Martha | None
Ali | None
Stefanie | None
Maria | None
Tyler | None
Vanessa | None
Elinor | None
Geovana | None
Haylie | None
Lillian | None
Marybel | None
Dayann | None
Perla | None
Raiza | None
Sarah | None
Savannah | None
Christine | None
Tim | None
Penniie | None
Unnamed Recruiter | None
Philip | None
Paul | None
Natalie | None
Brad | None
Matt | None
Sean | None
Mike | None
Rajan | None
Abhijeet | None
Paul | None
Joan | None
Ajay | None
Laura | None
Liam | None
Deepak | None
Srishti | None
James | None
Stacie | None
Eric | None
Kapil | None
Austin | None
Michael | None
Philip | None
Jessica | None
Jonathan | None
Phuc | None
Ali | None
Ann | None
Michael | None
Margot | None
John | None
Jay | None
Rich | None
Richard | None
Terry | None
Kimberly | None
Lauretta | None
Caitlyn | None
Neycha | None
WILL | None
Matt | None
Eric | None
Becca | None
Tami | None
Becca | None
Stephanie | None
Penni | None
Melissa | None
Lynn | None
Karen | None
Lauren | None
Kyle | None
Jen | None
Abigail | None
Rachel | None
Jen | None
JC | None
Ashley | None
Jason | None
Paul | None
Cameron | None
Meg | None
Lynn | None
Logan | None
Karey | None
Jax | None
Brad | None
Mikdalia | None
Ashley | None
Alexa | None
Adam | None
Mary | None
Madeline | None
Isabella | None
Danielle | None
Madeline | None
Isabella | None
Lauren | None
Will | None
Emmalee | None
Gracie | None
James | None
Drew | None
Kennedy | None
Madison | None
Remi | None
Sean | None
Weibel | None
Hattie | None
Kerri | None
Caroline | None
Zachary | None
Kourtnie | None
Roger | None
Travis | None
Callahan | None
Tenecia | None
Dan | None
Alex | None
Lauren | None
Courtney | None
Patrick | None
bryanna | None
Megan | None
Kourtnie | None
Snigdha | None
Kyle | None
Madeline | None
Alex | None
Kourtnie | None
Roger | None
Lauren | None
Tenecia | None
Ashley | None
Mark | None
Martin | None
Patrick | None
Travis | None
Callahan | None
Emily | None
Jacinda | None
Lisa | None
Lauren | None
Hattie | None
Ashlyn | None
Alex | None
Hattie | None
Kelly | None
Bailee | None
Kerri | None
Kyle | None
Tai | None
Zoe | None
Alec | None
Brianna | None
Justin | None
Linus | None
Muttu | None
Andrea | None
Srinivasa | None
Linda | None
Chris | None
Stephen | None
Paul | None
Karen | None
Ron | None
Pete | None
Scott | None
Dan | None
Marko | None
Paige | None
Michael | None
Olivia | None
Will | None
Alejandro | None
Jill | None
Amanda | None
Abigail | None
Michael | None
Rich | None
Jessica | None
Justin | None
Dave | None
Maggie | None
Cooper | None
Justin | None
Jill | None
Martin | None
Christopher | None
Luke | None
Mike | None
Brett | None
Mike | None
Sloane | None
Joseph | None
Janet | None
Jessica | None
Haley | None
Rachel | None
Shannon | None
Christopher | None
James | None
rhys | None
Matthew | None
Joseph | None
Dan | None
Ben | None
Alexis | None
Ellie | None
James | None
William | None
Niall | None
Umar | None
Steve | None
Brittany | None
Krishna | None
Matt | None
Rachel | None
Nima | None
Molly | None
Matthew | None
Lynne | None
Lindsay | None
Marques | None
Jordon | None
Felicia | None
Chad | None
Brittany | None
Arely | None
Anna | None
Amanda | None
Kyle | None
Evan | None
Randy | None
Ruby | None
Lisa | None
christian | None
Jhenella | None
Christian | None
drake | None
evan | None
jennifer | None
Maria | None
David | None
Kim | None
Susan | None
Jose | None
Drake | None
Jon | None
Sidney | None
David | None
Jennifer | None
Terry | None
Tray | None
Jason | None
Markus | None
Jacob | None
Kevin | None
James | None
tom | None
ramona | None
James | None
Kevin | None
Ramona | None
Tom | None
Matthew | None
Kateryna | None
Lea | None
Andree | None
Ken | None
Richard | None
William | None
Jennifer | None
Joe | None
Gus | None
Joanmarie | None
Kathy | None
Karina | None
Kristy | None
Kyrie | None
Lori | None
Lucero | None
Mark | None
Mark | None
Miguel | None
p | None
Rebecca | None
Ruth | None
Sandy | None
Stephanie | None
Tammy | None
Tara | None
Valerie | None
Victoria | None
Yadira | None
Yvonne | None
Julia | None
Rodney | None
Joselinne | None
Guadalupe | None
Jo | None
Jocelyn | None
Hilda | None
Ina | None
Italia | None
Jennifer | None
Joselinne | None
Joshua | None
Nancy | None
Crecia | None
Lisa | None
Gian | None
Brenda | None
Angela | None
Esmeralda | None
Elena | None
Daniel | None
Cris | None
Beth | None
Arasely | None
Amyy | None
Adriana | None
Clarissa | None
Ghia | None
Staff | None
Dan | None
Adolfo | None
Paul | None
Damian | None
Marion | None
Erika | None
Ron | None
Paul | None
Adolfo | None
Kevin | None
Dan | None
Marion | None
Catherine | None
Shaun | None
Erika | None
Joy | None
Mae | None
Andrew | None
Erika | None
Catherine | None
Cecily | None
Chris | None
Danielle | None
Edward | None
Peter | None
Nirav | None
Sydney | None
Sharon | None
Savannah | None
Ryan | None
Robert | None
Peter | None
Molly | None
Eric | None
McKenzie | None
Luke | None
Guy | None
James | None
Leana | None
Leah | None
Kristin | None
Kelly | None
Kayla | None
Jodi | None
Angelica | None
Jessica | None
Analisa | None
Jen | None
Tyler | None
Madison | None
Emma | None
Brandon | None
Ashley | None
Adam | None
Chaselyn | None
Ahtisham | None
Chris | None
Judson | None
Joe | None
Brian | None
Larry | None
Molly | None
Jorge | None
Jaylen | None
Anna | None
Jonalee | None
Jamela | None
Mika | None
Shivam | None
Chiraz | None
Himaadri | None
Ajay | None
Britney | None
Tony | None
Julian | None
Meghan | None
Karla | None
Titilayo | None
Brian | None
VSN | None
Ileana | None
Iris | None
Ivette | None
Julie | None
TJ | None
L | None
Samantha | None
Zed | None
Andrew | None
Vadym | None
Jon | None
Victoria | None
Kevin | None
Erin | None
John | None
John | None
Jon | None
Rigo | None
Sue | None
joe | None
iyonna | None
ann | None
Yolanda | None
Jessica | None
Kristina | None
Leisha | None
Alex | None
Vams | None
Ken | None
Michelle | None
Celia | None
Sue | None
Leisha | None
Kristina | None
Amber | None
Kathleen | None
Blake | None
Connor | None
Ann | None
Alex | None
Ruth | None
Lazette | None
Rachel | None
Chris | None
Jessica | None
Abbie | None
Cathy | None
Jessian | None
Jessica | None
Celia | None
Kim | None
Blake | None
Cathy | None
Abbie | None
Brianna | None
Kelvin | None
Jessian | None
Amber | None
Kim | None
Alfred | None
Rachel | None
Vams | None
Michelle | None
Carmen | None
Ruth | None
Rachel | None
Jessica | None
Kristalle | None
Brendan | None
Amit | None
Kalyan | None
Tarun | None
Swati | None
Michael | None
Sachin | None
Halle | None
Sushil | None
Surender | None
Jeetendra | None
Sanket | None
Arpitha | None
Tarun | None
Kevin | None
Anthony | None
Prasad | None
Sushil | None
Ehtesham | None
Michael | None
David | None
Wally | None
Tim | None
Michael | None
Ali | None
Jeremiah | None
Bunny | None
Tiffany | None
Pamela | None
Jeetendra | None
Lisa | None
Kevin | None
Josh | None
Jonathon | None
Jason | None
Imran | None
Darren | None
Darren | None
Consuelo | None
Burt | None
Benoit | None
Angelo | None
Rob | None
McKenzie | None
Mary | None
Bob | None
Swati | None
Amit | None
Josh | None
Lisa | None
Samantha | None
Eliane | None
Kimmy | None
Pedro | None
Jeremy | None
Benoit | None
Alex | None
Juan | None
John | None
Angelina | None
Evelyn | None
Orlando | None
Tania | None
Melenese | None
Julia | None
Tiffany | None
Imran | None
Michael | None
Pamela | None
Darren | None
Tiffany | None
Josh | None
Imran | None
Sushil | None
Mike | None
Libby | None
Kim | None
Mckenzie | None
Navi | None
Swati | None
Benoit | None
Ali | None
Navi | None
Michael | None
Mike | None
Lan | None
Cuong | None
Swarna | None
David | None
Ali | None
Mike | None
Pamela | None
Kristalle | None
Jonathon | None
Swati | None
Navi | None
Arpitha | None
Tim | None
Sai | None
Darren | None
Burt | None
Rakesh | None
HR | None
Tiffany | None
Lisa | None
Samuel | None
Surender | None
Lynn | None
Rakesh | None
Anissa | None
Adam | None
Kevin | None
Josh | None
Mike | None
Jonathon | None
Samuel | None
Ehtesham | None
Diane | None
Michael | None
Sushil | None
Kevin | None
Sanket | None
Navi | None
Ali | None
Andrea | None
Meaghan | None
Jessica | None
James | None
Frank | None
Andrew | None
Joe | None
Joshua | None
Mary | None
Daniella | None
Seth | None
Taek | None
Jeffery | None
Max-Ann | None
Elizabeth | None
Rachel | None
Makenzie | None
Berit | None
Dan | None
Sierra | None
Chrissy | None
Oscar | None
Patrick | None
Heather | None
Christian | None
Bella | None
Debbie | None
Urmila | None
Karan | None
Matt | None
Lori | None
Mary | None
Markie | None
Maria | None
Lindsey | None
Kathy | None
Leah | None
Laurence | None
Kwesi | None
Kristine | None
Kennedy | None
Mickisha | None
Leslie | None
Miranda | None
Sandy | None
Vanessa | None
Tony | None
Tiphanie | None
Tara | None
Steve | None
Stephanie | None
Stephanie | None
Stacie | None
Stacey | None
Rachel | None
Ronda | None
Samantha | None
Keisha | None
Ntxawm | None
Kayla | None
Damien | None
Karen | None
Nate | None
Adrian | None
Alicia | None
Amanda | None
Amber | None
Amy | None
Anahi | None
Arlethia | None
Ashleigh | None
Asia | None
Bob | None
Brent | None
Carla | None
Carla | None
Chris | None
Coleen | None
Shannon | None
Deanna | None
Debbie | None
Devin | None
Doug | None
Emily | None
Ingrid | None
Janelle | None
Jeanie | None
Jeff | None
Johane | None
Kaitlin | None
Karisa | None
Sherry | None
Montelongo | None
Lavarus | None
Lillian | None
Mark | None
Michelle | None
Nichole | None
Nicole | None
Rachael | None
Sarah | None
Vania | None
Krystal | None
Jennifer | None
Brandon | None
Kara | None
Brooke | None
Rebekah | None
Jose | None
Laurie | None
Rachel | None
Lauren | None
Jazmine | None
Hiring | None
Jen | None
Carole | None
Carlie | None
Jacqueline | None
Areli | None
Sjoblom | None
Jade | None
Fawn | None
Donna | None
Yadira | None
Brianne | None
Cynthia | None
Michelle | None
Recruiters | None
LaShay | None
Zoey | None
Ward | None
Cynthia | None
Olivia | None
Sean | None
Kelly | None
LaShay | None
Rachel | None
Douglas | None
Michelle | None
Kathy | None
Mike | None
Thomas | None
Michelle | None
Zoey | None
Nick | None
Alison | None
Sam | None
Paul | None
Jeremy | None
Chad | None
Steve | None
William | None
Clinton | None
Eric | None
Britt | None
Alison | None
Robert | None
Connor | None
Jordan | None
Wesley | None
Mark | None
Jason | None
Elvis | None
Connor | None
Amber | None
Brittany | None
Wesley | None
Nakul | None
Shubham | None
Erica | None
Linnea | None
Selen | None
Akansha | None
Apurva | None
Zahid | None
Vishal | None
Gopal | None
Bill | None
Jon | None
Deadrick | None
Anne | None
Sara | None
Sarah | None
Margaret | None
George | None
Kaitlyn | None
Jeff | None
Tim | None
Olivier | None
Iris | None
Meredith | None
Ryan | None
Boni | None
Prianka | None
Rosemary | None
Annette | None
Michael | None
Charles | None
Trevor | None
Paul | None
Aaron | None
Camisha | None
Richard | None
CJ | None
Rick | None
Martha | None
Valerie | None
Greg | None
Trent | None
William | None
Abigail | None
Richard | None
Jules | None
Jeff | None
Al | None
Jonathan | None
Sophia | None
Emily | None
Melissa | None
Nancy | None
Daniel | None
Lara | None
Silenia | None
Olivia | None
Yasmin | None
Adam | None
Andrea | None
Christina | None
Paddy | None
Lucas | None
Lauren | None
Kate | None
Julie | None
Greg | None
George | None
Elle | None
Danielle | None
Anthony | None
Kristiyana | None
Liam | None
Henry | None
Esther | None
Jane | None
Sarah | None
Lee | None
Maddison | None
Daiana | None
Daniela | None
Vivian | None
Jijo | None
Gabriel | None
Rebecca | None
Ronald | None
Jared | None
William | None
Martin | None
Cynthia | None
Crystal | None
Megan | None
Kaya | None
Matt | None
Danielle | None
Jannae | None
John | None
Elana | None
Leslee | None
Brad | None
Taylor | None
Sheena | None
Felecia | None
Evan | None
Bhagyashree | None
Rob | None
Alex | None
Swamy | None
Paul | None
Tim | None
Tetiana | None
Anuar | None
George | None
Joseph | None
Cana | None
Merianelle | None
Denis | None
Eden | None
Tali | None
Alona | None
Mario | None
Terry | None
Nick | None
Pallavi | None
Rahul | None
Alex | None
Christina | None
John | None
Julia | None
Oliver | None
Oliver | None
Lucas | None
Ankit | None
Ayushi | None
Andre | None
Ana | None
Shawn | None
Zeeshan | None
Michael | None
Johannes | None
Shubhangi | None
Mabel | None
Sophia | None
Svetlana | None
isaura | None
lauren | None
madden | None
madden | None
maggie | None
maggie | None
melissa | None
mindy | None
natalie | None
ronlet | None
tori | None
David | None
Matt | None
Jerri | None
Nazia | None
Kristi | None
David | None
Esparza | None
Zack | None
Joseph | None
kristin | None
Iryna | None
Steven | None
Sean | None
amy | None
ashley | None
ashley | None
bryce | None
Conor | None
bryce | None
colette | None
dan | None
delauren | None
William | None
hala | None
isaura | None
Brandon | None
katie | None
kevin | None
kimberly | None
kimberly | None
Marcellena | None
Brandon | None
Ryan | None
hala | None
Ryan | None
Ken | None
DeLauren | None
Shane | None
Dan | None
Ronlet | None
Lauren | None
Kevin | None
Tori | None
Natalie | None
Owen | None
Amy | None
David | None
Colette | None
Robert | None
Monika | None
Mindy | None
Katie | None
Daniel | None
Melissa | None
Kristin | None
Melina | None
Mike | None
Gladys | None
Brittany | None
Joe | None
Adam | None
Raul | None
Rob | None
Petra | None
Janie | None
Maria | None
joshua | None
charmaine | None
jatin | None
jerico | None
johvie | None
Rachelle | None
luis | None
tim | None
todd | None
Maria | None
karly | None
Hidalgo | None
Mohit | None
Ted | None
Natalia | None
Melissa | None
Jacob | None
Yara | None
Katia | None
Larissa | None
Gabriella | None
Davud | None
Ivana | None
Tushar | None
Fernanda | None
Sthephany | None
Heidi | None
Jenifher | None
Debora | None
Amy | None
Ranjit | None
Krisha | None
Iver | None
Nicholas | None
Hector | None
Jheison | None
Silvia | None
Sean | None
Akash | None
Vikas | None
Carlos | None
Luma | None
Carolina | None
Angela | None
Jason | None
Preeti | None
Keith | None
Seliana | None
Paula | None
Erik | None
Daniel | None
Natasha | None
Natalia | None
Theodore | None
Karly | None
John | None
Jeremiah | None
Drew | None
Charlie | None
Abby | None
Juliene | None
Dianne | None
Eline | None
Charlie | None
Harriette | None
Aparna | None
Marco | None
Carl | None
Venice | None
Shubham | None
vickey | None
Paula | None
Ayush | None
Natiele | None
Sandra | None
Katie | None
Regina | None
Gaurav | None
Jeremy | None
Joshua | None
Nitish | None
Todd | None
Abby | None
Angela | None
Eddie | None
Tim | None
Tom | None
Rekha | None
Karly | None
Gurvinder | None
Parinaaz | None
Alejandrina | None
Evan | None
Leo | None
Daniel | None
Chimango | None
Alice | None
Katrina | None
Amarie | None
Robert | None
Javier | None
Tracy | None
Neha | None
Yogesh | None
Kamal | None
Zeena | None
Ashton | None
Lee | None
Tarik | None
Evelyn | None
Jeffrey | None
Ged | None
Chris | None
Sophie | None
Pooja | None
Sophie | None
Zoé | None
James | None
Niamh | None
Olivia | None
Sarah | None
Robert | None
Adam | None
Neil | None
Ashton | None
Jack | None
Sophie | None
Tarik | None
Sarah | None
Sophie | None
Caitlin | None
Jordan | None
Bradley | None
Alexandra | None
Jack | None
Ollie | None
Ged | None
Neil | None
Lee | None
Courtney | None
Zach | None
Ashton | None
Robert | None
Jeffrey | None
Evelyn | None
Julia | None
Adam | None
Niamh | None
Lee | None
Taylor | None
Olivia | None
Taylor | None
Taylor | None
Tarik | None
Zach | None
Jeffrey | None
Julia | None
Evelyn | None
Courtney | None
Kristen | None
Kristin | None
JD | None
Liz | None
Nazia | None
Lindsey | None
Corina | None
Steven | None
Heather | None
Julia | None
Jim | None
41 | None
Sheila | None
Liz | None
Sharamae | None
Mike | None
Debbie | None
Scott | None
Tami | None
Mike | None
Paul | None
Alysia | None
Christopher | None
Ciara | None
Michael | None
Patrick | None
Ron | None
Kajal | None
Candace | None
Karin | None
Reina | None
Krissy | None
Sabika | None
Andy | None
Mark | None
Greg | None
Alex | None
Kevin | None
Aaron | None
Joshua | None
Drew | None
Amanda | None
Jane | None
Marius | None
Tom | None
Rama | None
Natalie | None
Vickie | None
Mandy | None
Peyton | None
Traci | None
Melissa | None
Lisa | None
Ginny | None
Marianne | None
Sridhar | None
Danni | None
Brian | None
Joseph | None
Michael | None
Missions | None
Christina | None
Dieter | None
Gusphalney | None
Nick | None
Chris | None
Erin | None
Craig | None
Jon | None
Jeffrey | None
Christopher | None
Lance | None
Justin | None
Javier | None
Ashley | None
Richard | None
Jamie | None
Brittani | None
Camille | None
Stefanie | None
Issy | None
Vivian | None
Kimberly | None
Michael | None
Dan | None
Carl | None
Eric | None
Tiffany | None
Sandra | None
Bill | None
Andy | None
Brittany | None
Sydney | None
Aditi | None
Hannah | None
Justin | None
Hailey | None
Willie | None
Katerina | None
Ricardo | None
Erin | None
Britt | None
Susanne | None
Orlando | None
Cinthya | None
Marissa | None
Marianne | None
Christine | None
Melissa | None
Steve | None
Raidelyn | None
Greg | None
Deena | None
Ronna | None
Brooke | None
Robert | None
Shane | None
Alan | None
Heidi | None
Gusphalney | None
Victoria | None
Bibiana | None
LeAnne | None
Courtney | None
JoAna | None
Rob | None
Gladys | None
Sarah | None
Christine | None
Carolyn | None
Michael | None
Pamela | None
Drew | None
Christopher | None
Kirk | None
Matthew | None
Susan | None
Christian | None
Stephanie | None
Priya | None
Jennifer | None
John | None
Peter | None
Shari | None
Kaitlin | None
Thomas | None
Mina | None
Brittani | None
Delaney | None
Calee | None
Christopher | None
Amy | None
Brooke | None
Elizabeth | None
Jill | None
Azeena | None
Giselle | None
Greg | None
Sam | None
Jolie | None
Dani | None
Shaunna | None
Tyler | None
Tiffany | None
Mark | None
Aditi | None
Barry | None
Natalie | None
Sydney | None
Elaine | None
Jennifer | None
Jessica | None
Don | None
Jaime | None
Chad | None
Katy | None
Amanda | None
Brian | None
Melissa | None
Amanda | None
Lauryn | None
Emily | None
Cristina | None
Mia | None
Patricia | None
Heizel | None
Mike | None
Lauren | None
Michael | None
Dertalie | None
Daniel | None
Josh | None
Mina | None
Jared | None
Liam | None
Ivette | None
Tammy | None
Erin | None
Gladys | None
Jamie | None
Janel | None
Jayson | None
Jeff | None
Jenny | None
JoAna | None
Jon | None
Justin | None
Erica | None
Kay | None
Beatriz | None
Kristin | None
Kyla | None
Leigh | None
Lisa | None
Matt | None
Mia | None
Michael | None
Michael | None
Patrick | None
Ken | None
Rob | None
Emily | None
Cynthia | None
Anne | None
Azeena | None
Beth | None
Bob | None
Brett | None
Brian | None
Chad | None
Pamela | None
Chanel | None
Elaine | None
Chris | None
Chanda | None
Corinne | None
Dana | None
Dane | None
Dario | None
Darragh | None
David | None
Delaney | None
Drew | None
James | None
Sylvia | None
Christian | None
Amanda | None
Ronna | None
Scot | None
Natasha | None
Nicholas | None
Russel | None
Scott | None
Vivian | None
Victoria | None
Cristina | None
Christopher | None
Kaitlin | None
Austin | None
Delaney | None
JoAna | None
Carl | None
Robert | None
Ryan | None
Tiffany | None
Butch | None
Michael | None
Vivian | None
Charlie | None
Caitlin | None
Ryan | None
Joseph | None
Stacy | None
Stephen | None
Rhonda | None
Seth | None
Alejandro | None
Justin | None
Dawn | None
Mark | None
Art | None
Rhonda | None
Barry | None
Greg | None
Regan | None
Patricia | None
Robert | None
Bruce | None
Jeffrey | None
Deborah | None
James | None
Amy | None
Cristina | None
David | None
Larry | None
Brittani | None
Amanda | None
Anya | None
Alan | None
Gary | None
Jill | None
Vivian | None
Patrick | None
Christopher | None
Janet | None
Dan | None
Alex | None
Courtney | None
Taylor | None
Joe | None
Heizel | None
Tyler | None
Lauryn | None
Jaime | None
Sarah | None
Tiffany | None
Stephanie | None
Andrea | None
Lauren | None
Amanda | None
Mark | None
Jolie | None
Shaunna | None
Paul | None
Ned | None
Thomas | None
Brittany | None
Natalie | None
Christopher | None
Leslie | None
Aleksey | None
Brooke | None
Eric | None
Jen | None
Samuel | None
Carolyn | None
Karen | None
Kirk | None
Ivette | None
Leigh | None
Kari | None
Brittni | None
Matt | None
Navinder | None
Lauren | None
Amy | None
Brooke | None
Elizabeth | None
Matthew | None
Michael | None
Angelica | None
Kerin | None
Nick | None
Tina | None
Matthew | None
Erin | None
Juan | None
David | None
Don | None
Josh | None
Giselle | None
Brandon | None
Ansley | None
Angela | None
Alan | None
David | None
Jack | None
Mike | None
Tara | None
Thomas | None
Betsy | None
Laurie | None
Bridget | None
Leigh | None
Robert | None
Jessica | None
Cristina | None
Judy | None
Roni | None
Elizabeth | None
Emmie | None
Kaitlin | None
Natalie | None
Gillian | None
Hailey | None
Nik | None
Pamela | None
John | None
Rob | None
Jennifer | None
Brooke | None
Sharon | None
Austin | None
Christopher | None
Brian | None
Alexa | None
Stephanie | None
Joe | None
Sam | None
Greg | None
Eamon | None
Steve | None
Laurie | None
Amanda | None
Genevieve | None
Kearsten | None
Joshua | None
Kearsten | None
Matthew | None
Travis | None
Nicholas | None
Andrew | None
Kristof | None
Nadine | None
Claire | None
James | None
Matthew | None
Lisa | None
Allison | None
Lombardi | None
Alexis | None
Aleah | None
Carrie | None
Brian | None
Rachel | None
Ron | None
Kevin | None
Kevin | None
Paul | None
Brian | None
Bob | None
Dan | None
Hanlen | None
Mark | None
Rick | None
Mary | None
Rachel | None
Rachel | None
Kim | None
Trish | None
Paul | None
Mary | None
Kevin | None
Kevin | None
Kim | None
Tom | None
Hillary | None
Kyle | None
Michael | None
Nicole | None
Sammy | None
Blake | None
Brian | None
John | None
Tom | None
Palani | None
Ashley | None
David | None
Kathy | None
Jim | None
Bill | None
Beau | None
Rindi | None
Brad | None
Melodie | None
Heather | None
Jason | None
Adria | None
Wendy | None
Justin | None
Jordan | None
Jerry | None
Kermit | None
Frank | None
Philip | None
floyd | None
Dave | None
Bob | None
Melissa | None
Dave | None
Aaron | None
Stacey | None
Wanda | None
Judy | None
Ava | None
Laura | None
Amores | None
Kimberlyn | None
Diann | None
Ted | None
Chelsea | None
Jason | None
Justin | None
Frank | None
Ryan | None
Todd | None
Peter | None
Ed | None
Amy | None
Monty | None
Jo | None
Ramesh | None
Rica | None
Krushna | None
Ana | None
Roxann | None
Steve | None
David | None
Janet | None
Pratiksha | None
Carl | None
Tiffany | None
Adam | None
Diane | None
Ramonica | None
Rick | None
Marty | None
Kristie | None
Andy | None
Terry | None
Jayesh | None
Richard | None
Domenic | None
James | None
Aparna | None
Sophia | None
Judy | None
Wen | None
Kurt | None
David | None
Karl | None
Morgan | None
Evan | None
Jeff | None
Agnes | None
Amit | None
Lisa | None
Megan | None
Doug | None
Austin | None
Keith | None
Mugisha | None
Mark | None
Kirsten | None
Maegan | None
Rob | None
Edward | None
Nick | None
Melissa | None
Holly | None
Nate | None
Katherine | None
Kimberly | None
Justin | None
Ciara | None
Shayla | None
John | None
Courtney | None
Tom | None
Jacqueline | None
Krijn | None
Jared | None
Tom | None
Branka | None
Ciara | None
Victor | None
Emma | None
Kaley | None
Beth | None
Kaleena | None
Reese | None
Stacy | None
Amber | None
Sarah | None
Adam | None
Rylee | None
John | None
Laura | None
Hannah | None
Jack | None
Ryan | None
Jake | None
Christina | None
Ryan | None
Annie | None
Andrew | None
Alani | None
Joseph | None
Charlie | None
Josh | None
Flora | None
Joshua | None
Katherine | None
Josh | None
Josh | None
Joschua | None
Jordana | None
Jordan | None
Jack | None
Isabella | None
Joseph | None
Julia | None
Danny | None
George | None
Maria | None
Dominic | None
Kyle | None
Ben | None
Zach | None
Victoria | None
Sean | None
Ross | None
Sarah | None
Kai | None
Sara | None
Vincent | None
Kelsey | None
Marcus | None
Marie-Alice | None
Megan | None
Vincent | None
Georgia | None
zara | None
shreya | None
niamh | None
Oliver | None
meltem | None
michael | None
Liz | None
Macy | None
Sophia | None
anh | None
catalina | None
Patrick | None
Anir | None
Mo | None
Morgan | None
Margaret | None
Zacharia | None
Lucas | None
Sam | None
Ryan | None
Lauren | None
Avery | None
Maya | None
Michael | None
Josh | None
Sead | None
Oluwatofunmi | None
Gregston | None
Shannon | None
Joseph | None
Lucia | None
Fiona | None
Rory | None
Ammar | None
Zoe | None
Vlad | None
Clare | None
Freddie | None
Harry | None
Ryan | None
Oscar | None
Jasmine | None
Stefano | None
D | None
Valeria | None
Bardhi | None
Jenson | None
Alexandra | None
Ashley | None
Emily | None
Abigail | None
Sophia | None
Johnny | None
Josh | None
Harry | None
Rafa | None
Harry | None
Michael | None
Zoë | None
Muskaan | None
Jessica | None
Selina | None
Kayleigh | None
Sophia | None
Archie | None
Samuel | None
Tom | None
Anthony | None
Sara | None
Alessandra | None
Tia | None
Gary | None
Hannah | None
Tyler | None
Stephanos | None
Karen | None
Maria | None
Cecilie | None
Todd | None
Roberto | None
William | None
Kayleigh | None
Megan | None
Carolina | None
Aylin | None
Nick | None
Andrew | None
Katie | None
Amanda | None
Gemma | None
Rebecca | None
Ross | None
Rebecca | None
Alice | None
Christian | None
Joe | None
Piruz | None
Eleanor | None
Anastasia | None
Asna | None
Sean | None
Jason | None
Merle | None
Nathaly | None
Sebastiano | None
Izzy | None
Breda | None
Simeon | None
Yuki | None
Sasha | None
Thomas | None
Lauren | None
Catriona | None
Marcus | None
Kyle | None
Ben | None
Zoe | None
Bethan | None
Megan | None
George | None
Jessica | None
Robyn | None
Agni | None
Amarita | None
George | None
Andrew | None
Ollie | None
Paul | None
Malakai | None
Annette | None
Sean | None
dan | None
jason | None
macneal | None
naomi | None
paris | None
Daniel | None
Luke | None
Lauren | None
Jack | None
Ollie | None
Michael | None
Jack | None
Andy | None
George | None
` | None
Suzanne | None
Dominique | None
Cleo | None
Shannon | None
Jason | None
Alexis | None
Dean | None
Patrick | None
Frankie | None
Taylor | None
Jack | None
Zipo | None
Alannah | None
Nick | None
Evan | None
Alex | None
Maree | None
Catherine | None
Ryan | None
Charlotte | None
Stephen | None
andrew | None
George | None
Toby | None
Kim | None
Sofia | None
Sam | None
Ricky | None
Nick | None
Megan | None
Karla | None
James | None
Joey | None
Jake | None
Ian | None
Greg | None
Ben | None
Anna | None
Anna | None
Andrei | None
Amy | None
Jamie | None
Patrick | None
Alexander | None
Sabrina | None
christina | None
Emma | None
Ian | None
Kyle | None
Curtis | None
Hoda | None
Jacob | None
Laura | None
Danielle | None
Matt | None
Mark | None
Savraj | None
Ian | None
Ieva | None
Logan | None
Nicola | None
Liana | None
Corey | None
Belinda | None
Chelsea | None
Lina | None
Monique | None
Albert | None
Jordan | None
Emma | None
Jacqueline | None
Jasmine | None
Jennifer | None
Katie | None
Kenia | None
Laura | None
Lily | None
Paige | None
Paul | None
Rachel | None
Harry | None
Spencer | None
Ryan | None
Emma | None
Alex | None
Matthew | None
Peter | None
Adrian | None
Sarah | None
Les | None
Tahmid | None
James | None
Rebekah | None
Sylvia | None
Tawney | None
Daniela | None
Carl | None
Kurtis | None
Tyler | None
Travis | None
Kiara | None
Sarah | None
Nathan | None
Olivia | None
antonio | None
eduardo | None
elizabeth | None
fiona | None
Daisy | None
glenn | None
jasmine | None
kimberly | None
kimberly | None
olivia | None
shawn | None
vanessa | None
Abigail | None
Abby | None
Anthony | None
Bora | None
Brynlee | None
hector | None
Tyler | None
Debbie | None
Anthony | None
Nick | None
Spencer | None
Alex | None
Emma | None
Rebekah | None
Marley | None
Danielle | None
Meghan | None
Jared | None
Mike | None
Misael | None
Julianna | None
Joe | None
Peter | None
Jacqueline | None
Matthew | None
Chris | None
Les | None
R | None
Tyler | None
Albert | None
Sarah | None
Tyler | None
Justin | None
Adrian | None
Albert | None
Sylvia | None
Pierse | None
Jessica | None
Dwayne | None
Jannah | None
Darren | None
Sean | None
Ariella | None
Patrick | None
Debra | None
Isaiah | None
Nick | None
Richard | None
Grace | None
Vanessa | None
Tyler | None
Chris | None
Misael | None
Pierse | None
Sean | None
Tyler | None
Kimberly | None
Harry | None
Kurtis | None
Shawn | None
Ryan | None
Chanakan | None
Dominic | None
Kathy | None
Cathy | None
Kathy | None
Whana | None
Lenny | None
Leilani | None
Fernando | None
Caroline | None
Channor | None
Ryan | None
Martin | None
Jerrod | None
Cesar | None
Steve | None
Erich | None
Dean | None
Lydia | None
Ellen | None
Robert | None
Tim | None
Makia | None
Mary | None
CeCe | None
Lawrence | None
Andres | None
Jacqueline | None
Jeanette | None
Jackie | None
Mary | None
Ryan | None
James | None
Paul | None
Cassandra | None
Ed | None
Eric | None
Ismail | None
Jay | None
Alex | None
Don | None
Cheryl | None
David | None
Jeff | None
Lynn | None
Donna | None
Aliny | None
Isaac | None
Rene | None
Angela | None
Julie | None
Mike | None
Hilmer | None
April | None
Gregory | None
Dana | None
Donnis | None
Roger | None
Donald | None
Angela | None
Tina | None
Jason | None
Ridhwan | None
Tre | None
Cathy | None
Amy | None
Jevon | None
Julia | None
John | None
Frank | None
Gayatri | None
Mallory | None
Doc | None
Douglas | None
Erin | None
Carl | None
John | None
Elly | None
Rhett | None
Hope | None
Jennifer | None
Robert | None
Eimante | None
Gerard | None
Rene | None
Sofia | None
Morta | None
Kristina | None
Ed | None
Yuliya | None
Vaiva | None
Deimantė | None
Paul | None
Elvyra | None
Bk | None
Elina | None
Kwesi | None
John | None
Nate | None
Meka | None
Zach | None
Elijah | None
sahlee | None
Sushree | None
Monnisha | None
Michael | None
Micah | None
Lori | None
Liz | None
Lindsay | None
Kimberly | None
Jamie | None
Elizabeth | None
Christopher | None
Christine | None
Cathy | None
Ashley | None
Cole | None
aušvyda | None
Mark | None
Cathy | None
Jacobi | None
Lisa | None
Alden | None
Wesley | None
Lucretia | None
Will | None
Manoj | None
Mark | None
leo | None
Robert | None
Todd | None
Moe | None
Jevon | None
Theresa | None
William | None
Amin | None
Mike | None
Pooja | None
Anvesh | None
Al | None
Jessica | None
Vasavi | None
Keena | None
Nick | None
Soleil | None
Brian | None
Nicole | None
Rebecca | None
Irma | None
Ernesta | None
Aaron | None
Erika | None
Teresa | None
Dave | None
Santosh | None
Aiste | None
Chauncy | None
Vaiva | None
Irma | None
Paul | None
Liz | None
VisHal | None
Trenton | None
Thomas | None
Robert | None
Paola | None
Michelle | None
Manuel | None
Kristin | None
Ken | None
Karla | None
John | None
Jeff | None
Debbie | None
Cynthia | None
David | None
VisHal | None
Katha | None
Gabrielle | None
Yulia | None
Raj | None
Cathy | None
Natacha | None
Bryan | None
Eduardo | None
Patrick | None
Traci | None
John | None
Karyn | None
Dina | None
devi | None
Lorene | None
Tanmay | None
Wendy | None
Rayden | None
Cressa | None
KWESI | None
Norma | None
Keith | None
Katie | None
Nisa | None
Hunter | None
Jason | None
Rick | None
Mariah | None
Jennifer | None
Paul | None
Victoria | None
Marjo | None
Ruben | None
Erika | None
Soleil | None
ILisa | None
Chad | None
Kassandra | None
Shawn | None
Paula | None
Sara | None
David | None
Brian | None
Elise | None
Justin | None
Michael | None
Cherdericka | None
Leonardo | None
Louis | None
Mackenzie | None
Jim | None
Molly | None
Cynthia | None
Brandon | None
Sean | None
Olivia | None
Arturo | None
BK | None
Jonas | None
Robert | None
Emily | None
Darya | None
Mike | None
Lance | None
Carrie | None
Jennifer | None
Zhenya | None
Sarah | None
Dustin | None
Noah | None
Cathy | None
Andrew | None
Daisey | None
Susan | None
Augustė | None
Kinga | None
Kareen | None
Agnese | None
Sean | None
Rein | None
Jason | None
Magdalena | None
Sofia | None
Shams | None
Emilia | None
Tim | None
Kim | None
Michele | None
Peter | None
Carole | None
Evon | None
Jaida | None
Diamond | None
Natasha | None
Bryna | None
John | None
shivam | None
Elmi | None
Tara | None
Paul | None
Denice | None
Susan | None
Lenley | None
Maria | None
Rebecca | None
Vasavi | None
Mudassar | None
Erika | None
Kelli | None
Jon | None
Ashita | None
Pedro | None
Jacqueline | None
Ernesta | None
Komal | None
Martha | None
s | None
Daniel | None
Cyanne | None
Tracey | None
Angie | None
Erik | None
John | None
Bob | None
Jamie | None
Robert | None
Marie | None
Kathy | None
D'Arcy | None
K | None
Jacobi | None
Eileen | None
Raul | None
Jeff | None
Sara | None
Zach | None
Mike | None
David | None
Bruce | None
Regina | None
Pedro | None
Denice | None
Nisa | None
Ryan | None
Jamie | None
S | None
Dustin | None
D'Arcy | None
Janira | None
Isaac | None
Ashita | None
Paola | None
Cesar | None
Kimberley | None
Thuy-Anh | None
Daniel | None
Cynthia | None
Ridhwan | None
Tanmay | None
David | None
Lorene | None
Yvette | None
Al | None
Cheryl | None
Ricardo | None
John | None
Lydia | None
Robert | None
Chad | None
Indraneel | None
Bennett | None
Stephany | None
Anitha | None
Geri | None
Prashanth | None
Chris | None
Murali | None
Mahek | None
Nagarjuna | None
Amirah | None
Sridhar | None
Thirupathi | None
Dwarakesh | None
David | None
Bhanu | None
Lokesh | None
Sushruth | None
Vidyasagar | None
Robert | None
Vinod | None
Jyoti | None
Umesh | None
Vikram | None
Putta | None
KSVN | None
Prashanti | None
Khushbu | None
Swathi | None
Thiru | None
Janell | None
Akula | None
Kiran | None
Lavanya | None
Nagarjuna | None
James | None
Eric | None
Tarun | None
Phil | None
Stuart | None
James | None
Mike | None
Tom | None
James | None
Thomas | None
Venkateswarlu | None
Ian | None
Gregory | None
Stella | None
Akula | None
Bhanu | None
Dinesh | None
Robert | None
Harry | None
Joe | None
Elliot | None
Melanie | None
Aaron | None
Sankar | None
Julia | None
Maria | None
Nick | None
Akshay | None
Karthik | None
Mariana | None
Caroline | None
Kaio | None
Jessica | None
Chantelle | None
Avery | None
João | None
Douglas | None
John | None
Ekkaladevi | None
Jethin | None
Bhanu | None
Karthik | None
Nazia | None
Sara | None
Elizabeth | None
Miguel | None
Bharath | None
Chris | None
Damon | None
Akula | None
Jenna | None
Christian | None
Kamal | None
Shaun | None
Solomon | None
Katie | None
Tom | None
Vikram | None
Maria | None
Vahini | None
Joe | None
Avery | None
Sridhar | None
Vidyasagar | None
Prashanti | None
Lavanya | None
Thirupathi | None
Thiru | None
Shalom | None
Naresh | None
Naveen | None
Tarun | None
Janell | None
Rick | None
Joseph | None
Robert | None
Pauline | None
Mohammed | None
Venky | None
Joseph | None
Nawin | None
Bharath | None
Dhanunjay | None
Satish | None
Renuka | None
Natraj | None
Suman | None
Gali | None
Kathleen | None
David | None
Sainath | None
Subramanyam | None
Mourya | None
Naveen | None
Naresh | None
Akhila | None
Mike | None
Swathi | None
Ajay | None
Christi | None
Dinesh | None
Jinsha | None
Laxman | None
Matthew | None
Prashanth | None
Shaketha | None
Sri | None
Avery | None
Team | None
Ramya | None
Divya | None
Sai | None
Kelli | None
Bill | None
Rick | None
Andrew | None
Beau | None
Mike | None
Matt | None
Tony | None
Cassie | None
Julie | None
Samantha | None
Claire | None
Cara | None
Sarah | None
Mary | None
Sydney | None
Sofi | None
Todd | None
Alison | None
Robert | None
Niki | None
Robert | None
Shelli | None
Erika | None
Denis | None
Chandler | None
Virginia | None
Ali | None
Elyse | None
Christina | None
Brooke | None
Tim | None
Allie | None
Mark | None
Angela | None
Mikki | None
Shereese | None
Joshua | None
Erika | None
Libby | None
Fernando | None
Quriah | None
Janice | None
Vinay | None
Jennifer | None
Varsha | None
Maura | None
Ellie | None
Christopher | None
Jordan | None
Hannah | None
Tim | None
7 | None
4 | None
1 | None
Miller | None
Laken | None
Kevin | None
James | None
Gena | None
Alayne | None
Andrew | None
Dugan | None
Rahul | None
Michael | None
Rakesh | None
Mike | None
Jarvis | None
Chris | None
Alecia | None
David | None
Tom | None
Edie | None
Molly | None
Richard | None
Elly | None
Penny | None
Simon | None
Sophie | None
Rachel | None
Abbel | None
Stuart | None
Connor | None
Max | None
Sonny | None
Alice | None
Ben | None
Chris | None
Damien | None
Dan | None
Antonia | None
Debra | None
Adam | None
Emma | None
Jess | None
Laura | None
David | None
Rebeca | None
Joshua | None
Stephanie | None
Robert | None
Zulfiqar | None
Paul | None
Zulfiqar | None
Sara | None
Farzilah | None
Reagan | None
Erin | None
Teren | None
Johan | None
SUDHEER | None
Sujeet | None
Elliot | None
Erin | None
Claire | None
Paul | None
Alex | None
Xiao | None
Naveen | None
VIjay | None
Daniel | None
Brendan | None
Paul | None
Tin | None
Sarah | None
Pamela | None
Nathan | None
Alixandra | None
Morgan | None
Jim | None
Steve | None
Matt | None
Anna | None
Danielle | None
Bob | None
Cal | None
Alan | None
Rafael | None
Rodgric | None
Kyle | None
Nick | None
Rohan | None
Lavanya | None
NaveenBabu | None
Joan | None
John | None
Alaina | None
Artemis(Mazzini)Lino | None
BobCooke | None
BrittBahar | None
CalLedbetter | None
ChristineTuminello | None
LinkedInMember | None
LisaHewins | None
MohammedShadab | None
MorganFontana | None
NancyMartini | None
NicoleWilliams | None
PamelaEckles(Habib) | None
KathyMaskery | None
RohanNayak | None
SandeepPeraka | None
ShaSyed | None
Bob | None
Jamie | None
Britt | None
Charles | None
Chris | None
Doug | None
RajsekharKumarDasari | None
Robert | None
Nathan | None
Howard | None
Emily | None
James | None
Jack | None
Diana | None
Rod | None
Monique | None
Sean | None
Riley | None
Paige | None
Nonhlanhla | None
Natalie | None
Michaela | None
Andrey | None
Joanna | None
Michael | None
Eilam | None
Eric | None
Chris | None
Jason | None
Jesse | None
James | None
Ashok | None
Robert | None
Brett | None
Michael | None
Jacob | None
Bradley | None
Michael | None
James | None
Michael | None
Mohammed | None
Brett | None
Team | None
Bradley | None
MD | None
James | None
Brett | None
James | None
Michael | None
Sagar | None
Chad | None
Ellie | None
Emily | None
Jason | None
Jeff | None
Jennifer | None
Katy | None
Krissi | None
Kody | None
Brielle | None
Salinna | None
Walker | None
Ben | None
Kevin | None
Kevin | None
Benjamin | None
Ashley | None
Ashley | None
Andy | None
Daron | None
Eddie | None
Eric | None
Alexandra | None
Kennedy | None
Margaret | None
Natalie | None
Nick | None
Sam | None
Tess | None
Andy | None
Denny | None
Bruce | None
Christopher | None
Matt | None
Brian | None
Michael | None
Jenna | None
Colin | None
Will | None
Shane | None
Anna | None
Jim | None
Henry | None
Joselyn | None
Sarah | None
Gabriel | None
George | None
Rohini | None
Sunil | None
Jaime | None
Shalakay | None
Cathleen | None
Julia | None
Aimee | None
Katlyn | None
Matthew | None
Holly | None
Tommy | None
Duncan | None
Nick | None
Glenn | None
Whitney | None
Maurice | None
Brock | None
Grace | None
Kendall | None
Sadie | None
Glenn | None
Nina | None
Nina | None
Eva | None
Alexa | None
chris | None
jason | None
Ryan | None
Matt | None
Juan | None
Jacqueline | None
Juan | None
Kendall | None
Brice | None
Cindy | None
Dillip | None
Thomas | None
Shaun | None
Sanjeev | None
Spencer | None
Whitney | None
Shannon | None
Spencer | None
Jonah | None
Will | None
abel | None
Mandi | None
Noman | None
Aimee | None
Olivia | None
Thomas | None
Will | None
Andrew | None
Lauren | None
Jonah | None
Lauren | None
Nikki | None
Olivia | None
Rich | None
Leah | None
Nicholas | None
Thomas | None
Robert | None
Bradley | None
Stuart | None
Jason | None
Monty | None
Mike | None
Tony | None
Sharon | None
Christian | None
Radhika | None
Luke | None
Linda | None
Brindha | None
Eric | None
Mathangi | None
Lisa | None
Ray | None
Nicholas | None
Tori | None
chad | None
rick | None
Luke | None
Chad | None
Rick | None
Kevin | None
Steve | None
Mike | None
Michael | None
Radhika | None
Ray | None
Monty | None
Linda | None
Tony | None
Sharon | None
Michael | None
Eric | None
Steve | None
Vincent | None
Robert | None
Melynda | None
Terry | None
Leslie | None
Karen | None
Carol | None
David | None
Steve | None
Axavian | None
Carol | None
Jill | None
Sean | None
Mary | None
Mary | None
Jenna | None
Verona | None
Sadhya | None
Misty | None
Omkarnath | None
Jennifer | None
Jessica | None
Molly | None
Kristen | None
Michael | None
Brenda | None
Kyle | None
Shannon | None
Dan | None
Andy | None
Noelle | None
Scott | None
Khaalida | None
Dan | None
Hasti | None
Chris | None
Carmen | None
Jennifer | None
Jason | None
Andrew | None
James | None
Ali | None
Carmen | None
Peggy | None
Nicole | None
Alicia | None
Chris | None
Alissa | None
Candice | None
Justin | None
Mirza | None
Mickey | None
Nick | None
Bala | None
Anil | None
Arshad | None
Adam | None
Akash | None
Joana | None
Nick | None
Jonathan | None
Nicholas | None
Juliana | None
Douaa | None
Harald | None
Autumn | None
Madhumita | None
Raja | None
John | None
Mike | None
Garret | None
Bill | None
Mahdi | None
Nick | None
Patricia | None
Caren | None
Dave | None
Mike | None
Susan | None
Jaime | None
Earl | None
Bill | None
Libby | None
Rick | None
Eric | None
Kostas | None
Christopher | None
Todd | None
John | None
Jared | None
Jeremy | None
Malia | None
Marianela | None
Matt | None
Melanie | None
Sean | None
Ramon | None
Scott | None
Jeremy | None
Tyler | None
Nick | None
Grace | None
Christian | None
Donavan | None
Anthony | None
Nicole | None
Candice | None
Matthew | None
Tiarra | None
Kevin | None
Kelsianna | None
Gabrielle | None
Kayla | None
Rachel | None
Robert | None
Ashley | None
Adam | None
Anush | None
Zaruhi | None
Derek | None
Alissa | None
Citra | None
Grace | None
Knarik | None
Valentina | None
Susanna | None
Azaz | None
Narine | None
Giuseppe | None
Hasmik | None
Hasmik | None
Viktorya | None
Arpine | None
Jason | None
Evan | None
Connor | None
Vanuhi | None
Ezra | None
Eric | None
Valerie | None
Kamber | None
Luis | None
John | None
Lexie | None
Collin | None
Morgan | None
Rebekah | None
Donna | None
Rachel | None
Jordan | None
Alexandria | None
Grace | None
Audrey | None
Kiefer | None
Julia | None
Josh | None
Courteney | None
Justin | None
Daisy | None
Carolyn | None
Betsy | None
Maya | None
Alexandria | None
Christopher | None
Jordan | None
Kiefer | None
Adam | None
Alena | None
Alyssa | None
Shanetta | None
Courteney | None
Veronika | None
Matthew | None
Sharon | None
Jay | None
Wynne | None
Mo | None
Larry | None
Jenifer | None
Joris | None
Adriana | None
Raul | None
Thayna | None
Maria | None
Paulina | None
Abel | None
Ana | None
Brisa | None
Esther | None
Irving | None
Julieta | None
Mauricio | None
Pamela | None
Roberto | None
Stephania | None
Tina | None
Nayeli | None
Miriam | None
Jayson | None
Mauricio | None
Melissa | None
Alejandra | None
Ana | None
Araceli | None
Britney | None
Cori | None
Diana | None
Arianna | None
Jennifer | None
Julia | None
Julisa | None
Lizbeth | None
Maria | None
Maria | None
Diana | None
Marisol | None
Joel | None
Cameron | None
Monica | None
Asya | None
Jessica | None
Jalesa | None
Jada | None
Natalia | None
Amber | None
Dashawn | None
Savanna | None
Michelle | None
Christy | None
Paula | None
Kristen | None
Zareeya-Paige | None
Laura | None
Alejandra | None
Myra | None
Gregory | None
Jennifer | None
Madeline | None
Kelsey | None
Toriyon | None
Shawanna | None
Consuela | None
Tori | None
Haley | None
Jameisha | None
Debra | None
Phil | None
Elizabeth | None
Heather | None
Rion | None
Anastasiya | None
Christie | None
Laura | None
Leo | None
Ashley | None
Adam | None
Krystle | None
Hillary | None
Jordan | None
Mindy | None
Abel | None
Trisha | None
Sofia | None
Candice | None
Kevin | None
Jose | None
Janet | None
Janet | None
Kylie | None
Margarita | None
Neptaly | None
Lacey | None
Sheneeka | None
Taylor | None
Amee | None
Ludy | None
Brittney | None
Tomeka | None
Selena | None
Eseta | None
Stephanie | None
Alexis | None
Deanna | None
Leslie | None
Shelina | None
Travis | None
Jasmine | None
Logan | None
Muna | None
Kristen | None
Brittney | None
Jodi | None
Amanda | None
Ramon | None
Daria | None
Paige | None
Venita | None
Valerie | None
Susan | None
Erin | None
Molly | None
Eryn Williams | None
Ali | None
Taylor Underkoffler | None
Jessica | None
Ryan | None
Allyson | None
Christian | None
Diandria | None
Helene | None
Cassandra | None
Stacie | None
Donna | None
Diandria | None
Oge | None
Gabriella | None
Gassim | None
Karissa | None
Jodi | None
Diandria | None
Kristin | None
Mark | None
Jodi | None
Jessica | None
Oge | None
Allyson | None
Jessica | None
Jai | None
Kristin | None
Mark | None
Daniel | None
Diandria | None
Wendi | None
Donna | None
Jay | None
Vandana | None
Allyson | None
Michelle | None
Jessica | None
Mark | None
Michele | None
Michelle | None
Oge | None
Wendi | None
Wing | None
Marry | None
Rachel | None
Daniel | None
Geetha | None
Jodi | None
Nicky | None
Karina | None
Donna | None
Vandana | None
Wendi | None
Oge | None
Jai | None
Annette | None
Mark | None
Kevin | None
Glen | None
Angelique | None
rathna | None
Lisa | None
Tavi | None
Dawne | None
Scott | None
Brian | None
Victoria | None
Destiny | None
Claudia | None
William | None
Hannah | None
Alyssa | None
Jacqueline | None
Beka | None
Josh | None
Tanvi | None
Jake | None
Stephanie | None
Shanda | None
Dylan | None
Kaylie | None
Tara | None
Angelika | None
Nubia | None
Antonio | None
Hannah | None
James | None
Kaylie | None
Claudia | None
Melissa | None
William | None
Alyvia | None
Michelle | None
Sydney | None
Alicia | None
Alyssa | None
Mike | None
Charlie | None
Nubia | None
Christopher | None
Lauren | None
Hannah | None
Alexis | None
Antonio | None
Kevin | None
Hannah | None
Kayla | None
James | None
Emma | None
Nicholas | None
Marisa | None
Cassidy | None
Bryan | None
Nathan | None
Nicole | None
Val | None
Liza | None
Colin | None
Spencer | None
Mitchell | None
Carl | None
Nubia | None
Kathryn | None
Kaley | None
Kailyn | None
Jenny | None
Hanna | None
Hailey | None
Garret | None
Faith | None
Chris | None
Ashley | None
Antoine | None
Kaylie | None
Anisha | None
Andrew | None
Amy | None
Alexis | None
Alexis | None
Adriana | None
Alexis | None
Sam | None
Natanielle | None
Antonio | None
Kaylie | None
Angela | None
Keenan | None
Khristiana | None
Lauren | None
Zachary | None
Yuvneet | None
Tyler | None
Amanda | None
Sean | None
Sarah | None
Sara | None
Robert | None
Praful | None
Poornima | None
Peter | None
Paul | None
Patrick | None
Oliver | None
Noor | None
Mitch | None
Mika | None
Maureen | None
Maggie | None
Madeline | None
Lucas | None
Lovneet | None
Lori | None
Lisa | None
Lindsey | None
Jacqueline | None
Lauren | None
Hailey | None
Lori | None
Hanna | None
Abbey | None
Kirsten | None
Adriana | None
Joseph | None
Khristiana | None
Emma | None
Erin | None
Zachary | None
Maureen | None
Beth | None
Julie | None
Lindsey | None
Emma | None
Gina | None
Jessica | None
Megan | None
Maggie | None
Kaylie | None
Gilbert | None
Alexis | None
Matthew | None
Betsy | None
Sydney | None
Hilliary | None
Anisha | None
Jack | None
Peter | None
Eesha | None
Brittany | None
Rosa | None
Alexandra | None
Kathryn | None
Maggie | None
Jeremy | None
Andrew | None
Praful | None
Danielle | None
Tristan | None
Antoine | None
Chris | None
Stacy | None
Sara | None
James | None
Garret | None
Lisa | None
Michele | None
Oliver | None
Sara | None
Amy | None
Sean | None
Yuvneet | None
Diego | None
Sarah | None
Chloe | None
Dan | None
Victoria | None
Robert | None
Steve | None
Ryan | None
Barnali | None
Madeline | None
Noor | None
Kunal | None
Brandon | None
Natalia | None
Lily | None
Nastassja | None
Julie | None
Mika | None
Mitch | None
Sonya | None
Madeline | None
Marisol | None
Cayle | None
Victoria | None
Justin | None
Alcuin | None
Tom | None
Stephen | None
Donna | None
Ashley | None
Frida | None
Emma | None
Liam | None
Ashley | None
Poornima | None
Tyler | None
Jim | None
Stephen | None
Lorenzo | None
Laura | None
Jenny | None
Conor | None
Kailyn | None
Lovneet | None
Faith | None
Kunal | None
Abby | None
Beth | None
Samantha | None
Sara | None
Emma | None
Lauren | None
Georgina | None
Nicholas | None
Michelle | None
Michael | None
Meredith | None
Megan | None
Megan | None
Paige | None
Marina | None
Lisa | None
Laura | None
Kathryn | None
Justine | None
Justine | None
June | None
Mallory | None
Robert | None
Sarah | None
Shakira | None
Oren | None
Spencer | None
Cameron | None
SherryVee | None
Samuel | None
Raquel | None
Miranda | None
Marzena | None
Angelika | None
William | None
William | None
William | None
Tyler | None
Trey | None
Trevor | None
Tatyanna | None
Shawn | None
Julia | None
Jordan | None
Chris | None
Cameron | None
Brianna | None
Brady | None
Avery | None
Andy | None
Ana | None
Amber | None
Amanda | None
Alexis | None
victoria | None
Nora | None
Julia | None
Genna | None
Jonathan | None
Craig | None
Kayla | None
Diana | None
Joey | None
Jessica | None
Jeffrey | None
Jeff | None
Jack | None
Jaason | None
Deidra | None
Hannah | None
Greta | None
Gracie | None
Erin | None
Erin | None
Erin | None
Emma | None
Emily | None
Doug | None
Hannah | None
Tyson | None
Ron | None
Brian | None
Jason | None
Michael | None
Kristin | None
Bradley | None
sharon | None
troy | None
zach | None
zander | None
Amy | None
Asthitesh | None
Brian | None
jeff | None
kuldeep | None
monica | None
roshan | None
zander | None
neil | None
judy | None
kevin | None
jeff | None
Troy | None
Lisa | None
kathy | None
Ryan | None
Akshaya | None
Matt | None
brian | None
Brian | None
Sandy | None
harry | None
Raminder | None
Anjali | None
Alex | None
Jason | None
Pooja | None
Jay | None
Tanya | None
Tim | None
Laura | None
Shana | None
Daniel | None
Ricky | None
Katie | None
Darron | None
Amber | None
Joely | None
James | None
Lovejoy | None
James | None
Matt | None
Daniel | None
Rich | None
Harry | None
Joely | None
37 | None
Brett | None
Rebecca | None
Anya | None
Sean | None
Ricky | None
Sadaf | None
Larisa | None
Kelsey | None
Nav | None
Chelsey | None
Courtney | None
Laura | None
Ojen | None
Adjanys | None
Connor | None
Kennedy | None
Alexis | None
Carly | None
Daisy | None
Elea | None
Maddie | None
Margaret | None
Nicole | None
Sania | None
Seong | None
Vanessa | None
G | None
Jody | None
Tom | None
Keith | None
Courtney | None
Alexa | None
Becca | None
Danielle | None
Danny | None
Diana | None
Elea | None
Emma | None
Erica | None
Grace | None
Jessica | None
Skyler | None
Leah | None
Marilyn | None
Molly | None
Morgan | None
Nicole | None
Sara | None
Emily | None
Brie | None
Jessica | None
Kelsie | None
Sydney | None
Brittani | None
Terrence | None
Jennifer | None
ana | None
predrag | None
juliana | None
Rahul | None
Lovekesh | None
Mahavir | None
Shalini | None
Samson | None
Sai | None
Ross | None
Rahamath | None
Raghava | None
Rachel | None
Nicholas | None
Mounika | None
Moseen | None
Meenakshi | None
Matt | None
Likhitha | None
Essence | None
Emily | None
Deepthi | None
Clinton | None
Srikanth | None
Neeraja | None
Stella | None
Kortney | None
Aliyah | None
Matt | None
Tyler | None
Thomas | None
Taylor | None
Sheila | None
Paul | None
Magalie | None
Lynsey | None
Lucy | None
Alexandra | None
Leeanne | None
Katie | None
Jillian | None
Jillian | None
Farhat | None
Dwayne | None
Deiodra | None
Balsam | None
Autumn | None
Bhavana | None
Aswin | None
Molly | None
Geetanjali | None
Matt | None
Kasey | None
Kaleb | None
Julianne | None
Jordan | None
Jonas | None
Jacob | None
Gerard | None
Felicia | None
Derick | None
David | None
Christine | None
Benjamin | None
Becki | None
Barney | None
Angela | None
Angela | None
Afreen | None
Mike | None
Angela | None
Reyna | None
Ross | None
Ahaizaan | None
Sai | None
Sam | None
Jocelyn | None
Sam | None
Ewa | None
Jeff | None
Alisa | None
Qunoot | None
Patrick | None
Matt | None
Lesley | None
Essence | None
Emily | None
Donna | None
Thomas | None
Taylor | None
Skyler | None
Shannon | None
Richard | None
Tony | None
Louise | None
Sreedhar | None
Jessica | None
Miles | None
Michael | None
taylor | None
taylor | None
taylor | None
shaylyn | None
sara | None
samantha | None
richard | None
racquel | None
priya | None
peyton | None
paul | None
michael | None
Melissa | None
maria | None
madison | None
madeline | None
louis | None
lexi | None
laura | None
kira | None
kayla | None
katie | None
Nicholas | None
Anthony | None
Ashley | None
ANGELA | None
Lauren | None
Weston | None
Tyler | None
Stephanie | None
Samantha | None
Ryan | None
Ryan | None
Nate | None
Melinda | None
Lyndsey | None
Kevin | None
Justin | None
Jason | None
Jeremy | None
Grayson | None
Gregory | None
Dave | None
Dominic | None
Camar | None
C | None
Carlo | None
Ben | None
Burke | None
Abby | None
Jeff | None
joseph | None
Brian | None
jesus | None
Macy | None
Avery | None
Racquel | None
Jenna | None
Jacqueline | None
Allison | None
Sydney | None
Casey | None
Ben | None
Silas | None
Matthew | None
Sam | None
Joe | None
Djordje | None
Cindy | None
Angela | None
Brandon | None
Isaac | None
Erin | None
Abbey | None
Sam | None
Ella | None
john | None
Christopher | None
Juliette | None
Travis | None
Dylan | None
chad | None
jacob | None
helen | None
gemma | None
garrett | None
eva | None
emma | None
ed | None
danielle | None
danielle | None
christopher | None
Rachel | None
jacob | None
brendan | None
austin | None
anthony | None
allison | None
alixandra | None
adam | None
abigail | None
Alex | None
Kayla | None
Erika | None
Samuel | None
Brittany | None
brandon | None
jared | None
Wescott | None
Courington | None
Blier | None
Pinette | None
Rosmus | None
Garrett | None
Farrell | None
Gill | None
Steve | None
Mike | None
Mario | None
Steve | None
Paulina | None
Nik | None
Christina | None
Dalia | None
Jennifer | None
Steven | None
Anthony | None
David | None
Anna | None
anna | None
Ashley | None
Cassandra | None
Danielle | None
Joe | None
Jennifer | None
Haley | None
Hannah | None
Harriett | None
harriett | None
Jennifer | None
Angela | None
Jessica | None
gracen | None
Alex | None
Prudence | None
Kenneth | None
Sourasith | None
Ivan | None
Mac | None
Jon | None
Parker | None
Stephen | None
Grace | None
Stacie | None
Vanessa | None
Jennifer | None
Erika | None
Sykes | None
Chloe | None
Taylor | None
Ashley | None
Conny | None
Brandon | None
Laura | None
joe | None
Zach | None
jon | None
Andrew | None
April | None
Cooper | None
Danial | None
Davida | None
Jordan | None
Katie | None
Lisa | None
Marisa | None
Lindsay | None
Jon | None
Meredith | None
Alexis | None
Jon | None
Alexis | None
Vicki | None
Kyle | None
Lindsay | None
Madison | None
Mary | None
Maya | None
McKenzie | None
Meredith | None
Micaela | None
micaela | None
Mikal | None
Mikayla | None
Oni | None
oni | None
Rebecca | None
Tabitha | None
tabitha | None
Tim | None
vicki | None
Pushkar | None
Vanessa | None
Jennifer | None
Ridah | None
Kyle | None
Jessica | None
Rachel | None
McNeal | None
Joselyn | None
Ashley | None
Gabriel | None
Amaira | None
Cole | None
Stephen | None
Meredith | None
Haley | None
Joy | None
Steven | None
Maya | None
Dalya | None
Madison | None
Karissa | None
Jennifer | None
Houston | None
Lily | None
Dylan | None
Jon | None
Jon | None
Precious | None
Sofia | None
Alexandra | None
Mikal | None
Brenda | None
Lindsey | None
Thao | None
Mary | None
Sumner | None
Brian | None
Sofia | None
Mayra | None
Thao | None
Alyse | None
Andy | None
Stephen | None
Douglas | None
Julia | None
Sara | None
Beth | None
Ridah | None
Caroline | None
Meredith | None
Mary | None
Kevin | None
Houston | None
Leona | None
Jennifer | None
Kellie | None
Chad | None
Tim | None
Hannah | None
Tracey | None
Cory | None
Sumner | None
Brandon | None
Alex | None
Lindsey | None
Ben | None
Cassidy | None
Oni | None
Rebecca | None
Mac | None
Karissa | None
Antonio | None
Gayathri | None
Joel | None
Micheas | None
Brian | None
Geraldine | None
Abby | None
Harshi | None
Arthi | None
June | None
Mike | None
Pedro | None
Katrina | None
Andrés | None
Noah | None
Heather | None
Melissa | None
Pedro | None
Andres | None
Annette | None
Domenica | None
Cindy | None
Nakea | None
Maurice | None
Megan | None
Heather | None
Michael | None
Kim | None
Fabiola | None
Glori | None
Andres | None
Pedro | None
Amber | None
John | None
Fabiola | None
John | None
Domenica | None
Annette | None
Andrés | None
Domenica | None
Recruiters | None
Maurice | None
Alexandra | None
Katerina | None
Kimberly | None
Shawna | None
Jack | None
Maxwell | None
Chrisy | None
mary | None
Jedidiah | None
Jack | None
Justina | None
DJ | None
Matt | None
Lee | None
John | None
John | None
Roberto | None
Keith | None
Brian | None
Kimberly | None
Jack | None
Brian | None
Devin | None
Jedidiah | None
Bill | None
DJ | None
Matt | None
Craig | None
Mason | None
Katerina | None
Monica | None
mary | None
Rod | None
Ava | None
Julia | None
Payton | None
Brad | None
Team | None
Jhera | None
Hailey | None
Lee | None
Roberto | None
Keith | None
Trevor | None
Amy | None
Payton | None
Julia | None
Chris | None
Richard | None
Jalil | None
Anil | None
Mary | None
John | None
Leslie | None
Frank | None
Andrew | None
carolyn | None
David | None
Alicia | None
Lexi | None
Will | None
Thomas | None
Kaitlyn | None
Robyn | None
Jared | None
Seth | None
Alissa | None
Blake | None
Jonathan | None
Sasha | None
Jamal | None
Jason | None
John | None
Alexander | None
Taylor | None
Jeffrey | None
Allie | None
Anthony | None
Dana | None
Dan | None
Cody | None
Colt | None
Evan | None
Christopher | None
Patrick | None
Stephen | None
Ashley | None
Rashmi | None
Ryan | None
Tanayah | None
Colt | None
Christopher | None
Bryan | None
Austin | None
Breanna | None
Brendon | None
Brittany | None
Courtney | None
Dillan | None
Christian | None
Christopher | None
Lexi | None
Ryan | None
Robyn | None
Brandon | None
Patience | None
Kevin | None
Hannah | None
Jeffrey | None
Laura | None
Robyn | None
Sarah | None
Sarra | None
Taylor | None
Alexander | None
Jaime | None
Stephen | None
Cody | None
Allie | None
Anthony | None
Patience | None
Gabriel | None
Ryan | None
Christian | None
Andy | None
Brandon | None
Colt | None
Dana | None
Stephen | None
Bryan | None
Priscila | None
Evan | None
Jessica | None
Michael | None
Bhawna | None
Eric | None
Ryan | None
Jack | None
Michelle | None
Allison | None
Bobby | None
Spencer | None
Robert | None
Rebecca | None
Kate | None
Sam | None
Revare | None
Erin | None
Eric | None
Savannah | None
Alessandro | None
Brenna | None
Eric | None
Erin | None
Frank | None
Heather | None
Bobby | None
Kate | None
Jack | None
Spencer | None
Savannah | None
Michael | None
Mathias | None
Ryan | None
Jeff | None
Scott | None
Lauryn | None
Baylee | None
Lauryn | None
Dan | None
Zach | None
Stephanie | None
Ty | None
David | None
Kenny | None
Tina | None
Joan | None
Amina | None
Bharti | None
Sridhar | None
Dhiraj | None
Rene | None
Raju | None
John | None
Jeanne | None
Jeffrey | None
Brian | None
Steven | None
John | None
Lawrence | None
Noah | None
Anand | None
Sridhar | None
Shravya | None
Raju | None
Shwetha | None
Dhiraj | None
Adnan | None
Vikranth | None
Jaimie | None
Sridhar | None
Pandu | None
Majid | None
Neeraja | None
Priyanka | None
Rene | None
Sandeep | None
Srinivas | None
Steven | None
Cathy | None
Kebe | None
David | None
Jenee | None
Jaimie | None
Ramakrishna | None
Scott | None
Bharti | None
Pradeep | None
Derek | None
Paul | None
Subramanya | None
Jason | None
Sigmund | None
Naveena | None
Mary | None
Lawrence | None
Alice | None
Craig | None
Cameron | None
John | None
Aidan | None
Cameron | None
Pamela | None
Jessica | None
Kinzie | None
Theresa | None
Lindsay | None
Jennifer | None
Al | None
Kasey | None
Jen | None
Soo | None
Jenna | None
Tim | None
Angela | None
Patrick | None
Julie | None
Dave | None
Kelly | None
Ryan | None
Kevin | None
Tom | None
Anthony | None
Tom | None
Tom | None
Brooke | None
Daniel | None
Tom | None
Linda | None
Karen | None
Sam | None
Britt | None
Bob | None
Dave | None
Kelly | None
Kevin | None
Marisa | None
Mark | None
Matt | None
Phone | None
Scott | None
Thomas | None
Michal | None
Joseph | None
George | None
Greg | None
Delaney | None
Cullen | None
Christopher | None
Alexandra | None
Alexa | None
John | None
Christina | None
Nick | None
Dan | None
Syed | None
Nick | None
Dan | None
Priyanka | None
Priyanka | None
Nick | None
Oleg | None
Andrea | None
Prianka | None
Dan | None
Syed | None
Dan | None
Paul | None
Victoria | None
Chris | None
Prianka | None
Oleg | None
Glenn | None
Richard | None
Dolly | None
Dan | None
Len | None
Andrea | None
Victoria | None
Paul | None
Syed | None
Prianka | None
Oleg | None
Dolly | None
Dan | None
Priyanka | None
Bill | None
Nick | None
Account | None
Dan | None
Prianka | None
Vlad | None
Claudel | None
María | None
Tim | None
Alyssa | None
Loren | None
Karen | None
McKenzie | None
Jake | None
Sherry | None
Terri | None
Colleen | None
Talicia | None
Sara | None
Aaron | None
Kendra | None
Amanda | None
Amanda | None
Hugh | None
Kendall | None
Tena | None
Aaron | None
Abhijit | None
Nickie | None
Tony | None
Ayman | None
Tawanda | None
Bill | None
Lynn | None
Kevin | None
Letícia | None
Mina | None
Sheila | None
Rebecca | None
Victoria | None
Jeffrey | None
Rituraj | None
Shahid | None
Shafique | None
Michaela | None
Ryan | None
Colleen | None
Leah | None
Susan | None
Rebecca | None
Kathy | None
Stefanie | None
Troy | None
Luciana | None
Carolann | None
Tony | None
Vanessa | None
Kathryn | None
Christopher | None
Shemika | None
Bailey | None
Alix | None
Tabatha | None
Brittany | None
Tiffany | None
Jonathan | None
Joshua | None
Katrina | None
Darlene | None
Reed | None
Tina | None
Leland | None
Naseem | None
Gabrielle | None
Shala | None
Gabe | None
Isabel | None
Hallie | None
John | None
Todd | None
Gabrielle | None
Lisa | None
rituraj | None
Mark | None
Katz | None
sheila | None
talicia | None
tricia | None
John | None
Macy | None
Matt | None
aaron | None
tabatha | None
Alliya | None
Debbie | None
Dave | None
reed | None
paul | None
mckenzie | None
mallory | None
kimberly | None
kendall | None
Shafique | None
kathy | None
jeffrey | None
aaron | None
Josh | None
Donny | None
Tony | None
Edward | None
jessica | None
Ken | None
Joshua | None
Pamela | None
Lauren | None
Amanda | None
Rita | None
Arlene | None
Jessica | None
Tena | None
Dom | None
Richard | None
Stacy | None
Rich | None
Matt | None
Maria | None
Jacque | None
Lance | None
Mackenzie | None
Kimberly | None
Jon | None
Vonda | None
Alicia | None
Bronte | None
Denis | None
Donny | None
Doug | None
Ekima | None
James | None
Todd | None
Tricia | None
María | None
Elise | None
Lauren | None
Stephen | None
Carla | None
Stefanie | None
tia | None
todd | None
Jordan | None
Doug | None
María | None
Flavia | None
Karen | None
Taylen | None
Sam | None
Maggie | None
STEPHEN | None
Chloe | None
Chloé | None
Dora | None
Daniel | None
Aly | None
Bobbie | None
Tina | None
Domenica | None
Jessica | None
Tricia | None
Victoria | None
Kim | None
Colleen | None
James | None
Nikkie | None
Donna | None
Jessica | None
Jeff | None
Derek | None
Steven | None
Steven | None
Richard | None
Curtis | None
Melinda | None
Lauren | None
Aaron | None
Doug | None
Tina | None
Tiffany | None
Sharon | None
Emily | None
James | None
Garrett | None
Christian | None
Madhvi | None
Beatriz | None
Vonda | None
Walt | None
Zachary | None
Zachary | None
Zachary | None
Jordan | None
George | None
John | None
Alhaji | None
Aaron | None
Stephen | None
Amanda | None
Todd | None
Vivek | None
Chandra | None
Maria | None
Bill | None
Jacque | None
Caroline | None
Juliana | None
Clay | None
Brandy | None
James | None
Thomas | None
Colleen | None
Brittany | None
Jacque | None
jodi | None
tanika | None
ken | None
shannon | None
karan | None
chad | None
gabe | None
stacey | None
jeanita | None
tanuka | None
erin | None
martha | None
kelly | None
walt | None
amy | None
alexis | None
james | None
kathy | None
brandon | None
nova | None
jessica | None
john | None
elena | None
john | None
al | None
rich | None
ashlyn | None
brian | None
maria | None
michael | None
danielle | None
philippe | None
aly | None
zachary | None
arlene | None
owen | None
tara | None
garrett | None
emily | None
ray | None
ariz | None
letícia | None
jayne | None
Dale | None
crystal | None
jordan | None
denis | None
brenda | None
bruna | None
josh | None
alicia | None
becky | None
rebecca | None
tricia | None
bobbie | None
maggie | None
jacque | None
arianna | None
stacey | None
lucas | None
mallory | None
terri | None
baylie | None
jon | None
tony | None
madhvi | None
katerra | None
beatriz | None
aaron | None
Karan | None
Bruna | None
Jayne | None
Aaron | None
Simona | None
Shnaze | None
Sharon | None
Shannon | None
Rich | None
Raul | None
Phillip | None
Stacey | None
Philippe | None
Danielle | None
Danielle | None
Perry | None
Payton | None
Paula | None
Paul | None
Nova | None
Dale | None
Nikkie | None
Stacey | None
Cris | None
Edwin | None
Alan | None
Amanda | None
Amy | None
Anna | None
Ariz | None
Becky | None
Taylor | None
Brandon | None
brenda | None
Brian | None
Brian | None
Bruna | None
Bryce | None
Chris | None
Brandy | None
Neha | None
Naseem | None
Mina | None
Johnna | None
John | None
John | None
Joe | None
Jodi | None
Joanna | None
Jeanita | None
Jon | None
Jared | None
Jackie | None
Hunter | None
Fred | None
Elise | None
Derek | None
Donna | None
Drew | None
James | None
Jordan | None
Katerra | None
Michelle | None
Michaela | None
Michael | None
Michael | None
Martha | None
Mariam | None
Marcy | None
Malek | None
luciana | None
Lauren | None
Larissa | None
Kristi | None
Krista | None
Kendra | None
Ken | None
Kelly | None
Kayci | None
Brady | None
Sheila | None
Elena | None
Colleen | None
Lucas | None
Ashlee | None
Arcelious | None
Caroline | None
Flávia | None
Owen | None
Wendilyn | None
Tia | None
Tara | None
Denis | None
Josh | None
Shahid | None
Carlos | None
Bianca | None
Crystal | None
Mary | None
Danielle | None
Ray | None
Laura | None
James | None
Arianna | None
Alicia | None
Patrick | None
Ashlyn | None
Srikanth | None
Deepa | None
Mahi | None
Paul | None
Anuja | None
Lakshmi | None
Ron | None
Aaron | None
Devender | None
Terrie | None
Sravanthi | None
Jennifer | None
Bryan | None
Rick | None
Karim | None
Brian | None
Windell | None
Hari | None
Jake | None
Ron | None
Paul | None
Sai | None
Tim | None
Raghava | None
prameeth | None
Adla | None
SIVA | None
Hilary | None
Ramesh | None
David | None
Jenny | None
Hannah | None
Jennifer | None
Kris | None
Mahi | None
Sabreen | None
Terrie | None
Windell | None
Adam | None
Bobby | None
Vinith | None
James | None
Ram | None
Sujatha | None
Angel | None
Rob | None
Vahini | None
Mahi | None
Madhire | None
Kyle | None
Jonathan | None
Joe | None
Jenny | None
Jake | None
Ritika | None
Sujatha | None
Hemalatha | None
Matthew | None
Bryan | None
Arrianne | None
Brian | None
Greg | None
Paul | None
Honey | None
Vineet | None
Sairaja.V | None
Jane | None
PRITESH | None
Alessandra | None
Dante' | None
Saday | None
Anuja | None
Johnny | None
Anthony | None
Kristin | None
Raveena | None
Devender | None
Michael | None
Naveen | None
Prathima | None
Angel | None
Karim | None
Raghava | None
Eugene | None
Prince | None
Laurie | None
Daniel | None
Vasanthi | None
Vishnu | None
Pippera | None
Chris | None
Nayeli | None
Jenny | None
Eric | None
Mohd | None
David | None
Jeff | None
Alessandra | None
Jared | None
Shawn | None
Arriana | None
Liliana | None
Zineb | None
Domitille | None
Nikki | None
Juliane | None
Charlotte | None
Elizabeth | None
Anoosha | None
Justine | None
Jéssica | None
Andrea | None
Swetima | None
Deepti | None
Laura | None
Kathy | None
Andrea | None
Elliott | None
Carmen | None
Bertena | None
Jim | None
Jake | None
Heidi | None
Zach | None
John | None
Robin | None
Zach | None
Jake | None
Wally | None
Mike | None
Craig | None
Cherie | None
Allen | None
Cecilia | None
Matt | None
Nicholas | None
Robin | None
Zach | None
Paulina | None
Christian | None
Nick | None
Cherie | None
Heidi | None
Monica | None
Shaden | None
Jim | None
Mandeep | None
Blake | None
Michelle | None
Frank | None
Dianna | None
Angel | None
Richard | None
Dianna | None
Shane | None
Vidhya | None
Brian | None
Alexander | None
Ophelia | None
Krysta | None
Linda | None
Vida | None
Jamie | None
Sandra | None
Veronica | None
Veronica | None
Stanley | None
John | None
Anju | None
Rachel | None
Dennis | None
Veronica | None
Shane | None
Sandra | None
Rick | None
Richard | None
Michelle | None
Lynda | None
Linda | None
Karl | None
Henry | None
Dianna | None
Frank | None
Blake | None
Anita | None
Saiteja | None
Ophelia | None
Vida | None
David | None
Shirley | None
Dianna | None
Rachel | None
Julienne | None
Peter | None
JoAnn | None
Dianna | None
Mandeep | None
Anthony | None
Amulya | None
Shahzad | None
Siva | None
Vickie | None
Vamshidhar | None
Scott | None
Roz | None
Pruthvi | None
Sunaina | None
Sowmyasree | None
Eric | None
Betty | None
Brett | None
Dennis | None
Krysta | None
Michael | None
John | None
Ashlee | None
Madhava | None
Mayur | None
Vidhya | None
Hari | None
Gary | None
Stanley | None
Madeline | None
Mandeep | None
Hepciba | None
Alexander | None
Kyle | None
Roz | None
Sunaina | None
Henry | None
ryan | None
nicholas | None
matthew | None
jason | None
Beth | None
Lawrence | None
Karen | None
Elvira | None
Justin | None
Jay | None
Brenda | None
Karen | None
Sunny | None
Brenda | None
Elvira | None
Karen | None
Sunny | None
Brenda | None
Justin | None
Anna | None
Laura | None
Callum | None
Carly | None
Gary | None
Amber | None
James | None
Charlie | None
David | None
Iona | None
Sam | None
Camilla | None
Carrie | None
Dean | None
Melanie | None
Cedar | None
Piers | None
Sahar | None
Ilirijane | None
Cedar | None
Huib | None
Hana | None
Cristiana | None
Ilirijane | None
Jules | None
Cristiana | None
Laura | None
Chanel | None
David | None
Lizzy | None
Deborah | None
Yessica | None
Marissa | None
Isabella | None
George | None
Etienne | None
Chris | None
Johnny | None
Anna | None
Joe | None
Dean | None
Jeanie | None
kyle | None
eduardo | None
danny | None
Ilirijane | None
Laura | None
Jake | None
lizzy | None
Jack | None
John | None
Will | None
Tate | None
Earnest | None
Danny | None
Lewis | None
mitch | None
Kevin | None
tate | None
Oscar | None
Erin | None
Kanisha | None
oliver | None
Adam | None
Deborah | None
Nicola | None
Meg | None
Frances | None
Kirsty | None
Abigail | None
Herman | None
Andrew | None
Karis | None
Jordan | None
Leann | None
Sarah | None
Raja | None
Chimezie | None
Smita | None
Sonia | None
Debomita | None
Adil | None
Smita | None
Pravina | None
Carrie | None
Manmeet | None
Chinar | None
Abrar | None
Sean | None
Naheeda | None
Steve | None
Naheeda | None
STEVE | None
Suresh | None
Smita | None
Nikhil | None
Rajat | None
Manmeet | None
Deepak | None
John | None
Mark | None
Sean | None
Namish | None
Debomita | None
Adil | None
Ram | None
Abrar | None
Veronica | None
Diego | None
Victoria | None
Fernanda | None
Steve | None
Taymor | None
Kipp | None
Victoria | None
Veronica | None
Deepak | None
Suvarna | None
Vinod | None
Carrie | None
Chinar | None
Julissa | None
Jeff | None
Kesha | None
Shelley | None
Suzanne | None
Michael | None
Andrew | None
Anna | None
Sheri | None
Karen | None
Morgan | None
Richard | None
Shilpee | None
Kara | None
Maria | None
Sarah | None
Kayla | None
Haley | None
Denise | None
Cherish | None
Mandie | None
Liliana | None
Liliana | None
Vannessa | None
Kate | None
karla | None
kate | None
Karla | None
Irma | None
Ashley | None
Sara | None
Tyler | None
Maggi | None
Jill | None
James | None
Nicholas | None
Jenna | None
Megan | None
Noah | None
Patrick | None
Meg | None
Rob | None
Sheree | None
Tiffany | None
Tom | None
Yamileth | None
Bobbi | None
Zack | None
Dina | None
Michael | None
Joseph | None
Bruce | None
Rose | None
Rosemary | None
Lindsey | None
Camilla | None
Michael | None
Anu | None
Matthew | None
Jessica | None
Maggi | None
Noah | None
Jamie-Lee | None
Kacy | None
John | None
Anthony | None
Cindy | None
Nicole | None
Jeffrey | None
Pam | None
Rose | None
Michael | None
Tami | None
Michael | None
Dylan | None
Ashley | None
Brandon | None
Carlisle | None
Carol | None
Cristina | None
Meghan | None
David | None
Joseph | None
Marshall | None
Richard | None
Kevin | None
Phyllis | None
Teresa | None
Taylor | None
Franklin | None
Andrea | None
Matt | None
Claire | None
Alii | None
James | None
Leina | None
Victor | None
Angelo | None
Evan | None
Brad | None
Ada | None
Deirdre | None
Elyse | None
Janice | None
Kevin | None
Nathan | None
Jeff | None
Holly | None
Patrick | None
Anthony | None
Christopher | None
Christopher | None
Dylan | None
Jasmine | None
Jennifer | None
Michell | None
Lindsay | None
Annmarie | None
Stephanie | None
Scott | None
Gene | None
Jeremy | None
Maxine | None
Matthew | None
Jordan | None
Curt | None
Erin | None
Joseph | None
Josh | None
Elisa | None
Amy | None
Joyce | None
Keith | None
Kurt | None
Laura | None
Ray | None
Leanne | None
Leslie | None
Lori | None
Diane | None
Mateo | None
Mariarosaria | None
Margie | None
Rosario | None
Dawn | None
Bill | None
Rich | None
Jerry | None
Rosario | None
Joyce | None
Laura | None
Stan | None
William | None
Dawn | None
Rich | None
Stan | None
Stan | None
Matthew | None
Kelly | None
Tina | None
Greetings | None
Tina | None
Laura | None
Irene | None
Andrea | None
Matthew | None
William | None
Jerry | None
John | None
John | None
C | None
Scott | None
Laura | None
Sarah | None
Peter | None
Rosario | None
Michael | None
Carl | None
Kelly | None
Tania | None
Chris | None
Clint | None
David | None
DeVantae' | None
Gaby | None
Jim | None
John | None
Kathy | None
Kimberly | None
Mico | None
Teresa | None
Brenda | None
Jonathan | None
Andrea | None
Carleigh | None
Gaby | None
Teresa | None
Andrea | None
Emma | None
Allen | None
Amanda | None
Lex | None
Valerie | None
Grant | None
Alex | None
Jennifer | None
Diego | None
Taylor | None
Craig | None
Sara | None
Kimberly | None
Aaron | None
Bryan | None
Daniel | None
Teresa | None
Victoria | None
Stephanie | None
Samantha | None
Rebecca | None
Nicole | None
Mark | None
Marissa | None
Kara | None
Joyce | None
Alex | None
Anthony | None
Ivy | None
Angelina | None
Deirdre | None
Erika | None
Kara | None
Sabrina | None
Samantha | None
Alex | None
Julie | None
Sam | None
Kate | None
Alyssa | None
Kristie | None
Deirdre | None
Sabrina | None
Kaitlyn | None
Amelia | None
Stacey | None
Nazia | None
Heather | None
Amanda | None
Olivia | None
Rebecca | None
Gary | None
Georgie | None
Henry | None
James | None
Evie | None
Abigail | None
Anna | None
Erica | None
Sam | None
Klarisse | None
Deepak | None
Rylah | None
Evie | None
Payge | None
Trevor | None
Gary | None
Matt | None
Andrew | None
Bradley | None
Billy | None
Osagie | None
Craig | None
Andrew | None
inna | None
trevor | None
Chimene | None
Danielle | None
Iosif | None
Oscar | None
Bradley | None
Rebecca | None
Bradley | None
John | None
Dan | None
Matt | None
Will | None
Rebecca | None
Erica | None
Oscar | None
Gary | None
Dan | None
Payge | None
Charlie | None
Matt | None
Lucy | None
Joy | None
Georgie | None
Dave | None
Evie | None
Anna | None
Abigail | None
Abigail | None
Sherri | None
Thomas | None
Stephen | None
Erin | None
Christopher | None
Andrew | None
Kristin | None
Melinda | None
David | None
Brooke | None
Kara | None
Thomas | None
Geng | None
Raymond | None
Andrew | None
Nathan | None
Rosie | None
Caryn | None
Nazie | None
Elisha | None
Susan | None
Theresa | None
Dan | None
Michael | None
Alex | None
Ray | None
Luis | None
Max | None
Brett | None
Kayla | None
Samantha | None
Aubrey | None
Kurt | None
John | None
Juliene | None
Harry | None
Jack | None
Freddie | None
Samuel | None
Tom | None
Callum | None
Melissa | None
James | None
Harry | None
Tom | None
Harrison | None
Cameron | None
Sam | None
Jacob | None
Nicholas | None
Zoe | None
Ope | None
Ram | None
James | None
Jack | None
Alex | None
Katie | None
Jaja | None
Karen | None
Holly | None
Carl | None
Kathryn | None
Tina | None
Barbara | None
Michael | None
Soula | None
Maureen | None
Hillary | None
Rupa | None
Angela | None
Sean | None
Kal | None
Brad | None
Robert | None
Janakan | None
Jamie | None
James | None
Jace | None
Holly | None
Diana | None
Pamela | None
Ben | None
Mike | None
Daniel | None
Andria | None
Cathy | None
Caitlyn | None
Brian | None
Cherilynn | None
Joy | None
Kelley | None
Michell | None
Cyndi | None
Drake | None
Sean | None
Alecsa | None
Robin | None
Dennise | None
Max | None
Cole | None
Michelle | None
John | None
Matt | None
Crystal | None
Phillip | None
Angelica | None
Alton | None
Auriça | None
Greg | None
Bernard | None
Bethany | None
Peter | None
John | None
Ellen | None
Robyn | None
Justin | None
Jill | None
Josie | None
Vonda | None
Jeff | None
Jamie | None
Anthony | None
Adam | None
Adam | None
Pam | None
Neal | None
Nazia | None
Ellen | None
Michael | None
Cathy | None
Jim | None
Sean | None
Ellen | None
Kent | None
Deborah | None
Kal | None
Andria | None
Tyler | None
Mufaddal | None
James | None
Natasha | None
Matthew | None
Cody | None
Alex | None
Marcus | None
Denise | None
Anthony | None
Walter | None
Akhil | None
Stephen | None
Isabel | None
Bernard | None
Nate | None
Erin | None
Mario | None
Adam | None
Shani | None
Anthony | None
Dan | None
Pamela | None
Eydie | None
Ellie | None
Nikhil | None
Diego | None
Caitlyn | None
Alyssa | None
Cody | None
Aaron | None
Anthony | None
Michael | None
Caitlin | None
Tyler | None
Paul | None
Makenzie | None
Marcelo | None
DeDe | None
DeDe | None
Dennise | None
Desiree | None
Doug | None
Drake | None
Marcus | None
Vernon | None
Erin | None
Darren | None
Ellie | None
Lindsay | None
Holly | None
Amrit | None
Mark | None
Mario | None
Len | None
Yana | None
Michelle | None
Aaron | None
Alan | None
Alifiya | None
Alton | None
Jace | None
Amanda | None
Andrew | None
Rosalynn | None
Nikki | None
Gigi | None
Franz | None
Diego | None
Zoë | None
Jim | None
Cherilynn | None
Aaron | None
Blakeley | None
Gurinder | None
Desiree | None
Cole | None
Matt | None
Kirsten | None
Michelle | None
Cyndi | None
Tyler | None
Jonathan | None
Ian | None
Ron | None
Jamie | None
Jill | None
Laura | None
Shivi | None
Nicole | None
Luke | None
Robyn | None
Nouell | None
Darren | None
Tiffany | None
Bhaumic | None
Saskia | None
Adam | None
Darryl | None
Joy | None
Sheena | None
Robert | None
Rupinder | None
Neil | None
Cheryl | None
Deborah | None
Nazia | None
Meg | None
Sean | None
Valérie | None
Amanda | None
Bernard | None
Peter | None
Jennifer | None
Carmen | None
Daniel | None
Candace | None
Joe | None
Riza | None
Len | None
Gurin | None
Kelbee | None
Kimber | None
Kelli | None
Valérie | None
Jalynn | None
Jen | None
Shondra | None
Sayali | None
Andy | None
Aysha | None
Matt | None
Marcel | None
Bernadette | None
Kahkashan | None
Muhammad | None
Neal | None
Thu | None
Mike | None
Patrick | None
Amanda | None
Kathryn | None
Vernon | None
Rupinder | None
Wayne | None
Colin | None
Rosemary | None
Amarjit | None
Tiffany | None
Cody | None
Adam | None
Udaya | None
Andres | None
Simon | None
Marina | None
Paul | None
Chelsey | None
Blakeley | None
Kayla | None
Sara | None
Ramneet | None
Juanita | None
Lynne | None
Manu | None
Jaclyn | None
Nichole | None
Alix | None
Gia | None
Heather | None
Chris | None
Cody | None
Will | None
Ashley | None
Karen | None
Tim | None
Terence | None
Rosalynn | None
Brian | None
Brett | None
Charles | None
Cheryl | None
Cindy | None
Cole | None
Peter | None
Crystal | None
Cyndi | None
Darren | None
Carmen | None
Darryl | None
Alan | None
DeDe | None
Resu | None
Kalyani | None
Mounika | None
Sridevi | None
Team | None
Adelaide | None
Jason | None
Sergio | None
Taralyn | None
Justin | None
Andrea | None
David | None
Christi | None
Jessica | None
Joseph | None
Angela | None
Tracy | None
Bethany | None
Daniel | None
James | None
Carrie | None
Ravi | None
Suma | None
Brad | None
Dennise | None
Eddie | None
Katie | None
Dustin | None
Cody | None
Stu | None
Cindy | None
Kelli | None
John | None
Clare | None
Nichole | None
Skye | None
Spencer | None
Jace | None
Kristina | None
Doug | None
Nouell | None
Thanida | None
Kelly | None
Wayne | None
Vlad | None
Preet | None
Penny | None
DeDe | None
Tripti | None
krishna | None
Haree | None
Joan | None
Babu | None
Madhumitha | None
Prasad | None
Leanne | None
Alecia | None
Christopher | None
Gary | None
Sarah | None
Jason | None
Chris | None
Pearl | None
Tyler | None
Andres | None
Xherylyn | None
Patrick | None
Zoë | None
Charles | None
Austin | None
Rajul | None
Saskia | None
Denise | None
Erin | None
Allen | None
Lane | None
Will | None
Pamela | None
Dorothy | None
Kelbee | None
SJ | None
Jason | None
Charles | None
Regina | None
Brett | None
Tyler | None
Kristeena | None
Joe | None
Auriça | None
Blakeley | None
Lynne | None
Kilene | None
Katie | None
Julia | None
Jonathan | None
JB | None
Desiree | None
Jacqueline | None
Zach | None
Aysha | None
Ryan | None
Robin | None
Robin | None
Richard | None
Rahul | None
Rafi | None
Patrick | None
Nelson | None
Nancy | None
Mike | None
Nikhil | None
Mike | None
Michael | None
Gurinder | None
Melissa | None
Eric | None
Megan | None
Mark | None
Cheryl | None
Penny | None
Megan | None
Ellen | None
Eddie | None
Michell | None
Heinz | None
Haley | None
Terence | None
Sheena | None
Sean | None
Sarah | None
Rosalynn | None
Robert | None
Rob | None
Phillip | None
Mike | None
Betsy | None
Michael | None
Tyler | None
Maria | None
Markus | None
Lillian | None
Leo | None
Kyle | None
Kristen | None
Kirsten | None
Kelly | None
Kelley | None
John | None
Max | None
Tyler | None
Viridiana | None
Vlad | None
Eric | None
Doug | None
Damian | None
Czarina | None
Betsy | None
Betsy | None
Anita | None
Andy | None
Andrew | None
Andrea | None
Anas | None
Allison | None
Allan | None
Adam | None
Aaron | None
Aaron | None
Aaron | None
Aaron | None
Austin | None
Faisel | None
Adam | None
Brianna | None
Anna | None
Xherylyn | None
Will | None
Sakshi | None
Samson | None
Kahkashan | None
Shayna | None
Neil | None
Robyn | None
Hillary | None
Clare | None
Anthony | None
Deborah | None
Alix | None
VINITA | None
Tina | None
Tim | None
Joy | None
Shawn | None
Adelaide | None
Geoff | None
Isabel | None
Jordan | None
Drew | None
Tina | None
Cody | None
Jennifer | None
Angie | None
Regina | None
Cherilynn | None
Megan | None
Candice | None
Alex | None
Ken | None
Nikki | None
Bhaumic | None
Michelle | None
Rachelle | None
Peter | None
Leanne | None
Alla | None
Eddie | None
VINITA | None
Nate | None
Ida | None
Lynn | None
Patrick | None
Traci | None
Aaron | None
Alecsa | None
Brittany | None
Joe | None
Katie | None
Lori | None
Preet | None
Vonda | None
Crystal | None
Shaq | None
Scott | None
Jim | None
Jennifer | None
Matt | None
Rajul | None
Lynn | None
Meg | None
Dorothy | None
Michelle | None
Nazia | None
Stu | None
Kimberly | None
Brian | None
Gigi | None
Dustin | None
Michelle | None
Kristen | None
Ela | None
Tim | None
Skye | None
Darin | None
Kristina | None
Michell | None
Spencer | None
Michelle | None
Karen | None
Ron | None
Thanida | None
Denise | None
Andrew | None
David | None
Gary | None
Charles | None
Charles | None
Andrew | None
Ritu | None
Amy | None
Sam | None
Isaac | None
Rachel | None
Amy | None
Jake | None
Kayla | None
Seth | None
Andre | None
Bradley | None
Maggie | None
Cassie | None
Jessica | None
Colleen | None
Keegan | None
Matthew | None
Josh | None
Corbin | None
Ethan | None
Steve | None
Dale | None
Elizabeth | None
Vinny | None
Brian | None
Garfield | None
Gina | None
Keith | None
Robert | None
Shawn | None
Alex | None
Olivia | None
Madison | None
Michael | None
Daniel | None
Helena | None
Carley | None
Nicole | None
Christian | None
Elise | None
Sam | None
Melia | None
Brad | None
Stephen | None
Anna | None
Brynn | None
Carlee | None
Demetri | None
Queen | None
Megan | None
Lara | None
La | None
Adrienne | None
Katie | None
Laura | None
Cara | None
Nicholas | None
Brendan | None
Brandon | None
John | None
Jennifer | None
Rashad | None
Rob | None
Gretchen | None
Jane | None
Jordan | None
Caleb | None
Gretchen | None
Andrew | None
Brittney | None
Marlee | None
Aaron | None
Joseph | None
Adam | None
Diane | None
Jahari | None
Abie | None
Emma | None
Ryan | None
Lawrence | None
Caitlin | None
Michael | None
Anna | None
Hannah | None
Travis | None
JD | None
Kassandra | None
Caleb | None
Deanna | None
Andy | None
Christina | None
Ben | None
Julie | None
Matthew | None
Justin | None
Jake | None
Brandon | None
Rachel | None
Megan | None
Josephine | None
McKay | None
Catherine | None
Jacob | None
Keith | None
Jarod | None
Brenna | None
Jimmylee | None
Ian | None
Nyun | None
Tina | None
Chase | None
Marlena | None
Mary | None
Adam | None
Lexi | None
Katie | None
Kali | None
Maria | None
Clare | None
Joe | None
Leigh | None
Ana | None
Dezirae | None
Brent | None
Blake | None
Venky | None
Jake | None
Siomara | None
Conor | None
Larissa | None
Andrew | None
Maura | None
Korinne | None
Michael | None
Mike | None
Abby | None
Tomi | None
Bryan | None
Scott | None
Richard | None
Marissa | None
David | None
Jeremy | None
Jola | None
Jay | None
Adam | None
Kaitlin | None
Thomas | None
Tiffanie | None
Roberto | None
Joshua | None
Kelly | None
Lord | None
Daniel | None
Anwar | None
Peyton | None
Jorge | None
Guy | None
Ryan | None
Byanca | None
Bunni | None
Alexander | None
Peyton | None
Efren | None
Steven | None
Emily | None
Kelsey | None
Preethi | None
Kendel | None
Kelsie | None
Mark | None
Felicia | None
Garrett | None
Vijayagopal | None
Prasanna | None
Houston | None
Harshit | None
Sachi | None
Chirashnu | None
Terrence | None
Seun | None
Mike | None
Laura | None
Angela | None
Josh | None
Thomas | None
Ryan | None
Lola | None
Kayla | None
Sara | None
Aaron | None
Jake | None
Melanie | None
Thelma | None
Tyler | None
Tharun | None
Farrukh | None
Bella | None
Santu | None
Allison | None
Sarah | None
Amber | None
Dan | None
Tim | None
Joseph | None
AJ | None
Alison | None
Emily | None
Chris | None
Jon | None
Lynne | None
Bill | None
Alex | None
Shawn | None
Jessica | None
Greg | None
Cole | None
Andrew | None
Kayla | None
Lovethus | None
Cole | None
Leo | None
Nicole | None
Mike | None
Giancarlo | None
Sarah | None
Jon | None
Cara | None
Andrew | None
Cole | None
Ariel | None
Kelly | None
Jayson | None
Dave | None
Katie | None
Jack | None
Jacob | None
Krishna | None
Wesley | None
Jacques | None
Jay | None
Noah | None
Lionel | None
Derek | None
Blake | None
Mike | None
Sainabou | None
Jon | None
Chase | None
Richard | None
Sanjeev | None
Duane | None
Ryan | None
Dan | None
Quintella | None
Paul | None
Lucy | None
Shaun | None
Kelly | None
Trystan | None
Brian | None
Devin | None
Diane | None
John | None
Jocelyn | None
Ally | None
Arvind | None
Sean | None
Mike | None
Ryan | None
Kelly | None
Anthony | None
Dominique | None
Dana | None
Cristian | None
Dawn | None
Connor | None
Ryan | None
Kory | None
Dustin | None
Ryan | None
Caroline | None
Corina | None
Chetan | None
Jennifer | None
Alyssa | None
Kristopher | None
Casey | None
Camille | None
Lokeswara | None
Chris | None
Dara | None
Jeanne | None
Justin | None
Srikanth | None
Daniel | None
Lucas | None
Elisa | None
Caitlin | None
Luke | None
Jorge | None
Kristopher | None
Farheen | None
Elaine | None
sudarsan | None
Kalib | None
James | None
Chrissy | None
Brittany | None
Wayne | None
Greg | None
Lawira | None
Abhinav | None
Desiree | None
Jeff | None
Lee | None
Chris | None
Bret | None
Shawn | None
michael | None
Justin | None
Martin | None
Kendall | None
Sara | None
Annika | None
Mason | None
Haley | None
Jackson | None
Natalie | None
Hayden | None
Rose | None
Jalen | None
Camryn | None
Payal | None
Yesenia | None
Grace | None
Zachary | None
Murphy | None
Victoria | None
Hannah | None
Eddy | None
Michelle | None
John | None
Martin | None
Francesca | None
Myron | None
Susan | None
Vanessa | None
Michael | None
Lanny | None
Saisree | None
Diego | None
Mickey | None
Alexis | None
Charles | None
Anna | None
Wayne | None
Kacey | None
Matt | None
Paul | None
Kelsi | None
Kaitlin | None
Archana | None
Dustin | None
Cassandra | None
Caleb | None
Greg | None
Stirling | None
Sequoya | None
John-Michael | None
Corey | None
Kasey | None
Ashlyn | None
Quyen | None
Payton | None
Jill | None
Veena | None
Laura | None
ShaWaon | None
Keynan | None
Katherine | None
Victor | None
Jasmyne | None
Jeremy | None
Amber | None
Rachel | None
Jeremy | None
Katelyn | None
Jason | None
Tanner | None
Mario | None
Mike | None
Damon | None
Haley | None
Wade | None
Meena | None
Carolina | None
Ryan | None
Kaitlyn | None
Brandon | None
Bo | None
Kelly | None
Felix | None
Anita | None
Michelle | None
Pradeep | None
Will | None
Jocelyn | None
Natalie | None
Nikki | None
Dan | None
Richika | None
Mike | None
Vani | None
Michael | None
Bradford | None
Christopher | None
Samantha | None
Blair | None
Gerard | None
Nicole | None
Brandon | None
Logan | None
Tracey | None
Micaah | None
Hayden | None
Brandon | None
Laxman | None
Stephen | None
Ryan | None
Adrian | None
Meenu | None
John | None
Chris | None
Timothy | None
Obinna | None
Jarred | None
Cody | None
Vance | None
Shermon | None
Ashton | None
Jordan | None
Roxanne | None
Scott | None
Ryan | None
Keith | None
Lexy | None
Janay | None
Sarah | None
Thomas | None
Marwan | None
Faith | None
Jerry | None
Uduak | None
Dylan | None
Keisha | None
Danielle | None
Cole | None
Matthew | None
Ryan | None
Shannon | None
W | None
Chris | None
Shantina | None
Greg | None
Doug | None
Patricia | None
Yoseph | None
Mahah | None
Igwe | None
Brandon | None
Olivia | None
Michael | None
Hayley | None
Courtney | None
Garrie | None
Hannah | None
Ruben | None
Henry | None
Dhara | None
Ryan | None
Lucie | None
Jaylen | None
Mercedes | None
Banniker | None
Jeremy | None
Uthra | None
Dave | None
Kayla | None
Deborah | None
Sheniell | None
Madalyn | None
Liz | None
Sean | None
Molly | None
Oluwafemi | None
Chris | None
Kathy | None
Caitlin | None
Dawn | None
Matt | None
Michaelle | None
Jennifer | None
Jon | None
Nicholas | None
Wynton | None
Simon | None
Brandi | None
Kenneth | None
Mark | None
Rieka | None
Kara | None
Irvin | None
Alex | None
Megan | None
Jeff | None
Richard | None
Dave | None
Mike | None
Sabrina | None
David | None
Jake | None
Wiley | None
Mark | None
Amanda | None
Stanley | None
Shannon | None
Emily | None
Ellie | None
Michael | None
Matthew | None
Richard | None
Kimberly | None
Alexander | None
Neha | None
Tiffany | None
Kayode | None
Kareem | None
Katie | None
Jason | None
Ronak | None
Van | None
Jason | None
Kate | None
Kelly | None
Colin | None
Dean | None
Jeff | None
William | None
Tom | None
Rico | None
Michael | None
Noah | None
Peter | None
Joshua | None
Ghasan | None
Tyrus | None
Bolormaa | None
Courtney | None
Luc | None
Shaun | None
Nabiha | None
Macyn | None
Jane | None
Chris | None
Vijay | None
Brooke | None
Andrew | None
Allen | None
Vera | None
Alastair | None
Caleb | None
Michael | None
Vadym | None
Tina | None
Sam | None
Michelle | None
Sangeet | None
Autumn | None
James | None
Jordon | None
Alec | None
Lee | None
Michael | None
Jason | None
Martin | None
Arunesh | None
Briana | None
Erica | None
Brian | None
Liam | None
Olivia | None
Whitney | None
Kristina | None
Kathy | None
Cameron | None
Alekya | None
Charles | None
Stacey | None
Alyssa | None
Beth | None
Gibson | None
Robby | None
Keith | None
Patrick | None
Darius | None
Andrew | None
Alex | None
Avery | None
Greg | None
Deniz | None
Daniel | None
Taina | None
Conor | None
Kristin | None
Shane | None
Christiana | None
Thomas | None
Megan | None
Bridget | None
Jesse | None
Joshua | None
Matt | None
Alisa | None
Amanda | None
Alec | None
Jennifer | None
Patrick | None
Raymond | None
Hayley | None
Kobby | None
John | None
Blake | None
David | None
Grace | None
Isaiah | None
Josephine | None
Brian | None
Tim | None
Mark | None
Alana | None
Alexander | None
Jacob | None
Patrick | None
Christ | None
Andrew | None
Catalina | None
Jason | None
Lawrence | None
Robert | None
Nina | None
Kareem | None
Steve | None
Amy | None
Jennifer | None
Emily | None
Aidan | None
Greg | None
Brittany | None
George | None
Jason | None
Ross | None
Christopher | None
Wayne | None
David | None
Michael | None
Declan | None
Philip | None
Leah | None
Michael | None
Sean | None
Kevan | None
Brian | None
Mark | None
Mike | None
Jerry | None
Terrence | None
Cory | None
John | None
Amy | None
Ratish | None
Carly | None
Aaron | None
Haley | None
Justin | None
Roger | None
Glenn | None
Anthony | None
Colleen | None
Vincent | None
Jennifer | None
Caitlin | None
Ren | None
Justin | None
Bernard | None
Becky | None
Andrew | None
Melissa | None
Shannon | None
Robert | None
Davon | None
Dominick | None
Riv | None
Joe | None
Michael | None
Jack | None
Mohammad | None
Alyssa | None
Rachel | None
Samantha | None
Timmy | None
Santanu | None
Adam | None
Kelvin | None
Ernie | None
Shannon | None
Patrick | None
Daniyal | None
Fred | None
Alanna | None
Abhishek | None
Kaitlyn | None
Carol | None
Sarah | None
Adam | None
Patrick | None
Allyson | None
Brenda | None
Meg | None
Mario | None
Dan | None
Cassandra | None
Jayde | None
Julia | None
Brendan | None
Gina | None
Conor | None
Tyler | None
Laura | None
William | None
Victor | None
Oksana | None
Mark | None
Sarah | None
Cristina | None
Divya | None
Kurt | None
Anthony | None
Heather | None
Amanda | None
Lou | None
Suman | None
Katie | None
Pavlo | None
Ying | None
McKenna | None
Jon | None
Kellie | None
Brittany | None
Daniel | None
William | None
Tonia | None
Dave | None
Dan | None
Tiffany | None
Tyler | None
Christina | None
Michael | None
Allison | None
Gianna | None
Tezhia | None
Daniel | None
Jill | None
John | None
Emma | None
Santosri | None
Sarah | None
Tim | None
Jonathan | None
Brian | None
Jay | None
Peter | None
Christian | None
Brittany | None
Annie | None
Julie | None
Brian | None
Nicole | None
Michael | None
Mitch | None
Wynn | None
Jonathan | None
Liberty | None
Rob | None
Tinuade | None
William | None
Seva | None
Leslie | None
Joseph | None
Courtney | None
Koby | None
Jeff | None
Simbey | None
Chris | None
Kimberly | None
Arnold | None
Nathan | None
Tom | None
Christianne | None
Otto | None
Howard | None
John | None
Darleen | None
Will | None
Anthony | None
Arianna | None
Shannon | None
Sara | None
Brooke | None
Mason | None
Brooke | None
Jaymie | None
Jackson | None
Kale | None
Emily | None
Dakota | None
Skylar | None
Tanner | None
Ellen | None
Bryce | None
Joel | None
Paul | None
Jacob | None
Logan | None
Jessica | None
Sam | None
Conner | None
Madison | None
Sarah | None
Pamela | None
Kait | None
Dominic | None
Justin | None
Daniel | None
Jessi | None
Stephanie | None
Alex | None
Kelly | None
Alex | None
Katelyn | None
Lindsey | None
Brad | None
Beth | None
Matt | None
Derek | None
Madison | None
Ashlea | None
Yves | None
Alexandra | None
Kiana | None
Daniel | None
David | None
Lycia | None
Tana | None
Connor | None
Dylan | None
Magdaleny | None
Jack | None
Mariah | None
Adam | None
Kimberly | None
Brittania | None
Viola | None
Nathan | None
Lisa | None
Evan | None
Madeline | None
Blagoy | None
Trent | None
Jennifer | None
Kelsey | None
Erin | None
Christopher | None
Dana | None
Matt | None
Joe | None
Erin | None
Lainey | None
Ross | None
Melinda | None
Daniel | None
Brett | None
Alexa | None
Scott | None
Hailey | None
Tom | None
Lela | None
Elanna | None
Megan | None
Michelet | None
Robert | None
Matthew | None
Simone | None
Rhonda | None
Jake | None
Nicholas | None
Stephanie | None
Learsy | None
Robert | None
James | None
Aditi | None
Dante | None
Jon | None
Jae | None
Jake | None
Peter | None
Omar | None
Alexandra | None
Jahmel | None
John | None
Christina | None
Abby | None
Molly | None
Mitchell | None
Marty | None
Leemor | None
Rose | None
Omar | None
Shannon | None
Steve | None
Kayla | None
Kate | None
Kristen | None
Mary | None
Jacqueline | None
Tyler | None
Nolan | None
Mark | None
Casey | None
Alahna | None
Ryan | None
Timothy | None
Nicole | None
Shinayd | None
Emily | None
Chris | None
Joanne | None
Sarah | None
Hinnah | None
Samantha | None
Jackie | None
Katie | None
Amanda | None
Mark | None
Anthony | None
Dion | None
Stephen | None
Charlie | None
Liam | None
Patrick | None
Harry | None
Dre | None
Nicole | None
Connor | None
Maddie | None
Colin | None
Casey | None
Lloyd | None
David | None
Alexandrea | None
Michele | None
Michelle | None
Victoria | None
Davis | None
Katie | None
Bryce | None
Jason | None
Steven | None
Amanda | None
Dan | None
Britney | None
Jeffrey | None
Nancy | None
Heather | None
Pedro | None
Gretchen | None
Valerie | None
Madaline | None
Michael | None
Michelle | None
Laura | None
Darryl | None
Chuck | None
Janet | None
Robert | None
Matt | None
Ryan | None
Ray | None
Brad | None
Thomas | None
Ethan | None
Devin | None
Stratton | None
Adam | None
Aishwarya | None
Matthew | None
Jatinder | None
Sean | None
Jackie | None
Michael | None
Wally | None
Amber | None
Jesse | None
Sara | None
Matthew | None
Andrew | None
Corin | None
Seth | None
Eric | None
Emily | None
Jackson | None
Brady | None
Mark | None
Kristy | None
Jenn | None
Alaa | None
Marco | None
Mike | None
Allester | None
Michael | None
Noelle | None
Liv | None
Hillary | None
Marisa | None
Shelby | None
Levi | None
Jason | None
BJ | None
Jerry | None
John | None
Brennan | None
Jayde | None
Kristin | None
Kendra | None
Michael | None
David | None
Travis | None
Shannon | None
Megan | None
Allyson | None
Nathaniel | None
Drew | None
Jaye | None
Bradley | None
Zachary | None
Thomas | None
Cameron | None
Paige | None
Neena | None
Tyler | None
Luke | None
Catherine | None
Mackenzie | None
Corey | None
Sianni | None
Sean | None
Jack | None
Alexa | None
Allie | None
Paige | None
Montana | None
Bob | None
Alyssa | None
Michael | None
Kellye | None
Sean | None
Evan | None
Jaime | None
Robert | None
Declan | None
Sammy | None
Thomas | None
Evan | None
Natalie | None
Morgan | None
Daniel | None
Matthew | None
Brad | None
Brittany | None
Jason | None
Mallorie | None
Luke | None
Stefanie | None
Jeff | None
Jen | None
Natalie | None
Ben | None
Kamryn | None
Brandy | None
Jonathan | None
Meghan | None
Phil | None
Bruce | None
Joshua | None
Hayden | None
Austin | None
Andrew | None
Santosh | None
Karen | None
Princeton | None
Darren | None
Joe | None
Alex | None
Carol | None
Meredith | None
Tyler | None
Risa | None
David | None
Breah | None
Ayan | None
Richard | None
Kim | None
Dr. | None
Kelly | None
Brian | None
Eliza | None
Michael | None
Mike | None
Jordyn | None
Montie | None
Dawn | None
Coletrice | None
Bri | None
Michael | None
Cody | None
Krissy | None
Michael | None
Dominique | None
Alec | None
Uma | None
Joy | None
Jared | None
Peyton | None
Kwabene | None
Andrew | None
April | None
Lindsey | None
Reed | None
Emory | None
Vijayakumar | None
Laura | None
Brook | None
Cole | None
Avery | None
Lisa | None
Brett | None
Hayley | None
Brendan | None
Evan | None
Mathew | None
Gayatri | None
Denise | None
Michael | None
Jenny | None
Megan | None
Eunae | None
Leann | None
Steven | None
Nohemi | None
Calvin | None
Ryan | None
Jessica | None
Jake | None
Brennan | None
Ty | None
Jayde | None
Kaitlyn | None
Taft | None
Chelsea | None
Jordan | None
Roberta | None
Cameron | None
Sandra | None
Stacey | None
Jenna | None
Chris | None
Jessica | None
Victoria | None
Jon | None
Drishya | None
Zane | None
Austin | None
Kassy | None
Madhulika | None
Charles | None
Tisha | None
Rose | None
Josh | None
Cambelle | None
Shawn | None
Leslie | None
Patrick | None
Mallori | None
Dakota | None
Evelyn | None
Kristin | None
Teja | None
Joseph | None
Makenzie | None
Amanda | None
Chris | None
Chip | None
Stanly | None
Tyler | None
Dustin | None
Vicente | None
Bobby | None
Jordan | None
Ridge | None
Darlena | None
Jonathan | None
Michael | None
Austin | None
Gary | None
James | None
Makenzie | None
Drew | None
Brian | None
Jake | None
Sadie | None
Daniel | None
Paul | None
Regina | None
McKenzie | None
Tara | None
Jorian | None
Katharine | None
Jacey | None
Chase | None
Jesse | None
Brennan | None
Janero | None
Jamie | None
Dezarae | None
Trey | None
Bobby | None
Noah | None
Amber | None
Chris | None
Natalie | None
Jaleesa | None
Teddy | None
Maddie | None
Zette | None
Brandon | None
Michelle | None
Aaron | None
Brooklin | None
Alex | None
Shanterrius | None
Craig | None
Heather | None
Bill | None
Brian | None
Colin | None
Rich | None
Allen | None
Ellen | None
Craig | None
Scott | None
Zeeshan | None
Lisa | None
Jean-Bruno | None
Rachel | None
Milind | None
Eric | None
Mike | None
Justin | None
Reed | None
Alyson | None
Justin | None
Kasey | None
Sahar | None
Jenny | None
Wesley | None
Frannie | None
Brittany | None
John | None
Alec | None
Emily | None
Laura | None
Mohammed | None
Ellie | None
Scott | None
Everett | None
Colleen | None
CJ | None
Kathy | None
Brian | None
Garrett | None
Gary | None
Shawnetta | None
Ryan | None
Rajalakshmi | None
Jake | None
Syed | None
Bryan | None
John | None
Doreen | None
Keara | None
Bailey | None
Renae | None
Leah | None
Madison | None
Brian | None
Anthony | None
Mohammad | None
Micah | None
Will | None
Alexander | None
Ibrahim | None
Jacquelyn | None
Labeeb | None
Sam | None
Jacob | None
Daniel | None
Mark | None
Ryan | None
Bobby | None
Kelley | None
John | None
Erik | None
Sarah | None
Nicole | None
Heather | None
Matthew | None
Tom | None
Alexa | None
Sandra | None
Lisa | None
Sydney | None
Atul | None
Jared | None
Emilie | None
Bradley | None
Pete | None
Christopher | None
Shawn | None
Adam | None
Alyx | None
Hannah | None
Andrew | None
Will | None
Tyler | None
Tracy | None
Jennifer | None
Mike | None
Sadie | None
Hattie | None
Carl | None
Kelsey | None
Aidan | None
Kellie | None
Saravanan | None
Marshall | None
Zach | None
Hunter | None
Jed | None
Jessie | None
Caleb | None
Gabrielle | None
Steve | None
Emma | None
Hudson | None
Denise | None
Zack | None
Moriah | None
Katey | None
Daniel | None
Asher | None
Suzi | None
Jordan | None
Mia | None
Austin | None
Ryan | None
Rachel | None
Joe | None
Jill | None
Cesar | None
David | None
Nolan | None
Melissa | None
Kelly | None
Marc | None
Christopher | None
Josh | None
Kalee | None
Bret | None
Sean | None
Guyon | None
Annie | None
Rachel | None
Carole | None
Gregory | None
Marissa | None
Stephanie | None
Tim | None
ChandraShekhar | None
Matt | None
Paul | None
Darrick | None
Brooklyn | None
Boniface | None
Karel | None
David | None
Amanda | None
Jonah | None
Naomi | None
Travis | None
Jess | None
Molly | None
Wes | None
Mark | None
Cynthia | None
Ryan | None
Steve | None
Jeff | None
Brandon | None
David | None
Marques | None
Bailey | None
Brian | None
Justin | None
Tim | None
Claire | None
Sean | None
Marcus | None
Sally | None
James | None
John | None
Tiante | None
Songwen | None
Dylan | None
Robby | None
Jonathan | None
Debra | None
Amy | None
Nicole | None
Sarah | None
Bella | None
Cameron | None
Joe | None
Terry | None
Lindsay | None
Megan | None
Katie | None
Brad | None
Mindy | None
Bill | None
Mary | None
Kelly | None
John | None
Tayler | None
Megan | None
Todd | None
Tim | None
Chris | None
Rachel | None
Joseph | None
Matt | None
Sophia | None
Sarah | None
Darren | None
David | None
Lindsey | None
Sophia | None
Jake | None
Rylee | None
Ahna | None
Joseph | None
Jake | None
Sydney | None
Garrett | None
Emma | None
Lamar | None
Lori | None
Xia | None
Katie | None
Matt | None
Lori | None
Gayla | None
David | None
Tito | None
Spencer | None
Jesna | None
Johnny | None
Mikayla | None
Nicole | None
DeWayne | None
Mike | None
Tony | None
Cody | None
Jane | None
Uthra | None
Jennifer | None
David | None
Kaumudi | None
Brad | None
Cristina | None
Parker | None
Terry | None
Crystal | None
Hari | None
Tiffany | None
Jaclyn | None
Kristin | None
Carrie | None
Juanita | None
Michael | None
Dave | None
Jeff | None
Joy | None
Stephanie | None
Mark | None
Danielle | None
Lindsey | None
Lizzy | None
Paul | None
Jayde | None
Georgia | None
Tomas | None
Scott | None
Christopher | None
Ankitha | None
Kellye | None
Nathan | None
Makenzie | None
Rebecca | None
Brenda | None
Tina | None
William | None
John | None
Marla | None
Josh | None
Emily | None
Krystal | None
Otto | None
Elyza | None
Esther | None
Megan | None
Cole | None
Kaylie | None
Ryan | None
Hannah | None
Oscar | None
Kasey | None
Danika | None
Lori | None
Mike | None
Ryan | None
Tena | None
Alana | None
Laura | None
Madhulika | None
Rose | None
Jessi | None
Joseph | None
Brittany | None
Brian | None
Garrett | None
Matt | None
Andrew | None
Chase | None
Mindy | None
Bruce | None
Ann | None
Christy | None
Ashlyn | None
Stanly | None
Gianna | None
Kimberly | None
Phil | None
Robert | None
Megan | None
Blake | None
Roxanne | None
Ruben | None
Jonathan | None
Lori | None
Sarah | None
Nicholas | None
Sean | None
Brian | None
Isabella | None
Adam | None
Shannon | None
Will | None
Kelly | None
Sara | None
Jake | None
Gloria | None
Ryan | None
Shawn | None
Garfield | None
Sean | None
Rebekah | None
Rebecca | None
Brenda | None
Jason | None
Jason | None
Ronak | None
William | None
Shaneka | None
Preksha | None
Brian | None
Cameron | None
Tim | None
Hudson | None
Kristen | None
Nicole | None
Jeremy | None
Siena | None
Natasha | None
Sydney | None
Greg | None
Rylee | None
Ben | None
Brandon | None
Isabel | None
Jake | None
John | None
Aleta | None
Dakota | None
Daniel | None
Allison | None
David | None
Jill | None
JD | None
Chas | None
Jahmil | None
Mike | None
Kelly | None
Allisen | None
Josh | None
Eric | None
Cindy | None
Tony | None
Amir | None
Anna | None
Molly | None
Vishal | None
Brittany | None
Scott | None
George | None
Ryan | None
Melissa | None
Sharron | None
Mitchell | None
Charlie | None
Amy | None
Amanda | None
Michael | None
Haley | None
Jen | None
Daniel | None
Olivia | None
TJ | None
Daniel | None
Austin | None
Becky | None
Brendan | None
Tyler | None
Chuck | None
Alicia | None
Lilly | None
Jon | None
Nolan | None
Heather | None
Leo | None
Alana | None
Chris | None
Devin | None
Adam | None
Alexa | None
Lane | None
Janey | None
Chris | None
Maddie | None
Jake | None
Mariana | None
Matilde | None
Justin | None
Delaini | None
Grant | None
Emmy | None
Gerard | None
Daniel | None
Claudia | None
Matt | None
Sherry | None
David | None
Tim | None
Kiara | None
Anne | None
Devon | None
David | None
Connor | None
Brittany | None
Germel | None
Jessica | None
Son | None
Samantha | None
Teresa | None
Matt | None
Matthew | None
David | None
Jeff | None
Hawkins | None
Michaela | None
Andrew | None
Patrick | None
Nate | None
Sean | None
Preethi | None
Melissa | None
Wiley | None
Sarah | None
Jose | None
Harper | None
Faith | None
Moolya | None
Jazmine | None
Brandon | None
Veena | None
Jake | None
Fred | None
Lily | None
Ardell | None
Joel | None
Dylan | None
Brittney | None
Felicia | None
Alexandria | None
Logan | None
Regan | None
Zack | None
Rachel | None
Brian | None
Jake | None
Rochelle | None
Jamie | None
Pooja | None
Madison | None
Josue | None
Rachel | None
Cole | None
Khristina | None
Michael | None
Clark | None
DuWayne | None
Patrick | None
Jeff | None
Franklin | None
Martin | None
Timmy | None
Maggie | None
Sandra | None
Nichelle | None
Max | None
Tristain | None
Greg | None
Jackson | None
Azalea | None
Brock | None
Joseph | None
Lance | None
Paul | None
Eliza | None
Brittany | None
Tarangela | None
Sean | None
Jason | None
Samantha | None
Paul | None
Jaymie | None
Evelyn | None
Charlotte | None
Megan | None
Joe | None
Brenda | None
Brad | None
Jeff | None
Shrut | None
Katherine | None
Zette | None
Kelly | None
Tyler | None
Brian | None
Glen | None
Meena | None
Leah | None
Shannon | None
Natalie | None
Ken | None
Julia | None
Nautica | None
Zachary | None
Chip | None
Mario | None
McKenna | None
Sara | None
Sophia | None
John | None
Allyson | None
Joshua | None
James | None
Tracy | None
Holden | None
Jen | None
Michael | None
Morgan | None
Rico | None
Xavier | None
Andrew | None
Michele | None
Jessica | None
Ranju | None
Carrie | None
Jibraan | None
Naoki | None
Erika | None
Desiree | None
Jacob | None
Greg | None
Faith | None
Eric | None
Monica | None
Jamie | None
Alec | None
Jason | None
Matt | None
Jess | None
Lance | None
Nina | None
Anthony | None
Victoria | None
Megan | None
Kerael | None
Elizabeth | None
Thomas | None
Dustin | None
Ruben | None
Meredith | None
Keith | None
Isaac | None
Amanda | None
Tevin | None
Brett | None
Brian | None
Hayley | None
Susan | None
Stacey | None
Tina | None
Alyssa | None
Sydney | None
Evan | None
Anthony | None
Karen | None
Joe | None
Shari | None
Melissa | None
Stacy | None
Ryan | None
LinkedIn | None
Courtney | None
Lawrence | None
Jerrell | None
Adrian | None
Gregory | None
Leigh | None
Ankit | None
Brad | None
Mark | None
Anna | None
Erica | None
Ansy | None
Mark | None
Zach | None
Anita | None
Chase | None
Susan | None
Meg | None
Kim | None
Tony | None
Gerald | None
Shannon | None
Landen | None
Lonnie | None
Julie | None
Jasmyn | None
Phil | None
Cathleen | None
Melissa | None
Luke | None
Connor | None
Genevieve | None
Corey | None
Sarah | None
Erica | None
Jessica | None
Austin | None
Carl | None
Rebecca | None
Michael | None
Anjali | None
Jennifer | None
Alexandra | None
Avron | None
Kim | None
Marcus | None
Jacob | None
David | None
Parker | None
Priya | None
Jess | None
Krystal | None
Justin | None
Brian | None
Tarangela | None
Kanchan | None
Channing | None
Mackenzie | None
Caroline | None
Paige | None
Jane | None
Rod | None
Emma | None
Adam | None
Virginia | None
Birtuengida | None
Lexi | None
Alissa | None
Courage | None
Joseph | None
Jake | None
Natalie | None
Grant | None
Tiffany | None
Zack | None
Madeline | None
Katie | None
Emily | None
Shaday | None
Britt | None
Salman | None
Maya | None
Kelly | None
Erin | None
Dashon | None
Hope | None
Chad | None
Brooke | None
Christian | None
Mark | None
John | None
John | None
Haley | None
Austin | None
Kent | None
Erin | None
Kassie | None
Brock | None
Emily | None
Brandon | None
William | None
Madison | None
Jeani | None
Justin | None
Keri | None
Thomas | None
Emily | None
Cam | None
Zechariah | None
Dennis | None
Erin | None
Victoria | None
Curtis | None
Bob | None
Stephanie | None
Shannon | None
Julia | None
Christina | None
Brittany | None
Hannah | None
Lucas | None
Kristen | None
Laura | None
Payton | None
Sarah | None
Prashant | None
Jaime | None
Aldrin | None
Anna | None
Byron | None
Cassidy | None
Stephen | None
Harry | None
Adebayo | None
Kendra | None
Jessica | None
Rachel | None
Melissa | None
Cynthia | None
Jose | None
Stefanie | None
victoria | None
Brooke | None
Heather | None
Meagan | None
Jon | None
Victoria | None
Eric | None
Justin | None
Aaron | None
Will | None
Geoffrey | None
Jake | None
Maddie | None
Josue | None
Jack | None
Christopher | None
Caroline | None
Ben | None
Alexis | None
Lindsay | None
Olivia | None
William | None
Griffin | None
Rachel | None
Aubrey | None
Angela | None
Tamika | None
Saber | None
Dan | None
Shayne | None
Caitlin | None
Matthew | None
Jake | None
Hayley | None
Satin | None
Daniel | None
Erika | None
Max | None
Tommy | None
Elizabeth | None
Julie | None
Michael | None
Bret | None
Caroline | None
Joshua | None
Natalie | None
Phillip | None
Ann | None
Chip | None
Zach | None
Mallory | None
Alex | None
Robert | None
Bobbi | None
Jacob | None
Joey | None
Sean | None
Michael | None
Thomas | None
Mark | None
Morgan | None
M. | None
James | None
Jake | None
Ryan | None
Morgan | None
Kris | None
Josh | None
Wendy | None
Tonya | None
Kelly | None
Paulina | None
Matthew | None
DeHaven | None
Will | None
Todd | None
Clay | None
Zachary | None
Anne | None
Jake | None
Samantha | None
Alexis | None
Lori | None
Jacquelynne | None
Misty | None
Matthew | None
Angelica | None
Victoria | None
Stephanie | None
Alex | None
Katy | None
Sunshine | None
Bhanoday | None
Brian | None
Kelly | None
Wilson | None
Kaaela | None
Chris | None
Ramon | None
Cassandra | None
Linh | None
Maggie | None
Anthony | None
Robert | None
Austin | None
Ernest | None
Teresa | None
Luis | None
Rashad | None
Barutti | None
Maha | None
Matt | None
Thomas | None
Sean | None
Leona | None
Reagan | None
Jasmine | None
Ryan | None
Renae | None
Keegan | None
Victoria | None
Jake | None
Adam | None
Morgan | None
Mark | None
Quyen | None
Adam | None
Isabel | None
Leslie | None
Nicole | None
Tyler | None
Gretchen | None
Sam | None
Leann | None
Blake | None
Spencer | None
Jack | None
Kaprion | None
Bally | None
Sara | None
Sagar | None
Kylie | None
Joe | None
Chance | None
Molly | None
Ryan | None
Marcy | None
Lydia | None
Darryl | None
Wade | None
Brian | None
Olivia | None
Debbie | None
Milind | None
Kendall | None
Wyatt | None
Olivia | None
Amy | None
Panjam | None
Shaday | None
Simone | None
Zachary | None
Jennifer | None
Peter | None
Natoya | None
Praveen | None
Shane | None
Will | None
Alexandra | None
Jessie | None
Alexxus | None
Caroline | None
Whitney | None
Lalitha | None
Gray | None
Aj | None
Kelsey | None
Charlie | None
Zachary | None
Annie | None
Reese | None
Sean | None
Carolyn | None
Nautica | None
Krista | None
Sierra | None
Maria | None
Davidson | None
Katrina | None
Brett | None
Sydney | None
Carlee | None
Jackson | None
Olivia | None
Ty’Rielle | None
Julia | None
Isabella | None
Jaleel | None
Diego | None
Antwuan | None
James | None
Rebekah | None
Courtney | None
Sean | None
Danny | None
Nicholas | None
Jean | None
Yaditshka | None
Brandon | None
Lawrence | None
Lindsey | None
Alina | None
Madison | None
Samantha | None
Macy | None
Carson | None
Morgan | None
Steven | None
Hanna | None
Liam | None
Zach | None
Cory | None
Susan | None
Bally | None
Annalise | None
Cole | None
Emily | None
Norman | None
Asma | None
Jalen | None
Lydia | None
Cassidy | None
Tokira | None
Collin | None
Dennis | None
Dave | None
Todd | None
Karl | None
Daniel | None
Chris | None
Luke | None
Jarricka | None
Brandon | None
Claudia | None
Daniel | None
Naeem | None
Siry | None
Sophia | None
Brighton | None
Michaela | None
Alexis | None
Jennifer | None
Lilly | None
Karen | None
Raphael | None
Kenley | None
Troy | None
Ed | None
Amanda | None
Cade | None
Megan | None
Anthony | None
Ryan | None
Logan | None
Joy | None
Allisen | None
Amanda | None
Chloe | None
Hannah | None
Renae | None
Jack | None
Jaleel | None
Leah | None
Dennis | None
Trey | None
Mekhia | None
Nicole | None
Brooks | None
Shawn | None
Scott | None
D'Khari | None
Yvonne | None
Kirby | None
Abby | None
Trey | None
Mariana | None
William | None
Von | None
Anne | None
Osahon | None
Jeremiah | None
Roderick | None
Zachary | None
Karmen | None
Michael | None
Moe | None
Will | None
Chanda | None
Joseph | None
Elizabeth | None
Deandra | None
Brandon | None
Azalie | None
Andrew | None
Justin | None
Kerri | None
Ally | None
Emily | None
Shrut | None
Sean | None
Rick | None
Jolaoluwa | None
Jeff | None
Danielle | None
Ciera | None
Anna | None
Ross | None
Dominic | None
Lillian | None
Christian | None
Jacques | None
Jasmyn | None
Alicia | None
Micah | None
Sudhanshu | None
Lisa | None
Kaye | None
Chris | None
Kiley | None
Jack | None
Thomas | None
Brian | None
Stephen | None
Dakota | None
Hannah | None
Kristina | None
Meredith | None
Laura | None
Sara | None
Matt | None
Ron | None
Jeff | None
Michael | None
Sharmaine | None
Makayla | None
Jared | None
Don | None
Ty | None
Michael | None
Trisha | None
Addison | None
Katrina | None
Sudhakar | None
Anthony | None
Kylie | None
Mike | None
Andreielle | None
Kelly | None
Cheri | None
Samira | None
Peter | None
Ntambose | None
James | None
Eugene | None
Delainey | None
Anthony | None
Beau | None
Chris | None
Connor | None
Sylvetta | None
Jazmine | None
Veronica | None
Cassandra | None
Brian | None
Kenneth | None
Vishnu | None
Felton | None
Kaylie | None
Rick | None
Jared | None
Luisa | None
Stefan | None
Gilbert | None
Juliana | None
Noe | None
Krista | None
Jacob | None
Jibraan | None
Sydney | None
Son | None
Kat | None
Hawkins | None
Michael | None
Robert | None
Caroline | None
Jake | None
Danny | None
Courtney | None
Tucker | None
Tayler | None
Paul | None
Kelsey | None
Garrett | None
Nate | None
Juan | None
Angela | None
Jason | None
Sabrina | None
Rochelle | None
Yajaira | None
Victoria | None
Sophia | None
Juan | None
Sophia | None
Aalvi | None
Kaitlyn | None
Christian | None
Maxwell | None
Lee | None
Jessica | None
Josue | None
Clint | None
Asheema | None
Spencer | None
Victoria | None
Sammy | None
Sara | None
Mike | None
Matilde | None
Joel | None
Garrett | None
Amanda | None
Taiki | None
Katie | None
Justin | None
Jordan | None
Ashlynn | None
David | None
Michael | None
Michael | None
Quarlie | None
Dana | None
Daniel | None
Molly | None
Evan | None
Jessyka | None
Montel | None
Daniel | None
Zack | None
Michael | None
Devon | None
Brittany | None
Jenni | None
Martin | None
Jordan | None
Matthew | None
Stacy | None
Kelsey | None
Armando | None
Brandon | None
Natalie | None
Kayla | None
Justice | None
Jamaal | None
Nate | None
Anthony | None
Eliana | None
Natalia | None
Cesar | None
Darbee | None
Gabe | None
Joshua | None
Kayley | None
Shaneka | None
Mariana | None
Todd | None
Devonte | None
Misael | None
Anahi | None
Kerael | None
Becky | None
Melanie | None
Alisha | None
Stephen | None
Jeannette | None
Ty | None
Carlin | None
Amanda | None
Maria | None
Ryan | None
Sarah | None
Joseph | None
Rachel | None
Zane | None
Janey | None
Major | None
Allison | None
Morgan | None
Amy | None
Antonio | None
William | None
Pete | None
Janet | None
Edward | None
Catherine | None
Ricky | None
Shaunta | None
Lance | None
John | None
Sherien | None
John | None
Mitch | None
Ken | None
Jesse | None
Himali | None
Jonna | None
Chris | None
Ben | None
Bobby | None
Sydney | None
Stephanie | None
Mahi | None
Maitri | None
Esther | None
Christy | None
Levi | None
Jennifer | None
Bo | None
Jay | None
Tammy | None
Brian | None
Brittany | None
Kalvin | None
Allie | None
Robin | None
Joe | None
Scott | None
Nate | None
Sabrina | None
Hannah | None
Nancy | None
Anita | None
Tim | None
Adam | None
Semir | None
Stacy | None
Terrie | None
Timothy | None
Brian | None
Hannah | None
Gregory | None
Morgan | None
Liz | None
Angela | None
Adam | None
Chris | None
Ann | None
Zoe | None
Ryan | None
Abby | None
Bri | None
Tim | None
Brea | None
Jessica | None
Amanda | None
Don | None
Jill | None
Diane | None
Andy | None
Mike | None
Doug | None
Stacy | None
Michelle | None
Al | None
Dudley | None
Brendan | None
Chad | None
Elliott | None
Steven | None
John | None
Lane | None
Alexandria | None
Afra | None
Kristen | None
Morgan | None
Alexis | None
Eric | None
Ken | None
Paige | None
Melanie | None
Kat | None
Craig | None
Andrew | None
Emma | None
Nicole | None
Gloria | None
Tim | None
John | None
Brett | None
Rajitha | None
Jake | None
James | None
Tosin | None
Ariel | None
Mike | None
Michael | None
Svetlana | None
Christy | None
Amy | None
Jesse | None
Jake | None
Rebecca | None
Meagan | None
Eboni | None
Aja | None
Trey | None
Randolph | None
Matthew | None
Dilon | None
Michael | None
Cierra | None
Isabel | None
Jim | None
Kacey | None
Alexandria | None
Gary | None
Mike | None
Scott | None
Timothy | None
Emily | None
James | None
Ramesh | None
Paige | None
Dexter | None
Mike | None
James | None
Chikako | None
Chris | None
McKenna | None
Jyana | None
Simon | None
Megan | None
Gabrielle | None
John | None
Nadia | None
Brady | None
Aidan | None
Jeremiah | None
Tracy | None
Chipper | None
Kelly | None
David | None
Keith | None
Chuck | None
Carrie | None
Amanda | None
Brittany | None
David | None
Emily | None
Brian | None
Nina | None
Prashanth | None
Sean | None
Darae | None
Christian | None
Maxwell | None
Alieu | None
Monica | None
Lori | None
Ted | None
Blake | None
Andrew | None
Taris | None
Stephanie | None
Bob | None
Colin | None
Tyrus | None
Leaton | None
Amber | None
Gias | None
Barbie | None
Tony | None
Allison | None
Mike | None
Mike | None
Tripp | None
Mike | None
Jeff | None
Sean | None
Bridgette | None
Jasmine | None
David | None
Brandon | None
Lynn | None
Kristy | None
John | None
Jimmie | None
Kelsey | None
Erik | None
Jamie | None
Adam | None
Olivia | None
Katie | None
Kaprion | None
Kasey | None
Katey | None
Kelby | None
Kelsie | None
Klasey | None
Lexie | None
Lindzy | None
Lyncee | None
Kacey | None
Macyn | None
Michael | None
Michelle | None
Mickey | None
Miguel | None
Mitchell | None
Modesto | None
Murphy | None
Nadine | None
Natalie | None
Olivia | None
Meredith | None
Justin | None
Julie | None
Julia | None
Dave | None
David | None
David | None
Davon | None
Dayna | None
Dean | None
Debbie | None
Dominick | None
Dustin | None
Ejiroghene | None
Evan | None
Gabriel | None
Grace | None
Haley | None
Hugo | None
Ivana | None
Jacqueline | None
Jake | None
Jim | None
Joe | None
John | None
John | None
John | None
Jon | None
Juan | None
Peter | None
Danny | None
Riv | None
Rose | None
Anna | None
Corey | None
Mason | None
Maysea | None
Dalilah | None
Misael | None
Krista | None
Farrah | None
Sara | None
Tanner | None
Morgan | None
Tyler | None
Anna | None
David | None
Emma | None
Stanly | None
Gracie | None
Lamar | None
Ryan | None
Emmy | None
Tyler | None
Anne | None
Natalie | None
Reya | None
Christine | None
Sanam | None
Sandy | None
Shannon | None
Sheila | None
Sofia | None
Tyler | None
Tyler | None
Victoria | None
Vincent | None
Wayne | None
Wayne | None
William | None
William | None
Zachary | None
Brandon | None
Michael | None
Sue | None
Anne | None
Anne | None
Anna | None
Rodney | None
Erin | None
Conor | None
Christa | None
Matthew | None
Bob | None
Stefanie | None
Michael | None
Catherine | None
Jordan | None
Virginia | None
Hannah | None
Sean | None
Cole | None
Rachel | None
Jackson | None
Allison | None
Jack | None
Katie | None
John | None
Ben | None
Derek | None
Whitney | None
Edwin | None
Kat | None
Riley | None
Hillary | None
Mitch | None
Michael | None
Candice | None
Tyler | None
Michael | None
Jennifer | None
Jake | None
Kellani | None
Hayley | None
Yajaira | None
Dustin | None
Zoyla | None
Jonna | None
Justin | None
Sarah | None
Alyssa | None
Luis | None
Megan | None
Evan | None
Darren | None
Jaime | None
Courtney | None
Julian | None
Michael | None
Matthew | None
Jessica | None
Colson | None
Alex | None
Chantal | None
Terrence | None
Kristine | None
Adam | None
Adrian | None
Ahmad | None
Aleksandra | None
Alyssa | None
Andrew | None
Anindita | None
Apisara | None
Josh | None
Arlette | None
Boris | None
Brandon | None
Brandon | None
Brian | None
Brian | None
Brian | None
Brooke | None
Cayley | None
Charmaine | None
Chris | None
Baylee | None
Tim | None
Britney | None
Jamaal | None
Garrett | None
Eric | None
Rachel | None
Samuel | None
John | None
Grace | None
Brooklyn | None
Blair | None
Joshua | None
Nour | None
Anthony | None
Daniel | None
Matthew | None
Nhan | None
Roger | None
Glenn | None
William | None
Gregg | None
Somban | None
Brian | None
Sydney | None
Maddie | None
Emily | None
Dakota | None
Paul | None
Loretta | None
Gunnar | None
Brad | None
Danielle | None
Ryan | None
Xaymara | None
Anthony | None
Hannah | None
Briana | None
Jill | None
Juan | None
Douglas | None
Stephanie | None
Shawn | None
John | None
Melissa | None
Diego | None
Charlie | None
Timothy | None
Ronald | None
Caleb | None
John | None
Lien | None
Jeff | None
Amanda | None
Alexandre | None
Daileny | None
Jacob | None
Marcus | None
Jordan | None
Morgan | None
Mackenzie | None
Christina | None
Mark | None
Cesar | None
Haley | None
Katherine | None
Jessica | None
Brandon | None
Greg | None
Brian | None
Marie | None
Dustin | None
Michael | None
Alexis | None
Michelle | None
Brandon | None
Stephen | None
Darion | None
Jeremy | None
Robby | None
Gracee | None
Savannah | None
Elizabeth | None
Mya | None
Elizabeth | None
Nina | None
Marie | None
Gerardo | None
Madison | None
Katherine | None
Jack | None
Robel | None
Kaitlyn | None
Katy | None
Emma | None
Justin | None
Danielle | None
David | None
Dylan | None
Caroline | None
Maggie | None
Nicole | None
Ja'Darius | None
Greg | None
Christina | None
John | None
Karen | None
Ryan | None
Diana | None
Brian | None
Kelly | None
Cara | None
Avery | None
Jamie | None
Anthony | None
Devin | None
Bianca | None
Mark | None
Anthony | None
Cody | None
Sherri | None
Kendra | None
Jason | None
Lori | None
Christopher | None
Len | None
Quintara | None
Courtney | None
Donald | None
Michael | None
Arthur | None
Alexander | None
Catie | None
Emily | None
Cindy | None
Brad | None
Jacob | None
D'Andre | None
Samantha | None
Dakota | None
Sarah | None
Emily | None
Alexis | None
Brittany | None
Matt | None
Timothy | None
Justin | None
Dyer | None
Logan | None
Dutson | None
McGee | None
Ramos | None
Moore | None
Harrison | None
Cosgrove | None
Yanity | None
Gallagher | None
Potter | None
Ally | None
Lynn | None
Micah | None
DiBernardo | None
Luis | None
Mari | None
Natalie | None
Amanda | None
Derek | None
Maya | None
Robert | None
Joseph | None
Erin | None
Melanie | None
Lindsey | None
Angel | None
Stacy | None
Sean | None
Hunter | None
Sarah | None
Kenneth | None
Whitney | None
Reese | None
Rachel | None
Noe | None
Steve | None
Brandon | None
Elanna | None
Sean | None
Ajmer | None
Natalia | None
Bree | None
Jasmyn | None
Maria | None
Haley | None
Brendan | None
Casey | None
Josh | None
Eli | None
Tara | None
Robert | None
Grant | None
Monica | None
Candice | None
Jahmil | None
Jacob | None
Hayden | None
Kristopher | None
Briana | None
Steven | None
Darice | None
Evan | None
Shepard | None
MiAngel | None
Leroy | None
Stephanie | None
Gayle | None
Jake | None
Jasmine | None
Luis | None
Marla | None
Anna | None
Demond | None
Toya | None
Jonathan | None
Justin | None
Emina | None
Shelby | None
Alicia | None
Robert | None
Phil | None
Eric | None
Jack | None
Shannon | None
Todd | None
Evan | None
Robert | None
Cassandra | None
Chelsea | None
Azalea | None
Victoria | None
Ramon | None
George | None
Alyssa | None
Eduardo | None
Allyson | None
Ross | None
Paolo | None
Jason | None
Michael | None
Brian | None
Shruti | None
Apisara | None
Crystal | None
Lisa | None
Jessica | None
Paul | None
Madeline | None
Nadine | None
Jonathan | None
N | None
Fionnuala | None
Adam | None
Danielle | None
Sagar | None
Christopher | None
Joseph | None
Jamie | None
Laura | None
Devontae | None
Elyza | None
Roger | None
Perwez | None
Robert | None
Adam | None
Kelby | None
Haley | None
Alana | None
McKenna | None
Charmaine | None
Danny | None
Danika | None
Melanie | None
Kaylie | None
Mark | None
Christopher | None
Clarence | None
Cornel | None
Lizzy | None
Isabel | None
Pooja | None
LaVonne | None
Natasha | None
Forest | None
Joseph | None
Oscar | None
Jessica | None
Brandon | None
Andrew | None
Shin | None
Debbie | None
Kat | None
Michael | None
Mindy | None
Dominic | None
Josh | None
Kesia | None
Brandon | None
Peter | None
Nora | None
Lindsay | None
Kayla | None
Ivana | None
Savannah | None
Josh | None
Otto | None
Kaitlin | None
Samantha | None
Brent | None
Jodi | None
Ivory | None
Bryan | None
Lyncee | None
John | None
J'Marie | None
Mary | None
Melissa | None
Emily | None
Fritz | None
Diana | None
Alexandra | None
Sam | None
Brandon | None
Shannon | None
Kelly | None
Victoria | None
Nikki | None
Christina | None
Raymond | None
Ethan | None
Sanam | None
Erica | None
Danielle | None
Molly | None
Hugo | None
Jaimie | None
Rachel | None
Juancarlos | None
Boris | None
Kacey | None
Emily | None
Logan | None
Amy | None
Max | None
Erin | None
Abby | None
Stephanie | None
Cameron | None
Sean | None
Jim | None
John | None
Arlene | None
Danny | None
Nicholas | None
Becky | None
Christy | None
Sandy | None
Balaji | None
Pooja | None
Nubia | None
Bobby | None
Ben | None
Mike | None
Shawnie | None
Reilly | None
Richelle | None
Jack | None
Ryan | None
Aly | None
Cyndi | None
Sheila | None
Quinn | None
Miles | None
Julianna | None
Christine | None
Devin | None
Ahmed | None
Camille | None
Isabelle | None
Shahrnoosh | None
Kayla | None
Kaitlyn | None
Jonathan | None
Chris | None
Ron | None
Elle | None
Owen | None
Chris | None
Nicole | None
Greg | None
Connor | None
Amit | None
Amanda | None
Steven | None
David | None
Cain | None
David | None
Aaron | None
Kathleen | None
Sivakami | None
Munya | None
Lindsay | None
Jon | None
Jennifer | None
Elaine | None
Quan | None
Rebecca | None
Tyler | None
Vishal | None
Allison | None
Brian | None
Yuna | None
Joshua | None
Keisha | None
Jiselle | None
Danielle | None
Dylan | None
Layla | None
Joyce | None
Tim | None
Rianna | None
Duane | None
Rachel | None
Maira | None
Nicholas | None
Ruben | None
Emerald | None
Roy | None
Pawandeep | None
Blake | None
Jenye | None
Dean | None
Steven | None
Lexie | None
Joseph | None
Will | None
Navyashree | None
Mohammed | None
Jared | None
Lara | None
Hayes | None
Neeti | None
Mandy | None
Alexandria | None
Hannah | None
Phil | None
Sean | None
Asim | None
Amy | None
Blaise | None
Dave | None
Arnel | None
Rahul | None
Chris | None
Bianca | None
Susil | None
Shelby | None
Rone | None
Rodrick | None
Finn | None
Abigail | None
Roderick | None
Stephanie | None
Julia | None
Melinda | None
Kenadee | None
Christina | None
Samantha | None
Julie | None
Jermaine | None
Matt | None
Emily | None
Tyler | None
Manjunath | None
Jessica | None
Jessica | None
Ryan | None
Austin | None
Chris | None
Alicia | None
Helena | None
Michael | None
Teal | None
Johnny | None
Lien | None
Nathan | None
Ryan | None
Doug | None
Christopher | None
Nathan | None
Linda | None
Vanessa | None
Candace | None
Chase | None
Liam | None
Maddie | None
Jennifer | None
Jeremy | None
Lilian | None
Vicky | None
Andy | None
Joshua | None
Karl | None
Lance | None
Collin | None
Matthew | None
Jacob | None
Ken | None
Ray | None
Jessica | None
Nicholas | None
Janette | None
Lance | None
Jesse | None
Lazaro | None
Riley | None
Aashish | None
Eesha | None
Nathan | None
Roya | None
Reetu | None
Sepehr | None
Conrad | None
Teagan | None
Megan | None
Phillip | None
Josh | None
Mark | None
Amy | None
Mustafa | None
Janine | None
Jerry | None
John | None
Jordan | None
Kathryn | None
Kelly | None
Larry | None
Mike | None
Sara | None
Thomas | None
Timothy | None
Mike | None
Arpita | None
Brittany | None
Kara | None
Lori | None
Michelle | None
Gary | None
David | None
Bryce | None
Brittany | None
Carol | None
Dan | None
Ploy | None
Jason | None
Daniel | None
Celeste | None
Kitana | None
Alexander | None
Travis | None
Truc | None
Sarah | None
Raymond | None
Michael | None
Martin | None
Claire | None
Subhra | None
Moolya | None
Divya | None
Ian | None
Aliyah | None
Jacquie | None
Alex | None
Jordan | None
Lucas | None
James | None
Adam | None
Andre | None
Brevin | None
Stephanie | None
Shivraj | None
Paulette | None
Sushmita | None
Scott | None
Jordan | None
Katie | None
Brenda | None
Michelle | None
Zoe | None
Arvin | None
Rebecca | None
Brittany | None
Eric | None
Jenna | None
Lori | None
Gary | None
Deva | None
DJ | None
Chris | None
Dalton | None
Kelly | None
Michael | None
Jordan | None
Andrew | None
Jose | None
Janet | None
Jack | None
Shelley | None
Vineeta | None
India | None
Jaime | None
Nicole | None
Derek | None
Cameron | None
Courtney | None
Ed | None
Drea | None
Shauna | None
Nicole | None
Madison | None
Evan | None
Paul | None
Ruben | None
Joshua | None
Nikan | None
Shondre | None
Brandon | None
Ananda | None
Matthew | None
Dawn | None
Ryan | None
Don | None
De | None
April | None
Alan | None
Sarah | None
Megan | None
Alyssa | None
Alexander | None
Connor | None
Courtney | None
Shira | None
Fatima | None
Jake | None
Matthew | None
Eric | None
Kiera | None
Chris | None
Deepa | None
Tristan | None
Dmitriy | None
Nathan | None
Mike | None
Nathan | None
Ann | None
Divya | None
Riley | None
Marc | None
Camilla | None
Katelyn | None
Vishal | None
Robby | None
Anna | None
Jobin | None
Nolan | None
Megan | None
Khristina | None
Marshall | None
Alyssa | None
Michael | None
Jack | None
Conor | None
Natalia | None
Vijay | None
William | None
Vanessa | None
Jerome | None
Claire | None
Lukas | None
James | None
Amy | None
Genna | None
Tyler | None
Brian | None
Aleta | None
Jake | None
Srija | None
Isaias | None
John | None
Sharron | None
Christine | None
Peter | None
Emily | None
Daniel | None
John | None
Justin | None
Annamarie | None
Tyler | None
Aritra | None
Tracy | None
DuWayne | None
Alyssa | None
Desmond | None
Mikayla | None
Maria | None
Cassie | None
Tony | None
Breanna | None
Robert | None
Eric | None
Viviana | None
Rodney | None
Marcus | None
Pablo | None
Jerry | None
Genesis | None
Andy | None
JoAnn | None
Ty | None
Thomas | None
Melissa | None
Christina | None
Anthony | None
Rachel | None
Ryan | None
Bryce | None
Jared | None
Daran | None
Drew | None
Scott | None
Yasmin | None
Natalie | None
Paul | None
Ryan | None
Jessica | None
Reece | None
Joe | None
Lucy | None
Stefanie | None
Demarco | None
Andres | None
Jamie | None
Joshua | None
Krystina | None
Timothy | None
Ryan | None
Kelsey | None
Kristopher | None
Connor | None
Mike | None
Chelsea | None
Joey | None
Isabella | None
Shawn | None
Sylvia | None
Devin | None
Spencer | None
Adam | None
Christopher | None
Jessica | None
Mike | None
Joshua | None
Alex | None
Jessica | None
Kasey | None
Dominique | None
Harper | None
Ethan | None
Daniel | None
Luke | None
Fiona | None
Sam | None
Kristen | None
Anthony | None
Robert | None
Jessica | None
Angel | None
Joel | None
Chelsea | None
Josh | None
Kayla | None
Savannah | None
Wyatt | None
Thomas | None
Matthew | None
Hakeem | None
Ethan | None
Sam | None
Brenda | None
Garrett | None
Jack | None
Ryley | None
Shemi | None
Michael | None
Theo | None
Scott | None
Jaylyn | None
Meghan | None
Nyagoa | None
Amanda | None
Carissa | None
Siena | None
Joseph | None
Adil | None
David | None
Gino | None
Kristin | None
Shelby | None
Samuel | None
Trey | None
Mia | None
Lucas | None
Jonathan | None
Jacinda | None
Bryce | None
Michael | None
Bryan | None
Nate | None
Ryan | None
Ethan | None
Grant | None
Melissa | None
David | None
Jay | None
Marla | None
Kimi | None
Lisa | None
Brad | None
Raghunath | None
Natalie | None
Tori | None
Warren | None
Justin | None
Nicholas | None
Shelby | None
Rachael | None
Hunter | None
John | None
Olivia | None
Brandon | None
Eric | None
Jack | None
Clay | None
Duane | None
Kari | None
Mackenzie | None
Ryan | None
Nathan | None
Samuel | None
Tierney | None
Mike | None
Kristine | None
Alissa | None
Preston | None
Samantha | None
Noah | None
Alex | None
Jordan | None
Paul | None
Christian | None
Brian | None
Paul | None
Emily | None
John | None
Melissa | None
Sarah | None
Abby | None
Steve | None
Joe | None
Christopher | None
Scott | None
Jessica | None
Dan | None
Mia | None
Lexy | None
Tyler | None
Matt | None
Deanna | None
Geri | None
Chris | None
Celina | None
Ellie | None
Sam | None
Laura | None
Nickolas | None
Memo | None
Ryan | None
Luis | None
Nichole | None
Alex | None
Alisha | None
Kelley | None
Stephanie | None
Mathew | None
Bill | None
Matt | None
Peggy | None
Brian | None
Wesley | None
Dyanna | None
Stephanie | None
Jennifer | None
Danielle | None
Evan | None
Blake | None
Matt | None
Edison | None
Chad | None
Tyson | None
Alyssa | None
Padrick | None
Micaila | None
Stacy | None
Thomas | None
Craig | None
Bob | None
Katie | None
Noel | None
Gracie | None
Sarah | None
Mike | None
Dan | None
Lance | None
Alicia | None
John | None
Sara | None
Tanner | None
Justin | None
Meshvee | None
Tyler | None
Brenda | None
Kelly | None
Regan | None
Jose | None
Gary | None
Darci | None
Antowine | None
Zuzanna | None
Mikayla | None
Trent | None
Erica | None
Daniel | None
Anna | None
Kaitlin | None
Lisa | None
Erin | None
Kelsey | None
Matt | None
Christie | None
Jeff | None
Janet | None
Russell | None
Jaymes | None
Jon | None
Dillon | None
John | None
Danielle | None
Richard | None
Floyd | None
Gina | None
Alta | None
Bryan | None
Adam | None
Bretton | None
Adam | None
Hunter | None
Melissa | None
Nathan | None
Tony | None
Angel | None
Branden | None
Rob | None
Cody | None
Thomas | None
Luke | None
Aashish | None
Leah | None
Alex | None
Megan | None
Suhair | None
Brandon | None
Maccy | None
Jayson | None
Mary | None
Jenniffer | None
Eli | None
Kristian | None
Garrett | None
Shon | None
Alexandra | None
Jason | None
Michael | None
Jason | None
Timothy | None
Phillip | None
Kaitlin | None
John | None
David | None
Liz | None
Hayden | None
Morgan | None
Daniela | None
Philip | None
Maureen | None
Georgia | None
Heather | None
Panthea | None
Krishna | None
Zack | None
Kaitlin | None
Austin | None
Tanvi | None
Steven | None
Vanessa | None
Geoff | None
Rich | None
Jarred | None
KP | None
Darren | None
Johnny | None
Demetre | None
Krystal | None
Mark | None
Patrick | None
Roddy | None
John | None
DJ | None
Nikhil | None
Snehal | None
David | None
Tim | None
Jordan | None
Jonathan | None
Andrew | None
Adam | None
Mike | None
Mischa | None
Liam | None
Kate | None
Jeremy | None
Todd | None
Caroline | None
Gregory | None
Michael | None
Jamie | None
Elijah | None
Kristen | None
Carl | None
Craig | None
Mindy | None
Madison | None
Michael | None
Jason | None
Sky | None
Amrita | None
Megan | None
Jean | None
Roger | None
Alex | None
Cary | None
Devin | None
Michael | None
Gabriel | None
Jefferson | None
Jovan | None
Ram | None
Tyler | None
Jordan | None
Carter | None
Chase | None
John | None
Omar | None
Samantha | None
Jack | None
Nyles | None
Patrick | None
Seamus | None
Bri | None
Danielle | None
Austin | None
Jackson | None
Hannah | None
Sara | None
Andrew | None
Matthew | None
Roxanne | None
Manny | None
Sheree | None
Julian | None
Rene | None
Justin | None
Brigh | None
Monica | None
Ross | None
Emily | None
Shoshana | None
Javier | None
Gabriella | None
Zachary | None
Samantha | None
Luke | None
Jessy | None
Kristen | None
Brooklin | None
Ben | None
Kristy | None
Lindsey | None
Maxwell | None
Sarah | None
Emily | None
Lincoln | None
Logan | None
William | None
Eric | None
Germel | None
Kenneth | None
Shay | None
Hailey | None
Dimitrios | None
Amy | None
Beau | None
Ben | None
Georgeanne | None
Keshini | None
Braxton | None
Katie | None
Michael | None
Lars | None
Cameron | None
Katherine | None
Paul | None
Shay | None
Jake | None
Amie | None
Christopher | None
Bridget | None
Emma | None
Peter | None
Mauricio | None
Kylee | None
Adam | None
Travis | None
Matthew | None
Tim | None
Jeff | None
Amanda | None
Jim | None
Jason | None
Jeanette | None
Joe | None
Caroline | None
Katie | None
Amanda | None
Rahul | None
Josh | None
Hunter | None
Marya | None
Michael | None
Allie | None
Matt | None
Alexis | None
Jeff | None
John | None
Katie | None
Mark | None
Eliel | None
Sarah | None
Sydney | None
Austin | None
Emerald | None
Coddie | None
Nichelle | None
Brittany | None
Amir | None
Chas | None
Matthew | None
Elysa | None
Haley | None
William | None
Scott | None
Caroline | None
Sarah | None
Nicole | None
Lillie | None
Tomas | None
Morgan | None
Matt | None
Tyler | None
Dalilah | None
Britney | None
Mitch | None
Marie | None
Adam | None
Kacie | None
Erin | None
Laura | None
Jaci | None
Sara | None
Matthew | None
Rachel | None
Payton | None
Logan | None
Ryan | None
Todd | None
Kimberley | None
Melissa | None
Ryan | None
Nicholas | None
Jose | None
Tom | None
Jennifer | None
Patrick | None
MacKenzie | None
Rashad | None
Riley | None
Ernesto | None
Tom | None
Seth | None
Malik | None
Carson | None
Dan | None
Bre | None
Ivone | None
Jahmall | None
Brandon | None
Grace | None
Will | None
Frank | None
Sean | None
Eduardo | None
Mark | None
Jared | None
Paxton | None
Curtis | None
Derek | None
Lindsey | None
Greg | None
Austin | None
Mary | None
Amanda | None
Kelly | None
Mitchell | None
Keegan | None
Ross | None
Courtney | None
Hayden | None
Brodie | None
Dominic | None
Abby | None
Cole | None
Cam | None
Loren | None
Jasmine | None
Joy Autery | None
Jessica | None
Sydney | None
Abigail | None
Xavier | None
Joey | None
Christopher | None
Jamie | None
Alex | None
Hailey | None
Andy | None
Amelia | None
Abby | None
Austin | None
Ben | None
Kendall | None
Mariah | None
Brian | None
Jack | None
Faith | None
Brett | None
Zachary | None
David | None
Sara | None
Jonathan | None
Dylan | None
Mary | None
Angelo | None
Sarah | None
Sílvia | None
Yurika | None
Jose | None
Edith | None
Alena | None
Amy | None
Ayesha | None
Tishara | None
Zara | None
Julia | None
Pamela | None
Leah | None
Caleb | None
Natalia | None
Shikha | None
Yeswanth | None
Monika | None
Suellen | None
Saoirse | None
Ester | None
Jazmin | None
Whitney | None
Phillip | None
Rei | None
Judy | None
Janeth | None
Italo | None
Six | None
Jordy | None
Luis | None
Willemijn | None
Preethi | None
Arianne | None
Karla | None
Cody | None
Somanna | None
Katherine | None
Jasmin | None
Whitney | None
Willemijn | None
Luis | None
Brittany | None
Mikayla | None
Sarah | None
Kristen | None
Kimber | None
Kayla | None
Christina | None
Chandlier | None
Stefani | None
Kayla | None
Kimber | None
Colleen | None
Mildred | None
Nosiel | None
Emilio | None
Rubersy | None
Hansel | None
Alcides | None
Alberto | None
Jose | None
Nendy | None
Lian | None
Alejandro | None
Mary | None
Cherin | None
Debra | None
Anna | None
Veronica | None
Pharrel | None
Bridget | None
Jennifer | None
Madelyn | None
Tom | None
Lindsay | None
Alissa | None
Andrew | None
Mia | None
Dillon | None
MJ | None
Jennifer | None
Nancy | None
Crispin | None
Bradley | None
Ethan | None
elyse | None
carlos | None
Eileen | None
Dakota | None
Megan | None
Gary | None
Michael | None
Ben | None
Ryan | None
Luke | None
Pedro | None
Paul | None
Mona | None
Anna | None
Laura | None
Shirley | None
Kylie | None
Kennedy | None
Kimberleigh | None
Tia | None
Jared | None
Krystal | None
Elyse | None
Tessa | None
Ivory | None
Rachel | None
Kris | None
Deborah | None
Amanda | None
Gary | None
Connie | None
Stephanie | None
Susan | None
Noralee | None
Andrea | None
Chia | None
Vince | None
Jeremiah | None
Amy | None
Jake | None
Kelly | None
Berman | None
Thomas | None
Carlos | None
Rachel | None
Fariha | None
Michael | None
David | None
Ella | None
Che | None
Sali | None
Carolyn | None
ARUN | None
Amanda | None
d | None
Danita | None
Nazje | None
Frankie | None
Pekka | None
Nicole | None
Amie | None
Jackie | None
Jason | None
Kate | None
Emily | None
Derrick | None
Paula | None
Gillian | None
Brit | None
Thomas | None
Jason | None
Adrian | None
Adnan | None
Yasmin | None
Padma | None
Nicole | None
Ashley | None
Laura | None
Montana | None
Austyn | None
Tiffany | None
Bill | None
Donald | None
Kate | None
Narendra | None
Wyatt | None
Jennifer | None
Gilberto | None
Megan | None
Rob | None
Sarah | None
Bernard | None
tracie | None
Kim | None
Harrison | None
Paul | None
John | None
Roger | None
Holly | None
Jim | None
Cris | None
Lishkar | None
Graham | None
James | None
Traudel | None
Brandon | None
John | None
Lisa | None
Tineall | None
Jennifer | None
Kaleigh | None
Laure | None
Denise | None
Elizabeth | None
Marie | None
Shivani | None
Camille | None
Diletta | None
Simona | None
Katrien | None
Martina | None
Paul | None
Sermed | None
Rose | None
Klaudia | None
Alberto | None
Kevin | None
Marc | None
Tim | None
Gerald | None
Dane | None
Alexandre | None
Rania | None
Amandine | None
Albert | None
Annelieke | None
Cristina | None
Patricia | None
Ruud | None
Sofia | None
Coline | None
Tijmen | None
Raja | None
Danny | None
Sharon | None
Catarina | None
David | None
Baljeet | None
Martina | None
Zoubida | None
Luisa | None
Stavros | None
Filipe | None
Chaïma | None
Roy | None
Abishake | None
Ruud | None
Saptarshi | None
Wim | None
Jill | None
Jeroen | None
Mathijs | None
Nelleke | None
Sander | None
Anne | None
Seifeddine | None
Alec | None
Rick | None
Naima | None
Yogesh | None
Bob | None
Aurélien | None
Sarah | None
Yentl | None
Walter | None
Cesar | None
Farid | None
Fred | None
Curtis | None
Matt | None
Evan | None
Luis | None
Paul | None
Jose | None
Pauline | None
Jacob | None
Moises | None
Jesus | None
Raphaël | None
David | None
Anamaria | None
Catherine | None
Craig | None
Theresa | None
Leonard | None
Tammy | None
Lucinda | None
Srinidhi | None
Lucinda | None
Lorna | None
Jo | None
Tammy | None
Karla | None
Theresa | None
Kyle | None
Leonard | None
Jada | None
Craig | None
Lorna | None
kimberly | None
Gerald | None
Aliki | None
Jacqueline | None
Kimberly | None
Kimberly | None
Lisa | None
Jacqueline | None
Anurag | None
Lisa | None
DiAnne | None
Paola | None
Chih | None
Gabrelle | None
Timothy | None
Kathy | None
Deanna | None
Julia | None
Wendy | None
Elizabeth | None
Patti | None
Kim | None
Michael | None
Deanna | None
Shaun | None
Wendy | None
Thomas | None
Ramesh | None
Kandiah | None
Brent | None
Naomi | None
Cynthia | None
Christina | None
Melinda | None
Vicky | None
Brad | None
Christine | None
Kathy | None
Pam | None
Gabrelle | None
Tony | None
Darlene | None
Brittany | None
Mohamad | None
Jessica | None
Gabrelle | None
Michael | None
Elizabeth | None
Shirley | None
Elizabeth | None
Jake | None
Nancy | None
Shannon | None
Charles | None
Adrienne | None
Daniel | None
Ken | None
Chandraprakash | None
Danielle | None
Rajdeep | None
Arunava | None
Varun | None
Digvijay | None
Amit | None
Gunjan | None
Pushpraj | None
Karen | None
Mary | None
Olga | None
Mary | None
Hazard | None
Nick | None
Olga | None
Barbara | None
Randolf | None
Michael | None
Naveen | None
Kelly | None
Will | None
Dan | None
Stephen | None
Mikayla | None
Olivia | None
Tim | None
Dan | None
Suzanne | None
Seth | None
Michael | None
Seth | None
Sibi | None
Dan | None
Olga | None
Nicole | None
Michael | None
Patrick | None
Sam | None
Kathleen | None
Randolf | None
Kelly | None
Suzanne | None
Julian | None
Patrick | None
Stephen | None
Olivia | None
Mary | None
Dan | None
Naveen | None
Nicole | None
John | None
Ginger | None
Ujjawal | None
Sourav | None
Sue | None
Kushagra | None
Rohit | None
Abhishek | None
Sara | None
Ashley | None
Jill | None
RJ | None
Hashmiya | None
Neelam | None
Jay | None
Robert | None
Shana | None
Morgan | None
Matt | None
Nagarajan | None
Sarah | None
Neha | None
Ashley | None
Prashant | None
Ginger | None
Sarah | None
E. | None
Morgan | None
Jill | None
Priya | None
Maya | None
Sunil | None
Nilesh | None
Simran | None
Vikas | None
Praveen | None
Anshu | None
Nitin | None
Shubham | None
Swati | None
Dheeraj | None
Richa | None
Payal | None
Hritik | None
Rishab | None
Elizabeth | None
Amy | None
Mohit | None
Payal | None
Mohit | None
Ganesh | None
Morgan | None
Shikha | None
Purnendu | None
Nitin | None
Anshu | None
Swati | None
Dattu | None
Mark | None
Praveen | None
Swati | None
Hritik | None
Sundeep | None
Richa | None
Sandhya | None
Vandana | None
Nilesh | None
Craig | None
Joao | None
Joel | None
James | None
Colton | None
Jerilyn | None
Chelsea | None
Kiki | None
Luke | None
Ambrin | None
Nancy | None
Les | None
Sean | None
Jonathan | None
Jeff | None
Corry | None
Sanjay | None
Kaylee | None
Calie | None
Elizabeth | None
Ven | None
Charles | None
Alexandra | None
Hannah | None
Vince | None
Ben | None
Amiee | None
Jeff | None
Michael | None
McKenna | None
Travis | None
Catherine | None
Christine | None
Rachel | None
Savannah | None
Katherine | None
Aleisa | None
Christian | None
Anna | None
Adithya | None
Chloe | None
Wendy | None
Brittany | None
Sara | None
Joseph | None
Emily | None
Stephanie | None
Brittani | None
David | None
Emily | None
Andria | None
Kyle | None
Andy | None
Carrie | None
Halie | None
Payton | None
Emily | None
Abby | None
Kristin | None
Cooper | None
Jordan | None
Abigail | None
Burt | None
Jamey | None
Ashton | None
Ana | None
Claire | None
Heather | None
Nikki | None
Taylor | None
John | None
Sandy | None
Michele | None
Susan | None
Carrie | None
Karla | None
Taylor | None
Jaycee | None
Jeffrica | None
Ana | None
Christina | None
Byron | None
Karla | None
Lucille | None
Duncan | None
Paige | None
Ann | None
Taylor | None
Nathalie | None
Georgette | None
Lindsay | None
Brandie | None
Alayshia | None
Emily | None
Leah | None
Jacob | None
Margaret | None
Bryan | None
Piper | None
K | None
Lydia | None
Shannon | None
Katie | None
Charley | None
Tim | None
Shelnequia | None
Madeleine | None
John | None
Andy | None
Jason | None
Matthew | None
James | None
Alexa | None
Adam | None
Amanda | None
Ja'Lena | None
Erin | None
Natalie | None
Sonali | None
Arpit | None
sonu | None
Himanshu | None
John | None
Todd | None
Shubham | None
Paul | None
AMIT | None
gaurav | None
James | None
Kara | None
Beverly | None
Alex | None
Kyle | None
Vinay | None
Suma | None
Sharwan | None
Robert | None
Robert | None
Recruitment | None
Max | None
Max | None
Margo | None
Maren | None
Kyle | None
Kyle | None
Jyoti | None
Jyoti | None
Joy | None
Joy | None
Amit | None
Joy | None
Savannah | None
kapil | None
Maren | None
Lloyd | None
Craig | None
Su | None
Emily | None
Parvathy | None
Joy | None
Gary | None
Matthew | None
Jennifer | None
Adam | None
Michael | None
Raymond | None
Craig | None
Harly | None
Suma | None
Arisi | None
Jennifer | None
Jeff | None
Shant | None
Brianna | None
Himanshu | None
Emily | None
Fran | None
Darren | None
Lucy | None
Heather | None
Stephanie | None
Parvathy | None
Amber | None
Marianne | None
Jeff | None
Melissa | None
Kyle | None
Kara | None
Savannah | None
Amanda | None
Paul | None
Sonali | None
Suma | None
Arpit | None
Beverly | None
Ja'Lena | None
jyoti | None
AMIT | None
sonu | None
Shubham | None
Darren | None
gaurav | None
Todd | None
Sharwan | None
Erin | None
Rich | None
James | None
Arisi | None
Marianne | None
Natalie | None
Harly | None
John | None
Heather | None
Stephanie | None
Shant | None
vinay | None
Fran | None
Hiring | None
Jude | None
Mark | None
Peter | None
Alexandra | None
Anita | None
Ben | None
Bonita | None
Catherine | None
Daniel | None
Hattie | None
Jackie | None
Josh | None
Karina | None
Katie | None
Louise | None
Maddison | None
Michael | None
Brad | None
Yvonne | None
Roam | None
Rachel | None
Rachael | None
Miria | None
Lorrae | None
Edwin | None
Rob | None
Mark | None
Tina | None
David | None
Mike | None
Barbara | None
Anita | None
Andy | None
Lucas | None
Lindsey | None
Laurie | None
Lauren | None
Dianne | None
Chan | None
Alyssa | None
Lindsey | None
Steven | None
Cynthia | None
Phonsavon | None
Jackie | None
Ann | None
Ora | None
Collin | None
Barb | None
Diane | None
Kori | None
Kevin | None
Ray | None
Nena | None
Joanna | None
Steven | None
Timbo | None
Wendi | None
Angela | None
Nicole | None
Stephanie | None
Alberto | None
Ann | None
Daniela | None
Ximena | None
Frabba | None
Ethan | None
Selena | None
Omar | None
Melissa | None
Maxine | None
Martina | None
Marc | None
Lola | None
Linda | None
Linda | None
Layla | None
Joanne | None
Ryan | None
Leah | None
Dayna | None
Katie | None
Lee | None
John | None
Derek | None
Caitlin | None
Bryan | None
Ashley | None
Ebony | None
Morgan | None
Lauren | None
Elizabeth | None
Laura | None
Lindsey | None
David | None
Carlton | None
Calandra | None
James | None
Gerald | None
Gabriela | None
Gema | None
Katrina | None
Genie | None
Grant | None
Heather | None
Kelli | None
Heena | None
Iris | None
J | None
Jasleen | None
Jillian | None
Joe | None
John | None
Ian | None
Jeff | None
Jennifer | None
Skip | None
Edgar | None
Arlene | None
Danielle | None
Nathan | None
Stacie | None
Joshua | None
Mark | None
Daniel | None
Deividas | None
Brittany | None
Susan | None
Marc | None
Ken | None
Ryan | None
Kenneth | None
Cynthia | None
David | None
Brian | None
Reginald | None
Taylor | None
Hiway | None
Uday | None
Christina | None
Andrew | None
Karen | None
Norma | None
Elliot | None
Patrick | None
Candace | None
Maggie | None
Melissa | None
Leroy | None
Tabatha | None
Vikki | None
Anne | None
Kristi | None
Erika | None
Jenifer | None
Hannah | None
Kelsey | None
Nicole | None
Paul | None
Libby | None
Todd | None
Hope | None
Rachel | None
Connor | None
Byron | None
Kristen | None
Brandon | None
Ryan | None
Danielle | None
Vicky | None
Megan | None
Tracy | None
Daniel | None
David | None
Kelly | None
Sarah | None
James | None
Bruno | None
Derek | None
Frank | None
Nyjsha | None
Christina | None
Sherena | None
Samantha | None
Jason | None
Michael | None
Alexander | None
Carlos | None
Shawn | None
Jason | None
Theresa | None
Casper | None
Peter | None
Bryan | None
Kenneth | None
Maria | None
Kristi | None
Misty | None
Chris | None
Karla | None
Jitender | None
Nourus | None
Tina | None
Todd | None
Ginger | None
Mickey | None
Jervis | None
Mickey | None
Maria | None
Betty | None
Rebecca | None
Chong | None
Nick | None
Anthony | None
Chris | None
David | None
Russ | None
Alan | None
connor | None
Donovan | None
dianne | None
donovan | None
eric | None
grace | None
danielle | None
Khalid | None
Vincent | None
Rinu | None
Matthew | None
Lovkesh | None
Connor | None
Donovan | None
Ingrid | None
justin | None
Brian | None
Stephanie | None
Ana | None
Mandy | None
James | None
kevin | None
scott | None
lexi | None
Jamie | None
Robyn | None
Tamara | None
Steven | None
Regina | None
Olivia | None
Nicole | None
Merlin | None
Jisha | None
Jim | None
Diana | None
Bryan | None
Brian | None
yvette | None
valerie | None
robyn | None
peter | None
nicholas | None
michelle | None
meghan | None
marina | None
linda | None
laura | None
Nicholas | None
jillian | None
Blake | None
Devan | None
Allison | None
Bill | None
Virginia | None
Valerie | None
Grace | None
Autumn | None
Mahanthy | None
Eric | None
Thuc | None
Shah | None
Scott | None
Lena | None
Karen | None
Brian | None
ANDY | None
Diana | None
Nitin | None
Laura | None
Ron | None
Jeff | None
Daniel | None
Todd | None
Dave | None
Dornford | None
Andrew | None
Tami | None
Sedrick | None
Jerry | None
Andy | None
Nicholas | None
Jason | None
Jennifer | None
Danielle | None
Donovan | None
Eric | None
Jason | None
Donovan | None
Lexi | None
Yvette | None
Rinu | None
Emma | None
Lauren | None
Joan | None
Lisa | None
Michelle | None
Justin | None
Constance | None
Benjamin | None
FREDERICK | None
Pavan | None
Harriet | None
ibrahim | None
Badri | None
Michael | None
Matthew | None
Harriet | None
Stephanie | None
georgina | None
Kaustubh | None
Roshan | None
Don | None
Mahir | None
Amit | None
Sohel | None
Krishna | None
Sonam | None
Badri | None
FREDERICK | None
Mahir | None
Don | None
Pavan | None
Harriet | None
Stephanie | None
Michael | None
Kaustubh | None
Alexander | None
MD | None
Benjamin | None
Matthew | None
Georgina | None
Lauren | None
Kim | None
Kristen | None
NORMAN | None
Molly | None
Larry | None
Adam | None
Steve | None
Lisa | None
Kripa | None
Alexander | None
Jinali | None
Ray | None
Robert | None
Greg | None
John | None
Brian | None
Ganiyat | None
Chris | None
William | None
Hector | None
Laura | None
Alison | None
Siva | None
Jeaninne | None
Joshua | None
Jess | None
John | None
Steve | None
Joey | None
Dan | None
Vidhu | None
Archana | None
Greg | None
Shawn | None
Mary | None
Patrick | None
Jeff | None
Jennifer | None
Ray | None
Amica | None
Drew | None
Kimberly | None
Tim | None
Belinda | None
Chris | None
Ken | None
Ross | None
Martin | None
Justin | None
Abi | None
James | None
Jennifer | None
Mike | None
Jennifer | None
Sonora | None
Teryn | None
kim | None
Nick | None
Diana | None
Girish | None
James | None
Elly | None
Nathan | None
Dana | None
TTI | None
Jason | None
Allison | None
Janice | None
John | None
Jessica | None
Glenn | None
Doug | None
Brian | None
Aya | None
Angela | None
Allison | None
Timmy | None
Abi | None
tti | None
timmy | None
elly | None
Kevin | None
Shawniece | None
Daniel | None
Christina | None
John | None
Lawrence | None
daniel | None
Frank | None
Jessica | None
Kyle | None
Jason | None
daniel | None
Kyle | None
Allan | None
Daniel | None
Alex | None
julia | None
Daniel | None
Dominick | None
James | None
Jennifer | None
Sabrina | None
Annabelle | None
Teryn | None
Shana | None
Sabrina | None
Rey | None
Emily | None
Nicole | None
Nathan | None
Frank | None
Tiffany | None
Doug | None
Alex | None
Dominick | None
Dana | None
Nicole | None
Trish | None
Christina | None
Shane | None
Mike | None
Girish | None
Terri | None
Vin | None
Abi | None
Jennifer | None
kim | None
Diana | None
Allison | None
Daniel | None
Nickole | None
Jean | None
Scott | None
Jeremy | None
Doug | None
Kasey | None
Trent | None
Alex | None
Robb | None
Sara | None
Daniel | None
Adria | None
Donnie | None
William | None
aidan | None
3 | None
4 | None
5 | None
YuDing | None
Alex | None
Michael | None
6 | None
Kevin | None
Seung | None
Brennan | None
Stuart | None
David | None
Trenton | None
Brennan | None
William | None
5 | None
Luis | None
Christopher | None
carla | None
lilliam | None
Aidan | None
Aidan | None
Luke | None
Marie | None
Aric | None
John | None
Virgilio | None
Arnold | None
Jermaine | None
Fil | None
Jordan | None
Timothy | None
Philip | None
brennan | None
Eric | None
Selina | None
Jedalyn | None
Patrick | None
Chad | None
Zane | None
Vincent | None
Sarah | None
Samantha | None
Micayla | None
Leah | None
Maggie | None
Cindy | None
Katie | None
Katherine | None
Maybel | None
Bill | None
Sara | None
Katelyn | None
Trishia | None
Anthony | None
Allison | None
Kelsey | None
Shiva | None
April | None
Soham | None
Emily | None
Aaron | None
Justin | None
Bharath | None
Joemah | None
Steve | None
Jacob | None
Jamey | None
Jeanne | None
Jessie | None
Marina | None
Alma | None
Austin | None
Benjie | None
Brad | None
Courtney | None
John | None
Alison | None
Acer | None
Alejandra | None
LEE | None
Holly | None
Elliott | None
Dev | None
Iman | None
Chrissy | None
Anielka | None
Angie | None
Angel | None
Alyssa | None
Annalise | None
Julia | None
Micheline | None
Sydney | None
Thomas | None
Ashley | None
Jacob | None
Donna | None
Syed | None
John | None
Nicholas | None
Scott | None
Ed | None
Charles | None
Waylon | None
Matthew | None
Alia | None
Brian | None
Jeri | None
David | None
Joseph | None
Kevin | None
Mark | None
Wendell | None
Connor | None
Alison | None
Ryan | None
Kyra | None
John | None
Ryan | None
Sarah | None
John | None
David | None
Joseph | None
Tanisha | None
Diego | None
Michael | None
Allison | None
Joseph | None
Nicholas | None
Lauren | None
atef | None
Kyle | None
dolly | None
john | None
john | None
justin | None
mehak | None
mike | None
Thomas | None
gary | None
Toritseju | None
Avrion | None
Sara | None
James | None
Scott | None
Buchi | None
Cam | None
Austin | None
Lucas | None
Lauren | None
Bria | None
Calvin | None
Dolly | None
Henry | None
David | None
Michelle | None
Claudia | None
Christian | None
Mark | None
Lance | None
Carder | None
Ryan | None
Max | None
Mazra | None
Jenna | None
Joe | None
Wagner | None
Maggie | None
Michael | None
Joe | None
Mo | None
Amy | None
Sophia | None
Chris | None
Brett | None
Justin | None
Whitney | None
Tiffany | None
Tammy | None
Angella | None
Benjamin | None
Caroline | None
Caroline | None
Grayson | None
Jay | None
Jayde | None
Jeff | None
Jeremy | None
John | None
Lindsay | None
Madeline | None
Megan | None
Steve | None
Dominique | None
Jordan | None
Atef | None
Kelly | None
Emma | None
David | None
Spencer | None
Jeff | None
Garrett | None
Chris | None
Nick | None
Erik | None
Matt | None
Connor | None
Tim | None
Tyler | None
Christopher | None
Jacob | None
Amanda | None
Kelly | None
Grant | None
James | None
Patrick | None
Avery | None
Paul | None
Aidan | None
Jamie | None
Brianna | None
Stephen | None
Sean | None
Leo | None
Justin | None
Travis | None
Patrick | None
Thomas | None
Morgan | None
Jacob | None
Regina | None
Pradeep | None
John | None
Ann | None
Kari | None
Michael | None
Linda | None
Thomas | None
Kat | None
John | None
VaLisa | None
Sara | None
Cory | None
Amanda | None
Elaine | None
Falcon | None
Cory | None
Dillon | None
Scott | None
John | None
Loila | None
Michael | None
John | None
Thomas | None
Aaron | None
Dillon | None
Becky | None
Scott | None
Doug | None
Sarah | None
Jeremiah | None
Ryan | None
Amanda | None
Autumn | None
Joy | None
Daniel | None
Linda | None
Donna | None
Ann | None
Michael | None
Shoua | None
Alex | None
Sonnie | None
Jennifer | None
Lena | None
Jessica | None
JENNIFER | None
Gabrielle | None
Gabriella | None
Jalecia | None
Christopher | None
Maggie | None
Leah | None
Leah | None
Matthew | None
Michael | None
Erika | None
Alexis | None
Andrew | None
Alexa | None
Bethany | None
Alexis | None
Heather | None
Tim | None
ana | None
andrea | None
anne | None
catalina | None
tifanny | None
daniel | None
matteo | None
lauren | None
luis | None
marta | None
nicolas | None
rebeca | None
sara | None
Rachel | None
hannah | None
Cameron | None
Lauren | None
Marcus | None
Anna | None
Maggie | None
Heidi | None
Nevada | None
Wes | None
Brian | None
Merrimac | None
Trevor | None
Nathaniel | None
Vonleshia | None
Talia | None
Kelly | None
Alex | None
Charlie | None
Jan | None
Jack | None
Liberty | None
Sarah | None
Joe | None
Jackson | None
Jarrodd | None
Jodie | None
Joe | None
Kashish | None
Kiara | None
Linda | None
Manisha | None
Mary | None
NIKO | None
Prasanna | None
Sorcha | None
Thien | None
Tina | None
Valeria | None
Zane | None
George | None
David | None
Christian | None
Calvin | None
Angel | None
Adelina | None
Appleby | None
Briana | None
Catherine | None
Debra | None
Dominic | None
Jeannette | None
Jeffrey | None
Patrice | None
Sarah | None
Maxime | None
Sydney | None
Vonleshia | None
Wade | None
Cameron | None
Duncan | None
catherine | None
Diane | None
Alexandra | None
Ruth | None
Stephanie | None
Swathi | None
Mia | None
Luiza | None
Foo | None
Uvez | None
Priya | None
Rade | None
Carly | None
Adeline | None
Alex | None
Sandeep | None
Swati | None
Rapheal | None
Rachelle | None
N | None
Samantha | None
Will | None
Leah | None
Sepris | None
N | None
Alexandra | None
Eric | None
Ruth | None
Patrick | None
Mike | None
Emma | None
Sydney | None
Luke | None
Edward | None
N | None
Tim | None
Seth | None
Alexandra | None
Ruth | None
Mats | None
Reshma | None
Paul | None
Jade | None
Melissa | None
HR | None
Neil | None
Harleen | None
Sowmya | None
Fuad | None
Sorcha | None
Richard | None
Gunawan | None
vicky | None
Jasmine | None
Sharadhi | None
Vimal | None
Linda | None
Huma | None
Manny | None
Sandy | None
Steve | None
Donal | None
Lucy | None
Jon | None
Kylie | None
Aparna | None
Alan | None
Shweta | None
Valeria | None
Meldina | None
Kelly | None
Marine | None
vinay | None
Vaishali | None
Jimmy | None
Alina | None
Shilpa | None
Jyoti | None
Jas | None
Sarah | None
Molly | None
Matt | None
Kevin | None
Michael | None
Marc | None
Carlos | None
Jason | None
Rohit | None
Tim | None
Joshua | None
Ryan | None
Elin | None
Samantha | None
Samantha | None
Daniel | None
Debra | None
Lyric | None
Jennifer | None
Tatiane | None
Tina | None
Shannon | None
Amanda | None
Henry | None
Riley | None
Tina | None
Trent | None
Paula | None
Victor | None
Sravani | None
Lexi | None
Grazielle | None
Lexi | None
Amanda | None
Chelsea | None
Marissa | None
Tiffany | None
Jessica | None
Marty | None
Maira | None
Cory | None
Jeri | None
Steve | None
Shannon | None
Stacey | None
Chelsea | None
Chiliveru | None
John | None
Anne | None
Tom | None
Vaghn | None
Jennifer | None
Anne | None
Meg | None
Hemanth | None
alexandria | None
caitlin | None
john | None
nisha | None
syed | None
tina | None
Mirza | None
azhar | None
David | None
Drew | None
Tina | None
Roma | None
Amelia | None
Azhar | None
Maria | None
Jasmine | None
Venkatesh | None
Georgina | None
Brittany | None
Shyam | None
Naveen | None
Vaishnavi | None
Dane | None
Sonika | None
Srinath | None
Yash | None
Abigail | None
Tipu | None
Amy | None
Swajitha | None
Tina | None
Mamatha | None
Dasari | None
Shivani | None
Maneesha | None
Victor | None
Anirudh | None
Trent | None
Santosh | None
Hemanth | None
Suresh | None
Naveen | None
Drew | None
Rama | None
Divya | None
Jess | None
Andy | None
James | None
Jameel | None
Taylor | None
Matthew | None
Catherine | None
Ashear | None
Charles | None
Prem | None
Kishore | None
Shiva | None
Venkata | None
Tony | None
Brad | None
Nisha | None
Swathi | None
Mohammed | None
Bhavani | None
Ushma | None
SRINIVAS | None
David | None
Sai | None
Pravalika | None
Naveenkumar | None
Karen | None
P | None
Douglas | None
James | None
Alexandria | None
Ellie | None
Nick | None
Michael | None
Sheikh | None
Deepak | None
Mike | None
Erma | None
Jameel | None
Sanjay | None
Thakur | None
Mary | None
Anil | None
Shyam | None
Afroz | None
Uma | None
Rudra | None
Henry | None
Jeri | None
Ashish | None
Indu | None
Sarita | None
Jennifer | None
Sydney | None
Ray | None
Peter | None
Mike | None
Michael | None
KOUNAIN | None
Jack | None
Logan | None
Edward | None
David | None
Ethan | None
Laurie | None
Joseph | None
Jennifer | None
Isaac | None
Michael | None
Kurt | None
Ryan | None
Lisa | None
Cameron | None
Catherine | None
Mariah | None
Kelly | None
Kentreda | None
Kay | None
Larry | None
Mia | None
Sarah | None
Nancy | None
Nichole | None
Rod | None
Saliha | None
Kaitlyn | None
Talent | None
Wesley | None
Michelle | None
Jonathan | None
Kimberly | None
Jamie | None
Adam | None
Adama | None
Alex | None
Amanda | None
Becky | None
Billy | None
Jeffrey | None
Breanne | None
Danielle | None
David | None
Edward | None
Erskine | None
Harry | None
James | None
Damani | None
Bre | None
Lisa | None
Sarah | None
Charmagne | None
christina | None
mark | None
Nandini | None
Hilary | None
Dilraj | None
Azhar | None
Alex | None
Hilary | None
Hans | None
Mark | None
Matt | None
Danielle | None
Steven | None
Daniel | None
Mikaela | None
Brock | None
Tom | None
Michelle | None
Mark | None
Keri | None
Keri | None
Jen | None
Hannah | None
Greg | None
Gordy | None
Luke | None
Emily | None
Dylan | None
David | None
Dave | None
Casey | None
Jo | None
Julius | None
Paul | None
David | None
Jennifer | None
Yvan | None
Kimberly | None
Chloe | None
John | None
Jodi | None
Daniel | None
Julie | None
Al | None
Jim | None
Farlane | None
Rock | None
Blai | None
Farlane | None
Ritik | None
Bridgett | None
Riya | None
Prajakta | None
Aparna | None
Naina | None
Vamshi | None
Alex | None
Nyasia | None
Ashton | None
Akhil | None
Monisha | None
Rohit | None
Priyanshi | None
Jasmina | None
Yash | None
Divya | None
Yogesh | None
Basuri | None
Brady | None
Priyank | None
Milap | None
Gautam | None
Amrish | None
Anuj | None
Prahlad | None
Greetings | None
Courtney | None
Nitesh | None
Akash | None
Shreya | None
Harsh | None
Narendra | None
Piyush | None
Khyati | None
Shivani | None
Banti | None
Sumit | None
Rishabh | None
Deepak | None
Vani | None
Courtney | None
Priyank | None
Amanpreet | None
Lizzy | None
Darshini | None
Crystal | None
Mary | None
Satyam | None
Priyanka | None
Brian | None
Abhishek | None
Kunjan | None
Prashant | None
Juhi | None
Lance | None
Eran | None
Aparna | None
Tom | None
Jessica | None
Rahul | None
Divya | None
Yogesh | None
Mahak | None
Sarah | None
Avi | None
Thomas | None
Jonah | None
Katie | None
Sofia | None
Christie | None
Shilpa | None
Anquetta | None
Melissa | None
Hiede | None
State | None
Sumit | None
Brie | None
Aaqib | None
Jocelyn | None
Preshita | None
Vamshi | None
Gautam | None
Karan | None
Manik | None
Kristyn | None
Medha | None
Aastha | None
Keshav | None
Nadezhda | None
Frank | None
Harsh | None
Tyler | None
Sumit | None
Patsy | None
Patsy | None
Jeffrey | None
Matt | None
Delaney | None
Maddison | None
Teri | None
Hiede | None
Sofia | None
Gautam | None
Kelly | None
Becky | None
Jacob | None
Yash | None
Annelise | None
Karan | None
Ryan | None
Brian | None
Jordan | None
Whitney | None
Dawn | None
Tara | None
Cory | None
Joel | None
Jamie | None
Amrish | None
Juanita | None
Connor | None
Chloe | None
Joshua | None
Courtney | None
Jack | None
Ashley | None
Jenna | None
Scott | None
Peter | None
Nadezhda | None
Han | None
Kyle | None
Matthew | None
Mary | None
Malikua | None
Lingyang | None
Kelly | None
Kelli | None
Kay | None
Jim | None
Hailee | None
Greg | None
Grant | None
Graham | None
Diego | None
Deseree | None
Dave | None
Courtney | None
Cole | None
Cody | None
Brittany | None
Brittany | None
Brandon | None
Ashley | None
Anthony | None
Andrew | None
Kelly | None
Stacey | None
Amber | None
Melissa | None
Noah | None
Morgan | None
Pat | None
Akhil | None
Satyam | None
Sutapa | None
Shivani | None
Salman | None
Sumit | None
Rui | None
Rohit | None
Rahul | None
Rishabh | None
Prahlad | None
Patrick | None
Priyank | None
Noah | None
Lorisa | None
Laura | None
Jessica | None
Beverly | None
Amrish | None
Amanpreet | None
Tim | None
Shea | None
Scott | None
Scarlett | None
Robert | None
Rebecca | None
Paul | None
Nathan | None
Rui | None
Matt | None
Patrick | None
Courtney | None
Laura | None
Rawan | None
Chase | None
Aniyah | None
Jessica | None
Preshita | None
Jessica | None
Colton | None
Lijo | None
Katie | None
Sandra | None
Ayesha | None
Harold | None
Juanita | None
Shanada | None
Harsh | None
JD | None
Qhandacee | None
Jasmine | None
Armani | None
Vibhor | None
Thomas | None
Simran | None
Saundra | None
Tiffany | None
Diandra | None
Dylan | None
Kanisha | None
Chloe | None
Tilen | None
Beverly | None
Mohammed | None
Nikki | None
Harshita | None
Connor | None
Peter | None
Lorisa | None
Dennis | None
Charla | None
Sriram | None
Jerry | None
Kenny | None
Johnny | None
Deven | None
Teri | None
Jordan | None
Tyshawn | None
Tara | None
Afzaal | None
Annelise | None
Abhishek | None
Mark | None
Ellen | None
Jodi | None
Arqam | None
Philip | None
Tiernan | None
Reghan | None
Alex | None
Shahzeb | None
Tehzim | None
Tyler | None
Joe | None
Yogesh | None
Rohit | None
Harshita | None
Thandiwe | None
Sumit | None
Frank | None
banti | None
Kunjan | None
Rishabh | None
Divya | None
Katie | None
Vidhi | None
Milap | None
Graham | None
Tanvee | None
Courtney | None
Aastha | None
Naina | None
Armani | None
Amrish | None
Philip | None
Ashton | None
Harsh | None
Harsh | None
Tom | None
Chase | None
Lizzy | None
Prahlad | None
Abhishek | None
Alex | None
Abhishek | None
Mark | None
Medha | None
Divya | None
Jasmina | None
Preshita | None
Ashley | None
Jessica | None
Narendra | None
Shibra | None
J | None
Rohit | None
Vamshi | None
Lance | None
Lijo | None
Dylan | None
Nitesh | None
Nadezhda | None
Yash | None
Simran | None
Arqam | None
Benyam | None
Daniel | None
Chien | None
Sutapa | None
Tyler | None
Daniel | None
Colton | None
Courtney | None
Brady | None
Tehzim | None
Alex | None
Yogesh | None
Gautam | None
Juhi | None
Priyanshi | None
Rohit | None
Basuri | None
Thomas | None
Philip | None
Cory | None
Diamond | None
Lijo | None
Harsh | None
Chase | None
Jordan | None
Medha | None
Courtney | None
Brady | None
Johnny | None
Lizzy | None
Jasmina | None
Rohit | None
Bridgett | None
Katie | None
Vamshi | None
Ashton | None
Usman | None
Lance | None
Tiffany | None
Armani | None
Jenna | None
Kareem | None
Jerry | None
Juhi | None
Narendra | None
Milap | None
Tiernan | None
Dylan | None
Aparna | None
Jessica | None
Jerry | None
Priyank | None
Satyam | None
Riya | None
Shibra | None
Joe | None
Brittany | None
Amber | None
Ashley | None
Ashley | None
Chloe | None
Deven | None
Courtney | None
Benyam | None
Jenna | None
Riya | None
Tehzim | None
Charla | None
Teri | None
Ckrisis | None
J.D. | None
Akhil | None
Beatrica | None
Tom | None
Colton | None
Connor | None
Mahak | None
Daniel | None
Peter | None
Daniel | None
Usman | None
Caryssa | None
Joe | None
Lijo | None
J.D. | None
Colton | None
Armani | None
Alex | None
Dylan | None
Gautam | None
Jerry | None
Lizzy | None
Jane | None
Banti | None
Frank | None
Vidhi | None
Patsy | None
Priyanshi | None
Arpit | None
Akhil | None
Lauren | None
Mandy | None
Usman | None
Courtney | None
Nadezhda | None
Akash | None
Divya | None
Nathan | None
Ashlin | None
Ashley | None
Syed | None
Lance | None
Xenia | None
Alex | None
Tasneem | None
Akhil | None
Courtney | None
Courtney | None
Graham | None
Jasmina | None
Amar | None
Kunjan | None
Usman | None
Simran | None
Colin | None
Rohit | None
Yash | None
Salman | None
Chase | None
Emma | None
Satyam | None
Karim | None
Ashley | None
Johnny | None
Don | None
Ashton | None
Basuri | None
Abhishek | None
Narendra | None
Aparna | None
Juhi | None
Harsh | None
Mark | None
Tom | None
Milap | None
Colin | None
Nitesh | None
Colton | None
Mason | None
Tasneem | None
Tyler | None
Courtney | None
Hercy | None
Lindsay | None
Nikki | None
Brady | None
Chase | None
Anita | None
Connor | None
Daniel | None
Basuri | None
Mike | None
Alex | None
Philip | None
Jasmine | None
Caryssa | None
Don | None
Emma | None
Jordan | None
Johnny | None
Colin | None
Karim | None
Patsy | None
Kacey | None
Charla | None
Juan | None
Lindsay | None
Harsh | None
Karim | None
Mark | None
Dylan | None
Joe | None
Rohit | None
Nicole | None
Katie | None
JP | None
Don | None
Divya | None
Lance | None
Lizzy | None
Sriram | None
Jake | None
Charla | None
Harsh | None
Hayley | None
Emma | None
Daniel | None
Caryssa | None
Graham | None
Jeff | None
Kunjan | None
Aparna | None
Milap | None
Alyssa | None
Lijo | None
Abhishek | None
Narendra | None
SAKSHI | None
Aakriti | None
Anima | None
Madison | None
Shubham | None
Neha | None
Kapil | None
Suprita | None
Mukesh | None
Lakshmi | None
Jeevitha | None
Mani | None
Savannah | None
Mohd | None
Chhavi | None
Abhishek | None
Janvitha | None
Yogita | None
Flora | None
Jamie | None
Vanita | None
Nancy | None
Amit | None
Zeeshan | None
Andrew | None
Deepali | None
Kimberly | None
Deeksha | None
Raja | None
Kathy | None
Rohit | None
Matt | None
Ambuj | None
Marley | None
Shironda | None
Maryann | None
harry | None
gurmeet | None
gagan | None
brendan | None
Namrata | None
Heather | None
Ekta | None
Meera | None
Lavi | None
Priyansh | None
Karmveer | None
Sumit | None
Urnav | None
Paul | None
Aman | None
Shiv | None
Pranjal | None
John | None
Jennifer | None
Sonali | None
Marley | None
Leena | None
Christina | None
Nathan | None
Madalyn | None
Corie | None
Komal | None
Jenna | None
Pooja | None
Rajesh | None
Chelsea | None
Rahul | None
Abhijeet | None
Molly | None
Parul | None
Durga | None
John | None
Madalyn | None
Harshali | None
Zane | None
HIMANSHU | None
Bhavansh | None
Mohit | None
Harsh | None
Abhi | None
Madhu | None
Ujjwal | None
Pooja | None
Harry | None
Akshay | None
Jason | None
Akash | None
Hannah | None
Nidhi | None
Pallav | None
Syed | None
Vijay | None
Mikita | None
Quanda | None
Sonika | None
Greg | None
Muskan | None
Naveen | None
Anish | None
Rhythm | None
Kevin | None
Amit | None
Shubhankar | None
Pranay | None
Shakshi | None
Khushboo | None
Vinod | None
Mani | None
Ankita | None
Abdul | None
Amit | None
Rohit | None
Pooja | None
Rakesh | None
Shubham | None
Sumit | None
Khushboo | None
Christina | None
Tatum | None
Karuna | None
Vijay | None
Avinash | None
Balpreet | None
Tushar | None
Michael | None
Jason | None
Kristen | None
Randall | None
Sally | None
Laurence | None
Andrew | None
Nicole | None
Chanin | None
Patricia | None
Chance | None
Laurence | None
Tracey | None
Tanya | None
Trueman | None
John | None
Tanya | None
Megan | None
James | None
Sally | None
Nicole | None
Jason | None
Patricia | None
Billy | None
Megan | None
Taylor | None
Phillip | None
Trueman | None
James | None
Michael | None
Chip | None
Michael | None
Andrew | None
Jason | None
Eugene | None
Chanin | None
Hannah | None
Trueman | None
Veronica | None
Phillip | None
Patricia | None
Megan | None
Hannah | None
Eugene | None
Chanin | None
Billy | None
James | None
Megan | None
Phillip | None
Zoe | None
Sally | None
Phillip | None
Zoe | None
Billy | None
Megan | None
Laurence | None
Hannah | None
Chance | None
Nicole | None
Phillip | None
Michael | None
James | None
Kristen | None
Tracey | None
Megan | None
Hayley | None
Victoria | None
Rebecca | None
Marcia | None
Malik | None
Alina | None
Chelsea | None
Paul | None
Jordan | None
Maria | None
Apoorva | None
Ariel | None
Brett | None
Caitlyn | None
Jon | None
Caitlyn | None
David | None
Stephanie | None
Alexandra | None
Brett | None
David | None
Andrew | None
Angela | None
Micaela | None
Bridget | None
Janey | None
Tracy | None
Cassandra | None
Helen | None
Suzette | None
Erin | None
Nicole | None
Melissa | None
Paige | None
Kristy | None
Kathryn | None
Jensen | None
Hope | None
Lindsay | None
Erich | None
Babu | None
Pavan | None
Vineeth | None
Ramya | None
Mindy | None
Olivia | None
Camille | None
Amanda | None
Brian | None
Ghorden | None
Jack | None
Jaime | None
Jen | None
David | None
Tim | None
Skylar | None
Shawna | None
Scott | None
Ryan | None
Richard | None
Leslie | None
Taylor | None
Stacey | None
Rachael | None
Gareth | None
Luke | None
Deborah | None
Nate | None
Nicole | None
Michael | None
Tiffany | None
Zachary | None
Greetings | None
erick | None
bianca | None
Amanda | None
Joilson | None
Othamar | None
Camila | None
Gregory | None
Justin | None
Louisa | None
Mecca | None
Andrew | None
Josh | None
Eric | None
Rachel | None
Dakotah | None
Roy | None
Louisa | None
Heather | None
Heather | None
McKenna | None
Abdikadir | None
Dustin | None
Andrzej | None
Calle | None
Mark | None
Sonny | None
Jona | None
Maryam | None
Brendan | None
Catherine | None
Erica | None
Ken | None
Daylon | None
Elfy | None
Christina | None
Kathy | None
Daniel | None
Suzie | None
Aaron | None
Daniela | None
Evan | None
Jonathan | None
Kate | None
Marie | None
Tristan | None
Emmet | None
Maleakhi | None
Mandy | None
Froilan | None
Dina | None
Lily | None
Kristina | None
Dan | None
Jennifer | None
David | None
Annabel | None
clint | None
Caroline | None
Brian | None
paul | None
Jeana | None
Destiny | None
Hunter | None
Michael | None
Kiersten | None
Kristina | None
Makayla | None
Maximillian | None
Melissa | None
Melissa | None
Meredith | None
Logan | None
BRETT | None
Marie | None
Ericka | None
Michelle | None
Taylor | None
Michelle | None
Jennifer | None
Jeffrey | None
Alfonso | None
Joseph | None
Sam | None
Callahan | None
Sean | None
Ashley | None
Tracy | None
Colton | None
Leslie | None
Sharon | None
Nicholas | None
Molly | None
Kristin | None
kaleigh | None
khaled | None
kayla | None
kelsey | None
kimberly | None
marc | None
kirsten | None
lamis | None
madison | None
marcy | None
julie | None
kimberly | None
julia | None
ellen | None
john | None
jessica | None
jenise | None
izzy | None
hannah | None
gabriel | None
frances | None
eva | None
erin | None
emile | None
mayam | None
eli | None
dina | None
josephine | None
michelle | None
sarah | None
mike | None
devon | None
John | None
Allie | None
zachary | None
whitney | None
victoria | None
tyler | None
tim | None
tiana | None
tara | None
susan | None
steven | None
shauna | None
shannon | None
sayed | None
sawyer | None
sara | None
ryan | None
ryan | None
ryan | None
russell | None
regina | None
rebecca | None
nik | None
molly | None
mitch | None
michelle | None
devin | None
kathleen | None
damian | None
Graham | None
Tim | None
Heather | None
Marshal | None
Luke | None
Cameron | None
Ryan | None
Erica | None
Erin | None
Kelly | None
David | None
Stephanie | None
Marc | None
Adam | None
Mark | None
Ryan | None
Maria | None
Kevin | None
Elizabeth | None
Hannah | None
Michael | None
Erica | None
Daniel | None
Amiee | None
Kevin | None
Eddie | None
Kevin | None
dani | None
Victor | None
Hannah | None
Nicole | None
Kevin | None
corrin | None
Rich | None
britta | None
brett | None
bill | None
bailey | None
austin | None
ashley | None
ashley | None
andrew | None
amanda | None
amanda | None
alina | None
aj | None
chelsi | None
Marty | None
Maria | None
Matt | None
Mark | None
Deborah | None
Ryan | None
Máire | None
Erica | None
Kevin | None
Kevin | None
Amiee | None
Eddie | None
Monica | None
Pres | None
Nicole | None
Amy | None
Deion | None
Paul | None
Zack | None
Christian | None
Tiffany-Ann | None
Paige | None
Jonathan | None
Brandon | None
Leyla | None
Bonnie | None
Denise | None
Elle | None
Kassandra | None
Paul | None
Daisy | None
Farud | None
Skye | None
Yasmin | None
Al | None
Aaron | None
Ruth | None
Nick | None
Darian | None
natalie | None
Patrick | None
Melissa | None
Robert | None
Carol | None
Hemant | None
jackie | None
Vishvrajsinh | None
Ana | None
Swapnil | None
Anna | None
Dee | None
Andrea | None
Shyanne | None
Rachael | None
Christopher | None
AJ | None
Monique | None
Taheerah | None
Meg | None
Coral | None
Samara | None
Ravi | None
Kassandra | None
Kelly | None
Rahul | None
billy | None
dave | None
kassandra | None
jasmine | None
violetta | None
jaclyn | None
jennie | None
jacklyn | None
phil | None
patrick | None
vaishali | None
monique | None
lex | None
justin | None
rahul | None
stephaney | None
alexis | None
michaela | None
cody | None
laura | None
kevin | None
jennifer | None
Stephen | None
robert | None
peter | None
jill | None
romina | None
daniella | None
joseph | None
bayley | None
michael | None
paul | None
zachary | None
meghan | None
tori | None
jennifer | None
komal | None
tommy | None
chuck | None
amina | None
evana | None
john | None
jennifer | None
dee | None
andrea | None
stephen | None
danielle | None
samantha | None
gunjan | None
Yulia | None
Jennifer | None
Victoria | None
Abhik | None
Alicia | None
Allison | None
Anisa | None
Bridget | None
Brooke | None
Caitlin | None
Carly | None
Caroline | None
Taylor | None
Casey | None
Corin | None
Crystal | None
Dana | None
David | None
Diana | None
Drew | None
Emily | None
Eric | None
Erich | None
Colin | None
Andrew | None
Kathryn | None
Lia | None
brandon | None
Michael | None
Rebecca | None
Kyle | None
Jonathan | None
Ky'Ohn | None
Anida | None
Victor | None
Jessica | None
Paige | None
Aaron | None
Ruth | None
Lauren | None
Romina | None
Jenna | None
Holly | None
Rosemarie | None
Cory | None
Ryan | None
Shira | None
Zachary | None
Garrison | None
Viraj | None
Haley | None
Janeen | None
Narissa | None
Nicole | None
Nicole | None
Niki | None
Nina | None
Paulina | None
Reeve | None
Ryan | None
Samantha | None
Melissa | None
Sammi | None
Sean | None
Shaniya | None
Simran | None
Stefan | None
Steve | None
Taylor | None
Tom | None
Tony | None
Tyler | None
Sean | None
Matthew | None
Matt | None
Makenzie | None
Jean | None
Joey | None
Josh | None
Joshua | None
Katie | None
Kayla | None
Ken | None
Kieran | None
Kim | None
Lacee | None
Lauren | None
Leila | None
Liam | None
Lidia | None
Lindsey | None
Lisa | None
Lisa | None
Luis | None
Madison | None
Makayla | None
Ian | None
matthew | None
Sebastien | None
steven | None
Madeline | None
Samantha | None
Sydney | None
Mulrooney | None
Jade | None
Harman | None
Stefanie | None
Tomoko | None
Said | None
Alanna | None
Sebastien | None
Danielle | None
Clayton | None
Cindy | None
Eva | None
Melissa | None
Emanuela | None
Kerri | None
Jennifer | None
Kiven | None
Cooper | None
Cade | None
Brandy | None
kelly | None
Genesis | None
Travis | None
Dee | None
Matt | None
Niki | None
Anisa | None
Anjelika | None
Andrea | None
Hannah | None
Andrew | None
Amanda | None
jillian | None
Amina | None
Allison | None
Analise | None
Annika | None
Austin | None
Ava | None
Avery | None
Lorraine | None
Shubham | None
Amber | None
Luke | None
Stuart | None
Lashonte | None
Tomoko | None
Matt | None
Ella | None
Helaina | None
Cole | None
Arielle | None
Paige | None
Mollie | None
Brian | None
Morgan | None
Audrey | None
Sabrina | None
Nataly | None
Kayla | None
Emily | None
Mike | None
Lacee | None
Madison | None
Dontay | None
Dominic | None
Janine | None
Vanessa | None
Ashley | None
Michele | None
Jaclyn | None
Jaimee | None
Jesse | None
Spencer | None
Riley | None
Brittney | None
Amanda | None
Kirk | None
Amit | None
Mitchell | None
Jaime | None
Solomon | None
Trevor | None
Nancy | None
Corinne | None
Marlene | None
Joe | None
Brenna | None
Ellie | None
Macarena | None
Janeen | None
Annelise | None
Jennifer | None
Ky'Ohn | None
Zachary | None
Lidia | None
Mike | None
Jenna | None
Harman | None
Riley | None
Nataly | None
Kayla | None
Alanna | None
Said | None
Tori | None
Romina | None
Melissa | None
Macarena | None
Kerri | None
Marisol | None
Akemi | None
Alicia | None
Lia | None
Jade | None
Danielle | None
dawn | None
liam | None
prakash | None
michael | None
Ky'Ohn | None
Morgan | None
Ryan | None
Kayla | None
Yulia | None
Gunjan | None
Morgan | None
Julie | None
Jean | None
Rebecca | None
Audrey | None
Lorraine | None
Helaina | None
Stefan | None
Tomoko | None
Paulina | None
Brenna | None
Clayton | None
Ashley | None
Sebastien | None
Kathryn | None
Amanda | None
Janine | None
Blanca | None
Kelsey | None
Giannina | None
Adam | None
Jonathan | None
Laurie | None
Alex | None
Christian | None
Kim | None
Courtney | None
Rebecca | None
Brian | None
Abigail | None
Gabriel | None
Tori | None
Nicholas | None
Julie | None
Stephanie | None
Akemi | None
Laurie | None
Natalie | None
Matt | None
Sabrina | None
Andrea | None
Luke | None
Rosemarie | None
Eva | None
Blanca | None
Alex | None
Jaime | None
Trevor | None
Ray | None
Taylor | None
Jennifer | None
Vaishali | None
Lashonte | None
Violetta | None
Kirk | None
Aaron | None
Emanuela | None
Paige | None
Rachel | None
April | None
Crystal | None
Katie | None
Sionnan | None
Sonu | None
Anurag | None
Harsh | None
Naveen | None
Ranjit | None
Lokendra | None
Akshay | None
Rishabh | None
Shobhit | None
Vinay | None
Abinash | None
Vaishnavi | None
Saurabh | None
Lokesh | None
Vipin | None
Harshit | None
Amit | None
Sumit | None
Ruby | None
Parveen | None
Mayank | None
Lovely | None
Ravi | None
Harish | None
Ankit | None
Pratima | None
Raghav | None
Himanshu | None
Vivek | None
Abhinav | None
Sonali | None
Abhishek | None
Gautam | None
Ravi | None
Abdul | None
Gaurav | None
Ayush | None
Amreen | None
Varun | None
Vikram | None
Gaurav | None
Swati | None
Himanshu | None
Deependra | None
Rahul | None
Rajat | None
Pawan | None
Robin | None
Sugandh | None
Pushpendra | None
Kundan | None
Manoj | None
Linda | None
Tim | None
Susanna | None
Stacey | None
Samantha | None
Rhea | None
Phuong | None
Patrick | None
Mike | None
Alex | None
Laureise | None
Kieran | None
Alisa | None
Autumn | None
Cari | None
Lewis | None
Carolyn | None
Carissa | None
Emma | None
Frank | None
Gabriella | None
Garrett | None
Hope | None
Justin | None
Christine | None
Eric | None
Owen | None
Daniel | None
Ashley | None
Prema | None
Paul | None
Rinn | None
Brandon | None
Laura | None
Natalie | None
Shawn | None
LaShunda | None
Erin | None
Alexandra | None
Missy | None
Elizabeth | None
Blair | None
Bryant | None
Mallory | None
Kaliegh | None
Holly | None
Mallory | None
Abbey | None
Kaliegh | None
Kristen | None
Blair | None
Amanda | None
Julie | None
Alexandra | None
Elizabeth | None
Robert | None
Abbey | None
Neal | None
LaShunda | None
Jennifer | None
Sydney | None
Holly | None
Ashlea | None
Erin | None
Bryant | None
Jennifer | None
Ruben | None
Christian | None
Andrea | None
Marcos | None
blair | None
Cecilia | None
Julie | None
Amy | None
Alex | None
Alexandro | None
Benjamin | None
Hugo | None
Jack | None
Kristal | None
Marcus | None
Laura | None
Michelle | None
Ashlea | None
Robert | None
Ruben | None
Nick | None
Kristen | None
Natalie | None
Holly | None
Sydney | None
Amanda | None
Andrew | None
Wil | None
Julie | None
Trey | None
Sean | None
Scott | None
Brandon | None
Richie | None
Karen | None
Shawn | None
Tom | None
Josh | None
David | None
Rebeca | None
Linda | None
Claribel | None
Kelly | None
Brian | None
Sophia | None
Juan | None
Kevin | None
Jeremy | None
Lorena | None
Cicely | None
Daniel | None
Hanna | None
Billie | None
Marianne | None
Chris | None
Olivia | None
Jayla | None
Leslie | None
Shawna | None
Cecilia | None
Krysten | None
Demetri | None
Brita | None
Steve | None
Patricia | None
Christopher | None
Miranda | None
Michael | None
John | None
Jayson | None
Chris | None
Connor | None
Chip | None
Alyssa | None
Danny | None
Jack | None
Fasi | None
Angela | None
Emily | None
Alicia | None
Fran | None
Jason | None
Kristina | None
Raul | None
Joe | None
Corinne | None
Lori | None
Liz | None
Brooke | None
Thomas | None
Jay | None
Tracy | None
Amber | None
Bobby | None
Chelsie | None
Sonia | None
Misty | None
Trishea | None
Julian | None
Arden | None
Pete | None
Michelle | None
Kelli | None
Brianda | None
Jonvieve | None
Jessica | None
James | None
Evan | None
Thomas | None
Apryl | None
Paul | None
Steve | None
Brendan | None
Victoria | None
Robert | None
Amy | None
Molly | None
Jerry | None
Chrissie | None
Shanice | None
Sean | None
Tracy | None
Brett | None
Sabrina | None
Hannah | None
Rachel | None
Kelly | None
Carrie | None
Aaron | None
Leah | None
Shekara | None
Julie | None
Shelagh | None
Bansari | None
Alexander | None
Kimberly | None
Angie | None
David | None
Marleen | None
Sarah | None
Chirag | None
Grace | None
Leticia | None
Yejin | None
Will | None
Tina | None
Pie | None
Nicole | None
Lance | None
Kyla | None
Kimberly | None
Kerry | None
Kaitlyn | None
joseph | None
Gary | None
Dustin | None
Colton | None
Crystal | None
Chad | None
Candace | None
Brian | None
Albert | None
Abigail | None
Isza'Bella | None
Gina | None
George | None
Danny | None
Susan | None
Sabine | None
Nikki | None
Maya | None
Mandee | None
Jean | None
Robyn | None
Dani | None
Avien | None
Abigail | None
Gina | None
Amanda | None
Andrew | None
Lorna | None
April | None
Gary | None
Joe | None
Christina | None
Akeya | None
Deidra | None
Robby | None
Kay | None
Julie | None
Brianna | None
Jordyn | None
Karen | None
Derica | None
Aimee | None
John | None
Jordan | None
Tiana | None
Kelly | None
Paula | None
Nailea | None
Macy | None
Kristin | None
Kevin | None
Kari | None
Justin | None
John | None
Erik | None
Erik | None
Brianna | None
Ben | None
Bianca | None
Mark | None
Mackenzie | None
Jason | None
Tim | None
Krystal | None
Holly | None
Keely | None
Eric | None
Jennifer | None
Mary | None
Jon | None
Jordyn | None
Daniel | None
Alexandra | None
Kristina | None
Brianna | None
Bradford | None
Juliana | None
Shelley | None
Jon | None
Bradford | None
Lanae | None
Earl | None
Barbara | None
Laura | None
Fiona | None
Allison | None
Hannah | None
Tyler | None
Sandy | None
Julie | None
Holly | None
John | None
Ilamurughu | None
Dennis | None
Brittany | None
Deanne | None
Kelly | None
Bill | None
Matthew | None
James | None
Tyler | None
Linda | None
Sandeep | None
John | None
Evelyn | None
Cathy | None
Ankur | None
Rene | None
Sam | None
Anshuman | None
Rommaan | None
Anik | None
Rio | None
Cathy | None
Fiona | None
Christian | None
Jordan | None
Aaron | None
Hailey | None
Kamlesh | None
Jay | None
Nitin | None
Valeria | None
Sanjeev | None
Kunal | None
Nikita | None
Mukesh | None
Appul | None
Ankit | None
Akshit | None
Amrisha | None
Jaris | None
Soumadip | None
Shayna | None
Anand | None
Prathamesh | None
John | None
Bandlamudi | None
Shanthi | None
Joab | None
Richie | None
Maria | None
Jose | None
Abhishek | None
Ritik | None
Zeal | None
Diana | None
Jose | None
Jonathan | None
Supreme | None
Tracy | None
Lyron | None
Lori | None
Joleen | None
Kelly | None
Leanne | None
Prasad | None
Madhumitha | None
Babu | None
Joan | None
Haree | None
krishna | None
Ravi | None
Suma | None
Sripathi | None
Viswanath | None
Tripti | None
Alecia | None
Christopher | None
Peter | None
Sarah | None
Jason | None
Chris | None
Pearl | None
Jonathan | None
Ian | None
Alecia | None
Arun | None
Jason | None
Christopher | None
Gary | None
Joan | None
Sarah | None
Gary | None
Resu | None
Kalyani | None
Mounika | None
Kalyani | None
Ian | None
Leanne | None
Resu | None
Suma | None
Joan | None
Madhumitha | None
Sarah | None
Jonathan | None
Christopher | None
Alecia | None
Sridevi | None
Akhil | None
Nicole | None
Haree | None
krishna | None
Prathap | None
Gary | None
Noah | None
MIKE | None
James | None
Giana | None
Fallon | None
Elijah | None
Wei | None
Yuliana | None
Jordan | None
Nikki | None
Keith | None
Luke | None
Bryan | None
Nathan | None
Harrison | None
Rod | None
Stamyr | None
Andrea | None
Renee | None
Christina | None
Sherri | None
Ola | None
Amy | None
Sanjay | None
Muhammad | None
Bryan | None
Ian | None
Lorinda | None
Joe | None
Jeremy | None
Caitlin | None
Tina | None
Jennifer | None
Sherri | None
Tina | None
Bob | None
Renee | None
Caitlin | None
TinaF | None
Jonathan | None
Kevin | None
Renee | None
Renee | None
Ted | None
Kevin | None
Amy | None
Jennifer | None
Tina | None
Rachel | None
Garrett | None
Jeff | None
Ahmed | None
Tony | None
Ian | None
Andrea | None
Christina | None
Caitlin | None
Timothy | None
Renee | None
John | None
Jonathan | None
Bob | None
Chandani | None
Jeovanny | None
Arnd | None
Brenda | None
Troy | None
Hegson | None
Phil | None
Nancy | None
Amber | None
Amber | None
Kelly | None
William | None
Linda | None
Lucca | None
Nathaniel | None
David | None
John | None
Nathaniel | None
Matthew | None
Gena | None
Michael | None
Philise | None
Kallie | None
Michael | None
Lisa | None
Linda | None
Kailee | None
Aaron | None
Joseph | None
Dianna | None
jacob | None
kailee | None
kelli | None
melanie | None
Gena | None
Marcie | None
Samantha | None
Paige | None
Katie | None
Laurent | None
Kallie | None
Jesse | None
Kelly | None
Dianna | None
Kallie | None
Sara | None
John | None
Kim | None
Laurent | None
Jacob | None
Kendal | None
Kallie | None
Jesse | None
Syed | None
Mukesh | None
Sabiya | None
Neelima | None
Bhumika | None
khushbu | None
Azranidah | None
Heena | None
Parthesh | None
Nanda | None
Mahipal | None
Shivam | None
Kusha | None
Santhia | None
Shruti | None
Amirtha | None
Sampathkumar | None
Sri | None
Prasad | None
Yamraj | None
Ravi | None
Sabiha | None
Richa | None
Sushma | None
Dharnendra | None
Himani | None
Miloni | None
Rinku | None
Anoop | None
Manohar | None
Ramshankar | None
Amruta | None
Karthic | None
Brad | None
Alyssa | None
Lory | None
Osvaldo | None
Max | None
Brent | None
Brian | None
Lu | None
Sarah | None
Louis | None
Louis | None
Beth | None
Olga | None
Hector | None
Damon | None
Louis | None
Brent | None
Lu | None
Sarah | None
Brian | None
Bestmoonfield | None
Shwamicky | None
Jeco | None
Maximus | None
maitlang | None
ParadoxicolnessThabah | None
Habankotdor | None
Badaline | None
Pynbiang | None
Kitborlang | None
Wansuk | None
Bankyrshan | None
Morgan | None
Jeffrey | None
Jovana | None
John | None
Katherine | None
Leonor | None
Aylin | None
Lisa | None
Lisa | None
Amber | None
Erika | None
Aiah | None
Amanda | None
John | None
Erika | None
Vivek | None
Vivien | None
Paige | None
Mavss | None
Michael | None
Mark | None
Sarada | None
Santh | None
Gerald | None
Karen | None
Raquel | None
Carlos | None
Arman | None
Prisila | None
Jane | None
Katherine | None
Rachel | None
Jay | None
Peter | None
Antonette | None
JohnBarr | None
Jenel | None
Maria | None
Sebastian | None
Mafloyda | None
Dominic | None
Cameron | None
JohnPatrick | None
Anusha | None
Christine | None
Jazelle | None
JP | None
Sriram | None
Dane | None
Jhoi | None
Allyn | None
Kirsten | None
Jethross | None
Andrea | None
Goldi | None
Vladmir | None
Vince | None
John | None
John | None
Jose | None
Kirc | None
Justin | None
Jan | None
Alby | None
Pauline | None
Aleena | None
Giecelyn | None
Joyce | None
Vinoth | None
Prathap | None
Sandeep | None
Anup | None
Michael | None
Carly | None
Francis | None
Fiona | None
Dresden | None
Kimberly | None
ebru | None
JP | None
D | None
Amanda | None
Clyde | None
Barbie | None
Fiona | None
John | None
Mary | None
giecelyn | None
goldi | None
jamal | None
jerome | None
Ken | None
Darry | None
Jan | None
agnes | None
aiah | None
dresden | None
diksha | None
dane | None
dane | None
d | None
christine | None
christina | None
carolyn | None
carlos | None
cameron | None
byron | None
anusha | None
anup | None
anmol | None
alby | None
jesse | None
john | None
john | None
justin | None
Cyrene | None
Czar | None
Emerie | None
Yuri | None
Wilfred | None
Techlink | None
Patricia | None
Mark | None
Charles | None
Mark | None
ǵabby | None
M | None
Clarisse | None
Jenny | None
Anjanette | None
vivien | None
kanta | None
kimberly | None
maritess | None
michael | None
neil | None
prathap | None
qui | None
rachel | None
raquel | None
roselle | None
sarada | None
sriram | None
sunil | None
toni | None
vinoth | None
Aguido | None
Russell | None
Iana | None
Marian | None
Jhoi | None
Jeff | None
Peter | None
Coby | None
Francis | None
Paul | None
Ea | None
Karen | None
Vivek | None
Kirsten | None
Paul | None
Sumith | None
Toni | None
Jenel | None
Jan | None
Dominic | None
Antonette | None
Jahaziel | None
Andrea | None
Edd | None
John | None
Mavss | None
John | None
Joyce | None
Aleena | None
Maria | None
Arman | None
Tandica | None
Darry | None
Ross | None
JP | None
Mafloyda | None
Arthur | None
James | None
Jay | None
Joanne | None
David | None
Natalie | None
Sebrina | None
Prisila | None
Adnan | None
Ken | None
Vince | None
John | None
Alexander | None
Jethross | None
Chris | None
Tony | None
Chris | None
Jerome | None
Christine | None
Sebastian | None
Vladmir | None
Kimberly | None
Erika | None
Scott | None
Oliver | None
Pinky | None
Stefanny | None
Toni | None
Mark | None
Nicole | None
John | None
John | None
Rica | None
Amanda | None
Jan | None
Levi | None
David | None
Sebastian | None
Averruz | None
Carlos | None
Adrian | None
Kingsley | None
Kenneth | None
Marcus | None
Carolyn | None
Zachary | None
Craig | None
Kayla | None
Adeola | None
Rob | None
August | None
Tara | None
Adam | None
Marco | None
Anthony | None
David | None
Tadeh | None
Daniel | None
Jason | None
Graham | None
Bailey | None
Colin | None
Philippe | None
Chad | None
Emmanuel | None
Alexandr | None
Keelin | None
Gary | None
Luis | None
Russ | None
Pablo | None
Kevin | None
rob | None
edgar | None
Gloria | None
Daralyn | None
Ralph | None
Robbin | None
Clint | None
Stan | None
Karen | None
Anthony | None
Stan | None
John | None
IBM | None
Bethwell | None
Elizabeth | None
Jim | None
Clint | None
Charlene | None
Charlie | None
Ibm | None
Robbin | None
Elizabeth | None
Charlie | None
Ralph | None
Karen | None
Elaine | None
John | None
Robbin | None
Lakshman | None
Tommy | None
Krista | None
Peter | None
Reetti | None
Brinna | None
April | None
Nicole | None
Nicholas | None
Roop | None
Kathleen | None
Michell | None
Tracey | None
Rick | None
Unnamed Recruiter | None
Harrison | None
Tamara | None
Emma | None
Melissa | None
Stephanie | None
Bharani | None
Bill | None
kimberly | None
Brian | None
george | None
andrew | None
Brian | None
William | None
Bill | None
Nick | None
matt | None
Alex | None
Jennifer | None
Lauren | None
Taraka | None
Sandra | None
Pamela | None
Kelli | None
Larry | None
Richard | None
Amith | None
William | None
Andy | None
Chris | None
Darryl | None
Matt | None
John | None
Rick | None
Jason | None
Christopher | None
Nell | None
Justin | None
Christopher | None
Rod | None
Lea | None
Devon | None
Benjamin | None
Benjamin | None
Sarah | None
Wesley | None
Julianne | None
Tommy | None
Shawn | None
Kristen | None
Tonya | None
Serena | None
Ali | None
Kristen | None
sophia | None
Ashley | None
Merrie | None
Pooja | None
Jerry | None
Jazmyn | None
Jason | None
Rybak | None
Jason | None
Nancy | None
Ashley | None
Stephanie | None
Karen | None
Alison | None
Blair | None
Jim | None
Denise | None
Philip | None
Lindsey | None
Ben | None
Waseem | None
mark | None
Manisha | None
Carmen | None
Gwen | None
Betty | None
Jim | None
Talva | None
Jerry | None
Taylor Gordon | None
Cullen Smith | None
Kyle Ash | None
Douglas Ferguson | None
Mason Bates | None
Dan Fischer | None
Alec P. | None
Jake P. | None
adam | None
Dan | None
Lauren | None
Chris | None
Christian | None
Alex | None
Kyle | None
Matthew | None
Austin | None
Adam | None
Isme | None
Peter | None
Nicholas | None
Peter | None
Lekenzey | None
Kasmir | None
Dan | None
Colin | None
Amanda | None
Daniel | None
Douglas | None
Jeff | None
Ryan | None
Jake | None
Dario | None
MatthewG | None
Jonathan | None
Kristian | None
TimB | None
Josh | None
Ian | None
TimG | None
Anthony | None
AdamJ | None
Alec | None
DanF | None
Taylor | None
Lekenzey | None
David | None
Dean | None
Branden | None
Cullen | None
DavidS | None
ryan | None
Syed | None
peter | None
Mike | None
Dean | None
Nicholas | None
Michael | None
Alec | None
Tim | None
Ryan | None
James | None
ryan | None
Lauren | None
Isme | None
Brian | None
Michael | None
Maddie | None
Nicholas | None
jeff | None
joe | None
lauren | None
isme | None
david | None
nicholas | None
daniel | None
colette | None
branden | None
austin | None
alec | None
Ryan | None
Tim | None
Daniel | None
Alex | None
Gianni | None
josh | None
lance | None
Danah | None
Michael | None
Marius | None
Astijus | None
Joseph | None
Pamela | None
Christine | None
Ben | None
John | None
Levi | None
Guillermo | None
James | None
Challen | None
Giedrius | None
Tom | None
Raela | None
James | None
Jon | None
Blake | None
Ryan | None
Theodore | None
Melissa | None
Michael | None
Steve | None
Nicholas | None
Anice | None
Jenna | None
Mark | None
Greg | None
Povilas | None
Rince | None
Aigerim | None
Leonard | None
Bing | None
Pavel | None
Tom | None
Sergej | None
Katie | None
Ben | None
Anton | None
Taylor | None
Amy | None
Branden | None
Bryan | None
Joseph | None
Andrea | None
Michael | None
Leonardo | None
Miki | None
Christopher | None
patrick | None
ted | None
christopher | None
Blessing | None
Diane | None
Donna | None
Rao | None
Maria | None
Jeffrey | None
Kelly | None
Melissa | None
Blessing | None
Melissa | None
Jeffrey | None
John | None
Rao | None
LinkedIn | None
Tom | None
Shubham | None
Jenn | None
Thomas | None
JL | None
Raquel | None
Tammy | None
Luke | None
James | None
Tracy | None
David | None
Todd | None
Recruiters | None
Team | None
Rustom | None
Helen | None
Valerie | None
J | None
Tim | None
Ruby | None
Shawn | None
Dan | None
Dan | None
David | None
Ferdinand | None
Jennifer | None
Crae | None
Kyle | None
Jude | None
Rayla | None
Penny | None
Misty | None
Rod | None
Lori | None
Mark | None
Britny | None
Sharad | None
maruthi.j | None
Jeremy | None
Brandi | None
Scott | None
Jordyn | None
John | None
Cassidy | None
Jamie | None
Tyler | None
Hudson | None
Coy | None
Claire | None
Trevor | None
Cameron | None
Jamie | None
Christopher | None
Stephen | None
Shelby | None
Tom | None
Roam | None
Joseph | None
Dell | None
Charles | None
Derrick | None
Jason | None
Robert | None
Allen | None
Josh | None
Lynette | None
Adam | None
Christopher | None
Brian | None
Michael | None
Zee | None
Daniel | None
Tim | None
Allie | None
Yamie | None
Sheri | None
Michelle | None
Corey | None
Rachel | None
Joshua | None
Ruth | None
Hobie | None
Gester | None
Rivo | None
Lovelle | None
Melissa | None
Alexis | None
Yamie | None
Paul | None
Crystal | None
Abhishek | None
Anurag | None
Parvin | None
Zohra | None
Nitin | None
B. | None
Ajay | None
Jyoti | None
Vineet | None
Anuj | None
Neha | None
Alok | None
Shams | None
Manisha | None
Ashutosh | None
Bhawani | None
Chandra | None
Usha | None
Mohit | None
Raj | None
Kshitij | None
Debra | None
Ken | None
James | None
Lori | None
Lori | None
Sydney | None
Nicole | None
James | None
Ken | None
Debra | None
Ken | None
Debra | None
John | None
Lori | None
ONYEMA | None
Rob | None
Leonard | None
Sagar | None
Paul | None
Greg | None
Sean | None
Thomas | None
Sushma | None
Mary | None
Narasimha | None
Sumanth | None
Randall | None
Abhishek | None
Alexander | None
Larry | None
Craig | None
Logan | None
Sreekanth | None
Manu | None
Autumn | None
Michael | None
Alan | None
Tim | None
Mildred | None
Heidi | None
Austen | None
Stan | None
Glenn | None
Rachel | None
Brian | None
Angela | None
Scott | None
Loremae | None
Bill | None
Ali | None
Lorri | None
Jason | None
Francis | None
Taru | None
Laurie-Ann | None
Brian | None
Mariyam | None
Malaika | None
Martin | None
Jaymit | None
Dennis | None
Caz | None
Kaylen | None
Kayla | None
Max | None
Ashley | None
Brandon | None
Candace | None
Jonah | None
Erik | None
Anita | None
Rebecca | None
Jennifer | None
Danielle | None
Molly | None
Tony | None
Camilla | None
Payne | None
Michelle | None
Sania | None
Dominique | None
Konstantina | None
Jaymit | None
Marteyuna | None
Sesselja | None
Rick | None
Angie | None
Frank | None
Sam | None
Brandon | None
Denise | None
Elizabeth | None
Wendy | None
Ashley | None
Michael | None
Dedra | None
Molly | None
Marteyuna | None
Molly | None
Zda | None
Michelle | None
Austin | None
Angie | None
Danelle | None
Morgan | None
Stephanie | None
Rachel | None
Danielle | None
Jen | None
Beth | None
Rebecca | None
Sentria | None
Melva | None
Amy | None
Sesselja | None
Jacqueline | None
Florid | None
Sam | None
Konstantina | None
Brittney | None
Brianna | None
Rachel | None
Kesha | None
Stephanie | None
Frank | None
Sean | None
Autumn | None
Stephine | None
Michael | None
Wendy | None
Nathaniel | None
Tamila | None
Sania | None
Liam | None
Josephine | None
Ashley | None
Katheryn | None
Zsuzsanna | None
Haleigh | None
Kevin | None
Kimberlee | None
Elizabeth | None
Lauren | None
Madeline | None
Teressa | None
Josh | None
Travis | None
Julie | None
Erika | None
Deidre | None
Becky | None
Raka | None
Christopher | None
Jacob | None
Tek | None
Kevin | None
Kevin | None
Jessica | None
Marc | None
Jackie | None
Joshua | None
James | None
Emma | None
Cole | None
Kristen | None
Chelsea | None
Samantha | None
Kayleigh | None
Thomas | None
Alexis | None
Benjamin | None
Maddie | None
Eric | None
Melissa | None
Alex | None
Mark | None
Candace | None
Emily | None
Nate | None
Marissa | None
Sabrina | None
Anderson | None
Chenneal | None
Alex | None
Michelle | None
Johna | None
Kyle | None
Harold | None
Shelby | None
Liz | None
Sofia | None
Cara | None
James | None
Misti | None
Julia | None
Kesha | None
Ava | None
Stephen | None
Payton | None
Gokulesh | None
James | None
Julien | None
Siomara | None
Amanda | None
Morgan | None
Jake | None
Corina | None
Daniel | None
Mallori | None
Michael | None
Rica | None
Trisha | None
Driton | None
TJ | None
Michelle | None
Jeff | None
Stephanie | None
Kunal | None
Renee | None
Shannon | None
McKenna | None
Bernie | None
Michael | None
Terence | None
Andrea | None
Helen | None
Ravisha | None
Lauren | None
Juan | None
Janhvi | None
Erica | None
Devanshi | None
Ralo | None
Carly | None
Jenna | None
Dennys | None
Navita | None
Jessie | None
Cristy | None
Derrick | None
Kevin | None
Candice | None
Slater | None
Abdullah | None
Marshall | None
Flynn | None
Patrick | None
Brandon | None
Morgan | None
Elizabeth | None
Marcus | None
Sam | None
Lilly | None
Chrissy | None
Ashley | None
Lauren | None
Haylie | None
Hayden | None
Holly | None
Mario | None
Lia | None
Matt | None
Michael | None
Tanya | None
Dave | None
Kenneth | None
Madeline | None
Jason | None
Silvija | None
Nick | None
Joni | None
Brianne | None
Mary | None
Cassie | None
Jack | None
Bharati | None
Nadia | None
David | None
Kelsey | None
Andre | None
Tera | None
Margot | None
Haley | None
Brittany | None
Isaac | None
Juan | None
Daniel | None
Josh | None
James | None
Michelle | None
Mona | None
Kamil | None
Diane | None
Zachary | None
Clair | None
Sophia | None
Donya | None
Allison | None
Eric | None
Soo | None
Bianca | None
Kevin | None
Spencer | None
Joe | None
Jon | None
Kevin | None
Kira | None
Kristin | None
Madison | None
Maria | None
Patrick | None
Pedro | None
Rachael | None
Richard | None
Shane | None
Sirfino | None
Tom | None
Tyler | None
Tyler | None
Maria | None
Igor | None
Lara | None
Sharon | None
Angelica | None
Dennys | None
Jarell | None
Helen | None
Janee | None
Jenna | None
Jamie | None
Glenn | None
Brad | None
BoTyler | None
Anthony | None
Andres | None
Amanda | None
Alfred | None
Adam | None
Jose | None
TJ | None
Dawn | None
Paula | None
Santoshi | None
Brandon | None
Linda | None
Stuart | None
Darren | None
Andrew | None
Alex | None
Brendan | None
Bryan | None
Carly | None
Chelsea | None
Chris | None
Daniel | None
David | None
Derrick | None
Eric | None
Abdoulie | None
Kasey | None
Coralia | None
Scot | None
Rudi | None
Crystal | None
Alisha | None
Deric | None
Jay | None
Sydney | None
Tina | None
Taylor | None
Charlie | None
Samantha | None
Justin | None
Sarah | None
Brad | None
Michael | None
Kira | None
Edward | None
Flynn | None
Vito | None
Danielle | None
Zachary | None
Toni | None
Emily | None
Derrick | None
Ashley | None
Kim | None
Caryl | None
Kathirynn | None
Krista | None
Joey | None
Wora | None
Liz | None
Antonia | None
Matt | None
Peter | None
Katherine | None
Richard | None
Paula | None
Douglas | None
Dillon | None
Tevin | None
Hussein | None
Anna | None
Casey | None
Justin | None
Frederic | None
Morgan | None
Rob | None
Drew | None
Lauren | None
Mike | None
Praveen | None
Mark | None
Ann | None
Maci | None
Lance | None
Megan | None
Jacquelyn | None
Bibi | None
Mark | None
Bibi | None
Mackenzie | None
Rod | None
Mark | None
Hardik | None
Jordyn | None
Heather | None
Judd | None
Abbey | None
Amy | None
Chris | None
Paige | None
Olivia | None
Fawn | None
Noel | None
Todd | None
Tiffanie | None
Rosey | None
Renee | None
Michelle | None
Shannon | None
Jordan | None
Theresa | None
Jennifer | None
Karl | None
Gambol | None
Brian | None
Meghna | None
Ricardo | None
Diana | None
Jennifer | None
Karissa | None
Matthew | None
Celina | None
Katie | None
Jacqueline | None
Meghan | None
9 | None
Darlyn | None
Candace | None
Andrew | None
Ana | None
Amanda | None
stephanie | None
lauren | None
laura | None
abby | None
christy | None
Brandon | None
Karl | None
Kevin | None
Samantha | None
Shaun | None
Provides | None
Natasha | None
Gale | None
Mark | None
Marita | None
Luke | None
Kimberly | None
Kevin | None
Trey | None
Kara | None
Jessica | None
Jeff | None
Erik | None
Devon | None
Ave | None
Emily | None
Jodi | None
Markella | None
Gerardo | None
Jillian | None
Megan | None
Cody | None
Paul | None
Alexandra | None
Mackensie | None
John | None
Irvin | None
Justin | None
Michael | None
Julie | None
Michael | None
Kearstin | None
Kenneth | None
David | None
Nathan | None
Autumn | None
Cheryl | None
Nathaniel | None
Jike-Ere | None
Beka | None
Bryan | None
Brandon | None
Amy | None
Candice | None
Charles | None
Daniel | None
Henry | None
Matt | None
Russ | None
Kristen | None
Shankar | None
Akash | None
Shanawaz | None
Vibha | None
Deepika | None
Abigail | None
Jean | None
Melissa | None
Gaurav | None
Pravin | None
Amit | None
Loki | None
narendrac | None
Leslie | None
Lin | None
Craig | None
Danielle | None
Dana | None
Sheila | None
Stacy | None
Tom | None
Arthur | None
Megan | None
Kara | None
John | None
Lou | None
Zachary | None
Steven | None
Hailey | None
Brian | None
Bill | None
Ken | None
James | None
Tim | None
Nicholas | None
Theresa | None
David | None
Daniel | None
Shane | None
Liz | None
Andrew | None
Gigi | None
Kyle | None
Sheena | None
Blake | None
Lindsay | None
Michelle | None
Blake | None
James | None
Loet | None
Connor | None
Paula | None
Serena | None
Karen | None
Charlie | None
Karol | None
Karuna | None
Caroline | None
Freddie | None
Radhika | None
Deepika | None
Eleazar | None
Mathilde | None
Nadeem | None
Versha | None
Paula | None
Prashanth | None
Thasneem | None
Emily | None
Naveen | None
Shikha | None
Małgorzata | None
Jordan | None
Vladyslav | None
Michael | None
Rhys | None
Vicente | None
Marina | None
Anshuman | None
Vidyasagar | None
Francisco | None
Kevin | None
Sinthia | None
Tina | None
Andres | None
Alexandra | None
Shumon | None
Jessica | None
Nadeem | None
Paula | None
Adnan | None
Tim | None
Fran | None
Rebecca | None
Versha | None
Prashanth | None
Liliane | None
Caroline | None
Jennifer | None
Pooja | None
Courtney | None
Jennifer | None
Marta | None
Dikra | None
Graeme | None
Camila | None
Marta | None
Ian | None
Camelia | None
Karine | None
Jennifer | None
Olga | None
Nivetha | None
Ashley | None
Garrett | None
Eric | None
Ashley | None
Karl | None
Shelby | None
Kate | None
Kelly | None
Brian | None
Cassidy | None
Sarah | None
Chandrea | None
Geneva | None
Rebeca | None
Maria | None
Jamie | None
Donnie | None
Yinka | None
Ladi | None
Adam | None
Bryan | None
Rashi | None
Keion | None
Douglas | None
Jonas | None
Melissa | None
Annie | None
Joe | None
Carlos | None
Antuanet | None
Apurv | None
Bhuvana | None
Douglas | None
Raymond | None
Sandeep | None
Marsha | None
Sunny | None
Shaik | None
Bryan | None
Shaneka | None
sandeep | None
kumar | None
Keion | None
Brian | None
Keion | None
Annie | None
Antuanet | None
Melissa | None
Bhuvana | None
John | None
Shaneka | None
Rajat | None
Rashi | None
Marsha | None
Shaik | None
Arman | None
Jonas | None
Nancy | None
Sunny | None
Rick | None
Anait | None
Apurv | None
Lauren | None
Aldrin | None
Rachael | None
Collin | None
Graham | None
Kim | None
Rawson | None
Sarah | None
William | None
Nica | None
Danielle | None
Lorri | None
Arthur | None
Patrick | None
Haley | None
Brandy | None
Quinn | None
Omar | None
Collin | None
Varun | None
Dan | None
Daniel | None
Brenda | None
Jose | None
José | None
Guillermo | None
Hailey | None
Arthur | None
Paul | None
Haley | None
Pidee | None
Briana | None
Joanna | None
Graham | None
Braden | None
Danielle | None
Bob | None
Mariana | None
Kimala | None
Brittani | None
Marty | None
Haley | None
Bradley | None
Samuel | None
Kevin | None
Ivan | None
Christopher | None
Seth | None
Connor | None
Bryan | None
Nick | None
Max | None
Brady | None
Nolan | None
Ty | None
Annabell | None
Matthew | None
Charlie | None
Ryan | None
Mike | None
Shelby | None
Amanda | None
Sachin | None
Kleent | None
Sarah | None
Madeline | None
Stephanie | None
Kenya | None
Barbara | None
Christina | None
Robert | None
Omar | None
Dan | None
Dylan | None
Daniela | None
Jonathan | None
Quinn | None
Shannon | None
Max | None
Jose | None
Hannah | None
Suhas | None
Neyle | None
Travis | None
Chuck | None
Benjamin | None
Scott | None
Graham | None
Matthew | None
Kyle | None
Noah | None
Shaun | None
Shannon | None
Courtney | None
Barrie | None
Amanda | None
Aaron | None
Tyrone | None
Anita | None
Megan | None
Amanda | None
Raul | None
Andrew | None
Tim | None
Stephanie | None
Laura | None
Austin | None
Juan | None
Chad | None
Kim | None
Tara | None
Amanda | None
Sherdon | None
Scott | None
Robert | None
Nicole | None
Barbie | None
Jordan | None
Katia | None
LaKendra | None
Lauren | None
Stephanie | None
Vanessa | None
Yasho | None
Casey | None
Angela | None
Vanessa | None
Lakendra | None
Bakhtiyor | None
Adrina | None
Miranda | None
Kevin | None
Charles | None
Savannah | None
McKenzie | None
Courtney | None
Bethany | None
Bethany | None
Whitney | None
Savannah | None
Jacob | None
Kelsey | None
Donna | None
Fred | None
Julie | None
Petra | None
Jarra | None
Samantha | None
Mariano | None
Carli | None
Michele | None
Samantha | None
John | None
deni | None
MaLynda | None
Peter | None
Peter | None
PiYush | None
Sree | None
Alex | None
Sam | None
Vineet | None
Victor | None
Stefania | None
Taylor | None
Trevor | None
Jaime | None
Aileene | None
Rita | None
J | None
Laura | None
Alexa | None
Cama | None
Richard | None
Andrew | None
Michael | None
Mashal | None
Jim | None
Jake | None
Natasha | None
Michael | None
Nicholas | None
Patricia | None
Zachary | None
Bill | None
Shannon | None
Nish | None
SHIVAM | None
Nikki | None
Ryan | None
HD | None
SHIVAM | None
HD | None
Yash | None
Melissa | None
Elli | None
Dwayne | None
Sudhaker | None
Sahil | None
Casey | None
Don | None
Charlie | None
Sahil | None
Amit | None
Wes | None
Emir | None
Eric | None
Dwayne | None
Stephanie | None
Nikki | None
Michael | None
Jacob | None
Ryan | None
Alex | None
Stormy | None
Mike | None
Alex | None
Brianna | None
Mike | None
Stormy | None
Tess | None
Dina | None
Darrell | None
Richard | None
Mary | None
Jennifer | None
Jenn | None
Jeana | None
Jamie | None
Henry | None
Seth | None
Tim | None
Bobby | None
Cathy | None
Chang | None
Melissa | None
Connie | None
Harriet | None
Todd | None
Kevin | None
Daniel | None
Lisa | None
sheza | None
samantha | None
shilpitha | None
swathi | None
taylor | None
tiffany | None
Amber | None
Brandon | None
james | None
chang | None
Anthony | None
ann | None
Cinda | None
Ciara | None
Anne | None
Allyssa | None
Nicole | None
Mary | None
Leslie | None
Melissa | None
alicia | None
Andrew | None
Venkata | None
Justine | None
Venkata | None
Jessaka | None
Venkatesh | None
Alejandro | None
Chris | None
Satya | None
Rodrigo | None
Lynn | None
Ed | None
Sambasiva | None
Ramjeevan | None
Emily | None
Ramesh | None
Rafael | None
Leon | None
Eduardo | None
Lauren | None
Glenn | None
Summer | None
Devamani | None
Jacqueline | None
Nisha | None
Kevin | None
KaCee | None
Kathryn | None
Keith | None
Kristen | None
Kyle | None
Lara | None
Leigh | None
Marcia | None
Mark | None
Jim | None
Meagan | None
Michelle | None
Omar | None
Pam | None
Shaunna | None
Tony | None
Phalguni | None
Miruthu | None
Richa | None
Tejaswini | None
Meredith | None
Tamee | None
PJ | None
David | None
Chris | None
Satya | None
Venkata | None
Glenn | None
Drew | None
Maureen | None
Joe | None
Patti | None
Victor | None
Stephanie | None
Mandy | None
Ryan | None
Steven | None
AIEUB | None
Irene | None
Jenny | None
Kelli | None
Linette | None
Anthony | None
Roger | None
Maja | None
Rafael | None
Emily | None
Gregory | None
Sean | None
Montrece | None
Curt | None
Ahmer | None
Linette | None
Elinor | None
Mark | None
Bryan | None
Shelley | None
Brad | None
David | None
Carlos | None
Carl | None
Tracey | None
Lindsay | None
Seth | None
Patricia | None
Ramjeevan | None
Tracey | None
Seth | None
Daniel | None
Peter | None
Kamila | None
Ann | None
Ed | None
Richard | None
Derwin | None
Maddy | None
Miniiuah | None
phalgunis | None
elizabethj | None
laurenp | None
nishal | None
kevinm | None
glennpmp | None
Shelby | None
Rachel | None
Ashlee | None
Elizabeth | None
Jen | None
Angela | None
John | None
Mike | None
Marcie | None
Taylor | None
Mark | None
Sean | None
Jessica | None
Casey | None
Scott | None
Patricia | None
Montrece | None
Erick | None
Joy | None
Joseph | None
Jean | None
John | None
Karen | None
Cindy | None
Irwin | None
Lance | None
Clint | None
Swathi | None
Jason | None
Amber | None
Christopher | None
Dan | None
Melinda | None
Vianna | None
Diane | None
Hannah | None
Alex | None
Karen | None
Austin | None
Anthony | None
Sarah | None
John | None
liam | None
ALEX | None
Brad | None
Daphne | None
Ed | None
Mike | None
Jim | None
Nicholas | None
Marc | None
Steven | None
Nicole | None
Leslie | None
Joseph | None
Jeffrey | None
Kyle | None
Jack | None
Emma | None
Miguel | None
Gia | None
Leslie | None
Tara | None
Ashley | None
October | None
Katie | None
Kaisi | None
Kelli | None
Anant | None
Anjali | None
Katie | None
Kiara | None
Bradley | None
Sarah | None
Kelli | None
Timothy | None
Quinn | None
Kay | None
Troy | None
Nick | None
Kenneta | None
Case | None
Gina | None
Kerrie | None
Austin | None
Ashleigh | None
Annette | None
Blake | None
William | None
Garrett | None
Harvey | None
Kathy | None
Sameer | None
Jocelyn | None
Toby | None
John | None
Brad | None
Sharon | None
Colin | None
Sarah | None
Connla | None
Johnny | None
Kristel | None
morning | None
Kathy | None
Elaine | None
Nick | None
Corey | None
Amy | None
Stephen | None
Jennifer | None
Claudia | None
Brandon | None
Abigail | None
Samuela | None
Brooke | None
Scott | None
Christopher | None
Emily | None
Sandra | None
Christina | None
Latoriea | None
Collin | None
Emily | None
Mark | None
Emily | None
Matt | None
Andrew | None
Mike | None
Amanda | None
Fara | None
John | None
Shira | None
Bob | None
Michael | None
Jessica | None
Justin | None
Andrew | None
Caroline | None
Craig | None
Caitlin | None
Zaheer | None
Lauren | None
Sara | None
Katherine | None
Jesse | None
Pierre | None
Jerry | None
Christopher | None
Todd | None
Sharon | None
Allison | None
Danielle | None
Jaca | None
Joe | None
Melissa | None
Brittainy | None
Wes | None
Lindsey | None
Loriann | None
Elizabeth | None
Bridgette | None
Philana | None
Ty | None
Colleen | None
Valerie | None
Carla | None
Scott | None
Kirsten | None
Todd | None
Matthew | None
Barak | None
Tina | None
Matt | None
Isabel | None
Bill | None
Michael | None
Chris | None
Carla | None
Cathryn | None
Jud | None
Thun | None
Emily | None
Joyce | None
Michelle | None
Rob | None
Crissa | None
Jenna | None
Meghan | None
Jennifer | None
Christian | None
Karl | None
Robert | None
Paige | None
Ben | None
Tristen | None
Katrina | None
Garrett | None
Bryan | None
Cody | None
Jacob | None
Mark | None
Nick | None
David | None
Jordyn | None
Scott | None
Jeremy | None
Leah | None
Derek | None
Stephen | None
Brie | None
Julie | None
Ann | None
Ann | None
Jordan | None
Emily | None
Anthony | None
Barbara | None
Stacy | None
Stephanie | None
Silvio | None
Kevin | None
Matt | None
David | None
Andrew | None
Nicolas | None
Dustin | None
Stacy | None
Vipin | None
Athanasia | None
Nathan | None
Simon | None
Andrew | None
Prasad | None
Srikanth | None
Marlin | None
Mindy | None
Girish | None
Stacey | None
Julie | None
Rajiv | None
Gary | None
Sean | None
Indu | None
Andrew | None
Matt | None
Chris | None
TEAM | None
Chris | None
alana | None
shea | None
satya | None
kishore | None
brooke | None
Brooke | None
Amrit | None
Antoinette | None
Vini | None
Rakesh | None
Sharath | None
Tena | None
Nevin | None
Christian | None
Christian | None
Michelle | None
Joe | None
Simon | None
Daleini | None
Lindsay | None
Martha | None
Joe | None
Bonnie | None
Davinder | None
Ben | None
Rocco | None
Lakisha | None
Stephane | None
Daleini | None
Latora | None
Lindsay | None
Rodrigo | None
Craig | None
Cindy | None
Steven | None
Chris | None
Michelle | None
Laurie | None
Paul | None
David | None
Iyah | None
Stansha | None
Josh | None
Adam | None
Steve | None
Jonathan | None
Brian | None
Brett | None
Travis | None
Tony | None
Pamela | None
Owen | None
Kaitlyn | None
Courtney | None
Bert | None
Marc | None
Sandra | None
George | None
Sarah | None
Arielle | None
Tom | None
Maria | None
Paul | None
Angela | None
Byung-Mee | None
Niteen | None
Anna | None
Rachel | None
Daniel | None
Smitha | None
DENAI | None
Mabel | None
William | None
Timothy | None
Samantha | None
Kim | None
Jennifer | None
Lisa | None
Jessica | None
Olivia | None
Sharon | None
Claire | None
Lauren | None
Shedrack | None
Molly | None
Sydney | None
Joi | None
Tiane | None
Matthew | None
Mark | None
Michael | None
Mark | None
Kyle | None
Laura | None
Riley | None
Andrew | None
Dionne | None
Michele | None
Beth | None
Lauren | None
Nicholas | None
Mike | None
Gaston | None
Billie | None
Michael | None
Lucas | None
Joshua | None
Jim | None
Lisa | None
Bradford | None
Oren | None
Frank | None
Mike | None
Dominic | None
Lisa | None
Rachel | None
Tefera | None
Evan | None
Brad | None
Evan | None
Kasey | None
Brian | None
Francine | None
Matt | None
Robert | None
Tyler | None
Jeno | None
Matthew | None
Jim | None
Karen | None
Logan | None
Jeff | None
Brent | None
Mark | None
James | None
Bruce | None
Peter | None
Brooke | None
Fran | None
Kylie | None
Kathy | None
Richard | None
Mary | None
Sara | None
Rob | None
Peter | None
Thomas | None
Liza | None
Damien | None
Rob | None
Brooke | None
Mary | None
Zoe | None
Mike | None
Mark | None
Joseph | None
Jim | None
Thomas | None
Matt | None
Lee | None
Kasey | None
James | None
Joseph | None
Michael | None
Brent | None
Rob | None
Gail | None
Elizabeth | None
Karen | None
Stephen | None
Gale | None
Deborah | None
Patrick | None
Becky | None
Stefan | None
Jessica | None
Jim | None
Elizabeth | None
Willie | None
Zoe | None
Ashwini | None
Murali | None
Vince | None
Bobby | None
Melissa | None
Christine | None
boris | None
Jill | None
Renee | None
Joanne | None
Mike | None
Emil | None
John | None
Cory | None
Daniel | None
Marcus | None
Jerry | None
Jason | None
Jacqueline | None
Marianna | None
Patty | None
Brittany | None
Dan | None
Ed | None
Earl | None
James | None
Jeno | None
Dennis | None
Iris | None
Andrew | None
Debbie | None
Kenneth | None
Barry | None
Jordan | None
Benjamin | None
Kaitlyn | None
Steven | None
Rob | None
Lillian | None
Pattie | None
Lindsey | None
Vanda | None
Christine | None
Jackie | None
Tricia | None
Alberto | None
Jessica | None
Benjamin | None
Nyree | None
Michael | None
Lawrence | None
Dave | None
Betty | None
Leah | None
Melissa | None
Jawanna | None
Noelle | None
Dharmesh | None
Dave | None
Jon | None
Andrew | None
Liza | None
mary | None
Rebecca | None
Sean | None
3 | None
Victoria | None
Jasmine | None
Jeff | None
Pat | None
Christina | None
Patrick | None
Kalin | None
Kaley | None
Ellen | None
Erin | None
Jonathan | None
Vanessa | None
Chet | None
Elizabeth | None
Lisa | None
Meghan | None
Ashland | None
Jeffrey | None
David | None
Mary | None
Christopher | None
Elizabeth | None
Estefania | None
Josette | None
Kristiana | None
Nikita | None
Tara | None
Elizabeth | None
Thomas | None
Tiffany | None
Madeline | None
crystal | None
darren | None
devin | None
gabby | None
kristi | None
jordan | None
kyle | None
richard | None
tiffany | None
Kate | None
Richard | None
jennifer | None
Rebecca | None
james | None
Maria | None
Ashley | None
Bridget | None
Courtney | None
Darren | None
Delaney | None
Devin | None
Peter | None
Curt | None
Gabby | None
Ian | None
James | None
Jennifer | None
Jordan | None
Kyle | None
Devin | None
Julie | None
Jen | None
Melissa | None
Natalie | None
Angela | None
Jade | None
Daniel | None
Julie | None
Jenny | None
Calvin | None
Dana | None
Caitlin | None
Clara | None
Brian | None
Chris | None
Annie | None
Daniel | None
Jason | None
Michael | None
Brian | None
Colin | None
Nicole | None
Stefany | None
Sarah | None
Pamee | None
Phillip | None
Santiago | None
Naomi | None
Nganda | None
Nicole | None
Mark | None
Matthew | None
Meredith | None
Megan | None
Lina | None
Karina | None
Lance | None
Kenneth | None
Travis | None
María | None
Ciara | None
Jeffrey | None
Anthony | None
Jim | None
Pamee | None
Kapil | None
Debashish | None
Dorian | None
Wyatt | None
TJ | None
Payton | None
Patrick | None
Michael | None
Kristie | None
Jordan | None
Jason | None
Hilary | None
Heather | None
Frederick | None
Edward | None
Chris | None
Alex | None
Lance | None
Jonathan | None
Jon | None
Rhonda | None
Lina | None
Karen | None
Rhonda | None
Jennifer | None
Giovanni | None
Tracy | None
Carl | None
Andrea | None
Jeff | None
Alejandra | None
Alejandra | None
Karen | None
Santiago | None
Stefany | None
Keith | None
Heather | None
Jacob | None
Ryan | None
Matthew | None
Elizabeth | None
Rich | None
Daryn | None
Carl | None
Ciara | None
Davis | None
Brittney | None
Brendon | None
Anthony | None
Ashley | None
Barbie | None
Casillas | None
Jade | None
Chelsey | None
Shannon | None
Javonte | None
Lisa | None
David | None
David | None
Gabrielle | None
Courtney | None
Cory | None
Charles | None
Charles | None
Chad | None
Amanda | None
Ashley | None
Angela | None
Lynn | None
Jordyn | None
Sonja | None
Becky | None
Erik | None
Nicole | None
Jessica | None
John | None
Kenneth | None
Kimberly | None
Kristen | None
Larry | None
Marc | None
Niki | None
Ryan | None
Shanda | None
Shawna | None
Jim | None
Taylor | None
Jake | None
Jessica | None
Jeremy | None
Jason | None
Alison | None
Troy | None
Natalie | None
Anne | None
Bo | None
Bobby | None
Caleb | None
Cindy | None
Jeremy | None
Douglas | None
Duston | None
Sara | None
Stephanie | None
Donald | None
Trina | None
hana | None
Taylor | None
Scott | None
Leia | None
John | None
Garrett | None
James | None
Jacqueline | None
Daniel | None
Walter | None
Natalie | None
Jim | None
Kyle | None
Kristin | None
Bill | None
Scott | None
yinka | None
Tiffany | None
Ronald | None
Jwalin | None
William | None
Thomas | None
Meghann | None
William | None
Alexa | None
Vivian | None
Elizabeth | None
Daniel | None
Chaz | None
Lei | None
Chris | None
Mike | None
Emma | None
Katie | None
William | None
Ann | None
Andrew | None
Arvel | None
Kevin | None
Stephanie | None
Paul | None
Anuraj | None
John | None
Gunnar | None
Edward | None
Hulya | None
Ali | None
Poonam | None
Carol | None
Taylor | None
Kate | None
Brenda | None
Krystal | None
Caroline | None
Melanie | None
Daniel | None
Paul | None
Liz | None
Jackson | None
Ashley | None
Keith | None
Joe | None
Caroline | None
Kimberly | None
Mark | None
Michelle | None
Cassandra | None
Greg | None
Gunnar | None
Lisa | None
Geoff | None
Edward | None
Chakira | None
Autumn | None
Ashley | None
Alycia | None
Jacob | None
Cassandra | None
Taylor | None
Andrew | None
Kate | None
Carol | None
Ali | None
Keith | None
Daniel | None
Kimberly | None
Patrick | None
Max | None
Kevin | None
Charles | None
Stephanie | None
Sondra | None
Silas | None
Brittany | None
Sarah | None
Patti | None
Michelle | None
Liz | None
Michael | None
Melanie | None
Scot | None
Abbie | None
Joseph | None
Joseph | None
Jessica | None
Kelly | None
Lori | None
David | None
Chelsea | None
Ryan | None
Duke | None
Amanda | None
Stacy | None
Scott | None
Kelsey | None
Amanda | None
Shanika | None
Steven | None
Ronald | None
Osarogie | None
Michael | None
Darrian | None
Austin | None
ABIE | None
Desmond | None
Niyaad | None
Haleemah | None
Tyre | None
Osagie | None
Sydney | None
Ramesh | None
David | None
Ashley | None
Terry | None
Cindy | None
Voravit | None
Jean | None
Christopher | None
Kylie | None
Alex | None
Amy | None
Kelly | None
Krissy | None
Leticia | None
Jenni | None
Giselle | None
Rachel | None
Matt | None
Kyle | None
Anthony | None
Megan | None
Haley | None
Alexa | None
Saif | None
Jeff | None
Chad | None
Zachary | None
Samantha | None
Sean | None
Simran | None
Trevor | None
Taylor | None
Victoria | None
Vishvrajsinh | None
Victor | None
Abby | None
Alicia | None
Alison | None
Tomoko | None
shubham | None
Ravi | None
Samara | None
Rosemarie | None
Riley | None
Nina | None
Nicole | None
Marlene | None
Melissa | None
Matt | None
Madison | None
Madison | None
Michele | None
Lauren | None
Lashonte | None
Spencer | None
Andrew | None
Chase | None
AnNur | None
Tori | None
Taylor | None
Taylor | None
Samantha | None
PJ | None
Noreen | None
Nicolette | None
Nicolette | None
Monique | None
Melanie | None
Maxine | None
Madeleine | None
Lisa | None
Annika | None
Leslie | None
Leslie | None
Kelly | None
Katie | None
Kathryn | None
Juliette | None
Joseph | None
Jenna | None
Haley | None
Denise | None
Dayanara | None
David | None
Lindsey | None
Leslie | None
Dani | None
Kerri | None
Kyle | None
Kieran | None
Ravi | None
Jaclyn | None
Ashley | None
Julie | None
Edward | None
Lisa | None
Joe | None
Caroline | None
Michael | None
Emanuela | None
Carly | None
Alana | None
Colin | None
Steve | None
Nadia | None
Michael | None
Kyle | None
John | None
Janine | None
Corinne | None
Andrew | None
Elle | None
Casey | None
Alex | None
Jaimee | None
Kirk | None
Ky'Ohn | None
Kassandra | None
Jonathan | None
Jesse | None
Jonathan | None
Jennifer | None
Jennifer | None
Jessica | None
Jaimee | None
Hemant | None
Anna | None
Pam | None
Sean | None
Erich | None
Emily | None
Brian | None
Allison | None
Anida | None
Eva | None
Amber | None
Andrea | None
Ana | None
Brittney | None
Clayton | None
Dee | None
Danielle | None
Dana | None
Bridget | None
Kevin | None
Sharon | None
Becca | None
Michael | None
Brian | None
Dawn | None
Saralyn | None
Briana | None
Eric | None
Aubrey | None
Lily | None
Trent | None
Whitney | None
Katie | None
Ainsley | None
Lowell | None
Regina | None
Diana | None
Gregory | None
Susan | None
Jon | None
Daniele | None
Tiffany | None
Tanya | None
Irene | None
James | None
Nicole | None
Joseph | None
Nick | None
Amber | None
Josh | None
Fred | None
Christen | None
Sean | None
Anamaria | None
Garrett | None
Tim | None
Brian | None
Chris | None
Rob | None
Darius | None
Veness | None
Lee | None
Kevin | None
Ryan | None
Ana | None
Shannon | None
Jose | None
Miguel | None
Katelyn | None
Shannon | None
Erin | None
Mallory | None
Cortlyn | None
Caleb | None
Lina | None
Mikhail | None
Daniel | None
Olivia | None
Bill | None
Brent | None
Kate | None
Alisha | None
Erial | None
Sammy | None
Ryan | None
David | None
Theodore | None
Britt | None
Nathan | None
Andrew | None
Gary | None
McKenna | None
Bianca | None
Howard | None
Mily | None
Jill | None
Charles | None
Allen | None
Adam | None
Alisia | None
Ryan | None
Aric | None
Johan | None
Veronica | None
Lantz | None
Kyle | None
Ryan | None
Brian | None
Jose | None
Caleb | None
Veronica | None
Mikhail | None
Johan | None
Aric | None
Ryan | None
Alisia | None
Adam | None
Allen | None
Lina | None
Jordan | None
Jill | None
Christina | None
Mily | None
Howard | None
Bianca | None
McKenna | None
Maureen | None
Regan | None
Meghan | None
Domenic | None
David | None
Sarah | None
Sara | None
Rebekah | None
Tim | None
Garrett | None
Anamaria | None
Sean | None
Domenic | None
Robert | None
Patrick | None
Sierra | None
Allyson | None
Kris | None
Byron | None
Samantha | None
Gabriel | None
Joseph | None
Heather | None
Brouce | None
Chelsea | None
Mikayla | None
Jason | None
Michael | None
Candace | None
Cortlyn | None
Michael | None
Chris | None
Nicole | None
Joseph | None
Nick | None
Amber | None
Josh | None
Fred | None
Katherine | None
Christen | None
Christin | None
Sloane | None
Hugo | None
Casey | None
Nathan | None
Kimberley | None
Andrew | None
Gary | None
Beth | None
Bob | None
McKenna | None
Bianca | None
Howard | None
Mily | None
Christina | None
Jill | None
Jordan | None
Lina | None
Allen | None
Kody | None
May-lissa | None
Cynthia | None
Adam | None
Alisia | None
Ryan | None
Aric | None
Johan | None
Mikhail | None
Veronica | None
Caleb | None
Jose | None
Courtney | None
Britt | None
Theodore | None
David | None
Stephen | None
Kathryn | None
Nicholas | None
Hugo | None
Keith | None
Kevin | None
Nathan | None
Chrys | None
Ashley | None
Delanie | None
Scott | None
Jennifer | None
Glenn | None
Brian | None
Sloane | None
Rebekah | None
Regan | None
Samantha | None
Daniel | None
Olivia | None
Bill | None
Sean | None
Brent | None
Kate | None
Alisha | None
Erial | None
Sammy | None
Ryan | None
Maureen | None
Tim | None
Garrett | None
Anamaria | None
Mallory | None
Erin | None
Shannon | None
Miguel | None
Rob | None
Ana | None
Ryan | None
Kevin | None
Lee | None
Veness | None
Darius | None
Alex | None
Jahseek | None
Charles | None
Cynthia | None
Kody | None
Kimberley | None
Courtney | None
Brandy | None
Stephen | None
Kathryn | None
Nicholas | None
Keith | None
Ashley | None
Scott | None
Jahseek | None
Alex | None
May-lissa | None
Glenn | None
Lantz | None
Ryan | None
Sean | None
Christen | None
Katherine | None
Fred | None
Josh | None
Amber | None
Nick | None
Joseph | None
Nicole | None
Chris | None
Michael | None
Cortlyn | None
Candace | None
Mikayla | None
Michael | None
Jason | None
Chelsea | None
Brouce | None
Heather | None
Joseph | None
Gabriel | None
Kyle | None
Byron | None
Kris | None
Allyson | None
Sierra | None
Patrick | None
Robert | None
Christin | None
Nathan | None
Daniel | None
Midhun | None
Ari | None
Beth | None
Josue | None
Ryan | None
McKenna | None
Sarah | None
Kimberley | None
Alisha | None
Evan | None
Theodore | None
Sammy | None
Raji | None
Nathan | None
Kevin | None
Bill | None
Olivia | None
Kevin | None
Kate | None
Kathryn | None
Glenn | None
Sloane | None
May-lissa | None
Scott | None
Nathan | None
Darius | None
Biju | None
Ryan | None
Rylann | None
Brent | None
Scott | None
Brandy | None
Britt | None
Daniel | None
Courtney | None
Kate | None
Timothy | None
Hector | None
Bob | None
Hugo | None
Ashley | None
Casey | None
Chrys | None
Donald | None
Meg | None
Brittani | None
Sloane | None
Norman | None
Lisa | None
Kimberley | None
Jahseek | None
Sanoop | None
Emily | None
Iyat | None
Sara | None
Chrys | None
Katelyn | None
Charity | None
Kody | None
Maureen | None
Joseph | None
Michael | None
Tim | None
Nicole | None
Fred | None
Cortlyn | None
Garrett | None
Anamaria | None
Brian | None
Josh | None
Sean | None
Molly | None
Vishal | None
Jennifer | None
Daniel | None
Kyle | None
Candace | None
David | None
Katherine | None
Rebekah | None
Sanoop | None
Meghan | None
Jordan | None
Nicholas | None
Domenic | None
Ram | None
Brandy | None
Howard | None
Regan | None
Heather | None
Jason | None
Alex | None
Beth | None
Hugo | None
Caitlin | None
Alexander | None
Veness | None
Cynthia | None
Katelyn | None
Stephen | None
Shannon | None
Ryan | None
Mallory | None
Christina | None
Brandy | None
Mily | None
Shannon | None
Robert | None
Sara | None
Allyson | None
Christopher | None
Jahseek | None
K | None
Jill | None
Gabriel | None
Ana | None
Byron | None
Christin | None
Brouce | None
Sierra | None
Molly | None
Keti | None
Dulce | None
Saúl | None
Jonathan | None
Alisha | None
Keith | None
Kathryn | None
Bill | None
Sammy | None
Theodore | None
Erial | None
Akhilasha | None
Kimberley | None
Ryan | None
Larry | None
Kate | None
Britt | None
Caitlin | None
Anita | None
Ram | None
Kevin | None
Rebekah | None
Josue | None
Glenn | None
Christopher | None
Sloane | None
Courtney | None
Regan | None
Jordan | None
Delanie | None
Bob | None
Shannon | None
Kyle | None
Katelyn | None
Jennifer | None
Iyat | None
Eric | None
Delanie | None
Christopher | None
Charity | None
Casey | None
Bob | None
Beth | None
Arnold | None
Alex | None
Meghan | None
Christopher | None
Gabriel | None
Katherine | None
Mallory | None
Ana | None
Christina | None
Michael | None
Jason | None
Nathan | None
Ryan | None
Jeffrey | None
David | None
Beth | None
Kody | None
Candace | None
Rebekah | None
Kesly | None
Stephen | None
Mily | None
Christina | None
Katherine | None
Mallory | None
Daniel | None
Sara | None
Kody | None
Jeffrey | None
Ana | None
Jordan | None
Account | None
Domenic | None
Shannon | None
Nicholas | None
Shannon | None
Francis | None
Emily | None
Eric | None
Aleah | None
Courtney | None
Sarah | None
Dennis | None
Sarah | None
Raji | None
Christopher | None
Molly | None
Jorge | None
Gabriel | None
Nathan | None
Allyson | None
Brouce | None
Chrys | None
Olivia | None
Patrick | None
Jill | None
May | None
Josh | None
Howard | None
Veness | None
Arnold | None
Casey | None
Sean | None
David | None
Cynthia | None
Vishal | None
Tim | None
Byron | None
Cortlyn | None
Joseph | None
Michael | None
Kyle | None
Candace | None
Christin | None
Jason | None
Sierra | None
Darius | None
Alex | None
Katelyn | None
Bob | None
Sara | None
Chelsea | None
Heather | None
Carolina | None
Dylan | None
Delanie | None
Arnold | None
Nicholas | None
Keti | None
Trish | None
Ryan | None
Carolina | None
Jordan | None
Caitlin | None
LinkedIn | None
Rebekah | None
Melissa | None
Michelle | None
Jordan | None
Domenic | None
Daniela | None
Saúl | None
Larry | None
Akhilasha | None
Josue | None
Anita | None
Natalie | None
Sarah | None
Josue | None
Sarah | None
Iyat | None
Brouce | None
Christin | None
Devin | None
taylor | None
rylann | None
robert | None
richard | None
ragu | None
nilesh | None
mohamed | None
keti | None
Kesly | None
kelsi | None
geoffrey | None
corey | None
christin | None
Josh | None
Kyle | None
Sloane | None
Scott | None
Caitlin | None
Geoffrey | None
Ram | None
Christopher | None
Charity | None
kaitlyn | None
vishal | None
Cedar | None
Bhuvana | None
Kevin | None
Keith | None
Kathryn | None
Stephen | None
May-lissa | None
Cynthia | None
Darius | None
Veness | None
Lee | None
Kevin | None
Ryan | None
Shannon | None
Rob | None
Miguel | None
Shannon | None
Erin | None
Charles | None
Lantz | None
Mikayla | None
Robert | None
Patrick | None
Sierra | None
Allyson | None
Kris | None
Byron | None
Delanie | None
Joseph | None
Glenn | None
Patrick | None
Alexander | None
Sarah | None
Dulce | None
Account | None
Shalini | None
Alexa | None
Caitlin | None
Ram | None
Jeffrey | None
Jonathan | None
Sanoop | None
Kyle | None
Gary | None
Nathan | None
Theodore | None
Sammy | None
Erial | None
Alisha | None
Brent | None
Sean | None
Bill | None
Olivia | None
Daniel | None
Samantha | None
Maureen | None
Andrew | None
K | None
Jordan | None
Anthony | None
Michelle | None
Thomas | None
Chris | None
Claudia | None
Daniel | None
Ellie | None
Francesca | None
Frank | None
Lital | None
Stacy | None
Tom | None
Beth | None
Ryan | None
Mark | None
Alexis | None
Logan | None
Evan | None
Lindy | None
Brooke | None
Douglas | None
Bob | None
Mike | None
Laurence | None
Oisin | None
Brian | None
Jack | None
Jody | None
Susie | None
Brenda | None
Darrell | None
Anne | None
Ellois | None
Jennifer | None
Lacie | None
Brenda | None
April | None
Susie | None
Samuel | None
Michelle | None
Alex | None
Sophie | None
Jill | None
Julianne | None
Krystal | None
Bill | None
April | None
Bo | None
Brenda | None
Alex | None
Neal | None
Paul | None
Grayson | None
Michael | None
Lilly | None
Julianne | None
Alexandra | None
Christopher | None
Claire | None
Gracen | None
Joel | None
Kim | None
Laura | None
Robert | None
Yaya | None
Lutrina | None
Chris | None
Susanne | None
Mary | None
Nikell | None
Sam | None
Sk | None
Lacie | None
Kristina | None
Jim | None
Nicholas | None
Carmela | None
Stephanie | None
Clint | None
Eric | None
Wende | None
Michelle | None
Nancy | None
Yang | None
Cheryl | None
Isabel | None
James | None
Karen | None
Hannah | None
Jaysai | None
Mike | None
Michael | None
Peter | None
Mae | None
Carl | None
Gloria | None
Timothy | None
Anthony | None
Amy | None
Sonja | None
Sirsij | None
Kate | None
Selena | None
Reena | None
Harish | None
Matt | None
Auri | None
Aman | None
David | None
Mike | None
Tom | None
Jean | None
Terence | None
Lou | None
Matthew | None
Joanne | None
Peter | None
Nicholas | None
Mark | None
Lisa | None
Erin | None
Rob | None
Alexis | None
Tyler | None
Philip | None
Rob | None
Matt | None
Hannah | None
Christina | None
Daniel | None
John | None
Kathleen | None
Marc | None
James | None
Kevin | None
Paul | None
Harry | None
Christopher | None
Chandan | None
Cade | None
Coleen | None
Elizabeth | None
Steve | None
Diana | None
David | None
Cynthia | None
Shawn | None
Jessica | None
Doug | None
Allyson | None
Dennis | None
Lilli | None
Jean | None
Alan | None
Dan | None
Kars | None
Tracy | None
Joseph | None
Sean | None
Chad | None
Jeff | None
Liliana | None
Glenn | None
James | None
Karen | None
Lisa | None
Jim | None
Tina | None
Blake | None
Mike | None
Kevin | None
Katelyn | None
Paul | None
Annie | None
Gary | None
Paul | None
Joshua | None
Nabanita | None
Mukesh | None
Doug | None
Joshua | None
Patrick | None
Franco | None
Pavan | None
Cindy | None
Eric | None
Tom | None
Jeff | None
Greg | None
Leonard | None
Julio | None
Eusebio | None
Amrish | None
David | None
Robert | None
Paul | None
Murray | None
Paulette | None
Nick | None
Michael | None
Naga | None
Krit | None
Simone | None
Trevor | None
Lewis | None
Marco | None
Jake | None
Anthony | None
Jeff | None
Todd | None
Missy | None
Ekaterina | None
Kathleen | None
Eli | None
Praveen | None
Angela | None
Brian | None
Andrew | None
Taylor | None
Ashley | None
Matt | None
Jeffrey | None
Jim | None
Mitch | None
Mohit | None
Marc | None
Colleen | None
Kevin | None
Sandeep | None
Venkat | None
Aleksandra | None
Scott | None
Bernard | None
Scott | None
Timothy | None
Rohit | None
Alixandra | None
Kara | None
Kishore | None
Sharon | None
Tony | None
Kyle | None
Dave | None
Danielle | None
Bill | None
Greg | None
Donna | None
Camille | None
Art | None
Dan | None
Ritwick | None
Ileana | None
Tony | None
Kate | None
David | None
David | None
Vin | None
Mohammed | None
John | None
Abigail | None
Ramiro | None
Kimberly | None
Brandon | None
Kumar | None
Arturo | None
Hazel | None
Manu | None
Harideep | None
Maheshkumar | None
David | None
PJ | None
Barbara | None
Tana | None
Reagan | None
Kyle | None
Ravi | None
Jordan | None
Brad | None
John | None
Ayan | None
Sophia | None
ARTHUR | None
Lee | None
Donna | None
Bob | None
Nikhil | None
Lian | None
Jordan | None
Gamaliel | None
Garrett | None
Jeff | None
Michael | None
Andrew | None
Austin | None
Rafa | None
Todd | None
Marcus | None
Andria | None
Dennis | None
Ranjan | None
Jamey | None
Ashley | None
Brent | None
Sean | None
Christopher | None
Priscilla | None
Krunal | None
Juan | None
Neil | None
Maurice | None
Arturo | None
Karissa | None
Beau | None
Satya | None
Nandini | None
Brian | None
Jeremie | None
Brian | None
Jason | None
Prem | None
Vesna | None
Kim | None
Katie | None
Ashley | None
Heather | None
Darrell | None
Tim | None
Tanya | None
Cheri | None
Kristin | None
Lee | None
Chantel | None
Jason | None
Lennie | None
Gaurav | None
Jill | None
Sherry | None
Betsy | None
Pamela | None
Billy | None
Jason | None
Bryan | None
Marcy | None
Christopher | None
Rod | None
Nancy | None
Rich | None
Nicolette | None
Matt | None
Allen | None
Sammy | None
Trent | None
Tracy | None
Alaina | None
Brock | None
Sanjay | None
Catrina | None
Larissa | None
Bobby | None
Kristin | None
Richard | None
Ashley | None
Heather | None
Chad | None
Leslie | None
Jeremy | None
Adam | None
Jennifer | None
Jesse | None
Jeffrey | None
Latisha | None
Alexander | None
Tali | None
Grace | None
Chris | None
Richard | None
Ryan | None
Joseph | None
David | None
Justin | None
Ronald | None
Sally | None
April | None
Kenneth | None
Ty | None
John | None
Justin | None
Lesley | None
Josh | None
Chenoa | None
Branden | None
Bob | None
Todd | None
Gabrielle | None
Leigh | None
Vin | None
Colleen | None
Dominic | None
Cara | None
Taylor | None
Suzette | None
Michael | None
Scott | None
Will | None
Kathleen | None
Lester | None
Amy | None
Mike | None
Rick | None
Ryan | None
Jessie | None
Lewis | None
Jack | None
Jay | None
Blake | None
Itishree | None
Mason | None
Trey | None
Drew | None
Nayar | None
Derek | None
Michael | None
Brian | None
Trevor | None
Annie | None
Rachel | None
Jason | None
Alexander | None
Rebecca | None
Erin | None
Josh | None
Damon | None
Tom | None
Dustin | None
Simone | None
Colleen | None
Jim | None
Tony | None
Sharon | None
Kishore | None
Kara | None
Jason | None
Alixandra | None
Rohit | None
Timothy | None
Scott | None
Bernard | None
Scott | None
Raja | None
Sahil | None
Erin | None
Michael | None
Danielle | None
Bill | None
Greg | None
Kevin | None
Sandeep | None
Venkat | None
David | None
Joan | None
David | None
Kate | None
Krit | None
Tony | None
Ritwick | None
Dan | None
Art | None
Jacob | None
Jay | None
Camille | None
Donna | None
Ileana | None
Brittany | None
Roman | None
Dwayne | None
Ken | None
Angie | None
Julia | None
Bill | None
Nick | None
Maggie | None
Kevin | None
Hannah | None
Salil | None
Stacey | None
Keith | None
Prasad | None
Jeff | None
Shanda | None
Chantel | None
Casey | None
Katie | None
John | None
Michael | None
Christopher | None
Yaroslav | None
Chris | None
Jonelle | None
Mauro | None
Timothy | None
Daniel | None
Sachin | None
Stacy | None
Kurt | None
Tom | None
Siddhanth | None
Anthony | None
Melisa | None
Murray | None
Catherine | None
John | None
Elizabeth | None
Linda | None
Matt | None
Susan | None
Dinesh | None
Ian | None
Susan | None
Darklee | None
Tracee | None
Harry | None
Sujin | None
Nayeli | None
Mark | None
Fredy | None
Michael | None
Martin | None
Carl | None
Richard | None
Shelby | None
Victor | None
Jamie | None
Adam | None
Almira | None
Jason | None
Hodge | None
Elizabeth | None
Roderick | None
Steve | None
Tammy | None
Sam | None
David | None
Alvaro | None
Corne | None
Ryan | None
Ignacio | None
Jason | None
Tony | None
Todd | None
Benjamin | None
Paulo | None
Danielle | None
Charlie | None
Susan | None
Dan | None
Katie | None
Preston | None
Jennifer | None
Dave | None
Lisa | None
Kimberly | None
Eivind | None
Nick | None
Anuj | None
Harry | None
Kaila | None
Michael | None
Aren | None
Mitchell | None
Amy | None
Traci | None
Kathryn | None
Brenda | None
Jerry | None
Nate | None
Ingrid | None
David | None
Kristina | None
Todd | None
Karen | None
Bhanu | None
Michelle | None
Diana | None
Donnie | None
Kenneth | None
Brian | None
Joy | None
Richard | None
Steve | None
Dana | None
Chad | None
Wyre | None
Justin | None
Doug | None
Georgette | None
Philynda | None
Nickey | None
Claire | None
Taylor | None
Tiffany | None
Kirsten | None
himani | None
Stephanie | None
Hunter | None
Eric | None
Tom | None
Judy | None
Christopher | None
Tricia | None
Meena | None
Claudia | None
Betty | None
Vipin | None
Vanessa | None
Cali | None
Joshua | None
Sukesh | None
Sreekanth | None
Santosh | None
Amanda | None
Shailaja | None
Chandresh | None
Renee | None
Gabriela | None
Valeria | None
Srinivas. | None
Prayant | None
Sue | None
David | None
bridgette | None
elliot | None
jennifer | None
joe | None
matt | None
Alex | None
sylvia | None
Morris | None
Chad | None
Bill | None
Dan | None
Rachel | None
Christopher | None
Sherah | None
Jennifer | None
Seth | None
Angelina | None
Colleen | None
Tricia | None
Lori | None
Charity | None
Wes | None
Bethany | None
Chrystelle | None
Blair | None
Tristan | None
Kristine | None
Bailey | None
Tony | None
Rod | None
Susan | None
Jaimie | None
Nancy | None
Mark | None
Khemberly | None
Pamela | None
Caitlin | None
Pamela | None
Bryan | None
Julie | None
Mauro | None
Brooks | None
Kevin | None
Kristain | None
Todd | None
pamela | None
Addie | None
Ellie | None
Ellie | None
Dawson | None
christine | None
evan | None
Christine | None
Ann | None
Michael | None
Chris | None
Bryan | None
David | None
Julie | None
David | None
Brenna | None
Caitlin | None
Carolyne | None
Evan | None
Julia | None
Kaylyn | None
Limayri | None
Rachel | None
Emma | None
Chris | None
Robert | None
Mauro | None
Steve | None
Todd | None
Pamela | None
Sunny | None
Christine | None
Kristain | None
Allyson | None
David | None
Christopher | None
Walaa | None
Jennifer | None
Keryn | None
Olivia | None
Celesta | None
Christina | None
John | None
Stefania | None
Rachel | None
Torri | None
Madison | None
Lauren | None
Phoebe | None
Brenda | None
Alyson | None
Laura | None
Renato | None
Andrea | None
Hannah | None
Steve | None
David | None
Christopher | None
Rachel | None
Christina | None
Kristi | None
Kip | None
Athina | None
LinkedIn | None
Andrea | None
keeghan | None
kristi | None
sean | None
shane | None
sophie | None
stefania | None
taylor | None
Sarah | None
katie | None
Allyson | None
Michael | None
Alyson | None
Amy | None
Andrew | None
Dan | None
Emileigh | None
Ethan | None
Griffin | None
Jack | None
jennifer | None
John | None
Destiny | None
Neil | None
Shane | None
Luis | None
Karyn | None
Angel | None
Steve | None
Patricia | None
Alexandra | None
David | None
Laura | None
Natalia | None
Phoebe | None
Athina | None
Karla | None
Jordan | None
Bridget | None
Ankush | None
Jim | None
Karyn | None
Leandra | None
Lisa | None
Kerwin | None
Luis | None
Mistty | None
Heather | None
Renato | None
Valentine | None
Steve | None
Amanda | None
Keryn | None
Rachel | None
Adam | None
Hannah | None
Christina | None
David | None
Madison | None
Gina | None
Jim | None
Marta | None
Katie | None
Lori | None
Jennifer | None
Renato | None
Phoebe | None
Keryn | None
Sarah | None
Sam | None
Samuel | None
Lauren | None
Stefania | None
Shane | None
Natalia | None
Sean | None
Taylor | None
Jennifer | None
Bryan | None
Caroline | None
Laura | None
Julianne | None
Phoebe | None
Madison | None
Natalia | None
Christopher | None
Kip | None
Jim | None
Kristiana | None
Stephanie | None
Srila | None
Sophia | None
Sarah | None
Sarah | None
Sarah | None
Stephen | None
Shannon | None
Vera | None
Kailey | None
Hadiya | None
Hovie | None
Hugo | None
Jebas | None
Jimena | None
Jobish | None
John | None
Rosemary | None
Kainat | None
Virginia | None
Roberto | None
Jamal | None
Ope | None
Laiba | None
Jennifer | None
Sydney | None
Robert | None
Kim | None
Iffath | None
Dorian | None
Anisa | None
Lyndon | None
Kate | None
Jonathan | None
Sanad | None
Mihaela | None
Jeremy | None
Hugo | None
Carla | None
Greg | None
David | None
David | None
Cindy | None
Helen | None
Harry | None
oliva | None
Paul | None
Catherine | None
Misti | None
Liza | None
Kim | None
Erma | None
Mary | None
Jeri | None
Jeff | None
Brad | None
Brett | None
Drew | None
Bernard | None
Lisa | None
Peyton | None
Roderick | None
Ryan | None
Emerson | None
Dina | None
Ellen | None
James | None
Debbie | None
Danielle | None
David | None
Chapman | None
Katie | None
Matt | None
Emily | None
Adam | None
Hayley | None
Nicole | None
Michael | None
Adreana | None
Tanya | None
Hunter | None
Ethan | None
Taylor | None
Luke | None
Stephen | None
Makenzie | None
Maggie | None
Mercedes | None
Liz | None
Kirah | None
Connor | None
Jordan | None
Joe | None
Brendan | None
Diana | None
Alexis | None
Caroline | None
Kareem | None
Cian | None
Toni | None
Tiffany | None
Taylor | None
Gregory | None
Sotero | None
Mackenzie | None
Genie | None
Adrine | None
Kathy | None
Andre | None
Griff | None
Jonathon | None
Janiya | None
Jack | None
Heidi | None
Gage | None
David | None
Fletcher | None
Jacelyn | None
Menil | None
Sam | None
Isabella | None
Britney | None
Haze | None
Tyrone | None
Sydney | None
Patrick | None
Britzy | None
Rayla | None
Abby | None
Elisabeth | None
Jacqueline | None
Carter | None
Daniel | None
Shaye | None
Nicholas | None
Norman | None
Justin | None
Ryan | None
Spencer | None
Britney | None
Norman | None
Firas | None
Jasmine | None
Kimberly | None
Tracy | None
David | None
Mike | None
Alycia | None
Kelly | None
Samuel | None
Chris | None
Adisa | None
Hui | None
Robyn | None
Anthony | None
Matthew | None
Maria | None
Makenna | None
Makayla | None
Kristen | None
keri | None
Kennedy | None
Kaylee | None
Kayla | None
Katie | None
Kady | None
Jerry | None
Javon | None
Jade | None
Hiba | None
Hampton | None
Gracie | None
Meghan | None
Fiona | None
Michael | None
Sharita | None
Kameron | None
Derek | None
Taylor | None
Tamra | None
Steven | None
Stephanie | None
Sophia | None
Scott | None
Sarah | None
Sarah | None
Sara | None
Patrick | None
Nicolette | None
Nadia | None
Morgan | None
Mohamed | None
Mitchell | None
Melissa | None
Faith | None
Dustin | None
Dana | None
shirley | None
joshua | None
devin | None
coumba | None
britney | None
anthony | None
Emma | None
Priscilla | None
Haden | None
Grace | None
Elena | None
Jaime | None
Liv | None
Lesley | None
Greetings | None
Greetings | None
Tony | None
Perry | None
Richard | None
Rigoverto | None
Drew | None
Dylan | None
Heidi | None
Molly | None
Christopher | None
Chloe | None
Charles | None
Chandler | None
Chandler | None
Brittany | None
Brandy | None
Wes | None
Bella | None
Ashley | None
Annie | None
Anja | None
Angelica | None
Allison | None
Adrian | None
Abby | None
Zachary | None
Will | None
Sasha | None
Ashley | None
Sawyer | None
Jacob | None
Ariana | None
Drew | None
Sara | None
Lyndi | None
Dayna | None
Andy | None
Isabella | None
Chase | None
Janette | None
Sydney | None
Chelsea | None
Crystal | None
Benton | None
Chris | None
Michelle | None
Lily | None
Emma | None
Michelle | None
Brenda | None
Autumn | None
Katrina | None
Selina | None
Andrea | None
Lucas | None
Michael | None
Kate | None
Shokie | None
Michael | None
Brian | None
Bryan | None
Dimonique | None
Brayden | None
Dayne | None
Laney | None
Daniela | None
Marcus | None
Jake | None
Cheryl | None
Kylee | None
Justin | None
Brian | None
Sara | None
Melissa | None
Dimitri | None
Jenna | None
Joe | None
Kolby | None
Lindsey | None
Zoanna | None
Macie | None
Taylor | None
Kelsey | None
Matthew | None
Vanja | None
Addison | None
Christiana | None
Connor | None
Andrew | None
Vy | None
Lo | None
Ryen | None
Ana | None
Emmalee | None
Angela | None
Bryce | None
Skylar | None
Leah | None
Jaiden | None
Sammi | None
Will | None
Gina | None
Emma | None
Haley | None
Kyle | None
Julien | None
Serj | None
Nancy | None
Jocelyn | None
Chandler | None
Austin | None
Chyane | None
Rob | None
Lexie | None
Deidra | None
Elizabeth | None
Garrett | None
Chase | None
Mitchell | None
Claire | None
LaToya | None
Nolan | None
Francesca | None
Alex | None
Jessica | None
Ryan | None
Rachel | None
Chandelier | None
Sophia | None
JD | None
Bryn | None
Irene | None
John | None
Justin | None
Keely | None
Nicole | None
Hinson | None
Renata | None
Josh | None
Catherine | None
Matt | None
Adolfo | None
Alim | None
Harry | None
Molly | None
Victoria | None
Josie | None
Tiffany | None
Caroline | None
Donna | None
Julianna | None
Christine | None
Taylor | None
Jason | None
Angel | None
Dan | None
Monique | None
Trey | None
Charlsie | None
Kyle | None
Kailee | None
Ellie | None
Elizabeth | None
Haley | None
Ambar | None
Andrew | None
Effie | None
Spencer | None
Jay | None
Will | None
Seraya | None
Kelly | None
Morgan | None
Sydney | None
Kinley | None
Matt | None
Francesca | None
Ryan | None
Amber | None
Luigi | None
Lindsay | None
Nicholas | None
Kayana | None
Christopher | None
Zeinab | None
John | None
Joshua | None
Brady | None
Max | None
Caroline | None
Carly | None
Sydnee | None
Jessica | None
Tiffany | None
Jordan | None
Olivia | None
Destiny | None
Hillary | None
Theresa | None
Presley | None
Sarah | None
Kimberly | None
Oscar | None
Bryan | None
Remi | None
Chae | None
Anna | None
Molly | None
Amanda | None
Desirae | None
Cierra | None
Tyree | None
Kyle | None
Kayla | None
Stephanie | None
Dee | None
Paula | None
Coumba | None
Lilia | None
Claire | None
Micah | None
Jamie | None
Tara | None
Jack | None
Lisa Fletcher | None
Mark Davidson | None
Ella Williams | None
Shanell Fairell | None
Grant Cooper | None
Yolanda Manyonta | None
Mohamed Assani | None
Wade Hughes | None
Rikae Covington | None
Darris Davis | None
Corbin McNett | None
Greg Malever | None
Alonzo Bacon | None
Bria Miller | None
Alicia Bonaccorso | None
Rustin Tryon | None
Todd Obrien | None
Eric Butler | None
Leon Jang | None
Bill Parrott | None
Jordan K | None
Andi W | None
Ronnie Byron | None
Josh | None
Daniel | None
Jessica | None
Joe | None
Michael | None
Sebastian | None
Robert | None
Stephanie | None
Michelle | None
Jacquelyn | None
Paul | None
Janean | None
Yom | None
Daniel | None
Stephanie | None
Shannon | None
Sebastian | None
Rochelle | None
Robert | None
Lori | None
Kathleen | None
Josh | None
Joe | None
Jacquelyn | None
Eben | None
Adam | None
Tunde | None
Jerry | None
Eben | None
Wes | None
Tunde | None
Troy | None
Sonja | None
Sarah | None
Michael | None
Kayla | None
Freddie | None
Devon | None
Denisha | None
Deidre | None
David | None
Alyssa | None
Christine | None
Brian | None
Dan | None
Antonio | None
Kaitlin | None
Abdur | None
Virginia | None
Bernard | None
Kathleen | None
Rochelle | None
Yom | None
Dan | None
Alyssa | None
Paul | None
Erin | None
Monica | None
Mike | None
Judy | None
Alexandria | None
Winnie | None
Shelby | None
Salvatore | None
Sarah | None
Rebecca | None
Rachel | None
Phokham | None
Patiece | None
Caitlyn | None
Nancy | None
Marianna | None
Mike | None
Morgan | None
Morgan | None
Marcia | None
Louisa | None
Karrie | None
Kelly | None
Jessica | None
Joanne | None
Justine | None
Jeffrey | None
Michael | None
Sarah | None
Cody | None
Blake | None
Alexandria | None
Alexis | None
Tyler | None
Julie | None
Corey | None
Cameron | None
Tia | None
Dawn | None
Esmeralda | None
Kyle | None
Vicky | None
Ana | None
Juan | None
Jacobo | None
Else | None
Robert | None
Renee | None
Andrea | None
James | None
Natalia | None
Priscilla | None
Lourdes | None
Brittany | None
Andy | None
Jojo | None
Liz | None
William | None
Holly | None
Shannon | None
Gregory | None
Debbie | None
Dawn | None
Gaby | None
Ashley | None
Tim | None
Chasity | None
Anthony | None
Sekhar | None
Connor | None
Shawn | None
Jack | None
Victoria | None
Will | None
Jonathan | None
Daksh | None
Larry | None
Juan | None
Jacob | None
Tyler | None
Lee | None
Mark | None
Mairead | None
Mark | None
Ankur | None
Kyle | None
Lamar | None
Michael | None
Jackson | None
Sri | None
Scott | None
Alex | None
Matthew | None
Casey | None
Matthew | None
Jaspreet | None
Adilah | None
Michael | None
Christina | None
Harsh | None
Chris | None
Joseph | None
Aastha | None
Anthony | None
Brandon | None
Jake | None
Vincent | None
Zack | None
Teleses | None
Sean | None
Jacob | None
Dylan | None
Andrew | None
Amanda | None
Kristie | None
Sherry | None
Casey | None
Erin | None
Mike | None
Brian | None
Sarah | None
Maria | None
Mike | None
Jordan | None
Burnell | None
Gaurav | None
Mohinder | None
Avinash | None
Grace | None
Andrew | None
Aubree | None
Ricky | None
Richard | None
Shoeb | None
Amanda | None
Alexsis | None
Vladimir | None
Jones | None
Cody | None
Brad | None
Lawrence | None
Zach | None
Pooja | None
Christopher | None
David | None
Menno | None
James | None
Janet | None
Hardeep | None
Eric | None
Mark | None
Gaurav | None
Brittany | None
Judy | None
Adam | None
Bassan | None
Nikki | None
Ryann | None
Jeffrey | None
Misha | None
John | None
Bill | None
Stuart | None
Max | None
Anthony | None
Richard | None
Jonathan | None
Nandani | None
Chad | None
Vaibhav | None
Adrianne | None
Katie | None
Christopher | None
Stephen | None
Jake | None
Kuber | None
Kanishk | None
Kaushal | None
Diana | None
Naresh | None
Ken | None
Bryce | None
Suhaib | None
Clay | None
Ranjeeth | None
Michelle | None
James | None
Jitender | None
Andrew | None
Nicole | None
David | None
Aditi | None
Alexandria | None
Rajni | None
Rachelle | None
Jatin | None
Sandeep | None
Supratim | None
Qutubuddin | None
Sujan | None
Tanu | None
BADAL | None
Jaya | None
Mohinder | None
Devansh | None
Ravi | None
Syed | None
Athul | None
Cole | None
Gaurav | None
Craig | None
Haley | None
Rajat | None
Jessica | None
Kumar | None
Himanshu | None
Farhan | None
Arjun | None
Jonathan | None
Muhammad | None
Danish | None
Bhavneet | None
Isabel | None
Paige | None
Melissa | None
Vaseem | None
Rebecca | None
Jake | None
Emily | None
Brittany | None
Nick | None
Harender | None
Christian | None
Sujata | None
Jason | None
Jake | None
Pooja | None
Bill | None
Zachary | None
Lamont | None
Keefe | None
Faiza | None
Robert | None
Sneha | None
Yatharth | None
Aamir | None
Johnson | None
Shane | None
Richard | None
Jithendra | None
Eric | None
Joe | None
Hayley | None
Sahil | None
Shoeb | None
Lauren | None
Max | None
Rosana | None
Abdul | None
Henry | None
Happy | None
Jamesha | None
Ecaterina | None
Jennifer | None
Tom | None
Beth | None
Devanshu | None
Ekta | None
Craig | None
Rebecca | None
Duc | None
Isabel | None
Jeff | None
Annie | None
Marysa | None
Kaitlyn | None
Eric | None
Joy | None
Craig | None
Rebecca | None
D | None
Eric | None
Isabel | None
Kaitlyn | None
Tony | None
Bryan | None
Annie | None
Greetings | None
Lisa | None
Stephen | None
D | None
Sabath | None
Jeff | None
Rachel | None
Brianna | None
Siobhan | None
Emilie | None
Russ | None
Caitlin | None
Amy | None
Ellie | None
Julie | None
Megan | None
Lissie | None
Jare | None
Dorreen | None
Derek | None
Dave | None
Emily | None
Lisa | None
Ashley | None
Hillary | None
Miriam | None
Kari | None
Joseph | None
Amanda | None
Tyler | None
Daniel | None
Brandon | None
Mary | None
Maria | None
Britnee | None
Ryan | None
Leticia | None
Celimar | None
Deni | None
Kathryn | None
Hunter | None
Phawn | None
Thomas | None
Nick | None
Meredith | None
Graham | None
Marianne | None
Sam | None
Matt | None
Nanci | None
Jacob | None
Julia | None
Clay | None
Paul | None
Michael | None
Jeff | None
Rose | None
Heath | None
Leslie | None
Amy | None
Kristie | None
Thelma | None
Aldo | None
Michael | None
Amy | None
Kristie | None
Sharmila | None
Leslie | None
Meloni | None
Clay | None
Aldo | None
Kelshanique | None
Paul | None
Arshad | None
Michael | None
Raksha | None
Thelma | None
Monica | None
Michael | None
Jeff | None
Michael | None
Heath | None
Monica | None
Leslie | None
Aldo | None
Arshad | None
Julia | None
Sharmila | None
Michael | None
Mark | None
Thelma | None
Aldo | None
Rose | None
Amy | None
Raksha | None
Jeff | None
Kelshanique | None
Monica | None
Meloni | None
Arshad | None
Meloni | None
Mark | None
Rose | None
Jeff | None
Thelma | None
Julia | None
Michael | None
Heather | None
Reid | None
David | None
Tim | None
Cassie | None
Paul | None
Mandissa | None
Jonathan | None
Tony | None
Rob | None
Brandon | None
David | None
Kevin | None
Natalie | None
Silvio | None
Leonardo | None
Bruno | None
Joice | None
Diego | None
Amy | None
Jarrett | None
Michelle | None
Patrick | None
Jane | None
Joshua | None
Brock | None
Michael | None
Alexa | None
Kevin | None
SJ | None
Jeselle | None
Kirby | None
Natale | None
Nikole | None
Jacqui | None
Von | None
Hayley | None
Neha | None
Pax | None
Rupaul | None
Vaibhav | None
Hayley | None
Riddhi | None
Dan | None
Tarek | None
Dang | None
Joseph | None
Eric | None
Aco | None
Megan | None
rupaul | None
Tim | None
Pax | None
riddhi | None
Eric | None
Vaibhav | None
Sherwin | None
Jay | None
Hayley | None
Aco | None
Joseph | None
Michael | None
Dang | None
Andrew | None
Ashish | None
Chirs | None
Dan | None
Emeka | None
Karen | None
Ta-Nika | None
Aynalem | None
David | None
Debbie | None
Amanda | None
Hector | None
Devynn | None
Danyell | None
Alicia | None
MarShayla | None
Brooke | None
Elizabeth | None
LaJuanda | None
Ebbony | None
Jihun | None
Christopher | None
John | None
Kelly | None
Arris | None
Alicia | None
Kendell | None
Jelesa | None
Larae | None
Tasha | None
Lisa | None
Charles | None
Alisianna | None
Zinedine | None
Brian | None
Zinedine | None
jordan | None
damon | None
Brooke | None
Erica | None
Mark | None
Mark | None
Helen | None
Ward | None
Zinedine | None
Dan | None
Jesse | None
Yolanda | None
Beverly | None
Renee | None
Nancy | None
Jonathan | None
Tiara | None
Jason | None
Anne | None
Jessica | None
Joanna | None
Charles | None
Jason | None
Bryan | None
D'Arcy | None
Justin | None
Joanna | None
Jessica | None
Dan | None
Sridhar | None
Peter | None
Bryan | None
Brendon | None
Melanie | None
Apolonia | None
Katelyn | None
Jason | None
Molly | None
Justin | None
Charles | None
Gabrielle | None
Markiesha | None
Loraine | None
Katelyn | None
Peter | None
Jesse | None
Sylvia | None
Katira | None
Kamira | None
Joanna | None
Bryan | None
Charles | None
D'Arcy | None
Kristina | None
Apolonia | None
Charles | None
Jessica | None
Molly | None
Pam | None
Charles | None
Justin | None
Apolonia | None
Brady | None
Markiesha | None
Molly | None
Sridhar | None
Melanie | None
Peter | None
Brendon | None
Jaime | None
Beau | None
Gene | None
Brendan | None
Joe | None
Jess | None
Danny | None
Tyler | None
Kate | None
Elizabeth | None
Edith | None
Xena | None
Jim | None
Christina | None
Tim | None
Kaye | None
Kathryn | None
Shreyansh | None
Roxy | None
Farhana | None
Vijay | None
Dee | None
Amani | None
Kim | None
Paula | None
Annette | None
Cait | None
Courtney | None
Adriana | None
Anurag | None
Nina | None
Irene | None
Vandana | None
Gina | None
Yejin | None
Rachel | None
Beth | None
Andres | None
John | None
Paulino | None
Jasmine | None
Claudia | None
Daniela | None
Nina | None
Paula | None
Daun | None
Maureen | None
Charu | None
Leela | None
Maria | None
Amanda | None
Paula | None
Travis | None
Tricia | None
Allison | None
Ann | None
Noona | None
Karineh | None
Cait | None
Staceye | None
Sarah | None
Lisa | None
Ketta | None
Tiffany | None
Nikki | None
Lorena | None
Dionne | None
Maria | None
Amber | None
Silvia | None
Dolores | None
Allison | None
Abner | None
Marian | None
Kelly | None
Israa | None
Chandra | None
Suzie | None
Claudia | None
Kristy | None
Nancy | None
Jodi | None
Alexis | None
Elizabeth | None
Alyssa | None
Shelby | None
Maryellen | None
Sarah | None
Manwa | None
Eddie | None
Jack | None
Fahmida | None
Sarah | None
Ashley | None
Tyler | None
Hira | None
Donna | None
Jessica | None
Teresa | None
Caitlyn | None
Kathryn | None
Christine | None
Cristina | None
Phil | None
Liz | None
Matias | None
Stephen | None
Luis | None
Kristen | None
Jay | None
Noelle | None
Lauren | None
Sean | None
Austin | None
Ricky | None
TaVon | None
Robert | None
Jay | None
Audrey | None
Joel | None
Sierra | None
Neeraj | None
Randi | None
Hannah | None
Ken | None
Brian | None
Caitlyn | None
Sanmeet | None
Jhlechia | None
Michael | None
Diego | None
Jen | None
Tony | None
Kemi | None
Priya | None
Lawrence | None
Mohammad | None
Chantel | None
Kemi | None
Kate | None
Emily | None
Lisa | None
Halana | None
Loren | None
Constance | None
Constance | None
Emily | None
Rachel | None
Sarah | None
Rachel | None
Stephanie | None
Jairo | None
Natalie | None
Katie | None
Neil | None
Alexandra | None
Steve | None
Burke | None
Dana | None
David | None
Emily | None
Jennifer | None
Annie | None
Ken | None
Chad | None
Sarah | None
Stephanie | None
Steven | None
Kara | None
Sudip | None
Hayden | None
Margaret | None
Mel | None
Julie | None
Vicky | None
Christine | None
Annie | None
Deborah | None
Karen | None
Shawn | None
Nicole | None
Carol | None
Emily | None
Tish | None
Mark | None
Farheen | None
Maclean | None
Bruce | None
Noora | None
Ed | None
Aditi | None
Sally | None
Farheen | None
Alvin | None
Francina | None
David | None
Susan | None
Michael | None
Greg | None
Michele | None
Ecaterina | None
Tracy | None
Austin | None
Gita | None
Andrew | None
Savanna | None
Paul | None
Stephanie | None
Jason | None
William | None
Bryce | None
Marlyn | None
Alex | None
Garrett | None
Matthew | None
Daphne | None
Joye | None
Kaitlyn | None
Christopher | None
Michael | None
Brian | None
Tina | None
Emma | None
Sandy | None
Walt | None
Stuart | None
Kerry | None
Charlie | None
sarah | None
sarah | None
mary | None
marlyn | None
jason | None
craig | None
connor | None
brian | None
andrew | None
alexander | None
alex | None
Aaron | None
Brynna | None
Jeanne | None
Brian | None
Lee | None
Savanna | None
Brian | None
Shelby | None
Erin | None
Kara | None
Matthew | None
Madison | None
Kaci | None
Joe | None
Jessie | None
Jayde | None
Ivonne | None
Heather | None
Rob | None
Eric | None
Cheryl | None
Chad | None
Brynna | None
Brian | None
Brennan | None
Amanda | None
Amanda | None
Abigail | None
Aaron | None
Michael | None
Molly | None
Greg | None
Oliver | None
Nick | None
Kian | None
Jacob | None
Sarah | None
Deborah | None
Hannah | None
Jenna | None
Michael | None
Paige | None
Tamara | None
Willow | None
Tyler | None
Travis | None
Thomas | None
Taylor | None
Sarah | None
Sarah | None
Priscilla | None
Amanda | None
Parker | None
Ashley | None
Sue | None
Mark | None
Amanda | None
Rameesha | None
Patrick | None
Brendan | None
Julie | None
Tim | None
Timari | None
Stephanie | None
Aaron | None
sarah | None
roxanne | None
matthew | None
haris | None
Evan | None
carly | None
Liza | None
Melissa | None
Howard | None
Colin | None
Billy | None
Michele | None
S | None
Brandi | None
Kevin | None
Katie | None
John | None
James | None
Jake | None
Gara | None
Dylan | None
Darvin | None
Ashley | None
Patrick | None
Michael | None
Brian | None
Sade | None
Steven | None
Talyn | None
Wendy | None
Brendan | None
Marques | None
Ashley | None
Donnarae | None
John | None
Paul | None
Nikki | None
John | None
Kelly | None
Nicholas | None
Lucas | None
Lauren | None
Hayley | None
Eleni | None
David | None
Cristina | None
Christopher | None
Nina | None
Aurora | None
Asia | None
Gabriella | None
Obrien | None
Leonard | None
Summer | None
Erica | None
Sandy | None
Kaitlyn | None
Craig | None
Kenny | None
Cara | None
Cayla | None
Rachel | None
Nicole | None
Victoria | None
Lauren | None
Thomas | None
Gabriella | None
Andrew | None
Summer | None
Amir | None
Tom | None
Sandy | None
Sondra | None
Rachel | None
Emily | None
Lyndsey | None
Sondra | None
Claudia | None
Pamela | None
Amanda | None
Sarah | None
Cara | None
Cassie | None
Matthew | None
Megan | None
Dominic | None
Laura | None
Joseph | None
Kristen | None
Victoria | None
Nicole | None
Yasmine | None
Patrick | None
Julian | None
Alex | None
Emily | None
Matthew | None
Nicole | None
Lauren | None
Jennifer | None
Pamela | None
Danielle | None
Yasmeen | None
Kevin | None
Claire | None
Valerie | None
Taylor | None
Katie | None
Micaela | None
Adam | None
Julia | None
Zachary | None
Andrew | None
Brent | None
Steve | None
Rachel | None
Ryan | None
Adnan | None
AJ | None
Adam | None
Kamikka | None
Megan | None
Janice | None
Maximiliano | None
Michelle | None
Sophie | None
Faith | None
Gerard | None
Jaime | None
Andrea | None
Jennifer | None
Deanna | None
Laurie | None
Cheyanne | None
Theresa | None
Alecia | None
Caleb | None
Cullen | None
Cheyanne | None
Macy | None
Sarah | None
Carl | None
Paul | None
Sabahat | None
Elizabeth | None
David | None
Madison | None
Jesse | None
Mary | None
Robby | None
Grant | None
Taylor | None
Anna | None
Trevor | None
Nick | None
Caleb | None
James | None
Sydney | None
Jennifer | None
Meghan | None
Debbie | None
Steve | None
Kendra | None
Brittany | None
Danielle | None
Kathleen | None
Megan | None
Amanda | None
Michael | None
Steven | None
Hillary | None
Andrew | None
Deana | None
Ryan | None
Adam | None
Melissa | None
Laurie | None
Donna | None
Callie | None
Danielle | None
Edger | None
Eric | None
Katy | None
James | None
Melissa | None
ryan | None
Sara | None
Shiraz | None
Tonya | None
Zachary | None
John | None
John | None
Chloe | None
Gavin | None
Sophie | None
Carson | None
Jim | None
Juliette | None
Kyle | None
Petar | None
Brad | None
Kristen | None
Andrew | None
Amanda | None
Robert | None
Sheryl | None
Matthew | None
Jon | None
Duane | None
Bill | None
Maureen | None
Megan | None
Caroline | None
Katy | None
Patricia | None
Marnika | None
David | None
Jaime | None
Patricia | None
Faith | None
Olivia | None
Stephanie | None
Krystin | None
Kevin | None
Kris | None
Cecelia | None
frank | None
ben | None
harry | None
bob | None
jim | None
spencer | None
jeff | None
frederic | None
sylvia | None
christine | None
nikolas | None
mitchell | None
arun | None
mikayla | None
alejandro | None
dominick | None
jennifer | None
mitchell | None
nate | None
jeff | None
kathleen | None
jen | None
jack | None
catherine | None
Katie | None
Seth | None
jordan | None
william | None
gaurav | None
Melissa | None
Mark | None
Derek | None
Derek | None
Laura | None
Steve | None
Daniel | None
Jennifer | None
Matt | None
Cody | None
Melissa | None
deeann | None
kayla | None
natasha | None
sascha | None
hugh | None
brad | None
alana | None
danny | None
shawn | None
david | None
jen | None
kathleen | None
jason | None
mike | None
ryan | None
courtney | None
Corina | None
jenny | None
Andrew | None
Keith | None
Mike | None
Gavin | None
Adela | None
Chris | None
Tiffany | None
Sharon | None
Jen | None
David | None
Peter | None
Andy | None
John | None
Janice | None
Brian | None
Alecia | None
Michael | None
Nick | None
Amy | None
Ryan | None
John | None
Jennifer | None
Mason | None
Steve | None
Andrew | None
Tony | None
Fred | None
Seth | None
RikiLynn | None
Charlie | None
Jared | None
Jacob | None
Kellie | None
Judy | None
Chris | None
Dominick | None
Teresa | None
Cheyanne | None
Anoosha | None
Lucas | None
Brenda | None
Barbara | None
Diana | None
Joshua | None
Erica | None
Chris | None
Julia | None
Christian | None
Christian | None
Eric | None
D.J. | None
Dominick | None
Angel | None
Cooper | None
Prashanth | None
Harrison | None
Joey | None
Leland | None
Joshua | None
Julie | None
Haydee | None
Heather | None
Heather | None
Jeff | None
Angela | None
Chelsi | None
Stephanie | None
Dina | None
Brian | None
Gerard | None
Julia | None
James | None
Anthony | None
Josh | None
Lilia | None
Seneca | None
Richard | None
Jerrod | None
Jeff | None
seneca | None
Austin | None
Kris | None
Darrell | None
Tom | None
Anthony | None
Andy | None
Seneca | None
Eric | None
George | None
James | None
Jeff | None
Craig | None
Maria | None
Richard | None
Stephen | None
Steve | None
Joe | None
Charyl | None
Tammy | None
Alicia | None
Robin | None
Trish | None
Dianna | None
Samantha | None
Michela | None
Anthony | None
David | None
Scott | None
Brian | None
Julia | None
Michael | None
David | None
Jack | None
James | None
Talon | None
Taylor | None
Lissa | None
Zach | None
Kyle | None
Gianna | None
Nico | None
Estevan | None
Will | None
Chelsea | None
Stefanie | None
Jessica | None
Catherine | None
Dawn | None
Technical | None
Aerospace | None
Carley | None
halle | None
Becky | None
tyler | None
Beau | None
Bradley | None
Colton | None
Lissa | None
Patrick | None
madeline | None
Reece | None
Ryan | None
Madison | None
Chelsi | None
Chris | None
Paige | None
Sydney | None
Yash | None
Gabe | None
William | None
Kate | None
Sydney | None
Chris | None
Paige | None
Alexis | None
Stephen | None
Joel | None
Lydia | None
Bianca | None
Fazla | None
Crystal | None
Phyllis | None
April | None
Sonya | None
Heather | None
Neil | None
Megan | None
Troy | None
Jonathan | None
Deanna | None
Sarah | None
Rachel | None
Donna | None
Alethea | None
Jeanette | None
Lindsay | None
Paul | None
Rance | None
Renee | None
Gary | None
Jennifer | None
Sarah | None
Briana | None
Neisha | None
Linda | None
Deanna | None
Michelle | None
Kirk | None
Chris | None
Lilly | None
Crystal | None
Jonathan | None
Elizabeth | None
Chris | None
Christie | None
Savanna | None
Kendall | None
Michelle | None
Taylor | None
Natalie | None
Dylan | None
Daniela | None
Matt | None
Chris | None
Rosanne | None
Nithya | None
Nancy | None
Mary | None
Maricruz | None
Luke | None
Gracie | None
Kristi | None
Kelly | None
Sabrina | None
June | None
Evan | None
Dawn | None
Colin | None
Bianca | None
Becca | None
Avery | None
Ashlee | None
Abi | None
Abi | None
Jamila | None
Shannon | None
Lluvia | None
RAFAEL | None
Christi | None
Teodora | None
TRACEE | None
Jasmine | None
Danielle | None
Fiorela | None
Melissa | None
Veronica | None
Sarah | None
Ashley | None
Annette | None
Melanie | None
Sherri | None
Paige | None
Zena | None
Caleb | None
Kevin | None
Jessica | None
Mike | None
Nancy | None
Jermaris | None
Autumn | None
Sam | None
Jennifer | None
Sarah | None
Sarah | None
Don | None
Camilo | None
Jenna | None
Katelyn | None
Evan | None
Oliver | None
Jeffrey | None
Jon | None
Tiffany | None
Terri | None
Mark | None
Zach | None
Karley | None
Lee | None
Clayton | None
Krissy | None
Karlin | None
Ferrell | None
Mark | None
Karlin | None
Kendall | None
Peyton | None
Joe | None
Jack | None
Shawn | None
Bruce | None
Morgan | None
Christian | None
Andrew | None
Kariem | None
Connor | None
Claire | None
Grayson | None
Kelsey | None
Ana | None
Megan | None
Christopher | None
Peyton | None
Ashley | None
Ryan | None
Hannah | None
Robert | None
Kevin | None
Michelle | None
Brent | None
Nick | None
Britney | None
Brooke | None
Christian | None
Corey | None
Danielle | None
Brendan | None
Dylan | None
Elizabeth | None
Grace | None
Jaya | None
Madelyne | None
Jill | None
Julianna | None
David | None
Richard | None
Joselyne | None
Adrienne | None
Beth | None
Mike | None
Carin | None
Lianne | None
Christin | None
Jessica | None
Hope | None
Tom | None
Kara | None
Kinsey | None
Katie | None
James | None
Shelby | None
Missy | None
Michael | None
Brezny | None
Douglas | None
Eric | None
Maegan | None
Brad | None
Collin | None
Brooks | None
Cami | None
Rebekah | None
Cory | None
Eevan | None
Caitlin | None
Leigh-Wallace | None
Whitney | None
Jenny | None
Kelie | None
Tom | None
Kimberly | None
Jeremy | None
Rachel | None
Shelby | None
Lauren | None
Leigh-Wallace | None
Nicole | None
Maegan | None
Raquel | None
Dakota | None
Missy | None
Ansleigh | None
Clint | None
Keith | None
Morgan | None
Chris | None
Angie | None
Ellie | None
Wade | None
Richard | None
Brezny | None
Chase | None
Melissa | None
Stacey | None
Kim | None
Britta | None
Maegan | None
Katie | None
Kelie | None
Tom | None
Tom | None
Clint | None
Nicole | None
Byron | None
Natasha | None
Nicole | None
Rebekah | None
Lauren | None
Lauren | None
Wade | None
Rachel | None
Kimberly | None
James | None
Brezny | None
Eric | None
Michael | None
Missy | None
Shelby | None
Katie | None
Douglas | None
Kinsey | None
Kara | None
Hope | None
Jessica | None
Christin | None
Clint | None
Jenny | None
Whitney | None
Leigh-Wallace | None
Maegan | None
Caitlin | None
Byron | None
Eevan | None
Rebekah | None
Cami | None
Brooks | None
Collin | None
Brad | None
Jeremy | None
Cory | None
Byron | None
Nicole | None
Tom | None
Wade | None
Rachel | None
Kimberly | None
James | None
Brezny | None
Eric | None
Michael | None
Missy | None
Shelby | None
Katie | None
Douglas | None
Kinsey | None
Kara | None
Hope | None
Jessica | None
Christin | None
Jeremy | None
Tom | None
Kelie | None
Jenny | None
Whitney | None
Leigh-Wallace | None
Maegan | None
Clint | None
Caitlin | None
Cory | None
Kelly | None
Cami | None
Brooks | None
Collin | None
Brad | None
Eevan | None
Molly | None
Charles | None
Stephanie | None
Spencer | None
Sarah | None
Sara | None
Sara | None
Samantha | None
Sam | None
Ruthie | None
Rebecca | None
Rebecca | None
Rachel | None
Rachel | None
Nicole | None
Tanya | None
Morgan | None
Matt | None
Marc | None
Maddie | None
Lexy | None
Lauren | None
Lauren | None
Kristen | None
Kathryn | None
Jordan | None
Jordan | None
Jayme | None
Isabella | None
Mike | None
Taylor | None
Tyler | None
William | None
Rachel | None
Shelby | None
Amy | None
Joseph | None
Kati | None
Liz | None
Samia | None
Simon | None
Cathleen | None
Jadee | None
Brandy | None
Jonathan | None
Katelyn | None
Clairie | None
Travis | None
Ashley | None
Blake | None
Camden | None
Emily | None
George | None
Jordan | None
Ryan | None
Angie | None
Travis | None
Amanda | None
Brent | None
Akeem | None
Brent | None
Samantha | None
Connor | None
Colby | None
Cayle | None
Jordan | None
Yiannis | None
Mike | None
Eevan | None
Rachel | None
James | None
Denis | None
Jane | None
Ashley | None
Webeth | None
Erinn | None
Keith | None
Maria | None
Ryan | None
Nichole | None
Jeff | None
Bart | None
Seth | None
Liz | None
Kimberly | None
Kelly | None
Rebekah | None
Jordan | None
Savanah | None
Shelby | None
Alison | None
Erik | None
Carina | None
Rachel | None
Cristina | None
Brittany | None
Brenna | None
Bobby | None
Bethany | None
Bethany | None
Bethany | None
Becca | None
Ashton | None
Ashley | None
Ashley | None
Alexis | None
Alexis | None
Adrienne | None
Stefan | None
Chris | None
Webeth | None
Amy | None
Parker | None
Ashley | None
Jane | None
Scott | None
Khang | None
Carlus | None
Yshi | None
Biz | None
Sharif | None
Rebekah | None
Brent | None
Gina | None
Jeremy | None
Rebekah | None
Jacqueline | None
Brandon | None
Jessica | None
Noor | None
Kristen | None
Peter | None
Dana | None
Chris | None
Britney | None
Katie | None
Nadine | None
Navdeep | None
Clemens | None
Katie | None
Curtis | None
Erinn | None
Farzana | None
Pauline | None
Jackson | None
Joshua | None
Jennifer | None
Leonardo | None
Chad | None
Ruthie | None
Isaac | None
Clay | None
Maati | None
Jane | None
Claudia | None
Denzel | None
Jill | None
Brian | None
Cory | None
Kelly | None
Ruthie | None
Christin | None
Lauren | None
Jenn | None
Yshi | None
Kersey | None
Kelli | None
Katherine | None
Jane | None
Lane | None
Collin | None
Cameron | None
Kara | None
Seth | None
Emily | None
Brooke | None
Brooks | None
Jenny | None
Dustin | None
Caitlin | None
Alison | None
Erinn | None
Adam | None
Jason | None
Maegan | None
Jamie | None
Suz | None
Kayla | None
Hope | None
Nicole | None
Jeremy | None
Josh | None
Katherine | None
Lindsay | None
Tiffany | None
Kayla | None
Eric | None
Wade | None
Katie | None
Andres | None
Megan | None
Tom | None
Douglas | None
Maegan | None
Lauren | None
Brezny | None
Hannah | None
Chris | None
Brad | None
Jessica | None
Nicole | None
Kimberly | None
Fletcher | None
Leah | None
Annie | None
Jeremy | None
Cory | None
Brooks | None
Cami | None
Caitlin | None
Kinsey | None
Eevan | None
Kara | None
Jordyn | None
Emily | None
Sean | None
Brian | None
Stephanie | None
Bryan | None
Melissa | None
Sherrie | None
Laurie | None
Misty | None
Jason | None
Kyle | None
Vandana | None
Kathy | None
Kim | None
Colin | None
Chelsea | None
Travis | None
Haley | None
Aleea | None
Biz | None
Rebecca | None
Kevin | None
Joseph | None
Jenn | None
Taylor | None
Sebastian | None
Megan | None
Garrett | None
Lauren | None
Russell | None
Tuyet | None
Joslin | None
Brandon | None
Douglas | None
Rachel | None
Kinsey | None
Whitney | None
Jenny | None
Zach | None
Yshi | None
Shea | None
Robert | None
Raquel | None
Parker | None
Missy | None
Libby | None
Leah | None
Kyndall | None
Jonathan | None
Joe | None
Leigh-Wallace | None
Jessica | None
Brooke | None
Britta | None
Brett | None
Andrew | None
Wyatt | None
Cooper | None
Jose | None
Steven | None
Richard | None
Brittney | None
Michael | None
Jessica | None
Maegan | None
Caitlin | None
Eevan | None
Cristina | None
Whitney | None
Kelie | None
Tom | None
Clint | None
Nicole | None
Byron | None
Wade | None
Rachel | None
Kimberly | None
Brezny | None
Eric | None
Michael | None
Shelby | None
Cory | None
Rebekah | None
Cami | None
Brooks | None
Collin | None
Cristina | None
Jeremy | None
Jessica | None
Hope | None
Kara | None
Kinsey | None
Douglas | None
Christin | None
George | None
Andrew | None
Blayne | None
Lauren | None
Lauren | None
Kersey | None
Memphis | None
Ryan | None
Anthony | None
Kelli | None
Caroline | None
Heather | None
Kate | None
Michael | None
Monica | None
Heather | None
Cameron | None
Lauren | None
Kristen | None
Emily | None
Hope | None
Ryo | None
Jill | None
Christin | None
Jenny | None
Anja | None
Kayla | None
Spencer | None
Madison | None
Jeff | None
Dustin | None
Josh | None
Kelly | None
Richard | None
Kayla | None
Kelly | None
Matt | None
Dylan | None
Kris | None
Ann | None
Lane | None
Travis | None
Suz | None
Andrew | None
Savannah | None
Richard | None
Nicole | None
Bill | None
Tom | None
Paul | None
Kelsey | None
Christine | None
Kara | None
Raymond | None
Sheldon | None
Stephanie | None
Mary | None
Michael | None
Jamie | None
Darren | None
Emily | None
Madison | None
Byron | None
Anessa | None
Logan | None
Anessa | None
Shaban | None
Shahryar | None
Tayyeb | None
Sonia | None
Scott | None
Sarah | None
Logan | None
Austin | None
Nouman | None
Tayyeb | None
ch | None
Abby | None
Sonia | None
Stefan | None
David | None
Juli | None
Brian | None
Kevin | None
Todd | None
Stefanie | None
Ashton | None
Lori | None
Kristy | None
Eddie | None
Madison | None
Monica | None
Alek | None
Jazmine | None
Amber | None
Tami | None
Juan | None
Donna | None
Nancy | None
charlie | None
cathy | None
Delvenus | None
Meghan | None
Juan | None
Julie | None
Juan | None
Jason | None
Jane | None
Ed | None
Caroline | None
Novee | None
Webeth | None
Janieva | None
Charles | None
Dorothy | None
Jesse | None
Walt | None
Teri | None
Troy | None
Robert | None
Payton | None
Debby | None
Ezequiel | None
Jason | None
Amanda | None
Frank | None
Curtis | None
Sheila | None
Rebekah | None
Micah | None
Samantha | None
Ian | None
Yonael | None
Rose | None
Elisabeth | None
Jorge | None
Paris | None
Aidan | None
Joshua | None
William | None
Megan | None
Doug | None
J.R. | None
Stephen | None
Jim | None
Aaron | None
Robert | None
Lizzie | None
Debbie | None
Mark | None
Penelope | None
Mrinal | None
Garrett | None
Paul | None
Ariyana | None
Piyush | None
Mini | None
Gus | None
Scarlet | None
Andrew | None
Robin | None
Tara | None
Debbie | None
Hemant | None
Richard | None
Corey | None
Becky | None
Diego | None
Sean | None
Sachin | None
Mark | None
J.R. | None
Chris | None
Kimberly | None
Evan | None
nicole | None
matthew | None
k | None
dan | None
Denise | None
Jessica | None
Katie | None
eakta | None
Leslie | None
Nicole | None
K. | None
Dan | None
Rajesh | None
Matthew | None
Sam | None
Tiffani | None
Eakta | None
Shauneille | None
Jenny | None
Chris | None
Keith | None
Gordon | None
Jeff | None
Brian | None
Casey | None
Liz | None
David | None
Matt | None
Trevor | None
Simon | None
Samantha | None
Susan | None
Sean | None
Samantha | None
Raul | None
Hiring | None
Victoria | None
Czarina | None
Frankie | None
Claire | None
Sophia | None
Maikel | None
Vince | None
Sophia | None
Frankie | None
Victoria | None
Claire | None
Brian | None
Jim | None
Ian | None
Trevor | None
Rebecca | None
Jordan | None
Lori | None
Nicholas | None
Kathleen | None
Gary | None
Robert | None
Michele | None
Andrew | None
Kyle | None
Brianna | None
Grifen | None
Casey | None
Melissa | None
Brittany | None
Patrick | None
Russell | None
Dallas | None
Recio | None
James | None
AnnaMarie | None
Menno | None
Katherine | None
Peter | None
Eleanor | None
Amiee | None
Jeffrey | None
Mark | None
Brandi | None
Nicholas | None
Lisa | None
Ashley | None
Vicki | None
Michelle | None
Jeffory | None
Allie | None
Tristan | None
Bryce | None
Aubree | None
Amanda | None
Chuck | None
William | None
Eric | None
Stewart | None
Eileen | None
Anna | None
Carolyn | None
Kristy | None
Jaimee | None
Leah | None
Alisa | None
Tom | None
Will | None
Maxine | None
Terry | None
Kat | None
Euzhel | None
Thor | None
Brien | None
Alex | None
Alicia | None
Greg | None
Shannon | None
Kaycie | None
Zach | None
Gabriel | None
Christy | None
Ashley | None
Cole | None
Alex | None
Tejaswy | None
Promise | None
James | None
Marie | None
Robert | None
Lizzy | None
Samantha | None
Fallon | None
Beza | None
Steve | None
Sarim | None
Jesus | None
Melina | None
Terrance | None
Lauren | None
Kelsey | None
Alex | None
Adrien | None
John | None
Peter | None
Patricia | None
Daniel | None
Tara | None
Samuel | None
Bob | None
Martin | None
Rick | None
Laura | None
Amy | None
Melissa | None
Michelle | None
Joann | None
Neetu | None
Sunil | None
Ali | None
Brian | None
Ken | None
Kaylee | None
Lori | None
Samantha | None
Kristen | None
Jesa | None
Jess | None
Maureen | None
Pete | None
Amanda | None
Kim | None
Andrew | None
Brian | None
Rahul | None
Mattie | None
Lenard | None
Francisco | None
Karina | None
Angela | None
Lidia | None
Carlos | None
Tatiana | None
Andrea | None
Andrea | None
Silvia | None
Irene | None
Rachelle | None
Toufik | None
Gemma | None
Covadonga | None
Alma | None
Hailey | None
Pamela | None
Richard | None
Jennifer | None
Ramyasree | None
Pruthvi | None
Deepak | None
Anna | None
Avvaru | None
Lisa | None
Kishore | None
SAE | None
Cecilia | None
Monique | None
SAE | None
Avvaru | None
Justin | None
Ginutis | None
Sandeep | None
Sandeep | None
Tom | None
Elizabeth | None
Erick | None
Luis | None
Karel | None
Kristy | None
Ashley | None
Resa | None
Johnathan | None
Humphrey | None
Jarred | None
Tony | None
Brett | None
Victoria | None
Manikandan | None
Vinod | None
Dipak | None
Jacob | None
Marie | None
Madison | None
Travis | None
Megan | None
Mary | None
Madison | None
Louie | None
Nicole | None
John | None
Jennifer | None
Holden | None
Glynis | None
Emma | None
Dave | None
Daniel | None
Jordan | None
Brandon | None
Michael | None
Andrew | None
Thuong | None
michael | None
LinkedIn | None
Dave | None
Jordyn | None
Jeff | None
Deep | None
Alicia | None
Tyler | None
Joshua | None
Maureen | None
Jonathan | None
Russell | None
Steve | None
Elaine | None
Chris | None
Kelli | None
Glynis | None
Paul | None
Derek | None
Hardhika | None
Bill | None
Janaki | None
Joe | None
Valerie | None
Elizabeth | None
Liza | None
Christopher | None
Sarah | None
Shamir | None
Ben | None
Paul | None
Alexandra | None
Steve | None
Susan | None
Jacob | None
Brittany | None
Christopher | None
Austin | None
Rachel | None
John | None
Kelsey | None
Jordan | None
David | None
Seth | None
Damica | None
Rachel | None
Rebecca | None
Rick | None
Lara | None
Kelsey | None
Jocelyn | None
erica | None
damica | None
Rachel | None
sean | None
Sean | None
Josh | None
seth | None
Renee | None
Erica | None
Marco | None
Kateryna | None
Tony | None
Trey | None
Kelsey | None
Jeff | None
Weston | None
Andree | None
Eric | None
Graham | None
kelsey | None
Angela | None
Jeffrey | None
Shannan | None
Matthew | None
Brian | None
Carrie | None
Prashant | None
Meg | None
Anthony | None
Tara | None
Keith | None
Thomas | None
Thomas | None
Steven | None
Shani | None
Sara | None
Richard | None
Richard | None
Paul | None
Mia | None
Ben | None
William | None
Marisa | None
Jessica | None
Izabella | None
Dillon | None
Daisy | None
Crystal | None
Charlotte | None
Maximiliana | None
Chloe | None
Brittany | None
Esra | None
Kirsty-Lee | None
Aaron | None
Isaac | None
Kassidy | None
Alex | None
Ben | None
Matt | None
Andrew | None
Casey | None
Mike | None
Kyle | None
Alexandra | None
Danny | None
Ellie | None
Kevin | None
Andrew | None
Matthew | None
Arthur | None
Charlotte | None
Ardiana | None
Cara | None
Owen | None
Aaron | None
Caitlin | None
Joshua | None
Hannah | None
Daryl | None
Marco | None
Nicholas | None
Richard | None
Sultan | None
Mat | None
Aman | None
Min | None
Harvey | None
Brock | None
Kevin | None
Ezra | None
Abigail | None
Scott | None
Lucien | None
Joe | None
Dani | None
Chris | None
Min | None
Ben | None
James | None
Lesly | None
Chloe | None
joshua | None
Adam | None
Jamie | None
Elysia | None
Phil | None
Taylor | None
Yvette | None
Aaron | None
Alex | None
Alex | None
Anton | None
Oscar | None
Adam | None
Phil | None
Jonathan | None
Ardiana | None
Brady | None
Adam | None
Rebecca | None
Reagan | None
Shanette | None
Elaine | None
Sharon | None
Sophia | None
Monica | None
Shika | None
Meredith | None
Sarah | None
Tracey | None
Julie | None
Debbie | None
Susan | None
Lawren | None
Roshandra | None
Elise | None
Cheryl | None
Douglas | None
Storey | None
Britton | None
Mindy | None
Sara | None
Ranee | None
Rhonda | None
Hadley | None
Kelli | None
Nikita | None
Darrin | None
Samuel | None
Tori | None
Joseph | None
Kate | None
Lauren | None
Mack | None
Kayla | None
Beth | None
Ashley | None
Tom | None
Octavia | None
Julija | None
Mariia | None
Lisa | None
Anouchka | None
Lindsey | None
Fred | None
Ashley | None
Christie | None
Arunima | None
Jake | None
Clare | None
Reetika | None
Amanda | None
Sayana | None
Ed | None
Biernacka | None
Dominic | None
Liza | None
Jack | None
Iselin | None
Rory | None
Mustafa | None
Matthew | None
Eileen | None
Xavier | None
James | None
Soren | None
Eric | None
David | None
Charmaine | None
Anre | None
Ashley | None
Charmaine | None
Anre | None
Frank | None
Jackie | None
Eddie | None
Naveen | None
Brian | None
Wanda | None
Andrea | None
Charlie | None
Jennifer | None
Nicholas | None
Jessi | None
Marissa | None
William | None
Jie | None
Katie | None
Willie | None
Marcellino | None
Wanda | None
Vilay | None
Andrea | None
Jordan | None
Nicholas | None
Jennifer | None
Brian | None
Charlie | None
Stephen | None
Tak | None
Zachary | None
William | None
Morgan | None
Marissa | None
Willie | None
Stephen | None
Jordan | None
Balu | None
Manoj | None
Tejash | None
Ramya | None
Ujwala | None
Kiran | None
Hema | None
Akhil | None
Nick | None
Drew | None
Andrew | None
Anna | None
Heidi | None
Heather | None
Taylor | None
Bruce | None
Carlos | None
Sam | None
Andrew | None
Chris | None
Jim | None
Sean | None
Sarah | None
Ryan | None
Reagan | None
Kristi | None
Kayla | None
Denise | None
Matthew | None
Lari | None
Arman | None
Denise | None
Blake | None
Austin | None
Mike | None
Clint | None
David | None
Brent | None
Curry | None
Sam | None
Jim | None
shadab | None
John | None
Andrew | None
Haley | None
James | None
Greg | None
Trista | None
Josh | None
JV | None
Jonathan | None
Michelle | None
Jeff | None
Sheila | None
Batson | None
Curtis | None
Candy | None
Heather | None
Adam | None
Jeff | None
Paula | None
Helen | None
Zachary | None
Kareem | None
Bryan | None
Tony | None
Shawn | None
Blake | None
Klaudia | None
Vaani | None
Banwari | None
Marc | None
Landon | None
Ethan | None
Christopher | None
Sam | None
Kasandra | None
Trisha | None
Mariela | None
Yusra | None
Mona | None
Forrest | None
William | None
Sean | None
John | None
David | None
Jodie | None
Ariel | None
Mohamed | None
Gene | None
Victor | None
Angela | None
Firas | None
Ken | None
Christopher | None
Collin | None
Webber | None
Shimon | None
Megan | None
Connor | None
Benjamin | None
Amy | None
Andrew | None
Sachin | None
Ariel | None
Luis | None
Richard | None
Antwoine | None
Rick | None
Rose | None
Jeff | None
Darren | None
Nate | None
Justin | None
Mike | None
Shanti | None
Jennifer | None
Kristopher | None
Lily | None
Andrew | None
Monika | None
Olivia | None
Angela | None
Evan | None
Colin | None
Ibrahima | None
Kimberly | None
Sarah | None
Jean | None
Giovanna | None
Danilo | None
Brianna | None
Kathleen | None
Seanelle | None
Robert | None
Tim | None
Amaris | None
Moira | None
Kirsten | None
Ray | None
Dakota | None
Leevi | None
Jennifer | None
Michael | None
Santiago | None
Lois | None
Ethan | None
Scott | None
Matthew | None
Alex | None
David | None
Brandon | None
Brett | None
Micah | None
Theodore | None
Nathan | None
Sam | None
Candice | None
Zach | None
Nick | None
Dane | None
guy | None
javier | None
luke | None
morgan | None
Jacob | None
Sara | None
Kevin | None
jared | None
Gregoire | None
Marc | None
Serena | None
Emma | None
Dominik | None
Noa | None
Marilena | None
Antonio | None
Steevens | None
Hazrat | None
Tim | None
Dominik | None
Lynn | None
Matis | None
Pauline | None
Jovana | None
Marilyn | None
Kyle | None
Simon | None
Shannon | None
Jill | None
Raven | None
Daniel | None
Tessa | None
Erica | None
Laura | None
Azalea | None
Caroline | None
Jason | None
Mark | None
Jennifer | None
Audra | None
Dante | None
Diana | None
Jauve | None
Morgan | None
Sharmaine | None
Shiloh | None
Madeline | None
Suzie | None
Alyssa | None
Caitlin | None
Jamie | None
Janice | None
Ben | None
John | None
Anna | None
Glen | None
Nathan | None
Eric | None
Kimberly | None
Megan | None
Joe | None
Emily | None
Vince Godfrey | None
Brad | None
Meagan | None
Megan | None
Brad | None
Christopher | None
Kelly | None
Peter | None
Hena | None
Kenneth | None
amanda | None
rhonda | None
Amanda Coppola-McVicker | None
Ryan Jesse | None
Emily King | None
Cathy Kuratko | None
Brad Morris | None
Betsy Robinson | None
Melissa | None
Matthew Marini | None
Adam | None
Amanda | None
Melissa | None
Kevin Melchin | None
Kelley | None
Sadiki Nicholas | None
Kim | None
Blair | None
Christopher | None
Amanda | None
Ann | None
Hanna | None
Julie | None
Sohel | None
Betsy | None
Stephen | None
Alexandria | None
Meagan | None
Larry | None
Ashley | None
Kathy | None
Tino | None
Leonard | None
David | None
Timberley | None
Maggie | None
Krystina | None
Joanna | None
Madeleine | None
Farredeh | None
Kelly | None
Liz | None
Kenneth | None
Brooke | None
Team | None
Nate | None
Mihir | None
Blair | None
Robert | None
John | None
Emmanuelle | None
Savannah | None
Anna | None
Meghan | None
Sean | None
Crystal | None
Kyle | None
Kim | None
Emily | None
Elle | None
Kyle | None
Carlie | None
Megan | None
Amanda | None
Lynette | None
John | None
Lexi | None
Ann | None
Aman | None
Zachary | None
Ankit | None
Francesco | None
Akshar | None
Pooja | None
Herve | None
Sohum | None
Zachary | None
Shailen | None
Saanish | None
Sean | None
Niten | None
Devrajsinh | None
Vikal | None
Sam | None
Joe | None
Raj | None
Parth | None
SNEHAL | None
SYED | None
Jennifer | None
Khushbu | None
Ji | None
Chandra | None
Mariana | None
Irena | None
Joanna | None
Aly | None
Steve | None
Mike | None
Sara | None
Hunter | None
Gwen | None
Kent | None
Mark | None
Steve | None
Wes | None
Dominic | None
William | None
Kevin | None
Moeez | None
Ramesh | None
IJEOMA | None
Warren | None
Tracy | None
Elizabeth | None
JM | None
Kim | None
Jennifer | None
Blake | None
Pepper | None
Jon | None
Nathan | None
Ron | None
Venkata | None
Rob | None
Danielle | None
Jan | None
Winai | None
Thomas | None
Keith | None
mindy | None
Rachael | None
Stephanie | None
Samantha | None
Hudson | None
Dylan | None
Denise | None
Carson | None
Aryn | None
Todd | None
DJ | None
Taylor | None
Shauna | None
Ryan | None
Malik | None
Liz | None
Kelsea | None
Jason | None
Jacob | None
Hunter | None
Ryan | None
Aaron | None
Daniel | None
John | None
Braden | None
Samantha | None
Kaylee | None
Aaron | None
Ashley | None
Taylor | None
Samantha | None
Ryan | None
Nautika | None
Kelsea | None
Kaylee | None
Kayla | None
Cole | None
Ashley | None
Braden | None
Connor | None
Sholeh | None
Marcus | None
Chris | None
Sean | None
Joshua | None
Lance | None
Kevin | None
Christopher | None
Robert | None
Morris | None
Sarah | None
Sarah | None
Shamsid-Deen | None
Tammy | None
Trish | None
Dana | None
Marianne | None
LaWanda | None
Jessica | None
James | None
Kelly | None
Jamie | None
Kelly | None
Sandra | None
Kimberly | None
Leonel | None
Janice | None
Mike | None
Brendan | None
Jose | None
Leia | None
Alayna | None
Kris | None
Anice | None
Kelly | None
Marcia | None
Nicole | None
Jill | None
Sharon | None
Vanessa | None
Reba | None
Lyda | None
Georgia | None
Normyle | None
Tim | None
Emily | None
Kelly | None
Helene | None
Janet | None
Henry | None
Atul | None
Albert | None
Lykha | None
Lee | None
Steve | None
Allysia | None
Dawson | None
Peter | None
Don | None
Brian | None
Bjorn | None
Ralph | None
Brendon | None
Connor | None
Garrett | None
Tyler | None
James | None
Stacy | None
David | None
Vincent | None
Ashlee | None
Sean | None
Vanessa | None
Derrick | None
Stacy | None
Heather | None
Ashlee | None
Stacy | None
Evelyn | None
Evelyn | None
Vincent | None
David | None
Derrick | None
Brendon | None
Vanessa | None
Heather | None
Sean | None
Christopher | None
Robyn | None
Brett | None
Emily | None
Madison | None
Karen | None
Sandi | None
Diana | None
Rob | None
Andy | None
Brittan | None
Jim | None
Jessica | None
Amanda | None
Tracy | None
Nicole | None
Aly-Lyn | None
Ryan | None
John | None
Robin | None
Michael | None
Sarah | None
Nicole | None
Shana | None
Rebecca | None
James | None
Nuria | None
Jennifer | None
Jack | None
Realize | None
Gina | None
nuria | None
ANNA | None
Robyn | None
Andy | None
Rebecca | None
Becca | None
Erin | None
Elouisa | None
Nick | None
Emily | None
Diana | None
Christopher | None
Tracy | None
Paige | None
Francis | None
Amanda | None
Keanny | None
Monica | None
Kelly | None
Philip | None
Ann | None
Tonya | None
Tami | None
Ghada | None
Jacob | None
Sandy | None
Shpetim | None
Alin | None
JULIO | None
Islam | None
Rodrigo | None
Kamal | None
Anastasiya | None
Helena | None
Charudhi | None
Brian | None
Rex | None
Ayman | None
Sally | None
Konstantin | None
Alexandre | None
Preston | None
TopFlight | None
Chris | None
Rich | None
Brittany | None
Jeff | None
Cody | None
Steve | None
Khaizran | None
Bettina | None
Atom | None
Andrew | None
Vlad | None
Nur | None
Muhammad | None
Ivan | None
Darion | None
Amanda | None
Katie | None
Queenie | None
Jason | None
Valentina | None
Josip | None
Marisa | None
Malinda | None
Ryan | None
Miroslava | None
Jen | None
Aliona | None
Brittany | None
Yohannes | None
Lauren | None
Kevin | None
Chris | None
Pedro | None
Eva | None
Samantha | None
Ashton | None
Lynne | None
Olga | None
Jordan | None
Neil | None
Mark | None
Angie | None
Jalli | None
João | None
Eleesa | None
Michele | None
Adna | None
Delowar | None
Jill | None
Arman | None
Ryan | None
Regina | None
Silvana | None
Priscila | None
Jacquie | None
Lyndsey | None
Julie | None
Marko | None
Abbie | None
Courtney | None
Andrew | None
Eleesa | None
Olha | None
Ryan | None
Jacquie | None
Samantha | None
Neil | None
Lynne | None
Ashton | None
Aliona | None
Abbie | None
Mark | None
Dulce | None
Brooke | None
Eugenia | None
Josh | None
Kylie | None
Marissa | None
Mike | None
Yisfalem | None
Jordan | None
Chris | None
Lyndsey | None
Darion | None
Sandra | None
Amit | None
Aisha | None
Luidmila | None
Carolina | None
Anastasia | None
Jason | None
Kristof | None
Fredrik | None
Brittany | None
Rahul | None
Amanda | None
Lauren | None
Muhammad | None
Jen | None
Ryan | None
Valentina | None
Julie | None
Kevin | None
Malinda | None
Yohannes | None
Marisa | None
Sean | None
Ali | None
Greg | None
trina | None
tope | None
raya | None
darryl | None
claudia | None
Jesus | None
Selina | None
Tower | None
Anna | None
Aryo | None
Ilene | None
Rob | None
Diane | None
Katarina | None
Amanda | None
Tower | None
Alyssa | None
Bryan | None
ayu | None
Jignesh | None
Andres | None
Christopher | None
Ritu | None
Jonathan | None
Brandon | None
Andrew | None
Rick | None
Misako | None
Hiroki | None
Dheeraj | None
Moez | None
Kirti | None
Daniela | None
Tetsuya | None
Erin | None
Prabhu | None
Jennifer | None
Alexis | None
Chandru | None
Anshika | None
Brandon | None
Kelsey | None
shawn | None
Miakel | None
Alyesha | None
Abbie | None
Rosemary | None
Sara | None
Thad | None
Gina | None
Taylor | None
Jack | None
Travis | None
Phil | None
Jay | None
Regina | None
Brandon | None
Lia | None
Anne | None
Andi | None
Kevin | None
Regina | None
Allie | None
Daniel | None
Peter | None
David | None
Surynthia | None
Sara | None
Kristen | None
Alex | None
Daniela | None
Mary | None
Shana | None
Charles | None
Cheryl | None
Tayler | None
Cristian | None
Stanley | None
Daniel | None
Kevin | None
Parker | None
Samantha | None
Emily | None
Richard | None
Jed | None
Joe | None
Brandon | None
Justin | None
Jason | None
Jason | None
Esther | None
Oscar | None
David | None
Bill | None
Benton | None
Simeon | None
benton | None
Ethan | None
Melissa | None
Casey | None
Sarah | None
Melanie | None
Tiffany | None
Imani | None
Joseph | None
Elijah | None
Surain | None
Ransford | None
Roy | None
Ebony | None
Joe | None
Jeremy | None
Susanna | None
Melanie | None
Gulnur | None
Godfrey | None
Sarah | None
Bendangtemjen | None
Shannon | None
Paul | None
Devanand | None
Natalie | None
Crystal | None
Michelle | None
Alexandros | None
Jeremy | None
Deiya | None
Radostina | None
Katrin | None
Stefano | None
Sara | None
Joanna | None
Sumaya | None
Adrian | None
Manaya | None
Sarah | None
Siro | None
Terris | None
Stéffani | None
Rylie | None
Charbel | None
Ralph | None
Antoine | None
Yitong | None
Mikołaj | None
Antoine | None
Karshni | None
Yvette | None
Gabriel | None
Mya | None
Elizabeth | None
Kimberly | None
Victoire | None
Catherine | None
Jasmine | None
Patrick | None
Brandon | None
Brandon | None
Marquis | None
Kenya | None
Marcus | None
Paul | None
Rachelle | None
Bruce | None
Georgette | None
Meloni | None
Toni | None
Caroline | None
Ferris | None
Kyle | None
Elsie | None
Linda | None
Carl | None
Alexander | None
Lis | None
Ray | None
Melissa | None
Shashank | None
Ruth | None
Erica | None
Jake | None
Adisa | None
Alec | None
Anna | None
Bernhard | None
Bryce | None
Cara | None
David | None
Julien | None
Karan | None
Pablo | None
Jazmin | None
Carter | None
Taylor | None
Sam | None
Joan | None
Fernando | None
Shay | None
Phil | None
Joshua | None
Kimberly | None
Humberto | None
Rahul | None
Velma | None
Tammy | None
Robyn | None
Abidur | None
Micaela | None
Jeremy | None
Christine | None
Steven | None
Patricia | None
Michael | None
John | None
Grzegorz | None
Ahmad | None
Nolan | None
Visarg | None
Michelle | None
Trevor | None
Osama | None
Piet | None
Myles | None
Lokesh | None
Stephen | None
Shayna | None
Eleanor | None
Tony | None
Mark | None
Tom | None
Scott | None
Bill | None
Rachel | None
Julia | None
Bailey | None
Elise | None
Kevin | None
Cory | None
Keath | None
Christopher | None
David | None
Dan | None
Steven | None
Linnea | None
Michael | None
Carl | None
Marko | None
Ellen | None
William | None
Fred | None
Kira | None
erica | None
jessica | None
kira | None
melissa | None
sahana | None
Aman | None
Karl | None
Mark | None
Joe | None
Max | None
Jim | None
Tracey | None
Regina | None
Mike | None
Julio | None
Ivy | None
Amanda | None
Amber | None
Jonathan | None
Jorge | None
Mia | None
Laurel | None
Joseph | None
Ryan | None
Marissa | None
Mason | None
Piper | None
Ryan | None
Sarah | None
Sarah | None
Jim | None
Brenda | None
Ryan | None
Amy | None
Brian | None
Paige | None
Kylee | None
Stacy | None
Jason | None
MANU | None
Brett | None
Sabrina | None
Stacey | None
Dave | None
Donald | None
Julie | None
Michaela | None
Alex | None
Tawnya | None
Ryan | None
Ryan | None
Amy | None
Sarah | None
Jim | None
Tracie | None
Marissa | None
Jordan | None
Paige | None
Kylee | None
Brenda | None
Piper | None
Ryan | None
Alex | None
Mason | None
Marissa | None
Matt | None
Caitlin | None
Piper | None
Mickey | None
Provides | None
Matt | None
Piper | None
Sarah | None
Sarah | None
Sarah | None
Taylor | None
Charlie | None
Brian | None
Amy | None
Mike | None
Zac | None
Gene | None
Tim | None
Kylee | None
Andrew | None
Alex | None
Matt | None
Brendon | None
Ramses | None
Deborah | None
Ryan | None
Ed | None
hanna | None
joseph | None
Kade | None
Kalyssa | None
Kellie | None
Doug | None
Lacey | None
Marian | None
michael | None
Sarah | None
Tamra | None
tiffany | None
Wyatt | None
Stacy | None
Neeraja | None
Marian | None
Alex | None
christina | None
Ben | None
Ryan | None
Tracie | None
Logan | None
Jacob | None
Jeanne | None
aaron | None
Grant | None
Byron | None
Brain | None
Ron | None
Mire | None
Jason | None
Eneitha | None
Jeison | None
Kenneth | None
Brent | None
Jacob | None
Alexander | None
aaron | None
Caitlin | None
Mickey | None
Sarah | None
Ryan | None
Carol | None
Ian | None
ALVIN | None
Roger | None
Joan | None
Mike | None
Cody | None
Jordan | None
Joe | None
Mark | None
Darin | None
Paul | None
Steve | None
Carleta | None
Provides | None
Macy | None
John | None
Otis | None
Marissa | None
Logan | None
Brian | None
Heather | None
Esmeralda | None
Christina | None
Marjapur | None
Alvin | None
Sarah | None
Amy | None
Hayley | None
Mason | None
Sarah | None
Jordan | None
Paige | None
Kylee | None
Sarah | None
Matt | None
Logan | None
Sarah | None
Burton | None
Bharathy | None
Luis | None
Sid | None
Zaby | None
sarah | None
lauren | None
sue | None
steven | None
sharon | None
morgan | None
michele | None
mark | None
laura | None
kristin | None
sylvia | None
keith | None
jen | None
jen | None
hunter | None
daniel | None
brody | None
alleyah | None
aldo | None
julia | None
Tony | None
Robin | None
Lauren | None
Nicole | None
Chrissy | None
Trisource | None
Stacy | None
Daniel | None
Madeline | None
Val | None
Jacob | None
Allison | None
William | None
Kayleigh | None
Kimberly | None
Matt | None
Matthew | None
Jerry | None
Rob | None
Eric | None
Adam | None
Bruce | None
Dave | None
Colin | None
Bruce | None
Dan | None
Dave | None
Loree | None
Jerome | None
Loree | None
Phillip | None
Sean | None
Sean | None
Stephen | None
Jeff | None
juan | None
ivan | None
matias | None
paolo | None
rafael | None
rene | None
Betania | None
Tracy | None
Walter | None
Tyler | None
Brock | None
Taylor | None
Ryanne | None
Nicholas | None
Mack | None
Luke | None
Laurie | None
Kristin | None
Joe | None
Jay | None
David | None
Damon | None
Christina | None
Brianna | None
Logan | None
Andrea | None
Grace | None
Anthony | None
Ryanne | None
Joe | None
JT | None
Taylor | None
Walter | None
JT | None
David | None
Tyler | None
Luke | None
Brock | None
Joe | None
Nicholas | None
Brennan | None
Ross | None
Matthew | None
Tiffany | None
Joseph | None
Deborah | None
Tonya | None
Jesse | None
K. | None
Cody | None
heavena | None
Brian | None
Raquel | None
Stephanie | None
Narmadhaa | None
Kailash | None
Myra | None
Gary | None
Eric | None
Krishna | None
Derek | None
Dhamodaran | None
Eric | None
Brady | None
Paul | None
Randy | None
Colt | None
Dexter | None
Brian | None
Colleen | None
Sandra | None
Jim | None
Javeed | None
Claire | None
Scott | None
Bruce | None
Rich | None
Naomi | None
Eric | None
Aaron | None
Curtis | None
RODNEY | None
Jodi | None
Chelsea | None
Aurelio | None
Jacob | None
Lawrence | None
Serena | None
Mahesh | None
Marc | None
Cajetan | None
Edwin | None
John | None
Eric | None
Team | None
Amy | None
paolo | None
Mark | None
Adam | None
Marrius | None
Alexander | None
Andrew | None
Chloe | None
Jennifer | None
Deborah | None
Jarvis | None
Kelly | None
Kim | None
Lori | None
Matt | None
Robert | None
Christy | None
Scott | None
Ayanna | None
Laura | None
Tad | None
Leslie | None
Will | None
Jim | None
Nathan | None
Natalie | None
Nyasha | None
Linda | None
Diane | None
Michael | None
Kelly | None
Alpha | None
Diane | None
Sean | None
Shawn | None
Joseph | None
J | None
Kirk | None
Jarrod | None
Kyle | None
Seth | None
Wes | None
Tad | None
Will | None
Ryan | None
Karl | None
Paul | None
Pat | None
Paolo | None
Nyasha | None
Nathan | None
Michael | None
Leslie | None
Laura | None
Kelly | None
Joseph | None
Jim | None
Diane | None
Deborah | None
Ayanna | None
Sean | None
Natalie | None
Scott | None
Aaron | None
Diane | None
Nathan | None
Prasenjit | None
Matthew | None
Austin | None
Demian | None
Rita | None
Katherine | None
Daniel | None
Angelo | None
Jaswinder | None
Andrew | None
Bernadette | None
Kevin | None
Marnee | None
Tim | None
Paul | None
Ken | None
Valerie | None
Joven | None
Brian | None
Denise | None
Kelly | None
Amanda | None
Diego | None
Derek | None
Dede | None
Bo | None
Jen | None
Jay | None
Rose | None
Dan | None
Auwie | None
White | None
Deborah | None
Eric | None
Hassan | None
Jorge | None
Thomas | None
Mark | None
Adarshbir | None
Mark | None
Aurora | None
Michael | None
Alpha | None
Paolo | None
Nathan | None
Marrius | None
Mark | None
Jack | None
Dylan | None
Catherine | None
Deborah | None
Rod | None
Pat | None
Natalie | None
Diane | None
Mary | None
Alpha | None
Will | None
Diane | None
Deborah | None
Pat | None
Yvette | None
Tamica | None
Brittany | None
Joseph | None
Marrius | None
Alpha | None
Rod | None
Aurora | None
Leslie | None
Pat | None
Nyasha | None
Karen | None
Shawn | None
Marrius | None
Michael | None
Jim | None
Tad | None
Kelly | None
paolo | None
Niki | None
Shar | None
Carmen | None
Paul | None
Jenny | None
Chris | None
Alexandria | None
Alyssa | None
Brian | None
Carlos | None
Abbey | None
Morgan | None
Nancy | None
Makayla | None
Carmen | None
Savone | None
Leslie | None
Steven | None
Tori | None
Stacey | None
Ashten | None
Daniel | None
Elizabeth | None
Christina | None
Daniel | None
Sabrina | None
Jacquelyn | None
Candi | None
Valerie | None
Shilah | None
Patricia | None
Peggy | None
Patti | None
Mark | None
Lord | None
Emily | None
Doug | None
Gabrielle | None
Carol | None
Whitney | None
Wendy | None
Sherry | None
Michelle | None
McKenzie | None
Mary | None
Maggie | None
Lori | None
Kadi | None
Jan | None
Becca | None
Alexis | None
Barbara | None
Daphne | None
Jyonne | None
Ann | None
Betsy | None
Pamela | None
Kelly | None
Shahyah | None
Jesse | None
Laurie | None
Jessica | None
Lauren | None
Steve | None
Lauren | None
Jenna | None
Rita | None
Lori | None
Cariston | None
Kathy | None
Linda | None
Nathan | None
Izzy | None
Ryan | None
Goldie | None
Heather | None
Shari | None
Mary | None
Matthew | None
Karl | None
Amanda | None
Randi | None
Lilliana | None
Christina | None
Carrie | None
Jennifer | None
Lord | None
Brittany | None
Carol | None
Halley | None
Katie | None
Gayle | None
Andy | None
David | None
Keri | None
O'Neil | None
Cindy | None
Carly | None
Robert | None
Tony | None
Ken | None
Anetria | None
Kathleen | None
Maureen | None
Robert | None
Steve | None
Greg | None
Benny | None
Marianne | None
Jeff | None
Patrick | None
A | None
Kathleen | None
Sue | None
John | None
Jana | None
Lori | None
Phil | None
Matt | None
Yael | None
Hugo | None
Erica | None
Matt | None
Helen | None
Shawn | None
Carly | None
Connor | None
Mike | None
Jamie | None
Aleza | None
Shannon | None
James | None
Jake | None
Daniel | None
Stephen | None
Nick | None
Dominic | None
Emily | None
Charlie | None
Jordan | None
Joshua | None
Clayton | None
Georgia | None
Brian | None
Marie | None
Senthil | None
Sarabjeet | None
Aravind | None
Krishna | None
Kapil | None
Rhonda | None
Tara | None
Tessa | None
Tom | None
Ali | None
Berges | None
John | None
Syed | None
Nidhi | None
Bhakti | None
Pavan | None
Christina | None
Paul | None
Janet | None
Jim | None
Rob | None
Nila | None
Bhagyashree | None
Heather | None
Christina | None
Dave | None
Renee | None
Scott | None
Caroline | None
Sarah | None
John | None
Natassia | None
Alice | None
Michele | None
Saloni | None
Ari | None
Danielle | None
Jason | None
Judy | None
Hemanth | None
Jillian | None
Frank | None
Claire | None
Sue | None
Zippy | None
Megan | None
Munazzah | None
Somer | None
Poorna | None
Gaurav | None
Prateek | None
Kristen | None
Maggie | None
Oyshi | None
Robert | None
Shreya | None
Stephanie | None
Kartik | None
Abhinav | None
Luke | None
Maritza | None
Maritza | None
Vishnu | None
Sha | None
Rachel | None
Micha | None
Gabriella | None
Alex | None
Rebecca | None
Ivan | None
Kevin | None
Kari | None
Kaleo | None
Justin | None
Joshua | None
Joseph | None
Jacquese | None
Jacob | None
Keylahn | None
Hannah | None
Brandon | None
Gage | None
Fatima | None
Emily | None
Ebtisam | None
Dylan | None
David | None
Daniel | None
Cole | None
Chris | None
Carly | None
Brooke | None
Kierra | None
Brandon | None
Gerardo | None
Kuba | None
Nicholas | None
Laura | None
Bradford | None
Tommy | None
Yansi | None
Uraiba | None
Trevor | None
Tahreem | None
Sophie | None
Scott | None
Sam | None
Sam | None
Ronin | None
Robert | None
Kyle | None
Rhett | None
Railey | None
Nicole | None
Nathen | None
Colin | None
Miguel | None
Michael | None
Mercedes | None
Melody | None
Mariah | None
Mandy | None
Mallory | None
Maggie | None
Rebekah | None
Bernard | None
Ian | None
Alejandro | None
Jennifer | None
Brendon | None
Jeff | None
Jacob | None
Jackson | None
Jack | None
Ivan | None
Ishie | None
Griffin | None
Gerardo | None
Gerald | None
Genesis | None
Joel | None
Kyle | None
Isabella | None
Michael | None
Julian | None
Martin | None
Erin | None
Miller | None
Jon | None
Haris | None
Braeden | None
Julia | None
Andrew | None
Cory | None
Brooklyne | None
Alise | None
John | None
Jordan | None
Abbey | None
Todd | None
Hunter | None
kristina | None
Zach | None
TJ | None
Steven | None
Ronnie | None
Raquel | None
Max | None
Matt | None
Mallory | None
Jonathan | None
Kelsie | None
Jennifer | None
Griffin | None
Daryn | None
Daniel | None
Chance | None
Andy | None
Taylor | None
Haris | None
Conner | None
Joshua | None
Joseph | None
Jose | None
Joseph | None
Shelby | None
Tricia | None
Jennifer | None
Timothy | None
Christopher | None
Nolan | None
Andrea | None
Vanessa | None
Andrea | None
Deion | None
Macy | None
Annae | None
Ryan | None
Monica | None
Sierra | None
Ray | None
Mallory | None
Thomas | None
Andrew | None
Ian | None
Kristina | None
Carlos | None
Alexia | None
Ryan | None
Andres | None
Zuy | None
Christopher | None
Christopher | None
Vanessa | None
Ed | None
Roland | None
Danielle | None
Mary | None
Joseph | None
Ryan | None
Melanie | None
Maya | None
Jayvon | None
Zuy | None
Kyle | None
Nick | None
Caroline | None
Atticus | None
Daniel | None
Samantha | None
Rea | None
Padma | None
Garrett | None
Shalumar | None
Maxwell | None
Leroy | None
Jennah | None
Martin | None
Rachel | None
Ronnie | None
Brianna | None
Mitchell | None
Marley | None
Joseph | None
Kyle | None
Reilly | None
Daniel | None
Amy | None
Ariel | None
Kyle | None
Natalie | None
Kevin | None
Makensie | None
Brian | None
Caroline | None
Peter | None
Amelia | None
Vincent | None
Samuel | None
Anthony | None
Mark | None
Steven | None
Megan | None
Meilee | None
Chris | None
Brandon | None
Marcelino | None
Cesar | None
Brian | None
Daryn | None
Sabatino | None
Dylan | None
Meghan | None
Philip | None
Joshua | None
Nicholas | None
Vu | None
Erica | None
Jonathan | None
Ryan | None
David | None
Stephen | None
Matt | None
Tyler | None
Griffin | None
Paige | None
Naheer | None
Jose | None
Jackson | None
Max | None
Sofia | None
TJ | None
Troy | None
Steven | None
Juliane | None
Kyle | None
Megan | None
Ethan | None
Pirelli | None
Raquel | None
Erin | None
Hudson | None
Darron | None
Janette | None
Jenny | None
Amy | None
Sunil | None
Jackie | None
Lisa | None
Jon | None
Dave | None
Ashish | None
Amy | None
C. | None
Jim | None
Kelli | None
Ed | None
Michelle | None
Mecca | None
Dane | None
Mike | None
Brad | None
Jenny | None
Cindy | None
caty | None
lynn | None
mecca | None
wanita | None
wanita | None
Alison | None
JoAn | None
ELIZABETH | None
Tamara | None
Khalil | None
Jerry | None
Jill | None
Joel | None
Lynn | None
Megan | None
Thom | None
Keith | None
Keren | None
Megan | None
Jerry | None
ELIZABETH | None
Cheryl | None
Joel | None
ELIZABETH | None
Caty | None
Keren | None
Joseph | None
Jana | None
ELIZABETH | None
Ramsen | None
Dane | None
Cynde | None
Mark | None
Steve | None
Harshal | None
Keith | None
Brad | None
Jonathan | None
Beau | None
Arturo | None
Lexi | None
Deanna | None
Carol | None
Suzy | None
Roberta | None
Alea | None
Scott | None
Brooke | None
Kamal | None
Mike | None
Danielken | None
Lee | None
Andrew | None
Dominique | None
Kay | None
Lisa | None
Dylan | None
Jay | None
Kimberly | None
Erik | None
Larry | None
Chrissy | None
Alexander | None
Gabriel | None
Danielle | None
LeAnne | None
Danielle | None
Lauren | None
Jasmin | None
Joey | None
Desha | None
Lee | None
Sarah | None
Swati | None
Donna | None
Angela | None
Anne | None
Amy | None
Spencer | None
YU-CHUNG | None
Jessica | None
Ruchi | None
Alayna | None
Deepa | None
Sangin | None
Colleen | None
Jasmin | None
Samantha | None
Molly | None
Chad | None
David | None
David | None
Rachel | None
Brittney | None
Andrea | None
Lesley | None
Timothy | None
Ryan | None
Tyson | None
Jamie | None
Christy | None
Zach | None
Camille | None
Sam | None
Greg | None
Levi | None
Matthew | None
Alan | None
Aaron | None
Mak | None
Jenna | None
Dana | None
Emily | None
Ryan | None
Ryan | None
Samara | None
David | None
Rachel | None
Natalie | None
Mikayla | None
Mia | None
Michael | None
Andy | None
Ben | None
Mimi | None
James | None
Shafali | None
Daisy | None
Lindsay | None
Nali | None
Rick | None
Lynna | None
Zoe | None
Nicholas | None
Kate | None
Caitlin | None
Benjamin | None
Alejandra | None
Evan | None
Rawlins | None
Will | None
Julie | None
Elisa | None
Jennifer | None
Saswat | None
Seth | None
Leo | None
Lisa | None
Kristin | None
Matt | None
Jenifer | None
Charlie | None
Carolyn | None
Sarah | None
Matthew | None
Isabel | None
Claude | None
John | None
Amber | None
Annie | None
Kathleen | None
Steph | None
Lauren | None
David | None
Kyra | None
Jack | None
Sophie | None
Cyrus | None
Steve | None
Lauren | None
Katerina | None
Danielle | None
Jeff | None
Alison | None
Mitch | None
Annie | None
Caroline | None
Kurt | None
Luciana | None
Paola | None
Jeremy | None
Michael | None
Claudia | None
Kyle | None
Maria | None
Marina | None
Carlee | None
Samir | None
Ginna | None
Glenna | None
Hannah | None
Hugh | None
JC | None
Jennifer | None
Jennifer | None
Pegah | None
Joe | None
Joseph | None
Joseph | None
Josh | None
Justin | None
Galit | None
Danny | None
Katie | None
Kelsey | None
Jim | None
Brandon | None
Remyah | None
Candice | None
Mike | None
Nate | None
Alice | None
Katie | None
Andrea | None
Jennifer | None
Holly | None
Jessica | None
Nick | None
Sidney | None
Anna | None
Pallavi | None
A.J. | None
Lani | None
Manni | None
Erin | None
Chelsea | None
Chris | None
Katie | None
Nora | None
Chloé | None
Alice | None
Meghan | None
Taylor | None
Sophie | None
Dani | None
Lucy | None
Daniel | None
Joseph | None
John | None
Kyle | None
Corky | None
Stacey | None
Veronica | None
Robin | None
Tyrell | None
Jason | None
Toni | None
Janet | None
Tony | None
Jamial | None
Helen | None
Jeanne | None
Wendy | None
Jennifer | None
John | None
Kimberly | None
Cededra | None
Diana | None
Edward | None
Claudia | None
Amber | None
Robert | None
Rose | None
Holly | None
Brandon | None
Anthony | None
Ryan | None
Brandi | None
Dynera | None
Jennifer | None
Tabitha | None
Diana | None
Matt | None
Jose | None
Margie | None
Allison | None
Brittany | None
Jill | None
Siyad | None
Connor | None
Silvia | None
Amber | None
Tamara | None
Ali | None
Abby | None
David | None
Kenn | None
Maria | None
Nicholas | None
Navya | None
Mario | None
Shane | None
Christina | None
Mo | None
Jennifer | None
Kristine | None
Nakia | None
Lynn | None
Lily | None
Anthony | None
Rex | None
Brandi | None
Jaime | None
Erica | None
Jared | None
Pete | None
Ashley | None
Dawn | None
Stephanie | None
Erika | None
Donnell | None
Madeline | None
Julie | None
Vishal | None
Mollye | None
Bill | None
Taryn | None
Kristen | None
Omar | None
Kaitlyn | None
Shayland | None
C. | None
Rod | None
Vanessa | None
Vince | None
Ja'Nell | None
Raymond | None
Jason | None
Lacey | None
Marleesha | None
Kimberley | None
Yayra | None
Dolores | None
Sedrick | None
Kristy | None
Paul | None
Jasleen | None
Joseph | None
Jaimit | None
Erica | None
Elsa | None
Trish | None
Chezmonee | None
Tiffany | None
Christopher | None
Imelda | None
Susan | None
Lauren | None
James | None
Angelina | None
Angela | None
Kelly | None
Angela | None
Ingrid | None
Karen | None
Breanna | None
Nelvyc | None
Patty | None
Donald | None
Dan | None
Matt | None
Jody | None
Chris | None
John | None
Johnalynn | None
Anais | None
Gina | None
Frances | None
Nichole | None
Jashmine | None
Carlos | None
Jennifer | None
Meg | None
David | None
Paul | None
Minerva | None
Ryan | None
John | None
Anne | None
Adam | None
Travis | None
Pocket | None
Ashley | None
Jacoby | None
Greg | None
Todd | None
Colette | None
Luis | None
Robert | None
Greg | None
Tiffany | None
Dana | None
Jennifer | None
Tina | None
Carrie | None
Donna | None
Lindsay | None
Kelly | None
Sean | None
Adrian | None
Fred | None
Shelby | None
Kevin | None
Tamara | None
Diganta | None
Durga | None
WILLIAM | None
Taylor | None
Brenda | None
Melissa | None
Sean | None
Ricardo | None
Tamala | None
Ella | None
KIMBERLY | None
Shanon | None
Heather | None
Parul | None
Anthony | None
Starleigh | None
Andrew | None
Monica | None
Brayan | None
Cristina | None
Amanda | None
Cheryl | None
Pankaj | None
Shaniqua | None
Ada | None
Todd | None
Andrew | None
Bertha | None
Courtnay | None
Christopher | None
Kelvin | None
Thomas | None
Sonja | None
Jeff | None
Lisa | None
Merissa | None
Candice | None
Kayla | None
Racquel | None
Ray | None
Victor | None
Arrian | None
George | None
Connie | None
Evangelos | None
Kassandra | None
Julie | None
Tonya | None
Debbie | None
Kim | None
Vince | None
Jennifer | None
Melissa | None
Charles | None
Calvin | None
Becky | None
Tracy | None
Erin | None
Chase | None
Darlene | None
Carla | None
Veronica | None
Elexis | None
Meagan | None
Robin | None
Lena | None
Lyn | None
Anne | None
Kim | None
Emily | None
Carmen | None
Brittany | None
Abby | None
Christine | None
Katie | None
Emily | None
Katelynn | None
Nick | None
Erika | None
Heidi | None
Natalie | None
Maulika | None
Kristin | None
Chris | None
Carver | None
Mike | None
Natalie | None
Cora | None
Rachel | None
Kailey | None
Liv | None
Valerie | None
Bella | None
Ruby | None
Carly | None
Beth | None
DANIEL | None
Lindsey | None
Karen | None
Krista | None
Lauren | None
Shannon | None
Shelby | None
TJ | None
Jonathan | None
Reagan | None
Alaina | None
Peggy | None
Laura | None
Erin | None
Eric | None
Jennifer | None
Brenda | None
Dylan | None
Minka | None
Jane | None
Lindsey | None
Thomas | None
Christina | None
Jessica | None
Doris | None
Joel | None
Lindsey | None
Elizabeth | None
Kyle | None
Bethany | None
Jorie | None
Ashley | None
Kailey | None
Ashley | None
Gary | None
Dane | None
Anne | None
Nathan | None
Maggie | None
Hannah | None
Diane | None
Tania | None
Bob | None
Gareth | None
Michelle | None
Viki | None
Chris | None
Zaynab | None
Mohammad | None
Lesedi | None
Mae | None
Oliver | None
Sam | None
Mae | None
Irfaan | None
Kendall | None
Helena | None
Karl | None
Joe | None
Helen | None
Francis | None
Dominika | None
Chris | None
Alex | None
Adam | None
Adam | None
Michelle | None
Karl | None
Katie | None
Billie | None
Yashica | None
Sam | None
Tiisetso | None
Adam | None
Yessenia | None
Luchele | None
Kyle | None
Nathan | None
Liam | None
Marita | None
Conor | None
Jack | None
David | None
John | None
Viki | None
Lauren | None
Daniel | None
Francis | None
Oliver | None
Billie | None
Kendall | None
Tiisetso | None
Dominika | None
Katie | None
Helen | None
Md | None
Alex | None
Alfie | None
Sanjeev | None
Bill | None
Ben | None
Ben | None
Aunna | None
Ashley | None
Annette | None
Adam | None
Amanda | None
Alex | None
Alex | None
Brian | None
Tiffany | None
Kathryn | None
Logan | None
Angie | None
Bryan | None
Chuck | None
Cassandra | None
Frank | None
Evelyn | None
Eric | None
Emily | None
Edward | None
Drew | None
Donald | None
Didi | None
David | None
David | None
Danielle | None
Corey | None
Clint | None
cindy | None
Chris | None
Chad | None
Cayce | None
Carolyn | None
Dawn | None
Michael | None
Heather | None
Ryan | None
Samantha | None
Samuel | None
Sara | None
Sarah | None
Sarah | None
Roxann | None
Scott | None
Sondra | None
Stephen | None
Steve | None
Thomas | None
Tim | None
Todd | None
Shawn | None
Tom | None
Ross | None
Robin | None
Michael | None
Linsey | None
Michelle | None
Mike | None
Mohammad | None
Neil | None
Ron | None
Nicole | None
Orion | None
Osunde | None
Pamela | None
Rae | None
Richard | None
Richard | None
Niki | None
Tommy | None
Tracey | None
Vaughn | None
Keely | None
Katie | None
Kari | None
Karen | None
Kara | None
Justin | None
Kelli | None
Jorge | None
John | None
Joe | None
Joe | None
Jessica | None
Jeni | None
Hrithik | None
John | None
Kellie | None
Kelly | None
Ken | None
Vince | None
Wendy | None
Zack | None
Mary | None
Mark | None
Marcia | None
Mandy | None
Lynn | None
Lori | None
Lexi | None
Lauren | None
Larry | None
Kristina | None
Kevin | None
Kevin | None
Gary | None
Lindsay | None
Matthew | None
Lawryn | None
jason | None
Jason | None
Jamie | None
Jake | None
Jacqueline | None
Leah | None
Jacob | None
Jack | None
Ibrahim | None
Holly | None
Heather | None
Harry | None
Hannah | None
Haley | None
Haley | None
George | None
Matthew | None
Jeff | None
Jeffrey | None
James | None
Jerry | None
Jordan | None
Jordan | None
Jonathan | None
Jon | None
Johnathon | None
Jennifer | None
Julia | None
Julie | None
Julie | None
John | None
Jorge | None
Josie | None
Joelle | None
Joe | None
Justin | None
Jillian | None
Jessica | None
Jessica | None
Jessica | None
Alyssa | None
Aidan | None
Yawar | None
Katlyn | None
Michelle | None
Anastasia | None
Jim | None
Raymond | None
Brianna | None
Mark | None
Clearance | None
Natalia | None
Emma | None
Simon | None
Tice | None
MacLean | None
Oleksandr | None
Alona | None
Henry | None
Anastasia | None
TRUSTECH | None
Nataliia | None
Aiden | None
Akash | None
Ornella | None
Oluwamayowa | None
Jason | None
Juan | None
Tice | None
Connor | None
Vanessa | None
Bryan | None
Sara | None
Jason | None
Cody | None
Emily | None
Liz | None
Joe | None
Toni | None
Elizabeth | None
Katherine | None
Alexander | None
Drew | None
Tanner | None
Kayla | None
Lisette | None
JJ | None
Elisa | None
Rhianne | None
Leslie | None
Jennifer | None
Chris | None
Patricia | None
Brady | None
Warren | None
Dunya | None
Ted | None
Rachel | None
Darren | None
Kaila | None
Sandra | None
Violet | None
Nichole | None
Ryland | None
Alexia | None
Artelia | None
Brian | None
Scout | None
Eryn | None
Joseph | None
Matthew | None
Bryan | None
Jeri | None
Daniela | None
Cesar | None
Mauricio | None
Ricardo | None
Jeffry | None
william | None
Rebekah | None
Jorge | None
Gabriela | None
Alejandro | None
Stefano | None
Esteban | None
Noel | None
Roselyne | None
Anna | None
Benjamin | None
Jeri | None
Justin | None
Jake | None
Daniela | None
Ken | None
Ravi | None
Jordan | None
Sylvester | None
Sarah | None
Maria | None
Mohammed | None
Seivan | None
Amanda | None
Shrinidhi | None
Basanth | None
Imane | None
Faisal | None
Jenny | None
Pooja | None
Niketa | None
Smita | None
Sophia | None
Marc | None
Vivek | None
Tyler | None
Tristan | None
Mary-Joe | None
Venkat | None
Myra | None
Hannah | None
Jeremy | None
Simran | None
Taylor | None
Taylor | None
Nadirah | None
Nano | None
Nicole | None
Peter | None
Randall | None
Ravneet | None
Ray | None
Rebecca | None
Rebecca | None
Reese | None
Ryan | None
Sabrina | None
Sara | None
Scott | None
Shelby | None
Sheldon | None
Shiran | None
Sierra | None
Stephanie | None
Sydney | None
Taira | None
Edwin | None
Sharon | None
Taska | None
GowthamaKrishnan | None
Myles | None
Pierre-Etienne | None
Vanessa | None
Billy | None
Stevie | None
Sergi | None
Cherrine | None
Harish | None
Pallavi | None
Sylvia | None
Alan | None
John | None
Shay | None
Hassen | None
Mohsin | None
Madeline | None
Sudarshan | None
Megan | None
CP | None
Nadirah | None
Daniel | None
Aman | None
Yuriy | None
Mourad | None
Jacqueline | None
Amanda | None
Jordan | None
Gavin | None
Dana | None
Zach | None
Mara | None
Veronique | None
Wendy | None
Zarif | None
Morgan | None
Mohith | None
Danielle | None
Jessika | None
Darrick | None
Rahman | None
Mara | None
Natalie | None
Halden | None
Katie | None
Pavan | None
Rehan | None
Ghermay | None
Andrew | None
Ben | None
Caleb | None
Michael | None
Mohith | None
Niall | None
Rahman | None
Ruby | None
MD | None
Tyler | None
Monica | None
Mohammed | None
Miguel | None
Arfath | None
Mithun | None
Sneha | None
Pesari | None
Rithin | None
Gary | None
Sunil | None
Abby | None
Noelle | None
Dakshina | None
Susmita | None
Shrunga | None
Anusha | None
Julia | None
Josh | None
Joseph | None
Joseph | None
Joseph | None
Jordan | None
Roni | None
Jon | None
Johnny | None
John | None
Joanne | None
Kaine | None
Destiny | None
Kenith | None
Rahul | None
Annie | None
Laurence | None
Yen | None
Parveez | None
Ashok | None
Chris | None
Judyta | None
Kavitha | None
Frances | None
Anne | None
Girish | None
David | None
Grace | None
Jasmine | None
Andrea | None
Maëva | None
Ken | None
Marepally | None
Hemanth | None
Gayathri | None
Jagan | None
Vinay | None
Ajay | None
Malvika | None
Rohini | None
Jessica | None
Jeremy | None
Jeremie | None
Jennifer | None
Jesse | None
Jon | None
Jordan | None
Joseph | None
Josh | None
Josh | None
Justin | None
Kaine | None
Kamila | None
Katie | None
Keith | None
Kiana | None
Kirsten | None
Laura | None
Lauren | None
Ledia | None
Levi | None
Lobna | None
Louis-Philippe | None
Lucy | None
Maria | None
Mathieu | None
Matthew | None
Meaghan | None
Mia | None
Jeremy | None
Ravi | None
Galen | None
Gerard | None
Jena | None
Jason | None
Jared | None
Janeth | None
Jaimee | None
Jade | None
Jacqueline | None
Jacob | None
Jack | None
Jack | None
Jacinta | None
Isabela | None
Irida | None
Igor | None
Hugh | None
Henry | None
Helen | None
Hassen | None
Harry | None
Harriett | None
Haritha | None
Hailey | None
Grant | None
Girish | None
Ghermay | None
Gaspard | None
Hailey | None
Daniel | None
Declan | None
Arfath | None
Artiom | None
Ashleigh | None
Jasmine | None
Ava | None
Nathan | None
Raghu | None
Shabnam | None
Renganathan | None
Claudie | None
Christopher | None
Christopher | None
Christine | None
Christina | None
Charles | None
Anthony | None
Cardela | None
Anita | None
Alessio | None
Joanne | None
Sarah | None
Ashton | None
Cardela | None
Kasey | None
Alexandra | None
Krista | None
Dsaun | None
Kyle | None
Vimal | None
Emily | None
Adrian | None
Aidan | None
Aleksandra | None
Alessia | None
Anaisse | None
Galen | None
Aziza | None
Boris | None
Emelie | None
Robert | None
Naomi | None
Raeva | None
Anna | None
Luis | None
Ciara | None
Manideep | None
Disha | None
Hailey | None
Mercedes | None
Nikal | None
Balaji | None
Christina | None
Rupesh | None
Kaylee | None
Bailea | None
Lekhana | None
Jade | None
Drew | None
Benjamin | None
Eddy | None
Elizabeth | None
Derek | None
Ellie | None
Faith | None
Feriel | None
Baktash | None
Galen | None
Ghermay | None
Irida | None
Jacinta | None
Jack | None
Jade | None
Pallavi | None
Audrey | None
Earl | None
taylor | None
Ashlyn | None
Balaji | None
Prem | None
Andrew | None
Macey | None
Ty | None
Kaitlynn | None
Earl | None
Ram | None
Destiny | None
Ashlyn | None
Soham | None
Billy | None
tianyu | None
Christina | None
Lucero | None
Sophia | None
Aman | None
Jack | None
Derek | None
Daniel | None
Sarah | None
Damaris | None
Aubrey | None
Naveen | None
Ryan | None
Kyla | None
Shay | None
Rupesh | None
Madison | None
Cody | None
Monica | None
Mohsin | None
Valerie | None
Darnell | None
CP | None
Sade | None
Bahniman | None
Chloe | None
Rose | None
Christian | None
Noah | None
Ruby | None
Natalie | None
Paul | None
Thomas | None
Sebastien | None
adam | None
jack | None
michael | None
rachel | None
samantha | None
Krista | None
Brett | None
Frances | None
Cardela | None
Charlize | None
Wesley | None
John | None
Tori | None
Derek | None
Andrew | None
Hunter | None
Shelly | None
Rick | None
Mandy | None
Brett | None
Suliana | None
Myra | None
Ashlyn | None
Patricia | None
Mary | None
Jessica | None
Sahro | None
Sophia | None
Nicholas | None
Lizmarie | None
Kevin | None
Cecilia | None
Shayna | None
Chad | None
Jackie | None
Chloe | None
Ryan | None
Tom | None
Christopher | None
Christina | None
Doug | None
Karleigh | None
Abigail | None
Jenna | None
Matthew | None
Rahul | None
Christina | None
Zachary | None
Christina | None
Karisa | None
Rosy | None
Sophia | None
José | None
TaylorJane | None
Margaret | None
Julia | None
Landon | None
Shin | None
James | None
Lily | None
Tyler | None
Antonnet | None
Mac | None
Brian | None
Chad | None
Rosy | None
Jamisha | None
Alison | None
Karisa | None
Karleigh | None
Valton | None
Nick | None
Elizabeth | None
Jacob | None
Siddharth | None
Rebecca | None
Julie | None
Mindy | None
Lakshya | None
Carolina | None
Coco | None
Nick | None
Amanda | None
Pamela | None
Rick | None
Rachel | None
Zack | None
Wynn | None
Julia | None
Kelly | None
Victoria | None
Tyler | None
Tory | None
Tony | None
tiffany | None
Phil | None
Tiffany | None
Thomas | None
Steve | None
Stephanie | None
Scott | None
Samantha | None
Samantha | None
Ryan | None
Rudy | None
Randy | None
Thomas | None
Brad | None
Andrew | None
Nathan | None
Emma | None
David | None
Drew | None
Brendan | None
Siddharth | None
Shalini | None
Clare | None
Naincy | None
Carolina | None
Luke | None
Nancy | None
Kelli | None
Brad | None
Kishan | None
Erech | None
James | None
Connor | None
David | None
Jim | None
Jennifer | None
Jason | None
James | None
James | None
Heather | None
Dan | None
Haley | None
Grant | None
Gina | None
Femin | None
Evie | None
Emily | None
Dena | None
Shikha | None
Jim | None
Wynn | None
Alicia | None
Marc | None
amanda | None
carolina | None
kelli | None
mindy | None
shalini | None
Diane | None
siddharth | None
wes | None
Brett | None
Alicia | None
Amy | None
Ava | None
Beth | None
tj | None
Dan | None
Jeff | None
Amanda | None
Monica | None
Alexa | None
Molly | None
Julia | None
Pidee | None
Stephanie | None
Brevin | None
Randy | None
Christopher | None
Catherine | None
Carlye | None
Shay | None
Kelsey | None
Courtney | None
Cindy | None
Nicholas | None
Jordan | None
Justin | None
Anthony | None
Maria | None
Allison | None
Anna | None
Daniel | None
Dave | None
Dawson | None
Jen | None
Ryan | None
David | None
Erin | None
David | None
Nick | None
Carly | None
Jin | None
Elizabeth | None
Lisa | None
Brad | None
Monica | None
Molly | None
Miles | None
Megan | None
Mary | None
Lindsey | None
Andy | None
Lindsey | None
Leanne | None
Jack | None
Steve | None
Gail | None
Alex | None
Pratham | None
Lewis | None
Julia | None
Laurie | None
Kishan | None
Emerson | None
Melissa | None
Wendy | None
David | None
Brian | None
Amy | None
James | None
Heather | None
Anaita | None
Kevin | None
Kevin | None
Kelly | None
Kelly | None
Kate | None
Courtney | None
Larry | None
Victoria | None
Melanie | None
Thomas | None
Pete | None
Brendan | None
John | None
Kristi | None
Mike | None
Mokrane | None
Jeffrey | None
Jeanne | None
Lauren | None
Cecilia | None
Sam | None
Joe | None
Maggie | None
Adam | None
Will | None
James | None
Carmen | None
Aaron | None
Daniel | None
Josh | None
Michelle | None
Heather | None
Morgan | None
Daniel | None
Ryan | None
Joe | None
Edward | None
Niveditha | None
Ben | None
Michelle | None
Joel | None
Chris | None
Bill | None
Pete | None
Susan | None
Shad | None
John | None
Scott | None
Carla | None
Denise | None
Jordan | None
Shuaihang | None
Anne | None
Adam | None
Alyssa | None
Shay | None
Stephanie | None
Brian | None
Ryan | None
Anjie | None
Daniel | None
Drew | None
Wes | None
Paul | None
Andrew | None
Amanda | None
Sharon | None
Scott | None
Jin | None
Regina | None
Margaret | None
Troy | None
Stephanie | None
Jacob | None
Juan | None
Tory | None
Blake | None
Cristi | None
Haley | None
LinkedIn | None
Jonathan | None
Amy | None
Heather | None
Jeff | None
Emily | None
Alicia | None
Kelly | None
Jen | None
Carlye | None
Haley | None
Dave | None
April | None
Kia | None
Cheryl | None
Alyssa | None
Bruce | None
Jenna McKee | None
Amanda OConnell | None
Margaret Jarosz | None
Jamila Ventura | None
Keenan George | None
Sarah | None
Mitch | None
Camden | None
Rick | None
Lou | None
Adam | None
Beverly | None
Dennis | None
Lauren | None
Spencer | None
Haley | None
Tami | None
Andrew | None
Aubrey | None
Taylor | None
Meaghan | None
Stephanie | None
Paula | None
Brian | None
Chaz | None
Caleb | None
Ryan | None
Anjie | None
Heather | None
Kiley | None
Brett | None
Cari | None
Jamie | None
Anna | None
Allison | None
Kristen | None
Heidi | None
Courtney | None
34 | None
29 | None
23 | None
22 | None
19 | None
14 | None
12 | None
10 | None
7 | None
TJ | None
Nick | None
Olivia | None
Kristoffer | None
Grace | None
Alyssa | None
Jocelyn | None
Elise | None
Jamielee | None
Allen | None
Daniel | None
Regina | None
Sharon | None
Keerthana | None
Kaleigh | None
Cari | None
35 | None
37 | None
38 | None
39 | None
Jamila | None
Shashwat | None
Rohit | None
Abhishek | None
Ann | None
Emily | None
Jordan | None
Kayla | None
Kristi | None
Kaleigh | None
Sam | None
Lydia | None
Terrence | None
Maura | None
Reagan | None
57 | None
56 | None
54 | None
53 | None
51 | None
50 | None
48 | None
47 | None
44 | None
42 | None
40 | None
Sean | None
Shalini | None
Kristen | None
Heidi | None
TJ | None
Shikha | None
Andrew | None
Bruce | None
Sarah | None
Iris | None
Jeff | None
Margaret | None
Tami | None
Jeff | None
Brevin | None
Jessica | None
Vikas | None
Will | None
Adam | None
Kayla | None
Carmen | None
Emma | None
Emily | None
Aubrey | None
Paula | None
Brett | None
Allison | None
April | None
Sonali | None
Taylor | None
Jen | None
Shalini | None
Reagan | None
Gnanika | None
Amanda | None
Courtney | None
Yashaswini | None
Allison | None
Iris | None
Shashwat | None
Abhishek | None
Vikas | None
Kelly | None
Amanda | None
emily | None
PJ | None
Peter | None
Hanene | None
Jillian | None
Kynnette | None
Kelly | None
Mark | None
La | None
Agil | None
Vic | None
Behazin | None
Sela | None
Jamar | None
Avery | None
Samantha | None
Lisa | None
Christopher | None
Vladimir | None
Alyssa | None
Shelia | None
Willie | None
Mark | None
Mwazi | None
Joseph | None
Bradley | None
Dan | None
Micah | None
Erica | None
Alexis | None
Jeff | None
Ben | None
Ryan | None
Derrick | None
Tyamara | None
Aiden | None
Raymond | None
Samantha | None
Greg | None
Kimberly | None
Tatianna | None
Liz | None
Brian | None
Paul | None
Ryan | None
LaVerne | None
Beth | None
Asiya | None
Amy | None
Zachary | None
Jenny | None
Caroline | None
Daniel | None
Katie | None
Allison | None
Paula | None
Hayette | None
Emily | None
Karen | None
Karen | None
Brette | None
Denise | None
Christopher | None
James | None
Tonia | None
Hasan | None
Tammy | None
Shannon | None
Sarah | None
Rachel | None
Thuy | None
Nicholas | None
Jon | None
Jennie | None
Phina | None
Tanjina | None
Matt | None
Jenny | None
Levi | None
Rafid | None
Stacy | None
Zach | None
Sales | None
Thomas | None
Amy | None
Chandana | None
Gianna | None
Prince | None
Kayla | None
Aqsa | None
Katie | None
MJ | None
Salma | None
Sumer | None
Kelsey | None
Lisa | None
Hannah | None
Connie | None
Marcus | None
Andrew | None
Tammy | None
Cate | None
Tyler | None
Kanika | None
Britany | None
Justin | None
Jazel | None
Nicolette | None
Edie | None
Kristian | None
Emily | None
Tabitha | None
Jordan | None
Thao | None
Shane | None
Gordon | None
Abbie | None
Kaitlin | None
Gary | None
Kyle | None
Melissa | None
Missy | None
Paige | None
Tim | None
Scott | None
Rishi | None
Michael | None
Jim | None
Adamma | None
Chad | None
Hayli | None
Josh | None
Simran | None
Zack | None
Hannah | None
Lauren | None
Camille | None
Hayli | None
Mitchell | None
Colin | None
Chantal | None
Jillian | None
Virginia | None
Dylan | None
Richard | None
Noel | None
Renuka | None
Nadia | None
Cory | None
Lauren | None
Ashley | None
Palmer | None
Kelley | None
Elise | None
Sara | None
paul | None
katherine | None
leah | None
lindsey | None
rebecca | None
Manuel | None
richard | None
sophia | None
vince | None
kael | None
Rebecca | None
Jordan | None
Sean | None
heather | None
caron | None
edwin | None
davida | None
dat | None
craig | None
caroline | None
Wendell | None
Casey | None
Jordan | None
Carmen | None
Meaghann | None
Casey | None
Jordan | None
Caron | None
gulsah | None
Jared | None
Victor | None
Tyler | None
Caron | None
Carmen | None
Michael | None
Jared | None
Kaneil | None
Leah | None
Joseph | None
Brad | None
Nicholas | None
Gabe | None
Hector | None
Lindsey | None
Meaghann | None
Maria | None
Jonathan | None
Anthony | None
Sheza | None
Tchikaya | None
Jahnavi | None
Srikanth | None
Sunidhi | None
Sai | None
Jeff | None
Julie | None
Jaime | None
Grant | None
Chris | None
Kenneth | None
James | None
Mike | None
Irene | None
Kyle | None
Brian | None
Jonathan | None
Emily | None
Daniel | None
Rodney | None
Treina | None
Aaron | None
Rebecca | None
Thomas | None
Diondra | None
Vincent | None
Kaitlin | None
Chris | None
Kristie | None
Carlie | None
Ron | None
Scott | None
Hope | None
Jeffrey | None
Alan | None
Shilo | None
Sharmishtha | None
Nasir | None
Sabina | None
Rohit | None
Gareth | None
Samantha | None
Lawrence | None
Shilo | None
Tamara | None
Dharmik | None
Patrick | None
Virginia | None
Terri | None
Pooja | None
Zalak | None
Katonah | None
Seth | None
Mike | None
Saundra | None
Vishal | None
Steven | None
Rodriguez | None
David | None
Andrea | None
Rosie | None
Christina | None
Andrea | None
Fleury | None
Udo | None
Andrew | None
Vijaya | None
Josh | None
Shauna | None
Makenzie | None
Yogesh | None
Glenn | None
Shelby | None
Sameera | None
Mia | None
Jet | None
William | None
Joe | None
Heidi | None
Michael | None
Sion | None
Otto | None
Joey | None
Mona | None
Ravi | None
Shelli | None
Shawn | None
Swetha | None
Vanessa | None
Eveleen | None
Joshua | None
Shelli | None
Mike | None
Sandy | None
Scott | None
Sarah | None
Shelli | None
Jayde | None
Edward | None
Phil | None
Joe | None
Dan | None
Joan | None
Mark | None
Brittany | None
Joanie | None
Karina | None
Shelli | None
Alicia | None
Shelli | None
Mark | None
Ryan | None
Ashley | None
Lisa | None
Mahesh | None
Vimal | None
Shamalee | None
Yasenia | None
Arun | None
Ashwani | None
Chaitanya | None
Asha | None
David | None
Santosh | None
Atul | None
Alan | None
Pete | None
Venugopal | None
Dan | None
Conroy | None
Uday | None
LaDre | None
Carmen | None
Genesis | None
Brian | None
Jeremy | None
Liliana | None
Rangan | None
Luis | None
Lee | None
Paul | None
Latoya | None
Casandra | None
Shannon | None
Dora | None
Kelly | None
Steve | None
Brian | None
Trinell | None
Colleen | None
Neal | None
Dianne | None
Alma | None
Anas | None
PJ | None
Kyla | None
Rick | None
Sonny | None
Kyla | None
Kiley | None
Cullen | None
Carla | None
Sally | None
PJ | None
Christopher | None
Nayna | None
Jim | None
Nicholas | None
Mike | None
Randy | None
Alan | None
Liliana | None
Julia | None
Khalid | None
Cristina | None
Leslie | None
Jessica | None
Tram | None
Daisy | None
Lauren | None
Jeffrey | None
Carly | None
Karen | None
Allison | None
Carly | None
Ahmad | None
Abby | None
Andrena | None
Andrea | None
Andrea | None
Brittany | None
Brianna | None
Candace | None
Cristen | None
cynthia | None
Carol | None
Lori | None
San | None
Bri | None
Danielle | None
Erin | None
Catherine | None
Ashly | None
Cynthia | None
Isaac | None
Gaby | None
Jennifer | None
Jennifer | None
Jennifer | None
Jennifer | None
Jessica | None
Jessica | None
Julie | None
Vicki | None
Preston | None
Chris | None
Troy | None
Kristina | None
Vicki | None
May | None
Rina | None
Satnam | None
David | None
Dominique | None
Melanie | None
Isabella | None
Ryan | None
Nidia | None
Katie | None
Ashley | None
Desiree | None
shawntee | None
Edith | None
Nida | None
Phillip | None
Patricia | None
Rob | None
Sarah | None
Stephen | None
Shauna | None
Stacia | None
Shirley | None
Susan | None
Shane | None
Taylor | None
Tracey | None
Tiarra | None
Verenice | None
Vanessa | None
Andy | None
Jarrod | None
Molly | None
Melanie | None
Brenda | None
Dana | None
Dominique | None
Nidia | None
Lyza | None
Zachary | None
Vanessa | None
Monique | None
Michelle | None
matthew | None
Maclovia | None
Estela | None
Emma | None
Farooq | None
Geralyn | None
Hellen | None
Heather | None
Haley | None
Isabelle | None
Juan | None
Janice | None
Jessica | None
Jenna | None
John | None
Donna | None
Jessica | None
Jim | None
Jyotika | None
Julie | None
Karen | None
Lydia | None
Leila | None
Lynna | None
Lauren | None
Lesley | None
Lorrayne | None
Maria | None
Mary | None
Melanie | None
Jenny | None
Erika | None
Rashad | None
Hannah | None
Leilani | None
Justin | None
Andrea | None
Jess | None
Sherard | None
Keri | None
Olivia | None
Nicki | None
Gordie | None
Georgie | None
Kim | None
Scott | None
Danielle | None
Gina | None
Michael | None
Julius | None
Corinna | None
Sebastian | None
Malia | None
Elias | None
Rachael | None
Paige | None
Michelle | None
Laura | None
Deneitra | None
Kim | None
Natalie | None
Trevor | None
Samantha | None
Jamie | None
Beth | None
Lindsey | None
Bobbi | None
William | None
Vilmarie | None
Amber | None
Khody | None
Daniella | None
Hailey | None
Ashley | None
Charity | None
Danielle | None
Shannin | None
Bryan | None
Douglas | None
Carlos | None
Lauren | None
Kyle | None
Kevin | None
Claudia | None
Michael | None
Amber | None
Nicollette | None
April | None
Teri | None
Jameelah | None
Andrea | None
Meghan | None
Madison | None
Kimberly | None
Bailey | None
Michelle | None
Sheila | None
Vanessa | None
Leslie | None
Betsy | None
Alicia | None
Jessica | None
Greg | None
Michelle | None
Jordan | None
Judy | None
Linda | None
Melody | None
Alisa | None
Lee | None
Donna | None
AJ | None
Brian | None
Ian | None
Melanie | None
Tim | None
Kara | None
Nicole | None
Alex | None
Chuck | None
Krystal | None
Roberto | None
Jennifer | None
Christina | None
Dimitri | None
Carly | None
Dona | None
Priscilla | None
Anne | None
Lorri | None
Gina | None
Francisliana | None
Amy | None
Jessica | None
Lisa | None
Clark | None
Randy | None
Ashley | None
Lindsey | None
Stacey | None
Cynthia | None
Chantal | None
Katherine | None
Cameron | None
Remy | None
Diliana | None
Shaun | None
Stephanie | None
Janelle | None
Emmeline | None
Dominique | None
Jeremy | None
Teri | None
Grayson | None
John | None
Bhawna | None
Mahaveer | None
Emi | None
Josef | None
Andrew | None
David | None
Zachary | None
Allie | None
Jackie | None
Anne | None
Lisa | None
Nicole | None
Danielle | None
Karla | None
Dave | None
Tiffany | None
Josiah | None
Karen | None
Brenda | None
Noemi | None
Amber | None
Olgert | None
Dan | None
Lexi | None
Tamara | None
Angela | None
Michael | None
Chelsea | None
Jennifer | None
Tiffany | None
Alejandra | None
Marley | None
Sonya | None
Jessica | None
Shannon | None
Yvette | None
Ashley | None
Ruperto | None
Liz | None
Julia | None
Kacey | None
Rebecca | None
Andrew | None
Mary | None
Brendan | None
Kameron | None
Carolina | None
Katie | None
Stacey | None
Jordan | None
Mary | None
Heather | None
Taylor | None
Serena | None
Daniel | None
Tracie | None
Maria | None
Tammy | None
Stephanie | None
Carol | None
Cathy | None
Anita | None
Ethan | None
Hailey | None
Barry | None
Stephanie | None
Eric | None
Sherrie | None
Thomas | None
Karen | None
Andy | None
Lyza | None
Ben | None
Amanda | None
Kim | None
Susie | None
Salina | None
Isela | None
Marleny | None
Chandra | None
Lauren | None
Rafael | None
Jessica | None
Sam | None
Vannile | None
Cristina | None
James | None
Robin | None
Deepak | None
Kristen | None
Lucy | None
Krizzia | None
Wanda | None
Randy | None
Lucas | None
Paul | None
Ryan | None
Maricar | None
Robert | None
Lauden | None
Riti | None
Ben | None
Okezie | None
Lesley | None
Robert | None
Lauden | None
Jehan | None
Jeffrey | None
Famela | None
Juliana | None
Lesley | None
S | None
Sharmaine | None
David | None
Alok | None
Peter | None
Richard | None
Mona | None
Riti | None
Stan | None
Lauden | None
Will | None
Ali | None
Ross | None
Mitchell | None
Justin | None
Michelle | None
Kenneth | None
Noah | None
Adam | None
George | None
morning | None
Gwynne | None
Lynsi | None
Sue | None
Jordan | None
Gwynne | None
Amy | None
Lynsi | None
Reyna | None
Sue | None
Rex | None
Lukas | None
Lucy | None
Heidi | None
Jeff | None
Kristin | None
Amy | None
Michael | None
Debbie | None
Kristen | None
Dave | None
Amy | None
Ashley | None
David | None
Kristen | None
Marcus | None
Mark | None
Slavko | None
John | None
Shaina | None
Annamarie | None
James | None
Tim | None
Lisa | None
Becky | None
Kristina | None
Sam | None
Tim | None
Tisha | None
Sam | None
Tom | None
Himanshu | None
Derek | None
Rick | None
Peruka | None
Gabriel | None
John | None
John | None
Arron | None
John | None
Anton | None
Banu | None
Jonathan | None
Vincent | None
Natalie | None
Tina | None
Trudy | None
Ryan | None
Matthias | None
Jason | None
Yehosheba | None
Jeff | None
Ben | None
Susan | None
Chad | None
Ricky | None
Craig | None
Idiaghe | None
Samuel | None
Dimitric | None
Tavyin | None
Dhanya | None
Jefferson | None
Chad | None
Greg | None
Khari | None
Javaris | None
Frank | None
Edward | None
Michael | None
Braxton | None
Tami | None
Debra | None
Ed | None
Rebecca | None
John | None
Shea | None
John | None
Marrisha | None
Sunil | None
Tammy | None
Christy | None
Mindi | None
Sheri | None
Daniel | None
Lana | None
Emily | None
Angela | None
Marianna | None
Irene | None
Jack | None
Mary | None
Daniela | None
Angela | None
Whitney | None
Marielle | None
Christopher | None
Katrina | None
Monet | None
Michele | None
Jason | None
Jeanne | None
Dan | None
Valerie | None
Colleen | None
Billy | None
Shahzaib | None
Shahid | None
M. | None
Juan | None
Ebad | None
Clifford | None
Kamsali | None
Thomas | None
Alexandra | None
Jordan | None
Meghna | None
Nestor | None
Linwood | None
Jaime | None
Viktória | None
Natalia | None
Thimmegowda | None
Jeff | None
Halley | None
Daniel | None
Nóra | None
Blanca | None
Manasa | None
Erin | None
Jacob | None
Jega | None
Ryan | None
Károly | None
Cassandra | None
Brad | None
Thomas | None
Olayinka | None
Paul | None
Chris | None
Rachel | None
Alexis | None
Richard | None
Marcelle | None
Bryan | None
Charles | None
Regina | None
James | None
Dan | None
Anthony | None
Troy | None
Benita | None
Landon | None
Stanley | None
Maredy | None
Steven | None
Michael | None
Pat | None
Cris | None
Brian | None
Andres | None
Fawad | None
Edward | None
Dramane | None
Chris | None
Jermal | None
Carla | None
Manu | None
Don | None
Santosh | None
Yvonne | None
Tafere | None
Tanmayee | None
Douglas | None
Wilfredo | None
Donald | None
Ataur | None
Aayushi | None
Shiva | None
Ron | None
Dominique | None
Maria | None
Vicky | None
Duane | None
Mike | None
Daniel | None
Srinivas | None
Scott | None
Mohammed | None
Shashaw | None
Ransom | None
Bhoopal | None
Srinivaas | None
Sai | None
Venkata | None
Sreenivas | None
Prajith | None
Erin | None
Hemant | None
Soujanya | None
Haley | None
Jessica | None
Sally | None
Vinay | None
Steven | None
Devinder | None
Hari | None
Vimal | None
Kimberly | None
Kristi | None
Bo | None
Christina | None
Chris | None
Alvin | None
Sandeep | None
Anil | None
Alicia | None
Syed | None
Srikanth | None
Chandra | None
Cassandra | None
Saaii | None
Gaurav | None
Eszter | None
Dylan | None
Vandana | None
Wendy | None
Jeff | None
Shilpa | None
Ramana | None
Mohamed | None
Stewart | None
Dino | None
Stacy | None
Ed | None
Bob | None
Eva | None
Frank | None
Thomas | None
Kunal | None
Ruchi | None
Bradley | None
Zion | None
Rethish | None
Nilesh | None
Rich | None
Shankar | None
Vikas | None
Koby | None
Patrick | None
Charles | None
Aaron | None
Andrew | None
Gina | None
Leighann | None
Christine | None
Robert | None
Kerri | None
John | None
Victor | None
Orville | None
Paula | None
Mike | None
James | None
Mark | None
Kate | None
Cori | None
Matt | None
Ritika | None
Jeremy | None
Amy | None
Rick | None
Weston | None
Chris | None
Brett | None
Julian | None
Vasu | None
April | None
Melissa | None
Roosevelt | None
Ray | None
Shashank | None
Sai | None
Praveen | None
Heather | None
Samantha | None
Mike | None
Allison | None
Ashley | None
Al | None
Fern | None
Haley | None
Harry | None
Arsalan | None
Kerry | None
Shiva | None
Emily | None
Ashley | None
Mike | None
Debarun | None
Brandon | None
Brian | None
Srinivaas | None
Poonam | None
Monica | None
Ons | None
May | None
David | None
Shaun | None
Allison | None
Steven | None
Maria | None
Nicole | None
Simon | None
Harrison | None
Andriy | None
Rob | None
Mike | None
Recruiting | None
Richard | None
David | None
Vicki | None
Kirk | None
Matthew | None
Steve | None
Karen | None
Rick | None
Brianna | None
Robert | None
Sheri | None
Chase | None
Annette | None
Brandi | None
Dan | None
Elizabeth | None
Jason | None
Ginny | None
Ted | None
Becky | None
Brady | None
Will | None
Evelyn | None
Cooper | None
Keith | None
Jessica | None
Janet | None
Joe | None
Lee | None
Richard | None
Lisa | None
Samantha | None
Madison | None
Eloise | None
Cynthia | None
Amy | None
Lindsey | None
Elandra | None
Blake | None
Adam | None
Adam | None
Ian | None
Brent | None
Tracy | None
Amy | None
Robin | None
Eric | None
Rebecca | None
Isabella | None
Alessandro | None
Cassidy | None
Mercer | None
Culby | None
Bonnie | None
Georgia | None
Jordyn | None
Michelle | None
Elaine | None
Zoe | None
Leah | None
Maximillian | None
Mackenzie | None
Amanda | None
Armani | None
Vivien | None
Jeremy | None
Kelly | None
Victoria | None
Allison | None
Jennifer | None
Mario | None
Eric | None
Mark | None
David | None
Christina | None
Daniel | None
Aaron | None
Kamryn | None
Dylan | None
Trevor | None
Chuck | None
Jan | None
Ray | None
Amy | None
Brian | None
Trina | None
Ken | None
Chris | None
Alejandro | None
David | None
Donna | None
Holly | None
Albert | None
Husain | None
Shawn | None
Danielle | None
Charles | None
Ashley | None
Nathaniel | None
Eric | None
Wyatt | None
Vince | None
Marcus | None
Kierra | None
Maria | None
Veer | None
Katherine | None
Karra | None
Julie | None
Christina | None
Tanu | None
Rita | None
Pedro | None
Concetta | None
Nicole | None
Sarah | None
18 | None
28 | None
Andrew | None
Alba | None
Holly | None
Lori | None
Bryan | None
MJ | None
Luke | None
Judy | None
Beth | None
4 | None
Bryce | None
Morgan | None
Heather | None
Jason | None
Alexie | None
Parker | None
Brianna | None
Ashley | None
Sheila | None
Morgan | None
Parker | None
Bryan | None
Damon | None
Josh | None
Kyle | None
Mariah | None
Jerrica | None
Tyler | None
Keeley | None
Morgan | None
Paige | None
Masha | None
Jennifer | None
Patrick | None
JL | None
Rachelle | None
Todd | None
Cristina | None
Nancy | None
Chris | None
Kylie | None
Whitney | None
Michelle | None
Kimberley | None
Michael | None
Kylie | None
Allie | None
Rachelle | None
Patrick | None
Kaye | None
Paige | None
Sarah | None
Micaela | None
Alex | None
Todd | None
Bryan | None
Masha | None
Tyler | None
Nichole | None
Kallie | None
Jerrica | None
Chris | None
Ian | None
Josh | None
Andrew | None
Janae | None
Alba | None
Jason | None
Brianna | None
Holly | None
Luke | None
MJ | None
Heather | None
Bryce | None
Judy | None
Kimberley | None
Beth | None
Troy | None
Alexis | None
Sarah | None
Micaela | None
Josh | None
Keith | None
Nancy | None
Madeline | None
Kyle | None
Alexie | None
Masha | None
Masha | None
Allie | None
Sarah | None
Allie | None
Michael | None
Damon | None
Mariah | None
Josh | None
Kaye | None
Sam | None
Keith | None
Nancy | None
Kimberley | None
Paige | None
Lori | None
Morgan | None
Jordan | None
Judy | None
Ian | None
Keith | None
Paige | None
Keanu | None
meg | None
Matthew | None
Kay | None
Joanna | None
Chandler | None
Kaye | None
Tony | None
mary | None
Paige | None
Cheryle | None
Relene | None
Jon | None
Luke | None
paige | None
Michael | None
Tony | None
Whitney | None
Keeley | None
Alex | None
Janae | None
Holly | None
Bryan | None
Andrew | None
Alexie | None
Allie | None
Troy | None
Bryan | None
Jerrica | None
Alba | None
Luke | None
Sarah | None
Micaela | None
Kyle | None
Michelle | None
Keeley | None
Mariah | None
Tyler | None
Ian | None
Alexie | None
Todd | None
Madeline | None
Michaela | None
Darya | None
Jasmine | None
Stephanie | None
Edwin | None
Evan | None
Alesha | None
Vinay | None
Janessa | None
Kayla | None
Lakshmi | None
LaToya | None
Nick | None
Nick | None
Pamela | None
Sam | None
Trey | None
Ben | None
Vijay | None
Bhavana | None
Anthony | None
Rasamalla | None
Tanya | None
Prabhakar | None
Naveen | None
Patrick | None
Vamshi | None
Sheila | None
Soujanya | None
Swathi | None
Aman | None
Tara | None
Roopaly | None
Charishma | None
Dominic | None
Hannah | None
Jonathan | None
Joseph | None
Lonnie | None
Matthew | None
Miranda | None
Olga | None
Sharon | None
Stacie | None
Hi | None
Bari | None
Mike | None
Stacy | None
Diana | None
Joseph | None
Audrey | None
Shelby | None
Vamshi | None
Ravina | None
Anna | None
Aravind | None
Lonnie | None
Ajaykumar | None
Gowtham | None
Fahad | None
Elizabeth | None
Ryan | None
Steve | None
Alana | None
Raj | None
Sudhir | None
Tammy | None
Bhavani | None
Saicharan | None
Ashok | None
Sravan | None
Anisa | None
Madhuri | None
Harika | None
Abhijeet | None
Sravan | None
Nitin | None
Mir | None
Venkatesh | None
Sree | None
Vijay | None
Aaron | None
Manikanth | None
Nic | None
Murari | None
Katelin | None
Hannah | None
Mahesh | None
Yathisri | None
Sandhya | None
Lavanya | None
Subramanyam | None
Brad | None
Ramani | None
Charishma | None
Sai | None
Pradeep | None
Mahesh | None
Diwakar | None
Shiva | None
Germain | None
Shyam | None
Abid | None
Rajkumar | None
Biroj | None
Dona | None
Chris | None
Greg | None
Stefanie | None
Alexandra | None
David | None
Cheyenne | None
sandy | None
Angela | None
Gloria | None
Patricia | None
Jillian | None
Kimberly | None
Mike | None
Cheyenne | None
Khadejha | None
Alexis | None
Iram | None
Tejaswini | None
Priyanga | None
Avinay | None
Saif | None
Vanshika | None
Ryan | None
Asheton | None
Brad | None
Cynthia | None
Chelsi | None
Megan | None
Gigi | None
Ryan | None
Riley | None
Nicole | None
Matthew | None
Madison | None
Kate | None
Drew | None
Madison | None
Chris | None
Brad | None
Reilly | None
Giovanna | None
Reece | None
Allan | None
Connor | None
Brian | None
Madison | None
Jon | None
Lubna | None
Meg | None
Alexis | None
Reece | None
Thomas | None
Sydney | None
Gabe | None
Brooke | None
Chris | None
Paige | None
Stephen | None
Yash | None
Matthew | None
Sydney | None
Maddie | None
Gabe | None
Stephen | None
William | None
Mark | None
Sydney | None
Michelle | None
Meg | None
Blair | None
Jan | None
Joe | None
William | None
Matthew | None
Hannah | None
Presley | None
Caitlynn | None
Timothy | None
Nick | None
Michelle | None
Bailey | None
Aimee | None
Madeline | None
Miles | None
Timothy | None
Aimee | None
Bailey | None
Madeline | None
Will | None
Paige | None
Yash | None
Kate | None
Will | None
Presley | None
Lubna | None
Mackenzie | None
Jason | None
Shawn | None
Nick | None
Kimtraye | None
Alexis | None
Maddie | None
Jon | None
Madison | None
Mark | None
Cynthia | None
Julian | None
Griffin | None
Cary | None
Julie | None
Dana | None
Angel | None
Taylor | None
Elena | None
Sofia | None
Natalie | None
Haley | None
Javi | None
Jessica | None
Amanda | None
Ryan | None
Jessica | None
Alissa | None
Thomas | None
Brianna | None
Peter | None
Alissa | None
Jill | None
Summer | None
Melanie | None
Bianca | None
Perla | None
Marikka | None
Lucy | None
Kathryn | None
Karlo | None
Jennifer | None
Janice | None
Jovani | None
Jessica | None
Guadalupe | None
Vip | None
Dasha | None
Ruth | None
Cristal | None
Cynthia | None
Brad | None
Bobbie | None
Bre | None
Stuart | None
Sabrina | None
Erika | None
Raquel | None
Anurag.K | None
Steven | None
Vincent.T | None
Al | None
Amanda | None
Kassy | None
Lisa | None
Lily | None
Leanne | None
Lauren | None
Noy | None
Nancy | None
Monique | None
Joslyn | None
Joe | None
Kammie | None
Joe | None
Jessica | None
Jennifer | None
Jennifer | None
Jason | None
Jasmine | None
Jaleen | None
Heather | None
Hannah | None
Gigi | None
Jolene | None
James | None
Genifer | None
Ernesto | None
Adrian | None
Kennedy | None
Kristen | None
Laurie | None
Miri | None
Paige | None
Rachelle | None
Vanessa | None
Sandra | None
Tyler | None
Vanessa | None
Amy | None
Xi | None
Shelley | None
Maima | None
Andrea | None
Annie | None
Anya | None
Autumn | None
Breeana | None
Carlos | None
Charles | None
Daniellle | None
Dawne | None
Ellen | None
Kathy | None
Rebecca | None
Dagogo | None
Amie | None
Brian | None
Anthony | None
Patrice | None
Suzanne | None
Jen | None
Sean | None
Jason | None
Niyongabo | None
Chioke | None
James | None
Gus | None
Jeremy | None
Jacqui | None
Amena | None
Joe | None
Sam | None
Anthony | None
Josephine | None
Ben | None
Brad | None
Casey | None
Dave | None
Matt | None
Swetha | None
Kirubakaran | None
Jace | None
Abby | None
Sawlan | None
Kinsey | None
Jamie | None
David | None
Alain | None
Shane | None
Jace | None
Mark | None
Kimberly | None
Katie | None
Susan | None
Diane | None
Felicia | None
Prentice | None
Terri | None
Samantha | None
Mindy | None
HR | None
Careers | None
General | None
Steven | None
Kimmi | None
Lavina | None
Akhil | None
Isabell | None
VISHNU | None
VXForward | None
Donald | None
Kathy | None
Anitha | None
Samuel | None
Chelsea | None
Steven | None
Gina | None
Andrea | None
Kristian | None
Monica | None
Tamesha | None
Janet | None
Carlos | None
Matthew | None
Dymond | None
Nashaa | None
Michael | None
Edgar | None
Johnny | None
Vanity | None
Debbie | None
Jeremy | None
Kevin | None
Eva | None
Antwane | None
Ryan | None
Candice | None
Michael | None
Dustin | None
Juan | None
Haoming | None
Shameka | None
Stacy | None
Lisa | None
Shaunetta | None
Frances | None
Regan | None
John | None
Sherita | None
John | None
Jeff | None
Anthony | None
Luke | None
Cheryl | None
Tayron | None
Lowell | None
Terri | None
Erika | None
Shonda | None
Kaula | None
James | None
Emanuel | None
Lord | None
Santoinette | None
Kayneisha | None
Arames | None
Allen | None
Ash | None
Amanda | None
Obie | None
Tommy | None
Tara | None
Ami | None
Emerald | None
Lisa | None
Steven | None
Diamond | None
Hieu | None
Isaiah | None
David | None
Stephen | None
Jassmine | None
Adam | None
Sabrina | None
April | None
Allen | None
Jennifer | None
Brandon | None
Richard | None
Lisa | None
Tavian | None
Rhonda | None
Melanie | None
Shavarr | None
Phil | None
Lissa | None
Christopher | None
Peter | None
Patrice | None
Belina | None
Chris | None
Stephen | None
Jemmelette | None
Camille | None
Frank | None
Christian | None
Reggie | None
Marshall | None
Jonathan | None
Hannah | None
Mary | None
Aaron | None
Zach | None
Junyi | None
Sheeba | None
Marian | None
Christel | None
Julia | None
Kyle | None
Caroline | None
Sharon | None
Timothy | None
Kim | None
Thomas | None
Joshua | None
Michael | None
Haley | None
Laura | None
Nicole | None
Hannah | None
Amber | None
Matt | None
Morgan | None
Harleigh | None
Matthew | None
Brittany | None
Tyler | None
Cille | None
Brooke | None
David | None
Kirk | None
Hannah | None
Trae | None
Gerald | None
Kenneth | None
MacKenzie | None
Samantha | None
Sam | None
Melissa | None
Frankie | None
Ben | None
Erica | None
Ray | None
Nicole | None
John | None
Beth | None
Sam | None
Kim | None
Courtney | None
Philisiwe | None
Sarah | None
Grace | None
Nicole | None
Marissa | None
Jason | None
Craig | None
Many | None
Lisa | None
Nicole | None
Kerri | None
Mackenzie | None
Jordan | None
Christina | None
Sam | None
Ginna | None
Tyler | None
Crystal | None
Sarah | None
Sha | None
Dorian | None
Seth | None
Nina | None
Alexa | None
Kimberly | None
Steven | None
Alathea | None
Andy | None
Sierra | None
John | None
Samuel | None
Jessica | None
Annie | None
Olivia | None
Anna | None
Stefanie | None
Natalie | None
Drew | None
Marin | None
Jordan | None
Dana | None
Jamila | None
Lynda | None
Marcella | None
Tushar | None
Mithil | None
Amanda | None
Kiet | None
Kendra | None
Andrea | None
Andrea | None
David | None
Laura | None
Charlie | None
William | None
Camden | None
Ryan | None
Abby | None
David | None
Annette | None
Nicole | None
Teresa | None
Puja | None
Lysette | None
Suzanne | None
Tera | None
John | None
Emily | None
Ellie | None
Mahammad | None
Jyoti | None
Darlesia | None
Omar | None
Anna | None
Rachel | None
Will | None
Ryan | None
Paige | None
Kelly | None
Justyn | None
Ahmer | None
Meredith | None
Courtney | None
Gavin | None
Michelle | None
Eric | None
Haley | None
Jessica | None
Xavier | None
Jeff | None
Surabhi | None
Kelly | None
Skyler | None
Amanda | None
Jeff | None
Georgie | None
Faith | None
John | None
Lauren | None
Katelyn | None
Justin | None
Emily | None
Brian | None
Nick | None
Evan | None
Michael | None
Sage | None
Javaid | None
Seth | None
Lavonte' | None
William | None
Lauren | None
Elizabeth | None
Jarra | None
Brendan | None
Jordan | None
Deron | None
Ted | None
Jenna | None
Mercedes | None
Mick | None
Ashley | None
Sarah | None
Amy | None
Lauren | None
Cathy | None
Megan | None
Timothy | None
JAMES | None
Mary | None
Chloe | None
Erik | None
Will | None
Molly | None
Akhil | None
Brian | None
Avery | None
Amy | None
Barbara | None
Aria | None
Tyler | None
James | None
Dylan | None
Jeff | None
Zachary | None
Sara | None
Sejal | None
Kyle | None
Chris | None
Scott | None
Michael | None
Paul | None
Isaac | None
Jessika | None
Candice | None
Amanda | None
Chris | None
Melissa | None
Melanie | None
Katie | None
Paige | None
Jennifer | None
Averyl | None
Matt | None
Matthew | None
Kristyn | None
Kristen | None
Matthew | None
Samantha | None
Brian | None
Paul | None
Brittney | None
Haseeb | None
Sean | None
Dana | None
Matt | None
Garren | None
Nadiah | None
Bayli | None
Anne | None
Kelly | None
Julie | None
Monica | None
Justine | None
Thomas | None
SHRUTI | None
Adam | None
Reagan | None
Jared | None
Brandi | None
Colleen | None
Sarah | None
Kali | None
Jill | None
Neely | None
Lindsey | None
Daniel | None
Ginny | None
Kathy | None
Emily | None
Seth | None
Hunter | None
Leigh | None
Molly | None
Adam | None
Helen | None
Frances | None
Jeremy | None
Tejaswini | None
Mason | None
Tranae | None
Chase | None
Lindsey | None
Ellen | None
Amy | None
Sydney | None
Ynna | None
Makenzie | None
Allyson | None
Patrick | None
Sabrina | None
Katie | None
Lauren | None
Greg | None
Stuart | None
Colleen | None
Michelle | None
Cameran | None
Nicole | None
Dorian | None
Kelly | None
Mike | None
Brad | None
Danielle | None
Ann | None
Megann | None
Maria | None
Jacob | None
Kelly | None
Brian | None
Amanda | None
Kimberly | None
Melissa | None
Brad | None
Paul | None
Matt | None
Marian | None
Thomas | None
Brenda | None
Dylan | None
Jessica | None
Nick | None
Boni | None
Kim | None
Alex | None
Nadine | None
Sharon | None
Jonah | None
Jaime | None
Suzanne | None
Abby | None
Liberto | None
Andrew | None
Courtney | None
Jessica | None
DeeAsiah | None
Brittani | None
Anthony | None
Alisha | None
Sean | None
Jennie | None
Emily | None
Kyle | None
Joe | None
Royce | None
Sandy | None
Brayden | None
Patrick | None
Joan | None
Nicole | None
Liv | None
Christina | None
Vanessa | None
Kaylee | None
Steve | None
Shawn | None
Hannah | None
Dereck | None
Andrew | None
Kathryn | None
Caleb | None
Kenzi | None
Danielle | None
Erik | None
Ross | None
Paige | None
Mary | None
Wally | None
Surabhi | None
Kadeidra | None
Avery | None
Nina | None
Carlo | None
Katrina | None
Katie | None
Grace | None
Angelo | None
Nicole | None
Lauren | None
John | None
Kim | None
Ashley | None
Steven | None
Justin | None
Chaise | None
Anna | None
Andrew | None
Kyle | None
Isabella | None
Nicolas | None
Faith | None
David | None
Paul | None
Akhil | None
Erin | None
Stefanie | None
Scott | None
Anne | None
Emily | None
Mikaela | None
Rebecca | None
Becca | None
Lauren | None
John | None
Molly | None
Gazee | None
Sasha | None
Victoria | None
Devan | None
Ann | None
Brooke | None
Jarra | None
Michael | None
Michele | None
Paderu | None
Nicole | None
Charles | None
Conner | None
Caleb | None
Abby | None
Patrick | None
Colleen | None
Kelly | None
Kylie | None
Kari | None
Alexa | None
Kara | None
Brooke | None
Erin | None
Jessica | None
Maleah | None
Marin | None
Omar | None
Sam | None
Skyler | None
Tiffany | None
Kelli | None
Sydney | None
Connor | None
John | None
Meggy | None
Claire | None
Denise | None
Cameran | None
Ted | None
Kala | None
Megan | None
Matt | None
Natalie | None
Taylor | None
Cheyenne | None
Jeff | None
Molly | None
Mick | None
Meredith | None
Cameron | None
Hannah | None
Christina | None
Christina | None
Josue | None
Leslie | None
Torres | None
Kristin | None
Jeff | None
Mary | None
Summer | None
Sydney | None
Gabrielle | None
Flannery | None
Deanna | None
Cody | None
Caitlin | None
Andrew | None
Andrew | None
Zachary | None
Tyson | None
Jaime | None
Tony | None
Teresa | None
Ted | None
Taylor | None
Taylor | None
Sydney | None
Stephanie | None
Sloane | None
Scott | None
Sarah | None
Sarah | None
Terri | None
Morgan | None
Angela | None
Benjamin | None
Samantha | None
Vy | None
Tyler | None
Manasi | None
Laurie | None
Suzanne | None
Diego | None
Britt | None
Zak | None
Liliane | None
Tera | None
Shweta | None
Sadia | None
Sian | None
Paola | None
Nikolas | None
Minji | None
Michelle | None
Joseph | None
Jared | None
Jennifer | None
Cassandra | None
Brittany | None
Sara | None
Emily | None
Will | None
Sage | None
Shawn | None
Thomas | None
Tulsi | None
Tyler | None
Darreyl | None
Naomi | None
Rebecca | None
Javaid | None
Wendy | None
Gowhar | None
Amanda | None
Skyler | None
Suzanne | None
Kat | None
Keebra | None
Jose | None
Meena | None
Caitlin | None
Ginna | None
Alyssa | None
Justyn | None
Ryland | None
Kimberly | None
Ryan | None
Patrick | None
Kees | None
Andrew | None
Annastasia | None
Ashley | None
Brandon | None
Cameron | None
Clare | None
Collin | None
Darryl | None
Diana | None
Elizabeth | None
Erich | None
Gavin | None
Gerry | None
Jeff | None
Kali | None
Kim | None
Maggie | None
Maxwell | None
Michael | None
Paige | None
Ryan | None
Paul | None
Aaron | None
Amy | None
Cameron | None
Kala | None
Melanie | None
Julia | None
Sarah | None
Katrina | None
Wendy | None
Torres | None
Griffin | None
Conner | None
Scott | None
Leslie | None
Kim | None
Morgan | None
Summer | None
Natalie | None
Liza | None
Jake | None
Kevin | None
Diane | None
Josh | None
Haley | None
Sasha | None
Edward | None
Meggy | None
Meaghan | None
Norman | None
Jeremy | None
Don | None
Katie | None
Annette | None
Shannon | None
Daniel | None
Jimmy | None
Bailey | None
McDavid | None
Vanja | None
Leah | None
Fred | None
Drew | None
Kimberly | None
Samantha | None
Hannah | None
Deron | None
Bhavdip | None
Matthew | None
Josue | None
Erin | None
Ciara | None
Kimberly | None
Clay | None
Lauren | None
Nehal | None
Skylar | None
Alex | None
Marie | None
Alicia | None
Grace | None
Will | None
Hannah | None
Karen | None
Isabel | None
Damon | None
Kara | None
Nicole | None
Kyle | None
Stephanie | None
Jay | None
Bijou | None
Julie | None
Jeff | None
Deb | None
Tiffany | None
Robyn | None
Kara | None
Carlo | None
Jordan | None
Brittany | None
Brandon | None
Sean | None
Caitlin | None
Marques | None
Janet | None
Molly | None
Claire | None
Kara | None
Morgan | None
Lindsey | None
Stephen | None
Paige | None
Kylie | None
Kara | None
Maxwell | None
Michele | None
Kayla | None
Emily | None
Mary | None
Daniel | None
Lindsey | None
Tulsi | None
Krusha | None
Keebra | None
Paul | None
Norman | None
Andy | None
John | None
Mary | None
William | None
Alex | None
Kim | None
Haley | None
Lauren | None
Emily | None
Isaac | None
David | None
Morgan | None
Mike | None
Ali | None
Barbara | None
Sharon | None
Haley | None
Justin | None
Anjali | None
Timothy | None
Ray | None
Ginny | None
Kelly | None
Zoe | None
JAMES | None
Stephen | None
Judith | None
Brian | None
Akhil | None
Sydney | None
Melissa | None
Katie | None
Mallory | None
Teresa | None
JAMES | None
Chase | None
Emily | None
Alaina | None
Ali | None
Suzanne | None
Valerie | None
Karsyn | None
Natalie | None
Jonah | None
Ellen | None
Jesse | None
Hayden | None
Jonah | None
Steve | None
Alisha | None
Greg | None
Deb | None
Katie | None
Esther | None
Aruna | None
Steve | None
Lisa | None
Joe | None
Meredith | None
Chris | None
Dalton | None
Michael | None
Jane | None
Ashley | None
Sue | None
Lenke | None
Darrin | None
Ross | None
Kiet | None
Kathy | None
Joshua | None
Dylan | None
Mike | None
Will | None
Jeff | None
Cynthia | None
Evelyn | None
Brian | None
Matt | None
Jessica | None
Liberto | None
Jeff | None
Helen | None
Leaundra | None
Kimberly | None
Katelyn | None
Brayden | None
Lauren | None
Makenzie | None
Kyle | None
Jordan | None
Cathy | None
Grace | None
Ahmer | None
Crystal | None
Hannah | None
Sejal | None
Kelly | None
Shelly | None
Ashley | None
Shana | None
Royce | None
Rob | None
Samantha | None
Devan | None
Eric | None
Nick | None
John | None
Andrea | None
Ben | None
Manasi | None
Ben | None
Jay | None
Gary | None
Matthew | None
Aaron | None
Andrew | None
Tina | None
Andrew | None
Korey | None
Nadia | None
Sean | None
Luis | None
Bianca | None
Latoya | None
Brittany | None
Sonya | None
Jared | None
Damian | None
Sydney | None
Christopher | None
Jason | None
Mike | None
Kate | None
Adam | None
Rex | None
John | None
Ryan | None
Michael | None
Stephanie | None
Mickey | None
Malisa | None
Paul | None
Jimena | None
Bart | None
Barbara | None
Walt | None
Andrew | None
Somer | None
Beth | None
Julianna | None
Shamshek | None
Nick | None
Naila | None
Josh | None
Adam | None
Trey | None
Chandy | None
Leah | None
Chris | None
Megan | None
Yvonne | None
Claude | None
Jim | None
Bill | None
Kevin | None
Matt | None
Devin | None
Drew | None
Carrie | None
Rob | None
Graham | None
Sharon | None
Isabella | None
Erica | None
Rob | None
Karen | None
Courtney | None
Katie | None
Hudson | None
Asha | None
Adam | None
Michelle | None
Michele | None
Skyler | None
Julianna | None
Kaylee | None
Sabrina | None
Anna | None
Max | None
Ereny | None
Carl | None
Kirolos | None
Melissa | None
Amanda | None
Chris | None
Andrew | None
Becca | None
Kenneth | None
Kara | None
Justine | None
Joshua | None
Jamila | None
James | None
Jake | None
Gowhar | None
Erica | None
Edward | None
David | None
Clay | None
Chris | None
Caleb | None
Andy | None
Justin | None
Lexi | None
Mary | None
MaryJo | None
Alyssa | None
Richard | None
Lynora | None
Devon | None
Ben | None
Ann | None
Clyde | None
Macky | None
Phillip | None
Elizabeth | None
Nathan | None
Pachonce | None
Bill | None
Conrad | None
Fernando | None
Kyle | None
Angela | None
Davis | None
Gus | None
Bailey | None
Jordan | None
Alexis | None
Rebecca | None
Kelly | None
Matt | None
Charles | None
Chip | None
Nate | None
Dennis | None
George | None
George | None
Sean | None
Lauren | None
Rachel | None
Brandon | None
Jake | None
Hisae | None
Robert | None
Matt | None
Jenny | None
Siddhesh | None
Keith | None
Rafeez | None
Robert | None
Sydney | None
Briana | None
Jennifer | None
Anthony | None
Michael | None
Kevin | None
Donald | None
Alex | None
Jody | None
Valdo | None
Julie | None
Donna | None
Clif | None
Christian | None
Phyllis | None
Erin | None
Shawn | None
Gregory | None
Chad | None
Aaron | None
Matthew | None
Lee | None
Ignacio | None
Lisa | None
Joseph | None
Spencer | None
Eric | None
Kellie | None
Seth | None
Matt | None
Cindy | None
Donna | None
Steve | None
Daniel | None
Dallas | None
Lauren | None
Brian | None
Darren | None
Savraj | None
Shelby | None
Patrick | None
David | None
Kaitlin | None
Gisela | None
Jason | None
Lori | None
Joe | None
Brian | None
Ervisa | None
June | None
Stephen | None
Kate | None
Wayne | None
Omar | None
David | None
Rachel | None
Mark | None
Monica | None
Zina | None
Sandra | None
Kimberly | None
Leon | None
Ferdinand | None
Courtney | None
Timothy | None
Leslie | None
Colleen | None
Chris | None
Peter | None
Chelsea | None
Walter | None
William | None
Grant | None
David | None
Wendy | None
Charmaine | None
Nanthawan | None
Christina | None
Paul | None
Mike | None
Dawn | None
Kate | None
Kimberly | None
Connie | None
Brian | None
Jim | None
Michael | None
John | None
Brian | None
Bryce | None
Evan | None
Floyd | None
Patrice | None
Brian | None
Denise | None
Robert | None
Joe | None
Michael | None
Bob | None
Jessica | None
Niona | None
Chris | None
Paul | None
Thays | None
Kirk | None
Preciosa | None
Kenzi | None
Sabina | None
Alan | None
John | None
Zack | None
Jeff | None
Rodney | None
Omar | None
Wincy | None
Kaori | None
John | None
Joe | None
Pedro | None
Ryan | None
Reagan | None
Dennis | None
Thomas | None
Matthew | None
Katherine | None
Erick | None
Steve | None
David | None
Thomas | None
Prianka | None
Bhawana | None
Alexandra | None
Logan | None
Jillian | None
Krystin | None
Alyssa | None
Cassandra | None
Amanda | None
Natalie | None
Bailey | None
Brendan | None
Richard | None
Michael | None
Si | None
Isaiah | None
John | None
Kevin | None
Dorothy | None
Joseph | None
Devan | None
Christina | None
Sarah | None
Chase | None
Clay | None
Dylan | None
Marquayvin | None
Abdualrahman | None
Steve | None
Stephen | None
Rachelle | None
Fernanda | None
Travis | None
aaron | None
Geovana | None
aleesa | None
dereck | None
Ashley | None
yuliia | None
travis | None
Suzanne | None
rachel | None
patrice | None
paige | None
onyx | None
mitch | None
michelle | None
lenee | None
jp | None
jordan | None
jackson | None
erik | None
darlene | None
Kimberly | None
Erica | None
Lucy | None
Ryan | None
Annie | None
Bill | None
Brittany | None
Leslie | None
David | None
Bronte | None
Matt | None
Kush | None
Greg | None
Abby | None
Christopher | None
Matt | None
Kristin | None
Meggie | None
Lanell | None
Jason | None
Kimberly | None
Asusena | None
Marc | None
Becky | None
Lisa | None
Leslie | None
Michelle | None
Zachary | None
Raj | None
Cory | None
Adam | None
Matt | None
Christopher | None
Gisselle | None
Olga | None
Julie | None
Jenny | None
Jeff | None
Frances | None
Alan | None
Chantelle | None
Jessika | None
Mary | None
Mary | None
Mary | None
Lynzi | None
Lucia | None
Kristen | None
Kimberly | None
Kelsey-Leigh | None
Kelly | None
Katherine | None
Karly | None
Justin | None
Julie | None
JT | None
Mary | None
Jordan | None
Mary | None
Sadia | None
Ricci | None
Rachel | None
Priestley | None
Priestley | None
Pierre-Luc | None
Paul | None
Nan | None
Mohsin | None
Michelle | None
Michelle | None
Michael | None
Max | None
Maureen | None
Matthew | None
Matt | None
John | None
John | None
Joe | None
Carson | None
Caroline | None
Carmine | None
Cady | None
Brenda | None
Brandon | None
Brad | None
Becca | None
Anna | None
Andrew | None
Alexandra | None
Abigail | None
Aaron | None
Chad | None
Chris | None
Christina | None
Jeff | None
Holland | None
Hector | None
Hayle | None
Haley | None
Greg | None
Jessica | None
Gabriel | None
Emma | None
Emma | None
Elm | None
Elisa | None
Ed | None
Deena | None
Danielle | None
Farah | None
Ezekiel | None
Damian | None
Thomas | None
Sanjiv | None
Grace | None
Grant | None
Jack | None
Josh | None
Lexi | None
Haley | None
Megan | None
Alyssa | None
Jaclyn | None
Rigzin | None
Amy | None
Airin | None
Erin | None
Kante | None
Jessica | None
Akhil | None
Angela | None
Sean | None
Sejal | None
Gurpreet | None
Ashleigh | None
Jennifer | None
Wayne | None
Ali | None
Skylar | None
Bijou | None
David | None
Darreyl | None
Rebecca | None
Abby | None
Rusty | None
Emily | None
Rebecca | None
Darren | None
Griffin | None
Chanlor | None
Sam | None
William | None
Thomas | None
Seth | None
Scott | None
Russ | None
Nehal | None
Natalie | None
MWalters | None
Morgan | None
Megann | None
Matthew | None
Mary | None
Amanda | None
Jaohara | None
Mike | None
Meaghan | None
Lorraine | None
Erica | None
Jessica | None
Denise | None
Alex | None
Bryan | None
Maxime | None
Human | None
June | None
Emily | None
Logan | None
Javaid | None
Joseph | None
Haley | None
Jay | None
Brenda | None
Darin | None
Katerine | None
Alicia | None
Chelsea | None
Stephanie | None
Ruth | None
John | None
Emma | None
Rylee | None
Tykiesha | None
Becky | None
Mark | None
Sam | None
Rebecca | None
Cassie | None
Katie | None
Jennifer | None
Clara | None
Courtney | None
Josh | None
MaKayla | None
Leslie | None
Marc | None
Vanessa | None
Laura | None
Aline | None
Megann | None
Dan | None
Sam | None
Melissa | None
Katie | None
Alonzo | None
Liz | None
Jason | None
Kendall | None
Skyler | None
Elliott | None
Kyle | None
Brian | None
Krusha | None
Kayla | None
Amanda | None
Kelli | None
Marcella | None
Surabhi | None
Jack | None
Sha | None
Matt | None
Alathea | None
Babs | None
Daniel | None
Emily | None
Agnes | None
Jamie | None
Carrie | None
Alisha | None
Heather | None
David | None
Samantha | None
Jamie | None
Cyrus | None
Vania | None
Dylan | None
Dwayne | None
Derek | None
Laura | None
Madison | None
Meredith | None
Morgan | None
Amy | None
Sarah | None
Bethany | None
Robert | None
Sean | None
Livia | None
Mary | None
Susan | None
Mike | None
Teryn | None
Taylor | None
Taylor | None
Sydney | None
Sydney | None
Synthia | None
Steve | None
Stephen | None
Tiffany | None
Stephanie | None
Sophie | None
Sian | None
Kathleen | None
Shayna | None
Shawn | None
Shannon | None
Shailee | None
Shadi | None
Stacey | None
Tim | None
Tom | None
Tracie | None
Allison | None
Raj | None
Joslyn | None
Irene | None
Lysette | None
Hazel | None
Brigette | None
Marin | None
Julie | None
Jenny | None
Joseph | None
Sean | None
Chandler | None
Victoria | None
Veronica | None
Vaani | None
Tyler | None
Trent | None
Tracy | None
Sean | None
Sebastian | None
Sarah | None
Sarah | None
Nimmy | None
Nicole | None
Nicole | None
Nicole | None
Nicholas | None
Neika | None
Nazifa | None
Monika | None
Mohana | None
Mike | None
Michael | None
Michael | None
Melissa | None
Melissa | None
Megan | None
Meegan | None
Matthew | None
Matt | None
Mariia | None
Paige | None
Surabhi | None
Paul | None
Paula | None
Sarah | None
Sara | None
Samantha | None
Samantha | None
Sam | None
Ryan | None
Ryan | None
Robert | None
Robert | None
Rob | None
Riley | None
Rey | None
Rebekah | None
Renee | None
Rebecca | None
Raphaelle | None
Rachel | None
Preston | None
Perla | None
Paul | None
Maddie | None
Morgan | None
Krusha | None
Camden | None
Monique | None
Laura | None
Drew | None
Ellie | None
Tom | None
Julie | None
Sharon | None
Neely | None
Steven | None
Matt | None
sunanda | None
Jordan | None
William | None
Jill | None
Xavier | None
Omar | None
Peter | None
Robyn | None
Nadine | None
Sean | None
Cille | None
Thomas | None
Katie | None
Nicholas | None
Emily | None
Sam | None
Frankie | None
Sarah | None
Paul | None
Many | None
Lauren | None
Josh | None
Carol | None
Julie | None
Puja | None
Sha | None
Amanda | None
Kerri | None
Julia | None
Andrea | None
Marie | None
Lindsey | None
Michele | None
Stephen | None
Amanda | None
Jordan | None
Robert | None
Kim | None
Kayla | None
Will | None
Elliot | None
Erin | None
SHRUTI | None
Mary | None
Justice | None
Nikolas | None
Sierra | None
Daniel | None
Ryan | None
Patrice | None
Rachel | None
Keri | None
Matthew | None
Mithil | None
Anna | None
Paul | None
Jay | None
Grant | None
Brian | None
Kirk | None
Morgan | None
Stephanie | None
Lindsey | None
Isabel | None
AYESHA | None
Janet | None
Lizbeth | None
Marques | None
Jason | None
Nicole | None
Damon | None
Sarah | None
Amber | None
MacKenzie | None
Liza | None
Jaron | None
Maya | None
Kelly | None
Joslyn | None
Sean | None
Greg | None
Michele | None
Brian | None
Mason | None
Faith | None
Avery | None
Dorian | None
Aaron | None
Jerrett | None
Chandler | None
Irene | None
Nick | None
Taylor | None
Khavishya | None
Soumaya | None
Mallory | None
Mary | None
Candace | None
Candice | None
Brittany | None
Brigette | None
Brandon | None
Brandon | None
Beth | None
Ben | None
Ashley | None
Arpita | None
Anna | None
Anna | None
Annette | None
Andrew | None
Andrew | None
Amanda | None
Amanda | None
Abby | None
Matthew | None
Adam | None
Cathy | None
Jamie | None
Matt | None
Elliot | None
Morgan | None
Paul | None
Kyle | None
Brandon | None
Samantha | None
Becca | None
Matt | None
Paul | None
Andrew | None
Dean | None
Michele | None
Chanlor | None
Katherine | None
Jacob | None
Kadeidra | None
Isabella | None
Nikolas | None
Kaitlyn | None
Caroline | None
Nicolas | None
Erik | None
Greg | None
Zachary | None
Andy | None
Allison | None
Brian | None
Alea | None
Cathy | None
Harrison | None
Marie | None
Stephen | None
Chris | None
Hannah | None
Kenneth | None
Matt | None
Mariko | None
Lysette | None
Ciara | None
Patrice | None
Jodi | None
Liz | None
Carrie | None
Charlie | None
Karen | None
Kara | None
Kara | None
Julia | None
Julia | None
Joseph | None
Jordan | None
John | None
Kadin | None
John | None
Jimmy | None
Jim | None
Jillian | None
Jessica | None
Jessica | None
Jerry | None
Jeremy | None
Jennifer | None
Joe | None
Kaitlin | None
Kali | None
Katherine | None
Lil | None
Laura | None
Laura | None
Laura | None
Kyle | None
Kristy | None
Kristen | None
Kristen | None
Kris | None
Kris | None
Kirsten | None
Keri | None
Kendra | None
Kelsie | None
Kelly | None
Kelly | None
Kaylee | None
Kathryn | None
Jennifer | None
Jennifer | None
Jenna | None
Jamie | None
David | None
David | None
David | None
Darshan | None
Dan | None
Danielle | None
Daniel | None
Daniel | None
Dana | None
Dan | None
Courtney | None
Cole | None
Cody | None
Clint | None
Christine | None
Christian | None
Chris | None
Chris | None
Chris | None
Dean | None
Cathy | None
Devin | None
Dillon | None
James | None
Jaime | None
Jaime | None
Jack | None
India | None
Helen | None
Hazel | None
Greg | None
Ginny | None
Garren | None
Gabrielle | None
Frank | None
Frances | None
Eric | None
Eric | None
Emily | None
Ellen | None
Edward | None
Dodie | None
Diane | None
Tushar | None
Sheena | None
Nick | None
Jeff | None
Royce | None
Heywood | None
Lynda | None
Arvind | None
Sneha | None
Lindsey | None
Cristofer | None
Hibah | None
Kash | None
Jennifer | None
Andrew | None
Liliane | None
Kristyn | None
Nathan | None
Sahil | None
Averyl | None
Taska | None
Brittani | None
Alicia | None
Leigh | None
Bradley | None
Monica | None
Amy | None
Tom | None
Maria | None
Derek | None
Steve | None
Amy | None
Muhammad | None
Dilrabo | None
Justin | None
Seth | None
Christian | None
Geoff | None
Beau | None
Dorothy | None
Ayush | None
Daniel | None
Edward | None
Chris | None
Dylan | None
Sumaiya | None
Icky | None
Alex | None
Boni | None
Sultan | None
Hema | None
Sara | None
Gurpreet | None
Jordan | None
Kim | None
Marissa | None
Chris | None
Tranae | None
Emily | None
Nadiah | None
Melanie | None
Brian | None
Brittney | None
Sydney | None
Haseeb | None
Samantha | None
Darshan | None
Steve | None
Mercedes | None
Jessie | None
Sarah | None
Darlesia | None
Kenzi | None
Kaylee | None
Taylor | None
Laura | None
Brenda | None
Shaik | None
Carlos | None
Krishna | None
Mounika | None
Fin | None
Holly | None
Diego | None
Alicia | None
Ben | None
Sandy | None
Michael | None
Colleen | None
Greg | None
Amy | None
Julie | None
Eric | None
Paul | None
Kristin | None
Bec | None
Jennie | None
Jessika | None
Hashim | None
Lavonte | None
Kendell | None
Joseph | None
Fred | None
Mike | None
Nick | None
Nicholas | None
Tony | None
Stefano | None
Neely | None
William | None
Nick | None
Latisha | None
Aimee | None
Mariama | None
Andrew | None
Chris | None
Taryn | None
Evan | None
Kyle | None
Sean | None
D | None
Michael | None
Brad | None
Alex | None
Kathy | None
Thomas | None
Dmitriy | None
Camille | None
Heath | None
Garrett | None
Phoebe | None
Jeff | None
Jessica | None
Kyle | None
Michael | None
Matthew | None
Brad | None
Jenna | None
Bob | None
Michael | None
Monty | None
Tracy | None
Blaine | None
Chris | None
Brendan | None
Thomas | None
Craig | None
Byron | None
Kendall | None
Tim | None
Amy | None
Nick | None
Isha | None
Chuck | None
Melissa | None
Yogesh | None
Jordan | None
Randall | None
Zubaid | None
Armen | None
Chelsey | None
Oscar | None
Brendan | None
Brandi | None
Ron | None
Jonathan | None
Dave | None
Lexi | None
Leah | None
Sid | None
Perry | None
Alex | None
Alex | None
Matt | None
JT | None
Nachum | None
Allison | None
Michele | None
Benjamin | None
Eric | None
Michael | None
Gwendolyn | None
Arcadio | None
Amanda | None
Keith | None
Eric | None
Andrea | None
Josten | None
Dustin | None
Anthony | None
Andy | None
Jessica | None
Dean | None
Jacob | None
J | None
Lynn | None
Sunny | None
John | None
Abhinay | None
Megan | None
Mark | None
Sandford | None
Tanvir | None
Brian | None
Garren | None
Stuart | None
Nicole | None
Nicole | None
Craig | None
Michelle | None
Seth | None
Adam | None
Dhirr | None
Bob | None
Tom | None
Kylie | None
Sonali | None
Hunter | None
Joe | None
Courtney | None
Kimberly | None
Samuel | None
Sharon | None
Jacob | None
Frank | None
Michael | None
Jyoti | None
Bryan | None
Scott | None
Courtney | None
MacKenzie | None
Matt | None
Patrick | None
Vanessa | None
Tyler | None
Megan | None
Sumit | None
Dorian | None
Philisiwe | None
Gerald | None
Jao | None
Nathan | None
Nicole | None
Pallavee | None
Paul | None
Dela | None
Harleigh | None
Joan | None
Kyle | None
Alfey | None
Jamey | None
Amy | None
Swetha | None
Catherine | None
Katy | None
Theodore | None
Colin | None
Laura | None
Norah | None
Peter | None
Dave | None
Rachel | None
Mit | None
Timmy | None
Andy | None
Robert | None
Charlotte | None
Ed | None
Mark | None
Taine | None
Jenni | None
Ruby | None
Emileigh | None
Tamara | None
Shelby | None
Jonathan | None
Samantha | None
Bruno | None
Patrick | None
Arti | None
Molly | None
Michael | None
Matthew | None
Malvin | None
Paul | None
Louie | None
Jaibir | None
Saugat | None
Amaan | None
Delaney | None
Paul | None
Ayesha | None
Anuj | None
Mohammad | None
Thomas | None
Jigar | None
Honey | None
Jillian | None
Dorina | None
Balatelli | None
John | None
Cheryl | None
Kang | None
Priya | None
Jitendra | None
Charlie | None
Raga | None
Suresh | None
Kameron | None
Jordan | None
Isaac | None
Emileigh | None
Betty | None
Amber | None
Priyanka | None
Justin | None
Glenn | None
Eric | None
Eden | None
Cosima | None
Kathleen | None
Kristen | None
Jeremy | None
Joseph | None
David | None
Christa | None
Quinn | None
Cindy | None
Reba | None
Shirl | None
Charles | None
Myrtle | None
David | None
Lizzy | None
Brian | None
Sara | None
Kate | None
Becky | None
Dorcas | None
Rachel | None
Andrey | None
Marcus | None
Meg | None
William | None
Vanny | None
Alethea | None
Ken | None
Keith | None
Eric | None
Dawson | None
Christina | None
Renee | None
Will | None
Emily | None
Sarah | None
Elissa | None
Joshua | None
Kendall | None
Janae | None
Alexx | None
Kenny | None
Jenn | None
Eric | None
Dajuan | None
Tom | None
Dawn | None
Alyssa | None
Tara | None
Steve | None
Cal | None
Vincent | None
Chelsea | None
Stephanie | None
Megan | None
Zach | None
Edward | None
Steven | None
Robert | None
Nicole | None
Nicole | None
Elizabeth | None
Alyssa | None
Kellie | None
Hayley | None
Courtney | None
Amy | None
Jim | None
Mandy | None
Chloee | None
Natalie | None
Noah | None
Gabriella | None
Aspen | None
Harley | None
Candra | None
Jackson | None
Martin | None
Angel | None
Ally | None
Angela | None
Nate | None
Ophir | None
Will | None
Sarah | None
Melissa | None
Holdin | None
Cole | None
Anthony | None
Corrine | None
Sara | None
Lexee | None
Sarah | None
Jennifer | None
Matt | None
Brittany | None
Kelly | None
Bram | None
Matt | None
Alissa | None
Martin | None
Linsey | None
Madison | None
Max | None
Kristie | None
Sarah | None
Jordan | None
Daniel | None
Chris | None
Bailey | None
Mersiha | None
Emily | None
Shanaz | None
Nicole | None
Steffani | None
Alex | None
Terri | None
Gina | None
Baron | None
Steve | None
Matt | None
Anirudh | None
Gary | None
Anthony | None
Solomon | None
Belle | None
Ryan | None
Sara | None
Austin | None
Mary | None
Nick | None
Derek | None
Casey | None
Monica | None
Kimberly | None
Vivek | None
Shashank | None
Ralph | None
Chase | None
Cody | None
Sam | None
Jerammica | None
Leo | None
Harini | None
Angelin | None
Elavenil | None
Miderval | None
Mike | None
Ishita | None
Girish | None
Tracey | None
Peggy | None
Ranjana | None
Karen | None
Stephen | None
William | None
Leeanne | None
David | None
Marc | None
Erin | None
Christina | None
Sheila | None
Amy | None
Ximena | None
Tiffany | None
Chris | None
Lisa | None
Adam | None
Alan | None
Tara | None
Wesley | None
Kelly | None
Juliann | None
Allison | None
Meghan | None
James | None
Cherie | None
Nick | None
Jacalyn | None
Sara | None
John | None
Jammi | None
Krystal | None
Cara | None
Kerry | None
Nyesha | None
Ron | None
Steve | None
Richard | None
Danielle | None
Jo | None
Pete | None
Jessica | None
Ivy | None
Shadi | None
William | None
Nancy | None
Sarah | None
Deepesh | None
Prashant | None
Vanshika | None
Nilesh | None
Tracey | None
Teryn | None
Marcus | None
Keith | None
Julia | None
David | None
Clara | None
Nicholas | None
Chalasani | None
Barbara | None
Eric | None
Richard | None
Kirstie | None
Kolette | None
Jeremy | None
Mara | None
Kolette | None
Murji | None
Greg | None
Michael | None
Corey | None
Kathleen | None
Bobbie | None
Sean | None
Megan | None
Mara | None
Tony | None
Gabriel | None
Mara | None
Maggie | None
Diane | None
Jeremy | None
Corey | None
Greg | None
Kathleen | None
Kolette | None
Tony | None
Barbara | None
Alexandra | None
Frederic | None
Michael | None
Nikki | None
Bill | None
Barbara | None
Megan | None
Eric | None
Sean | None
Murji | None
Taylor | None
Daniel | None
Kelly | None
Robert | None
Daniel | None
Rich | None
Jeremy | None
Steve | None
McKay | None
Kaicha | None
Kelly | None
Cori | None
Nick | None
Logan | None
Krishna | None
Delphin | None
Meho | None
Jessica | None
thomas | None
michael | None
kevin | None
kasia | None
stephen | None
brent | None
Heather | None
April | None
Taci | None
david | None
Ben | None
Ryan | None
Jaspreet | None
Keelan | None
Kevin | None
Mike | None
Kevin | None
Samantha | None
Kulin | None
Matthew | None
Mike | None
Jignasu | None
Glory | None
Mobin | None
Lisa | None
Richard | None
Michael | None
Austin | None
Andy | None
Erin | None
Kevin | None
Robert | None
Sara | None
Cedric | None
Fey | None
Jason | None
Sindhu | None
Shane | None
Amy | None
Adrian | None
Matthew | None
Jamie | None
Andrew | None
James | None
Cameron | None
Gregg | None
Aaron | None
Shelly | None
Sarah | None
Charles | None
Brian | None
Kori | None
Shelly | None
Sara | None
Robert | None
Jeff | None
Craig | None
Carly | None
Bree | None
Brad | None
Sarah | None
Robert | None
Corey | None
Andrew | None
Avery | None
Rachelle | None
Maggie | None
Morley | None
Karl | None
Kathy | None
Lynn | None
Elizabeth | None
Andy | None
Mason | None
Erin | None
Kevin | None
Gregg | None
Cedric | None
Jason | None
Elizabeth | None
Amy | None
Cameron | None
Fey | None
Adam | None
Jamie | None
Aaron | None
Kathy | None
Juan | None
James | None
Lynn | None
Scott | None
Daniel | None
Adam | None
Sara | None
Courtney | None
Robert | None
Paul | None
Corey | None
Mason | None
Daniel | None
Shelly | None
Sindhu | None
Brian | None
Karl | None
Clara | None
Juan | None
Rachelle | None
Morley | None
Shane | None
Ramon | None
Colleen | None
Jason | None
Sarah | None
Maggie | None
Charles | None
Aditya | None
Sumit | None
Emily | None
Hannah | None
Tom | None
Billy | None
Cheryl | None
Gabbie | None
Efem | None
Charlotte | None
Holly | None
Georgia | None
John | None
Phillip | None
Thomas | None
Scottie | None
Chris | None
Lewis | None
Brad | None
Niclas | None
Sophie | None
James | None
Erica | None
Ekmel-Dogan | None
Martyn | None
Dougg | None
Cara | None
Elliot | None
William | None
Mark | None
Frank | None
Charlotte | None
William | None
Luke | None
Cheryl | None
Tom | None
Charlotte | None
Gabbie | None
Emily | None
Dougg | None
Billy | None
Hannah | None
Holly | None
Alex | None
Michael | None
Frank | None
Efem | None
Tom | None
Georgia | None
John | None
Michael | None
Amy | None
Bill | None
Karina | None
Mike | None
Josh | None
Zachary | None
Jessica | None
Rory | None
Rod | None
Ryan | None
Jim | None
Chase | None
Kairo | None
Tyler | None
Matthew | None
Cindy | None
Michelle | None
Brian | None
Adrian | None
Anthony | None
Mark | None
Jaeden | None
Sukhnandan | None
Luke | None
Hillary | None
Linda | None
Pauly | None
Brad | None
Mark | None
Joe | None
Jessica | None
Isaac | None
Raj | None
Michael | None
Roger | None
Aaron | None
Kevin | None
Steven | None
TJ | None
Allie | None
Kevin | None
Kristy | None
Meena | None
Navya | None
Don | None
Angela | None
Hope | None
Kaela | None
Jill | None
Raheem | None
Benjamin | None
Paul | None
Krishna | None
Harrison | None
Teresa | None
Abdurahman | None
Joe | None
Stacy | None
TC | None
Kelly | None
Ashley | None
Alexandra | None
Amy | None
Terrance | None
Seshu | None
Jennifer | None
Kent | None
Hai | None
Wendy | None
James | None
Chad | None
Rafael | None
Jake | None
Jim | None
Emilee | None
Michael | None
Anna | None
Jessie | None
Josh | None
Sam | None
Jonathan | None
Sarah | None
Srishti | None
Elliott | None
Patrick | None
Bethany | None
Steven | None
Melissa | None
Rachel | None
Roger | None
Cierra | None
Dorothy | None
Mandi | None
Ryan | None
Lindsey | None
Sandeep | None
Austin | None
Lindsey | None
Rhonda | None
Chasity | None
Bella | None
Paul | None
Mark | None
Alok | None
Mike | None
Christina | None
Marc | None
Ravi | None
Steve | None
Fletcher | None
Saurabh | None
Seth | None
Mike | None
Geoff | None
James | None
Amir | None
John | None
Jay | None
James | None
Jonathan | None
Hesham | None
Jeanine | None
Don | None
Darryl | None
Darryl | None
Jermaine | None
Kris | None
Mario | None
Michelle | None
Robert | None
Shakeel | None
Tim | None
Trace | None
Terrence | None
Zachary | None
Macey | None
Stephen | None
Zackary | None
DeAjai | None
Latwan | None
Daniel | None
Benjamin | None
pamela | None
Christopher | None
Nicholas | None
Anthony | None
Justin | None
Gary | None
Amber | None
Lleaee | None
Dale | None
Trent | None
Randy | None
Carl | None
Michelle | None
Steve | None
Damon | None
marcus | None
Kevin | None
duane | None
cindy | None
christopher | None
leeanne | None
alejandro | None
Tim | None
Colleen | None
Alaina | None
callie | None
Morgan | None
Michael | None
Harry | None
Connor | None
Jeff | None
Jordan | None
Lindsay | None
Peter | None
Joe | None
Andrea | None
Alisha | None
Miranda | None
Larry | None
Charlotte | None
Brian | None
Murray | None
Alex | None
Blake | None
Erika | None
Dominic | None
Emma | None
Pat | None
Bryan | None
Sam | None
Satya | None
Susan | None
Bryan | None
Eric | None
Joe | None
John | None
Giancarlo | None
Recruiters | None
Jorge | None
Brandon | None
Mariela | None
José | None
Diego | None
Paul | None
Maneesh | None
Alex | None
Jonathan | None
Sakira | None
Fatima | None
Rob | None
Barbara | None
Kristin | None
Albanitza | None
Jessica | None
John | None
William | None
Olivia | None
Nicole | None
Vanessa | None
Isabel | None
Jodie | None
Brian | None
Bujene | None
Joe | None
Brent | None
Rouky | None
James | None
Stefanie | None
Naica | None
Jill | None
Brian | None
Allison | None
Lorrayne | None
Jillian | None
Brett | None
Danielle | None
Rafael | None
Marcy | None
Nicole | None
Casey | None
Megan | None
Steve | None
Liz | None
Laura | None
Ken | None
Ashley | None
Lola | None
Monica | None
Shannon | None
Amber | None
Jayson | None
Joselin | None
Mario | None
America | None
James | None
Owen | None
Ashlee | None
Jessica | None
Elisa | None
Holly | None
Monika | None
Patrick | None
Layne | None
Bridget | None
Justin | None
Alexis | None
Luis | None
Breon | None
Desiree | None
Jill | None
Brittney | None
Patty | None
Jeff | None
Melanie | None
Jenna | None
Victoria | None
Minnie | None
Elizabeth | None
Kyle | None
Lauren | None
Albert | None
Yusra | None
Pinal | None
Monique | None
Florence | None
Barbara | None
Danielle | None
Giselle | None
Carmela | None
Rafael | None
Andrea | None
Matthew | None
Kelly | None
Luis | None
Carol | None
Chanda | None
Ashley | None
Gabrielle | None
Sugandha | None
Marissa | None
Kate | None
James | None
Naveen | None
Lizzie | None
Lauren | None
Meredith | None
Lauren | None
Yakir | None
Maggie | None
Regan | None
Moises | None
Kristina | None
Alexandra | None
Jennifer | None
Barbie | None
Nicole | None
Arpita | None
Lina | None
🪖Steven | None
Fiona | None
Joshua | None
Roopa | None
Rob | None
Mandy | None
Arti | None
Joya | None
Carla | None
Kristina | None
Tony | None
Kevin | None
Nicole | None
Joseph | None
Brian | None
Kayla | None
Sapphire | None
Greg | None
Brittany | None
Zachary | None
Anne | None
Casey | None
Rania | None
Laurie | None
Jessica | None
Leslie | None
Kimberly | None
Bryan | None
Kevin | None
James | None
Troy | None
Ivy | None
Annie | None
Susan | None
Mike | None
David | None
Charlotte | None
Shalbe | None
Angie | None
Blake | None
Quinn | None
Alberto | None
Susan | None
Justin | None
Reilly | None
Cassidy | None
Joe | None
Cameron | None
Brian | None
Erica | None
Karen | None
Peyton | None
Annie | None
Jacob | None
James | None
Joe | None
Jonathon | None
Quinn | None
Ryan | None
Travis | None
Tyler | None
Wendy | None
Angie | None
Traci | None
Ryan | None
Donna | None
Daniel | None
Erin | None
Debi | None
McKenzie | None
Nathaniel | None
Scott | None
Chris | None
Darlene | None
Deborah | None
Johnathan | None
Sarah | None
Rachel | None
Kingslee | None
Kara | None
Sunil | None
Gabriela | None
Brittany | None
Cristian | None
Olivia | None
Jeanee | None
Kim | None
Kyle | None
Laura | None
Lindsay | None
Mai | None
Matt | None
Merrill | None
Parker | None
Shane | None
Rian | None
Shaun | None
Steve | None
Tiffany | None
Wesley | None
Willie | None
Tim | None
Kelly | None
Paul | None
Kate | None
Dave | None
Jeri | None
Alison | None
Angie | None
Angie | None
Ann | None
Ariel | None
Jordan | None
Ben | None
Beth | None
Bridget | None
Becky | None
Chris | None
Chelsie | None
Jenna | None
Gabby | None
David | None
Jennifer | None
Darrin | None
Colee | None
Chris | None
Eric | None
Chelseay | None
Ben | None
Keithen | None
Tom | None
Christine | None
Poonam | None
Darryl | None
Monica | None
Sabrina | None
Courtney | None
Tim | None
Riechelle | None
Kevin | None
Chase | None
Cary | None
Brian | None
Lindsey | None
Akila | None
Ian | None
Matt | None
Karri | None
Allison | None
Emily | None
Britt | None
Matt | None
Tim | None
Muhammad | None
Carolyn | None
Kinnari | None
Katie | None
Nick | None
Denise | None
Barb | None
Karen | None
Alex | None
Natalie | None
Natalie | None
Raj | None
Michele | None
Sunil | None
Surpreet | None
Katie | None
Nicole | None
Calli | None
Ron | None
Austin | None
Grady | None
Kyle | None
Colby | None
Trevor | None
Mark | None
Matthew | None
Matthew | None
Brittany | None
Juliet | None
Dori | None
Tari | None
Jason | None
Dori | None
Thomas | None
Brittany | None
Joshua | None
Marcus | None
Madalyn | None
Chrissy | None
Ryan | None
Dawson | None
Binu | None
Grayson | None
Sam | None
John | None
Juliet | None
Tyler | None
Ryan | None
Patrick | None
Dori | None
Mark | None
Jadyn | None
Rohan | None
Jaspreet | None
Anisha | None
Paula | None
Kunal | None
John | None
Hannah | None
Ashish | None
Pranay | None
arnab | None
catherine | None
cyril | None
Saleem | None
john | None
loren | None
olivia | None
rohit | None
xavier | None
yakuta | None
Monitha | None
Anupma | None
jayson | None
Ferdinand | None
Dilip | None
Catherine | None
Xavier | None
Alpa | None
Nicola | None
Hidayat | None
Perkins | None
Kamille | None
Rohit | None
Ferdinand | None
Carolyn | None
Vinay | None
Arnab | None
Loren | None
Ankit | None
Ian | None
Tessa | None
Paula | None
Loren | None
Neha | None
Mary | None
Keeley | None
Katie | None
Miranda | None
Benjamin | None
Jennifer | None
Ray | None
Sandhya | None
Kyle | None
Richelle | None
Shannon | None
Nick | None
Carolyn | None
Jeffrey | None
Vincent | None
Phillip | None
Pat | None
Allen | None
Kimberly | None
Elizabeth | None
Matthew | None
Jacob | None
Nicky | None
Dominique | None
Jessica | None
Adam | None
Tamara | None
Hannah | None
Erin | None
Mollie | None
Mike | None
Jeremy | None
Katie | None
Michael | None
Lee | None
Kekoa | None
Arthur | None
Mark | None
Kristen | None
John | None
K.C. | None
Peter | None
Ali | None
Grant | None
Chuks | None
Patrick | None
Matthew | None
Alex | None
Casi | None
Travis | None
JJ | None
Rebecca | None
Kiera | None
Jonathan | None
Chris | None
Bernard | None
Nathan | None
Andrew | None
Diego | None
Dakota | None
Taylor | None
Jett | None
Kenneth | None
Joanne | None
Suam | None
Marie | None
Alana | None
Brooke | None
Eddie | None
Birgitta | None
Michelle | None
KishanKumar | None
Kinjal | None
Shane | None
Sunny | None
𝐓𝐚𝐮𝐤𝐢𝐫 | None
Keshav | None
Priyanka | None
Sagar | None
Sandy | None
Ken | None
Nancy | None
Taylor | None
Victor | None
Shane | None
John | None
Adrian | None
Faizal | None
Darsh | None
Adrian | None
Arya | None
Keval | None
Lou | None
Daniel | None
Olivia | None
Dan | None
Lillian | None
Olympia | None
Thom | None
Tina | None
1 | None
3 | None
7 | None
15 | None
18 | None
Shubham | None
John | None
Somya | None
Chris | None
Laura | None
Chen | None
Agnayee | None
Roni | None
Sean | None
Ryan | None
Evan | None
Ayala | None
Jorge | None
Roi | None
Craig | None
Erwin | None
Tanya | None
Jamie | None
Guillermo | None
Jordan | None
Sabrina | None
Sarah | None
Tamara | None
Linnea | None
Tim | None
Billy | None
Lesley | None
Oscar | None
Tosin | None
Jon | None
Deborah | None
Julia | None
Melissa | None
Maureen | None
Matthew | None
Matt | None
Lucas | None
Mandy | None
Mandy | None
Makenna | None
Melissa | None
lily | None
Lauren | None
Kevin | None
Marcus | None
Meredith | None
Nathan | None
Mike | None
Zach | None
Trevor | None
Trevor | None
Toni | None
Tiffany | None
Sophia | None
Michele | None
Shawn | None
Ryan | None
Revi | None
Rachael | None
Rachael | None
Mitchell | None
shad | None
Kenny | None
Kirah | None
Kelsey | None
Brendan | None
Branson | None
Brad | None
Bella | None
Becky | None
Andrew | None
Alivia | None
Alecia | None
adrian | None
Lo | None
Kendra | None
Brittany | None
Adam | None
Bryana | None
Josey | None
Jonah | None
Jon | None
Justin | None
Jessica | None
James | None
Jake | None
Joe | None
Emily | None
Dominique | None
Dillon | None
Daniel | None
Charlotte | None
Hamilton | None
Brooklynn | None
Jon | None
Emmanuel | None
lavanya | None
Christine | None
Khadesha | None
Jack | None
Alicia | None
Nelson | None
Hagar | None
Xanthe | None
Rodrigo | None
Shazia | None
Muddasar | None
Ayiza | None
Sana | None
Saqib | None
Shrinivas | None
Rose | None
Duaa | None
Jason | None
Dan | None
Ali | None
Jason | None
Martha | None
Haider | None
Steve | None
Mohsin | None
Hasnain | None
Zack | None
Peter | None
Theresa | None
Mark | None
Eric | None
Mike | None
Fred | None
Jim | None
Ali | None
Mohammad | None
Mark | None
Sana | None
Anas | None
Brian | None
Ryan | None
Kyle | None
Sowndarya | None
Cathy | None
Shawn | None
Michael | None
Jerry | None
David | None
Anthony | None
Henry | None
Diana | None
Ben | None
Anna | None
Ryan | None
Sofia | None
Amy | None
Vivek | None
Vikas | None
Shweta | None
Pavithiran | None
Marrium | None
Mahendran | None
Darron | None
Bhavana | None
Pavithra | None
Sanjeev | None
Neelam | None
Duxa | None
Karen | None
Lawrence | None
Nilesh | None
Ketan | None
Rajesh | None
Sylvana | None
Christian | None
Mohammed | None
Michael | None
Kev | None
Kristen | None
Steve | None
Matthew | None
Donna | None
Scott | None
Phil | None
Kumar | None
Darin | None
Raj | None
Jacob | None
Hebert | None
Jim | None
Verdell | None
Mark | None
Sonya | None
John | None
Rahul | None
Rao | None
Steven | None
Josh | None
Anthony | None
Igor | None
Jeffrey | None
Craig | None
Tim | None
Dennis | None
Carole | None
Baba | None
Sean | None
Joseph | None
Molly | None
Kevin | None
David | None
Ellius | None
Archana | None
Mike | None
Brian | None
Shawn | None
Rushitha | None
Abel | None
Ramesh | None
Stephanie | None
Christopher | None
Jason | None
Dan | None
Smit | None
Shawndee | None
Celinda | None
Lisa | None
Madison | None
Steve | None
Maurice | None
Taylor | None
Mike | None
Lisa | None
Liz | None
Jim | None
Ryan | None
Anita | None
Chrissy | None
Liz | None
Elizabeth | None
Jessica | None
Tasia | None
Taylor | None
Elli | None
Annie | None
Meera | None
Becca | None
Joseph | None
Afaaf | None
Karen | None
Estela | None
Christina | None
Vaishnavy | None
Hanna | None
Katie | None
Melanie | None
Iris | None
Elizabeth | None
Grace | None
Andy | None
Sydney | None
Kara | None
Lorica | None
Glynis | None
Caroline | None
Lauren | None
Ryan | None
Arianne | None
Katie | None
Brighid | None
Angie | None
Vanessa | None
Alicia | None
Cementri | None
Wesley | None
Jameelah | None
Jeremiah | None
David | None
Ayinde | None
Ana | None
Chelsea | None
Lydia | None
Harshi | None
Holly | None
Kiannie | None
Dipleen | None
Anuja | None
Devin | None
Clay | None
Hanna | None
Melissa | None
Mya | None
Dhanya | None
Joseph | None
Cheryl | None
Sean | None
Irshaun | None
Swetha | None
Sydney | None
Vijay | None
Jenifer | None
Cinthia | None
Alli | None
Prathma | None
Peter | None
Catherine | None
Elizabeth | None
Shamale | None
Emily | None
Karen | None
Amanda | None
Jaclyn | None
Jessica | None
Michelle | None
Paul | None
Quincy | None
Andrew | None
Maryam | None
Kenneth | None
Saurav | None
Gaurav | None
Corrie | None
Gisell | None
Abiodun | None
Jesse | None
Dora | None
Phaneendra | None
Kevin | None
Shaun | None
Brian | None
Bernie | None
Jessica | None
Joe | None
Mark | None
Michael | None
Connor | None
Nicholas | None
Noor | None
Shaun | None
Steve | None
Mike | None
Taylor | None
Domonic | None
Sarah | None
Erin | None
Carlee | None
Dominic | None
Jana | None
Medora | None
Jana | None
Keila | None
Wali | None
Jana | None
Hayley | None
Tyler | None
Kelsey | None
Delaney | None
Jared | None
Hannah | None
Vijay | None
Susan | None
Jim | None
Irma | None
Dani | None
Greg | None
Stephanie | None
Ryan | None
Nicole | None
Kayla | None
Berks | None
Britni | None
Jana | None
Brent | None
Alexandra | None
Delaney | None
Wali | None
Alicia | None
Nia | None
Britni | None
Jasmine | None
Anna | None
Terry | None
Shelby | None
Shanon | None
Russell | None
Pat | None
Molly | None
Michelle | None
Kennt | None
Jade | None
Anna | None
Kimberly | None
Ethan | None
Tracyeé | None
Medora | None
Yvonne | None
Tyler | None
Michelle | None
Ally | None
Molly | None
Ray | None
Jade | None
Shanon | None
Doug | None
Russell | None
Hannah | None
Lauren | None
Richard | None
Tiffany | None
Hayley | None
Dani | None
Joel | None
Alexander | None
Alexis | None
Nicole | None
Kimberlee | None
Raymond | None
Jana | None
Hope | None
Nicki | None
levi | None
Sarah | None
Elise | None
Chris | None
Craig | None
Gulnar | None
David | None
Randall | None
Aulbrey | None
Claudia | None
Jim | None
Haley | None
Teresa | None
Jennifer | None
Bob | None
Susan | None
Raeanne | None
Rudy | None
Nathanael | None
Osvaldo | None
Daniela | None
Steve | None
Elise | None
Bill | None
Persis | None
TIRA | None
Jordan | None
Richard | None
Gulnar | None
Lays | None
Joey | None
Matthew | None
Persis | None
Craig | None
Sarah | None
Rudy | None
Freddie | None
David | None
Kayla | None
Sandy | None
Chris | None
Cyril | None
Bill | None
Matthew | None
Levi | None
Gulnar | None
Sharon | None
Rochelle | None
Miguel | None
Tory | None
Evan | None
Steve | None
Elise | None
Cyril | None
Tira | None
Teresa | None
Cyril | None
Nathanael | None
Morgan | None
Levi | None
Ankush | None
Elise | None
Nicki | None
Freddie | None
Kayla | None
Chris | None
David | None
Cristal | None
levi | None
Sandy | None
Morgan | None
Sandy | None
Robin | None
Haley | None
Elise | None
John | None
Gulnar | None
Tory | None
Ankush | None
Lays | None
Bob | None
Rochelle | None
Craig | None
Cristal | None
Michael | None
David | None
Steve | None
Joey | None
Randall | None
Freddie | None
Sarah | None
Chris | None
Aulbrey | None
Jim | None
Raeanne | None
Adam | None
Sharon | None
Jessie | None
Amanda | None
Kevan | None
Tony | None
Sherry | None
Steven | None
BELKOURITI | None
Brian | None
Amy | None
Craig | None
David | None
Srinivasan | None
Partha | None
Nicholas | None
Deborah | None
Will | None
Julian | None
Maher | None
Natoya | None
Rachel | None
Aseem | None
Lakeisha | None
Siddharth | None
Keisha | None
Andrew | None
Sierra | None
Quinn | None
Sarah | None
Ryan | None
Rachel | None
Nora | None
Jessica | None
Marc | None
Kate | None
Josh | None
Joe | None
Jennifer | None
Greg | None
Melanie | None
Stacie | None
Andy | None
Victoria | None
Erin | None
Gloriane | None
LeSean | None
Aaron | None
Jessi | None
Jacki | None
Sierra | None
Brittany | None
Nicholas | None
Tiffany | None
Joe | None
Katina | None
Brandon | None
Bianca | None
Whitney | None
Valerie | None
Chrissy | None
Dave | None
Liam | None
Brittany | None
Robert | None
Lindsey | None
Jenn | None
Jess | None
Gloriane | None
Nicholas | None
Aaron | None
LeSean | None
Ellis | None
Noah | None
Brittany | None
Katina | None
Ashley | None
Dylan | None
Jacki | None
Stevie | None
J.P. | None
Joseph | None
Liam | None
Jodi | None
Joanna | None
Jessica | None
Joe | None
Brandon | None
Rohshann | None
Jeffrey | None
Veronica | None
Tiffany | None
Angela | None
Sierra | None
Sheba | None
Derek | None
Andy | None
Dean | None
Mila | None
Stacy | None
Andrew | None
Tatiana | None
Alex | None
Alex | None
Irene | None
Lily | None
Daniela | None
Tania | None
Tania | None
Vira | None
Anastasiia | None
Erika | None
Jill | None
Paula | None
Mary | None
Tanya | None
Katherine | None
Valerie | None
Moira | None
Tim | None
Tanya | None
Jennifer | None
Milagros | None
Alexandra | None
Cecilia | None
Tania | None
Maryana | None
Olga | None
Mary | None
Iurii | None
Nadine | None
Anastasiia | None
Alexandra | None
Cass | None
none | None
Gordon | None
Ksenia | None
Anna | None
Irene | None
Alex | None
Marina | None
Tania | None
Jill | None
Chloe | None
Veronika | None
Ksenia | None
Malena | None
Valerie | None
Yuna | None
Tamara | None
Carl | None
Paul | None
Victoria | None
Dana | None
Vira | None
Paulina | None
Pablo | None
Andrii | None
Erik | None
Ernestina | None
Axel | None
Jennifer | None
Cecilia | None
Milagros | None
Moira | None
Lisa | None
Laura | None
Max | None
Aidan | None
Joel | None
Emma | None
Jay | None
Toby | None
Joshua | None
Daniel | None
Marcus | None
Gabriëlle | None
Tom | None
Royel | None
Kane | None
Jack | None
David | None
Ethan | None
Lauren | None
Molly-May | None
Benjamin | None
Harrison | None
Loui | None
Alexander | None
Jack | None
Ellie | None
Adam | None
Ed | None
Adam | None
Luke | None
Andrew | None
Nadeem | None
Max | None
Calum | None
Chloe | None
Joseph | None
Matthew | None
Leo | None
Bill | None
Toby | None
Luke | None
Sagar | None
Henry | None
Jonathan | None
Adam | None
Charles | None
Tom | None
Jonathan | None
Leon | None
Aharon | None
Charlotte | None
Sebastian | None
Charlie | None
Will | None
Kai | None
Jack | None
Oscar | None
Abbie | None
Ronald | None
James | None
George | None
Noah | None
Timo | None
Rhodri | None
Toby | None
Connor | None
Joe | None
Archie | None
Will | None
Emily | None
Elliot | None
Candice | None
Ryan | None
Aaron | None
Ross | None
Andrew | None
Scott | None
Harry | None
Jordan | None
Joe | None
Tálin-Dré | None
Seppe | None
Joe | None
Ian | None
Ali | None
Paddy | None
Joe | None
Harvey | None
Chris | None
Joshua | None
Thomas | None
Will | None
Eddie | None
Nick | None
Roman | None
William | None
Angus | None
Arron | None
Louis | None
Maya | None
Harry | None
Tom | None
Johnny | None
Enya | None
Ahmad | None
Conor | None
Callum | None
Tommie | None
Alfie | None
Jenna | None
William | None
Guy | None
Joshua | None
Beau | None
Georgi | None
Anna | None
Isabella | None
Jacob | None
Noah | None
Hussain | None
Lee | None
Donald | None
Louie | None
Chris | None
Aaron | None
Francesco | None
Ollie | None
Campbell | None
Alfie | None
Natalie | None
Pat | None
Adam | None
Charbel | None
Jan | None
Finley | None
Molly-May | None
Anthony | None
Aidan | None
Joshua | None
Faith | None
Thomas | None
James | None
Sophie | None
Finlay | None
Gent | None
Jack | None
Mark | None
Tom | None
Tom | None
Royel | None
Ellie | None
Kyle | None
Gabriel | None
Louis | None
Jacob | None
Gridi | None
David | None
Luca | None
Toby | None
Karim | None
Orla | None
Mia | None
George | None
George | None
Michael | None
Lucas | None
Cameron | None
Elys | None
Megan | None
Harry | None
Trishan | None
Ross | None
Alexander | None
Scott | None
Dominic | None
Hannah | None
Emma | None
Muhammad | None
Kleon | None
Ashlie | None
Joshua | None
Charlie | None
Thomas | None
Aleks | None
Marilyn | None
Ken | None
Tim | None
Jennifer | None
Karthik | None
Irene | None
Lindsey | None
Patrick | None
Joseph | None
Stephen | None
Stephen | None
Johandry | None
Derrick | None
Brian | None
Lucas | None
Kathy | None
Nicole | None
Chris | None
Kaarthik | None
Acecia | None
Shawn | None
Sang | None
Karin | None
Hermen | None
Kriti | None
Brooke | None
Jordan | None
Anthony | None
Dino | None
karthikeyan | None
Ashwin | None
Joao | None
Sachin | None
Shawn | None
Timothy | None
Aaron | None
Sameer | None
Matthew | None
Jonathan | None
Andrew | None
Jeremy | None
Marcus | None
Lukas | None
Letisia | None
Larkiel | None
Joshua | None
Kathleen | None
Justin | None
Joselyn | None
Melissa | None
Kati | None
Melissa | None
Tareyl | None
Nathan | None
Niall | None
Nic | None
Nicole | None
Pieter | None
Ryan | None
Jonathan | None
Stephen | None
Tiffany | None
Whitney | None
Zachary | None
Michelle | None
John | None
Jessica | None
Joel | None
Adam | None
Amanda | None
Ana | None
Anna | None
Ashley | None
Ashley | None
Barry | None
Brent | None
Bryan | None
Sandy | None
Chad | None
Cody | None
Dan | None
Daniel | None
Danielle | None
Daveanna | None
Dottie | None
Elizabeth | None
Elizabeth | None
Jennifer | None
Garret | None
Caitlin | None
Caroline | None
Lely | None
Berengere | None
Gary | None
Mathis | None
Sharlene | None
Cole | None
Joe | None
Browning | None
Michael | None
Jessica | None
Jakob | None
Suzan | None
Debbie | None
Joshua | None
Bonnie | None
Robert | None
Mary | None
Jason | None
Rene | None
Petra | None
Nora | None
Karen | None
Anita | None
Dalton | None
Jennifer | None
Kelly | None
Victor | None
Jennifer | None
Nicole | None
Jasmine | None
Catherine | None
Brittani | None
Jason | None
Joe | None
Chelsea | None
Amy | None
Todd | None
Noelle | None
Jim | None
Jessica | None
Sarahi | None
Vivian | None
Molly | None
Brian | None
Salina | None
Jason | None
Jean | None
Vicky | None
Sam | None
Michael | None
James | None
Gail | None
Natalie | None
Mallory | None
Lorena | None
Diana | None
Caitlin | None
Michael | None
Tiara | None
Melissa | None
Bobby | None
Bob | None
Christina | None
Sophia | None
Jacob | None
Mona | None
Chynna | None
Brian | None
Jenna | None
Gian | None
Ashley | None
Cassidy | None
Truc | None
Destiny | None
Payal | None
Carrie | None
Jimmy | None
Nancy | None
Jacqueline | None
Steven | None
Matt | None
Diane | None
Dawn | None
Dawn | None
Darly | None
Chris | None
Chintan | None
Athullya | None
Freda | None
Alysonn | None
Darius | None
Kimberly | None
Mark | None
Jennifer | None
Roshni | None
Maria | None
Fidelina | None
Ryan | None
Jeffrey | None
Jim | None
Jim | None
Stephanie | None
Emily | None
Colliver | None
Lisa | None
LESLIE | None
Yesenia | None
Wei | None
Rachelle | None
Phil | None
Mick | None
Mary | None
Liza | None
Laura | None
Kevin | None
Kathy | None
Karla | None
Karla | None
Victor | None
Juan | None
Ines | None
Randy | None
Kathryn | None
Alberto | None
Patsy | None
Tony | None
Tina | None
Kat | None
Araceli | None
Carrie | None
Patrick | None
Adam | None
Kris | None
Grace | None
Shalonda | None
Aimee | None
Brett | None
Karen | None
Darlene | None
Julia | None
Saluy | None
Dianna | None
Debra | None
Richard | None
Sahil | None
Nadine | None
Paul | None
Callie | None
Nicole | None
Steve | None
Tara | None
Allie | None
Elizabeth | None
Joie | None
Ted | None
Kimala | None
Jessica | None
Mallika | None
Atika | None
Jason | None
Andy | None
Scott | None
Shemika | None
Ami | None
Chance | None
Paul | None
Evelyn | None
Eric | None
Kathy | None
Kristin | None
Brandon | None
Trisha | None
Matt | None
Oronde | None
Sam | None
Jessica | None
Donna | None
Chareen | None
Samad | None
Susan | None
Marquinta | None
John | None
Stephanie | None
Diane | None
Katie | None
Samary | None
Nicole | None
Tiffany | None
Lisa | None
Jeff | None
Richard | None
Penny | None
Debra | None
Austin | None
Steven | None
Diana | None
Emelyn | None
Lou | None
Jenny | None
Teresa | None
Angela | None
Dominic | None
Isaac | None
Jeremiah | None
Isabella | None
Daisy | None
Cameron | None
Aimee | None
Adam | None
Shazi | None
Andrea | None
Stacy | None
Paul | None
David | None
Beth | None
Shannon | None
Sandra | None
Vivian | None
Zac | None
Maggie | None
Beth | None
Lori | None
Raul | None
Kiersten | None
Karen | None
Jerilyn | None
Shamekia | None
Makayla | None
Veronica | None
Summer | None
David | None
Sean | None
Michelle | None
Linda | None
Kelly | None
Helen | None
Lynn | None
Marlowe | None
Sarah | None
Melissa | None
Paresh | None
Susan | None
Martha | None
Lisa | None
Eric | None
Todd | None
Ann | None
Ana | None
LaTasha | None
Angel | None
Ashley | None
Roger | None
Jennifer | None
Rachael | None
Maria | None
Tammy | None
Paloma | None
Jayme | None
Kelly | None
Ivory | None
Liz | None
Kelly | None
Monica | None
Dana | None
Raymond | None
Hemalatha | None
Maria | None
Heather | None
Richard | None
Watts | None
Jeanie | None
Bette | None
Melissa | None
Tabitha | None
Joseph | None
Greg | None
Kristine | None
Kristi | None
Steve | None
Michelle | None
Erica | None
Joseph | None
Michelle | None
Mayra | None
Terry | None
Nicole | None
Barb | None
Ryan | None
Lolita | None
James | None
Nicholas | None
Jason | None
Kimberley | None
Cora | None
Cierra | None
Deepak | None
Beverly | None
Kristin | None
Craig | None
Rebecca | None
Melissa | None
Burkina | None
Cristal | None
Kathy | None
Alexsa-Ly | None
Troy | None
Amy | None
Vicki | None
Monica | None
Brandon | None
Carley | None
Marissa | None
John | None
Darius | None
Pandy | None
Lindsay | None
Octavio | None
Julibeth | None
Steven | None
Ryan | None
Erik | None
Louise | None
Jennifer | None
Gary | None
Paul | None
Jessica | None
Erika | None
Jackie | None
Karl | None
Amy | None
Kanan | None
Anitha | None
Christian | None
Sean | None
Michael | None
Eric | None
Justin | None
Joshua | None
Tara | None
Marvin | None
Harold | None
Zachary | None
Kimberly | None
Jessica | None
Venkata | None
Alex | None
Jennifer | None
Rose | None
Michael | None
Sunidhi | None
Haven | None
Kendall | None
Anirudh | None
Christopher | None
Justin | None
Osayimwense | None
Guo | None
Zach | None
Tyler | None
Guliano | None
Anand | None
Mrutyumjai | None
Kristina | None
Raul | None
Steven | None
andy | None
Pavan | None
Kara | None
Peter | None
Ramona | None
Rich | None
Sarah | None
John | None
Alan | None
Gerry | None
Diana | None
Carl | None
Michelle | None
Matt | None
Peter | None
Scott | None
Sven | None
Kristin | None
Vortex | None
Rich | None
Georgia | None
Mark | None
Matt | None
Peter | None
Alaina | None
Vortex | None
Diana | None
Ethan | None
Christine | None
Gary | None
Scott | None
Thomas | None
Michael | None
Scott | None
William | None
Janet | None
Alan | None
Scott | None
Pahavan | None
Tom | None
Sven | None
Jamie | None
Amy | None
Kristin | None
Matthew | None
Lisa | None
Jessica | None
Mike | None
Mark | None
Katherine | None
Alicia | None
Gunnar | None
Andrea | None
Melissa | None
Sue | None
Luiz | None
Connor | None
André | None
Giovani | None
Eli | None
Andre | None
Giovani | None
Rob | None
Rodrigo | None
Thiago | None
Rob | None
Jessica | None
Rodrigo | None
Thiago | None
André | None
Nathan | None
Jude | None
Mack | None
Leandro | None
Raymond | None
Jordan | None
Jon | None
Jessi | None
Jessi | None
JaVonn | None
James | None
James | None
Jaffar | None
Jack | None
Neil | None
Ivan | None
Izhaan | None
Scott | None
Gagandeep | None
George | None
Gibson | None
Gina | None
Frida | None
Gregory | None
Hanumath | None
Harvey | None
Heena | None
Irfan | None
Gordon | None
Kyle | None
David | None
Rashann | None
Pamela | None
Mark | None
Kay | None
Mike | None
David | None
Sandy | None
Stacey | None
Pamela | None
Chrissy | None
Nelson | None
Jacob | None
Lona | None
Natalie | None
Zuleyka | None
Celina | None
Savannah | None
WAVSYS | None
Ankit | None
Irene | None
Emily | None
Alexandra | None
Lauren | None
Zuleyka | None
Mona | None
Valentin | None
Lauren | None
Azzurra | None
Valentin | None
Wavsys | None
Valentin | None
Taylor | None
Raj | None
Omar | None
Savannah | None
Lona | None
Mona | None
Mona | None
Ankit | None
Leonardo | None
Kay | None
Johann | None
Emily | None
Anthony | None
Angela | None
Alexandra | None
Zac | None
Victoria | None
Taylor | None
Rajat | None
12 | None
10 | None
9 | None
8 | None
6 | None
5 | None
4 | None
3 | None
2 | None
11 | None
Georgia | None
Mona | None
Frank | None
Chris | None
Jeanarsy | None
Brian | None
Rena | None
Nicole | None
Renee | None
Juliana | None
Katherine | None
Julius | None
Wendy | None
Charlyn | None
Stacy | None
Megan | None
Lynh | None
Thanh | None
Maryssa | None
Wendy | None
Robin | None
Nora | None
Mike | None
Caitlin | None
Janet | None
Andrea | None
Andrew | None
Diane | None
Miwa | None
Jessica | None
Jonathan | None
Jozhoe | None
Kurt | None
Binasa | None
Jason | None
Almira | None
Christopher | None
Ron | None
Briana | None
Krizzia | None
Marianne | None
Cam | None
Laarni | None
Laarni | None
Stephanie | None
Paul | None
Laarni | None
Krizzia | None
Jerald | None
Cindy | None
Briana | None
Bill | None
Paul | None
Helene | None
Mark | None
Laura | None
John | None
Barb | None
John | None
Keyotta | None
Paul | None
Jerry | None
Howard | None
Michael | None
Cindy | None
Ally | None
Holly | None
Arth | None
Katherine | None
Krizzia | None
Paul | None
Paul | None
James | None
Paul | None
Michael | None
Katherine | None
Jerald | None
Cindy | None
Briana | None
Krizzia | None
Terry | None
Robert | None
David | None
Mary | None
Ed | None
Andy | None
Giuseppe | None
Matthew | None
Lindsay | None
Kayla | None
Anne | None
Emalee | None
Jennica | None
Susan | None
Danielle | None
Sam | None
Leslie | None
John | None
Oriana | None
Michelle | None
Sharie | None
Ashley | None
April | None
Terance | None
Matt | None
Rachel | None
Anthony | None
Jennifer | None
Hunter | None
Madelyn | None
Maria | None
Tim | None
Caitlin | None
Gina | None
Denise | None
Aaron | None
Cecily | None
Jeannette | None
Bethany | None
Matthew | None
Michael | None
Samantha | None
Clarke | None
Maritza | None
Tracy | None
Davis | None
Kim | None
Jay | None
Tim | None
Will | None
Emily | None
Chris | None
Victor | None
Akhil | None
Rashed | None
Ayesha | None
Em | None
Sarah | None
Berfu | None
syed | None
rasida | None
Kate | None
Kameshwar | None
Bhupinder | None
Em | None
Gizem | None
Sai | None
AJ | None
Sesha | None
raviteja | None
Sravan | None
Douglas | None
Christin | None
Michael | None
Shelby | None
Taylor | None
Chaitanya | None
Ritu | None
Nicki | None
Nicole | None
Lindsey | None
Nigel | None
Stephanie | None
Kyle | None
Marcques | None
Mary | None
Mason | None
Neerav | None
Nina | None
Shannon | None
Shella | None
Alicia | None
Susan | None
Ronald | None
Joe | None
Martha | None
wycliff | None
Amanda | None
Kimberly | None
Brian | None
Annie | None
Neerav | None
Kyle | None
Betsy | None
Betsy | None
Susan | None
Kimberly | None
Shella | None
Ronald | None
Nina | None
Stephanie | None
Martha | None
Marcques | None
Mike | None
Joe | None
Mary | None
Amanda | None
Alicia | None
Ericka | None
Danielle | None
Aaslesha | None
Greg | None
Ann | None
Joe | None
Lauren | None
Imani | None
Samantha | None
Vee | None
Miranda | None
Jason | None
Joan | None
Lindsay | None
Tifiany | None
Reece | None
Ann | None
Ashlie | None
Sean | None
Corey | None
Ashley | None
Christina | None
Kristen | None
Stephanie | None
Lauren | None
Cynthia | None
Chare | None
Roderick | None
Diane | None
Castle | None
Taylor | None
Meagan | None
Laura | None
Kyle | None
Veeresh | None
Kristen | None
Lauren | None
Corey | None
Jacqueline | None
Kelly | None
Ericka | None
Daisy | None
Colton | None
Brandon | None
Paige | None
Hadley | None
Stephanie | None
Ahmed | None
Kamryn | None
Elaine | None
Monica | None
Laura | None
Veeresh | None
Angela | None
Stephanie | None
Diane | None
Chare' | None
Valerie | None
Taylor | None
Shannon | None
Madi | None
Keith | None
Christopher | None
Danielle | None
Carrie | None
Angela | None
Andrew | None
Jessica | None
Danny | None
Maria | None
Nicole | None
Matthew | None
Ashley | None
Michelle | None
Stephanie | None
Cheyenne | None
Lindsay | None
Kyra | None
Kimberly | None
Kamal | None
Carrie | None
Natalie | None
Angel | None
Madi | None
Nicole | None
Chare' | None
Matthew | None
Andrew | None
Keith | None
Danny | None
Nick | None
Matthew | None
Jessica | None
Kristine | None
Christopher | None
Shannon | None
Chare' | None
Brooke | None
Karen | None
Samantha | None
Jason | None
Lindsay | None
Amanda | None
Lindsay | None
Ashlie | None
Christina | None
Katelynn | None
Kirsten | None
Matthew | None
Keith | None
Kristine | None
Michelle | None
Cheyenne | None
Meagan | None
Erum | None
Christopher | None
Natalie | None
Kimberly | None
Kamal | None
Jacqueline | None
Madi | None
Shannon | None
Ann | None
Lauren | None
Ann | None
Joe | None
Angel | None
Ericka | None
Arielle | None
Meredith | None
Blair | None
Gissell | None
Stacy | None
Hans | None
Paulina | None
Sha | None
Felipe | None
Ryan | None
Simon | None
Brian | None
Stephen | None
Thato | None
Renee | None
Gary | None
Kirsten | None
Derrick | None
Lauren | None
Rebecca | None
Tina | None
Summer | None
Tina | None
Eric | None
Eric | None
Nicole | None
Leo | None
Michael | None
Andrew | None
Jason | None
Cristian | None
Joshua | None
Tyler | None
1 | None
Silmarie | None
Brian | None
Angela | None
JIM | None
Ana | None
Antonia | None
Patrick | None
Chad | None
Danielle | None
Sandy | None
Rachel | None
Justin | None
Nam | None
Loryn | None
Kimberly | None
Sarah | None
Jacob | None
Eric | None
Josh | None
Jon | None
Ife | None
Christine | None
Caroline | None
Ryan | None
Cristina | None
Mark | None
Amanda | None
Wesley | None
Samantha | None
Angie | None
Gilda | None
Dillon | None
Chloe | None
Caroline | None
Emily | None
Seen | None
Emily | None
Ruby | None
Breeanna | None
Frida | None
Namita | None
Chase | None
Laura | None
Jones | None
Sweta | None
Sissly | None
Naomi | None
Carrie | None
Quy | None
Meghan | None
Elina | None
Shaquana | None
Estella | None
Sowmya | None
Kartheek | None
Zhida | None
Alisha | None
Shala | None
Lisa | None
Caitlin | None
Sophia | None
Eric | None
Wasi | None
Damon | None
Lindsey | None
Anushka | None
Amita | None
Ammini | None
Ujjawal | None
Bliss | None
Kevin | None
Saandhya | None
Lovepreet | None
Jeffrey | None
Christina | None
Sandy | None
Salvatore | None
Josh | None
Miriam | None
Ash | None
Marc | None
Tracey | None
Qiao | None
Vince | None
Jerry | None
Melissa | None
Dave | None
Abe | None
Jillian | None
Sean | None
Pourya | None
Charles | None
Savanah | None
Jannicke | None
Luke | None
Andre | None
Cassie | None
Gregorio | None
Sulakshana | None
Kelsey | None
Sabryn | None
Caitlyn | None
Swati | None
Sandy | None
Alex | None
Khristee | None
Hamid | None
Samuel | None
Brenda | None
Kole | None
Jason | None
Alex | None
Ankita | None
Megan | None
Carrie | None
Camille | None
Ramandeep | None
Neetu | None
Larry | None
Boo | None
Wael | None
Jordan | None
Michael | None
Shivani | None
Alexia | None
Devanshi | None
Divya | None
Kristen | None
Nishant | None
Renz | None
Travis | None
Carlo | None
Aakash | None
Stephanie | None
Paige | None
Susie | None
Sergio | None
Jamie | None
Carlos | None
Jyoti | None
Jodel | None
Carolina | None
Courtney | None
Edgar | None
Juan | None
Sanjay | None
Pooja | None
Josue | None
Lois | None
Pamela | None
Aarthy | None
Supriya | None
Logan | None
Angelica | None
Camila | None
Anupriya | None
Patrice | None
Chanda | None
Michelle | None
Christine | None
Tanya | None
Lucy | None
Jennifer | None
Aniket | None
Willie | None
Olivia | None
Hanna | None
Anita | None
Lindsey | None
Natalia | None
Shilpa | None
Elle | None
Kristen | None
Stephanie | None
Brenda | None
Srishti | None
Kat | None
Manjishtha | None
Veronica | None
Alexandra | None
Hetal | None
Fabian | None
Isabel | None
Anthony | None
Ece | None
Jorge | None
Jennifer | None
Oscarly | None
Julie | None
Ryan | None
Sam | None
Emilie | None
Grace | None
Nicole | None
Steve | None
Claudio | None
Corey | None
Zachary | None
Kevin | None
Kori | None
Andrew | None
Lin | None
Jarrad | None
Amy | None
Adam | None
Montserrat | None
Krista | None
Matthew | None
WILL | None
Liza | None
Lukas | None
Lan | None
Peter | None
Cezar | None
Rebecca | None
Heather | None
Mason | None
Tiffany | None
Rene | None
Daniel | None
Liora | None
Gracie | None
Corey | None
Larissa | None
Katie | None
Beth | None
Andrea | None
Neha | None
Ashley | None
Marissa | None
Josh | None
Juliana | None
Lisa | None
Sean | None
Maria | None
Stephanie | None
Prateek | None
James | None
Victoria | None
Ashutosh | None
Chris | None
Andria | None
Brody | None
Eliza | None
Marc | None
Misbaah | None
Jason | None
Rachel | None
Christina | None
Brian | None
Binny | None
Andrew | None
Christina | None
Stacey | None
Vivek | None
Ayesha | None
Gustavo | None
Samantha | None
Arvind | None
Priyesh | None
Rashawn | None
Paulo | None
Cian | None
Robert | None
Haryl | None
Benjy | None
Janet | None
Anne | None
Steve | None
Elijah | None
TaMarkus | None
Rym | None
Tessa | None
Gautam | None
Liam | None
Delita | None
Elissa | None
Maximilian | None
Gracie | None
Mat | None
Mohammed | None
Ellie | None
Garima | None
Aijalon | None
Robyn | None
Julius | None
Claudia | None
Tanya | None
Andy | None
Lenny | None
Amelia | None
Swapna | None
Mai | None
Sana | None
Malia | None
Harsha | None
Lacey | None
Ashok | None
Elton | None
Vaibhav | None
Sundara | None
Raakin | None
Marina | None
Vadivel | None
Craig | None
Allen | None
Maysoon | None
Jackie | None
Lokesh | None
Tracy | None
Jennifer | None
Brion | None
Dorion | None
Peter | None
Danny | None
Paul | None
Angelo | None
Namrata | None
Ali | None
Akshay | None
Wayne | None
Shruti | None
Josh | None
Kara | None
Malcolm | None
Stephen | None
Maurissa | None
Nick | None
Projesh | None
Alexandra | None
Ronald | None
Erin | None
Tomas | None
Jessica | None
Gary | None
Courtney | None
Jamal | None
Asha | None
Lindell | None
Jeremy | None
Brent | None
Stephen | None
Arthur | None
Victor | None
Kartik | None
Alejandro | None
Sheryl | None
Andrew | None
Noel | None
Milan | None
Yetunde | None
Denise | None
Manjeet | None
Josh | None
Kapya | None
Bobby | None
Subhasish | None
Maria | None
Rui | None
Michael | None
Ari | None
Joe | None
Kyle | None
Hannah | None
Nathan | None
Monica | None
Heidi | None
Jennifer | None
Angela | None
Abby | None
Mel | None
Lyndsay | None
Yen | None
Kriston | None
Nathan | None
Maya | None
Matthew | None
Kandice | None
Zakiya | None
David | None
Erika | None
Maureen | None
Yam | None
Rob | None
Myles | None
Richard | None
Becky | None
Spencer | None
Mahitab | None
Tony | None
Justin | None
Katheryn | None
Max | None
Kelly | None
Robert | None
Rachael | None
Dustin | None
Larry | None
Christa | None
Sameer | None
Brad | None
Krisan | None
Dustin | None
Lindsay | None
Lance | None
Jeni | None
Lee | None
Ashton | None
Mark | None
Ahmed | None
Kim | None
Lou | None
Alvaro | None
Eddie | None
Chris | None
Svetlana | None
Ladonna | None
Ve'Ka | None
Michael | None
Mason | None
Siphesihle | None
Matt | None
Frances | None
Lauren | None
Prakash | None
Madhan | None
Raj | None
Akshat | None
Shams | None
Kushal | None
Ellie | None
Ben | None
Stacie | None
Hayley | None
Mark | None
Petrina | None
Jake | None
Aftabur | None
Ahsan | None
Gunit | None
Dane | None
Steve | None
Kiara | None
Avleen | None
Lauren | None
Stasha | None
James | None
Jenine | None
Adan | None
Abi | None
Devin | None
Tony | None
Shira | None
Jelvis | None
Samantha | None
Justin | None
Denise | None
Tyler | None
Sheryl | None
Kyle | None
Will | None
Katie | None
Deepak | None
Jake | None
Hilari | None
Klint | None
Sadick | None
Jodie | None
Maritza | None
Erin | None
Arianna | None
Riya | None
Sharrvaaney | None
Dexter | None
Ashley | None
Vidya | None
Paramjit | None
James | None
Tad | None
Jonny | None
Muhammad | None
Yescenia | None
Andrew | None
Christine | None
Markia | None
Angie | None
Nancy | None
Michelle | None
Angela | None
Marilyn | None
Janine | None
Giovanna | None
Shiba | None
Diana | None
Shawn | None
Cassidy | None
Justin | None
Karla | None
Asya | None
Michael | None
Fran | None
Shandrew | None
Gayatri | None
Valerie | None
Milton | None
Smit | None
Sondra | None
Catia | None
Bhavin | None
Kim | None
Bryan | None
Madison | None
Madhusmita | None
Vannessa | None
Smita | None
Samantha | None
Cassy | None
Manmeet | None
Pritika | None
Ananya | None
Brandy | None
Brittany | None
Dana | None
Nadine | None
Alma | None
Violet | None
Mandar | None
Abhishek | None
Grace | None
Randi | None
Laura | None
Svetlana | None
Greg | None
Divya | None
Jessica | None
Fred | None
Nicole | None
Anoop | None
Dilip | None
Maria | None
Toyin | None
Peter | None
Claire | None
Ross | None
Trish | None
Gregor | None
Jo | None
Aimee | None
Shane | None
Tom | None
William | None
Brook | None
Caroline | None
Conor | None
Hanna | None
Camilla | None
Guy | None
Mark | None
Charles | None
Lauren | None
Kay | None
Robyn | None
Michael | None
Amanda | None
Megan | None
Michael | None
Josh | None
Finley | None
Michael | None
Millie | None
amanda | None
william | None
erman | None
gabriela | None
helly | None
joe | None
joe | None
lindsay | None
mollie | None
caitlin | None
brett | None
Oscar | None
Colin | None
Sean | None
Marissa | None
Julian | None
Anila | None
Lacy | None
Jaime | None
Megan | None
Benjamin | None
Halle | None
Benjamin | None
Allison | None
Dan | None
Alain | None
Scott | None
Thomas | None
Matthew | None
Josh | None
Billy | None
Nichole | None
Jonathan | None
Drew | None
P | None
Akshita | None
Polina | None
Carlin | None
Sean | None
Jonah | None
Matthew | None
Matthew | None
Mhamed | None
Emma | None
Alessia | None
Alex | None
Vincent | None
Alexander | None
Tony | None
Mellissa | None
Kevin | None
John | None
Brenden | None
Trent | None
Jason | None
Michael | None
Eleanora | None
Sylvie | None
Michael | None
Rachael | None
Katherine | None
Alyssa | None
Michael | None
Beth | None
Jemima | None
James | None
Inez | None
Grace | None
Georgia | None
Ethan | None
Karl | None
Elysia | None
Damian | None
Daisy | None
Claudia | None
Cam | None
Caleb | None
Ben | None
Diego | None
Katie | None
Kaya | None
Megan | None
Harrison | None
Omari | None
Mark | None
Camila | None
Sām | None
Ollie | None
Zain | None
Spencer | None
Sophie | None
Shardai | None
Sasha | None
Sam | None
Ryan | None
Reece | None
Nell | None
Paris | None
Elliot | None
Priyanka | None
Aishwarya | None
Elizabeth | None
Saket | None
Harpreet | None
chanky | None
Alan | None
Janet | None
Andricus | None
Joe | None
Paulson | None
Raj | None
Kevin | None
Kelish | None
Krishna | None
Mohammed | None
Pratyush | None
Rob | None
Vidya | None
Arnie | None
Mohamed | None
Eric | None
Jim | None
Jim | None
Raj | None
Vidya | None
Dan | None
Manasi | None
Dan | None
Krishna | None
Michele | None
Mark | None
Philip | None
Theresa | None
Barry | None
Julie | None
Melissa | None
Jessica | None
Matthew | None
Corey | None
Shirley | None
Karey | None
Zachary | None
Joseph | None
Chris | None
Talia | None
David | None
Paul | None
Jason | None
Amanda | None
Jenn | None
Noriece | None
Alexandra | None
Shari | None
Annie | None
Keith | None
Leena | None
Puja | None
Chris | None
Anthony | None
Jonathan | None
Rob | None
Steve | None
Amelia | None
Angie | None
Devin | None
Erica | None
Scott | None
Sharon | None
Brittany | None
Stacey | None
Anthony | None
Heather | None
Garrett | None
Mike | None
Paul | None
Cindy | None
Scott | None
Rollins | None
Cass | None
Jeff | None
Colton | None
Andrea | None
Grant | None
Craig | None
Andrew | None
Rafi | None
Angela | None
Shane | None
Emily | None
Rowdy | None
Ethan | None
John | None
Aaliyah | None
Elise | None
Brendan | None
Brooke | None
Aaron | None
Alan | None
Jane | None
Elizabeth | None
Chris | None
Jeri | None
Carter | None
Matt | None
Francis | None
Amjad | None
Shreya | None
Jason | None
Scott | None
Lindsay-Rae | None
Nathan | None
Shen | None
LaTasha | None
Wei-Chen | None
Megan | None
Lacey | None
Amina | None
Aisha | None
Mark | None
Haley | None
Jose | None
Jalil | None
Taylor | None
Angela | None
Lauren | None
Vishal | None
Elizabeth | None
Kevin | None
Jasmyne | None
Hannah | None
Brian | None
Jing | None
Shilpa | None
Randy | None
Christopher | None
Aidan | None
Lacie | None
Marco | None
Alexey | None
Rita | None
Monali | None
Tucker | None
Devon | None
Hannah | None
Sam | None
Mandy | None
Connie | None
Kellen | None
Don | None
Sarah | None
Tom | None
Katherine | None
Jason | None
Jim | None
Thomas | None
Trey | None
Marc | None
Damian | None
Daniel | None
Reagan | None
Jill | None
Christopher | None
Samer | None
Chris | None
Haley | None
Leigha | None
Carly | None
Lisa | None
Albert | None
Melody | None
Dylan | None
Tuyen | None
Joey | None
Luca | None
Lijuan | None
Sarah | None
Taufiq | None
Khoa | None
Rodney | None
Raja | None
Andrew | None
Michael | None
Umair | None
Jacquelyn | None
Cecilia | None
Michael | None
Jia | None
Kathleen | None
Gianni | None
Andrew | None
Eric | None
Mike | None
Jessica | None
Monisha | None
Barbara | None
Lakisha | None
Simaran | None
Katie | None
Sunita | None
Steve | None
Autumn | None
Quang | None
Reshul | None
Charles | None
Ryan | None
Roohi | None
Denise | None
Brock | None
Matt | None
Amanda | None
Jennifer | None
Cameron | None
Hailey | None
Sam | None
Lindsay | None
Lesli | None
Laura | None
Kevin | None
Karen | None
Kate | None
Mariana | None
Kaitlin | None
JP | None
Joseph | None
Kelly | None
Martine | None
Melissa | None
Melanie | None
Joseph | None
Michael | None
Nicholas | None
Nick | None
Paul | None
Princess | None
Robert | None
Scott | None
Shari | None
Stacy | None
Travis | None
Megan | None
Jonathan | None
Lori | None
John | None
Jonathan | None
Lindsay | None
Matt | None
Joel | None
Lindsay | None
Logan | None
Ashley | None
Lynda | None
Vanessa | None
Debby | None
Amy | None
Annette | None
Brittany | None
Caroline | None
Catherine | None
Cheryl | None
Dallas | None
Danielle | None
Danielle | None
Dean | None
Derrick | None
Felicia | None
James | None
James | None
Jason | None
Jimmy | None
Johanna | None
Casey | None
Alicia | None
Zorimar | None
Camila | None
Ivan | None
Valentin | None
Jack | None
Candice | None
Maria | None
Dino | None
Michael | None
Jason | None
Tracey | None
Jessica | None
Dean | None
Heather | None
Nancy | None
Riley | None
Olivia | None
Kiely | None
Kristin | None
Marney | None
Jeremy | None
Jordan | None
Jocelyn | None
Michele | None
Jason | None
Pete | None
Grant | None
Ashley | None
Ramsey | None
Liz | None
Tamara | None
Ken | None
Douglas | None
Sai | None
Ryan | None
Margaret | None
Royce | None
Alycea | None
Erik | None
Andrew | None
Liz | None
David | None
Austin | None
Shaun | None
John | None
Brooke | None
Crystal | None
Vandy | None
Lauren | None
Michael | None
Heather | None
Lacey | None
Tim | None
Matthew | None
Meghan | None
Frank | None
Melissa | None
Allison | None
Mel | None
Austin | None
Diana | None
Peter | None
Danielle | None
Danielle | None
Aashi | None
Rafael | None
Vaibhav | None
Anushka | None
Staci | None
Staci | None
Jason | None
Michelle | None
Lara | None
Misti | None
Jeff | None
Michelle | None
Dorothy | None
Fawn | None
Michael | None
Michelle | None
Josue | None
Monica | None
Breanna | None
Kristin | None
Ellie | None
Patrick | None
Richard | None
Tracy | None
Ellie | None
Jenn | None
Caroline | None
Joseph | None
Alex | None
Brian | None
Sarah | None
Tom | None
Finn | None
Madeline | None
Alex | None
Tanya | None
Rutvi | None
Glenn | None
Lexa | None
Parmita | None
Nahush | None
Yeh-Sun | None
Ariel | None
Katie | None
Scott | None
Alexander | None
Max | None
Oliver | None
Miguel | None
Nathan | None
Chuck | None
Penny | None
Tiffany | None
Cherelle | None
Priyanka | None
Dalal | None
Guniya | None
Clarence | None
Katlynn | None
Robyn | None
Carley | None
Rebecca | None
Alix | None
Barkat | None
Tim | None
Lauren | None
Bryan | None
Catherine | None
Connor | None
Debbie | None
Kristen | None
Aaron | None
Annemieke | None
Katie | None
Iman | None
Sharon | None
Lauren | None
David | None
Jaime | None
Sean | None
Vitoria | None
Shaun | None
Lindsay | None
Emma | None
Jennifer | None
Will | None
Caroline | None
Mike | None
Bill | None
Betsy | None
Kate | None
Mallory | None
Charlie | None
Christina | None
Jessica | None
Maureen | None
Shelley | None
Daxton | None
Emily | None
Julie | None
Laurie | None
Meghan | None
Kelly | None
Rachel | None
Matthew | None
Dominika | None
Lauren | None
Christine | None
Amy | None
Siri | None
Walker | None
Richard | None
Sahil | None
Victoria | None
David | None
David | None
Rachel | None
Jenna | None
Saman | None
Stacia | None
Ashley | None
Rachel | None
Stefan | None
Kara | None
Nate | None
Kiran | None
Shannon | None
Victoria | None
Gage | None
Ryan | None
Tarush | None
Rachel | None
Rowena | None
Kristin | None
Mary | None
Ken | None
Marcus | None
Vanessa | None
Adriana | None
Chimes | None
Nancy | None
Tamara | None
Brigette | None
Vongsavanh | None
Carol | None
Priya | None
Mychael | None
Charlie | None
Teresa | None
Trung | None
Mike | None
Carol | None
Jeri | None
Kent | None
Jessica | None
Nancy | None
Mike | None
Romeo | None
Lorena | None
Therasa | None
Antonio | None
Raylene | None
Jenny | None
Charlyn | None
Ash | None
Danielle | None
Mike | None
Isaac | None
Antonio | None
Phillip | None
patience | None
Fay | None
Seth | None
Rob | None
Matt | None
EDWARD | None
David | None
Guillaume | None
Kipp | None
Team | None
Colin | None
Arlen | None
Ellinor | None
Dave | None
Robert | None
Michael | None
Benette | None
Bryan | None
Alyssa | None
Christians | None
Sara | None
Nora | None
Alba | None
Debbie | None
Brett | None
Sara | None
Elena | None
Shannon | None
Jasmine | None
Juha | None
Robert | None
Patrik | None
Zuzanna | None
Peter | None
Vanesa | None
Peter | None
Danielle | None
Lethea | None
Mary | None
Sally | None
Katelynn | None
Julie | None
Brittany | None
Ann | None
Colleen | None
Sam | None
Autumn | None
Tanner | None
Katie | None
Jim | None
Mylinda | None
Joey | None
Debra | None
Shayla | None
Stefanie | None
Emily | None
Lynn | None
Doey | None
Brittany | None
Zach | None
Dhaval | None
Phil | None
Karen | None
Jordan | None
Alexis | None
Erin | None
Emma | None
Kaleigh | None
Holly | None
Jaden | None
Jessie | None
JODIE | None
Jon | None
Jordan | None
Julie | None
Karen | None
Madison | None
Katherine | None
Kayla | None
Leah | None
Madalyne | None
Madison | None
Max | None
Michaela | None
Molly | None
Myiah | None
Emily | None
Nathan | None
Karl | None
Dorian | None
William | None
Collin | None
Nermin | None
Judy | None
Julissa | None
Justin | None
Kacie | None
Lisa | None
Amanda | None
Amber | None
Andrew | None
Ashley | None
Brandi | None
Brandon | None
Breanna | None
Brindi | None
Brittany | None
CALLISTA | None
Cameron | None
Cecilia | None
Christian | None
Christina | None
Cinthia | None
Cody | None
Collin | None
David | None
Nicholas | None
Kathleen | None
Quaid | None
Katrina | None
Kalen | None
Juanaka | None
Kayley | None
Laura | None
Laura | None
LeDon | None
Maggie | None
Malik | None
Nicole | None
Joshua | None
Nathan | None
Onecopy | None
Patrick | None
Ryan | None
Samantha | None
Shelby | None
Trinity | None
Tyrea | None
Valerie | None
Veronica | None
Zaira | None
Olivia | None
Hayley | None
Elijah | None
Daisy | None
Quentin | None
Rebecca | None
Rebecca | None
Robert | None
Roxanne | None
Siobhan | None
Stephanie | None
Tiffany | None
Tyler | None
Van | None
Yasmina | None
Alisa | None
Alexis | None
America | None
Ashia | None
Alain | None
Abdul | None
Allyson | None
Allan | None
Bethaney | None
Chancellor | None
DeJon | None
Pranee | None
Joshua | None
Janiris | None
Jonathan | None
Shawnyanna | None
diana | None
Blake | None
Maliha | None
Channing | None
Julianna | None
khushbu | None
Megan | None
Rebecca | None
Jackie | None
Della | None
Antoina | None
Aman | None
Leticia | None
Adam | None
Shania | None
Christin | None
CALLISTA | None
Vanessa | None
Darielle | None
Michael | None
Jacob | None
Taylor | None
Jonathan | None
Maria | None
Christian | None
Roman | None
Timothy | None
Josh | None
Yasha | None
Brandon | None
Karen | None
Biryar | None
Blake | None
Chad | None
Jonathan | None
Brittany | None
Michael | None
Sierra | None
Mahreen | None
Rachel | None
Priscilla | None
Delana | None
Shelby | None
Leslie | None
Samantha | None
Tyler | None
Emily | None
Chris | None
Aries | None
Destiny | None
Latia | None
Erika | None
Brianna | None
Trevor | None
Sydney | None
Daniel | None
Rubi | None
Alexa | None
Siobhan | None
Paige | None
Hanifa | None
Meagan | None
Hannah | None
Helen | None
Jamie | None
Jane | None
Janelle | None
Janelle | None
Lindsay | None
Jazmin | None
Jennifer | None
JODIE | None
Joel | None
Hannah | None
Brice | None
Adrian | None
Chelsey | None
Bethany | None
Tanika | None
Melissa | None
Letzabeth | None
Veronica | None
Dylan | None
Kenny | None
Nicole | None
Gabrielle | None
Safiatou | None
breanna | None
Jeremiah | None
Christerlon | None
Antonio | None
Bidhusi | None
Cory | None
Casey | None
Vincent | None
Olivia | None
JODIE | None
Ria | None
ZAIRA | None
Amber | None
Mashaunda | None
Matthew | None
Ranya | None
Brandt | None
Casey | None
Donald | None
Steve | None
Marc | None
Julia | None
Jaxen | None
Mike | None
Audra | None
Steven | None
Ryan | None
Andrew | None
Erica | None
Ciana | None
Carla | None
Scott | None
Phil | None
Raquel | None
Jordan | None
Brooke | None
Adriel | None
Josh | None
Tony | None
John | None
Erica | None
Michael | None
Justin | None
Tosin | None
Thomas | None
Marcus | None
David | None
Courtney | None
Jessica | None
Michael | None
Karey | None
Rod | None
Christina | None
Shane | None
Madeline | None
Ryan | None
Melica | None
Chad | None
Cristina | None
Craig | None
Jawwad | None
Christina | None
Jeannette | None
Timothy | None
Patrick | None
Paul | None
Faye | None
Anna | None
Nader | None
Bianca | None
Matthew | None
Alicia | None
Kristen | None
Ashley | None
Abegail | None
Chris | None
Monet | None
Maya | None
Ryan | None
Ryan | None
Zena | None
Tyler | None
Krishnakumar | None
Priya | None
Krysta | None
Jessica | None
Olivia | None
Liz | None
Patricia | None
Mathea | None
Jason | None
Rekha | None
Brandon | None
Anaya | None
Adam | None
Erin | None
Rachel | None
Kiley | None
Tivoli | None
Mario | None
Brady | None
Linda | None
Melody | None
SUE | None
Sue | None
Cassandra | None
Paul | None
Stephen | None
Napoleon | None
Bruce | None
Cheryl | None
Linda | None
Dan | None
Mark | None
Linda | None
Rob | None
Gangadhar | None
Paul | None
Greetings | None
Bianca | None
Melody | None
Tiffany | None
Kristen | None
James | None
Alexandria | None
Linda | None
Patricia | None
Bruce | None
Mark | None
Alexandria | None
Jessica | None
Paul | None
Pasha | None
chris | None
chris | None
christina | None
christina | None
conor | None
enda | None
ellie | None
brett | None
frank | None
gabby | None
grant | None
daniel | None
benjamin | None
arielle | None
bella | None
jennifer | None
angelo | None
alexis | None
Lauren | None
Angela | None
Victoria | None
Madeline | None
Conor | None
Nicholas | None
Marissa | None
Paola | None
Conor | None
Nicholas | None
ben | None
jordan | None
lori | None
katie | None
melissa | None
michael | None
micki | None
patrick | None
patrick | None
rob | None
roger | None
samuel | None
saoirse | None
shania | None
victoria | None
vincent | None
Dan | None
joshua | None
Kate | None
Emma | None
Jake | None
Lauren | None
Mike | None
Saj | None
Steve | None
matthew | None
matthew | None
marissa | None
madison | None
maddy | None
luke | None
kayley | None
Ashley | None
Georgia | None
Kevin | None
Scott | None
Matthew | None
Dean | None
Griffin | None
Argenis | None
Jason | None
Chris | None
Adam | None
Alexis | None
Mona | None
Erick | None
Zack | None
Jeanarsy | None
Ben | None
Maddy | None
Michael | None
Emma | None
Matthew | None
Angelo | None
Patrick | None
Frank | None
Roger | None
Joshua | None
Timothy | None
Jason | None
Evan | None
Chris | None
Gillian | None
Dylan | None
Kartik | None
Aman | None
Shawn | None
Michaela | None
Alex | None
Kimberly | None
Madeline | None
Xanthie | None
Liz | None
Grant | None
Connor | None
Michael | None
Shane | None
Harrison | None
Dan | None
Chris | None
Jane | None
Emily | None
Holly | None
Ricky | None
Tremayne | None
Tomasz | None
Grace | None
Saba | None
Katie | None
Mathew | None
Harrison | None
Adam | None
Alex | None
Amelia | None
Chris | None
George | None
Joy | None
Nicola | None
Ronnie | None
Max | None
Hannah | None
Max | None
Olivia | None
Nicola | None
Max | None
Chris Morris | None
Jade King | None
Jason Wood | None
Neil | None
Jo Sharp | None
Mathew Sturman | None
Jane Mercer | None
Adam Flint | None
Holly Rawe | None
Dominik Israel | None
Maks Zdanowski | None
Kim Hopwood | None
Max Swift | None
Ricky Knight | None
Jacob Lee | None
Adam Edgell | None
Liam Purcell | None
Liam | None
Joy | None
Hannah | None
George | None
Emily | None
Jade | None
Bethany | None
Charlie Regan | None
Keir Turnbull | None
Matt Grove | None
Breeze | None
David | None
Matt | None
Michael | None
Wayne | None
Taurus | None
John | None
Mark | None
Doug | None
Michael | None
Debrorah | None
Rich | None
Robert | None
Allyson | None
Richard | None
Ryan | None
Michael | None
Diane | None
Mynor | None
Favian | None
Luke | None
C. | None
David | None
Lonnie | None
Rodney | None
Jennifer | None
Josh | None
Paul | None
Michael | None
Gustavo | None
Jayne | None
Kris | None
Rose | None
Edward | None
Andy | None
Chip | None
Pamela | None
Dominic | None
Jackie | None
Joseph | None
Keith | None
Jesse | None
David | None
Ken | None
Gary | None
Dave | None
Lacey | None
Paul | None
Richard | None
Craig | None
Alan | None
Raleigh | None
Margaret | None
Owen | None
Domenic | None
Allison | None
Matthew | None
Caroline | None
Sara | None
Collin | None
Damion | None
Susie | None
Kevin | None
Abbie | None
Rajesh | None
Tayla | None
Michael | None
Susan | None
Lou | None
John | None
Susan | None
Victoria | None
Bill | None
Patrick | None
Anatoly | None
Micah | None
Allison | None
Clay | None
Andrew | None
Aziliz | None
Christiaan | None
Danielle | None
Kevin | None
Kyle | None
Patrick | None
Samuel | None
Erin | None
Vincent | None
Tyler | None
Morgan | None
Tori | None
Dolly | None
Michael | None
Daniela | None
Scot | None
Zack | None
Charles | None
Jen | None
Sofia | None
Scott | None
Sarah | None
Ryden | None
Matthew | None
Matthew | None
Kokou | None
Iris | None
Brock | None
Glenn | None
Emily | None
Dylan | None
Charlie | None
Caleb | None
April | None
Anthony | None
Gordon | None
Rachel | None
David | None
Amy | None
Ellen | None
Jordan | None
DHIR | None
Christian | None
Rachel | None
Bryce | None
Eddie | None
Chris | None
Michael | None
David | None
Kian | None
Ellen | None
Reece | None
Victoria | None
Brian | None
Robert | None
Amy | None
Tonya | None
Tom | None
Daisy | None
Franziska | None
Allan | None
Liz | None
Brandi | None
Alisa | None
Ivan | None
Liz | None
Brandi | None
Kevin | None
Allan | None
Ana | None
Tatiana | None
Julie | None
Patricia | None
Wilfried | None
Willan | None
Okawah | None
Wilfrid | None
Anderson | None
Aylin | None
Alain | None
Mohd | None
Jaclyn | None
Audrey | None
Jaclynn | None
Quinn | None
Brenda | None
Ulysses | None
Sean | None
Eric | None
Ken | None
Hannah | None
David | None
Katy | None
Tynan | None
Tim | None
Niña | None
aeron | None
amy | None
andrew | None
bernadette | None
Joseph | None
Amit | None
Rich | None
SOUMYA | None
Anna | None
Paula | None
Priyanka | None
Cynthia | None
Jarah | None
Zofia | None
Amy | None
Robb | None
Alicia | None
Sarah | None
Miglene | None
Dan | None
Justin | None
Teddy | None
Clive | None
brittany | None
Laiza | None
Paula | None
dan | None
jediah | None
hannah | None
Joel | None
Ken | None
Mark | None
Mark | None
Mark | None
Natashia | None
Jerald | None
Noah | None
Robert | None
Sarah | None
Sterling | None
Steve | None
Todd | None
Paula | None
Philip | None
donta | None
Jeanie | None
Jairrah | None
jaymie | None
josh | None
joshua | None
laiza | None
nicole | None
ryan | None
sheilla | None
sonam | None
Amy | None
Anthony | None
Carol | None
Daryl | None
Deanna | None
Hyacinth | None
Iman | None
trent | None
Evan | None
Sheilla | None
Andrew | None
Josh | None
Joshua | None
Laiza | None
Matt | None
Rachelle | None
Rogelio | None
Ryan | None
Sarah | None
Sheilla | None
Sonam | None
Lane | None
Lorelei | None
Barbara | None
Clive | None
Jediah | None
Jaymie | None
Jaidee | None
Hyacinth | None
Sarah | None
Lewis | None
Wade | None
Trent | None
Barbara | None
Albert | None
Bernadette | None
Brittany | None
Christine | None
Hannah | None
Anthony | None
Wade | None
Tom | None
Albert | None
Philip | None
Sterling | None
Mallory | None
Josh | None
Michelle | None
Sarah | None
Donta | None
Claudine | None
Christine | None
Rachelle | None
Jediah | None
Rachelle | None
Carol | None
Jediah | None
Carol | None
Albert | None
Tom | None
Sheilla | None
Hannah | None
Daryl | None
Laiza | None
Lorelei | None
Nicole | None
Maurice | None
Patricia | None
Ana | None
Sarah | None
Sarah | None
Matt | None
Rachelle | None
Rog | None
Mari | None
Joanne | None
Brittany | None
RJ | None
Verna | None
Don | None
Ethan | None
Katelynn | None
Keisha | None
Kendra | None
Madeline | None
Rhonda | None
Peter | None
Samantha | None
Suzanne | None
Tom | None
Collin | None
Manas | None
Bryan | None
Ethan | None
Khanie | None
Elaine | None
Peter | None
Verna | None
Kacie | None
Katelynn | None
Kevin | None
Kendra | None
Tom | None
Vitaly | None
Suzanne | None
Thesha | None
John | None
Bryan | None
Don | None
Vickie | None
Joel | None
Cody | None
John | None
Patrick | None
Stayce | None
Shane | None
Christopher | None
Dawn | None
Patrycja | None
Noreen | None
Michele | None
Madeline | None
Lauren | None
Joshua | None
Jose | None
John | None
Jill | None
Jeffrey | None
James | None
Jainee | None
Jacquelynne | None
Hilary | None
Hannah | None
Fran | None
Dana | None
Chloe | None
Charles | None
Chandler | None
Sal | None
Jasmine | None
Taryn | None
Caitlin | None
Al | None
Julia | None
Nicole | None
Brittany | None
Khoury | None
Scotty | None
Kellie | None
Michelle | None
Caitlan | None
Bob | None
Ashford | None
Mohammed | None
Carmen | None
Zachary | None
Katie | None
Christine | None
Anthony | None
Sean | None
Brandon | None
Zara | None
Bob | None
Jessica | None
Tori | None
Ryan | None
Isabel | None
Virna | None
Sara | None
Jonathan | None
Rosamond | None
Alicia | None
tracy | None
Tarsha | None
Hemala | None
Ivy | None
Leslie | None
Iesha | None
Ronnice | None
Claudine | None
Oded | None
Marina | None
Theon | None
Jamel | None
Andre | None
Bryan | None
Alan | None
Jessica | None
Gino | None
Bernadette | None
Janet | None
Bill | None
Andrew | None
Maryann | None
Lindsay | None
Michelle | None
Amanda | None
Paul | None
Jack | None
Arnise | None
Michael | None
Vianna | None
Karen | None
David | None
Natasha | None
VANESSA | None
Sharon | None
Tasha | None
Jonathan | None
Ronald | None
Chloe | None
Robert | None
Fran | None
Rushia | None
Yanira | None
Joseph | None
Kristin | None
Jennifer | None
Terry | None
Rishabh | None
Rashmi | None
Barituka | None
Vincent | None
Dinesh | None
Leah | None
Mmusi | None
Eze | None
Dipo | None
Kudakwashe | None
Hesam | None
Hajnalka | None
Oluwafemi | None
Joshua | None
Muhammad | None
Johnson | None
James | None
Tony | None
Doug | None
Ronald | None
Thomas | None
Kris | None
Fiona | None
Heidi | None
Oksana | None
Olga | None
Yuliia | None
Olena | None
Roy | None
Molly | None
Trey | None
Laura | None
Bree | None
Andrew | None
Molly | None
Chris | None
Olivia | None
Reshma | None
Jason | None
John | None
Lisa | None
Anjali | None
Anthony | None
Bruce | None
Lindsay | None
Babalola | None
Israel | None
JT | None
Hailey | None
Joshua | None
JT | None
Sonal | None
Junior | None
Reshma | None
Olivia | None
Terra | None
Jeff | None
Lisa | None
Billie | None
Jeff | None
John | None
Anthony | None
Bruce | None
Lindsay | None
JT | None
Monica | None
Stephanie | None
Stephanie | None
Justine | None
Daniel | None
Sarah | None
Lexi | None
Heidi | None
Levi | None
Marc | None
Han | None
Justin | None
DY | None
Min | None
Joanna | None
Min | None
Alex | None
Eric | None
Luisa | None
Marina | None
Amoy | None
Ben | None
Diana | None
Mariana | None
Melbourne | None
Rodrigo | None
Katya | None
Sherrylee | None
Tyler | None
Leon | None
Allison | None
Natalia | None
Maria | None
Carmen | None
Rob | None
Diana | None
Sabrina | None
Ezequiel | None
Andrew | None
Héctor | None
Melissa | None
Diana | None
Cristina | None
Joan | None
Zoe | None
Adolfo | None
Fiamma | None
Denuar | None
Christin | None
Eduardo | None
Leah | None
Maricel | None
Samuel | None
Ashley | None
Alfredo | None
María | None
Kadisha | None
Gabriela | None
Shanese | None
Maria | None
Jose | None
Elvira | None
Mercedes | None
Alexandra | None
Brayan | None
Valeria | None
Marcos | None
Sven | None
Michael | None
Jackie | None
Brit | None
Samantha | None
Marlee | None
Jennica | None
Lauren | None
Nicole | None
Hi | None
Bryan | None
Hi | None
Katherine | None
Keenan | None
Zoe | None
Ashley | None
John | None
Marlon | None
Priya | None
Kellan | None
Rebecca | None
Marlon | None
Alexis | None
Ashley | None
Laura | None
Doug | None
Tammy | None
Gregory | None
Jed | None
Daniel | None
Brian | None
Lucille | None
Daniel | None
Bryan | None
Rosanna | None
Diane | None
Alison | None
Marissa | None
Antonella | None
Ravika | None
Sophie | None
Alexis | None
Bryan | None
Trae | None
Julie | None
Lindsay | None
Erica | None
Alison | None
Anthony | None
Meryl | None
Ivana | None
Tamika | None
Cassandra | None
Bryce | None
Alicia | None
Anusha | None
Rachel | None
Morgen | None
Megan | None
Hannah | None
Ashley | None
Corinne | None
Nina | None
Alex | None
Stefanie | None
Shailee | None
Emily | None
Jackie | None
Helmut | None
David | None
Brad | None
Bobby | None
Kerrie | None
Tom | None
Greg | None
Jen | None
William | None
William | None
Lucas | None
Brad | None
Bobby | None
Greg | None
Jen | None
Nick | None
Will | None
Cam | None
Cody | None
Sam | None
Gregory | None
Imran | None
Heather | None
Mark | None
Jessica | None
Patrick | None
Greg | None
Lucas | None
Peter | None
Kerrie | None
Heather | None
Imran | None
Mark | None
Phil | None
Brad | None
Tom | None
David | None
Nick | None
Greg | None
Patrick | None
Phil | None
Peter | None
Jason | None
Bobby | None
Lindsay | None
Leah | None
Joe | None
Karen | None
Joseph | None
Lizanne | None
Kevin | None
Madeleine | None
Maxwell | None
Mary | None
Maryellen | None
Michael | None
sara | None
Senior | None
Shannon | None
T | None
Jason | None
Marian | None
Jared | None
Christina | None
Frederick | None
Adrian | None
Sophie | None
Nicholas | None
Andy | None
Benjamin | None
Blake | None
Brandon | None
Brennan | None
Casey | None
Teresa | None
Christina | None
Christine | None
David | None
Erin | None
ErioO' | None
Fjolla | None
Gerri | None
Tim | None
Susan | None
nora | None
ruby | None
Laxman | None
Lisa | None
Vincent | None
Guru | None
Harsha | None
Jessica | None
Josette | None
Erik | None
Michael | None
Andy | None
Cecil | None
Daniel | None
Sherri | None
Chuck | None
Malik | None
Doreen | None
Celia | None
Duane | None
Marilyn | None
Dale | None
Vicky | None
Rachelle | None
Leilani | None
Praveena | None
Alejandro | None
Irene | None
Julie | None
Ricardo | None
Michael | None
Michelle | None
Jennifer | None
Lori | None
Dave | None
Saqib | None
Sharon | None
Molly | None
Doreen | None
Laura | None
Crystal | None
Catalina | None
Anthony | None
Alejendra | None
Anthony | None
Juan | None
Louatrice | None
Lisa | None
Lyn | None
Jonathan | None
Gabriela | None
Jade | None
Mistie | None
Taylar | None
Joel | None
Helen | None
Daniel | None
Kevin | None
shubhankar | None
Harini | None
Cecily | None
James | None
Nidia | None
Ryan | None
Samantha | None
Veronica | None
Lala | None
Jessica | None
Cathy | None
Taylor | None
Mohd | None
John | None
Martin | None
Nate | None
Jennifer | None
John | None
Brian | None
Ethan | None
Sean | None
Nick | None
Kenneth | None
Ashley | None
Steve | None
Lauren | None
Tonya | None
Sara | None
Kurt | None
Victoria | None
Kristin | None
Mike | None
Jeff | None
Kyle | None
Jeffrey | None
Nathan | None
Lori | None
Andrew | None
Doug | None
Karena | None
Nasim | None
Leah | None
Sally | None
Maggie | None
Matthew | None
Tim | None
Stephen | None
Jorge | None
Fran | None
Alviani | None
Chris | None
John | None
Kayla | None
Gabrielle | None
Nikie | None
Kristen | None
John | None
Shiju | None
Adam | None
Pravin | None
Joseph | None
Ryan | None
Scott | None
Jenny | None
Ryan | None
Kelly | None
Kelsey | None
Danielle | None
Katherine | None
Global | None
Phil | None
Stephanie | None
Mike | None
Wes | None
David | None
Kevin | None
Lori | None
Christopher | None
Sonya | None
Melissa | None
Charles | None
Adam | None
Farley | None
Jeremy | None
Brent | None
Craig | None
Gary | None
Amanda | None
Varchala | None
Pam | None
Wyatt | None
Jordan | None
Leah | None
David | None
Jason | None
David | None
Jim | None
Chris | None
David | None
Mayur | None
Marc | None
Toivo | None
Katie | None
Stephanie | None
Ryan | None
Kate | None
Mackenzie | None
Kelly | None
Tammy | None
Sean | None
Ryan | None
Travis | None
Bayleigh | None
Julie | None
Kashonna | None
Brad | None
Rallton | None
Timothy | None
Rob | None
Neil | None
Cooper | None
Gene | None
Joe | None
Drew | None
Leah | None
Kayleigh | None
Deepika | None
Nicholas | None
Alex | None
Chad | None
Matthew | None
Matt | None
David | None
Ray | None
Catie | None
Katie | None
Kim | None
Ejaz | None
Alex | None
Recruiter | None
Matt | None
Priya | None
Emily | None
Ambria | None
Mohamed | None
Manasa | None
Dave | None
Goutham | None
Wendy | None
Kristen | None
Eric | None
Leah | None
Sankha | None
Brian | None
Andrew | None
Olivia | None
Melissa | None
Alistair | None
Marcia | None
Emmanuel | None
Marcia | None
Nina | None
Alex | None
Melinda | None
Jonathan | None
Lindsay | None
Jacob | None
Julia | None
Jason | None
Daniel | None
Josh | None
Tony | None
Arric | None
Eric | None
Alexa | None
Neethu | None
Gia | None
Marina | None
Karley | None
Zenia | None
Barry | None
Sowjanya | None
Andrew | None
Shelly | None
Manju | None
Karen | None
Christina | None
Erica | None
Dana | None
Jill | None
Tara | None
Jason | None
Trinity | None
Elizabeth | None
Amy | None
Kimberlee | None
Sheena | None
Erika | None
Client | None
Brittany | None
Lisa | None
Gene | None
Ben | None
Shannon | None
Justin | None
Jason | None
Thomas | None
Greg | None
Monty | None
Nitin | None
Jennifer | None
Claudia | None
Carly | None
Amanda | None
Bryan | None
Drew | None
Denny | None
Scott | None
Jennifer | None
Karen | None
Cari | None
Elise | None
Daniel | None
Jennifer | None
Kiran | None
Melinda | None
Erin | None
Rekina | None
Angie | None
Charlotte | None
Justin | None
Michelle | None
Michelle | None
Jonathan | None
Brittany | None
Bethany | None
Hunny | None
Logan | None
Allison | None
Ben | None
Prasanth | None
GJ | None
Prentice | None
Elishia | None
Michal | None
Taylor | None
Katherine | None
Megan | None
Jenna | None
Charity | None
Michael | None
Malorie | None
Sandi | None
Gia | None
Michael | None
Jeremy | None
Katherine | None
Nitesh | None
Jenilynne | None
Kiran | None
Alexandra | None
Brian | None
Traci | None
Michelle | None
Marcus | None
Eric | None
Melissa | None
Kelsey | None
Shannon | None
Stacey | None
Matt | None
Ty | None
Stephanie | None
Mike | None
Nick | None
Lauren | None
Mohammed | None
Jason | None
Shannon | None
Monica | None
Bill | None
Paula | None
Justin | None
Brian | None
Srikanth | None
Sabrina | None
Hayleigh | None
Kalyan | None
Asad | None
Jackson | None
Josephine | None
Himachal | None
Prentice | None
Robert | None
Matt | None
Chris | None
Jeree | None
Lucas | None
Sauravi | None
Gerald | None
Kelly | None
Michelle | None
Brett | None
Bowe | None
Savannah | None
Stephanie | None
Dora | None
Elsa | None
Frank | None
Nick | None
Miguel | None
Michael | None
Lindsey | None
Lauryn | None
Kristen | None
Kelly | None
Katie | None
Julia | None
John | None
Jennie | None
Jameson | None
Rebecca | None
Erica | None
Donniece | None
Derek | None
Creighton | None
Candy | None
Brittney | None
Ashley | None
Annabel | None
Amy | None
Amanda | None
Al | None
Michele | None
Ron | None
Michael | None
Sam | None
Shaun | None
Raquel | None
Aliyah | None
Kalyan | None
Mohammed | None
Chandil | None
Ryan | None
Chase | None
Tania | None
Sujeet | None
Steiner | None
Marley | None
Shannon | None
Maya | None
Elishia | None
Edward | None
Kalyan | None
Paulina | None
Lena | None
Morgan | None
Mike | None
Vladimir | None
Ty | None
Traondria | None
Shelly | None
Taylor | None
Sandi | None
Kristie | None
Dino | None
Amy | None
Michael | None
Veronica | None
Jesseca | None
Lindsey | None
Andi | None
Christine | None
Tess | None
John | None
Anna | None
Megan | None
Jimmy | None
Eric | None
Maria | None
Maureen | None
Mandy | None
Angie | None
Julia | None
Tarah | None
Nell | None
Aubrey | None
Rachel | None
Heather | None
Liz | None
Marquise | None
Jacob | None
Pete | None
Jenny | None
Curtis | None
Guy | None
Brant | None
Mark | None
Clint | None
Bonnie | None
Keith | None
Emily | None
Victoria | None
Ryan | None
Kelsey | None
Christine | None
Janae | None
Jake | None
Saurav | None
Andrea | None
Molly | None
Zaid | None
Mark | None
John | None
Karen | None
Kyle | None
Kathleen | None
Tim | None
Katie | None
Shrijeet | None
Jeff | None
Marc | None
Stephanie | None
Trina | None
Belinda | None
Prasanth | None
Adam | None
Aaron | None
Nate | None
Eric | None
Nick | None
Mohammed | None
Tom | None
Gabrielle | None
Shannon | None
Eric | None
Jeremy | None
Mike | None
Graham | None
Ishwar | None
Krupa | None
Tiffany | None
Madison | None
Lungile | None
Basant | None
Kim | None
Robert | None
Kristy | None
Curt | None
Tessa | None
Shon | None
Alysa | None
Jamie | None
Maysa | None
Qiana | None
Autumn | None
Jennifer | None
Michael | None
John | None
Coach | None
Matt | None
Matthew | None
Christine | None
Snehal | None
Rima | None
Opkar | None
Derek | None
Ken | None
Courtney | None
Jackie | None
Uriah | None
Magliocchetti | None
Dawn | None
Steve | None
Rod | None
Andrew | None
Matthew | None
Cyma | None
Nadia | None
Gustavo | None
Jennifer | None
Shivendra | None
Meghan | None
Cristian | None
Jennifer | None
Sandy | None
Kiran | None
Robert | None
Daniel | None
Carlos | None
Sumair | None
Rick | None
Javier | None
Brianna | None
Ryan | None
sonali | None
Casey | None
Aditi | None
Nikki | None
Amy | None
Supriya | None
Zubin | None
Lisa | None
Rares | None
Travis | None
Blair | None
Nicole | None
Travis | None
Livia | None
Brian | None
Kumari | None
Grace | None
Kyle | None
Abiodun | None
Connor | None
Dianna | None
Marty | None
Roger | None
Che | None
Joe | None
Peter | None
Ashleigh | None
Marianna | None
Shawn | None
Benjamin | None
Clifton | None
Hardeep | None
Debbie | None
Jamie | None
Katie | None
Rosa | None
Claire | None
Marcelle | None
Ashley | None
Jamie | None
Laura | None
Leesa | None
Michael | None
Shubham | None
Richa | None
Alex | None
Jonathan | None
Jamie | None
Ollie | None
Azeema | None
Matthew | None
Ben | None
Brett | None
Amy | None
Ron | None
Amanda | None
Karlie | None
Stefanie | None
Andrie | None
Chris | None
Justin | None
Kristen | None
Eric | None
Kevin | None
Mary | None
Blair | None
Julie | None
Sean | None
krishan | None
Cates | None
Kerry | None
Max | None
Xavier | None
Tyler | None
Robert | None
Alka | None
Josh | None
Aashish | None
Layne | None
Asa | None
Mary | None
Margaux | None
Allie | None
Jordan | None
Jason | None
Katie | None
Shabana | None
Mallory | None
Audrey | None
Virginia | None
Dave | None
Deanna | None
Nikki | None
Eli | None
Hana | None
Josh | None
Renee | None
Michele | None
Kara | None
Evan | None
Ellen | None
Connor | None
Aidan | None
Pim | None
Paul | None
Stevie | None
Nicole | None
Nate | None
Alyssa | None
Angela | None
Brian | None
Jon | None
Erika | None
Tom | None
Madeline | None
Matt | None
Megan | None
Molly | None
Monica | None
Rachel | None
Daniella | None
Becky | None
Marlissa | None
Kevin | None
Alyssa | None
Avery | None
Brad | None
Devin | None
Erin | None
Jessica | None
Dane | None
Kristian | None
Jennifer | None
Sean | None
Mandi | None
Emmelia | None
Christina | None
Emily | None
Leah | None
Larry | None
Matt | None
Marisa | None
Mustafa | None
Jeff | None
Elle | None
Jordan | None
Alyssa | None
Varun | None
Jonathan | None
Jonathan | None
Fábio | None
Cleo | None
Richelle | None
Daniel | None
Daniela | None
Agustina | None
Erik | None
Mariana | None
Lucas | None
Luis | None
Juan | None
Osvaldo | None
Justin | None
Eduardo | None
Amanda | None
Roberto | None
Ahmed | None
Laura | None
Oscar | None
Gabs | None
Ana | None
Maged | None
Katia | None
Katherine | None
Josef | None
Jovanny | None
Justin | None
Arthur | None
Kayla | None
Evan | None
Joe | None
Adam | None
Kieran | None
George | None
Ndey | None
Jordan | None
Sam | None
Jorge | None
Grace | None
Lorenzo | None
Ben | None
Jack | None
Stephanie | None
Sonia | None
Rhys | None
Oliver | None
Joel | None
Joe | None
Jemima | None
Ali | None
Jake | None
Blerta | None
Benedict | None
Ben | None
Matthew | None
Adam | None
Abd | None
Brogan | None
Andy | None
Alfie | None
Joe | None
Selen | None
Jacob | None
Annie | None
Lewis | None
Jonathan | None
Linia | None
Dan | None
Angel | None
Darcy | None
Tim | None
Sebastian | None
Glenn | None
Gina | None
Jack | None
Jake | None
Meryn | None
Arthur | None
Jemima | None
Victoria | None
Tabb | None
Joe | None
Joe | None
Claire | None
Jacob | None
Hadley | None
Brooke | None
Ryan | None
Jacob | None
Emre | None
Adam | None
Jade | None
Reuben | None
Abbie | None
Alberta | None
Annie | None
Gabrielle | None
Luke | None
Lydia | None
Simon | None
George | None
Lisa | None
Anna | None
Jordan | None
Alvina | None
Joe | None
Laura | None
Claire | None
Imogen | None
Bradley | None
Tim | None
Brogan | None
Joe | None
Junaid | None
Adam | None
Oliver | None
Benedict | None
Jessica | None
Doug | None
Lydia | None
Sonia | None
Joe | None
Blerta | None
Louis | None
Phoebe | None
Jake | None
Joel | None
Richard | None
David | None
Tom | None
Matthew | None
Lydia | None
Alex | None
Dina | None
Jack | None
Kathlinks | None
Pablo | None
Linia | None
Ellie | None
Aban | None
Jagor | None
Jack | None
Darius | None
Shona | None
Alfie | None
Brogan | None
Bradley | None
Dicle | None
Khiara | None
Oliver | None
Lucas | None
Rhys | None
Ben | None
Parth | None
robert | None
Louis | None
Gina | None
Josie | None
Julien | None
Joe | None
Alex | None
Ben | None
Kim | None
Ramiro | None
Libby | None
Stephanie | None
Rebecca | None
Ana | None
Miroslava | None
Ivette | None
Sabin | None
Miranda | None
Claudia | None
Araceli | None
Jazmin | None
Glenda | None
Ari | None
Joss | None
Stefanie | None
Veronica | None
Fatima | None
Misty | None
Jamie | None
Deysi | None
Ingrid | None
Anthony | None
Jennifer | None
Yesenia | None
Selena | None
Arianna | None
Jylissa | None
Mario | None
Aracely | None
Isel | None
Yenifer | None
Ivan | None
Ashley | None
Zugeidi | None
Nayeli | None
Sergio | None
Esmeralda | None
Maria | None
Valeria | None
Violeta | None
Lizette | None
Kenia | None
Mary | None
Christopher | None
Anne | None
Haseeb | None
Cherria | None
Dale | None
Lloyd | None
Katerina | None
Kyrin | None
Tredszon | None
Sade | None
HAMAYOUN | None
Barbara | None
Macarius | None
Teresa | None
Natalie | None
Paul | None
Courtney | None
Shante | None
Katelyn | None
Stephanie | None
Dikshya | None
Demetria | None
Courtney | None
Paul | None
Stephanie | None
Gabrielle | None
Henk | None
Mark | None
Kelby | None
Orlando | None
Quincy | None
Marijn | None
Jaimee | None
Ian | None
Marijn | None
Bart | None
Mark | None
Kelby | None
Veiligheidskundige | None
Guido | None
Henk | None
Erik | None
Quincy | None
Orlando | None
Bobby | None
Rodger | None
Valerie | None
Elaine | None
Amelia | None
Karen | None
Indira | None
Recruiters | None
Vivek | None
Lucas | None
Randheer | None
Neil | None
Dean | None
Shane | None
Yeabsira | None
Pavan | None
Praveen | None
Anthony | None
Natasha | None
Karen | None
Nate | None
Kathryn | None
Marilyn | None
Rajat | None
Amy | None
Matt | None
Asier | None
Emily | None
Sathvik | None
Melina | None
Swaroop | None
Tommy | None
Ismel | None
Sunil | None
Matthew | None
Sam | None
Samuel | None
Lauranne | None
Maya | None
Randal | None
Luke | None
Andreea-Daniela | None
Sam | None
Sean | None
Oliver | None
Eva | None
Luke | None
SUMEET | None
Matt | None
Maria | None
Daniel | None
Shakir | None
Lewis | None
Kit | None
Alex | None
Dimi | None
Brett | None
Andrew | None
James | None
Luke | None
Jonathan | None
Adam | None
Joe | None
Julian | None
Rilwan | None
Ludmila | None
Fabian | None
Cameron | None
Cameron | None
Matt | None
Craig | None
Sheldon | None
Paul | None
Matthew | None
Luke | None
Jake | None
Bekim | None
Daniel | None
Andrew | None
Liam | None
Ben | None
Connor | None
Steven | None
Ailish | None
Luke | None
SERGIO | None
Morgan | None
Matthew | None
Jamaine | None
Donald | None
Adam | None
Thomas | None
Jorden | None
Matt | None
Niall | None
Mark | None
Scott | None
Monica | None
Al | None
Robert | None
Julia | None
Nicole | None
Jeanna | None
Eunice | None
Kelsey | None
Carla | None
Yolanda | None
Ryanne | None
Jeff | None
Raeme | None
Michelle | None
Kyle | None
Sierra | None
Dylan | None
Aman | None
Mohan | None
Shivraj | None
Aayush | None
Kaushal | None
Toral | None
Milan | None
Robin | None
Sandra | None
Nancy | None
Daniel | None
Mari | None
William | None
Charles | None
Hadley | None
Leslie | None
Amy | None
Hope | None
Matt | None
Maureen | None
Jim | None
Kris | None
Tanya | None
Zulema | None
Rose | None
Christopher | None
Luke | None
Dale | None
Isaac | None
Jackson | None
Leah | None
Maxie | None
Tonya | None
Don | None
Woody | None
Tania | None
Mary | None
Kathy | None
Gary | None
Randy | None
Sarah | None
Kayla | None
Ken | None
Aliza | None
Alberto | None
Ram | None
Harry | None
Niki | None
Tom | None
Nora | None
Farhat | None
Rolando | None
Waliu | None
Vic | None
David | None
José | None
Dave | None
Ernesto | None
Tabitha | None
Alejandra | None
Shaque | None
Don | None
Melissa | None
Amrita | None
Danielle | None
Gilbert | None
Moises | None
Kori | None
Andrea | None
Stacey | None
Dawn | None
Jacqueline | None
Zor | None
Ida | None
Rahul | None
Anne | None
Gina | None
Rajat | None
William | None
Jaime | None
Savitha | None
Michelle | None
Joe | None
Beth | None
Rachel | None
Beth | None
Allison | None
Kori | None
Zor | None
Stephen | None
Dominique | None
Gillian | None
Lisa | None
Cynthia | None
Anne | None
Tiffni | None
Joanie | None
Rajat | None
Tierra | None
Kathryn | None
Nora | None
Becca | None
Abhilas | None
Tierra | None
Tausif | None
Ashleigh | None
Angellica | None
Jahi | None
Rachel | None
Justin | None
Quynh | None
Kris | None
Robert | None
Susan | None
Joanie | None
Gillian | None
Maria | None
Tonya | None
Joe | None
Bob | None
Susan | None
Courtney | None
Tiffni | None
Vincent | None
Kyle | None
Abigail | None
Umer | None
Sherry | None
Jolie | None
Karen | None
Holly | None
Tracy | None
Cynthia | None
Jane | None
Kimberly | None
Mark | None
Kris | None
John | None
James | None
Fatima | None
Dominique | None
Keith | None
Ambreen | None
Kathryn | None
Cathleen | None
Crystal | None
Megan | None
Caroline | None
Bridget | None
Becca | None
Yumei | None
Anthony | None
Natalie | None
Priya | None
Yassine | None
Nicholas | None
Brittany | None
Muzaffer | None
Hatim | None
John | None
William | None
Bradey | None
Michael | None
Ryan | None
John | None
Morgan | None
Honglin | None
Hannah | None
Pratik | None
Pat | None
Kyle | None
Jennifer | None
Dylan | None
Nakul | None
Justin | None
John | None
Alexander | None
Colin | None
Phillip | None
Joseph | None
Ron | None
Katy | None
Charli | None
Trouvel | None
Emily | None
Pavithra | None
Philip | None
Rolando | None
Savannah | None
Alexander | None
Sana | None
Philip | None
Vryan | None
Joseph | None
Ryan | None
Bailey | None
Nicholas | None
Matthew | None
Abhijit | None
Michael | None
Katerina | None
Davie | None
Neetu | None
Lourdes | None
John | None
Elias | None
Autumn | None
Sudha | None
Mark | None
Sydney | None
fahima | None
Faranak | None
vander | None
Bob | None
Adi | None
Liz | None
Gayatri | None
Michael | None
Sean | None
Sri | None
Sri | None
Ram | None
Ram | None
Valerie | None
Michael | None
Sudha | None
Melanie | None
Sean | None
Adi | None
Gayatri | None
Rashmi | None
Ali | None
Rodney | None
Venky | None
Mike | None
Julie | None
Abhishek | None
Juan | None
Nitin | None
Eric | None
Angeline | None
Grant | None
Kevin | None
Mohamed | None
Ulises | None
Jessica | None
Erach | None
Abhinav | None
James | None
Sumran | None
Liz | None
Bob | None
vander | None
Neetu | None
Sudha | None
Mark | None
Sydney | None
fahima | None
Faranak | None
Joe | None
John | None
Atul | None
Ansari | None
AbdulKalam | None
Shaheen | None
Tanay | None
Michael | None
Melanie | None
Lourdes | None
Elias | None
Robert | None
Caroline | None
Tamar | None
Trevor | None
Luca | None
Addie | None
Ekaterina | None
Claudio | None
Lillian | None
Camilla | None
Kenneth | None
Dominique | None
Gustaf | None
Helene | None
Antoinette | None
Amanda | None
Tom | None
Sara | None
Nieves | None
Christa | None
Helouise | None
Corsanne | None
Gunilla | None
Katharina | None
Matthew | None
Roger | None
Katharina | None
Ville | None
Gabi | None
Thomas | None
Olivier | None
Frank | None
Jeroen | None
Dominique | None
Jan | None
Jelle | None
Christian | None
Ivana | None
Sabrina | None
Max | None
Fabian | None
Denise | None
Cedric | None
Gianluca | None
Ram | None
Joshua | None
Sherry | None
Melissa | None
Eric | None
Theodore | None
Luda | None
Herb | None
Marshall | None
Emma | None
skmaria | None
Waheed. | None
mrudula | None
Kathleen | None
Sarves | None
Safiulla | None
thatche | None
Arthur | None
Derek | None
Steve | None
adolfta | None
Suresha | None
RGallic | None
Amit | None
jasonj_ | None
stephen | None
sonalee | None
shawnco | None
narciss | None
melanie | None
Jesumine | None
FRoohol | None
Maritess | None
mehrdad | None
Maritess | None
Dee | None
Annie | None
Anthony | None
Anusha | None
Charles | None
Cody | None
Imran | None
ksudhir | None
Jamie-Lee | None
robert | None
Shudha | None
Tarun | None
Chelsea | None
Heather | None
Nur | None
Camille | None
nickaro | None
gerry.a | None
Josh | None
Sugandha | None
Samantha | None
Sherrod | None
Kyle | None
Tailon | None
Marissa | None
Debbie | None
Jacob | None
Jennifer | None
Anindita | None
Bhakti | None
Michael | None
Brittany | None
Meschac | None
Hannah | None
Amanda | None
Stephen | None
Anna | None
Caitlyn | None
Joanna | None
Sarah | None
Jeremy | None
Kristen | None
Sidne' | None
Curtis | None
Jennie | None
Daniela | None
Sean | None
Sandy | None
Lawrence | None
Poorna | None
Susheel | None
Mary | None
Ricardo | None
Mike | None
Ryan | None
Vinisha | None
Thi | None
Ron | None
Ben | None
Mary | None
Brittany | None
Lyne | None
Patti | None
Wanda | None
Susan | None
Connie | None
Emily | None
Kelvin | None
Michele | None
Jessica | None
Rafaelito | None
Richard | None
Jobelle | None
Christmas | None
Sean | None
Steve | None
Emma | None
Nathan | None
Alexander | None
Nadia | None
Marco | None
Bob | None
Aron | None
Aaron | None
John | None
Marianna | None
Ali | None
Miriam | None
Andrea | None
Charles | None
Matt | None
Nick | None
Raisson | None
Kajal | None
Christina | None
Teresa | None
Debra | None
Robert | None
Erik | None
Melissa | None
Thomas | None
Bill | None
Shannon | None
Sherry | None
Pat | None
Chris | None
Harminder | None
James | None
Paul | None
Maria | None
Anthony | None
Ronni | None
Brenda | None
Colleen | None
Casey | None
Stephanie | None
Angelica | None
Michael | None
Jada | None
William | None
Mercy | None
Blake | None
Christine | None
Neil | None
Ingrid | None
Priyanka. | None
Jennifer | None
Evan | None
Charne | None
Lee | None
Emily | None
Theresa | None
April | None
Brent | None
Coleman | None
Eric | None
Fran | None
Amanda | None
Jon | None
Julie | None
Julie | None
Lydia | None
Meehan | None
Johndrea | None
Mike | None
Guillermo | None
theresa | None
jaeca | None
jennifer | None
jesse | None
jonah | None
kaitlyn | None
kayla | None
kelly | None
tiana | None
latish | None
matt | None
praveen | None
ryan | None
sophia | None
stephanie | None
theresa | None
martha | None
Pierre | None
Rafi | None
Haley | None
Kyle | None
Robert | None
Jacob | None
Savoy | None
Cyndi | None
Michelle | None
Somban | None
Tanya | None
William | None
Rahkel | None
Kalie | None
Aminta | None
Becca | None
Haneen | None
Nicole | None
Kristi | None
Rafael | None
Mia | None
Jalen | None
Robert | None
Jacqueline | None
Felecia | None
Megan | None
Patty | None
Mark | None
Ron | None
Thomas | None
Lily | None
Karen | None
Zufan | None
Lori | None
Marie | None
Jackie | None
Ginny | None
Brad | None
Juan | None
Bhagyashree | None
Daniel | None
Dan | None
Jason | None
Peter | None
Kate | None
Brittany | None
Alycia | None
Rekhu | None
Renu | None
Caitlin | None
Cerise | None
Susan | None
Kimberly | None
Kristin | None
Brett | None
Amanda | None
Kevin | None
Valerie | None
Jeffrey | None
Garrett | None
Tim | None
Alexandra | None
Patty | None
Pat | None
Annie | None
Peter | None
Sidra | None
Brandon | None
Chris | None
Gregory | None
Michael | None
Brooke | None
Joseph | None
Garrett | None
Robert | None
Joseph | None
Lauren | None
Eric | None
Emily | None
Ellen | None
Gregory | None
Cam | None
Jaeca | None
Christina | None
Lisa | None
Shashiraj | None
Alline | None
Ram | None
Eleanor | None
Morgan | None
Brock | None
Nicole | None
Emily | None
Jennifer | None
Andrew | None
Heather | None
Yolanda | None
Courtney | None
Melissa | None
Nikki | None
Stephanie | None
Spandana | None
Tracey | None
Sierra | None
Suneel | None
Madyson | None
Jenny | None
Kirina | None
Phyllis | None
Ery | None
Mitch | None
Melissa | None
Dan | None
Tom | None
James | None
Constance | None
Jack | None
Kevin | None
Michael | None
Liz | None
Laura | None
Joseph | None
Andre | None
Christina | None
Sharon | None
Art | None
Kimberly | None
Scott | None
Maria | None
Kiko | None
Amanda | None
Jared | None
Maxwell | None
Srividhya | None
TyNisha | None
Talat | None
Angelica | None
Kevin | None
Joshua | None
Darshan | None
Tianqi | None
Lisandra | None
Chris | None
Tony | None
Christine | None
deidra | None
Brian | None
Ed | None
Bill | None
Bill | None
Olivia | None
Ola | None
John | None
Alex | None
Jennifer | None
Charlotte | None
Karyn | None
Angelita | None
Natasha | None
Amy | None
Tina | None
Wendy | None
Vienna | None
Amanda | None
Charles | None
Rick | None
Jason | None
Alexander | None
Shalona | None
Jim | None
Bret | None
Asmae | None
Dean | None
Tim | None
C. | None
Greeni | None
Michael | None
Diane | None
Robert | None
Anna | None
Robin | None
Michael | None
Dan | None
Matthew | None
Kathy | None
Dawn | None
Bala | None
Jenna | None
Laura | None
debra | None
alyi | None
Koren | None
Rob | None
Kristen | None
Joe | None
Provides | None
Kartik | None
Lara | None
Colleen | None
Lisa | None
Linda | None
Michaela | None
Cara | None
Victoria | None
Linda | None
Brendan | None
V | None
Kate | None
Tracy | None
Alexander | None
John | None
Joe | None
Scott | None
Brandon | None
Casie | None
Melissa | None
Ollie | None
Britton | None
May | None
Ray | None
David | None
Eddie | None
Michele | None
Ben | None
Peter | None
Owen | None
Lynne | None
Casie | None
Ray | None
Vik | None
Monica | None
Raysean | None
Karen | None
Matthew | None
Connor | None
Justin | None
Taylor | None
Nathan | None
Claribel | None
Kieran | None
Nilvita | None
Kylen | None
Tanya | None
Linda | None
John | None
Susan | None
Steven | None
Garrett | None
Bri | None
Annie | None
Maha | None
Deb | None
Bryna | None
Sheila | None
Amanda | None
Subu | None
Clifton | None
Lynda | None
Chris | None
Sherry | None
Patty | None
Corey | None
Kristine | None
Kara | None
Tom | None
Jasmine | None
Todd | None
May | None
Mike | None
Hollis | None
Jen | None
Richard | None
Evan | None
Claribel | None
Megan | None
James | None
Joseph | None
Tim | None
Nikki | None
Christine | None
Colleen | None
Brian | None
Darla | None
Nolan | None
Lisa | None
Zach | None
Emmett | None
Rodney | None
Brian | None
Leslie | None
Ana | None
Andrew | None
Brandi | None
Alex | None
Scott | None
Avi | None
Evan | None
Kathy | None
Rob | None
Alexander | None
Daniel | None
Vera | None
Drew | None
Chris | None
Nicole | None
Mitch | None
Kyle | None
Emily | None
Kenneth | None
Arlet | None
Christian | None
Gabriela | None
Brent | None
Bri | None
Caleb | None
Chris | None
Colleen | None
debra | None
Debra | None
Liviu | None
Michele | None
Andrew | None
Arnold | None
Katrina | None
Chau | None
Diana | None
Tim | None
Chris | None
Patrick | None
Jason | None
Theresa | None
Brock | None
Cynthia | None
Dan | None
Valerie | None
Nikki | None
Taylor | None
Scott | None
Deziray | None
Fabio | None
Jacob | None
Jamie | None
Jeff | None
Jessica | None
Joann | None
Kaetlyn | None
Kevin | None
Kristi | None
Laurin | None
Matthew | None
Meaghan | None
Melissa | None
Navita | None
Ron | None
Ryan | None
Tamar | None
Pete | None
Jackie | None
Tina | None
Carly | None
Okon | None
Janice | None
Ryan | None
Emily | None
Mariam | None
Akshay | None
Heather | None
Garrett | None
Tayler | None
Kajal | None
Anthony | None
Alexander | None
Kaylan | None
Kayla | None
Ram | None
Tayler | None
Brendon | None
Mia | None
Stacy | None
Rob | None
Starr | None
Sam | None
Jeffrey | None
Kelly | None
Alastair | None
Jennifer | None
Lee | None
Mike | None
Nicholas | None
Emily | None
Hunter | None
Annie | None
Molly | None
Sophia | None
Jennifer | None
Christopher | None
Mary | None
Paul | None
Navita | None
Lauren | None
Casey | None
Matt | None
Sarah | None
Deziray | None
Brittany | None
Claudia | None
Katrina | None
Lauren | None
Abby | None
Ron | None
Kajal | None
Jaeca | None
Kayla | None
Mitch | None
Alexander | None
Matthew | None
Daniel | None
Amber | None
Marine | None
Felecia | None
Karen | None
Martha | None
Joann | None
Joseph | None
Gregory | None
Colleen | None
Unni | None
Ann | None
John | None
Jennifer | None
Joe | None
Ella | None
Scott | None
Michael | None
Shalona | None
Halle | None
Peter | None
Dora | None
Megan | None
Tausha | None
Ann | None
Kristen | None
Dana | None
Cory | None
Wray | None
Eileen | None
LaRee | None
Angela | None
Allison | None
Alyi | None
Matt | None
Cheryl | None
Marissa | None
Umair | None
Darlene | None
John | None
Kristen | None
Trish | None
Shabnam | None
Bruce | None
Karen | None
Alan | None
Katie | None
Jeannine | None
Hunter | None
Alyson | None
Michael | None
fred | None
Lisa | None
Heather | None
Tyler | None
Melissa | None
Lederic | None
Madeleine | None
Marnie | None
Daniel | None
Mike | None
Robert | None
Keith | None
Talib | None
Jeffery | None
Daniel | None
Rekhu | None
Sophia | None
Quinn | None
Sarah | None
Heather | None
Rodney | None
Terra | None
Katrina | None
Patty | None
Ron | None
Paul | None
Cindi | None
Juran | None
Jason | None
Walt | None
Rick | None
Ramirez | None
Joseph | None
Tracey | None
Vincent | None
Becky | None
Derek | None
Florence-Martin | None
Eliza | None
Kober | None
Nikki | None
Jon | None
Sean | None
Matt | None
Mike | None
Mike | None
Davy | None
Bochsler | None
Talbot | None
Tim | None
Karli | None
Bill | None
Robert | None
Moses | None
Sean | None
Ralph | None
Christi | None
Dee | None
Rob | None
Ted | None
Amanda | None
Ragan | None
Marin | None
Richard | None
Amy | None
Dylan | None
Mike | None
N. | None
Ben | None
jessica | None
Illia | None
Ernesto | None
David | None
Dianna | None
Amphavanh | None
Nora | None
Jacob | None
Diana | None
Brittney | None
Andrew | None
Emily | None
Mihir | None
Brady | None
Dazzy | None
James | None
Rachel | None
Karlee | None
Jessica | None
Asher | None
Max | None
Vanessa | None
Hannah | None
Quinton | None
Kaylee | None
Emily | None
Cody | None
Kelsey | None
Karlee | None
Kellen | None
Dylan | None
Hannah | None
Sean | None
Max | None
Caiden | None
Dazzy | None
Kenzie | None
Emily | None
Karli | None
Brittney | None
Dianna | None
Brady | None
Roy | None
Andrew | None
Rachel | None
Nora | None
Leo | None
Jacob | None
Asher | None
Trevor | None
Kara | None
Liz | None
Matthew | None
Kara | None
Mike | None
Aaron | None
Leo | None
Kelsey | None
Marlee | None
Kellen | None
Katie | None
Hannah | None
Abby | None
Max | None
Diana | None
Dazzy | None
Kenzie | None
Liz | None
Vanessa | None
Dianna | None
Amphavanh | None
Roy | None
N. | None
Rachel | None
Nathaniel | None
Leo | None
Jessica | None
Asher | None
Brynn | None
Emily | None
Surya | None
Svetlana | None
Becca | None
Libby | None
Jen | None
David | None
Saif | None
Leslie | None
Bruna | None
Roy | None
Patrick | None
Jane | None
KanwalPreet | None
Helena | None
Jon | None
Becca | None
Marcus | None
Jessica | None
Kelsie | None
John | None
Nora | None
Toufeek | None
Nora | None
Ralph | None
Dianna | None
Brittney | None
Kabor | None
Nathaniel | None
Alex | None
Becca | None
Brittney | None
Zahid | None
Emily | None
Dianna | None
Trevor | None
Amphavanh | None
Nathaniel | None
Emily | None
Amphavanh | None
Jessica | None
Cleo | None
Mihir | None
Mike | None
Dano | None
Kara | None
Liz | None
Nikki | None
Jill | None
Joey | None
Alexandra | None
Alice | None
Wyatt | None
Jason | None
Matt | None
Tor | None
Jared | None
Lenin | None
Liz | None
Liz | None
Joseph | None
Sam | None
John | None
Josh | None
Robbie | None
Carol | None
Darin | None
Eldon | None
Michael | None
Justin | None
Brian | None
Aron | None
Corrine | None
barbara | None
barbara | None
beverly | None
Emily | None
brandy | None
caoimhe | None
alan | None
adrian | None
david | None
Jaclynn | None
Ashley | None
Megan | None
Blake | None
Greg | None
Christina | None
Dan | None
Jessica | None
Maria | None
Nader | None
Pooja | None
Hema | None
aaron | None
david | None
Gary | None
Carole | None
george | None
gary | None
eugene | None
erin | None
erica | None
doug | None
dan | None
don | None
dominique | None
dina | None
dina | None
dan | None
dange | None
david | None
dick | None
desiree | None
deb | None
ingrid | None
Thomas | None
Anya | None
Audrey | None
Kellie | None
Krissy | None
Brian | None
Jason | None
Cate | None
Maisy | None
Shawn | None
catherine | None
chris | None
clare | None
Joseph | None
Stephanie | None
Len | None
Ted | None
Lori | None
Margaret | None
Gianfranco | None
Bill | None
donna | None
mariyah | None
Veronica | None
michael | None
michael | None
michael | None
michael | None
morgan | None
nate | None
olivia | None
oscar | None
owen | None
patrice | None
patryk | None
paula | None
peter | None
peter | None
melissa | None
rich | None
robert | None
sara | None
savitha | None
sean | None
shante' | None
steven | None
susan | None
susan | None
tim | None
tino | None
vincent | None
Michele | None
Kelly | None
Drew | None
rob | None
Tom | None
matthew | None
andrea | None
Danielle | None
Spencer | None
Sruti | None
Zachary | None
Kari | None
Jai | None
Kelly | None
Christine | None
Kara | None
Brooke | None
Dee | None
Mariah | None
jake | None
jane | None
mary | None
jennifer | None
jessika | None
judy | None
julie | None
julie | None
karen | None
karina | None
ken | None
kim | None
lily | None
lynn | None
madelyn | None
mame | None
margie | None
marisa | None
jerrad | None
ali | None
Kevin | None
Nick | None
Matthew | None
Cole | None
Marisa | None
Todd | None
Brennan | None
Michael | None
Trey | None
Danyon | None
Timothy | None
Jim | None
Anthony | None
Danielle | None
Jason | None
Andrey | None
Martha | None
Annie | None
Mariam | None
Ani | None
Benjamin | None
Keso | None
Susie | None
James | None
Les | None
Brandon | None
Nathaniel | None
Branford | None
Cameron | None
Kris | None
Audrianna | None
Miriam | None
Bryan | None
Camila | None
Angela | None
Vincent | None
Shaylin | None
Rachel | None
Porter | None
Nouha | None
Meg | None
Akwasi | None
Julius | None
Christy | None
Elijah | None
Caleb | None
Annabel | None
Amanda | None
Trudee | None
Jacqueline | None
Chase | None
Christopher | None
Thomas | None
Nevine | None
Chris | None
JOHN | None
Kevin | None
Caleb | None
Victor | None
Josh | None
Asma | None
John | None
Ahmad | None
Quentin | None
Steven | None
Robert | None
Tron | None
Jeremy | None
Shawn | None
Angela | None
Sean | None
Mark | None
Phyllis | None
Haley | None
Dave | None
Freddy | None
Thomas | None
Gabby | None
Kenneth | None
Jason | None
Timothy | None
Kollin | None
Julie | None
Brandon | None
Garrett | None
Jennifer | None
Susan | None
Chris | None
Linwood | None
Ellen | None
Letashia | None
Michaela | None
Danielle | None
Lauren | None
Geoffrey | None
Sydney | None
Lauren | None
Ian | None
Brandon | None
Kara | None
Alex | None
Kara | None
Coty | None
Zach | None
Bradley | None
Mason | None
Brooke | None
Matt | None
Jacob | None
Caroline | None
Brooke | None
Mitchell | None
Mason | None
Jake | None
Mitchell | None
Garrick | None
Spencer | None
Gary | None
Eryn | None
Else | None
Megan | None
John | None
Chad | None
Austin | None
Lianne | None
Garrick | None
Carmen | None
Carol | None
Garrick | None
Gary | None
Jacob | None
Jake | None
Lianne | None
Megan | None
Philip | None
John | None
Austin | None
Jake | None
Else | None
Nikki | None
Chad | None
Megan | None
Spencer | None
Patrick | None
Paul | None
Joan | None
Greg | None
Joseph | None
Roy | None
Wesley | None
Mai | None
michael | None
Shelby | None
Steve | None
Jacob | None
John | None
Stacy | None
Stecy | None
David | None
Aileen | None
Sara | None
Marcus | None
Maddie | None
Thomas | None
Paul | None
Matthew | None
Wyatt | None
Else | None
Alan | None
Will | None
Varinder | None
Mugish | None
Harrison | None
Riya | None
Anukriti | None
Dinesh | None
Stacy | None
David | None
Simran | None
Zeenat | None
David | None
Priyanka | None
Manohar | None
Bhavin | None
Vik | None
Subrata | None
Rajath | None
Anna | None
Pragya | None
Arun | None
Prashant | None
Abhilash | None
Ruchika | None
Anant | None
Snehal | None
Michael | None
Michael | None
Peter | None
Bob | None
Alex | None
Snoa | None
John | None
Nicole | None
Macrae | None
Cynthia | None
Bob | None
Khalim | None
Walter | None
Andrea | None
Christopher | None
Bob | None
Erika | None
Joshua | None
Timothy | None
Shaun | None
Bryson | None
John | None
Adam | None
Jonathan | None
David | None
Jim | None
Ryan | None
Luke | None
Chimango | None
Jean | None
Phoebe | None
Shiny | None
Alexander | None
David | None
Regan | None
Hilari | None
Kristin | None
Melanie | None
Yesenia | None
Shannon | None
Nicole | None
Lauren | None
Heather | None
Sk. | None
Sonja | None
Brian | None
Swaroop | None
Archana | None
Swetha | None
Shivangi | None
Manoj | None
Michelle | None
Jeeva | None
Karlo | None
Shaily | None
Venkat | None
Majid | None
Anshika | None
Jyoti | None
PBasha | None
Ramya | None
Naitik | None
Indhu | None
Nakia | None
Sneha | None
Poorna | None
Saakshi | None
Arti | None
Veerendar | None
John | None
Sruthi | None
Vidhya | None
Maggie | None
Mark | None
Nidhi | None
Joseph | None
Eve | None
Jaya | None
sushma | None
Maha | None
Kim | None
Taylor | None
Deepti | None
Chrystal | None
Lee | None
Deepika | None
David | None
Nicolas | None
Roberto | None
Alysia | None
John | None
John | None
Jason | None
Lakeya | None
Ryan | None
Priscilla | None
Olivia | None
Viannys | None
Weena | None
Lucia | None
Lisette | None
Lindsey | None
Kevlynn | None
Melissa | None
Victoria | None
Tony | None
Layla | None
Ryan | None
Alli | None
Lazar | None
Andrew | None
Jesse | None
Cathy | None
Brandon | None
Keith | None
Parker | None
Darin | None
Tom | None
Tyler | None
Crystal | None
Taylor | None
Adam | None
Sarah | None
Rick | None
Michael | None
Melissa | None
Samantha | None
Stephen | None
Allie | None
Isaiah | None
Kristen | None
Mustafa | None
Clayton | None
Todd | None
Mahe | None
Kathleen | None
Bhavya | None
Janender | None
Suman | None
Nikhil | None
Sandeep | None
Simon | None
Sandy | None
Anila | None
Tom | None
Mike | None
Akanksha | None
Naveen | None
Nitika | None
M | None
Jason | None
Reeta | None
Pinki | None
Shannon | None
Pradeep | None
karthik | None
Harsh | None
Anita | None
Chetan | None
Joel | None
Vinod | None
Shirisha | None
Vineel | None
Joel | None
Gyan | None
Pat | None
Patrick | None
Elrayel | None
Meenal | None
Ankita | None
Subhechha | None
Azam | None
Victoria | None
Annoji | None
Darcia | None
William | None
Simon | None
Bob | None
Shannon | None
Vineela | None
Fawad | None
Charlie | None
Janender | None
harish | None
Ian | None
Jani | None
Janardhan | None
Ramesh | None
Gopal | None
Bhagyasree | None
Alex | None
Bhargav | None
Dustin | None
Deepak | None
Venky | None
prema | None
Tanya | None
Debora | None
Vennela | None
Michelle | None
Mamatha | None
Mansi | None
Brian | None
Nicole | None
Joshua | None
Ed | None
Dale | None
Ted | None
Teresa | None
Kip | None
Cindy | None
Bill | None
John | None
DeAnna | None
Carolyn | None
Michael | None
Shawn | None
Kristen | None
Courtney | None
Amber | None
Sue | None
Bill | None
Anthony | None
David | None
Alexander | None
Stephen | None
Imani | None
William | None
Binal | None
Nicholas | None
Mark | None
Sarah | None
John | None
Korina | None
Stephanie | None
Jayme | None
Sean | None
Tammy | None
Nick | None
Robert | None
Hamza | None
Tricia | None
Trịnh | None
Ki | None
Arindam | None
Brad | None
Bilawal | None
Zain | None
Trinh | None
Kayla | None
Tom | None
Anshuman | None
Mike | None
Esther | None
Robert | None
McRay | None
Jim | None
Lauren | None
Kevin | None
Rachel | None
Eric | None
Jason | None
Cara | None
Artaza | None
Ki | None
Frank | None
Tonya | None
Dave | None
Hamza | None
Ahmed | None
Katie | None
Shajia | None
Anthony | None
Sher | None
Jeff | None
Saqib | None
Mahima | None
Terry | None
Mason | None
Peter | None
Tyson | None
Jeff | None
Zafar | None
Umar | None
Wesley | None
Phillip | None
Ryan | None
Safeer | None
Anthony | None
Grant | None
Adrian | None
Erich | None
Adnan | None
Bruce | None
Phillip | None
Brian | None
Mikhail | None
Joshua | None
Tom | None
Mary | None
Bikram | None
Areeba | None
Josh | None
Sean | None
Travis | None
Fatima | None
Tricia | None
Steven | None
Thomas | None
Mo | None
Tim | None
Gregory | None
Dariana | None
Max | None
Dylan | None
Nik | None
Maria | None
Joel | None
Krissy | None
Adeeba | None
Jessica | None
Rashmi | None
Andrew | None
Kyle | None
Jennifer | None
Bill | None
Tira | None
Wynn | None
James | None
Wynn | None
Beverley | None
Asa | None
Amy | None
Alexis | None
Cassandra | None
Jennifer | None
Fraun | None
Tangela | None
Sarvesh | None
Ted | None
Cameron | None
John | None
Sydney | None
Jenish | None
Zaiden | None
Charles | None
Daniel | None
Brandon | None
Sherwyn | None
Jason | None
James | None
Brooke-Lynn | None
Dan | None
Hunter | None
Jason | None
Bojan | None
Steven | None
Morgan | None
Julissa | None
Jillian | None
Sean | None
Gurjit | None
Claudia | None
Joshua | None
Kyle | None
Shannon | None
Philip | None
Alex | None
Josh | None
Brian | None
Zandt | None
Craig | None
Taylor | None
Roderick | None
Rebecca | None
Michael | None
Rene | None
Tim | None
Diron | None
Mark | None
Dennis | None
Arielle | None
Aaron | None
Tammi | None
James | None
Alex | None
Michael | None
Broderick | None
Jasmina | None
Liem | None
Julissa | None
Craig | None
Michael | None
Ian | None
Sebastian | None
Sean | None
Sherwyn | None
Candice | None
Sarah | None
Mark | None
Mark | None
Ian | None
Taylor | None
James | None
Dave | None
Josh | None
Rostyslav | None
Tyeson | None
Josh | None
Morgan | None
Sofia | None
Juan | None
Tyeson | None
Laura | None
Frank | None
Ryan | None
Dan | None
Diron | None
Zacharia | None
Joshua | None
Brian | None
Brian | None
Julissa | None
Nate | None
Ashley | None
Gurjit | None
Logan | None
Damon | None
Leonard | None
Justin | None
Brittaney | None
Benjamin | None
Phoenix | None
Sarah | None
Ryl | None
Megan | None
Zack | None
Karen | None
Vincent | None
Myles | None
Alexa | None
Charles | None
Megan | None
Sabrina | None
Roy | None
Abby Kleinberg | None
Sarah | None
Ashley | None
salma | None
seema | None
Zachary | None
Jose | None
May | None
Edralyne | None
Mike | None
Max | None
Morgan | None
Vidya | None
Caitlin | None
Caity | None
Holly | None
Kennedy | None
Edil | None
Victoria | None
Alex | None
Natalie | None
Dawn | None
Tori | None
Juan | None
Tiffany | None
Omar | None
Henry | None
Louise | None
David | None
Kathy | None
Matthew | None
mike | None
andrea | None
eren | None
Kathryn | None
jim | None
christopher | None
jake | None
james | None
john | None
roman | None
ryan | None
travis | None
Andrew | None
Haley | None
Kara | None
Michael | None
Jason | None
Stephanos | None
Stephanie | None
Lacey | None
Navi | None
Lydia | None
Carson | None
Celeste | None
abby | None
emily | None
eva | None
lonnie | None
mae | None
rachel | None
thomas | None
emma | None
yuri | None
John | None
Patricia | None
India | None
Yaro | None
Kim | None
Roger | None
Ian | None
Jenny | None
Robyn | None
Fisher | None
Juli | None
Areona | None
Macey | None
Chris | None
Jim | None
Nicole | None
amanda | None
michelle | None
nik | None
tara | None
tim | None
zachary | None
erica | None
Tucker | None
jordan | None
debi | None
Michelle | None
McKenna | None
Ericka | None
Claire | None
Brodie | None
Alexandra | None
Mindy | None
Melisa | None
Martina | None
Jennifer | None
devin | None
emile | None
dina | None
lamis | None
khaled | None
Avan | None
Nicholas | None
Chris | None
Christian | None
Diana | None
Jose | None
Julio | None
Nichole | None
Omar | None
Renee | None
Amy | None
John | None
Kenneth | None
mery | None
Ruby | None
arianna | None
austin | None
erica | None
jim | None
joseph | None
kiel | None
Sarah | None
Jenn | None
Stephen | None
HASAN | None
Lisa | None
Amy | None
April | None
Hadlee | None
Kelly | None
Taylor | None
Brian | None
Justin | None
Katie | None
Desireé | None
Matt | None
Deseree | None
Jennifer | None
Chelsea | None
Emily | None
Tony | None
Tyler | None
Monica | None
Allie | None
AJ | None
Diana | None
Yuliia | None
Олена | None
Sofiia | None
Elena | None
Victoria | None
Alla | None
Margarita | None
Melissa | None
Brad | None
Kristen | None
Alex | None
Craig | None
Phil | None
Sandeep | None
Tom | None
Rachel | None
Michelle | None
Jabarr | None
kirti | None
ali | None
anna | None
carlo | None
gina | None
Brian | None
Lisa | None
ronald | None
peter | None
leah | None
naveen | None
matt | None
marie | None
lianne | None
vince | None
Lacey | None
elena | None
jim | None
jessica | None
janice | None
henry | None
eric | None
duyen | None
david | None
Chase | None
Kylie | None
Carey | None
Alicia | None
Sonja | None
carlie | None
emily | None
ethan | None
gus | None
kaitlin | None
madison | None
travis | None
shane | None
bill | None
benjamin | None
robert | None
Ismael | None
Electra | None
Samantha | None
Sean | None
Shannon | None
Frank | None
Elena | None
Mónica | None
Raquel | None
Haider | None
Steven | None
dino | None
Shawn | None
Sarah | None
Renee | None
Kathy | None
Ben | None
Jason | None
Fred | None
Eric | None
Jim | None
Alex | None
Rachel | None
Ed | None
AJ | None
Kate | None
Poonam | None
Samantha | None
Sandie | None
Stephanie | None
Peter | None
tyler | None
mei | None
zachary | None
daniel | None
carolyn | None
allison | None
jamie | None
Amera | None
Charles | None
Deirdre | None
Eric | None
Jessica | None
Melissa | None
Stephanie | None
Nicole | None
Sarah | None
Marie | None
Tia | None
Gina | None
Flora | None
Jessica | None
Jessica | None
Nicole | None
Ramsey | None
Spencer | None
Taylor | None
Joshua | None
McKenna | None
Megan | None
Jason | None
Sukanya | None
Misty | None
Brooke | None
Scott | None
Scott | None
Jonathan | None
Colleen | None
Lisa | None
Ron | None
Howard | None
Dabbid | None
amanda | None
alexis | None
Trevor | None
Michael | None
Megan | None
Marquis | None
Adam | None
Alex | None
Alexa | None
Alexandra | None
Andy | None
Anish | None
Braden | None
Cesar | None
Chris | None
Corey | None
Meghan | None
Courtney | None
Erika | None
Gabby | None
Hunter | None
Jazmen | None
Jessica | None
Kathryn | None
Lauren | None
Mackensie | None
Manoj | None
Marien | None
Devin | None
amy | None
alex | None
arissa | None
wil | None
shahbaz | None
samantha | None
ryan | None
nicole | None
angie | None
michael | None
linda | None
tina | None
julien | None
jenny | None
jennifer | None
donald | None
cliff | None
clay | None
carey | None
ayushi | None
kara | None
Chris | None
susan | None
ronda | None
kawi | None
karishma | None
elvira | None
darryl | None
ann | None
jackeline | None
Tom | None
Megan | None
Amy | None
Mary | None
Monica | None
Rachel | None
Eduardo | None
Alejandro | None
Eric | None
kelsey | None
khaled | None
kimberly | None
kimberly | None
kirsten | None
lamis | None
madison | None
marcy | None
michelle | None
mike | None
mitch | None
molly | None
nik | None
regina | None
kaleigh | None
ryan | None
sara | None
sawyer | None
sayed | None
shannon | None
steven | None
susan | None
tara | None
tim | None
victoria | None
zachary | None
AJ | None
Elizabeth | None
Julian | None
Lucas | None
ryan | None
julie | None
shauna | None
john | None
bailey | None
andrew | None
bill | None
brett | None
britta | None
chelsi | None
corrin | None
damian | None
dani | None
devin | None
devon | None
dina | None
amanda | None
austin | None
eli | None
erin | None
eva | None
frances | None
gabriel | None
hannah | None
izzy | None
amanda | None
jenise | None
alina | None
jessica | None
Paige | None
emile | None
ashley | None
Kevin | None
Keith | None
Hannah | None
Babul | None
Malgorzata | None
Karl | None
Shawn | None
Sibusiso | None
David | None
Carol | None
Andrew | None
Alistair | None
Mellissa | None
Pragati | None
Laura | None
Leo | None
Susan | None
Alicia | None
Sine | None
Nancy | None
Robyn | None
Anders | None
Grayson | None
Lee | None
gary | None
maria | None
nick | None
alisha | None
daniela | None
matthew | None
leah | None
Rachel | None
James | None
Kevin | None
Adam | None
Austin | None
Donna | None
David | None
Dana | None
Cindy | None
Chris | None
Chris | None
Anumanth | None
Anthony | None
Chloe | None
Chandan | None
Cassandra | None
Brittney | None
April | None
Andrew | None
Brian | None
Andrea | None
Doris | None
Anne | None
Duidui | None
Lynn | None
Erin | None
Meghan | None
Mehmet | None
Michael | None
Michelle | None
Mike | None
Molly | None
Shannon | None
Meghan | None
Sarvesh | None
Ana | None
Nick | None
Yael | None
Peter | None
Rumana | None
Wendy | None
Ryan | None
Nathan | None
Elton | None
Marianne | None
Sonia | None
Ishan | None
Jake | None
James | None
Jay | None
Jennifer | None
Joe | None
Julianna | None
Sandra | None
Kiran | None
Kristen | None
Kriti | None
Krystina | None
Laura | None
Leslie | None
Lindita | None
Lizabeth | None
Kris | None
Amy | None
Susan | None
Amanda | None
Alyssa | None
Allyson | None
Alexandra | None
Alex | None
Amy | None
Srikar | None
Ocean | None
Marissa | None
Kelly | None
Jennifer | None
Mike | None
Kevin | None
Michael | None
hey | None
Robyn | None
Corey | None
Garth | None
Mike | None
Brandon | None
Lori | None
Paw | None
Theus | None
Juan | None
Tiffany | None
John | None
Jack | None
Bianca | None
alicia | None
Johnny | None
Demetry | None
Tava | None
David | None
Danny | None
Alyssa | None
camille | None
deanna | None
eric | None
joe | None
korey | None
melissa | None
robyn | None
ashley | None
annette | None
stephanie | None
Deborah | None
Jenny | None
Branden | None
Sulia | None
Jen | None
Matthew | None
Kaylee | None
Keanna | None
Imani | None
Sarah | None
Jelondra | None
Megan | None
Sam | None
Regan | None
Ross | None
Tyler | None
Ashley | None
JaQuaya | None
Alexandria | None
Victory | None
Jonathan | None
Jake | None
Dillon | None
Todd | None
Kyle | None
Rachel | None
Dean | None
Janae | None
Mariah | None
Daniele | None
Lauren | None
Emma | None
Grace | None
Jamie | None
Kim | None
Meyer | None
Ashley | None
Madison | None
Davis | None
Nile | None
Cassandra | None
Cheney | None
Katie | None
Satorie | None
James | None
LaShana | None
Lawson | None
Tyler | None
Jeff | None
karen | None
michele | None
chuck | None
Vince | None
Patrick | None
Christina | None
Dave | None
Joe | None
Kendall | None
Amy | None
Amber | None
Brittany | None
Richard | None
Lindsey | None
Andrea | None
Barry | None
Sudhakar | None
Ricardo | None
Jim | None
Kelli | None
Michal | None
Nicole | None
Ken | None
Victoria | None
Xavier | None
Ilya | None
David | None
Ryan | None
Teri | None
Sarah | None
Ruby | None
April | None
Christina | None
Jamie | None
Timary | None
Gustaf | None
Matilda | None
Jeff | None
Devin | None
Raymond | None
Cory | None
Robert | None
Adam | None
Anthony | None
Heather | None
Michael | None
Colleen | None
Ricardo | None
Mark | None
Taylor | None
Rishi | None
Chad | None
Sam | None
Katherine | None
Mandi | None
Josh | None
Mariz | None
Caden | None
Shana | None
Nick | None
Randi | None
Bethany | None
Emma | None
Emily | None
Monroe | None
Kim | None
Cayley | None
Janet | None
Theresa | None
Steve | None
Andie | None
Michelle | None
Matthew | None
Khalid | None
Michael | None
ZARA | None
yash | None
hugh | None
angela | None
Gemma | None
Lindsey | None
Kimberly | None
Matt | None
Matthew | None
Claus | None
Chris | None
Julia | None
Melody | None
Kathryn | None
Lester | None
karen | None
jeff | None
Willyn | None
Loila | None
michele | None
nina | None
mel | None
macky | None
chery | None
mark | None
Jeff | None
abigail | None
daniel | None
lorie | None
khris | None
David | None
Johnson | None
Valerie | None
Subia. | None
Janak | None
Sarah | None
Paddy | None
Nora | None
Nihal | None
Mason | None
Lisa | None
jan | None
cindy | None
Jennifer | None
Justin | None
Sasha | None
Victoria | None
Christina | None
Gavin | None
Marc | None
Katie | None
Avery | None
Mark | None
Yajaira | None
Susan | None
Jesus | None
Kori | None
Heather | None
Luis | None
Kevin | None
Juliana | None
Alissa | None
Kimia | None
Molly | None
Liza | None
Matthew | None
Aryn | None
Kimberly | None
Rachel | None
Hope | None
Lawrence | None
Angel | None
Liam | None
Ebru | None
aurore | None
elena | None
Brittany | None
Margaret | None
Sarah | None
Barbara | None
richard | None
Jeff | None
Gary | None
Alejandro | None
Antonio | None
Lillian | None
MarieElena | None
Keshia | None
Rob | None
Ankush | None
Wendi | None
Sandy | None
Mark | None
Stacey | None
Amrita | None
Allison | None
Ann | None
David | None
Dorothea | None
roni | None
danielle | None
Isha | None
Kristen | None
Mark | None
Luisa | None
Kimberly | None
Kennedy | None
Alexis | None
Chad | None
Jeannine | None
Mandy | None
Shanna | None
Janelle | None
Troy | None
Daimon | None
Arnel | None
Jack | None
Sofia | None
Christine | None
Brandon | None
Torie | None
Cori | None
Scarlett | None
Christie | None
Chelsea | None
Angela | None
Rebecca | None
Sage | None
Megan | None
Jennifer | None
fernanda | None
alison | None
amanda | None
brad | None
brandon | None
brett | None
bridget | None
ruchi | None
rhiannon | None
philip | None
ann | None
patricia | None
sarah | None
kelly | None
debbie | None
emily | None
jennifer | None
jackie | None
kimberly | None
armando | None
Brian | None
Jenna | None
Wendy | None
Lily | None
christy | None
maggie | None
rachelle | None
sara | None
jordyn | None
donna | None
jey | None
katharine | None
karley | None
julia | None
sage | None
margaret | None
Hakeem | None
Stacy | None
rebecca | None
brandi | None
Jim | None
Matt | None
Brian | None
Emily | None
Gracie | None
Melissa | None
Clayton | None
Jay | None
Glynis | None
Jim | None
Kevin | None
Cory | None
Christine | None
Rebecca | None
ashley | None
brian | None
cory | None
jay | None
matt | None
melissa | None
Hollace | None
justin | None
Keith | None
matthew | None
Nikki | None
Sarah | None
Matt | None
Sherri | None
Kevin | None
Rachel | None
Race | None
Doug | None
taylor | None
rebecca | None
Zach | None
Chris | None
Connor | None
Taylor | None
Matt | None
Melissa | None
Melissa | None
Ashley | None
Emily | None
Gregory | None
Shaun | None
Ashley | None
Beryl | None
Gracie | None
Jay | None
Cory | None
Emily | None
Clayton | None
Chris | None
Chris | None
Ashley | None
Maggie | None
Renata | None
Taylor | None
Cory | None
Renata | None
Brian | None
Clayton | None
Maggie | None
Jay | None
Rachel | None
Renata | None
Maggie | None
Emily | None
Brian | None
Abigail | None
Brent | None
Erik | None
Laura | None
Scott | None
Yitong | None
Jane | None
Joel | None
Corey | None
Brenda | None
Carl | None
John | None
Marc | None
Sarah | None
Vincent | None
Danielle | None
Marek | None
Marie | None
Ricardo | None
Gage | None
Nick | None
LUKE | None
Rick | None
Cherie | None
D'jevaunie | None
Robert | None
Shelley | None
Pamela | None
Michelle | None
Lindsay | None
Kristen | None
Kelsey | None
Jeff | None
Dana | None
Darius | None
Christine | None
Theodore | None
Amanda | None
Alfonso | None
Gabriel | None
Chantal | None
Kevin | None
Mel | None
Haydi | None
Alexandra | None
Donna | None
Pear | None
Matt | None
Rebecca | None
Ken | None
Arnold | None
Dina | None
Greg | None
Nathaly | None
Tyler | None
Sara | None
Kevin | None
Carly | None
Darcel | None
Kenda | None
Tracie | None
Lou | None
Jayme | None
Danny | None
Tavey | None
Jesabel | None
Josie | None
Alana | None
Chastity | None
Whitney | None
Lisa | None
Tyler | None
Gabriela | None
Alexander | None
Ariel | None
Anna | None
Madai | None
jose | None
Jonita | None
Leslie | None
Crystal | None
Candy | None
Esperanza | None
Rich | None
Clifford | None
michelle | None
Sir | None
Anny | None
Meredith | None
Yen | None
Tiffany | None
seth | None
saurabh | None
Nancy | None
John | None
laura | None
chrislyn | None
arvi | None
arvi | None
chris | None
Katie | None
Kenzie | None
christine | None
sophie | None
Monica | None
Matty | None
Maria | None
Marcus | None
Kate | None
hensy | None
Ann | None
Crizelle | None
bernadette | None
adrian | None
Diego | None
Lindsay | None
Michelle | None
Michael | None
Caroline | None
Mario | None
Mark | None
Ronnie | None
Lizzy | None
hansheng | None
wenxin | None
Michelle | None
Lauren | None
Nate | None
Samantha | None
Tyler | None
Kyle | None
Conor | None
Peter | None
Erin | None
Greg | None
Spencer | None
Zina | None
Nicole | None
Katelyn | None
Rose | None
Tim | None
corrina | None
gilbert | None
isabel | None
josh | None
mark | None
sarah | None
Amanda | None
larry | None
tepi | None
stephanie | None
solina | None
sasha | None
sam | None
nikhil | None
melanie | None
max | None
john | None
lauren | None
zach | None
jennie | None
hannah | None
grady | None
claire | None
aelish | None
lisa | None
zoe | None
Aimen | None
Camilo | None
Jessica | None
Jonathan | None
Jennifer | None
Alicia | None
Dan | None
Emily | None
enrique | None
Maggie | None
Mouyheang | None
Patricia | None
Ateesh | None
Caylon | None
adriana | None
Ashley | None
Barbra | None
Brian | None
Jim | None
Leena | None
Madan | None
Eryn | None
Ricky | None
Jazmine | None
Heather | None
Gina | None
Bryan | None
Michael | None
Erica | None
Ashley | None
Jenni | None
Rodrigo | None
Gary | None
Danielle | None
Alex | None
Emily | None
Wamia | None
Joshua | None
Emerson | None
Quinn | None
Michael | None
Ritu | None
Thomas | None
Dawn | None
Matt | None
Carl | None
Sean | None
chris | None
avi | None
jess | None
brandon | None
Christine | None
Lukas | None
david | None
Holly | None
Claire | None
Colette | None
Katie | None
Dave | None
Jim | None
Heidi | None
Paige | None
Dave | None
Katie | None
Chad | None
Sarah | None
Janessa | None
Sarah | None
Adam | None
Cory | None
Morley | None
Jeremy | None
Joshua | None
Christopher | None
Kimberly | None
jeannie | None
marla | None
cindy | None
c | None
angie | None
dennis | None
Michael | None
Sandy | None
Dave | None
Michelle | None
Deja | None
Rob | None
Eliza | None
Evlyn | None
Laura | None
Gina | None
Danielle | None
Aisha | None
Helen | None
Kevin | None
Heather | None
Robyn | None
Esteban | None
Amy | None
chris | None
Fernando | None
Akrem | None
Alex | None
Carter | None
Dan | None
Donald | None
Eli | None
Izzy | None
Sydney | None
Janice | None
Justus | None
Kelvin | None
Nathan | None
hank | None
christiana | None
Tom | None
Steven | None
Ryan | None
Kyle | None
Chelsea | None
Anthony | None
Chris | None
Greg | None
mary | None
Alan | None
julia | None
Kenny | None
Jessica | None
Oliver | None
Cheryl | None
Shirin | None
rayssa | None
fabiana | None
luísa | None
stuart | None
stacia | None
mark | None
ava | None
gil | None
joel | None
karen | None
liliana | None
lisa | None
alexia | None
robin | None
tyra | None
tim | None
Pamela | None
Alfred | None
Lauren | None
John | None
Ann-Marie | None
Jenissa | None
J.C. | None
Mark | None
Bailey | None
Amber | None
Samantha | None
Sophia | None
Veronica | None
Katherine | None
Lindsay | None
Maribeth | None
Kelly | None
Ruby | None
Katelin | None
Courtney | None
Clarence | None
Brett | None
Tracie | None
Kelsey | None
Ana | None
Hillary | None
Becky | None
Peter | None
Christie | None
Angela | None
Kate | None
Philip | None
Holly | None
Ashley | None
Nicole | None
Melissa | None
Michael | None
Shaniqua | None
Sabrina | None
Bob | None
Douglas | None
Avery | None
Deluna | None
Halie | None
Laura | None
Jaime | None
Kathrine | None
Stephen | None
Jacob | None
Renee | None
Mariya | None
Candy | None
Andrew | None
Kevin | None
LinkedIn | None
Shinda | None
Delaney | None
George | None
Joseph | None
Marisa | None
Mo | None
Thomas | None
Xavier | None
Michael | None
Daniel | None
Anthony | None
Gabriela | None
Mary | None
Jason | None
Kaitlyn | None
Matt | None
Alana | None
David | None
Dyamond | None
Mac | None
Jenna | None
Marisa | None
Connor | None
Mike | None
Austin | None
Megan | None
Jared | None
Erika | None
Julia | None
Tiffany | None
Lisa | None
Randi | None
Shanique | None
Jeanine | None
Milan | None
Jacquetta | None
Diana | None
Francisca | None
Katye | None
Keri | None
Laura | None
Sylvia | None
Karla | None
Francis | None
Edward | None
Brandon | None
Grace | None
harry | None
janice | None
lucema | None
Evan | None
John | None
Ryan | None
Mary | None
Alisha | None
Charity | None
Gordon | None
Jason | None
Sara | None
Samuel | None
Aaron | None
Veronica | None
Melody | None
Eric | None
Michael | None
Zev | None
Troy | None
Armando | None
Stephen | None
Chris | None
Jacob | None
Robert | None
Joshua | None
Claudia | None
Santana | None
Smith | None
Jella | None
John | None
Jeremy | None
Taylor | None
Tamar | None
randy | None
Christina | None
Mary | None
Yvette | None
Cris | None
David | None
Fernando | None
Garrett | None
Jasmine | None
Tara | None
Monica | None
Anahi | None
Margaret | None
Karen | None
Jorge | None
Douglas | None
Coleman | None
Jeffrey | None
Samantha | None
Kimberly | None
Meghan | None
Kendra | None
Jacob | None
Ariella | None
Tain | None
Tain | None
Victoria | None
Yasmeen | None
Matthew | None
Donald | None
David | None
Daria | None
CJ | None
Christopher | None
Christopher | None
Emnete | None
Jared | None
Steven | None
Joe | None
Lawrence | None
Vicky | None
Adam | None
Alexa | None
Alina | None
Nathan | None
Alina | None
Ariella | None
Jessica | None
Tyler | None
Hannah | None
Nick | None
Teresa | None
Jenna | None
Stephanie | None
Myra | None
Melody | None
Francesco | None
Katie | None
Molly | None
Max | None
Marie | None
James | None
Jason | None
Jason | None
Jennifer | None
Jessica | None
Jessica | None
Lindsey | None
Jessica | None
Jonah | None
LaShunda | None
Kurt | None
Jonathan | None
Joseph | None
Josh | None
Josh | None
Kevin | None
Kayla | None
Emily | None
Nick | None
Janice | None
Nicole | None
Robert | None
Donald | None
Emma | None
Eric | None
Erika | None
Erika-Lauren | None
Mickey | None
Evan | None
Gary | None
George | None
Diane | None
Patrick | None
Sean | None
Elisa | None
Katherine | None
Karen | None
Lyric | None
Jamie-Lee | None
Jakub | None
Casandra | None
Brandon | None
Lauren | None
Carla | None
Maria | None
Stephenie | None
Stefie | None
Schelly | None
Ryan | None
Ryan | None
Phillip | None
Brad | None
Camilla | None
Phyllis | None
Caitlin | None
Morgan | None
Kathryn | None
Amy | None
Holly | None
Brad | None
Frank | None
Karen | None
Leanne | None
Alii | None
Alexandra | None
Gwen | None
Kyle | None
Jason | None
Chris | None
Rick | None
soledad | None
roberto | None
antonio | None
claudia | None
ana | None
angelina | None
Viridiana | None
Lucia | None
Candice | None
Gina | None
Cody | None
kimberly | None
Matthew | None
megan | None
Pitcher | None
megan | None
David | None
Vanessa | None
Keyvan | None
Ryan | None
Valeria | None
Aaron | None
Antoinette | None
Ben | None
Benjamin | None
Chris | None
Christina | None
Demetris | None
Elizabeth | None
Erica | None
Franco | None
Harrison | None
George | None
Shannon | None
James | None
James | None
Jorge | None
Lisamarie | None
Lucia | None
Saleem | None
Jacob | None
Tatyonna | None
Stephanie | None
Kate | None
Karla | None
Charis | None
Jenn | None
Ninette | None
Arwin | None
Jay | None
Nick | None
Glory | None
Trish | None
Katrina | None
Liza | None
Princes | None
Denise | None
Monica | None
Monica | None
Ellice | None
Denise | None
Triston | None
Ryan | None
Charlane | None
george | None
holly | None
lance | None
Jotindro | None
Todd | None
Melissa | None
Michael | None
Nanette | None
Neyba | None
Nikki | None
Sarah | None
Mali | None
Steve | None
theodoro | None
Theresa | None
Rochelle | None
Leeann | None
Nicolas | None
Justin | None
karene | None
Alejandra | None
alexandra | None
Alexandra | None
Anthony | None
BreAnna | None
Alyssa | None
Christopher | None
Deepti | None
Devon | None
Felicia | None
Jake | None
Matthew | None
Steven | None
Stephen | None
Stephen | None
Sean | None
Steven | None
Lacey | None
Bridget | None
Grace | None
Elliot | None
David | None
Damon | None
Amanda | None
John | None
Navid | None
Monika | None
Mikaela | None
Michael | None
Addie | None
Emma | None
Mat | None
Matt | None
John | None
James | None
Garrett | None
Susan | None
Emily | None
Nicole | None
Mohd | None
Brady | None
Garret | None
Teddy | None
Robyn | None
Rudolph | None
Michael | None
Leasia | None
Gregory | None
C. | None
Brandy | None
Amy | None
Adam | None
Rachel | None
Becky | None
Chris | None
Jamal | None
Monique | None
Colten | None
Romina | None
Nina | None
Rachel | None
Richard | None
Rob | None
Robert | None
Ronnie | None
Voniisa | None
Sara | None
Sarah | None
Stephanie | None
Tony | None
Victoria | None
Nicholas | None
Ryan | None
Mike | None
Kevin | None
Marisa | None
autumn | None
dayna | None
Mitchell | None
steve | None
Sean | None
Brad | None
Brandon | None
Brandon | None
Eric | None
Christopher | None
Janeen | None
Jordan | None
Justine | None
Kayla | None
Matthew | None
Logan | None
Madison | None
Maggie | None
Jaclyn | None
Luis | None
Noah | None
Lynda | None
Jennifer | None
Paul | None
Zac | None
Rosa | None
Nairi | None
Matt | None
Mark | None
Irene | None
Rogar | None
Debra | None
Cesar | None
Ashley | None
Anna | None
Amy | None
Alesha | None
Heather | None
Tuan | None
Yoki | None
shou | None
ruoxin | None
ruiqi | None
cecilia | None
megalaa | None
jialei | None
micah | None
Enba | None
Elizabeth | None
Carlos | None
Gabrielle | None
Lindsay | None
Taylor | None
Travis | None
Thomas | None
Steve | None
Rebecca | None
Reise | None
RayAnn | None
Pres | None
Lexi | None
Keith | None
Kai | None
Marisa | None
Jackson | None
Austin | None
Adam | None
Joshua | None
Avery | None
Brian | None
Sara | None
Caroline | None
Chase | None
Dallas | None
Hart | None
Blake | None
Jon | None
Iris | None
Chaoran | None
Andy | None
Adam | None
Justin | None
Stacey | None
Krystal | None
Jane | None
Tonia | None
Tia | None
Laura | None
Tori | None
Kellie | None
Katherine | None
Janet | None
Haley | None
John | None
Rob | None
Antonio | None
Jake | None
Scott | None
Arun | None
Lindsey | None
Mike | None
Rick | None
Sara | None
Jessica | None
Eamon | None
Gabriel | None
Keith | None
Kent | None
Matthew | None
sean | None
Karliza | None
Kristin | None
Laken | None
LETICIA | None
Lindsey | None
Lindsey | None
Ramona | None
Martin | None
Micah | None
Stephen | None
Rebeca | None
Sofia | None
Lura | None
Juan | None
Manuel | None
Eryck | None
Ingrid | None
Alessandro | None
Alessandro | None
Alexis | None
Anayancy | None
Alejandro | None
Catherine | None
Daya | None
Cecilia | None
Christopher | None
David | None
Bryanna | None
Kaitlyn | None
Karliza | None
Kristin | None
Leticia | None
Manuel | None
Nolan | None
Patricia | None
Pei | None
Rebeca | None
Joe | None
Shawn | None
Micah | None
Jessica | None
Jorge | None
Gabrielle | None
Ernie | None
Erika | None
Christopher | None
Jesse | None
Brandie | None
Audra | None
Alexis | None
Scott | None
John | None
Jay | None
A | None
Claudia | None
Peter | None
Angie | None
Amanda | None
Jean | None
Tina | None
Mark | None
Leticia | None
Lincy | None
Kerwin | None
Kylee | None
Luisiana | None
Jordan | None
Meghan | None
Molly | None
Monique | None
Rachel | None
Zenas | None
Sam | None
Jennifer | None
Tiffany | None
Frances | None
Faith | None
Brad | None
Aashma | None
Jaime | None
sruthi | None
rubina | None
priya | None
nivedita | None
mareli | None
josh | None
arshia | None
Ava | None
Cayla | None
Mendy | None
Shmuel | None
Yisroel | None
Berri | None
Yosef | None
William | None
Ed | None
Elliot | None
Gwynne | None
Kathy | None
Marsha | None
Patti | None
Rob | None
Samuel | None
George | None
Vanessa | None
Stephen | None
Andi | None
George | None
Mark | None
Keith | None
Hannah | None
Dosis | None
Dana | None
jenene | None
Harry | None
Kandace | None
Christina | None
hannah | None
haider | None
fahad | None
josh | None
eddie | None
duncan | None
dominic | None
dixie | None
daniel | None
dan | None
craig | None
christina | None
chloe | None
charlotte | None
catherine | None
bria | None
ben | None
arne | None
amanda | None
ella | None
emma | None
elizabeth | None
jochen | None
jeremy | None
tasha | None
shenani | None
sarah | None
sarah | None
sarah | None
rhiannon | None
peter | None
yasin | None
nikhil | None
michael | None
mattias | None
matt | None
manpreet | None
leah | None
josie | None
jamie | None
nicholas | None
jess | None
james | None
jason | None
maggie | None
luisa | None
sal | None
ana | None
rubi | None
laura | None
gloria | None
gabriela | None
cesar | None
Wayne | None
Emily | None
Michael | None
chet | None
bunga | None
andri | None
Nita | None
ashleigh | None
amrit | None
anne | None
zachariah | None
ottavia | None
michael | None
connor | None
mary | None
michael | None
jenny | None
john | None
lizette | None
lauren | None
annie | None
josh | None
Hazel | None
Jerry | None
Greg | None
Cam | None
Kalynn | None
Tony | None
Megan | None
Jeffrey | None
Raymond | None
Cathy | None
robert | None
Ryan | None
Jennifer | None
Zaleman | None
Witt | None
weaver | None
Vincent | None
Turralde | None
Summer | None
steve | None
Michelle | None
Sickles | None
rusell | None
Pekarsky | None
Nicole | None
Michael | None
Melissa | None
Loot | None
kevin | None
Kevin | None
Lexi | None
Steven | None
Sami | None
sami | None
Keylahn | None
Kevin | None
kevin | None
Kennedy | None
Kaitlyn | None
Joe | None
joe | None
Jeremy | None
Jeremy | None
jeremy | None
Jennifer | None
michael | None
Michael | None
Nyna | None
Peter | None
rob | None
Rob | None
samantha | None
Samantha | None
jennifer | None
Jamiel | None
Megan | None
Jacquese | None
Amelia | None
Alex | None
alex | None
Javier | None
Eileen | None
Dylan | None
svitlana | None
jamiel | None
andrew | None
Svitlana | None
Tanner | None
Trent | None
zoe | None
Zoe | None
Caplan | None
Casey | None
Colin | None
Courtney | None
tanner | None
Daniel | None
Andrew | None
andy | None
jacquese | None
Jackson | None
Hamza | None
Gage | None
Evan | None
Emma | None
emma | None
Dante | None
Andrew | None
Daniel | None
Dan | None
dan | None
Crystal | None
crystal | None
Connor | None
connor | None
Anyssa | None
anyssa | None
Andy | None
daniel | None
Marrianna | None
gwen | None
shana | None
john | None
Michael | None
Nicole | None
Kelly | None
Arianna | None
Julie | None
Rosanna | None
Dally | None
Lukenson | None
Lisa | None
jim | None
angelica | None
jennifer | None
Ryland | None
Chad | None
Diane | None
Jeff | None
Karen | None
Justin | None
Robyn | None
Rebecca | None
Angela | None
Raj | None
Adam | None
Jana | None
Nicole | None
Kaiesha | None
Jason | None
Kelly | None
Kathy | None
James | None
Devinne | None
Justin | None
Terra | None
Christiana | None
Eileen | None
Scott | None
John | None
Edgard | None
Scott | None
Katie | None
Kevin | None
Mayank | None
Divyang | None
Mayank | None
Clint | None
Priyanka | None
Raj | None
Mani | None
Sumeet | None
Ankit | None
Divyang | None
Rebecka | None
Anna | None
Rajashekar | None
David | None
Chris | None
Desiree | None
Cole | None
brian | None
Clare | None
jordan | None
kacie | None
melissa | None
Colin | None
melissa | None
sarah | None
wendy | None
Alena | None
Andrea | None
Angela | None
Anne | None
sarah | None
Chris | None
Emily | None
Zach | None
Tracy | None
Townsley | None
Shayan | None
Shane | None
Ryan | None
Ryan | None
Russell | None
Roz | None
Patrick | None
Michael | None
asha | None
Max | None
Lifford | None
Lauren | None
Anne | None
Caroline | None
Felicia | None
Addison | None
Abner | None
joseph | None
christopher | None
john | None
sinae | None
Zac | None
Angela | None
janet | None
Andrew | None
Sandrine | None
Sam | None
Anton | None
Francis | None
Kris | None
Melissa | None
Anusha | None
Bethany | None
Lindsay | None
Liz | None
Melissa | None
Yashasvi | None
Brenda | None
Ryan | None
Nicki | None
Randall | None
Kevin | None
Loren | None
Melissa | None
Shauna | None
Kimberly | None
Emma | None
Trevor | None
Rik | None
Bailey | None
Alexander | None
Andrew | None
Alex | None
Trevor | None
Ava | None
Christopher | None
Colin | None
Courtney | None
Sarah | None
Amber | None
Joseph | None
Aja | None
prathap | None
sumeet | None
raj | None
katie | None
divyang | None
david | None
clint | None
anna | None
kathy | None
Terra | None
Sunkist | None
Sunkist | None
Sara | None
Rod | None
Rod | None
Mark | None
Dylan | None
Dylan | None
Devinne | None
Cody | None
Christopher | None
Angela | None
Alyssa | None
Mark | None
Ian | None
tristan | None
brianna | None
jonathan | None
alec | None
Hannah | None
jennifer | None
Mark | None
Caitlin | None
LORRAINE | None
Ramon | None
Patricia | None
Tiffany | None
Sean | None
Scott | None
Nathan | None
Martin | None
Sean | None
Kathelenne | None
Justin | None
Jamea | None
Beau | None
Charles | None
Chad | None
Luke | None
Gianella | None
Latyra | None
E. | None
Alex | None
Adam | None
Dee | None
Swagata | None
Chris | None
teonna | None
Lisa | None
Alexandra | None
Heather | None
Haley | None
Mark | None
Brendan | None
Christopher | None
brian | None
cory | None
devry | None
j | None
kevin | None
Gabriela | None
andrew | None
Robyn | None
Bruno | None
stacey | None
sylvia | None
robert | None
paul | None
parisa | None
Lainey | None
nick | None
michele | None
matthew | None
marty | None
suman | None
scott | None
Tyler | None
Aleisha | None
chris | None
kevin | None
kendra | None
Katie | None
Katie | None
kala | None
josh | None
jason | None
jase | None
jack | None
Abby | None
zach | None
debbie | None
corey | None
Wendy | None
nils | None
london | None
Julia | None
Connor | None
Kristie | None
Kortney | None
Jamie | None
Leah | None
Kayla | None
Jas | None
Nick | None
Grace | None
Angela | None
Teresa | None
Dayna | None
Alex | None
Ayush | None
Cole | None
Conor | None
Kimie | None
Ross | None
Kimie | None
Sydney | None
adrienne | None
corey | None
Cynthia | None
Jack | None
Jeff | None
Nick | None
Sam | None
Glenn | None
Jeff | None
Neal | None
Tyler | None
Amanda | None
Audra | None
Todd | None
Dan | None
Daniel | None
Stephanie | None
Paige | None
Olivia | None
Liz | None
Kayla | None
Jenna | None
Jordan | None
Jonathan | None
Ivy | None
Karlee | None
Hannah | None
randy | None
Jodi | None
Adrian | None
Cameron | None
Emily | None
Kristi | None
Melissa | None
Mike | None
Tara | None
Scott | None
Ashley | None
ali | None
gina | None
kirti | None
raj | None
robert | None
ross | None
scott | None
veronica | None
matthew | None
amy | None
nick | None
justin | None
julia | None
john | None
kathryn | None
erin | None
brett | None
andy | None
isiah | None
tom | None
mary | None
telisa | None
steffon | None
sarah | None
sadira | None
sabrina | None
michelle | None
meghan | None
tom | None
keebie | None
laura | None
kevin | None
kaila | None
jena | None
jasmine | None
hesham | None
denise | None
cynthia | None
catrina | None
ashley | None
marc | None
roselydia | None
margaret | None
Matt | None
Leah | None
Lourdes | None
Gabrielle | None
Zuri | None
Shane | None
Steven | None
Rich | None
Jaclyn | None
Lisa | None
Whitney | None
Brittany | None
Jarvis | None
Leny | None
Megan | None
Sandralyn | None
Ty | None
rob | None
krystina | None
aaron | None
Zack | None
Pete | None
Kevin | None
Josh | None
Joe | None
kimberly | None
Elizabeth | None
doug | None
Donna | None
Amanda | None
Jackie | None
Jonas | None
Holly | None
Olivia | None
Deborah | None
Crystal | None
Bianca | None
Yazmin | None
Emily | None
Claire | None
Chad | None
Jess | None
deanna | None
denise | None
evelyn | None
jeff | None
Morgan | None
Norman | None
Ashley | None
Sabrina | None
Jessica | None
Mellissa | None
Robert | None
Anna | None
Charles | None
Alex | None
Lorri | None
Mia | None
Renita | None
Brandy | None
Jessica | None
Barbara | None
Alli | None
Stephanie | None
Melissa | None
Angela | None
Isabel | None
Julie | None
Angie | None
Jill | None
Jaynell | None
Ashley | None
Catalina | None
Michael | None
Ed | None
Shermeen | None
Brian | None
Jennifer | None
Thomas | None
Olivia | None
Jacqueline | None
Anita | None
Andrew | None
Polly | None
Kevin | None
Diana | None
Cristina | None
Eric | None
Robert | None
Brian | None
Angela | None
Adam | None
Sarah | None
Jeremy | None
Vic | None
Sead | None
Melissa | None
Olivia | None
Hannah | None
Tressa | None
Amelia | None
Lauren | None
Elan | None
Ross | None
Robyn | None
Jenny | None
Michael | None
Samantha | None
Jaime | None
Christopher | None
Leslee | None
Paul | None
Ashley | None
Martin | None
Darshan | None
Paul | None
Morgan | None
Jaynell | None
Michael | None
Carlos | None
Ashley | None
Norman | None
Shermeen | None
Brandy | None
Renita | None
Sharon | None
Alexandra | None
Alina | None
Lorri | None
Alex | None
Sabrina | None
Brian | None
Meredith | None
Jessica | None
Nicole | None
Riley | None
Charles | None
Julie | None
Stefanie | None
Ed | None
Justin | None
Jill | None
Courtney | None
Matt | None
Sandra | None
Claudia | None
Walter | None
Donabed | None
Cameron | None
Brandon | None
Adam | None
Jeannine | None
Natalie | None
Sead | None
Johnathan | None
Michelle | None
Martin | None
Jessica | None
Barbara | None
Ethan | None
Alli | None
Stephanie | None
Angie | None
Brian | None
Isabel | None
Robyn | None
Denise | None
Robert | None
Mia | None
Madiha | None
Kytrul | None
Ross | None
Jaime | None
Ashish | None
Alexandra | None
Sue | None
Brooke | None
Donabed | None
Mike | None
Walter | None
Jason | None
Brandon | None
Logan | None
Meredith | None
Claudia | None
Adam | None
Sharon | None
Brian | None
Jeannine | None
Zainab | None
Thomas | None
Matt | None
Erika | None
Johnathan | None
Michelle | None
Natalie | None
Cameron | None
Christopher | None
Melissa | None
Adam | None
Jennifer | None
Amelia | None
Olivia | None
Olivia | None
Hannah | None
Tressa | None
Dan | None
Jenny | None
Elan | None
Michael | None
Samantha | None
Lauren | None
Diana | None
Stefanie | None
Nicole | None
Sue | None
Lance | None
Anthony | None
Andrea | None
Cathy | None
Yvonne | None
Robert | None
Sarah | None
Vic | None
Juddy | None
Brooke | None
Logan | None
Mike | None
Brian | None
Christine | None
Brian | None
lynsee | None
tim | None
Eddy | None
Tiffany | None
Brionna | None
Candace | None
Karen | None
Ashlee | None
Amy | None
Traci | None
Haley | None
Casey | None
Scott | None
Kelsey | None
Gabriella | None
Cassie | None
Lindsey | None
Jessica | None
Misty | None
Rebecca | None
Gabby | None
Brittany | None
Brayden | None
Danielle | None
Casey | None
Amanda | None
Olivia | None
Nikki | None
Nanette | None
John | None
Brighid | None
Beth | None
Camille | None
Marcus | None
Ryan | None
Krysta | None
Taylor | None
Shawn | None
Nicole | None
Katrina | None
TJ | None
Juliet | None
Tracy | None
Rachel | None
Alice | None
Amy | None
Brad | None
Brian | None
Courtney | None
Jennifer | None
Kristyn | None
Matt | None
Rachel | None
Arpine | None
megan | None
kellee | None
eric | None
brandy | None
Alicia | None
Kelly | None
Dylan | None
Nicole | None
noah | None
LinkedIn | None
Molly | None
mike | None
Lindsay | None
Jennifer | None
Jessica | None
David | None
Eric | None
Matt | None
John | None
Erick | None
Richard | None
Phil | None
Mary | None
M | None
Kari | None
Heidi | None
Harvey | None
Emma | None
Ruben | None
Edgar | None
Don | None
Derek | None
Christopher | None
Carson | None
Brittany | None
Brian | None
Brandon | None
Emily | None
Saray | None
Kyle | None
Thierry | None
Vincent | None
Xavier | None
Tatianne | None
Denis | None
Luz | None
Megan | None
John | None
Gary | None
Sean | None
Aki | None
Lorenzo | None
Robert | None
Ricky | None
Ricardo | None
Jorge | None
Josue | None
Jennifer | None
James | None
Ernesto | None
Christopher | None
Joel | None
Adaora | None
Morgan | None
James | None
Johanna | None
Eduardo | None
Patrick | None
Jerrad | None
Phillip | None
Christina | None
Bridgette | None
Branden | None
James | None
Zachariah | None
Jon | None
Autumn | None
Brent | None
Claudette | None
George | None
Kathleen | None
Michael | None
Michelle | None
Terry | None
Julie | None
Victor | None
Kathleen | None
Vickie | None
Kelly | None
Mary | None
Andrew | None
Magdalena | None
Nicole | None
Claudia | None
Leena | None
Anita | None
Elizabeth | None
Hasina | None
Isabella | None
Jennifer | None
Lisa | None
Patience | None
Roxana | None
Sandy | None
Shawntay | None
TIFFANY | None
Jozlyn | None
Jessica | None
Derrick | None
Lisa | None
John | None
Matt | None
Cibin | None
Rick | None
Leah | None
Jason | None
Nikka | None
renee | None
Paul | None
Jaytee | None
Doug | None
Sareng | None
Joeann | None
Rebekah | None
Becky | None
Sandy | None
Daniel | None
Bree | None
liz | None
merin | None
Becca | None
Ben | None
Catherine | None
Danny | None
Dawn | None
Dawn | None
Debra | None
Erin | None
Hannah | None
Kelly | None
Laura | None
Liz | None
Matt | None
katy | None
jess | None
juliet | None
Marta | None
cassandra | None
Suzie | None
elizabeth | None
Nathan | None
abigail | None
alex | None
kiara | None
yina | None
lara | None
Zahal | None
Keani | None
Vladimir | None
Lisa | None
Sarah | None
Lauren | None
Amy | None
Care | None
Josh | None
Nicki | None
Ashley | None
Anna | None
Casey | None
Stefani | None
Andrea | None
Hannah | None
Alana | None
Daniel | None
Mick | None
Trystan | None
Theresa | None
melissa | None
jordann | None
susan | None
ryan | None
erin | None
heather | None
caleb | None
ashley | None
adriana | None
debbie | None
Lisa | None
Talia | None
Sonia | None
Jeff | None
Tim | None
Albert | None
Shane | None
Michael | None
thurman | None
Nelson | None
Taylor | None
Bruce | None
Nic | None
Naomi | None
Jeff | None
Francesca | None
Valerie | None
Travis | None
Nick | None
Quynhlynnette | None
Brian | None
Bradley | None
Blair | None
Tylir | None
Dean | None
Nick | None
Bruce | None
Hannah | None
Larry | None
Colleen | None
Joan | None
Neha | None
Shiza | None
Samara | None
Christie | None
Paul | None
Maria | None
Esposito | None
Kouri | None
Gordon | None
Greg | None
Daniela | None
paul | None
john | None
rory | None
Aggie | None
krysta | None
Jack | None
Remco | None
Lauren | None
Keith | None
Matthew | None
Olivia | None
Nick | None
Mila-Sari | None
Michael | None
Lindsey | None
Joshua | None
Danielle | None
Jessica | None
Jason | None
Rachel | None
Hunter | None
Grace | None
Annie | None
Eric | None
Colin | None
Joseph | None
Sydney | None
Blake | None
Celine | None
Abdul | None
Earnie | None
Leon | None
Sarah | None
Courtney | None
Teja | None
Marie | None
Mariana | None
Laura | None
Kevin | None
Junior | None
Henderson | None
Frank | None
Eric | None
Edwin | None
Darcy | None
Brian | None
Nathan | None
Garrett | None
Heather | None
Dumisani | None
Angelo | None
Kelly | None
Laura | None
yvette | None
Ryan | None
Michelle | None
Mallory | None
Claudia | None
Jan | None
melanie | None
asher | None
teyvian | None
lisa | None
erin | None
Chandra | None
Jackye | None
Kristine | None
navarro | None
Michael | None
Tom | None
Max | None
Hattan | None
Monica | None
Zoya | None
Lauren | None
Kendra | None
Halee | None
Holly | None
Jackson | None
Tracy | None
Manfred | None
Sam | None
Nick | None
Megan | None
Graham | None
Grace | None
Daniella | None
Christy | None
Anndrea | None
Andee | None
Amy | None
Alyssa | None
Alexa | None
Tamara | None
Dallas | None
Matt | None
Alison | None
Michele | None
Meagan | None
Araliz | None
Diana | None
Kimberly | None
Angela | None
Stephanie | None
Kelly | None
Albert | None
Joel | None
Erik | None
Maria | None
Leslie | None
Lea | None
Kyla | None
Joey | None
Dallas | None
Erica | None
Aurora | None
Abigail | None
Bonnie | None
Danielle | None
Briana | None
Bobbie | None
Angelica | None
Angela | None
Daniel | None
Alfonso | None
Adelina | None
Yesenia | None
Esmeralda | None
Chase | None
Amy | None
Christina | None
Taylor | None
Tracy | None
Darbi | None
Kristina | None
Catherine | None
Darlene | None
De'mon | None
Eric | None
Gloria | None
Heath | None
Jami | None
Kenya | None
Kenyonna | None
Crystal | None
Travis | None
Tracy | None
Jesse | None
Lauren | None
Sharnia | None
Stephanie | None
Sue | None
Sylvia | None
Tanya | None
Tiffany | None
Tony | None
Tyler | None
Tyreia | None
Leticia | None
Dwight | None
Sarai | None
Kristin | None
Reca | None
Nicholle | None
Michelle | None
Megan | None
Kepfer | None
Borowski | None
Susan | None
Bailey | None
Susie | None
Anika | None
Marina | None
Marja | None
Jala | None
Sarah | None
Bob | None
Charles | None
Bob | None
Randy | None
Pamela | None
Lauren | None
Sarah | None
Donna | None
Jackie | None
Andy | None
Rudolf | None
Dawn | None
Rick | None
Maya | None
Josephina | None
Gil | None
Loujane | None
Ed | None
Don | None
Lishitha | None
Peter | None
Gnana | None
james | None
Kiara | None
Rosa | None
Daria | None
Casey | None
Joanne | None
Kateryna | None
Abdoul | None
Anna | None
Martyna | None
Jaime | None
Tabassum | None
Nathan | None
Katrina | None
Stephanie | None
Alyssia | None
Amanda | None
Deja | None
Nery | None
Brendan | None
laura | None
jessie | None
jenny | None
beth | None
barry | None
andy | None
alison | None
sabrina | None
adriana | None
shane | None
silvia | None
valen | None
salvador | None
nicole | None
Elizabeth | None
Marvin | None
Cheyenne | None
Michael | None
Eric | None
Sarah | None
Jackie | None
Eva | None
Christina | None
Diane | None
Stacey | None
Ashley | None
Inette​ | None
Jessica | None
Sarah | None
Celina | None
Jason | None
Jeff | None
Dinesh | None
Katie | None
Stephen | None
Jasmine | None
Michelle | None
Ronald | None
Jennifer | None
Mike | None
Neelima | None
Sundaresan | None
LeeAnn | None
Clay | None
Diane | None
Emily | None
Stacy | None
Victoria | None
Bailey | None
Cheryl | None
Christine | None
Christy | None
CJ | None
Elizabeth | None
Florencia | None
Gretchen | None
Marc | None
Sharyn | None
Meghann | None
Michael | None
Natasha | None
Nicole | None
Phil | None
Sabreena | None
Stefan | None
Anna | None
Michael | None
Roseline | None
Stone | None
Keith | None
Meg | None
Mark | None
Elyesse | None
Lindsey | None
Mike | None
Greg | None
Vincent | None
Susan | None
timothy | None
Darren | None
Derek | None
Bryan | None
Brian | None
Miriam | None
Joe | None
Peter | None
nehal | None
Michael | None
James | None
Kevin | None
Scott | None
Susan | None
Michaela | None
Timothy | None
Michael | None
Joe | None
Peter | None
Dean | None
John | None
Roberto | None
Jamie | None
Stephen | None
Michael | None
Nichole | None
Diana | None
alex | None
denis | None
arry | None
darcie | None
ellen | None
harry | None
joseph | None
maddie | None
ruby | None
sasha | None
AJ | None
Julia | None
Kyle | None
Kutter | None
Mandy | None
Anushkaa | None
Lauren | None
Christopher | None
Aurora | None
Nohely | None
Katie | None
Jeff | None
Bill | None
Greg | None
Monica | None
Audrea | None
KerriAnn | None
Floriberta | None
Shawnna | None
Joe | None
Daniel | None
Kevin | None
Kevin | None
Rachel | None
Scott | None
Meghan | None
Larry | None
Anne | None
Charlotte | None
Renata | None
Seth | None
Connor | None
Jen | None
James | None
Sara | None
Patricia | None
Nathan | None
Luke | None
Kimberli | None
Katie | None
John | None
Jennifer | None
Jeffrey | None
Caroline | None
Tanner | None
Ben | None
Andrew | None
Justin | None
Zachary | None
Bethany | None
Bernie | None
Brittany | None
Finlay | None
Cat | None
Austin | None
Bailee | None
Audrey | None
Alexis | None
Greg | None
Cole | None
Carlo | None
Brianne | None
Alexis | None
Jennifer | None
Jack | None
Drew | None
Jenise | None
Jenny | None
Luke | None
Michael | None
Amy | None
Annabelle | None
Cassidy | None
Brittney | None
Nora | None
Myra | None
Melissa | None
Ron | None
Christina | None
Carlos | None
William | None
Prasad | None
Nag | None
Kevin | None
Stephanie | None
Kirby | None
andrew | None
Emman | None
Marshall | None
Erika | None
joe | None
Samuel | None
Adam | None
Michelle | None
M | None
Kristel | None
Karen | None
Natasha | None
Judy | None
Josephine | None
Cristine | None
Julie | None
Allison | None
Tiffany | None
Scott | None
Karen | None
Emily | None
Rachel | None
Shay | None
Kari | None
Alisa | None
Aaron | None
Mike | None
Sebastian | None
Bryce | None
Taylor | None
Mark | None
Jesse | None
Greg | None
Khang | None
Chris | None
Kylie | None
Sarah | None
Lindsey | None
Sarah | None
Amaka | None
Joe | None
Coriyana | None
Michael | None
Samantha | None
Cassie | None
Christopher | None
Taylor | None
Tracy | None
Dan | None
Suzi | None
Ashley | None
Reagan | None
Riley | None
Franklene | None
Lindsay | None
Jackie | None
christopher | None
brittany | None
beth | None
ashley | None
annette | None
amanda | None
janelle | None
gina | None
isabela | None
christina | None
jodie | None
tierney | None
lisa | None
michele | None
michelle | None
sarah | None
karigan | None
steven | None
suzanne | None
thomas | None
Deborah | None
Alicia | None
Daniel | None
Courtney | None
Laura | None
Nikki | None
Karina | None
Rich | None
Brian | None
Brett | None
Tricia | None
Marizen | None
Brandon | None
Oshin | None
Jessica | None
Abbey | None
Ari | None
Del | None
Lundyn | None
Zac | None
Heather | None
Maria | None
Marcus | None
Elizabeth | None
Bill | None
Tyra | None
Ethan | None
Susan | None
Claudia | None
Rhett | None
Michael | None
Jason | None
Susheel | None
John | None
Rose | None
aimee | None
kate | None
sydney | None
william | None
yash | None
Hal | None
Irina | None
Lisa | None
Deana | None
Derek | None
Amy | None
Owen | None
Command | None
Jeremy | None
Linda | None
T. | None
Cari | None
George | None
Erica | None
Nicole | None
reygana | None
pheaktra | None
melly | None
shakhi | None
samantha | None
krysta | None
stephen | None
shruthy | None
ritik | None
kim | None
celeste | None
jason | None
amitha | None
anisha | None
archana | None
ashley | None
binu | None
katie | None
cynthia | None
dhruv | None
harsha | None
harshitha | None
catherine | None
Priscilla | None
yasmin | None
caroline | None
cátia | None
délis | None
emily | None
flávia | None
giovana | None
gisele | None
Whitney | None
jackeline | None
karina | None
lavinia | None
aline | None
luana | None
mariana | None
natalia | None
natália | None
thais | None
yasmin | None
leticia | None
isis | None
gabriela | None
agatha | None
Jacinda | None
Lisette | None
Jordan | None
Prune | None
Kia | None
Sara | None
Chris | None
Cameron | None
Jay | None
Brenda | None
Paula | None
Robert | None
Edward | None
Louisa | None
Contentverse | None
Rhoades | None
Ramirez | None
stacee | None
Christine | None
julia | None
Jackie | None
Korraa | None
mike | None
david | None
Clark | None
Linda | None
Gautam | None
Emily | None
Jason | None
Steve | None
Dirk | None
Krizel | None
Scott | None
Chris | None
Chandler | None
Brandt | None
Varun | None
Tad | None
Supriya | None
Shubh | None
Sean | None
Bill | None
Dave | None
Sadiq | None
Dave | None
Dee | None
Ricky | None
Muhammad | None
Rizwan | None
Rohit | None
Michelle | None
Russell | None
Jody | None
Evan | None
Erica | None
Ratna | None
Danielle | None
Ranjit | None
Kasey | None
Patricia | None
Ryan | None
Isaac | None
Ethan | None
Kim | None
Jorge | None
Lindsay | None
kim | None
Elizabeth | None
Jonathan | None
Brock | None
Josh | None
AndreaJo | None
Angela | None
Luke | None
Manuel | None
Brian | None
Troy | None
Adam | None
Alaina | None
Christen | None
Rick | None
Kevin | None
Rebekah | None
Rachel | None
Marissa | None
Howard | None
Joel | None
Linda | None
Sandy | None
theo | None
David | None
Harry | None
Fidel | None
Marci | None
Brad | None
Abby | None
Eric | None
Aubree | None
LaToia | None
Kymberly | None
Anjanae | None
Ashley | None
Hannah | None
Kristen | None
Cardin | None
Laura | None
Mindy | None
Nicola | None
Lori | None
Jennifer | None
Kim | None
Teth | None
Corey | None
Leslie | None
Lisa | None
Stephanie | None
Curtis | None
Aaron | None
Susan | None
Geethakrishna | None
Cameron | None
Samantha | None
mandy | None
Juan | None
Alejandra | None
Dan | None
Grand | None
Jessica | None
Sophia | None
BJ | None
Irene | None
Axel | None
Melissa | None
Ian | None
Areli | None
Beatriz | None
Claudia | None
Doreydi | None
Kristina | None
Courtney | None
Laura | None
Victor | None
Adam | None
Mauro | None
Chase | None
kevin | None
kyle | None
paola | None
Veronica | None
Renei | None
Ken | None
Amy | None
Richard | None
Sharon | None
Shazia | None
Kevin | None
Hinson | None
Yauseng | None
Todd | None
Srdjan | None
Colin | None
Amy | None
Karen | None
Melissa | None
Zoie | None
Douglas | None
jaff | None
Hannah | None
Patricia | None
sierra | None
Todd | None
Molly | None
Jan | None
Gabrielle | None
Elizabeth | None
Nicole | None
Austin | None
Marvin | None
Tom | None
Lisa | None
Kenzie | None
Daniel | None
Lacey | None
Genevieve | None
Amber | None
Sooji | None
Kala | None
Brant | None
Kim | None
Sonya | None
Alex | None
Sasha | None
Deva | None
Nicole | None
Maura | None
Cortney | None
Catie | None
Joe | None
Hilary | None
Kathleen | None
Hannah | None
Mikey | None
David | None
Rob | None
Hailey | None
Colin | None
Raj | None
Elizabeth | None
Payton | None
Lauren | None
Katie | None
Joe | None
Michael | None
David | None
Cleshon | None
Ashley | None
Alicia | None
Emma | None
vinnie | None
thamara | None
sophie | None
sarah | None
rebecca | None
josh | None
jon | None
john | None
jessica | None
james | None
georgia | None
george | None
christopher | None
cameron | None
bianca | None
alex | None
abby | None
hamish | None
antoinette | None
Victor | None
Lisa | None
Cynthia | None
Emma | None
Jarrod | None
Bridgette | None
sarah | None
Olivia | None
Miranda | None
John | None
Eric | None
Caitlin | None
Connie | None
Mark | None
Robert | None
Anna | None
Joanna | None
Kinga | None
Piotr | None
Dylan | None
Rick | None
Rachel | None
Rustom | None
Don | None
Mia | None
Matthew | None
Mar | None
Lubo | None
Alexandra | None
Jasmine | None
Dylan | None
Cyrille | None
Chantal | None
Jocelyn | None
Sonia | None
Brian | None
Vincent | None
Darnell | None
linh | None
michael | None
monika | None
isabel | None
rachel | None
vanessa | None
kris | None
paula | None
jason | None
marlene | None
james | None
erin | None
james | None
claudia | None
claire | None
carlos | None
amani | None
amanda | None
Grant | None
Kierre | None
Kristen | None
Madelyn | None
Matt | None
Megan | None
Micaela | None
Michelle | None
Noelle | None
Sara | None
Rachel | None
Raymond | None
Kelly | None
Sara | None
Sarah | None
Sean | None
Shannon | None
Steven | None
Patric | None
Katie | None
Jason | None
Katherine | None
Wayne | None
Alex | None
Alison | None
Amanda | None
Andrew | None
Anthony | None
Bossaina | None
Brandon | None
Kati | None
Carolyn | None
Chris | None
Chrissy | None
Daniel | None
Darin | None
Holly | None
Irais | None
Jenna | None
Katelin | None
Cheree | None
David | None
Sean | None
Liza | None
Nick | None
Joey | None
Jackie | None
Casey | None
Maggie | None
Marissa | None
Mary | None
Michael | None
Miles | None
Ryan | None
Paulita | None
Madison | None
Sarah | None
Tim | None
Tom | None
Patricia | None
Lysander | None
Michele | None
Kyle | None
Andrew | None
Leanne | None
Aron | None
Danny | None
Deborah | None
Derek | None
Evelyn | None
Fergie | None
Annie | None
jackie | None
Jamie | None
Jessica | None
Kevin | None
Kimberly | None
Kristen | None
Honore | None
Andy | None
Yosslanka | None
Megan | None
Marie | None
Maria | None
Chris | None
Doris | None
Carmen | None
Luis | None
Greg | None
Patrick | None
Lauren | None
Ori | None
Jonathan | None
Ludovico | None
Jeff | None
Dan | None
Daisuke | None
Christie | None
Sam | None
Don | None
Lindsay | None
jennifer | None
Sharone | None
Steve | None
Elena | None
Jessica | None
Lawrence | None
Bridget | None
Nick | None
Tara | None
Chris | None
Tiffany | None
Matt | None
Nicholas | None
Randy | None
Tim | None
Richard | None
Sara | None
Tyler | None
Robert | None
Lindsay | None
Kimberly | None
James | None
Jack | None
Dave | None
Caitlyn | None
Brandon | None
Brian | None
Austin | None
Andrea | None
Kelly | None
Cody | None
Ryan | None
Kevin | None
James | None
april | None
Jerrod | None
Gabriella | None
Che | None
Kristen | None
Doireann | None
Ada | None
Jasmine | None
Brian | None
Annie | None
Ed | None
Rocco | None
Aaron | None
Griffin | None
David | None
helena | None
kim | None
geina | None
Gina | None
Siva | None
Mya | None
Mick | None
Brooke | None
Zep | None
patty | None
raquel | None
Patrick | None
juan | None
Zoe | None
jessica | None
Amanda | None
Catherine | None
David | None
Jessica | None
May | None
Rick | None
James | None
Jose | None
Ashley | None
Marionne | None
Janet | None
Carra | None
Alexander | None
kyle | None
Peggy | None
Christie | None
Hunter | None
Lanor | None
Melonie | None
Rachela | None
Sterling | None
Joseph | None
Christina | None
Chloe | None
Becca | None
Ellie | None
Monica | None
Jacob | None
Matt | None
Hunter | None
Gabriella | None
Kaly | None
Daniel | None
Terrell | None
Jeffery | None
venkata | None
tammie | None
samantha | None
purnima | None
pranaya | None
navroze | None
mike | None
matthew | None
michael | None
john | None
john | None
jim | None
greg | None
donald | None
daniel | None
damon | None
alicia | None
adam | None
mark | None
Sebastain | None
USA | None
Tony | None
SSK | None
Partner | None
dan | None
Justin | None
Nicholas | None
ben | None
Andy | None
Henry | None
Frank | None
Nathaniel | None
Lindsay | None
Corrie | None
Jami | None
lauren | None
tara | None
veronique | None
doug | None
Jared | None
Kelly | None
Mike | None
Madhu | None
Andrew | None
GJ | None
luke | None
sebastian | None
waide | None
Johannes | None
cassandra | None
stephanie | None
Heike | None
Rainer | None
Ben | None
Lakshmi | None
Kim | None
clara | None
nina | None
stacey | None
vicki | None
Wally | None
Tasmia | None
Shoumika | None
Shelly | None
Wahnetah | None
Rachel | None
Morgan | None
Alice | None
Jason | None
Danielle | None
Allie | None
Kyra | None
Andrew | None
Brad | None
Elizabeth | None
Muhammed | None
Sabrina | None
Niki | None
Corey | None
Shawn | None
Lorraine | None
Ken | None
Melanie | None
Lewis | None
Rick | None
Philipe | None
Jenni | None
Jill | None
Jenni | None
Niki | None
Philipe | None
Shelley | None
Chaitanya | None
Saman | None
Adam | None
Sean | None
Zain | None
Nora | None
Rodrigo | None
Kirsten | None
Gazelle | None
Sophia | None
Jared | None
Jessica | None
Shelley | None
Brandi | None
Ami | None
Stan | None
Kavitha | None
Don | None
Berk | None
Joey | None
Terrance | None
Kevin | None
Rob | None
Chris | None
Kostas | None
Emma | None
Carlene | None
Charlie | None
Kaz | None
Sebastian | None
David | None
Trevor | None
Harry | None
louis | None
Eni | None
Alex | None
Megan | None
Will | None
Zack | None
Robert | None
Jeremy | None
davron | None
emma | None
james | None
james | None
lee | None
Grace | None
matt | None
robert | None
thokozani | None
Abi | None
Bailey | None
Elyssa | None
Jack | None
James | None
Maria | None
Matt | None
Darian | None
Louis | None
megan | None
Elin | None
Michael | None
Ray | None
Nadia | None
Chris | None
Malakai | None
Mae | None
Jeremy | None
James | None
Grace | None
Melissa | None
Trevor | None
Abi | None
James | None
Hannah | None
Martin | None
Joma | None
Mara | None
Lochlan | None
Thokozani | None
Tom | None
Daniel | None
Rob | None
William | None
Nikki | None
Michael | None
Ken | None
Mark | None
Derek | None
Benjamin | None
Andrew | None
Alex | None
Isaac | None
Sean | None
Darrel | None
Vickie | None
Sabrina | None
Philip | None
Nancy | None
Marsha | None
Linda | None
Elsie | None
Crystal | None
Clement | None
Brenda | None
Brad | None
Antonio | None
Keith | None
Ashlok | None
Banita | None
Daniel | None
Jeff | None
Kent | None
Mark | None
Gina | None
Diana | None
diane | None
David | None
Hodges | None
Bryan | None
stavroula | None
eva | None
akber | None
david | None
cody | None
cihan | None
christos | None
sylvia | None
brittany | None
brian | None
ashura | None
alexandra | None
alexander | None
fabienne | None
aleksandra | None
janine | None
kathy | None
sofia | None
sarah | None
reid | None
rebecca | None
priyadarshini | None
phil | None
natalie | None
natalie | None
wing | None
monika | None
michelle | None
michael | None
marion | None
mallory | None
lisa | None
kerstin | None
joe | None
David | None
Sam | None
Tommy | None
Maddie | None
Maddy | None
Megan | None
Lydia | None
Zak | None
isaac | None
Amber | None
Alana | None
Shayla | None
Ryan | None
Jaimie | None
Andrew | None
Amy | None
Kristin | None
Tabitha | None
LaVonne | None
Lori | None
Maia | None
Mercedes | None
Christopher | None
Ashley | None
Pam | None
Allyson | None
LaVerne | None
Anne | None
Joe | None
Eric | None
Debi | None
Tom | None
Megan | None
Diya | None
Katie | None
Justin | None
Logan | None
Kola | None
Marine | None
Sherri | None
Terhi | None
Anthony | None
Grigor | None
Sona | None
Kim | None
Jon | None
Nada | None
Paul | None
Rebeca | None
Reggie | None
Luca | None
Andrew | None
Chad | None
Brittany | None
Diego | None
Emerson | None
Jane | None
Jeremy | None
Jimmy | None
Luisa | None
Asa | None
Mike | None
Brad | None
Kara | None
Glenna | None
Ian | None
Nicole | None
Leena | None
Diversity | None
Stacia | None
Katelynn | None
sean | None
catherine | None
rhett | None
Shea | None
Jay | None
Connie | None
JT | None
lisa | None
justin | None
josh | None
jory | None
jordan | None
jensen | None
jaclyn | None
gabrielle | None
erik | None
devin | None
danae | None
christina | None
catherine | None
cassie | None
casey | None
brittany | None
brandon | None
bailee | None
anicea | None
andy | None
jordan | None
whittney | None
walter | None
amber | None
regan | None
perrye | None
ainsley | None
luke | None
wyatt | None
Matthew | None
Stephanie | None
Macey | None
Tami | None
Kainath | None
Carol | None
Zina | None
Benjamin | None
Krystal | None
Krystal | None
Michael | None
Derek | None
Benjamin | None
Collin | None
Jennifer | None
Tami | None
Simphiwe | None
Jennifer | None
Laura | None
Mary | None
Anahi | None
Devin | None
Donna | None
Shauna | None
Carol | None
Fatima | None
Dmytro | None
medalie | None
jeremy | None
jonathon | None
sophia | None
ursala | None
tyler | None
trina | None
taylor | None
tanuta | None
stephanie | None
sean | None
sam | None
payal | None
matt | None
kevin | None
mikhal | None
amy | None
kaitlin | None
gabi | None
eric | None
dennis | None
amber | None
charlene | None
christopher | None
brian | None
austin | None
ashley | None
andie | None
Karen | None
Brandon | None
Bethany | None
Michael | None
Todd | None
Shreyash | None
Jodi | None
Jennifer | None
Jodi | None
Perry | None
Paul | None
Ryan | None
Hannah | None
Martin | None
Josh | None
Esteban | None
Justin | None
Marisa | None
Edward | None
Jenna | None
Robyn | None
David | None
Jeff | None
Wes | None
Justin | None
Christina | None
Melissa | None
dasha | None
dena | None
kristina | None
Catherine | None
Dameion | None
Jose | None
Sufyan | None
Rostyslav | None
Daniela | None
William | None
Jocelyn | None
Kandace | None
Holly | None
Julius | None
Liz | None
Ruth | None
Jacob | None
Jennifer | None
Dalia | None
Stephen | None
Kelsey | None
Wahab | None
Bhoomika | None
Renee | None
Molly | None
Meredith | None
Carrie | None
Carissa | None
Akshay | None
Paola | None
Jaylyn | None
Jake | None
Michelle | None
Adam | None
Faith | None
Eden | None
Amy | None
Brittany | None
Andy | None
Xavier | None
Alyson | None
Meghan | None
Kelly | None
Bridget | None
David | None
Martina | None
Faith | None
Jex | None
Whitney | None
Ben | None
Derek | None
Katelin | None
Greta | None
Brooke | None
Caitlin | None
Priya | None
Eve | None
Richard | None
monica | None
libby | None
Mark | None
Nicholas | None
Andrew | None
Kiley | None
Kayla | None
Jennifer | None
Janet | None
Haley | None
LeAnn | None
George | None
Brya | None
samantha | None
Brandon | None
Diane | None
Kelly | None
Maureen | None
Andrew | None
Michael | None
Neha | None
Phil | None
Mike | None
David | None
Steve | None
Allysa | None
Beth | None
Samantha | None
Amy | None
Dan | None
Richard | None
Jesse | None
Denise | None
Steven | None
Sheila | None
Bill | None
Karl | None
Abraham | None
Kristi | None
Jennifer | None
Jim | None
Nicole | None
Mark | None
Christopher | None
Stephen | None
Peter | None
Linda | None
Vasunath | None
Karen | None
Stephanie | None
Rahn | None
Phil | None
Taylor | None
Robert | None
Cindy | None
Adrian | None
Ramesh | None
Joseph | None
Janean | None
emily | None
irina | None
melanie | None
Tarrus | None
Angela | None
Team | None
Jasper | None
Raymond | None
Gromelski | None
Alex | None
Rebecca | None
Diane | None
Heather | None
Dennis | None
Sarah | None
Rob | None
Nicole | None
Ari | None
Hadyn | None
tanya | None
david | None
brianna | None
Tanya | None
Tanya | None
Sue | None
David | None
Erica | None
Johnna | None
Chris | None
Sean | None
Diane | None
Doug | None
Grant | None
Jami | None
Jason | None
Joe | None
Josh | None
Josh | None
Julianne | None
Karla | None
Kriston | None
Lance | None
Lupe | None
Meghan | None
Mike | None
Jay | None
Dave | None
Robert | None
Amanda | None
Sam | None
Chastity | None
Ted | None
Teary | None
Shannon | None
Patrick | None
Scott | None
Charles | None
Dave | None
johanna | None
Mike | None
Kurshell | None
Al | None
adeshola | None
aela | None
dave | None
gerard | None
jennifer | None
Bryn | None
Aggie | None
Abbie | None
Robert | None
Abel | None
Amy | None
April | None
Bryan | None
Thomas | None
Jesica | None
Raj | None
Ebuzz | None
Jyoshna | None
LaGazelle | None
Lenny | None
Jon | None
David | None
Brandon | None
Fiza | None
Stela | None
Roger | None
Nenad | None
Ashley | None
Jim | None
Sandra | None
Sandra | None
Dusti | None
Frances | None
Samantha | None
Ernest | None
Rodney | None
Delana | None
Boon | None
David | None
Ashley | None
Nenad | None
Baljinder | None
Radha | None
Marie | None
Marie | None
Kimberlee | None
Liz | None
John | None
Omar | None
robin | None
Sharon | None
Allison | None
Justin | None
John | None
Brigitte | None
Nicholas | None
Gary | None
Chris | None
Susie | None
Beth | None
Rao | None
Tasneem | None
Prem | None
Korupoju | None
Vani | None
Preeti | None
shravani | None
Tasneem | None
Rani | None
Vani | None
Preeti | None
Dhara | None
korupoju | None
Rani | None
Prabhakar | None
Oren | None
Donnie | None
Merri | None
Julie | None
Brittany | None
Jessica | None
Carol | None
Tiffany | None
Christina | None
Tyler | None
Don | None
Ryan | None
Rob | None
Michael | None
Jeff | None
Ethan | None
Terry | None
Justin | None
Savannah | None
Meagan | None
Don | None
Rob | None
Rob | None
Paola | None
Ana | None
Chris | None
Carter | None
kristen | None
Trisha | None
James | None
Bill | None
Elly | None
Thomas | None
allison | None
Nicole | None
Rebecca | None
Karen | None
Chad | None
Alex | None
Jennifer | None
Nolan | None
Savannah | None
Jay | None
Paola | None
Cathy | None
Raquel | None
gurdip | None
Michelle | None
Shawnee | None
Rochelle | None
Fallon | None
Kelly | None
Emily | None
Laurie | None
Kara | None
Tawnya | None
Liz | None
Jorge | None
Deya | None
Melat | None
Christie | None
Frank | None
Kristie | None
Lesley | None
Vickie | None
Kayla | None
Steve | None
John | None
Kristin | None
Catherine | None
Angelina | None
Chris | None
Madelene | None
David | None
Michelle | None
Clare | None
Chris | None
Anu | None
Abigail | None
Lindsey | None
Carrie | None
Alex | None
Matthew | None
Freddie | None
Brian | None
Shannon | None
Devon | None
Paul | None
Dori | None
Riya | None
Caroline | None
Chuck | None
Jenifer | None
Mark | None
Nick | None
Tim | None
Sam | None
Donald | None
Steffanie | None
Ryan | None
Dr. | None
Whitney | None
Fanta | None
Seth | None
Kia | None
Shawn | None
David | None
Nathan | None
Sabrina | None
Brian | None
Collin | None
Nikki | None
Fred | None
Kenneth | None
Troy | None
Robert | None
Michelle | None
Gopalasivam | None
Jason | None
Lisa | None
Reynolds | None
Hollie | None
Brianna | None
Lisa | None
Timothy | None
Camille | None
Briane | None
David | None
Dan | None
Monique | None
Teddy | None
Rasheema | None
Jason | None
Jeffrey | None
Kaitlyn | None
Sushmitha | None
Ashley | None
Janani | None
Sandy | None
Doreen | None
Mark | None
Gabriel | None
Coralie | None
Emmanuel | None
Kristi | None
Phillip | None
Sarah | None
Thomas | None
Haley | None
Gabriel | None
Cyril | None
Adolfo | None
Christine | None
irtiqa | None
Diane | None
Paul | None
Pilado | None
Pilado | None
Melissa | None
ri | None
nawrouz | None
Mohamed | None
Rachel | None
Anthony | None
Ketan | None
Aditya | None
Eric | None
Carolyn | None
Iana | None
Viswanadh | None
Grad | None
Jessica | None
Steve | None
Venkat | None
Archana | None
Ron | None
Sivasubramaniyam | None
Maureen | None
Amber | None
Shey | None
Ingrid | None
Kathy | None
Cathy | None
Carla | None
Alex | None
Stephanie | None
Amy | None
Loan | None
Erin | None
Emily | None
Michele | None
Tiffanie | None
Michael | None
Natalia | None
April | None
Shariese | None
Valerie | None
Kathy | None
Tom | None
Ben | None
Rachel | None
Connie | None
Abby | None
Renee | None
Kathy | None
Amanda | None
Marilyn | None
Albert | None
Tracy | None
Christina | None
Chris | None
Chris | None
Christopher | None
Jeff | None
Karen | None
Madoussou | None
Mona | None
Patrick | None
Ravi | None
Shannon | None
Pamela | None
Ariel | None
Anitha | None
Dewayne | None
Christina | None
Montse | None
Bryan | None
Deanna | None
Christopher | None
Sarah | None
Lincy | None
Brijesh | None
Ryan | None
John | None
Alex | None
Will | None
Aaron | None
Kristy | None
Shyrmagne | None
Alexandra | None
Amelia | None
Caberay | None
Cody | None
Ed | None
Kashie | None
Emaan | None
Joseph | None
Joseph | None
Keaton | None
Kevin | None
Martin | None
Mike | None
Eric | None
Nicole | None
James | None
Amelia | None
Vaughn | None
Sydney | None
Jeff | None
Rebecca | None
Aaron | None
Marty | None
Brett | None
Ryan | None
Vaughn | None
Rebecca | None
Kevin | None
Graham | None
Dane | None
Mike | None
Shannon | None
Shannon | None
Rigan | None
Michael | None
Joyce | None
Kevaughn | None
Alla | None
Wilson | None
Kathryn | None
Carol | None
Jennifer | None
Carmen | None
Jessica | None
Blake | None
Cleopatra | None
Jessica | None
Nadia | None
besa | None
Brenda | None
Roman | None
Andrew | None
Alexandra | None
Alexis | None
Patrick | None
Jyoti | None
Whitney | None
laura | None
shirley | None
tawny | None
Leah | None
Terri | None
Michelle | None
Charmaine | None
Desiree | None
Liz | None
Head | None
Daniel | None
Claire | None
Elizabeth | None
Danielle | None
Jaime | None
Ken | None
Jennifer | None
Dallas | None
Graham | None
Nichole | None
Laurie | None
Taylor | None
William | None
Angeline | None
Jake | None
Karen | None
Scott | None
Patrick | None
Stefan | None
Dan | None
Mary | None
Amy | None
Nichole | None
Andrew | None
Harbinder | None
Violet | None
Tracy | None
alexis | None
Noelle | None
Mike | None
Melissa | None
Oren | None
meagen | None
Jonathan | None
Harby | None
Harby | None
Harbinder | None
Clara | None
Christian | None
Bri | None
Angela | None
Jesse | None
Sreetama | None
Jesse | None
Harbinder | None
Bhairavi | None
Maytee | None
Katy | None
Bethany | None
Michael | None
cristian | None
daniel | None
harbinder | None
Harbinder | None
jake | None
John | None
Kathryn | None
kim | None
korynn | None
Korynn | None
monica | None
Nichole | None
Ashley | None
Alexander | None
Brittnee | None
Harbinder | None
Ashley | None
Bethany | None
Bethany | None
Alexandria | None
Margaret | None
Jonathan | None
Hamsa | None
Connor | None
Roxy | None
Travis | None
Roman | None
Tucker | None
Angela | None
Holly | None
siobhan | None
ramzi | None
alli | None
tara | None
peter | None
jennifer | None
conleith | None
charles | None
amy | None
Audrey | None
Chris | None
Jessica | None
Matt | None
Stephanie | None
Lay | None
Nayeem | None
Wayne | None
Xavier | None
David | None
Ebonie | None
Howard | None
Lacy | None
Monica | None
Roberto | None
Alicia | None
Christopher | None
Henry | None
Nichohl | None
Rebecca | None
Josue | None
Christopher | None
AJ | None
Henry | None
Bailey | None
arveen | None
jochen | None
mary | None
Lainee | None
Mattia | None
Andres | None
Dulcinea | None
Luis | None
Nicole | None
Amanda | None
Molly | None
Nikki | None
Jennifer | None
Aubrey | None
Blake | None
Burch | None
Chatney | None
Claudia | None
Clint | None
Eileen | None
Isha | None
KaDedra | None
Kate | None
Kevin | None
Miles | None
Nicholas | None
Saniya | None
Aneesah | None
Rochelle | None
Tanja | None
Shayla | None
Sharon | None
Hasan | None
Angela | None
John | None
Mary | None
Miranda | None
Nicholas | None
Samantha | None
Alyssa | None
lynne | None
jessica | None
eric | None
alex | None
paul | None
mary | None
logan | None
larissa | None
krysta | None
kelsea | None
clayton | None
emma | None
brendan | None
bradford | None
ashley | None
ashley | None
haley | None
calvin | None
Ellys | None
Johanna | None
Matthew | None
Mike | None
Micheal | None
na | None
Dwayne | None
Christopher | None
Micheal | None
Gladson | None
Aryana | None
Viviana | None
Amy | None
Catalina | None
Christine | None
Dawn | None
Guadalupe | None
Janet | None
Kelly | None
Kerri | None
Mario | None
Michael | None
Sarah | None
Carolyn | None
Tara | None
Janean | None
Ashley | None
Monique | None
Adam | None
Amy | None
Jennifer | None
Donna | None
Tina | None
De'Andre | None
Curtis | None
Anita | None
Anila | None
ed | None
nicole | None
David | None
Tom | None
Recruiter | None
Adam | None
Aidan | None
Zainab | None
Alia | None
Brendan | None
Katherine | None
Nick | None
Marianna | None
adam | None
Robert | None
Robert | None
Nate | None
Kate | None
Kevin | None
alia | None
Rebecca | None
robert | None
Yulia | None
Patricia | None
derek | None
ross | None
Jessica | None
L2401 | None
L2408 | None
Melinda | None
Aaron | None
Rima | None
Keith | None
Samira | None
tannah | None
dayteona | None
lisa | None
keyli | None
tyler | None
courtney | None
azana | None
david | None
jessica | None
Shane | None
Bill | None
Sam | None
Amanda | None
Kelsey | None
tony | None
tiffany | None
Timothy | None
Michael | None
Balaji | None
cassy | None
debra | None
grace | None
jason | None
jessica | None
marcina | None
richa | None
steve | None
ceara | None
David | None
Ryan | None
Emily | None
janora | None
john | None
Brandon | None
Brady | None
Diana | None
Celina | None
Rose | None
candice | None
Catherine | None
Dayle | None
Dillon | None
Elizabeth | None
Emily | None
Hailey | None
Hayden | None
Brooke | None
Heba | None
Jada | None
Jessica | None
Kara | None
Kara | None
Kerry | None
Kevin | None
Kori | None
Laura | None
Jacqueline | None
Brittany | None
Delaney | None
Alexis | None
Beverly | None
Terry | None
Rebecca | None
Athena | None
Layton | None
Kasey | None
Claire | None
Erin | None
christy | None
lena | None
lisa | None
nicole | None
Abby | None
Tony | None
Rebecca | None
Steve | None
Allison | None
Kiarra | None
Bryan | None
Amy | None
Helmuth | None
Henri | None
Jimmy | None
Laura | None
Marc | None
Suzanne | None
Raul | None
Nicole | None
Benoit | None
Pierol | None
Courtney | None
Scott | None
Rob | None
Cescelle | None
Justin | None
Christian | None
Oscar | None
Adam | None
Kenneth | None
khai | None
suprit | None
cicely | None
jeremy | None
jessika | None
Dalissa | None
Jamie | None
Michael | None
Bill | None
Lacie | None
Melissa | None
Kaylee | None
Christina | None
Charles | None
Russell | None
Saylor | None
Stacey | None
Arthur | None
Michael | None
Shaalu | None
Al | None
Simon | None
Billie | None
Gary | None
Zach | None
Sophie | None
Warren | None
Susan | None
Valentina | None
Torian | None
Torian | None
Tony | None
Tomas | None
Tomas | None
Tim | None
Tiffany | None
Thorpe | None
Taylor | None
Taylor | None
Will | None
Tara | None
Tara | None
Tami | None
SWAPNA | None
Susan | None
Stephanie | None
Tara | None
Paige | None
Shelby | None
Nick | None
Nick | None
Nicholas | None
Nicholas | None
Michelle | None
Michael | None
Mia | None
Nick | None
Holden | None
Henry | None
Heather | None
Heather | None
Hannah | None
Hannah | None
Haley | None
Grant | None
Holden | None
Sierra | None
Olivia | None
Paige | None
Scott | None
Sarah | None
Sara | None
Samantha | None
Robin | None
Robert | None
Riley | None
Marin | None
Richard | None
Paulina | None
Paulina | None
Paul | None
Paul | None
Paul | None
Patrick | None
Paix | None
Phil | None
Venkata | None
Reina | None
Angela | None
Andrea | None
Andrea | None
Andrew | None
Ani | None
Ani | None
Anna | None
Anthony | None
Ashley | None
Audra | None
Audra | None
Avery | None
Barbara | None
Barbara | None
Ben | None
Ben | None
Bill | None
Blake | None
Blake | None
Bradley | None
Bradley | None
Braelynn | None
Brandon | None
Brian | None
Brian | None
Brogan | None
Brooke | None
Caitlin | None
Amy | None
Carli | None
Amy | None
Allison | None
Megan | None
Steven | None
Kate | None
Adam | None
Karen | None
Evan | None
Kate | None
Delmont | None
Evan | None
Jake | None
Mark | None
Patricia | None
Ryan | None
Troy | None
Al | None
Albert | None
Albert | None
Alex | None
Alexa | None
Alexander | None
Alexander | None
Alexandria | None
Alexandria | None
Alexandria | None
Alexis | None
Ali | None
Alison | None
Amy | None
Yetunde | None
Carlie | None
Carrie | None
Eryn | None
Fady | None
Fady | None
James | None
James | None
Jake | None
Jacob | None
Jack | None
Isabelle | None
Tatum | None
Robert | None
kazeem | None
precious | None
Zackry | None
Olexa | None
Isaac | None
Tolani | None
Johnny | None
Joe | None
Shawn | None
Michael | None
Bonnie | None
Lauren | None
GIDEON | None
Divya | None
Roseline | None
Diana | None
Erin | None
Caroline | None
Jamison | None
Emilie | None
Carson | None
Caryl | None
Charlie | None
Chris | None
Christian | None
Collin | None
Connor | None
Connor | None
Connor | None
Connor | None
Daniel | None
Darren | None
Deanna | None
Deborah | None
Delmont | None
Derek | None
Devin | None
Dexter | None
Dinesh | None
Dyanna | None
Dylan | None
Dylan | None
Elaine | None
Elijah | None
Elise | None
Elise | None
Elizabeth | None
eric | None
Lily | None
Joseph | None
Josh | None
Kallee | None
Kallee | None
Kara | None
Katherine | None
Kathleen | None
Kathryn | None
Joshua | None
Katie | None
Kelsey | None
Kerri | None
Kevin | None
Kevin | None
Kevin | None
Kevin | None
Kelsey | None
Kim | None
Joseph | None
Jordan | None
Dylan | None
Donavon | None
Devyn | None
Amy | None
Alex | None
Aaron | None
Jordan | None
Jamison | None
Jen | None
Jennifer | None
Jill | None
Jill | None
Joanne | None
Jonathan | None
Jason | None
Kimberly | None
Kristen | None
Kristen | None
Margaret | None
Maria | None
Marquis | None
Mary | None
Matt | None
Matthew | None
Marcus | None
Matthew | None
Megan | None
Megan | None
Melanie | None
Melissa | None
Frank | None
Garret | None
Matthew | None
Marcus | None
Marc | None
Marc | None
Kristin | None
Kyle | None
Kyle | None
Laura | None
Lauren | None
Lauren | None
Lindsay | None
Lizzie | None
M’Kenzy | None
M’Kenzy | None
Mackenzie | None
Mackenzie | None
Madeline | None
Madeline | None
Mandy | None
Jane | None
Jessie | None
Genevieve | None
Leslie | None
Stephen | None
Tasha | None
Kathleen | None
Merrill | None
Christine | None
Kenneth | None
Michael | None
Jian | None
Erika | None
Alice | None
Chortney | None
Dustin | None
Kristin | None
Cassandra | None
Nnenna | None
Foley | None
mary | None
Larry | None
joline | None
bárbara | None
Alejandro | None
Stephanie | None
Beril | None
Jenessa | None
David | None
Parsa | None
Jens | None
🪄 | None
Joseph | None
Dave | None
Matt | None
Arin | None
Martin | None
Amelia | None
Mark | None
Marissa | None
Simon | None
Duray | None
Lesley | None
Haley | None
Alexa | None
Nelida | None
Linzie | None
Evan | None
Dominic | None
ben | None
erin | None
gregory | None
reis | None
Adam | None
Laura | None
Alexa | None
Andy | None
Xuan | None
Pat | None
Peter | None
Branda | None
Jeff | None
Maribel | None
Matt | None
Melani | None
Melissa | None
Olivia | None
Sara | None
Stephanie | None
Tara | None
Barbara | None
malena | None
resh | None
quinn | None
melissa | None
meg | None
lilian | None
nakemya | None
kirsten | None
julie | None
jenna | None
jen | None
kristen | None
james | None
fei | None
acacia | None
Brent | None
Rory | None
Brett | None
Dani | None
Dalen | None
Tajana | None
Reka | None
Ciprian | None
Raluca | None
Rani | None
Shane | None
Gary | None
Gretchen | None
Cory | None
David | None
Tracy | None
Gabrielle | None
Deandra | None
Purnama | None
Jason | None
Fuad | None
Eman | None
Devin | None
Farhana | None
Alexander | None
Patrick | None
Richard | None
Scott | None
Henry | None
Steven | None
Peter | None
Morgan | None
Jericha | None
Jamie | None
Ashley | None
Lucy | None
Lonnie | None
Lindsay | None
Libertad | None
Levi | None
Leonard | None
Lauren | None
Jonte | None
Corey | None
Grace | None
Lauren | None
Macie | None
Tia | None
Muhammad | None
Angelina | None
Shalini | None
Suchika | None
Michelle | None
damien | None
Madison | None
Madi | None
Luke | None
Lindie | None
Jerry | None
Ian | None
Thomas | None
Hannah | None
Daniel | None
Dan | None
Courtney | None
Catherine | None
Anne | None
Anna | None
admin | None
Evan | None
Caroline | None
toni | None
eric | None
janelle | None
karen | None
laura | None
shauna | None
todd | None
Duggan | None
Sheri | None
Glenn | None
Jazmin | None
Darin | None
dennis | None
na | None
Sergey | None
cian | None
richard | None
mason | None
liz | None
troy | None
josh | None
francesca | None
will | None
craig | None
ashley | None
alyssa | None
erin | None
Casey | None
jaime | None
Adam | None
Eric | None
Michael | None
Sonja | None
Mary | None
Neil | None
Mike | None
David | None
Robin | None
Curtis | None
Kate | None
Chris | None
Zachary | None
Joanmarie | None
Jon | None
Dorothy | None
Mary | None
Jack | None
Lisa | None
Wendy | None
Garry | None
Charles | None
Scott | None
Lauren | None
Lisa | None
Lauren | None
Angela | None
Tiffany | None
Brooke | None
Valerie | None
Aaron | None
John | None
Burke | None
Andrew | None
Joy | None
Alex | None
Jori | None
Frank | None
Lori | None
Nursyafira | None
Kelly | None
Jack | None
John | None
Amy | None
Tekisha | None
Lauren | None
Jody | None
Jamie | None
Anita | None
Lynn | None
Hudson | None
Carol | None
becca | None
katie | None
Adam | None
Karen | None
Robin | None
Linda | None
Jeff | None
Dennis | None
Alex | None
Greg | None
Sabrina | None
Jonathan | None
Juan | None
andy | None
anna | None
iván | None
maria | None
robyn | None
walter | None
maria | None
Cheryl | None
Alyssa | None
Heather | None
Hava | None
Ibtisam | None
Jodie | None
Mandee | None
Geoffrey | None
Johanna | None
Max | None
Kateryna | None
Vera | None
Nadiia | None
Natalia | None
Oksana | None
Katsiaryna | None
Yuliia | None
Masha | None
Mariia | None
Maria | None
Ana | None
Ekaterina | None
Hassan | None
Helen | None
chris | None
tami | None
maggie | None
Daniel | None
robbyn | None
bruce | None
charlie | None
harry | None
Pete | None
Cher | None
Debbie | None
Vicki | None
Candy | None
ken | None
Abby | None
Jason | None
Jason | None
Laura | None
Michelle | None
Nidia | None
Pamela | None
Victoria | None
Jeffrey | None
Chris | None
Erica | None
Deidre | None
Madison | None
Emily | None
Emily | None
Elze | None
Christopher | None
Becky | None
Angel | None
Leslie | None
Stuart | None
Katherine | None
Jerri | None
Amy | None
Nova | None
Lindsey | None
Kailey | None
Sherrie | None
Gabe | None
Amanda | None
Josh | None
Ella | None
Damien | None
Chloe | None
Caitlin | None
Ben | None
Andrew | None
Emily | None
Joe | None
Sarah | None
Rob | None
Richard | None
Rebecca | None
Fia | None
Emily | None
Matthew | None
Harry | None
Holly | None
James | None
Matthew | None
Matthew | None
Kat | None
Kevin | None
Levi | None
Liam | None
Lois | None
Louis | None
Neil | None
Martin | None
Michael | None
Kevin | None
Jenny | None
Jon | None
Sheri | None
na | None
Jason | None
Amy | None
Kelsey | None
Sarah | None
Andrew | None
Ashley | None
Eartha | None
Daniel | None
na | None
Monica | None
Kamryn | None
Bob | None
felicity | None
allison | None
krissy | None
marilee | None
Marisol | None
Megan | None
James | None
patrick | None
Emma | None
samuel | None
alec | None
anna | None
armenui | None
siranush | None
becca | None
brisa | None
brisa | None
cameron | None
charity | None
dana | None
deepali | None
heidi | None
julie | None
maura | None
meggie | None
melanie | None
siranush | None
armenui | None
maura | None
Brandon | None
gregg | None
Hannah | None
Tom | None
Mogilicherla | None
Mandy | None
G.Thanmaie | None
Andrew | None
Oliver | None
Nicole | None
Mary | None
John | None
Carl | None
Queen | None
Robert | None
Tawni | None
Charlie | None
Rebecca | None
Brittnie | None
Monty | None
joanne | None
noah | None
Carol | None
vanessa | None
Ashley | None
deborah | None
Jill | None
Jill | None
harry | None
carol | None
cara | None
kamari | None
Kevin | None
diamelys | None
Tara | None
Sheila | None
Sunshine | None
Nick | None
Jillian | None
Jordan | None
Justin | None
KateLynn | None
Leilah | None
Michelle | None
Mitch | None
Dwayne | None
Nina | None
Rukiya | None
Kevin | None
Jennifer | None
Gregory | None
alexandra | None
Alexandria | None
Ashley | None
Ashton | None
Ben | None
Bonnie | None
Christina | None
Cody | None
David | None
Sandra | None
Richard | None
candace | None
irvens | None
sonja | None
patrick | None
paola | None
jelena | None
anna | None
gabriela | None
craig | None
chris | None
candace | None
bill | None
Jessica | None
Carol | None
Jodi | None
Ted | None
Taralu | None
Margarita | None
Ethan | None
Brooke | None
Laura | None
Thilla | None
Daniel | None
Frank | None
Matthew | None
Sarah | None
Nicholaus | None
Matthew | None
Stephanie | None
Giahna | None
Derek | None
Lisa | None
Danielle | None
Matthew | None
Joey | None
Bethany | None
Carly | None
Christian | None
Krista | None
Gabrielle | None
Jerry | None
Gina | None
Peter | None
Sherri | None
Ki'Asha | None
Kirsten | None
Lyndsey | None
Angie | None
Brett | None
Debbie | None
Jessica | None
Tosin | None
Sara | None
Andrew | None
Cory | None
Tasha | None
Sangeetha | None
Adam | None
Angela | None
Akin | None
Brent | None
Christian | None
Chris | None
Destiney | None
John | None
Kevin | None
Melissa | None
Kerri | None
Gabrielle | None
Tayler | None
Lindsay | None
Calvin | None
Andrew | None
Cameron | None
Karla | None
Andrew | None
Andy | None
Prasanthi | None
Luci | None
Angela | None
Bridey | None
Nhu | None
Stephanie | None
Steve | None
rachel | None
kairi | None
heidi | None
katie | None
darina | None
cristina | None
amber | None
eddie | None
Mark | None
Brea | None
Danny | None
Megan | None
Mike | None
Jeremy | None
Raymond | None
Kyle | None
Monica | None
Nicholas | None
Rob | None
Robert | None
Roger | None
Samuel | None
Tori | None
Lisa | None
Charlotte | None
Peggy | None
Lexi | None
Jonathan | None
D'Quill | None
Dylan | None
na | None
Sasha | None
Rita | None
na | None
Jonathan | None
D'Quill | None
Jesse | None
Darren | None
Kirsten | None
Calum | None
Mallory | None
Ainur | None
Iris | None
Angie | None
Deborah | None
Jessica | None
Felipe | None
Hugo | None
Israel | None
Lisanne | None
Vicky | None
Lorraine | None
Destiny | None
L | None
Linda | None
Monica | None
Ben | None
Faye | None
Jessica | None
Natthajak | None
Rhiannon | None
Dennis | None
Aitor | None
Caitie | None
Aaron | None
jamie | None
katherine | None
nancy | None
shannon | None
shwetha | None
david | None
chris | None
gregory | None
Lenox | None
Rachel | None
Lauren | None
Kristen | None
Jon | None
Emily | None
Jessie | None
Julie | None
grayson | None
Terrell | None
terrell | None
jonathan | None
shane | None
lucy | None
matt | None
Michael | None
Kelly | None
Ana | None
amanda | None
Karen | None
Richard | None
Aaron | None
Jeff | None
TJ | None
Jonathon | None
Brett | None
Sean | None
Vivian | None
Abby | None
Alex | None
Amanda | None
Amanda | None
Andrew | None
Angela | None
Benjamin | None
Bobby | None
Cassie | None
Claudia | None
Corry | None
Erica | None
Craig | None
Jaylen | None
Jennifer | None
Jimmy | None
Jon | None
Juanita | None
Kaila | None
Mary | None
Michael | None
Shane | None
Robert | None
Ryan | None
Scott | None
Jasmin | None
Michelle | None
Sierra | None
Dylan | None
Alyse | None
Anneliese | None
Deborah | None
Tammy | None
Amanda | None
Linda | None
Alison | None
Nicole | None
Emani | None
Hannah | None
Kaelan | None
Greg | None
Cassie | None
Jordan | None
Amanda | None
Anthony | None
Racheal | None
Jon | None
Adam | None
Andrew | None
Anna | None
Whitney | None
Lisa | None
Holly | None
Paul | None
Brendan | None
John | None
Cory | None
Amanda | None
Mark | None
Brendan | None
Abby | None
Lindsay | None
Kenny | None
Aly | None
Katrina | None
Val | None
Erin | None
Jennifer | None
Dan | None
Julie | None
Abigail | None
Shannon | None
Maria | None
Liane | None
Jaimi | None
Robin | None
Darrin | None
Nick | None
Tom | None
Bill | None
Julian | None
Jason | None
Jaydan | None
Jen | None
Jennifer | None
Jill | None
Joe | None
Joey | None
John | None
Jordan | None
JOSH | None
Josh | None
Josie | None
Karen | None
Karrie | None
Katie | None
Kelley | None
Kellie | None
Brock | None
Kristal | None
Kurt | None
Lauren | None
Jacob | None
Melissa | None
Hayden | None
Glory | None
Robin | None
Alvin | None
Jerry | None
Sarah | None
Alantae | None
Lori | None
Tyler | None
Caleb | None
Ceci | None
Celeste | None
Charles | None
Chuck | None
Cody | None
Coleton | None
Dalton | None
Dan | None
Danne | None
Dawn | None
Dustin | None
Eric | None
Frank | None
Gordy | None
Liecia | None
Stefanie | None
DeTaris | None
Leslie | None
Rob | None
Vanessa | None
Sydney | None
Brian | None
Tyra | None
Jeremy | None
Maguire | None
Marcus | None
CJ | None
Janell | None
Savannah | None
Andrew | None
Dan | None
Jennifer | None
Michael | None
Tyler | None
David | None
Karen | None
Emily | None
Thomas | None
Marnnie | None
Jennifer | None
Amber | None
Melissa | None
Britony | None
Brian | None
Brian | None
Brian | None
Brent | None
Benita | None
Ben | None
Bart | None
Austin | None
Ashley | None
Ashleigh | None
Anthony | None
Amy | None
Amber | None
Alissha | None
Alexander | None
Alex | None
Ajay | None
Abby | None
Aaron | None
Nick | None
Christhian | None
Ryan | None
Brandon | None
David | None
Hailey | None
Sheri | None
Angela | None
Scott | None
Leigh | None
Virginia | None
Kat | None
Ellie | None
Wendy | None
Sean | None
Vlad | None
Megan | None
Michael | None
David | None
Staci | None
Nina | None
Crystal | None
Melissa | None
Jordan | None
Spencer | None
Katie | None
Phil | None
Duane | None
Eric | None
Sarah | None
Joseph | None
Ben | None
Addie | None
Christopher | None
Sal | None
Shelby | None
Jessica | None
Chris | None
Mahek | None
Jason | None
Ashley | None
Brittany | None
Danielle | None
Trystn | None
Linnae | None
Sasha | None
Whitney | None
Miranda | None
George | None
Christian | None
Naomi | None
Nate | None
Linnae | None
Bryan | None
Lorenzo | None
Brittany | None
Aimee | None
Don | None
Mark | None
Austin | None
Jackie | None
David | None
Taelyr | None
Brian | None
Christopher | None
Zach | None
Brooke | None
Katy | None
Bailey | None
Chad | None
Chelsea | None
James | None
Josh | None
Zach | None
Sean | None
Seth | None
Shanai | None
Shawn | None
Sherri | None
Sondrae | None
Steven | None
Taesha | None
Taylor | None
Tenzin | None
TJ | None
Trent | None
UT | None
Logan | None
Zac | None
Zach | None
Sarah | None
Alissa | None
Daniel | None
Amonique | None
Keith | None
Louis | None
Alan | None
George | None
Angie | None
Sierra | None
Audrey | None
Taylor | None
Carolina | None
Shar | None
Elizabeth | None
Brianna | None
Shelby | None
Jessica | None
Chad | None
Robert | None
Griffin | None
Anastasia | None
Daniel | None
Brian | None
Vanessa | None
Emily | None
Michael | None
Bailey | None
Cristy | None
Haley | None
Sandy | None
Mandi | None
Eric | None
Sascha | None
Giovanna | None
Cade | None
Jacob | None
Paul | None
Sandy | None
William | None
Marjorie | None
Ronnie | None
Mary | None
Matt | None
Matthew | None
Melissa | None
Michael | None
Miki | None
Nicholas | None
Palmer | None
Paul | None
Peter | None
Rachel | None
Sam | None
Sam | None
Sam | None
Ryan | None
Rebecca | None
Rhonda | None
Ricardo | None
Marche | None
Madalynn | None
Ronnie | None
Luke | None
Lucas | None
Trudi | None
Serena | None
ashley | None
nour | None
marouen | None
kamel | None
sabrine | None
pietro | None
Marc | None
Rachel | None
Lan | None
Kelsey | None
Jeffrey | None
Brittany | None
Whitney | None
Monique | None
Lukenson | None
Karen | None
Michael | None
Reggie | None
Shelbert | None
Mariel | None
Lisa | None
Jamilah | None
Fiona | None
Alexander | None
Dominik | None
Dawn | None
paula | None
frank | None
luis | None
lindsey | None
andi | None
chris | None
sara | None
emily | None
lacey | None
mary | None
marissa | None
katy | None
katie | None
janine | None
harshal | None
david | None
darvin | None
charisma | None
brinda | None
brandon | None
alex | None
abigail | None
samir | None
sarah | None
stephanie | None
subash | None
matthew | None
melissa | None
tyler | None
omar | None
rocio | None
paloma | None
molly | None
pallavi | None
Soundary | None
Kavitha | None
Belle | None
Jonathan | None
Jon | None
Stephanie | None
Colleen | None
John | None
Emily | None
Kylie | None
Joe | None
Jack | None
Immanuel | None
Nicholas | None
George | None
Matt | None
Kevin | None
Ally | None
Paige | None
Richard | None
Max | None
Austin | None
Brian | None
Cecilia | None
Kristin | None
Gianna | None
jordan | None
heidi | None
kam | None
kate | None
kate | None
lee | None
linkedin | None
nicola | None
phoebe | None
rhiannon | None
sarah | None
sarah | None
selcybil | None
smilte | None
jason | None
waheeda | None
justin | None
jessica | None
emily | None
becky | None
brandon | None
emily | None
georgia | None
Katie | None
Cassidy | None
Susan | None
alison | None
lacey | None
jennifer | None
denise | None
Crystal | None
Christine | None
samantha | None
kiora | None
Blanca | None
na | None
Jorge | None
Lauren | None
Blanca | None
Tia | None
Ryan | None
Megan | None
Carrie | None
Kimberly | None
aaron | None
bradley | None
mark | None
mamadou | None
jack | None
danny | None
Dakotah | None
Kelly | None
Karishma | None
stephanie | None
joe | None
ryan | None
Ryan | None
Robert | None
Scottie | None
Tara | None
Nichole | None
Kyle | None
Shawn | None
Vearl | None
Kevin | None
Elisa | None
Mark | None
Cheryl | None
Chevy | None
Don | None
Lauren | None
Donnita | None
Drew | None
Michael | None
Drew | None
Jake | None
Jordan | None
Joshua | None
Kate | None
Ean | None
John | None
sara | None
giovanna | None
giovanni | None
debora | None
lucia | None
barbara | None
constantine | None
takesha | None
summer | None
Alan | None
Ella | None
Adam | None
Allison | None
Nick | None
Tony | None
Kristen | None
Vijay | None
Ronni | None
Amber | None
Stan | None
Moe | None
Karina | None
Jacob | None
Cameron | None
Elaine | None
Shellie | None
Daisy | None
Patrick | None
Julie | None
Breah | None
Kacie | None
Jay | None
Michelle | None
Stephen | None
polina | None
Mary | None
Ann | None
Khanna | None
Kim | None
Mira | None
Jericho | None
Khanna | None
Luke | None
María | None
Ed | None
Mira | None
Nath | None
Nicoleta | None
Phil | None
Rodelyn | None
Sarah | None
Gabriela | None
Camilo | None
Mary | None
Cristian | None
Sam | None
Geraint | None
Joe | None
Lachlan | None
Vlad | None
Alex | None
Mihaela | None
Andrei | None
Simona | None
Shaina | None
Malina | None
Teodora | None
Connor | None
Alina | None
Amelia | None
Amy | None
Ann | None
Camilo | None
Diana | None
Smaranda | None
Andreea | None
Yveth | None
Tom | None
Yveth | None
Brett | None
Michelle | None
Danielle | None
Darryl | None
Anny | None
Erin | None
Denzel | None
Mark | None
Nicoleta | None
Steve | None
Helen | None
Anass | None
Yosi | None
Francisca | None
Oliviu | None
Francis | None
Alina | None
Taylor | None
Bianca | None
Jericho | None
Erin | None
Luke | None
Henry | None
Teodora | None
Anhar | None
Miguel | None
Michelle | None
Larry | None
Gabriela | None
Diana | None
Anass | None
Teodora | None
Ed | None
María | None
Jericho | None
Magdalena | None
Ann | None
Camilo | None
Elena | None
Amelia | None
Rachael | None
Amelia | None
Diana | None
Nico | None
Elena | None
Daniel | None
Ed | None
Nicoleta | None
Anass | None
Nicoleta | None
Alina | None
Codrina | None
Rianna | None
Elena | None
Gabriela | None
Gabriela | None
Jasmin | None
Juliana | None
Daniela | None
Diana | None
Daniela | None
Cesar | None
María | None
Larry | None
Iván | None
Camilo | None
Julian | None
Erick | None
Christopher | None
Elijah | None
Jesse | None
Rachel | None
Nana | None
Sandhya | None
Raghavendra | None
Anup | None
Jesse | None
Brian | None
Hiral | None
LaTina | None
Jansi | None
Melissa | None
Amy | None
Anna | None
Jen | None
Shannon | None
Tammy | None
Katie | None
Hala | None
Mursal | None
Gabriella | None
Annette | None
Maureen | None
Keith | None
Megan | None
hand | None
Scott | None
Amy | None
Jeffrey | None
Taryn | None
Robert | None
Tina | None
Justin | None
Jeanine | None
Melissa | None
Candace | None
Rebecca | None
Scott | None
Mary | None
Monica | None
Nolan | None
Jennifer | None
Danny | None
cindy | None
Rick | None
Michelle | None
Michael | None
Megan | None
Mara | None
LeeAnne | None
Lauren | None
Kellen | None
James | None
Ernesto | None
Cailey | None
Bill | None
Amy | None
Alan | None
Abraham | None
Kevin | None
Anne | None
Christie | None
Evette | None
Luna | None
Maura | None
Hazelle | None
Hailey | None
Irsah | None
Rachel | None
Stefanie | None
Kourtney | None
Dustin | None
Jenny | None
Erin | None
Lisa | None
Michael | None
Angela | None
Cameron | None
Ann | None
Cesar | None
Daisy | None
Daniela | None
Eric | None
Jamie | None
Kevin | None
stephan | None
sonia | None
lora | None
lolis | None
stacey | None
gordon | None
celika | None
kari | None
Miekah | None
Alex | None
Sarah | None
tatem | None
Steve | None
Diana | None
Adrianna | None
David | None
Monica | None
Jill | None
kim | None
alexander | None
jens | None
kseniia | None
mihajlo | None
Esther | None
Erin | None
Elizabeth | None
Deirdre | None
Satadru | None
Sachin | None
Abhishek | None
Prasath | None
Neeraj | None
Swetha | None
Iliana | None
Swetha | None
Heera | None
Paulina | None
Monica | None
Pallavi | None
Prasanna | None
Shawna | None
Suresh | None
Mannoj | None
Neeraj | None
Amit | None
Prashant | None
Santosh | None
Prathyusha | None
Kathryn | None
Amir | None
Sanaya | None
Maninder | None
Susie | None
Raghu | None
Patrick | None
Im | None
Gangadhar | None
UP | None
Andy | None
john | None
Derrick | None
Tara | None
steven | None
stephanie | None
Austin | None
shawn | None
robert | None
Rob | None
demetria | None
greg | None
hayley | None
Jason | None
robby | None
Andrea | None
Victoria | None
Liliana | None
Kathleen | None
Justin | None
Cari | None
Cindy | None
Heather | None
Meghan | None
Nicholas | None
Tiffany | None
Jeannie | None
Brandon | None
Jenn | None
Kayla | None
Napoleon | None
Marie | None
Jyl | None
Kylee | None
CHELSEA | None
Ellie | None
Brooke | None
Madeline | None
Fernanda | None
Katie | None
Sami | None
Lynn | None
Marvin | None
Aarohi | None
Julie | None
Jen | None
Lauren | None
Kendra | None
Dora | None
Katie | None
Brie | None
Brad | None
Rolf | None
Gene | None
shelby | None
Teri | None
Leena | None
Moe | None
Nick | None
Guillaume | None
Noah | None
Hannah | None
Clifton | None
Lydia | None
Annie | None
Grace | None
Katarina | None
Jasjit | None
Marta | None
Taylor | None
Jenny | None
Candice | None
Shannon | None
Irina | None
Hannah | None
Courtney | None
Nicole | None
Sean | None
Erin | None
Katherine | None
Jay | None
Jean | None
Tara | None
Sean | None
Sabrina | None
Lindsay | None
Remy | None
Paula | None
McCall | None
Matthew | None
Martha | None
Maria | None
Lisa | None
Roxanne | None
Kevin | None
Julie | None
Abbi | None
Cynthia | None
Lekeisha | None
Elbony | None
Elizabeth | None
Danielle | None
Eva | None
Gideanne | None
Jessica | None
Julianna | None
Erin | None
Brianna | None
Michele | None
Keenan | None
Misael | None
Natasha | None
Veronica | None
dennise | None
aj | None
vankham | None
pierre | None
nicole | None
michael | None
angelica | None
marcus | None
jordan | None
elena | None
mark | None
Kim | None
Samantha | None
Tom | None
amy | None
casey | None
faith | None
lindsay | None
skylar | None
gan | None
hayden | None
camila | None
andrea | None
radhika | None
angela | None
bonnie | None
haydn | None
jen | None
kartik | None
lori | None
patrick | None
subhashini | None
Monsicha | None
Minya | None
Teri | None
Tracey | None
Myra | None
Matthew | None
Eric | None
Huyen | None
Jay | None
Brenda | None
Carmen | None
Gustavo | None
Darren | None
Hunter | None
Sabrina | None
Deangelo | None
Lux | None
Andrew | None
patrick | None
ben | None
billy | None
peter | None
Theophilus | None
Reetika | None
Darlene | None
Harry | None
Kedicia | None
aimee | None
amie | None
ann | None
daniel | None
deidre | None
greg | None
janika | None
jennifer | None
jessica | None
mackenzie | None
maya | None
nadine | None
simon | None
taylor | None
terri | None
tony | None
vladan | None
zayna | None
jaclyn | None
Tyler | None
Tyson | None
Austin | None
Kaylee | None
Kevin | None
Angharad | None
Anthony | None
Zenia | None
scott | None
ryan | None
Ronda | None
Neiko | None
Natalie | None
Morgan | None
Monica | None
Monica | None
Mitch | None
lisa | None
Megan | None
Kelly | None
John | None
Issy | None
Daniel | None
Cathy | None
Brooke | None
Brad | None
Austin | None
Ashley | None
Anthony | None
Amani | None
Leigh-Taylor | None
Mateo | None
Susan | None
Chloe | None
Linda | None
Ugochukwu | None
Jonathan | None
Shanthi | None
M_etema | None
aarifbo | None
mr.yuvrajsingh | None
Tory | None
Matt | None
amy | None
Christopher | None
Yolande | None
Ana | None
Winston | None
John | None
Daphne | None
Brent | None
Priya | None
Brent | None
Blake | None
Colin | None
Assaad | None
Vladyslav | None
Cesar | None
Kimberly | None
Leo | None
Gayathri | None
Philly | None
Meghan | None
Kristin | None
Lacey | None
Kyle | None
Derick | None
Brian | None
Colin | None
Maria | None
Olivia | None
crystal | None
hangoo | None
james | None
jaz | None
joshua | None
kevin | None
lauren | None
leo | None
lisa | None
naiyh | None
noemy | None
ryan | None
suyong | None
taylor | None
tim | None
victoria | None
alyssa | None
anna | None
Ashley | None
Bonnie | None
margaret | None
marissa | None
austine | None
nathan | None
olena | None
phil | None
rocco | None
ross | None
stephen | None
taylor | None
angie | None
kiel | None
terri | None
eric | None
chris | None
chelsea | None
carissa | None
brian | None
breanna | None
brandon | None
frank | None
tannor | None
vivian | None
trillium | None
suzanne | None
vanessa | None
sonny | None
andrea | None
stephanie | None
beth | None
nora | None
morgan | None
michelle | None
matthew | None
mariana | None
lucy | None
krystal | None
kelsey | None
kelly | None
karla | None
johana | None
jinnie | None
ivy | None
hillary | None
erin | None
erika | None
emily | None
elizabeth | None
eddie | None
danielle | None
ciara | None
celeste | None
carmen | None
camryn | None
amanda | None
alissa | None
alexa | None
adriana | None
sarah | None
reilly | None
raveena | None
patricia | None
caitlin | None
brianna | None
Aida | None
David | None
Donna | None
Ponni | None
Sarah | None
mel | None
roslyn | None
richelle | None
ciera | None
Zachary | None
Meghan | None
Lisa | None
Jeffrey | None
Lesleigh | None
Andrew | None
Brian | None
Chance | None
Chris | None
Ellen | None
Kathleen | None
Makayla | None
Alyssa | None
Gary | None
Abigail | None
alona | None
paulina | None
ngô | None
magdalena | None
katarzyna | None
Melanie | None
Sueeing | None
Rob | None
Gopi | None
Eunice | None
Lou | None
Erica | None
Laura | None
Shruthi | None
Jeff | None
Annie | None
Brandon | None
Gillian | None
Ashley | None
Eroica | None
Michelle | None
Tyler | None
Kara | None
Katelynne | None
Michael | None
Mia | None
Connie | None
Nichole | None
Janki | None
Viennie | None
Ashley | None
Daniel | None
Jake | None
Kimberly | None
Kevin | None
Lynn | None
Kim | None
Ayon | None
Brigette | None
Austin | None
Ricardo | None
Anthony | None
Bee | None
Bethany | None
Heather | None
Megan | None
Erica | None
Angie | None
Lisa | None
Bethany | None
Nicoletta | None
Celina | None
Tony | None
Madison | None
Steph | None
Kirsten | None
Priiti | None
Eric | None
Annemarie | None
Alisia | None
Aimee | None
Annie | None
Stefanie | None
Lindsay | None
Chan | None
Sarah | None
Sarah | None
Lilly | None
Dan | None
Angelyn | None
Jovell | None
Lee | None
Kieran | None
Kitti | None
Kristen | None
Kristine | None
Laura | None
Lynn | None
S | None
Nivya | None
Oliver | None
Rich | None
Ross | None
Selina | None
Sophia | None
Suzie | None
Marek | None
Josie | None
Anh | None
Jennifer | None
Una | None
Natalie | None
Emma | None
Star | None
Lisa | None
Gustavo | None
Adam | None
Bella | None
Jennifer | None
Bonnie | None
Casey | None
Cecile | None
Connie | None
Daniel | None
Deana | None
Elena | None
Elieen | None
Hannah | None
Carol | None
Zineb | None
Steve | None
Matthew | None
Marley | None
Holly | None
Dalton | None
georgina | None
Kimberly | None
Tatiana | None
Jennifer | None
Williams | None
Tiara | None
Robert | None
Melinda | None
Joe | None
Hope | None
Jeb | None
Jonathan | None
Michael | None
Asia | None
Mumtaz | None
Lori | None
Tatiana | None
Kayne | None
Brandi | None
Brooke | None
Tonaci | None
Hannah | None
Steven | None
Hunter | None
Kurt | None
Alin | None
Deondra | None
Grady | None
Nino | None
Nora | None
Dalton | None
Angelica | None
Sherry | None
Alexis | None
Charlene | None
Sweta | None
Catherine | None
Pam | None
John | None
Kerina | None
Danielle | None
Raquel | None
Utsav | None
Carrie | None
Caitlin | None
Daniel | None
Elizabeth | None
Claire | None
Selina | None
Kyle | None
Wesley | None
Morgan | None
Bruno | None
Matt | None
Andy | None
Linda | None
Stephanie | None
Jennifer | None
Didi | None
Gloria | None
Matt | None
Lauren | None
Amanda | None
Scott | None
Michael | None
Ivan | None
Katie | None
Charlotte | None
Madeline | None
Kathryn | None
Madeleine | None
Creighton | None
Dylan | None
Valinda | None
Brian | None
Holly | None
Bob | None
Christy | None
Emma | None
Ray | None
E. | None
Kelsey | None
Zac | None
Art | None
Arlene | None
Trammy | None
Josh | None
Nicole | None
austin | None
david | None
Anthony | None
David | None
Austin | None
Kimberly | None
Heather | None
NICOLE | None
Eric | None
John | None
Christie | None
Craig | None
Nicole | None
Timothy | None
John | None
Janis | None
Kim | None
Beverly | None
Tsholofelo | None
Lami | None
Marcelo | None
Jeet | None
Elizabeth | None
Krish | None
Jasen | None
Mark | None
Rob | None
Jose | None
Edward | None
Nathaniel | None
Leda | None
Lincoln | None
Rob | None
Richard | None
R | None
Sabina | None
Mark | None
Lincoln | None
jaya | None
VKevaal | None
Ba | None
Nagaraj | None
jose | None
Erika | None
Beau | None
Houda | None
Ramsha | None
Mike | None
Matt | None
Wesley | None
Travis | None
Gary | None
Richard | None
Devon | None
S | None
Geno | None
George | None
John | None
Connor | None
Pankaj | None
Kerry | None
Kathy | None
Scotty | None
Courtney | None
Matthew | None
Indira | None
Amruta | None
Rachel | None
Jason | None
Brandon | None
Hayden | None
Ashley | None
Brannon | None
Will | None
Chad | None
Douglas | None
Dawn | None
Sofiya | None
Kirill | None
Carlos | None
Martin | None
Rafaela | None
Natali | None
Giovanna | None
Aigul | None
Thiago | None
Victoria | None
Evgeniya | None
Dmitrii | None
Lucas | None
Russel | None
Radik | None
Conrado | None
Victoria | None
Louisa | None
Aleksandr | None
Olga | None
Thiago | None
Elen | None
Lenar | None
Victoria | None
Lenar | None
Joshua | None
Tatev | None
Chrisanne | None
Nick | None
Aaron | None
Cammi | None
Lisa | None
Katherine | None
Sha’haun | None
Dawn | None
Matt | None
Tisha | None
Tammy | None
Heather | None
Natalie | None
Lori | None
Molly | None
Sydni | None
Andy | None
Tina | None
Jose | None
kelly | None
vickie | None
Oksana | None
Dan | None
Sarah | None
Stephanie | None
Megan | None
Kevin | None
Sha’haun | None
Paul | None
Megan | None
Gregory | None
David | None
Trevor | None
Bill | None
Meili | None
Brittani | None
Aira | None
Felicia | None
sam | None
monica | None
mary | None
joji | None
felicia | None
aira | None
Aira | None
Andy | None
Sam | None
Rick | None
Laura | None
Jenifer | None
Brad | None
Angela | None
Addam | None
Aamir | None
Vlessie | None
Jonah | None
Jesselyn | None
Jamie | None
ethan | None
Ericka | None
Drew | None
Christina | None
Daniel | None
Curt | None
Abigail | None
Brooke | None
Mara | None
Kyle | None
Doug | None
Lauren | None
Mark | None
Taylor | None
Paul | None
Vendela | None
Taylor | None
Jesselyn | None
Steven | None
Matt | None
Pamela | None
Hannah | None
Matt | None
Amy | None
Gershia | None
Trish | None
Stan | None
Yadi | None
Dylan | None
Andrew | None
Tamlyn | None
Jacob | None
Natalie | None
Kendra | None
Gillian | None
Dylan | None
Quinn | None
Jacob | None
James | None
Tony | None
Patricia | None
Jackson | None
Kaitlin | None
Katie | None
Kendra | None
Tamlyn | None
Katie | None
Kaitlin | None
John | None
James | None
Jake | None
Jake | None
Jacob | None
Jackson | None
Holly | None
Dan | None
Andrew | None
Kaitlin | None
Gillian | None
Kendra | None
Yadi | None
Holly | None
Natalie | None
Jackson | None
Praveen | None
Cathriona | None
Tamlyn | None
Vamshi | None
Jake | None
Clinton | None
Dan | None
Jacob | None
Yadi | None
Jacob | None
Katie | None
Natalie | None
Andrew | None
Caleb | None
Shane | None
Kendra | None
Clinton | None
Caleb | None
Bianca | None
Bianca | None
April | None
Andrea | None
Andrea | None
Clinton | None
Yadi | None
Tony | None
Tamlyn | None
Patricia | None
Sean | None
Nick | None
Will | None
Kylie | None
Cassidy | None
Marina | None
Linda | None
Kasey | None
Esther | None
Lindsey | None
Emily | None
Jamie | None
Jessica | None
Camila | None
Mallory | None
Sommer | None
Michael | None
Mac | None
Manoj | None
Max | None
Munish | None
Deepti | None
Narinder | None
Neha | None
Niamh | None
Oliver | None
Muskaan | None
Logan | None
Harleen | None
Lauren | None
Keshav | None
Katelin | None
Josh | None
Charlotte | None
Fraser | None
Ellis | None
Ellie | None
Elise | None
Ollie | None
Lee | None
Oshin | None
Vinay | None
Pranavjeet | None
Noah | None
Becky | None
Charlie | None
Carolina | None
Maisie | None
Abbey | None
Jenna | None
Edward | None
Josh | None
Abdur | None
Yaman | None
Tushar | None
Tobias | None
Supneet | None
Stella | None
Smile | None
Shivani | None
Sagar | None
Ryan | None
Ross | None
Roger | None
Rebecca | None
Pulkit | None
Pooja | None
Antony | None
hannah | None
Amit | None
Ffion | None
Harry | None
Katelin | None
Harry | None
Pulkit | None
Sam | None
Joseph | None
Bryan | None
Ed | None
Tylah | None
Oliver | None
Christian | None
Brianna | None
Michael | None
Matt | None
Madison | None
Kelvin | None
James | None
Fraser | None
Ellen | None
Alyssa | None
Andy | None
Christina | None
Alex | None
Josh | None
anthony | None
Adam | None
Adam | None
Abhinav | None
Aaron | None
Elliott | None
Tom | None
Neil | None
Mark | None
Joseph | None
matt | None
Alex | None
Alys | None
luke | None
jenna | None
jenna | None
james | None
james | None
Aman | None
hannah | None
george | None
george | None
bryan | None
luke | None
Megan | None
Veronica | None
Diane | None
mary | None
lauren | None
julia | None
cassidy | None
brandi | None
pearl | None
austin | None
angela | None
Calvin | None
Ashleigh | None
Sharon | None
benny | None
Angela | None
Brian | None
Chad | None
Brian | None
Karinna | None
MJ | None
Bob | None
Christine | None
Bill | None
Britt | None
Andrew | None
Haley | None
Zach | None
Bill | None
Craig | None
Drew | None
Tom | None
Jack | None
Tyler | None
Brian | None
Christopher | None
Jana | None
Casey | None
Bridget | None
Shanika | None
Hannah | None
Nate | None
Mark | None
Charles | None
Thor | None
Doug | None
Jason | None
Subashini | None
Nivetha | None
David | None
kris | None
Sagar | None
Naresh | None
Rachel | None
Dorothy | None
Chandra | None
Krupa | None
kasukurthi | None
Renuka | None
Sridivya | None
Santosh | None
Prateesh | None
Sharon | None
Konide | None
Luke | None
pradeep | None
Ram | None
Lokesh | None
Feliza | None
Jeanie | None
Chinnamma | None
Carolyn | None
Anthony | None
Deborah | None
Chakri | None
Naveen | None
Anthony | None
Michael | None
Rick | None
Porter | None
Norvell | None
Monique | None
Mobolaji | None
Merwan | None
Jon | None
Lorraine | None
Lori | None
Kenny | None
Kendrick | None
Salina | None
Jessica | None
Jennifer | None
Marie | None
Scott | None
William | None
Steven | None
Larry | None
Jeff | None
Dhanashri | None
Justin | None
Scott | None
Jonathan | None
Yasha | None
Stacey | None
Liketa | None
Lisette | None
Daniel | None
Jolie | None
Uchenna | None
Travis | None
Tierney | None
Sydney | None
Raul | None
James | None
Ikram | None
Cathy | None
Sydney | None
Durgesh | None
Tanmay | None
Jon | None
Jessica | None
Julie | None
Durgesh | None
Stacey | None
George | None
Jacob | None
Stacey | None
David | None
Daniel | None
Cleopatra | None
Christi | None
Charles | None
Chad | None
Dan | None
Cameron | None
Caleb | None
Brycen | None
Brandon | None
Becky | None
Bill | None
Cathy | None
Ben | None
Matt | None
Matt | None
Jerimiah | None
Jeremy | None
Jack | None
Jeannette | None
Donna | None
Charle | None
Saurabh | None
Briana | None
Joe | None
Scott | None
Dee | None
Tim | None
vandana | None
Антонина | None
Brett | None
Christopher | None
Dominic | None
Gladys | None
Jason | None
Madina | None
Matt | None
Ayush | None
Tamara | None
Alejandra | None
Donna | None
Tamara | None
J.T. | None
Jerimiah | None
Lexi | None
Matt | None
Tim | None
Jeannette | None
Scott | None
Saurabh | None
Amandeep | None
Evangelina | None
Raegan | None
Tommi | None
Charle | None
Alejandra | None
Ayush | None
Charle | None
Donna | None
Jeremy | None
Joe | None
Matt | None
Raegan | None
Rob | None
Saurabh | None
Rob | None
J.T. | None
Vandana | None
Helene | None
Cherrisse | None
Alexis | None
Thomas | None
Moses | None
John | None
Arjun | None
Ting | None
Marian | None
Felicia | None
David | None
Ken | None
Jeff | None
Ting | None
Latoya | None
Marian | None
John | None
Cherrisse | None
Thomas | None
Alexis | None
Moses | None
John | None
Latoya | None
Jeff | None
John | None
Ken | None
Jeff | None
Helene | None
Ronald | None
Krista | None
Brittany | None
Morgan | None
Jonnah | None
Fred | None
Fred | None
Dawn | None
Pam | None
Lynne | None
Kristie | None
Jerry | None
Dawn | None
Morgan | None
Parker | None
Pam | None
George | None
Neil | None
Praful | None
Bret | None
Derrick | None
Morgan | None
Dan | None
Sarah | None
Tom | None
Myrtle | None
Brittany | None
Barry | None
Don | None
Paul | None
Parker | None
Barry | None
Julie | None
Neil | None
George | None
Lynne | None
Elisha | None
Vincienne | None
Pierre | None
Liana | None
Claire | None
Neil | None
Riley | None
Kayla | None
Rathan | None
Santosh | None
Shreya | None
Amber | None
Kay | None
Stephanie | None
sapna | None
Amy | None
RakeshShelke | None
Tom | None
Amber | None
Andrea | None
Sandy | None
Melissa | None
Matthew | None
Stephanie | None
Mark | None
Stefanie | None
Brian | None
Amy | None
Christopher | None
Janice | None
Holly | None
Jessica | None
Shelley | None
Karen | None
Kyle | None
Marc | None
SalilSankaran | None
Lou | None
Helen | None
MohdKhan | None
ManusCoertzen | None
JordanKranz | None
ItechErode | None
GlennEricson | None
AymanKamal | None
Ron | None
Marc | None
Jamie | None
Judy | None
Amber | None
Marita | None
Casey | None
Stefanie | None
Helen | None
DEVYAN | None
Tom | None
Kayla | None
Debbie | None
Tom | None
Jes | None
Mary | None
Daniel.D | None
Jack | None
Jacob | None
Jill | None
Fernando | None
Jake | None
Albert | None
nagesh.da | None
Thomas | None
Molly | None
Karla | None
Jessica | None
Jennifer | None
Gail | None
Timothy | None
Max | None
Cesar | None
Randy | None
Ivori | None
Kim | None
Kurt | None
Jim | None
Tia | None
Linda | None
Bryan | None
Max | None
Carey | None
Jacob | None
Cody | None
Juliet | None
Bryan | None
Brendon | None
Stephen | None
Emily | None
James | None
Makaelyn | None
Diana | None
Katie | None
Joey | None
IBA | None
mercedes | None
tanny | None
simpson | None
samuel | None
sam | None
rachel | None
michael | None
matthew | None
zoe | None
lucy | None
leon | None
laura | None
koray | None
jordan | None
jack | None
harry | None
eric | None
emma | None
matthew | None
bradley | None
callum | None
christopher | None
emily | None
Ales | None
clarence | None
marcos | None
jason | None
salman | None
sheena | None
Kennedy | None
amie | None
erin | None
nathalie | None
ryan | None
Alesandra | None
Alex | None
Chris | None
George | None
Alexandra | None
Rebecca | None
Petra | None
Jennifer | None
Gwendy | None
stephanie | None
kelsie | None
ayshika | None
tavis | None
chris | None
James | None
Matthew | None
Janae | None
Ademola | None
Amy | None
Lauren | None
Jeniffer | None
mona | None
noralee | None
Alana | None
Wilbur | None
Emma | None
albert | None
mercedes | None
Eric | None
Gia | None
Jay | None
Sydney | None
Harish | None
Isaiah | None
Carrianne | None
Javiera | None
Joe | None
Lucas | None
Nikola | None
Sagarika | None
Andrew | None
Samuel | None
Chris | None
Jacqui | None
Mica | None
Mark | None
Wesley | None
Rosalie | None
Dennis | None
igen | None
Maartje | None
Manoek | None
Manon | None
Marieke | None
Koushik | None
Jeffrey | None
Kenneth | None
Breanna | None
Betty | None
Justin | None
Anthony | None
Andrew | None
Jo | None
Michael | None
Deena | None
Joseph | None
Jessica | None
Dante | None
Farhan | None
Austin | None
Thu | None
Justin | None
Hayden | None
Andrew | None
Utku | None
Murrivet | None
Colin | None
Jennifer | None
Rose | None
Betsy | None
Amanda | None
Mark | None
Mariem | None
Eugenio | None
Stephania | None
Amy | None
kim | None
miranda | None
cindy | None
danielle | None
ellie | None
anjanette | None
anurag | None
erikk | None
sage | None
mary | None
liridona | None
william | None
kenneth | None
kendra | None
justin | None
joe | None
gina | None
emily | None
drew | None
cynthia | None
brooke | None
amanda | None
michael | None
kristina | None
Maryann | None
Kate | None
Andon | None
Michael | None
Melissa | None
Katherin | None
Joshua | None
Brian | None
Jacqueline | None
Zachary | None
Craig | None
Cody | None
Chris | None
Carly | None
Ryan | None
Heather | None
Chris | None
Amanda | None
Carly | None
Jacqueline | None
Joshua | None
Katherin | None
robert | None
anna | None
dawna | None
donaigron | None
filiep | None
jennifer | None
jonathan | None
rajesh | None
Sarah | None
Sienna | None
Jim | None
Douglas | None
Bryan | None
Steven | None
Mark | None
Josh | None
Andy | None
Makayla | None
George | None
Tim | None
Jeff | None
Rachael | None
Alexander | None
David | None
Ric | None
Rhonda | None
Hernan | None
Matthew | None
Mark | None
Kris | None
Stephen | None
Gabriela | None
Jenn | None
Lisa | None
Justin | None
Maarten | None
Adam | None
Sanat | None
Mike | None
Chelsea | None
David | None
Cory | None
Erika | None
Courtney | None
Janakiram | None
Jack | None
Andrew | None
Colleen | None
Alejandro | None
Lori | None
Jeri | None
Harry | None
Ben | None
Jacquie | None
Marlene | None
Alyssa | None
Briana | None
Chris | None
Elaine | None
Gabi | None
Jeff | None
Cynthia | None
Estefania | None
Nimrat | None
James | None
Stephen | None
Erik | None
Maleah | None
Florence | None
Nathan | None
Adrienne | None
Stanley | None
Tania | None
Devlin | None
Clara | None
Gabriela | None
Alicia | None
Armando | None
Damaris | None
Esteban | None
Emmanuel | None
Mariela | None
Raghu | None
Mai | None
Minu | None
Stephanie | None
Lori | None
Kelli | None
Kaylee | None
Jeremy | None
Gabi | None
Erik | None
Bonnie | None
Jonathan | None
Ben | None
Olivia | None
Nathaniel | None
Stephanny | None
Kelli | None
Kaylee | None
Bonnie | None
Ross | None
Ben | None
Nathaniel | None
Ric | None
jason | None
leslie | None
Nathan | None
Takeysha | None
Sean | None
Tracy | None
Brianna | None
Emily | None
Jacqueline | None
Kelley | None
Angellica | None
Arturo | None
Jahi | None
Brooke | None
Cathleen | None
Justin | None
rachel | None
ashleigh | None
Cathleen | None
Eva | None
Anne | None
Bridget | None
Vincent | None
Abigail | None
Quynh | None
Jolie | None
Holly | None
zoryana | None
Keri | None
Megan | None
Rachel | None
Tierra | None
Jessica | None
Joseph | None
Bridget | None
Kori | None
Amy | None
Shaque | None
Tera | None
Scott | None
Brad | None
Matt | None
Don | None
Lisa | None
Nan | None
Nicole | None
Lana | None
Roy | None
Emma | None
Andy | None
Kennard | None
scott | None
Tim | None
Annalyssa | None
Aaron | None
Adrian | None
Adrian | None
Cornelia | None
Crystal | None
Daniel | None
Denise | None
Ife | None
Letti | None
Noe | None
christine | None
lara | None
pam | None
stacy | None
Kelly | None
Kristina | None
Emmanuel | None
Inna | None
Ron | None
Maya | None
Dana | None
Lior | None
Jivitha | None
John | None
Lenox | None
Anthony | None
David | None
Dustin | None
Dylan | None
jay | None
Jonathan | None
Yasmine | None
Aisha | None
David | None
Peter | None
Christopher | None
Nicholas | None
Joshua | None
Andrew | None
Peter | None
Debs | None
Sreyashi | None
Dean | None
Krista | None
Roger | None
Yitzchak | None
Pratik | None
Paul | None
Calvin | None
Ashley | None
Beth | None
Amy | None
Monika | None
troy | None
John | None
Daniel | None
John | None
paige | None
Finance | None
eli | None
kimberly | None
bill | None
Chip | None
Craig | None
Kim | None
Gage | None
debi | None
charles | None
Lora | None
kelley | None
mike | None
gerry | None
connor | None
mario | None
Joan | None
Natalie | None
Sam | None
Teri | None
William | None
Derek | None
Janvier | None
Paul | None
Kristen | None
David | None
Spencer | None
keith | None
Samantha | None
Christa | None
Miller | None
Bala | None
Sarah | None
Preetha | None
Paul | None
Jacqueline | None
Tom | None
Octavia | None
Isabel | None
Laurie | None
Lisa | None
Matthew | None
Halima | None
yelleti | None
Viola | None
Randy | None
Tina | None
Sunny | None
Ian | None
Alee | None
Roger | None
Hyacinth | None
Atricia | None
Martina | None
Sanaz | None
Dawn | None
nolan | None
KIM | None
Kevin | None
Theodore | None
Zach | None
Ryan | None
Anderson | None
Amanda | None
Brian | None
Diego | None
Emma | None
Greg | None
Jessica | None
Jennifer | None
Paula | None
Allie | None
Amanda | None
Rachel | None
Maggie | None
Djuana | None
Rehan | None
Lena | None
Oscar | None
Antti | None
Steven | None
Jenny | None
Kimberly | None
Fiona | None
Mars | None
Gizem | None
Natalie | None
Ana | None
Diana | None
Anastasiia | None
María | None
Iryna | None
JC | None
Diksha.Pandey | None
Ravinder | None
James | None
Sujeeth | None
Himanshu | None
Bunty | None
Tom | None
juliette | None
becca | None
brandi | None
helen | None
ryan | None
romina | None
monica | None
mohamed | None
michael | None
konstantin | None
katherine | None
chad | None
adrian | None
jason | None
Nicole | None
Cassy | None
Elizabeth | None
Sally | None
Stephanie | None
Katie | None
Aaron | None
stafin | None
sam | None
ryan | None
noble | None
michael | None
denny | None
colten | None
bradley | None
david | None
stephen | None
Alison | None
Mercedes | None
Andrea | None
Jorge | None
Brad | None
Alan | None
Abby | None
Samantha | None
Annie | None
Johnnie | None
Dina | None
Sean | None
Glenda | None
Eric | None
Leigh | None
Khylene | None
Kathy | None
Peter | None
Rajat | None
Tom | None
Gavin | None
Courtney | None
Lindsey | None
Antonia | None
Daniel | None
Antoine | None
Emily | None
Donna | None
Christopher | None
Joseph | None
Bill | None
Bonnie | None
Cassie | None
David | None
caden | None
chaim | None
joel | None
mike | None
pinny | None
scott | None
Henry | None
Tom | None
Kathryn | None
Rita | None
Sanela | None
elizabeth | None
rossanna | None
Bill | None
Roxane | None
Margeaux | None
GUILLERMINA | None
Lou | None
Tyson | None
Rakesh | None
Kiran | None
Ernie | None
Dana | None
Julia | None
Cecilia | None
Apoorva | None
Richard | None
Maitri | None
Raju | None
Benjamin | None
Jaclyn | None
Sekhar | None
Vikas | None
Rachel | None
Vanh | None
Kelly | None
Peter | None
Kristine | None
Alyssa | None
Savannah | None
Matthew | None
Jeffrey | None
Meghan | None
Cody | None
Tiffany | None
Steven | None
Javed | None
Romil | None
Sounder | None
Ashley | None
Seana | None
Khushbu | None
Muneera | None
Robin | None
Tyana | None
Melissa | None
Robin | None
Jaclyn | None
Sadia | None
Julia | None
Marisa | None
Melissa | None
Cecilia | None
Vanh | None
Mario | None
Cody | None
Jess | None
Darryl | None
Margaret | None
Kimberly | None
Kristina | None
Jennifer | None
Ryan | None
Sadia | None
Ratna | None
Shaimaa | None
Savannah | None
Sonia | None
Mina | None
kavitha | None
Steve | None
jason | None
Thomas | None
Alvin | None
Aiden | None
Jen | None
Celeste | None
Ryan | None
Adam | None
Jody | None
Alex | None
Steve | None
Precious | None
Michael | None
Monina | None
Natasha | None
Tracy | None
Taniya | None
Chase | None
mike | None
Olivia | None
cody | None
lori | None
stephanie | None
Julie | None
Alfred | None
yue | None
mandy | None
aria | None
anna | None
afreen | None
harshitas | None
joanna | None
cynthia | None
haynes | None
hien | None
janett | None
Bill | None
Charles | None
John | None
Spencer | None
Trokon | None
Aaron | None
Jessica | None
Samantha | None
jamie | None
Jack | None
Emily | None
Darren | None
Aaron | None
john | None
Christy | None
Revathi | None
Alec | None
Jessica | None
ashley | None
nicole | None
nina | None
Dayna | None
Marquise | None
Zach | None
Thomas | None
Samar | None
Meaghan | None
Kimberly | None
Lauren | None
Long | None
Luca | None
Mandar | None
Matthew | None
Jamal | None
Ishan | None
Airriel | None
Adam | None
Fatima | None
Evgeny | None
Eugene | None
David | None
Darshan | None
Christine | None
Chantel | None
Alan | None
Brianne | None
Andrea | None
Ananya | None
An | None
Alyssa | None
Joshua | None
Britany | None
Thayna | None
Staci | None
Lindsey | None
Kristen | None
Kendra | None
Kelly | None
Jenna | None
Eric | None
Crystel | None
Briana | None
Besse | None
Ann | None
Alex | None
Jeff | None
Amanda | None
Jack | None
drew | None
Joshua | None
Elizabeth | None
Troy | None
David | None
Timothy | None
Grayce | None
Dani | None
Jessie | None
Lisa | None
Millis | None
Debbie | None
Jane | None
Kevin | None
Robbye | None
Daniel | None
Mohd | None
Joe | None
violet | None
nathan | None
alexia | None
mandy | None
kara | None
Zein | None
Tony | None
Liana | None
Elizabeth | None
Alexis | None
Rachel | None
Kyle | None
Courtney | None
Jessie | None
dorren | None
Marci | None
Kari | None
Paris | None
Gordon | None
Dawn | None
Donna | None
cherryl | None
tanner | None
sean | None
rhonda | None
Kenny | None
kenny | None
john | None
jody | None
hope | None
nicole | None
dan | None
ryan | None
William | None
Ambrose | None
Mike | None
Lindsay | None
bob | None
mikko | None
nat | None
Kelly | None
Dana | None
Dustin | None
Faith | None
Christina | None
John | None
Emily | None
meghan | None
Sarah | None
Ryan | None
Bradley | None
Amanda | None
Aly | None
Adam | None
Lester | None
Patrick | None
Ally | None
Alexandria | None
Rachel | None
Jon | None
Vivian | None
christine | None
molly | None
ramiro | None
scott | None
jerome | None
angela | None
jamie | None
scott | None
lisa | None
somie | None
amber | None
aaron | None
andrew | None
hiro | None
aneel | None
derek | None
julia | None
Alice | None
Cristina | None
Jassel | None
Jomsom | None
J | None
Christina | None
Phylicia | None
Heather | None
Claudio | None
Sam | None
Zoriana | None
Ryan | None
Mariah | None
Mukesh | None
Jeremy | None
Adam | None
Adithya | None
Briana | None
Goran | None
Olivia | None
Anton | None
Anastasiia | None
Michael | None
Jose | None
John | None
Senait | None
John | None
James | None
Everett | None
DC | None
Chirayu | None
Sonsarai | None
Stephanie | None
Ashley | None
Sophia | None
Ajay | None
Mohsinuddin | None
Grace | None
Ryan | None
Rebecca | None
Sandeep | None
Stephen | None
Deepak | None
Robert | None
Nelly | None
KUMARI | None
Cassie | None
Shakeem | None
Damion | None
Abigail | None
Joy | None
Gopi | None
Simhadri | None
Joshua | None
Liz | None
Susan | None
Anuja | None
Ashley | None
Prateek | None
Lisa | None
Tiana | None
Rob | None
Akash | None
Bobby | None
Luis | None
Marty | None
Mike | None
Joe | None
Jared | None
Mukesh | None
Nina | None
Ryan | None
Brian | None
Shahid | None
Urvashi | None
Archana | None
Nathen | None
Aditi | None
Lasha | None
Lowell | None
Nabyla | None
Syed | None
Jessica | None
Greg | None
Koreen | None
Noah | None
Sean | None
H.A. | None
Ian | None
Justin | None
Chelsea | None
Alice | None
Tina | None
Samantha | None
Nelly | None
Jess | None
Hannah | None
Danielle | None
Daryn | None
Steven | None
Rohit | None
Rajat | None
Mubarak | None
Krista | None
Kanishk | None
Jennifer | None
Jatin | None
Himanshu | None
benjamin | None
Badal | None
Ashley | None
Bryce | None
Cathy | None
Thomas | None
Rick | None
Peter | None
Nicole | None
Megan | None
Luke | None
Kari | None
Anjali | None
Jack | None
Diana | None
Ionye | None
Grace | None
Gerald | None
Eric | None
Daniel | None
Joseph | None
June | None
Alan | None
Patrick | None
Michael | None
Ashish | None
Maggie | None
Mark | None
Brian | None
Kristina | None
Koreen | None
Ellie | None
Abhay | None
Christian | None
Wyatt | None
Venkatesh | None
Anton | None
Will | None
Grant | None
Bryan | None
Dominic | None
Nick | None
Alexsis | None
Apipol | None
Lauren | None
Vineeta | None
Robert | None
Brian | None
Jill | None
Denee' | None
Garett | None
Andrew | None
Garrett | None
Andy | None
Tracy | None
Kevin | None
Charles | None
Mike | None
Liz | None
Sheri | None
Nicole | None
Gene | None
Kristina | None
Max | None
Jason | None
Kevin | None
Kristen | None
Tom | None
Joe | None
Roy | None
Ronald | None
Rob | None
Marty | None
Tom | None
Katlin | None
Rick | None
Sean | None
Kristen | None
Mick | None
Joe | None
Kyle | None
Valerie | None
Bryan | None
Jason | None
Hayley | None
Ruben | None
Aaron | None
Amit | None
Shubham | None
Kevin | None
Nicki | None
Deepansh | None
Ashley | None
Lindsay | None
Burton | None
Pushpinder | None
Scott | None
Eric | None
Kumari | None
Danish | None
Kristi | None
Vishal | None
Haneef | None
Byran | None
Tanuj | None
Katlin | None
Anthony | None
Rajni | None
Nazmi | None
Brock | None
Samrat | None
Kamran | None
Michael | None
Rebecca | None
Isabel | None
Shawn | None
Dominique | None
Aakarsh | None
Carly | None
Eric | None
Tiana | None
Nikita | None
Arjun | None
Jennifer | None
Rohit | None
Prashant | None
Ajay | None
Mukesh | None
Varsha | None
Justin | None
Jonathon | None
Nabyla | None
Phoebe | None
Nidhi | None
Matthew | None
Rishabh | None
Greg | None
Amarjeet | None
Rishav | None
Sahil | None
Mohammad | None
Jamie | None
Tom | None
Vineeta | None
Bryan | None
Nicole | None
Alisha | None
Preethi | None
Ritik | None
Michael | None
Bob | None
Liz | None
Jason | None
Christine | None
Josh | None
Devin | None
Grace | None
Sophia | None
Ronald | None
Leah | None
Missy | None
Amanda | None
Tyler | None
Bailey | None
Malik | None
Alaina | None
Jithendra | None
Anjali | None
Hritik | None
Chirayu | None
Taylor | None
Vaibhav | None
Brandi | None
Rajnish | None
Trevor | None
Jason | None
Terrence | None
Rahaman | None
Garima | None
Paul | None
Katie | None
Carley | None
Madison | None
Gianna | None
Jerika | None
Olivia | None
Sangita | None
Jason | None
Jennifer | None
Josh | None
Ryan | None
Jamie | None
Shweta | None
Brittany | None
Suzy | None
Grant | None
Henry | None
Jason | None
Jonathan | None
Joy | None
Katelin | None
Keren | None
Kristen | None
Kristen | None
Lauren | None
Malik | None
Megan | None
Melissa | None
Meng | None
Mike | None
Molly | None
Nancy | None
Nick | None
Nick | None
Paul | None
Peter | None
Raymond | None
Ross | None
Ryan | None
George | None
Gabriel | None
Malik | None
John | None
Aaron | None
Alexandria | None
Apipol | None
Tim | None
Amanda | None
Brian | None
Andrew | None
Samuel | None
Anthony | None
Bob | None
Chadd | None
Ellen | None
Cole | None
Corey | None
Daniele | None
Debbie | None
Eden | None
Apipol | None
Sarah | None
Christian | None
Tyler | None
Aarzoo | None
Mike | None
Fran | None
Stan | None
Stephen | None
Vivek | None
Shristi | None
Vanessa | None
Phyllis | None
Joe | None
Damon | None
Tim | None
Eric | None
Michelle | None
Justin | None
Corey | None
Deane | None
Ernesto | None
Jack | None
Kara | None
Bob | None
Michael | None
Jamie | None
Cassidy | None
Skip | None
Richard | None
Mike | None
Kirill | None
Justyna | None
jennifer | None
jan | None
jamen | None
angie | None
Aimee | None
Kailey | None
Aaron | None
Harry | None
Morgan | None
Addie | None
Nicky | None
aline | None
jomar | None
jorge | None
fernanda | None
maría | None
giovanna | None
taylor | None
Christine | None
Jason | None
Joe | None
Dean | None
Jeffrey | None
Weslay | None
Keenan | None
Benjamin | None
Ashley | None
Scot | None
Seth | None
Joseph | None
Joe | None
Marceline | None
Matt | None
Maxwell | None
Reed | None
Arthur | None
Lindsay | None
Jeff | None
vijay | None
logan | None
dillon | None
Andrea | None
richard | None
Taylor | None
Rudy | None
John | None
Dan | None
Chris | None
Codie | None
Christian | None
Benji | None
Bre | None
Jennette | None
Blakelyn | None
Brian | None
Adam | None
Joseph | None
Peter | None
Katie | None
Katie | None
Alper | None
Sofia | None
Jennifer | None
Clint | None
Michael | None
Kelly | None
Noah | None
Gabby | None
ryan | None
Meg | None
Melinda | None
lindsey | None
Mary | None
Lindsey | None
Laura | None
Kate | None
Kari | None
Elizabeth | None
Jennifer | None
Tracy | None
Rick | None
Jennifer | None
Roger | None
Chelsea | None
Kevin Clark | None
Kelly | None
Katie | None
Michelle | None
Stephanie | None
Wesleigh | None
Veronica | None
Emily | None
Sathwik | None
Han | None
Chris | None
Martin | None
mario | None
amy | None
holly | None
jovan | None
kathy | None
marko | None
Laura | None
Ally | None
steve | None
david | None
sam | None
max | None
jay | None
daniel | None
colby | None
chris | None
russ | None
stephen | None
Carlos | None
nick | None
nicolas | None
norman | None
spencer | None
penina | None
Samja | None
Maggie | None
Justin | None
Bill | None
Mike | None
Rans | None
Scott | None
Dahlia | None
Anna | None
Corky | None
kelsey | None
amarelys | None
cara | None
andrea | None
jessica | None
carolyn | None
gina | None
renato | None
Lara | None
Liliane | None
Maria | None
Maria | None
Ivy | None
Jessica | None
Charlotte | None
Felicia | None
Monica | None
preethi | None
alexandra | None
hadrian | None
gary | None
finley | None
Rose | None
Taylor | None
sangyoon | None
breanna | None
camille | None
natalia | None
bill | None
joshua | None
alejandro | None
Grace | None
Kourtney | None
Tara | None
Chris | None
Meg | None
Megan | None
Leslye | None
Mat | None
Miquel | None
Mary | None
chad | None
desteny | None
helen | None
lisa | None
Anna | None
Kristina | None
Sirah | None
Matt | None
Tammy | None
Ainslie | None
chris | None
jessica | None
matthew | None
natassia | None
Erin | None
Joop | None
Mary | None
Rosy | None
Beth | None
Kyle | None
alex | None
joseph | None
nick | None
na | None
Antone | None
Clara | None
Edna | None
Natasha | None
Anquinette | None
Bret | None
Elizabeth | None
Bill | None
ian | None
rodrigo | None
phillip | None
travis | None
sam | None
jesse | None
jared | None
jason | None
christopher | None
aaron | None
jeremy | None
Steffania | None
Suzanne | None
Diana | None
Aaron | None
Sophia | None
Hannah | None
Jodi | None
Kala | None
Kate | None
Kristina | None
Melissa | None
Taylor | None
Margot | None
Mackenzie | None
Chris | None
Jessica | None
Lorien | None
Karen | None
JoLynn | None
Saprina | None
lanh | None
Andrew | None
Didier | None
Courtney | None
Dana | None
Hannah | None
Jim | None
Kenzie | None
Megan | None
Molly | None
Rachel | None
valen | None
silvia | None
shane | None
salvador | None
sabrina | None
laura | None
nicole | None
jessie | None
jenny | None
beth | None
barry | None
andy | None
alison | None
laura | None
adriana | None
Chris | None
nicole | None
michael | None
melissa | None
kristen | None
valerie | None
june | None
julie | None
charles | None
bri | None
alena | None
kelsey | None
dorothea | None
lori | None
Monica | None
Alan | None
Naresh | None
Natalie | None
Angela | None
Courtney | None
Lauren | None
Arie | None
Da'Ja | None
Elizabeth | None
Sujani | None
Mayra | None
Lauren | None
kate | None
alejandra | None
Ali | None
Lauren | None
Vineela | None
paola | None
núria | None
nancy | None
daisy | None
jessica | None
carlos | None
aysun | None
lina | None
Patty | None
Katia | None
suzette | None
lisa | None
natalie | None
christine | None
jennifer | None
alberto | None
aaron | None
Carrie | None
Cherie | None
Jeannene | None
Steve | None
Will | None
Abby | None
Jon | None
Sean | None
Kirbi | None
Stephanie | None
Mya | None
Brian | None
Kathryn | None
Ley | None
Alison | None
Andrea | None
becca | None
billy | None
dan | None
david | None
tom | None
Sarah | None
Christi | None
Grace | None
Masha | None
Amy | None
Karen | None
Stéphanie | None
Jon | None
Eva | None
Fran | None
Carrie | None
suzanne | None
syid | None
german | None
Eric | None
Diane | None
Sheryl | None
Bill | None
Michele | None
Chris | None
Carmen | None
Amy | None
joe | None
Kevin | None
Sam | None
javier | None
Mike | None
Wanda | None
Michael | None
Alex | None
Angelic | None
Ilia | None
James | None
Jenny | None
Maribel | None
Raven | None
Sheena | None
Tandia | None
Lauren | None
Kate | None
Shashikant | None
Bobby | None
eric | None
greg | None
jennifer | None
Krishna | None
Clay | None
Hank | None
Shana | None
Joe | None
Karnita | None
Nathan | None
Markeesha | None
Mobosiolaoluwa | None
Randy | None
Ken | None
Jennifer | None
Greg | None
Daniel | None
Mauri'ce | None
Batrice | None
Alicia | None
julie | None
linda | None
michael | None
nicole | None
niki | None
shauna | None
shaun | None
stephanie | None
tim | None
wendi | None
joanne | None
rachel | None
jenny | None
carol | None
hannah | None
greg | None
enrique | None
diane | None
derek | None
christy | None
chelsey | None
charmaine | None
wendy | None
brandi | None
becca | None
amy | None
ambreiah | None
jennifer | None
buffi | None
Jennifer | None
Greg | None
Trent | None
Sumeet | None
Shelly | None
Shane | None
Ryan | None
Rodney | None
Rick | None
Megan | None
Laura | None
Darren | None
Kelly | None
Bianca | None
Caitlyn | None
Craig | None
Ashima | None
Douglas | None
Grace | None
Jessica | None
Kevin | None
Julie | None
Alexander | None
David | None
Michael | None
Abbie | None
Elizabeth | None
Horacio | None
Mark | None
Tiffany | None
Kyra | None
Rick | None
jim | None
dennis | None
alexander | None
George | None
James | None
Vincent | None
Lavin | None
Cassie | None
Rory | None
Malini | None
Christina | None
Bassam | None
Andre | None
thomas | None
ronald | None
nathaniel | None
kris | None
luke | None
jack | None
gina | None
george | None
james | None
jason | None
Catherine | None
Kelli | None
Lauren | None
Stephanie | None
Raj | None
Stephen | None
Ron | None
Debbie | None
Brandon | None
Tyneil | None
Stephen | None
William | None
Craig | None
Jessica | None
Drew | None
logan | None
Vanessa | None
Will | None
Zafarjon | None
Escar | None
Sean | None
Michael | None
Kylie | None
Jason | None
Jp | None
David | None
Alexandra | None
Allison | None
sam | None
Ed | None
Dave | None
Marie | None
John | None
Megan | None
Teran | None
Alisa | None
Hani | None
Lorena | None
Mari | None
Princess | None
Tatevik | None
Meghan | None
Natasha | None
Patrick | None
Peter | None
Rashidus | None
Sophia | None
Selena | None
Sydney | None
Taylor | None
Meaghan | None
Ryan | None
Madison | None
Kelly | None
Annie | None
Kelly | None
Kaitlyn | None
Jennifer | None
Jennifer | None
Jennifer | None
Frank | None
Destiny | None
Brittney | None
Brittany | None
Ashley | None
Ashley | None
Kiara | None
Josh | None
Catherine | None
Nancy | None
Sal | None
Yeneri | None
Lucia | None
Krystal | None
LaTasha | None
Leanna | None
Mackenzie | None
Mark | None
Megan | None
Melissa | None
Michelle | None
Kevin | None
Victoria | None
Morrie | None
Paula | None
Phil | None
Ricky | None
Roseann | None
SUSAN | None
Tara | None
Vicki | None
Wendy | None
Monica | None
Kenny | None
Brandy | None
Kara | None
Ken | None
Laurie | None
Hannah | None
Brandon | None
Wendy | None
Amy | None
Mitch | None
Tim | None
Alex | None
Amanda | None
Brandon | None
John | None
Amy | None
Jennie | None
Jacquelyn | None
Dara | None
Kaitlyn | None
Chris | None
Buddy | None
Brooklyn | None
Craig | None
Rick | None
Tiffany | None
Alyssa | None
Paulina | None
Sean | None
Marlene | None
Mike | None
Tania | None
Maria | None
Lindsay | None
Marina | None
Nicole | None
Sharon | None
Priscila | None
Roshina | None
Sharcorria | None
Sharon | None
Kwame | None
Sinead | None
Pam | None
Kate | None
Hannah | None
Julie | None
Jose | None
Jessica | None
Jennifer | None
Jenn | None
Helen | None
Everett | None
Diana | None
Deja | None
Deanne | None
Cindy | None
Ana | None
Nancy | None
Nancy | None
Karina | None
Austin | None
ritchelle | None
krista | None
matt | None
jill | None
josh | None
spencer | None
regina | None
paige | None
nicole | None
matthew | None
sarah | None
kathy | None
dominique | None
christopher | None
adrienne | None
amanda | None
katie | None
Paige | None
Paul | None
Elisha | None
Lisa | None
Karolina | None
Jeffrey | None
Marina | None
Shelley | None
Yvette | None
Tiffany | None
Summer | None
Nicole | None
Jocelyn | None
Kirsten | None
Amber | None
Nicki | None
James | None
Garrett | None
Julie | None
Kalleen | None
Keenan | None
Ashley | None
Kory | None
Reginald | None
Yaser | None
Tejas | None
Sylvester | None
Stephanie | None
Roselyn | None
Ramakrishnan | None
Amrita | None
Nazma | None
Nanthukumar | None
Monica | None
Imtiaz | None
Deon | None
Deborah | None
Bharath | None
Ankita | None
Prapin | None
Aditi | None
Aboobakkar | None
Frank | None
Steven | None
Michael | None
Cynthia | None
melissa | None
kimber | None
debangshu | None
jacqueline | None
frank | None
christine | None
cassidy | None
jillian | None
Rick | None
Amanda | None
Sam | None
william | None
siddharth | None
derreck | None
eddie | None
aarti | None
nanette | None
alexandra | None
august | None
christopher | None
Mark | None
Laura | None
Rita | None
Sheen | None
Tako | None
Aditi | None
Kennedy | None
Amy | None
Jimmy | None
Geoffrey | None
Paul | None
Andy | None
Emily | None
petya | None
kimberley | None
amy | None
matt | None
gabriela | None
kimberley | None
Rick | None
Susan | None
pamela | None
Alexis | None
Hillary | None
Heather | None
Lewis | None
Devin | None
David | None
vanessa | None
natalia | None
carolyn | None
samantha | None
Talyn | None
jenny | None
matthew | None
Kathryn | None
Larry | None
Salem | None
Adam | None
William | None
Timothy | None
Thomas | None
Sunil | None
Shawn | None
Paul | None
Mustafa | None
Mimi | None
Mike | None
Matthew | None
Marybeth | None
Marcus | None
Lindsey | None
Kevin | None
Karthik | None
John | None
Gopichand | None
Dana | None
Christine | None
Chris | None
Anthony | None
Ange | None
Andrew | None
Aleda | None
Mark | None
Kevin | None
nichole | None
liza | None
lindsey | None
ken | None
jenya | None
laura | None
Kate | None
Soli | None
na | None
Darby | None
bill | None
pam | None
Rick | None
Mike | None
Hudson | None
Jared | None
Ben | None
Stacey | None
Margaret | None
Ingrid | None
Michael | None
Brandy | None
Mark | None
Mary | None
Bryan | None
Marnnie | None
Warren | None
Tracey | None
Melissa | None
Mary | None
Martha | None
Marcy | None
Kelly | None
Karen | None
Janice | None
James | None
Ginger | None
Gina | None
Donna | None
Connor | None
Christie | None
Caryn | None
Bronwen | None
April | None
Julie | None
Holly | None
Nicole | None
Temoc | None
Tamara | None
Rick | None
Karen | None
Don | None
Arthur | None
Arvind | None
Eric | None
Dana | None
Chris | None
Belinda | None
michael | None
andrew | None
william | None
victoria | None
theresa | None
scott | None
sarah | None
samantha | None
ruth | None
amra | None
nadisha | None
ruby | None
mark | None
cherisse | None
dan | None
matthew | None
dawn | None
dayana | None
david | None
fritz | None
krandazzo | None
kristen | None
maggie | None
edlin | None
mike | None
Vanessa | None
Gail | None
Mike | None
Ryan | None
Ramon | None
Quinta | None
Julie | None
Avi | None
Adam | None
Kelly | None
David | None
Pia | None
Kran | None
Bradley | None
suzanne | None
tiffany | None
lindsay | None
Paxton | None
Sara | None
Nancy | None
Paul | None
Greg | None
Larry | None
Michael | None
Rachel | None
Ray | None
Nicole | None
Marta | None
Laura | None
Josh | None
David | None
Pat | None
Jennifer | None
Alyssa | None
Neil | None
Stephanie | None
Jade | None
Liza | None
Deirdre | None
Spencer | None
Karina | None
Natasha | None
Maria | None
Will | None
sydney | None
michelle | None
mohd | None
jennifer | None
janelle | None
hamutal | None
gabrielle | None
anaya | None
joel | None
alina | None
Kira | None
tabitha | None
Kathryn | None
Mitch | None
Gabriela | None
Matthew | None
Julia | None
Meghan | None
Ryan | None
Britney | None
Brett | None
Carson | None
Max | None
Caroline | None
Nora | None
Joshua | None
Morgan | None
Dylan | None
Alex | None
Sam | None
Erin | None
Dan | None
Wishard | None
Taylor | None
Adam | None
Amanda | None
Maria | None
Matt | None
Ethan | None
Miguel | None
Nicholas | None
Nic | None
Jo | None
Callie | None
Willem | None
Joey | None
Colin | None
Kelsey | None
Logan | None
Keira | None
Jeremy | None
Abby | None
Brandon | None
Ben | None
Emily | None
Melinda | None
Hannah | None
Evelyn | None
Nikki | None
Maya | None
Filomena | None
Samantha | None
Kate | None
Hannah | None
Ron | None
Charlie | None
Aanchal | None
Tyler | None
Ashton | None
Sheila | None
Zoe | None
Omar | None
Daniel-Anthony | None
Brady | None
Greyson | None
Diana | None
Adam | None
Aneesa | None
Sean | None
Noah | None
Matt | None
Dana | None
Ray | None
Gabby | None
Aviel | None
James | None
Ding | None
Shirley | None
paul | None
jody | None
jaclyn | None
arianna | None
ashley | None
ben | None
dun | None
Joseph | None
Aswath | None
Charles | None
Yvette | None
Shanice | None
Kevin | None
Julia | None
Gregory | None
Danny | None
Courtney | None
Chris | None
Adam | None
Keith | None
Lexi | None
Nick | None
Steve | None
George | None
deb | None
silvia | None
rich | None
allison | None
jennifer | None
John | None
Heather | None
Lukasz | None
Sarah | None
Nick | None
Nick | None
Matthew | None
Bianca | None
Kyle | None
Jason | None
Lacey | None
Cassandra | None
Brandon | None
Garett | None
Terrance | None
Samantha | None
Mike | None
Khalia | None
aaron | None
mark | None
zack | None
Evan | None
shelby | None
liz | None
amy | None
Peter | None
Latasha | None
Michael | None
Derek | None
David | None
Bob | None
Daniel | None
Jose | None
Linda | None
Colin | None
Beverley | None
Kiran | None
Scott | None
Michael | None
Ray | None
Mindy | None
Yareliss | None
Robert | None
Michele | None
Kamryn | None
JP | None
Cameron | None
Melissa | None
kerry | None
Abigail | None
Holly | None
Mason | None
Nicole | None
Jenny | None
Jennifer | None
Mariana | None
Alfredo | None
Sherri | None
Kristen | None
Latessha | None
michael | None
Jacqueline | None
Esly | None
John | None
Chris | None
Tom | None
Kernan | None
Laura | None
Chad | None
alexandra | None
James | None
Brandie | None
Frank | None
Manisha | None
Paula | None
Victoria | None
Kevin | None
Carolee | None
Evan | None
Kenzie | None
Anja | None
Emani | None
Olivia | None
Tyler | None
Patricia | None
Juan | None
Avery | None
Kata | None
Yvonne | None
matthew | None
tori | None
Stacey | None
Maurizio | None
Keziah | None
Janice | None
Hershey | None
Jo | None
Catherine | None
Andrea | None
Nicole | None
Rosie | None
Peter | None
Amy | None
amy | None
Dan | None
Carly | None
Jordan | None
Roby | None
Joshua | None
Teresa | None
Lori | None
Priscilla | None
Heran | None
Jenny | None
Evan | None
Brandon | None
Ryan | None
Abby | None
Olivia | None
Christian | None
Lyn | None
Alice | None
Kara | None
Doug | None
Michael | None
Megan | None
michael | None
sean | None
andrew | None
jim | None
Brian | None
Jon | None
Thomas | None
Teressa | None
Terese | None
Nick | None
Nichol | None
Mike | None
Michael | None
Michael | None
Stephen | None
Manny | None
Marlys | None
Alexandra | None
Amanda | None
Arye | None
Sarah | None
Erin | None
Jack | None
Jan | None
Beverly | None
Melva | None
Kierra | None
amy | None
Na | None
Margaret | None
Lonny | None
Kymberley | None
Sean | None
Elisa | None
David | None
Andrew | None
Gerald | None
David | None
Mark | None
Kierstin | None
Jennifer | None
fernando | None
gianna | None
jasmine | None
tina | None
Tara | None
Susan | None
Rosalyn | None
Mark | None
Kseniia | None
Yvette | None
Jen | None
Jason | None
Ashley | None
Alexa | None
Aaron | None
Jordan | None
Sarahi | None
Osnaider | None
Lorena | None
Lizeth | None
Lina | None
Katerin | None
Jacqueline | None
David | None
Dayana | None
Daniela | None
Côme | None
Clarisa | None
Amine | None
Alicia | None
Felipe | None
Viridiana | None
Alberto | None
Giovanna | None
Alejandra | None
Terra | None
Nicole | None
Nelly | None
Maria | None
Lourdes | None
Michelle | None
Jeannette | None
Jason | None
Heidy | None
Erica | None
Ana | None
Jordan | None
Mike | None
Issac | None
sam | None
shannon | None
leslie | None
kev | None
heather | None
elise | None
amanda | None
Jitesh | None
yana | None
wajiha | None
russelle | None
will | None
michael | None
kimberly | None
anastasiya | None
nancy | None
Dr. | None
Mariela | None
Suzanne | None
nithin | None
yixian | None
tim | None
mandy | None
ernesto | None
ershad | None
andrew | None
charles | None
hekmat | None
Kelly | None
SHEILA | None
Frank | None
Gabriel | None
taylor | None
erica | None
Kelli | None
Leslie | None
t | None
steve | None
stacie | None
sharon | None
shanu | None
pawel | None
ludovic | None
juan | None
joelle | None
jessica | None
erik | None
carmen | None
busisiwe | None
ashley | None
mlamuli | None
Ren | None
Mark | None
Cindy | None
Gregory | None
Anthony | None
Akanksha | None
Pat | None
Mathew | None
Isabel | None
Kim | None
Kelly | None
tyn | None
richard | None
lazaro | None
lanie | None
ali | None
julienne | None
jennifer | None
gwen | None
donna | None
djonacel | None
kristin | None
brian | None
Rachel | None
Tim | None
Alex | None
Carolyn | None
Olga | None
Anna | None
Janice | None
Amy | None
Ashley | None
Hannah | None
Matthew | None
Matthew | None
Megan | None
Michael | None
Tammy | None
Brittni | None
Amanda | None
Colleen | None
Taylor | None
Kati | None
Carla | None
Alissia | None
Alesia | None
Alexis | None
Brittany | None
Dave | None
Gianna | None
Hannah | None
Jen | None
Lisa | None
Rose | None
Scott | None
Jennifer | None
Quincy | None
Nishant | None
Michelle | None
Jill | None
Harsh | None
Aaron | None
Jimmy | None
Kendal | None
Mike | None
Wendy | None
Vishal | None
Sharon | None
Roxanne | None
Robert | None
Riddi | None
Paul | None
Olivia | None
Mike | None
Matt | None
Nicole | None
Laurie | None
Arden | None
Brittani | None
Bruce | None
Darrell | None
Denise | None
Elvin | None
Antonio | None
Ishwar | None
Jacob | None
Liza | None
Jorden | None
Kay | None
Heenu | None
Jack | None
Evan | None
Sam | None
Leslie | None
Ricardo | None
Brenda | None
AASIFA | None
Jessica | None
Ashley | None
Hari | None
antoinette | None
caren | None
katherine | None
krystal | None
nikki | None
shanika | None
julie | None
Simmie | None
Melissa | None
Teresa | None
Imma | None
Isabella | None
Jennifer | None
Jeremy | None
Jessica | None
John | None
Juan | None
Nancy | None
julia | None
Kahful | None
Koda | None
Lan | None
Gabriel | None
Meaghan | None
Mike | None
Orlando | None
Paul | None
Pedro | None
Rachael | None
RAKESH | None
Sahul | None
Sam | None
Sunny | None
tania | None
Tania | None
Mia | None
Evelyn | None
Benoit | None
Don | None
Adam | None
Edward | None
Naima | None
Tom | None
Ehtesham | None
Adam | None
Alex | None
Anagha(Ana) | None
Christina | None
Angelina | None
Andrea | None
Cuong | None
Cody | None
Todd | None
Brian | None
Brian | None
Anissa | None
Claryn | None
Chad | None
Amy | None
Annie | None
Rachel | None
Josephine | None
Nithya | None
ashley | None
jeremy | None
nicolette | None
rory | None
yueqin | None
emily | None
matthew | None
Tom | None
Sameer | None
Simon | None
Samuel | None
David | None
Sam | None
Rohan | None
Pete | None
Nauris | None
Stuart | None
Muhaimin | None
Matthew | None
Luis | None
Liam | None
Jack | None
Hashem | None
Gordon | None
Elliot | None
Mauricio | None
Elizabeth | None
Tabshir | None
Destiny | None
Adrian | None
Bernard | None
Bob | None
Camilla | None
Carl | None
Tracey | None
ashleigh | None
stephen | None
maresa | None
emma | None
Madi | None
Jennifer | None
Mark | None
Jan | None
Christina | None
Kymberli | None
Madison | None
Diego | None
mohammad | None
andrew | None
christian | None
edlard | None
jim | None
michael | None
william | None
Rachel | None
Amy | None
Brad | None
Scott | None
Megan | None
Matt | None
Nan | None
Amy | None
Tera | None
Rachel | None
Nicole | None
Steph | None
Jessie | None
Sharon | None
Kalpana | None
Nan | None
Rachel | None
Chris | None
Scott | None
Kayla | None
Lynn | None
Amy | None
Megan | None
Stephanie | None
Aldo | None
Tera | None
Nicole | None
Hannah | None
Courtney | None
Brad | None
Sankalp | None
Julian | None
Felicia | None
Matt | None
Steven | None
Michael | None
Cari | None
Heather | None
Renee | None
Haili | None
Haili | None
Elaine | None
Stephanie | None
Matt | None
Lisa | None
Megan | None
Lisa | None
Brad | None
Kayla | None
Praveen | None
Janice | None
Desiree | None
caleb | None
caroline | None
allison | None
matt | None
nicholas | None
patrick | None
chrysanthy | None
christine | None
Grace | None
Brandon | None
Mateusz | None
Layna | None
Richard | None
bruce | None
heather | None
jacqueline | None
maybelyn | None
Yana | None
Chloe | None
Annie | None
Rodrigo | None
Risa | None
Michael | None
Anna | None
Kher | None
Leo | None
Joanna | None
Jay | None
Elise | None
Danny | None
Daisy | None
Jolin | None
gino | None
Marissa | None
Ella | None
Salvador | None
Crucilena | None
Erick | None
Nelly | None
Timothy | None
Daniel | None
Carolyn | None
nextSource | None
Michele | None
Donna | None
Hitesh | None
Jessica | None
Ashley | None
Alexia | None
Ronnie | None
Katie | None
Jim | None
Jason | None
Louis | None
Rachel | None
Shara | None
Samantha | None
Mike | None
Kevin | None
Janice | None
Matthew | None
Marie | None
Cindy | None
Leo | None
Alan | None
Kimberly | None
Steffenie | None
Victoria | None
Cindy | None
Taylor | None
Alyssa | None
Stefani | None
Tim | None
Kelsey | None
Mary | None
Gina | None
Andrea | None
Olena | None
Baron | None
Cole | None
Lauren | None
Natalie | None
Kimberly | None
Frances | None
Kristyn | None
Matt | None
Kayla | None
Riley | None
Kat | None
Taylor | None
Joey | None
Austin | None
Carrie | None
Trina | None
Sajeev | None
Kaustubh | None
Holland | None
Valerie | None
Ajay | None
Jimmy | None
Randy | None
Phil | None
Mary | None
Kirsten | None
Jarvis | None
Jesse | None
Gary | None
Bob | None
Jo-Rita | None
Susan | None
Sandra | None
Charles | None
George | None
Debbie | None
Courtney | None
Julie | None
Samantha | None
Samantha | None
Kaitlin | None
Kaela | None
Ursula | None
Jennifer | None
Dalton | None
Carson | None
Avery | None
Amy | None
Carly | None
Reagan | None
Dena | None
AJ | None
Avery | None
Korina | None
Nick | None
Roman | None
Alexis | None
Sam | None
Nate | None
Jennifer | None
Bryan | None
Katie | None
Michael | None
Natalie | None
Sarah | None
Sam | None
kim | None
Dino | None
Timothy | None
Srinath | None
jason | None
Sam | None
Joe | None
Andrea | None
Samson | None
Alex | None
Christina | None
Ryan | None
Sam | None
Sean | None
Grace | None
Jeff | None
Anton | None
Sara | None
Joseph | None
Ryan | None
Victor | None
Manish | None
Moses | None
tori | None
tatiana | None
patricia | None
matt | None
kaushik | None
drew | None
jen | None
debra | None
drake | None
alexandria | None
amanda | None
amani | None
glenn | None
claudia | None
deborah | None
byrone | None
Ada | None
Joshua | None
Ivan | None
Jakub | None
Stanislas | None
Kim | None
Tiffany | None
Lori | None
Laurie | None
Kennia | None
Andy | None
Lea | None
ANTHONY | None
Brooke | None
Joseph | None
Lawrence | None
Michele | None
Gina | None
Brittany | None
whitney | None
paula | None
morgan | None
kaylee | None
Amy | None
jaclyn | None
dan | None
christy | None
chris | None
chad | None
catherine | None
antonia | None
amy | None
katie | None
Joann | None
Jonathan | None
Kendra | None
Tina | None
Krisangela | None
Ryan | None
Michelle | None
Otto | None
Patricia | None
Sherice | None
Jennifer | None
Mercedes | None
Jana | None
Tiffany | None
Emily | None
Fernando | None
Adrian | None
Amanda | None
Andria | None
Anthony | None
Athena | None
Ashley | None
Carlee | None
Carole | None
Danielle | None
Dayana | None
Don | None
Elizabeth | None
Bryan | None
Cindy | None
Nick | None
Tailor | None
Steve | None
Edgar | None
Danny | None
Daniel | None
Christian | None
Ben | None
Arthur | None
Danny | None
Anna | None
Tailor | None
Teddy | None
Jordan | None
Norma | None
eno | None
otito | None
Neil | None
Erin | None
Trish | None
Samantha | None
diana | None
Pat | None
Jennifer | None
Peter | None
Alexis | None
Jose | None
Amiel | None
Ana | None
Ross | None
Amanda | None
Maureen | None
sarah | None
victoria | None
susan | None
sarah | None
meg | None
lana | None
krista | None
kathy | None
sarah | None
erica | None
elkin | None
darlene | None
cassandra | None
brandy | None
amanda | None
amanda | None
alysia | None
john | None
Courtney | None
Myra | None
tisha | None
jude | None
megan | None
Ashley | None
Cherie | None
Lacey | None
Omar | None
william | None
julia | None
kevin | None
mayam | None
Kathy | None
Milani | None
Arindam | None
Tony | None
max | None
Wojciech | None
Robert | None
Rachael | None
Pippa | None
Mike | None
Masha | None
Louise | None
Lindy | None
Katja | None
Josie | None
Joshua | None
James | None
Daniel | None
Maarten | None
Ann-Kathrin | None
Andy | None
Aleksandra | None
alex | None
Alex | None
Jonathan | None
Rajan | None
Masha | None
Tiffany | None
Alex | None
James | None
Semira | None
Angelo | None
marcus | None
hugh | None
harry | None
charlie | None
Anie | None
Donna | None
alison | None
anh | None
spencer | None
Tristan | None
Tracy | None
Selena | None
Kelly | None
Mindy | None
Atalea | None
Brooke | None
Shawn | None
Candace | None
Brian | None
Chay | None
Darby | None
Molly | None
Zam | None
Ashley | None
suguru | None
ivan | None
marc | None
david | None
davie | None
Jessica | None
Angela | None
Emily | None
Katie | None
Melissa | None
Dawn | None
Jennifer | None
Leidy | None
Angel | None
Allyson | None
Allison | None
Craig | None
Khyati | None
Mahalakshmi | None
Manisha | None
Melissa | None
Nivedhaa | None
Nivedhaa | None
Zack | None
Noella | None
Rashmi | None
Roshan | None
Sabrina | None
Salman | None
Saravanakumar | None
Saravanan | None
Sethu | None
Susan | None
Winnie | None
Kavya | None
Julie | None
Gnana | None
Joe | None
Jubin | None
Abhishek | None
Alishea | None
Alister | None
Bobby | None
Brandon | None
Brandon | None
Chinna | None
Antony | None
Deepika | None
Harini | None
Immanuel | None
Immanuel | None
Jenifer | None
Jennifer | None
Jenny | None
Jessica | None
Claire | None
Laura | None
Matthew | None
Nicholas | None
Robin | None
Tyler | None
Scott | None
Some | None
Theodore | None
Jordan | None
Rose | None
John | None
Lauren | None
Jay | None
Jaime | None
Emma | None
David | None
Dallas | None
Christian | None
Chris | None
Carly | None
Bryce | None
Broderick | None
Anurag | None
Joel | None
Manoj | None
Naidu | None
Bill | None
hamilton | None
jay | None
nick | None
trunali | None
allia | None
alex | None
ryan | None
Alex | None
Beth | None
Ryan | None
Mohd | None
Shailendra | None
Paritosh | None
Ravi | None
Karen | None
Tiffany | None
Jazim | None
saad | None
cheyenne | None
ellison | None
kelly | None
mikaela | None
taylor | None
Rob | None
Alex | None
larry | None
whitney | None
Austin | None
Krista | None
Seth | None
Yijun | None
Samantha | None
Ruthann | None
Rudy | None
Ruby | None
Nicholas | None
Justin | None
Katrina | None
Joan | None
Jiayin | None
Jason | None
Ed | None
Christian | None
Benjamin | None
Anthony | None
Julia | None
Kyle | None
Max | None
Josh | None
Josh | None
Kate | None
Kiillian | None
Kimberly | None
Nicholas | None
David | None
Rob | None
Sam | None
Sam | None
Samuel | None
Scott | None
Taila | None
Thomas | None
Jordan | None
Reuben | None
Joe | None
Chauncey | None
Jake | None
Fallon | None
Claudia | None
Jake | None
hannah | None
hélène | None
keira | None
oliver | None
aron | None
stuart | None
John | None
Alyona | None
Emily | None
Frank | None
Jacob | None
patrick | None
Brittany | None
NIKOLAS​ | None
Neil | None
Lewis | None
Mardly | None
Noah | None
bethany | None
Ben | None
George | None
Lauren | None
Matthew | None
Nicholas | None
Chris | None
robin | None
Bob | None
Matthew | None
Lea | None
Alta | None
Jamie | None
Rob | None
Stephen | None
David | None
Joel | None
Tim | None
Salima | None
Chad | None
Stephen | None
Ibby | None
Eugene | None
swapna | None
shelby | None
barbara | None
jasmine | None
Lawrence | None
Teresa | None
Jess | None
Qiuyi | None
Craig | None
Gerardo | None
Treena | None
Mariann | None
David | None
Diane | None
Rochelle | None
Ryan | None
Jess | None
Don | None
Tracy | None
Scott | None
Miata | None
Judy | None
Bob | None
Angie | None
Jeff | None
Karina | None
Rayan | None
Tomás | None
Paola | None
Louise | None
Giovanna | None
Gabriela | None
Giuliano | None
Julie | None
Adrienne | None
Angie | None
Rashon | None
Quinn | None
Craig | None
Nolan | None
Keith | None
Martin | None
Ini | None
Corrine | None
Katrina | None
Ken | None
Lindsay | None
Mallory | None
Marion | None
Stefanie | None
Caroline | None
Rebecca | None
Jennifer | None
Nicole | None
Mia | None
Jun | None
Ryan | None
Tom | None
Ewan | None
vikki | None
trey | None
ted | None
michelle | None
mai | None
kayle | None
kendall | None
jessica | None
jennifer | None
claudia | None
carolyn | None
brianna | None
alannah | None
jinelle | None
david | None
Jennifer | None
Lindsay | None
Kirsten | None
Emily | None
Deborah | None
Brian | None
Jordan | None
Emmy | None
Kathy | None
Alejandrina | None
Cesar | None
David | None
Emily | None
Beth | None
Chris | None
Jason | None
Phil | None
Darren | None
Darren | None
Melanie | None
Alicia | None
Jacob | None
Wil | None
Matthew | None
Adam | None
Casey | None
David | None
Luiza | None
Kate | None
Josh | None
Nicole | None
Eva | None
Kelley | None
Blake | None
Natalie | None
Lori | None
Carol | None
Debra | None
Linnette | None
Amanda | None
Holly | None
Maddy | None
patrick | None
spencer | None
wendy | None
Will | None
Susan | None
Majda | None
Debanjan | None
Robbie | None
Kristen | None
Kelly | None
Ron | None
Kristin | None
Katherine | None
Shannon | None
Emma | None
Derek | None
Daisy | None
Bruna | None
Alli | None
Jane | None
Stephen | None
scott | None
Rida | None
Marilyn | None
Earlene | None
Lucia | None
Marina | None
Van | None
Sandra | None
MArk | None
Thuy | None
Breanna | None
Emmanuel | None
Eillen | None
Whitney | None
Kelsey | None
Angela | None
Melody | None
Lindsey | None
joel | None
stephen | None
Cortney | None
Danielle | None
Kywra | None
mike | None
mellanie | None
Lisa | None
Charlene | None
Aaron | None
Laine | None
Cori | None
Yingbin | None
Wanda | None
Viket | None
Rohit | None
Jeffrey | None
Jon | None
Conrad | None
David | None
Chinedu | None
Gregory | None
Betsy | None
Andrew | None
Scott | None
Mike | None
Eric | None
Sarah | None
Sean | None
Keith | None
Cluff | None
Mary | None
Selin | None
Betty | None
David | None
Nick | None
Matthew | None
Benjamin | None
Blake | None
Josh | None
Avinash | None
Christine | None
Justin | None
Sharanya | None
Heather | None
Joanna | None
Axel | None
Eileen | None
Roger | None
Nitin | None
Rohan | None
Adam | None
Michael | None
James | None
Ankit | None
Nick | None
Matt | None
Krista | None
Victoria | None
Heather | None
Nicole | None
Lisa | None
Andy | None
Tracey | None
Adam | None
Nicole | None
Andy | None
Lisa | None
Richard | None
Lauren | None
Colin | None
Mike | None
Nicholas | None
Kate | None
Tracey | None
Christina | None
Alan | None
Will | None
Akash | None
Crystal | None
Dan | None
David | None
Gonul | None
Iben | None
John | None
Mindy | None
Saadhira | None
Zoe | None
Devon | None
Jordan | None
Jumana | None
Khursheed | None
Mahesh | None
Muffi | None
Pradeep | None
Sanjay | None
Mayra | None
Jessica | None
Julie | None
Debbie | None
Stacy | None
Jules | None
Sheree | None
Laura | None
Damion | None
Margaret | None
Manille | None
Odi | None
Mario | None
Abel | None
Gabby | None
Patrick | None
Edwin | None
Diane | None
Owen | None
Tony | None
Angie | None
sarah | None
savana | None
rivka | None
tanner | None
analicia | None
aharon | None
hannah | None
Keith | None
Ariel | None
Lauren | None
Clay | None
Tonya | None
Tommy | None
Rocky | None
Rickey | None
Melina | None
Christine | None
Jason | None
Courtney | None
Vinnie | None
Angela | None
Andy | None
Jenny | None
Paul | None
Paul | None
Cindy | None
Katie | None
Glen | None
Jim | None
Tricia | None
Loretta | None
Mike | None
Michelle | None
Mark | None
Matthew | None
Macie | None
Mary | None
Matt | None
Mae | None
Kayla | None
Michaela | None
Mikaela | None
Lauren | None
Lisa | None
Kenneth | None
Kevin | None
Nicholas | None
Melissa | None
Patrick | None
Sally | None
Robert | None
William | None
Thomas | None
Tatianna | None
Tim | None
Shannon | None
Sarah | None
Summer | None
Kyle | None
Ruddmila | None
Sarah | None
Steve | None
Sydney | None
Roy | None
Randi | None
Ryan | None
Rob | None
Ryan | None
Rob | None
Samantha | None
Kaleigh | None
Michael | None
Kaitie | None
Chris | None
Christopher | None
Chris | None
Carl | None
Clair | None
Chris | None
Brent | None
Carly | None
Bryan | None
Anthony | None
Ashley | None
Anthony | None
Angela | None
Abby | None
Amy | None
Robert | None
Brittney | None
David | None
Donna | None
Joshua | None
Kyran | None
Kelly | None
Kaylee | None
Jonathan | None
Joshua | None
Jillian | None
Jessica | None
Joel | None
Danielle | None
Kyle | None
Jordan | None
Jesse | None
Jake | None
Jonathan | None
Ian | None
Hank | None
Fred | None
Danielle | None
Josh | None
Demi | None
sean | None
lilit | None
James | None
Sydney | None
Alan | None
Ruby | None
Luckett | None
Aaron | None
Lloyd | None
Louise | None
azure | None
dominick | None
Angel | None
D.J. | None
Kim | None
Keri | None
Cody | None
Alejandro | None
Samantha | None
Amber | None
Edwin | None
Amy | None
Lisette | None
Janice | None
Sean | None
Brian | None
Frinne | None
Sophie | None
Dustin | None
Faith | None
Daniel | None
Theresa | None
Teresa | None
Jessica | None
Clare | None
Katerina | None
Danielle | None
Paul | None
Michael | None
Susan | None
Joshua | None
Bob | None
Elizabeth | None
Andrew | None
Georgianna | None
JP | None
Kelsey | None
Nick | None
Brian | None
Donna | None
Adam | None
Tim | None
Stephen | None
Lori | None
Tim | None
Laura | None
Melissa | None
Mike | None
Kris | None
Christian | None
Sameer | None
Tiffany | None
Cristina | None
Steve | None
Ryan | None
Mike | None
John | None
Caleb | None
Lizzie | None
Kristen | None
Daron | None
Melissa | None
Robby | None
Meghan | None
Lily | None
Christian | None
katy | None
Laramy | None
Moe | None
Thomas | None
Richard | None
Megan | None
Percy | None
Joshua | None
James | None
Jamillah | None
Darryl | None
Brian | None
Apryll | None
Jeremiah | None
Liba | None
Heidi | None
Kimmy | None
manjot | None
mathussan | None
natasha | None
yalinee | None
sigrid | None
tyler | None
libby | None
rory | None
lee | None
lauryn | None
joshua | None
jordan | None
jay | None
henry | None
hana | None
elena | None
chris | None
aaron | None
aaliyah | None
joshua | None
gina | None
tahoor | None
Giana | None
audrey | None
abigail | None
adela | None
fer | None
mar | None
martyna | None
nicole | None
Danny | None
MACKENZIE | None
brenda | None
Lenny | None
Rachel | None
Kelsey | None
Jamie | None
Zachary | None
Anna | None
Angela | None
Jennifer | None
Ryan | None
Meagan | None
Brookie | None
Diego | None
Gillian | None
Kristine | None
Benjamin | None
Rachel | None
Jackilyn | None
Jason | None
Cedric | None
Chris | None
Katie | None
Brandon | None
David | None
David | None
Josh | None
Seth | None
Justin | None
Jeff | None
Tina | None
Anna | None
Kyle | None
Kristi | None
Lauren | None
Sabrina | None
Tyler | None
Steve | None
Reganne | None
Tom | None
Lori | None
Kelsey | None
adam | None
amber | None
angela | None
bret | None
chris | None
christy | None
danielle | None
david | None
emerald | None
ethan | None
jason | None
jennifer | None
john | None
diego | None
laura | None
Laura | None
josh | None
zachary | None
valerija | None
taniesha | None
steve | None
stacey | None
Eli | None
pallavi | None
p | None
miriam | None
meagan | None
matthew | None
sharron | None
Ryan | None
Bobby | None
Paul | None
Brendan | None
Paul | None
Ryan | None
Anthony | None
Sarah | None
Leo | None
Steve | None
Craig | None
Gerald | None
Connor | None
Kiersten | None
Elizabeth | None
Angela | None
Brooke | None
Marianne | None
Adam | None
Allison | None
Vince | None
Shelle | None
Tamer | None
Gregory | None
Tedria | None
Jenifer | None
Dan | None
Holly | None
Andrea | None
Christopher | None
Sean | None
Catherine | None
Jerry | None
Adnan | None
Whitney | None
Oni | None
Brian | None
Scott | None
Julie | None
Erin | None
Jeff | None
Jessica | None
Andrew | None
Graham | None
polina | None
Connor | None
cory | None
Lindsay | None
Spencer | None
Kim | None
Manasa | None
Matthew | None
Michael | None
Jimmy | None
Lynsey | None
suzanne | None
Kris | None
Kris | None
Tamara | None
Sandra | None
Dawn | None
Kayla | None
Premier | None
Chantiece | None
Sequoia | None
Shikha | None
kyle | None
McKenna | None
Hannah | None
Roberto | None
Val | None
Hailey | None
Kyle | None
Emina | None
Ryan | None
Scott | None
Courtney | None
Lexi | None
Scott | None
Roshan | None
Bret | None
Frank | None
Terry | None
Chris | None
Colleen | None
Stephanie | None
Adrienne | None
Angie | None
Kerri | None
Tiffany | None
Paris | None
Moriah | None
Kim | None
Megan | None
Debanjana | None
Chrissy | None
Brian | None
Aaron | None
Jason | None
alicia | None
karen | None
Crystal | None
Rueben | None
Kelly | None
Saba | None
Sandy | None
Phyllis | None
Isaiah | None
Caitlin | None
Corey | None
Christine | None
Anthony | None
Eric | None
Marianna | None
Brian | None
Erik | None
Debra | None
Anthony | None
Gabrielle | None
Beau | None
Bill | None
Noreen | None
Daniel | None
Gus | None
Kayla | None
Bradley | None
Lindsay | None
Priscilla | None
Tiba | None
Tina | None
Taryn | None
Natalie | None
Caressa | None
Jessica | None
Jennifer | None
Carlhenry | None
Anthony | None
Katherine | None
jasmine | None
Jessica | None
Connie | None
matt | None
tom | None
tim | None
sarah | None
rhiana | None
radoslaw | None
monica | None
mary | None
sarithorn | None
liz | None
arun | None
brenon | None
christine | None
maranda | None
james | None
dana | None
justin | None
kathleen | None
emily | None
macy | None
stacy | None
tracey | None
Mariela | None
Eric | None
Virginia | None
Pete | None
Kleisner | None
Tiffany | None
Adrienne | None
Alberto | None
Wasimkhan | None
Riju | None
Chris | None
Amanda | None
Iliana | None
Shabby | None
Cesar | None
Kevin | None
Wasimkhan | None
Adrian | None
AJ | None
Alberto | None
Connie | None
Daniel | None
Ishani | None
Jawed | None
Luis | None
Michael | None
Ray | None
Allison | None
Jake | None
Edgar | None
AJ | None
Wasimkhan | None
Troy | None
Claudia | None
Mayra | None
Ray | None
Raquel | None
Maggie | None
Iliana | None
Amanda | None
Jawed | None
scott | None
Aris | None
karen | None
Chris | None
Andrew | None
Phillip | None
sara | None
minal | None
marissa | None
lauren | None
josh | None
brianna | None
darcie | None
christina | None
carolyn | None
braxton | None
theresa | None
ellen | None
Eva | None
Keri | None
Pradeep | None
Benjamin | None
Kevin | None
Melinda | None
Ellie | None
danielle | None
letisha | None
sharon | None
melissa | None
kumar | None
jon | None
ayyappan | None
harry | None
ashok | None
john | None
Michael | None
Veronica | None
Stephanie | None
Jessie | None
Jennifer | None
Sasha | None
Salma | None
Pranjali | None
Jackson | None
Frank | None
Benjamin | None
Ben | None
Bill | None
Seba | None
Mary | None
Ian | None
Erica | None
Mary | None
Fedelza | None
Sean | None
Denis | None
Aurora | None
Diana | None
BRIAN | None
Frederick | None
Patrick Verrette | None
Alex | None
Mindi | None
Charles | None
Lisa | None
Margie | None
Ruslan | None
Sir | None
Nate | None
McKinsey | None
Mary | None
Mary | None
Kali | None
Matt | None
Greg | None
Erin | None
Brandon | None
Andrew | None
Ali | None
Heather | None
Greg | None
Ihsan | None
Teresa | None
Todd | None
Chadwick | None
na | None
Danielle | None
jenefer | None
Abresch | None
Chrissy | None
Cici | None
Rebecca | None
Trudy | None
AJ | None
Carolyn | None
Rodolfo | None
Robinson | None
ReAnne | None
Jim | None
Maria | None
Amberlyn | None
Jiten | None
Jerome | None
kumar | None
Manoj | None
Vikas | None
Anu | None
Dharmendra | None
Ranjit | None
Payal | None
Shubham | None
Victor | None
Sumit | None
Saurabh | None
Manish | None
Rahul | None
Shubham | None
Dheeraj | None
Rahul | None
Hemant | None
Vinit | None
Sakshee | None
Amarpreet | None
Manish | None
Rakesh | None
Rajitesh | None
Ankit | None
Nitish | None
Akash | None
Rajnish | None
Mukesh | None
Pushpendra | None
Tanuj | None
Sagar | None
Prashant | None
Chandan | None
Shailendra | None
Ankit | None
Ajit | None
Nikhil | None
Vijay | None
Maroot | None
Prashant | None
Anand | None
Kumar | None
Soumya | None
Bittu | None
Abhijeet | None
Bantoo | None
Ashish | None
Shiv | None
Ashish | None
Deepak | None
Sachin | None
Ashish | None
Abhishek | None
Nikhilesh | None
Ashu | None
Bhawna | None
Chandrakant | None
M. | None
Vineet | None
Rohit | None
Dheeraj | None
Shivam | None
Neeraj | None
Ashish | None
Ravi | None
Anjali | None
Abhishek | None
Chaudhary | None
Victoria | None
james | None
Lisa | None
Diana | None
Brad | None
Jace | None
Jason | None
Suzanne | None
Emily | None
Chris | None
Sarah | None
James | None
seila | None
Sandria | None
Keyza | None
Tami | None
Steve | None
Riz | None
Rheabelle | None
Jennifer | None
Iyani | None
Gizelle | None
gizelle | None
Angel | None
Erika | None
Emily | None
Catrina | None
Carolyn | None
India | None
Fion | None
Amy | None
Corinne | None
Robert | None
Gary | None
Paige | None
Bryan | None
Robb | None
Stacey | None
adonis | None
raquel | None
ashlie | None
caitlin | None
diana | None
heather | None
michael | None
ismael | None
amy | None
ally | None
marcos | None
Storm | None
lori | None
anthony | None
Sukku | None
Lam | None
jeremy | None
Brandon | None
Lindsey | None
Mary | None
Caroline | None
Andrew | None
Nombuso | None
Anthony | None
Nick | None
Elizabeth | None
Paul | None
Shannon | None
Faye | None
Tracey | None
johanna | None
Maria | None
Bilal | None
hey | None
MORGAN | None
Matt | None
Andrew | None
Katie | None
Melinda | None
Salora | None
Cyntia | None
Lia | None
Kristin | None
Nick | None
Karina | None
Brock | None
Ray | None
Lauren | None
Alta | None
Micaela | None
Barbara | None
Jeff | None
bridget | None
patricia | None
antonio | None
cristina | None
paul | None
Eric | None
amy | None
brooke | None
craig | None
james | None
maria | None
michael | None
renee | None
Amy | None
Tyler | None
Amy | None
Rob | None
Susan | None
Daniel | None
Jason | None
Jay | None
Jeff | None
Joel | None
Joseph | None
Karl | None
Katie | None
Maria | None
MayAnn | None
Michael | None
Michael | None
Mike | None
James | None
Renee | None
Rachelle | None
Bridgette | None
creg | None
marydalene | None
julio | None
john | None
jessica | None
horace | None
erin | None
dustin | None
abigail | None
Mike | None
Bill | None
Laurie | None
Laura | None
Melissa | None
Sarah | None
Sven | None
Raquel | None
John | None
Kayla | None
Steven | None
Alizah | None
stella | None
ravi | None
kavita | None
Jordan | None
ivan | None
Hillary | None
Muhammad | None
jackson | None
Mario | None
Anthony | None
Paulina | None
Nik | None
Christina | None
Dalia | None
Jennifer | None
Steven | None
Paulina | None
Maria | None
Steven | None
Jennifer | None
Christina | None
Mario | None
Nik | None
Daniela | None
Ted | None
Dalia | None
Dan | None
Jason | None
Fran | None
Muhammad | None
Maria | None
Richard | None
Derek | None
Laura | None
Chantz | None
Yader | None
Areana | None
Sara | None
Beatriz | None
Scott | None
Evan | None
Freddie | None
Damien | None
Jody | None
Lisa | None
Nad | None
Robert | None
Jaimie | None
Alison | None
Francisco | None
Monique | None
Amanda | None
William | None
Esperanza | None
Josh | None
Austin | None
John | None
Nikki | None
TRACIE | None
Amanda | None
dominique | None
Jason | None
Stephanie | None
Rocky | None
Haidyn | None
Erica | None
Chuck | None
Lacey | None
Phillip | None
Trish | None
Steve | None
Hannah | None
Patrick | None
Renee | None
cameron | None
emily | None
john | None
john | None
kelly | None
lindsay | None
nick | None
chad | None
julia | None
Trish | None
James | None
Neil | None
Rebecca | None
Rob | None
Tyler | None
MARY | None
Christopher | None
Mario | None
Andrew | None
Zachary | None
Zach | None
Tim | None
Tara | None
Sergei | None
Scot | None
Rylan | None
Ryan | None
Ron | None
Red | None
Myles | None
Megan | None
Matt | None
Justin | None
Andrew | None
Jeremiah | None
Anne | None
Autumn | None
Bailey | None
Brandon | None
Brendan | None
Joey | None
Chris | None
Caroline | None
Danielle | None
David | None
Jacob | None
James | None
Jason | None
Jennifer | None
Dan | None
Kali | None
Lana | None
Alyssa | None
Marcus | None
robert | None
peter | None
bardia | None
liel | None
roxanne | None
christopher | None
jay | None
krystal | None
Elizabeth | None
Lisa | None
Reenesh | None
demetris | None
latasha | None
patrick | None
Sabrina | None
Donald | None
Susan | None
John | None
Bianca | None
Ana | None
Bianca | None
Courtney | None
Michael | None
Matthew | None
Chuck | None
Bob | None
Rebecca | None
Lari | None
Lily | None
Max | None
Stacey | None
Todd | None
Alice | None
Chloe | None
Veronica | None
David | None
Michelle | None
Eric | None
William | None
Matt | None
Jake | None
Samuel | None
Yuliya | None
Darko | None
Nils | None
Cristian | None
Aleksa | None
Christina | None
Vladimir | None
Marta | None
Lydi | None
Miras | None
Valentina | None
Tyler | None
Anna | None
Mark | None
John | None
Oliver | None
Alicia | None
AT&T | None
stephen | None
shipra | None
phillip | None
rebecca | None
neeraj | None
cody | None
luis | None
jennifer | None
helene | None
carie | None
anna | None
mimi | None
ann | None
Michael | None
Jovanny | None
zach | None
Kathleen | None
Kathleen | None
Lynn | None
Calli | None
Raymond | None
Anthony | None
lennox | None
Roy | None
Colborn | None
Karine | None
Jacquelin | None
Sarah | None
Thomas | None
Mario | None
Duane | None
Gabriel | None
Michael | None
Oliver | None
Huyen | None
THAO | None
Chris | None
Rose | None
Alan | None
Mackenzie | None
Yany | None
Vicky | None
Tony | None
Sarah | None
Riley | None
Peter | None
Nikki | None
Melissa | None
Matthew | None
Lisa | None
Janelle | None
Laura | None
Libby | None
April | None
Elizabeth | None
Heather | None
Jenna | None
Amanda | None
Kat | None
Katie | None
Kevin | None
Kristy | None
Jess | None
Lexi | None
Marcus | None
Marlana | None
Mayur | None
Mike | None
Monique | None
Nick | None
Priyanka | None
Larry | None
Rachel | None
Robyn | None
Susan | None
Susan | None
Tawanda | None
Tyler | None
Tyler | None
Victoria | None
Orianna | None
Johndrea | None
Nina | None
John | None
John | None
Amber | None
Art | None
Brianca | None
Cam | None
Cassandra | None
Chris | None
Christian | None
DaJa | None
Daysha | None
Melissa | None
Diana | None
Duanetta | None
Emmanuel | None
Gerard | None
Gina | None
Greg | None
hey | None
Jeremy | None
Jesus | None
Deshawn | None
Mike | None
Micheline | None
Trent | None
Julius | None
fateya | None
hadas | None
David | None
Becky | None
Tracey | None
anja | None
brittany | None
christa | None
dawn | None
eugene | None
india | None
naj | None
sarah | None
sharnette | None
steven | None
sye | None
ambar | None
christine | None
Ryan | None
BOB | None
John | None
Kate | None
Revi | None
Glenn | None
adrienne | None
annabel | None
charlie | None
christopher | None
jamie | None
joel | None
samuel | None
melanie | None
lacey | None
katie | None
michael | None
frank | None
gwen | None
dominique | None
christina | None
elisia | None
earl | None
marissa | None
Rupert | None
Liam | None
Lysa | None
Ro | None
Lindsay | None
Zackary | None
Scott | None
Paula | None
Nykole | None
Meghan | None
Michael | None
Mary | None
Luke | None
Kirsten | None
Kate | None
Jennifer | None
Jay | None
Heather | None
Danny | None
Diamond | None
Brenna | None
Amaris | None
Annie | None
Kimberly | None
ERIN | None
Craig | None
Micah | None
Marcin | None
Hollie | None
Luka | None
denise | None
Erin | None
Greetings | None
Erin | None
Greetings | None
Xiaohai | None
Stacy | None
shyam | None
Shawn | None
Ryan | None
Robert | None
Kevin | None
Nick | None
Moogy | None
Margarito | None
Lukas | None
Kristen | None
Ken | None
Garrett | None
Julian | None
Bryce | None
Carlos | None
Casey | None
Chadwick | None
Christopher | None
Dani | None
Devin | None
Easton | None
Elise | None
Katie | None
Emily | None
Emily | None
Jon | None
Jon | None
Jordan | None
Jason | None
Ivana | None
John | None
Eric | None
Adrian | None
Kaitlin | None
Joanie | None
Abby | None
Brianna | None
Mary | None
Chris | None
Chad | None
Julie | None
Jeff | None
Mark | None
Amanda | None
KELLY | None
Daleele | None
Levbert | None
Amanda | None
Nyad | None
Cory | None
brijesh | None
Sharon | None
Jim | None
Paul | None
Sarah | None
Bob | None
rimiro | None
nishana | None
nahla | None
naushad | None
louise | None
jack | None
du | None
cassandra | None
mira | None
Danielle | None
Mishi | None
Kopra | None
Alex | None
Saudia | None
Alli | None
Hisashi | None
Katherine | None
Garrett | None
Kerri | None
Travis | None
Sophiko | None
Aleksandar | None
Irina | None
carlos | None
giancarlo | None
isabel | None
michael | None
tony | None
karen | None
Mike | None
Ron | None
Will | None
Skylar | None
Shelby | None
Patrick | None
Michael | None
Katie | None
Clay | None
Cassidy | None
Brittany | None
Brian | None
Alice | None
Isaac | None
Rick | None
Ravi | None
Lee | None
Jessy | None
Samuel | None
David | None
Eugene | None
Amy | None
Gerry | None
Rodney | None
Robyn | None
Kristen | None
Heather | None
Raul | None
George | None
Catherine | None
Jason | None
Vernon | None
Chintan | None
Timothy | None
Michael | None
Meredith | None
Megan | None
Kevin | None
Louie | None
Lisa | None
Kristyn | None
Michelle | None
MadhuBala | None
Mimi | None
Ryan | None
Nicole | None
Patrick | None
Prabhakaran | None
Regina | None
Sam | None
Sameen | None
Shatera | None
Tim | None
Trevon | None
Kelly | None
Naira | None
Karla | None
Daniel | None
Julie | None
Amanda | None
Justin | None
Artur | None
Arun | None
Biju | None
Brian | None
Cassandra | None
Charmy | None
Damian | None
Dan | None
Chamaea | None
John | None
Joana | None
Jenny | None
Javier | None
Guy | None
David | None
Joseph | None
Eva | None
Eric | None
Derek | None
Glenn | None
melanie | None
Danielle | None
Ashley | None
Kim | None
Kevin | None
Eric | None
aaron | None
brandon | None
Lori | None
Jessica | None
Cory | None
Michele | None
Candice | None
Paul | None
Stephen | None
Kyle | None
Paul | None
Alex | None
Alfred | None
stavros | None
laura | None
megan | None
anne | None
albina | None
joe | None
Lester | None
Louis | None
Louise | None
Lucy | None
Kevin | None
Joe | None
Laura | None
Corey | None
Glen | None
Kate | None
Jessica | None
James | None
Ryan | None
Bill | None
Richard | None
Euan | None
Tom | None
A. | None
Lee | None
Keya | None
Beth | None
Jon | None
Colin | None
Darren | None
glenn | None
jonathan | None
kaif | None
Wes | None
Akkineni | None
Venkat | None
Tony | None
Donovan | None
Melissa | None
Neelam | None
Lonnie | None
Dana | None
Amanda | None
Freddie | None
Kelly | None
Lindsey | None
Lorna | None
Nicole | None
Raisa | None
Senthil | None
Tomer | None
Ryan | None
Aaron | None
oliver | None
ross | None
saša | None
John | None
Waqar | None
Aisis | None
Benny | None
Matt | None
Jason | None
John | None
Todd | None
Kyel | None
lea | None
elizabeth | None
Hayden | None
Daniel | None
Kimball | None
Melissa | None
Lakayla | None
Christine | None
zachary | None
steve | None
scott | None
meagan | None
laura | None
jennifer | None
genavieve | None
Will | None
Tom | None
Michael | None
Melissa | None
Lisa | None
Kiera | None
Edward | None
John | None
Joe | None
Jelena | None
Emily | None
Bria | None
Ava | None
Kevin | None
Mate | None
Mark | None
Roxanne | None
Glenn | None
savanna | None
LeMarc | None
Geoff | None
Aileen | None
Yacinta | None
Andrew | None
Brianna | None
Nickolas | None
Bhavika | None
Dawn | None
Edward | None
Jacob | None
Alec | None
Nelson | None
kazuhiro | None
tess | None
prakash | None
luis | None
jessica | None
alisa | None
jenna | None
dave | None
christoph | None
césar | None
jess | None
Abbey | None
Kate | None
Emma | None
Zoe | None
David | None
Corinne | None
emma | None
Ellen | None
Frederick | None
Spencer | None
Abe | None
Payton | None
Zac | None
Robbie | None
casey | None
Kat | None
Gretchen | None
donna | None
kim | None
anne | None
Emma | None
Conor | None
Robyn | None
Christopher | None
Tim | None
Megan | None
Ryan | None
Robert | None
Rick | None
Meriah | None
Kirbi | None
Shelley | None
Julian | None
Jessica | None
Jeffrey | None
James | None
Jack | None
Helen | None
Ginger | None
Colin | None
K. | None
wilson | None
tyrone | None
brian | None
avram | None
abraham | None
meir | None
phương | None
yosafat | None
tien | None
shine | None
ryan | None
phuong | None
charmaine | None
jimmy | None
diep | None
darvinder | None
cynthia | None
cahyani | None
auron | None
marcus | None
Virgil | None
Sean | None
Mirela | None
Kellie | None
Emily | None
Glenn | None
Andrei | None
Anabella | None
Agustina | None
Andreea | None
Argelio | None
Bridget | None
JACLYN | None
Paula | None
Jason | None
Stanley | None
maximilian | None
advait | None
daria | None
james | None
Kathleen | None
Shay | None
Tim | None
Anel | None
manar | None
lane | None
britny | None
evan | None
dan | None
james | None
Joe | None
Jolene | None
Brian | None
Kristie | None
Kristie | None
Marie | None
Rebekah | None
Jill | None
Katherine | None
Kylie | None
Ryan | None
Jeremy | None
Taia | None
Taia | None
Whitney | None
Will | None
Jason | None
Sebastian | None
Hannah | None
Colby | None
Elizabeth | None
Alex | None
Alexander | None
Amy | None
Ben | None
Brooks | None
Byron | None
Emily | None
Christin | None
Cristina | None
Cory | None
Caroline | None
Clay | None
Abby | None
Chris | None
carly | None
elizabeth | None
katelyn | None
marie | None
nora | None
peter | None
stephanie | None
karen | None
lynne | None
mackenzie | None
michael | None
shrity | None
rosemary | None
roshan | None
sandra | None
julie | None
travis | None
nakeisha | None
judy | None
mya | None
jacob | None
jennifer | None
amber | None
anbarasi | None
bob | None
brad | None
christine | None
mary | None
danielle | None
david | None
clayton | None
elizabeth | None
hemavathy | None
hiba | None
Darric | None
Mike | None
Shea | None
Steve | None
Robi | None
Hugo | None
Evey | None
Kat | None
renee | None
Nick | None
Benton | None
savannah | None
Christina | None
Steve | None
Misty | None
Coy | None
rachel | None
troy | None
steven | None
nicole | None
colin | None
mallory | None
adam | None
amy | None
melissa | None
alvaro | None
maria | None
Lourdes | None
Cassandra | None
Kerry | None
Rick | None
Carine | None
Alex | None
Vicky | None
Jonathan | None
james | None
thomas | None
Suzie | None
Laura | None
Danny | None
Anthony | None
Cheryl | None
Jan | None
Matthew | None
Vincent | None
Nicolas | None
Kevin | None
Frankie | None
Edward | None
Jennifer | None
christina | None
kassidy | None
zach | None
blair | None
Anthony | None
Claudine | None
Elizabeth | None
Gustavo | None
Ashley | None
Cari | None
Elaina | None
Hunter | None
Kinga | None
Mallory | None
Maryclare | None
Saydara | None
Izzy | None
Andrey | None
Anna | None
Harry | None
Jared | None
Michael | None
Matthew | None
Molly | None
Vadim | None
Vasily | None
Victoria | None
Volodymyr | None
Yvonne | None
Alexander | None
Zoe | None
Tom | None
Chase | None
Lisa | None
Shawn | None
Abou | None
anna | None
cynthia | None
hanie | None
heather | None
pam | None
resha | None
sharnia | None
Craig | None
Kyle | None
Vivcka | None
ONYA | None
Mark | None
Thomas | None
Brian | None
Sterling | None
Marianne | None
Alex | None
Christopher | None
Adam | None
Janet | None
Samantha | None
Benjamin | None
Kris | None
Leslie | None
John | None
Melissa | None
Lauren | None
Vickie | None
Diana | None
Colleen | None
Paige | None
Amy | None
Ben | None
Charlie | None
Jet | None
Lloyd | None
Mike | None
Robert | None
Thilo | None
Tyler | None
Ivan | None
Pilar | None
Lorene | None
Marissa | None
Phani | None
Bharath | None
Peter | None
Alicia | None
Amber | None
Ashley | None
Bailee | None
Cheryl | None
Sirius | None
Stephen | None
Jeffrey | None
Max | None
Matthew | None
Jaime | None
Priscila | None
Colt | None
Christopher | None
Bryan | None
Allie | None
Alexander | None
Dan | None
Steven | None
Eric | None
Paul | None
Alissa | None
Nicholas | None
Sonda | None
theresa | None
Jamie | None
Steve | None
Jason | None
Scott | None
Mary | None
Staci | None
Rebecca | None
Jordan | None
Jessica | None
Jennifer | None
Evelyn | None
Bonnie | None
Andrea | None
Timothy | None
Bethany | None
Chloe | None
Richard | None
Joe | None
kaylee | None
kimberly | None
leah | None
lindsey | None
randy | None
niko | None
olivia | None
kathryn | None
taylor | None
melissa | None
julian | None
farah | None
jessica | None
jessica | None
jeff | None
jasmina | None
jake | None
gianna | None
erin | None
elizabeth | None
bethany | None
ainsley | None
julia | None
Stephanie | None
luke | None
Jeffrey | None
Kylee | None
jeffrey | None
Galen | None
Elliot | None
Justen | None
Paul | None
Artem | None
Allison | None
Rupert | None
Ben | None
Maxim | None
Iain | None
Daniel | None
Simon | None
Michael | None
Ryan | None
Sybille | None
Janice | None
Jordache | None
Ip | None
Michael | None
Maxime | None
Darius | None
Kane | None
Jackie | None
Kieran | None
Lewis | None
Nicholas | None
Scott | None
Matthew | None
Thuan | None
Shane | None
Mike | None
Narek | None
Andrey | None
Patricia | None
Michelle | None
Micah | None
Derek | None
Ben | None
Peter | None
Chris | None
John | None
Jayde | None
Wade | None
Jason | None
Tommy | None
Rohit | None
Richard | None
Jonathan | None
David | None
Andrew | None
Rebecca | None
Darren | None
Medford | None
Patrick | None
shawn | None
mackenzie | None
melyssa | None
nicole | None
pam | None
sherri | None
Angela | None
tammy | None
therese | None
tiffany | None
Amy | None
Andrew | None
kim | None
sona | None
kim | None
jennifer | None
karen | None
alicia | None
amanda | None
amy | None
angie | None
kelly | None
ashley | None
chris | None
ashley | None
colleen | None
courtney | None
eliza | None
hanna | None
hannah | None
jessica | None
claudine | None
Eric | None
Shannon | None
Joe | None
Chris | None
Stephanie | None
Trieu | None
Jeff | None
Blake | None
Sean | None
Justan | None
Shane | None
Shannon | None
Michael | None
LaQuana | None
Scott | None
Adam | None
Drew | None
Layne | None
Larry | None
Leo | None
Srujan | None
Laurie | None
sara | None
angie | None
danny | None
jeff | None
Adon | None
Sherri | None
Frank | None
Kim | None
Mary | None
Taylor | None
Agnes | None
Noe | None
maggie | None
Sarah | None
Patty | None
Lucas | None
Sue | None
Brenda | None
david | None
erlinda | None
erlinda | None
juan | None
monica | None
Nayan | None
nayan | None
Nam | None
Carla | None
Andy | None
Kourtni | None
Trevor | None
Brian | None
Kevin | None
Dino | None
Dru | None
Trish | None
Clarence | None
Edit | None
Christopher | None
Tiffany | None
Amanda | None
holly | None
kristen | None
Kirill | None
Eric | None
Hleb | None
Sveta | None
Daria | None
Evgenia | None
Andy | None
Eric | None
Otto | None
Trent | None
ritz | None
rachel | None
josie | None
john | None
jessica | None
derek | None
craig | None
christina | None
candy | None
angie | None
cynthia | None
Sam | None
Christy | None
Steve | None
Liz | None
Shay | None
Kirk | None
Thomas | None
Martyn | None
Chris | None
Lois | None
Rodney | None
Laura | None
Scott | None
Steve | None
Fiso | None
Chris | None
Chander | None
Sachin | None
Karan | None
Angel | None
LuMar | None
Martha | None
carolina | None
Joe | None
Lynette | None
Megan | None
Lisa | None
Jai | None
Jermaine | None
Keith | None
Nathan | None
John | None
Andrea | None
Ed | None
robert | None
jonathanm | None
christina | None
dennis | None
jennifer | None
john | None
phillip | None
sammie | None
vanessa | None
calvin | None
Lisa | None
David | None
Guyo | None
Kayla | None
Abigail | None
Elizabeth | None
Lauren | None
tara | None
seanpaul | None
michael | None
madelyn | None
ian | None
ashley | None
alexander | None
marian | None
mumtaz | None
michelle | None
michael | None
lenka | None
linnea | None
maria | None
marcie | None
magdalene | None
luciano | None
octavio | None
maria | None
pablo | None
samantha | None
regina | None
robert | None
robin | None
sabrina | None
sara | None
sheree | None
sophia | None
stefanie | None
todd | None
tracey | None
yensi | None
pamela | None
lekisha | None
greene | None
lalainya | None
alex | None
amy | None
anita | None
antinea | None
arielly | None
asha | None
barbara | None
bruce | None
cacenta | None
christy | None
corby | None
dana | None
carmel | None
dominique | None
kevin | None
kevin | None
dana | None
joyce | None
joe | None
kelly | None
jason | None
fred | None
erika | None
eric | None
jesu | None
laura | None
Ryan | None
James | None
Nick | None
louis | None
will | None
tom | None
kinga | None
karim | None
elysia | None
kevin | None
Kaylee | None
Aujelle | None
Hans | None
Ryan | None
Suzanne | None
Stephanie | None
Tim | None
Mateo | None
John | None
Nicholas | None
Jack | None
Elizabeth | None
Denisse | None
Alison | None
Jen | None
Dawn | None
Jamie | None
khaled | None
ahmad | None
jack | None
Aaron | None
Diane | None
Mallory | None
Haley | None
Sarah | None
Patrick | None
Cailey | None
Jason | None
Rachel | None
Eileen | None
Jessica | None
Samantha | None
Julianne | None
Jeff | None
Haily | None
Angelica | None
Theresa | None
Manasa | None
Payton | None
David | None
Jeffrey | None
zachary | None
tracy | None
shawn | None
megan | None
maile | None
luis | None
kyle | None
kelly | None
delaney | None
brandon | None
beth | None
avery | None
arielle | None
arianna | None
alicia | None
aaliyah | None
gerald | None
hilary | None
Frederick | None
Harish | None
Harish | None
Jimmy | None
Alexis | None
Kylan | None
Josh | None
Chris | None
Rajeev | None
August | None
Kandace | None
Adrianne | None
Kevin | None
Delvin | None
Alejandro | None
Quantel | None
DeMario | None
Julie | None
Michael | None
Burton | None
Austin | None
Steven | None
Erich | None
Nathaniel | None
Brandon | None
michael | None
Joseph | None
Rahmatullah | None
ANDRES | None
AS | None
Adam | None
Aaron | None
AJ | None
Brett | None
Thomas | None
William | None
Jennifer | None
Camelia | None
Rafaella | None
Tabitha | None
Carrie | None
Vasudha | None
Kristina | None
Kelsey | None
Michelle | None
Antoinette | None
Tia | None
Anderson | None
Yasir | None
Arvind | None
Michele | None
Paul | None
Jeff | None
Ryan | None
Cheryl | None
Dacia | None
Tara | None
Brian | None
Patricia | None
Mike | None
Angel | None
Beth | None
Haley | None
Tierra | None
Aisly | None
Charlotte | None
Sandra | None
Lisa | None
Tom | None
Samantha | None
Mike | None
Amanda | None
Karl | None
Carlos | None
Lily | None
Daniel | None
Kathleen | None
Lizabeth | None
James | None
Mallory | None
Sarah | None
Stacey | None
Setareh | None
Adam | None
mariel | None
montserrat | None
pamela | None
Ron | None
Nicole | None
Lauryn | None
Justin | None
Jim | None
Mail | None
Todd | None
Heidi | None
Melissa | None
Randy | None
Stefan | None
Gloria | None
David | None
Katherine | None
Brent | None
Kamal | None
Victor | None
Carolyn | None
Anna | None
Gaurav | None
Rekha | None
Anshu | None
Vasudha | None
Sri | None
Lokesh | None
Hitesh | None
Pawan | None
Nitish | None
Shubham | None
Sandra | None
Ayush | None
Adil | None
Madelaine | None
Jan | None
Saurabh | None
Natalia | None
Kent | None
Sonu | None
Avneesh | None
Heather | None
alex | None
Susanne | None
Michael | None
alex | None
katina | None
rajesh | None
tushar | None
Julie | None
Marcie | None
Troy | None
Kimberly | None
Matt | None
Keisha | None
Lisa | None
Anthony | None
Chantel | None
Christian | None
Christopher | None
Jennie | None
Stacie | None
Bill | None
Davida | None
Kaitlyn | None
Leah | None
Marni | None
Marni | None
Zara | None
Ross | None
Niamh | None
Michael | None
Marcus | None
Catalina | None
Annie | None
Alani | None
Kyle | None
Anh | None
ronald | None
michael | None
monique | None
peter | None
megan | None
tiffany | None
tina | None
vlad | None
yash | None
susan | None
janice | None
shelbey | None
emerly | None
amy | None
ashley | None
beth | None
catherine | None
cecilia | None
emily | None
cory | None
david | None
diego | None
drew | None
ellen | None
christelle | None
Amanda | None
Kate | None
Brandon | None
Prashanth | None
Alex | None
Ken | None
Cristina | None
Stacie | None
Louis | None
Katherine | None
Jesse | None
Emma | None
Camille | None
Dalija | None
Cristian | None
Cristina | None
Cassandra | None
Audrey | None
Eva | None
Caroline | None
Susan | None
cindy | None
jesus | None
Andrea | None
Brooke | None
Sarah | None
Kylie | None
daniel | None
Trevor | None
Jaehee | None
Pamella | None
Alexandria | None
Pilar | None
Erika | None
Lauren | None
Nick | None
Christina | None
Xochil | None
Lindsay | None
Erica | None
Margaret | None
Shana | None
Rachel | None
Chloe | None
Keelie | None
Claire | None
Ally | None
Amy | None
Darlene | None
Glen-Derrick | None
Kathy | None
Taylor | None
Madeline | None
Lisa | None
Michael | None
Keith | None
Morgan | None
Kathleen | None
Ryan | None
Nicole | None
Nikki | None
Nikki | None
Rebecca | None
Rohan | None
Nick | None
Soni | None
Stacy | None
Stan | None
Stephen | None
Taylor | None
Virginia | None
Molly | None
Staci | None
Mikaela | None
Scott | None
Marine | None
Caitlin | None
Caroline | None
Chelsea | None
Comfort | None
Eden | None
Erin | None
Gabrielle | None
Angelina | None
Ish | None
Jenel | None
Jordan | None
Jorden | None
Kelly | None
Laura | None
Maddie | None
Marisa | None
Luke | None
Matthew | None
Kathy | None
Kathy | None
Jade | None
Jill | None
Richard | None
Aaron | None
Joe | None
Earlvin | None
Dan | None
Kari | None
Hannah | None
Rania | None
Riley | None
Moshe | None
Christian | None
Sophie | None
Dan | None
Joanna | None
Dan | None
Earlvin | None
Amy | None
Dan | None
Kari | None
Riley | None
Rania | None
Sophie | None
Christian | None
Moshe | None
Joanna | None
Hannah | None
Kirsten | None
Diane | None
Poornima | None
rodrigo | None
susan | None
Vera | None
Sebastian | None
Joshua | None
Dave | None
Mark | None
Austin | None
Brianna | None
Alexander | None
Andrew | None
Madeline | None
Beth | None
Dawn | None
Kara | None
Heather | None
Michelle | None
Luke | None
Leo | None
Matt | None
Mark | None
Markus | None
Jodi | None
Olympia | None
Travell | None
Brianna | None
Ryan | None
Selena | None
Sarah | None
Trisha | None
Tina | None
Talia | None
Sarah | None
Sean | None
Scott | None
Alex | None
Melissa | None
Marty | None
Maria | None
Bob | None
Chad | None
Rodney | None
Leigh | None
Michelle | None
David | None
Deborah | None
Gregory | None
Jose | None
Michael | None
Andrea | None
Damien | None
Janet | None
Manny | None
Kristy | None
Robin | None
Michelle | None
Ray | None
Nancy | None
Trenton | None
Gabriela | None
Rosaura | None
Edgar | None
Michelle | None
Silvia | None
Premier | None
Monica | None
Maria | None
Laura | None
Karla | None
Catina | None
Jacquelynn | None
Cathy | None
Carmen | None
Bella | None
Babette | None
Victoria | None
Daisy | None
Bobby | None
Damaris | None
Kristal | None
Miguel | None
Adriana | None
Sebastian | None
Sandra | None
Jason | None
Scott | None
Rita | None
Sylvia | None
Yisel | None
Ashlee | None
Angelica | None
Ericka | None
Roberto | None
Jane | None
Mara | None
Karen | None
Evelyn | None
Journey | None
Kristen | None
Emily | None
Marysol | None
Amy | None
Deneen | None
Makenzie | None
Abdoul | None
Melanie | None
Gladys | None
Scott | None
Damone | None
Lia | None
Allan | None
Brian | None
Alma | None
Victor | None
Tiffany | None
Matthew | None
Mara | None
Tabitha | None
Carissa | None
Katrina | None
Danae | None
Naty | None
Ryan | None
Samantha | None
Kevin | None
Kathleen | None
Vince | None
Kathryn | None
Lindsey | None
William | None
Grace | None
Paul | None
Justine | None
Alan | None
Sheila | None
Rachel | None
Matt | None
Deborah | None
Carlos | None
Brenton | None
Sheila | None
Corey | None
Brendan | None
Tom | None
Thomas | None
Rafael | None
Quaron | None
Mike | None
Donna | None
Kristen | None
Kevin | None
Frank | None
Connor | None
Lauren | None
Forrest | None
Nicole | None
Patricia | None
daniel | None
Wilder | None
will | None
preston | None
jedidiah | None
maria | None
king | None
edward | None
alex | None
danial | None
dan | None
brock | None
ahmad | None
adam | None
drew | None
Cindi | None
Dallas | None
Kimberly | None
Steve | None
Lou | None
Kenneth | None
Allen | None
Jim | None
Colleen | None
Karla | None
Mastan | None
Lisa | None
Dillon | None
Chris | None
Peggy | None
Drew | None
Bryce | None
Alison | None
Sobeida | None
Shane | None
Samantha | None
Lydia | None
Nicole | None
Junilkys | None
Jillian | None
Gordon | None
Erica | None
Danny | None
Carmen | None
Katie | None
Susan | None
kendra | None
stephanie | None
meme | None
kamille | None
asa | None
corinne | None
kamille | None
ashley | None
carla | None
barbara | None
Blair | None
Abby | None
Parisa | None
Michael | None
Sandy | None
Pilar | None
Romina | None
Juan | None
sean | None
chelsea | None
Sana | None
Nicole | None
Melissa | None
Fabian | None
Jessey | None
Meg | None
Tara | None
Brette | None
Jamie | None
Linda | None
Recruiter | None
Marcel | None
mckenna | None
roy | None
rachel | None
justin | None
louisa | None
josh | None
josé | None
heather | None
gregory | None
dakotah | None
andrew | None
Todd | None
Steven | None
Ryan | None
Phil | None
Nicolle | None
Maureen | None
Marvin | None
Mark | None
Latin | None
Katie | None
Juan | None
Javier | None
Ali | None
Ana | None
Barry | None
Crystal | None
Eddy | None
Brittany | None
Hannah | None
Jenna | None
Jennifer | None
Jessica | None
Graham | None
Brittany | None
Craig | None
Julissa | None
Tory | None
Tol | None
Justin | None
Helen | None
Gideon | None
Brenda | None
Brian | None
vanessa | None
vanessa | None
trent | None
sarah | None
mohamed | None
mirian | None
laura | None
kristen | None
sarah | None
jennifer | None
isaiah | None
gagan | None
ben | None
deanna | None
dara | None
chris | None
chris | None
keeley | None
carla | None
Carmen | None
Aly | None
Dawn | None
Sabrina | None
Taylor | None
Tanner | None
Steve | None
Sean | None
Rachael | None
Melissa | None
Nataly | None
Noreen | None
Annika | None
Bailey | None
Avery | None
Haley | None
Julie | None
Cara | None
GUANCONG | None
Ron | None
Aaron | None
Monique | None
Derrick | None
Drew | None
Timothy | None
Liam | None
christopher | None
Tyler | None
Iryna | None
Kseniia | None
Hercy | None
Cherie | None
Eliyah | None
Stephen | None
Katharine | None
Kristen | None
Dan | None
Gilbert | None
Kylie | None
Kate | None
Nathan | None
Nicholas | None
Rebecca | None
Zach | None
Sydney | None
Victoria | None
Roderick | None
Marc | None
Morgan | None
Lexi | None
Abbey | None
Liz | None
Allison | None
Ashley | None
Alec | None
Danielle | None
Haley | None
John | None
Kaitlyn | None
Brittany | None
Chris | None
Jasmine | None
Lori | None
daniel | None
dulien | None
Olga | None
Kathryn | None
T. | None
Jennifer | None
Daniel | None
Alora | None
Karen | None
Pam | None
Debbie | None
Sara | None
Zara | None
Maximilien | None
Marc | None
Robin | None
Cory | None
christina | None
Lane | None
Amanda | None
Max | None
chikitsa | None
shirly | None
ravi | None
Lesly | None
yam | None
sweety | None
natalia | None
maria | None
christina | None
maría | None
evannee | None
erika | None
francesca | None
hajra | None
Aanal | None
Neha | None
Prerna | None
Pablo | None
Platt | None
Pratik | None
Sam | None
Sean | None
Vaishali | None
Vimal | None
Waleed | None
Wessen | None
Yewen | None
Michal | None
Mesrob | None
Yorick | None
Mack | None
Allison | None
Marinko | None
Ana | None
Andrew | None
Azat | None
Collin | None
Cory | None
Edward | None
Jared | None
Joephy | None
Jorge | None
Kavitha | None
Ki | None
Kristen | None
Lauren | None
Faith | None
Noime | None
Keilah | None
Anjelica | None
Helen | None
Javier | None
Ana | None
Dolphin | None
Chris | None
Lauren | None
Nathan | None
Alfie | None
Jill | None
William | None
Stacia | None
Ryan | None
Raven | None
Steve | None
Laura | None
Kelly | None
Jeremy | None
Betsy | None
Alex | None
Nicole | None
Rick | None
Leo | None
John | None
Aieta | None
Anita | None
Lyndsey | None
Mike | None
Neil | None
Matt | None
Geoff | None
Sharon | None
Unnamed Recruiter | None
Jennifer | None
Nicole | None
Logan | None
trish | None
nikola | None
agata | None
magdalena | None
marina | None
james | None
Amber | None
Brian | None
Claire | None
xiayi | None
Paddy | None
James | None
Rob | None
Faiz | None
Charlie | None
Alison | None
Georgie | None
Rhaniel | None
Sam | None
agustina | None
Elvis | None
Jonathan | None
Rebeca | None
Jacob | None
Sabrina | None
Sam | None
Richard | None
Peter | None
ROBERT | None
Chris | None
Troy | None
Iyyappa | None
haley | None
emily | None
paige | None
bill | None
michele | None
michelle | None
madeleine | None
Matthew | None
Will | None
Travis | None
Stanley | None
Robert | None
Mike | None
Katie | None
Nicholas | None
Joey | None
Jon | None
Alexander | None
Ben | None
Lucia | None
Edmond | None
Ilay | None
Jessica | None
Chris | None
Matt | None
Jessica | None
Mike | None
Jemima | None
Keith | None
Ilona | None
Malissa | None
Catherine | None
okan | None
pavel | None
niels | None
ryan | None
shay | None
rick | None
john | None
mike | None
jay | None
jason | None
ian | None
hyun | None
frank | None
daniel | None
cristy | None
alden | None
bill | None
Terry | None
adam | None
diane | None
Alvie | None
Andrew | None
Bianca | None
Creighton | None
Jeff | None
Louis | None
Kiara | None
Thomas | None
Angela | None
Jessica | None
Lucas | None
Mark | None
Shayna | None
Matthew | None
Javier | None
Eric | None
Jeanae | None
Andrew | None
Brian | None
Michael | None
Amy | None
Rosalie | None
Ramsey | None
Rob | None
Jasmine | None
Khalid | None
Evangelos | None
Meganne | None
Brandy | None
Eric | None
Raymond | None
Courtney | None
molly | None
katie | None
claire | None
jenny | None
emma | None
casey | None
jessica | None
Kara | None
Vanessa | None
Ali | None
Caitlyn | None
Thornton | None
Smith | None
Colletta | None
Levesque | None
DiFiore | None
Trouern-Trend | None
Clapp | None
Mike | None
Jason | None
Dawson | None
Caroline | None
Michael | None
Ryan | None
Rory | None
Kim | None
Heath | None
Elijah | None
Ying | None
Beau | None
Lauren | None
Robin | None
Pramod | None
Gaurav | None
Aaron | None
Landon | None
Adam | None
Sarah | None
Felicia | None
Brittany | None
Emma-Sarah | None
Maryanna | None
Rich | None
LaChuan | None
Charlie | None
Kayana | None
Max | None
Zeinab | None
kris | None
scott | None
tracy | None
Myles | None
elizabeth | None
daniel | None
Hannah | None
Rashad | None
Carrie | None
Elizabeth | None
Kristen | None
Zach | None
Heather | None
Carlos | None
Emma | None
Cheri | None
Alexis | None
Joe | None
brittney | None
justin | None
rob | None
Jessica | None
Tomas | None
rick | None
angella | None
tiffany | None
justin | None
Whitney | None
Taylor | None
Alizabeth | None
Carly | None
Alexa | None
Sarah | None
Virginia | None
Michell | None
James | None
Nilesh | None
Paulina | None
Paula | None
Stephanie | None
lucy | None
Trang | None
Taylor | None
Taylor | None
Mollie | None
Terrence | None
Emily | None
Eric | None
Chris | None
Ce'Mara | None
Carmen | None
Christine | None
Julie | None
Sandy | None
Nicole | None
Emily | None
sara | None
Rhesa | None
julie | None
Mariah | None
scott | None
Duane | None
Judy | None
Griselda | None
Haley | None
Dudley | None
Eric | None
Michelle | None
Kevin | None
Tara | None
Rick | None
Nicole | None
Jamie | None
Karrie | None
Dyandra | None
Chris | None
Melody | None
Christy | None
Carly | None
Ashley | None
Joy | None
Andrea | None
Britt | None
Darrell | None
Savanna | None
Stacy | None
Johnathan | None
Carter | None
Chris | None
Vesna | None
jacqueline | None
Krista | None
Katy | None
Ethan | None
Craig | None
Bruce | None
Amy | None
Nick | None
Sean | None
Stephen | None
Micheal | None
Michael | None
tony | None
jen | None
jacob | None
beth | None
alejandro | None
Courtney | None
Gregory | None
Elizabeth | None
Daisy | None
deborah | None
christina | None
Harvey | None
Meg | None
Dick | None
Mike | None
Zeina | None
Shivum | None
Asa | None
Jared | None
Avi | None
Ben | None
Chris | None
Dan | None
Emily | None
Jeremy | None
Judy | None
Melissa | None
Parnia | None
Sunny | None
Bianca | None
Richard | None
Yaron | None
Zachary | None
CJ | None
allie | None
caitlin | None
courtney | None
jordan | None
mark | None
melissa | None
molly | None
nikki | None
rachel | None
rosalind | None
James | None
Arman | None
dave | None
Brian | None
Claire | None
Jade | None
Joshua | None
Lisa | None
Matt | None
Shannon | None
Stephanie | None
Aidan | None
Kristina | None
Sarah | None
Tashana | None
Pedro | None
Sam | None
Emalee | None
Alesha | None
Jennifer | None
Janelle | None
Richard | None
Craig | None
Susie | None
Jason | None
Rita | None
Meredith | None
Kyle | None
Adam | None
Jake | None
Grace | None
Bryana | None
Molly | None
Brian | None
Monica | None
Elycia | None
Amy | None
Katie | None
JC | None
Devin | None
Evalina | None
Molly | None
Allison | None
Aaron | None
Mudit | None
Emma | None
Cole | None
Charisse | None
Emma | None
Elycia | None
Grace | None
Matt | None
Susan | None
Dana | None
Katarina | None
Kenny | None
Morgaine | None
Grace | None
Recruiter | None
Gene | None
Marissa | None
Anderson | None
Olen | None
John | None
Alexander | None
Ackley | None
Keith | None
Destiny | None
Alain | None
michelle | None
russell | None
Madison | None
Debbie | None
Andrew | None
Deborah | None
Sara | None
Cam | None
Rachid | None
Alexander | None
Shawn | None
Anabel | None
Felicia | None
Amber | None
Olivia | None
Rodrigo | None
Thomas | None
Rhonda | None
Brandon | None
Jennifer | None
QuDasia | None
Thandi | None
Ludovic | None
Amber | None
Craig | None
Monica | None
Helen | None
Jon | None
Jason | None
Andy | None
andrea | None
david | None
jose | None
priscilla | None
Bobbie | None
Bill | None
Michelle | None
Maria | None
michael | None
scott | None
ryan | None
lori | None
kerry | None
alison | None
kevin | None
amy | None
Rick | None
Derrick | None
Wendy | None
Uresa | None
Taylor | None
Nicole | None
Meredith | None
Karrigan | None
Karla | None
Kaleya | None
Marina | None
Elyse | None
Isabelle | None
James | None
Amanda | None
Angel | None
Audrey | None
Kayla | None
Claire | None
Cole | None
Corina | None
Ellen | None
Christina | None
Skye | None
Rebecca | None
Christian | None
megan | None
Stephanie | None
Kimberly | None
Rex | None
tenzing | None
zhen | None
katrina | None
harry | None
maggie | None
drew | None
harrison | None
Alex | None
Rebekah | None
Vivian | None
Vivian | None
Leslie | None
Samantha | None
Amanda | None
Aubrey | None
Christen | None
Jeff | None
Jérôme | None
Niall | None
Niambi | None
Piero | None
Boris | None
Maria | None
Mitch | None
sofia | None
lydia | None
samantha | None
Sonja | None
Sidnee | None
McKenzie | None
PAIGE | None
Cory | None
Shanel | None
Shannon | None
Randy | None
Paul | None
Lisa | None
Louis | None
Jonathan | None
Leyla | None
Carliza | None
Aída | None
James | None
Devrey | None
Asmita | None
Bhavika | None
Claire | None
Jacob | None
George | None
Andrea | None
Ryan | None
Carlos | None
Devin | None
Sean | None
Lauren | None
Nemanja | None
Laura | None
Patricia | None
Pippa | None
Paula | None
Clara | None
Tenzing | None
Esteban | None
Michael | None
John | None
Josh | None
Elias | None
Alicia | None
Lawrence | None
Caitlin | None
Nicole | None
McKenzie | None
Harris | None
Tricia | None
emma | None
Jennifer | None
Margaret | None
Kimberlyn | None
Gastón | None
Fleur | None
Michael | None
Emily | None
Kimberlyn | None
Suzanne | None
Dominic | None
McKamie | None
Raquel | None
Milady | None
Gustavo | None
Stuart | None
Manjusha | None
Bharath | None
Sarah | None
Sushant | None
Stuart | None
vidya | None
Cristiene | None
Jamie | None
Sarvesh | None
Elke | None
Maya | None
Andre | None
Sydney | None
Eric | None
Lucia | None
Nevvar | None
McKamie | None
Felipe | None
Gene | None
Dee | None
Ezequiel | None
Nathalie | None
Laura | None
Ignacio | None
Carol | None
Linda | None
Sebastien | None
Anne | None
Sivakesava | None
Jennifer | None
Debaruna | None
Maya | None
Ted | None
Shyanne | None
Peyton | None
Denyse | None
Jorge | None
Garrett | None
shannon | None
sean | None
sandy | None
monica | None
vivek | None
lamar | None
elsie | None
crystal | None
michael | None
Cassandra | None
Leslye | None
Darrah | None
adnane | None
artyom | None
karen | None
svyatoslav | None
Scott | None
Tim | None
Dave | None
John | None
don | None
Joseph | None
Betsy | None
Mackenzie | None
Bryan | None
Alicia | None
Amber | None
LoriAnn | None
Eric | None
Stephanie | None
Louis | None
Brooks | None
Christopher | None
Richard | None
Christopher | None
Corina | None
christopher | None
shelby | None
Austin | None
Marcel | None
Jim | None
Katelyn | None
Kimberly | None
Tina | None
Adewale | None
Marcos | None
Ozgur | None
Anai | None
Ed | None
Paolo | None
Zoey | None
Jessica | None
kris | None
Craig | None
Oliver | None
James | None
Luke | None
Joy | None
Shirley | None
mitchell | None
patrick | None
Adrian | None
Alona | None
Adrian | None
Michael | None
Anai | None
Ed | None
Robynne | None
Leanne | None
Connor | None
Maggie | None
George | None
Dylan | None
Adrian | None
Gustas | None
Brianna | None
Ciaran | None
Miller | None
Nicholas | None
Patrick | None
Selah | None
Teri | None
Caryl | None
Bianca | None
Joseph | None
Alexandria | None
Ashley | None
Michael | None
Ciarán | None
Aryanna | None
Robert | None
Kristen | None
Hannah | None
Mihaela | None
Ed | None
Alex | None
Jonathan | None
Robynne | None
Leanne | None
Paddy | None
Joanna | None
Gabe | None
Anthony | None
Joe | None
Mandy | None
Helena | None
Lindsay | None
Leslie | None
Marco | None
Jiyeon | None
John | None
Trevor | None
Amir | None
Kimberly | None
Sarah | None
Talhaa | None
Gabrielle | None
James | None
Halley | None
Steven | None
Cam | None
Theresa | None
Mary | None
Lindsay | None
Bob | None
Zakiya | None
Elizabeth | None
Hannah | None
vince | None
olivia | None
madison | None
michaela | None
marc | None
quincee | None
michelle | None
rachel | None
sieanna | None
renee | None
shaun | None
sheima | None
shilpashree | None
sophia | None
tin | None
tom | None
rebecca | None
maddie | None
pranav | None
kayleigh | None
liza | None
benjamin | None
brayan | None
cecilia | None
christaki | None
christi | None
d | None
daniel | None
brett | None
gold | None
hannah | None
joe | None
john | None
johnny | None
katy | None
jordan | None
justin | None
dr | None
kyle | None
jacob | None
hunter | None
ari | None
brady | None
ashley | None
ehsan | None
Kasey | None
Kerry | None
Kate | None
Kojo | None
Nira | None
Michael | None
Nahian | None
Nick | None
Imani | None
Louise | None
Ian | None
Christopher | None
Gregory | None
Eesha | None
Charlotte | None
Channing | None
Catherine | None
Ben | None
Ari | None
Andrea | None
Adam | None
Hayden | None
Edwuin | None
Amy | None
Maggie | None
Zachary | None
Taylor | None
April | None
Heather | None
Kendall | None
Wilma | None
John | None
GiorgettiEthan | None
Ethan | None
Emily | None
Abigail | None
Eliud | None
Cicely | None
Michael | None
Mackenzie | None
Trent | None
Hope | None
sandra | None
raluca | None
leah | None
isabella | None
bulent | None
nicole | None
alexandru | None
john | None
joyce | None
Tamika | None
Anthony | None
Elisha | None
Tessa | None
anna | None
dmytro | None
liudmyla | None
lyubov | None
yuliia | None
yurii | None
Ira | None
Ryan | None
Juan | None
Madison | None
Tatiana | None
Edward | None
Eric | None
Steven | None
Nova | None
Ramsey | None
Cameron | None
Desteny | None
Tierna | None
Manuel | None
Nicole | None
john | None
jon | None
nicholas | None
renyu | None
ronny | None
tracy | None
daniel | None
alan | None
james | None
colleen | None
Scott | None
Victor | None
Anshu | None
Scott | None
Dylan | None
Larry | None
Divya | None
Nathan | None
Tyler | None
Siv | None
Hannah | None
Izaak | None
Britt | None
Ian | None
Karina | None
Kendall | None
Kylie | None
Cam | None
Pam | None
Joshua | None
Lauryn | None
Heather | None
Anna | None
Kathy | None
Cody | None
Allie | None
Carolyn | None
jennifer | None
Peter | None
Frank | None
Reiss | None
Swanson | None
Christina | None
darayle | None
art | None
Jacqueline | None
Julia | None
Stephen | None
Anthony | None
Sarah | None
Emmanuel | None
Charles | None
Tony | None
Tom | None
Joe | None
lauren | None
adam | None
dawn | None
jun | None
Ethan | None
Keegan | None
Joseph | None
Jorge | None
Paul | None
Srikanth | None
Sarah | None
Cyril | None
Wietlisbach | None
Thomas | None
Sean | None
Ryan | None
Raleigh | None
Rachel | None
Rachael | None
Paula | None
Jeffrey | None
Kevin | None
Ericka | None
Eric | None
Emily | None
Chris | None
Angel | None
Andrea | None
Adam | None
Erik | None
Heather | None
Ishan | None
Grace | None
Angelina | None
Mike | None
Thurman | None
Reet | None
Brian | None
Kevin | None
Branden | None
Chris | None
Jana | None
Jamie | None
Breana | None
Chuck | None
ADARSH | None
Rashid | None
Adam | None
Sean | None
Karlie | None
Lisa | None
Pedro | None
Chuck | None
Kimberly | None
Andrew | None
Sidney | None
Angie | None
Maya | None
Gabriella | None
David | None
Steve | None
Matt | None
Rodica | None
Josiah | None
Jody | None
Jessica | None
Michael | None
Jackie | None
Christopher | None
Kristin | None
Jeremy | None
Macaela | None
Taylor | None
Paul | None
Ryan | None
Tami | None
Candace | None
Ariana | None
John | None
Melissa | None
Becky | None
Hoalanh | None
Andy | None
Jennifer | None
SAM | None
Angela | None
Angela | None
Deb | None
Denny | None
Denny | None
Drew | None
Ashley | None
Glenna | None
Sara | None
Kyle | None
Mike | None
Quinn | None
Jesse | None
Rose | None
Sam | None
Shiri | None
Stephanie | None
Tatyana | None
Vinny | None
Aaron | None
Kaitlin | None
Madison | None
Isaiah | None
Benjamin | None
Jordyn | None
Michelle | None
Paulina | None
Sara | None
Shelby | None
Karla | None
Timothy | None
Shauna | None
Bradley | None
Vanessa | None
Katie | None
Ashley | None
Elizabeth | None
Henry | None
Brooklynn | None
Katheen | None
Nadia | None
Francisco | None
Mark | None
Benny | None
Helene | None
Rhonda | None
Bill | None
Brad | None
Brett | None
Claire | None
Jarrod | None
Mike | None
anna | None
denis | None
eve | None
phuong | None
jennifer | None
taylor | None
samantha | None
mo | None
jasmine | None
Stephen | None
Rida | None
Kim | None
Katie | None
Bill | None
karaline | None
justin | None
Lacey | None
Samantha | None
Chad | None
Chad | None
Troy | None
Mikayla | None
David | None
Jason | None
Josh | None
Joy | None
Karissa | None
Kirk | None
John | None
Mark | None
John | None
Mike | None
Joanna | None
Leis | None
Diana | None
Craig | None
Shelley | None
Matt | None
Chiquita | None
Ericka | None
Johanna | None
Nia | None
Troy | None
Karlon | None
Dominique | None
Stefan | None
Peter | None
Thomas | None
Karen | None
Ramy | None
Rebekah | None
Danny | None
Peter | None
Carolina | None
Annemarie | None
Caitlin | None
Olivia | None
Makaila | None
Lydia | None
Amina | None
Alanna | None
Kevin | None
Ryan | None
Brenda | None
Nathan | None
Joshua | None
Viet | None
Michael | None
Felicitas | None
Shakira | None
Sabrina | None
Brittany | None
Erlend | None
Damien | None
Shriya | None
Nicolle | None
Michelle | None
Tony | None
Tony | None
patricia | None
paul | None
patricia | None
sunil | None
sunil | None
vincent | None
priscilla | None
neha | None
kathleen | None
missy | None
amy | None
april | None
bethany | None
brandy | None
carolyn | None
chris | None
cynthia | None
dana | None
dana | None
dave | None
ellen | None
george | None
natalie | None
becky | None
heather | None
heidi | None
heidi | None
irma | None
katie | None
kelly | None
lisa | None
Yves | None
Yves | None
Shea | None
Madison | None
Jenna | None
Alexandra | None
Harry | None
Paula | None
Joshua | None
Kevin | None
Yuki | None
Caitlin | None
Jessica | None
Mariella | None
Karizma | None
Shane | None
Emily | None
Catherine | None
Winnie | None
Carly | None
River | None
AO | None
Emma | None
Riley | None
Alice | None
Nora | None
Justin | None
Maggie | None
Nicolette | None
Alexis | None
Kelli | None
Garrett | None
Aprameya | None
Sabrina | None
Morgan | None
Jenny | None
Rita | None
Alex | None
Phoebe | None
Lillian | None
Meaghan | None
Sarah | None
María | None
Priya | None
Martin | None
Daniel | None
Sheryl | None
Yvonne | None
Norma | None
Cathy | None
Michael | None
Lauren | None
Chason | None
Stian | None
Maricarr | None
Lauren | None
vincent | None
anup | None
arfeen | None
imran | None
james | None
jeffrey | None
kiara | None
rachel | None
randi | None
richard | None
Jennifer | None
Brandy | None
Kerri | None
Ashley | None
Bridget | None
Shenda | None
Evangeline | None
Madelyn | None
Richard | None
Cillian | None
casey | None
kathleen | None
mine | None
sabrina | None
Nate | None
Brad | None
Alejandro | None
Sarah | None
Gabriela | None
Kyle | None
Michelle | None
Stephanie | None
Brent | None
Michelle | None
Molly | None
Nicole | None
Tyler | None
Jasmine | None
Ethan | None
Delaney | None
Madeline | None
Lauren | None
Ally | None
Alexandra | None
Nicole | None
Becky | None
Jeremy | None
Kyle | None
Albert | None
Greg | None
Kyle | None
Erica | None
Shurlon | None
Marcus | None
Lupe | None
Holly | None
Abhilash | None
anna | None
mets | None
ronald | None
Sundas | None
Ashwitha | None
Aaron | None
Corinne | None
Joji | None
Taryn | None
shaunessy | None
rochelle | None
neil | None
jennifer | None
becky | None
ashley | None
Patrick | None
Chimango | None
Esther | None
George | None
Kristi | None
Tashiko | None
Mehnaz | None
Pooja | None
Amanda | None
Becky | None
Betelehem | None
Maki | None
Love | None
Elaine | None
John | None
Diana | None
Jeanine | None
Starrlyn | None
Tesha | None
Viraj | None
Ronel | None
Shradha | None
Andy | None
Hariram | None
Bhagya | None
Rheabelle | None
Bhanu | None
Amy | None
Jeremi | None
Andie | None
Jhovies | None
Jhovies | None
Jimcy | None
Maja | None
Diane | None
Russel | None
Russell | None
Sam | None
Erika | None
Aaradhana | None
Anil | None
Michael | None
Andrew | None
Camille | None
Victoria | None
Edwin | None
Jennifer | None
Prabhakara | None
Jessy | None
Mike | None
Joey | None
Rick | None
Gina | None
Stephen | None
Angela | None
Jordan | None
Hameed | None
Russ | None
Janet | None
Rachel | None
Lauren | None
Lora | None
Robert | None
Janet | None
Brandon | None
Abbie | None
Evilin | None
Carmen | None
Sheena | None
Christina | None
Jyv | None
Alexandra | None
Jennifer | None
Linda | None
Jee | None
Julie | None
Lora | None
Johanna | None
Megan | None
Melissa | None
Pamela | None
Ramesh | None
Sowparanya | None
Ashley | None
Mesha | None
Eric | None
Irwin | None
Carolyn | None
Camille | None
Taresh | None
Jeremi | None
John | None
Alex | None
Jonathan | None
Mark | None
Ravi | None
Abhishek | None
Seetha | None
Mudassar | None
Gunjan | None
Gokul | None
Ankit | None
Amit | None
VisHal | None
MAY | None
Jyv | None
Alyssa | None
Andrew | None
Kari | None
Love | None
Lyka | None
Megan | None
Nick | None
Rochelle | None
Saravanan | None
Summer | None
Tricia | None
Anil | None
Jeremy | None
Shivam | None
Meghna | None
Darian | None
Camille | None
Mayuri | None
Mudassar | None
Rod | None
Darian | None
Gautam | None
Balaji | None
MAY | None
Sunaina | None
Jayanth | None
Craig | None
Keith | None
Marcella | None
Shin | None
Jasmine | None
Gupreet | None
Greg | None
S | None
Joann | None
Vijay | None
Alex | None
Concepcion | None
Concepcion | None
Greg | None
Gupreet | None
Bhanu | None
Maki | None
Sankalp | None
Ma | None
LaShaun | None
Bhawana | None
Samarjeet | None
Akash | None
Raghuveer | None
Vishrut | None
Alexandra | None
Rishav | None
Hayat | None
Natalie | None
Irwin | None
Johanna | None
Stacie | None
Hannah | None
Jennifer | None
Karolina | None
Phillip | None
William | None
Wayne | None
Melissa | None
William | None
David | None
mackenzie | None
Maddie | None
Tasha | None
Lauren | None
Carole | None
Jacqueline | None
Rebecca | None
Steve | None
Tom | None
J | None
Michael | None
Pamela | None
Rebecca | None
ashley | None
christi | None
Ian | None
Maria | None
Mike | None
William | None
Rachel | None
Rajat | None
Sunil | None
Munish | None
Pratima | None
Seth | None
Josie | None
Jhonathan | None
Monica | None
Meena | None
Wayne | None
Taylor | None
Theanne | None
Patrick | None
Joshua | None
Simon | None
Marcia | None
Alex | None
Angela | None
Carly | None
Anthony | None
Caroline | None
John | None
Manuela | None
Micah | None
lisa | None
jordan | None
falyn | None
chris | None
behnam | None
Katherine | None
Anne-Laure | None
Kerry | None
Princeton | None
Ross | None
Allegra | None
Jennifer | None
Devin | None
Ted | None
Manuel | None
angela | None
anthony | None
arnai | None
brienne | None
eric | None
shola | None
shachar | None
yodan | None
quinn | None
iris | None
rachael | None
Rambo | None
Carly | None
Curtis | None
Austin | None
Dina | None
isaiah | None
Toby | None
Sid | None
lauren | None
grace | None
lisa | None
Theresa | None
Casey | None
Rocky | None
Morgan | None
Corey | None
Tanuj | None
Greg | None
Mark | None
Joshua | None
Yaritsa | None
Joan | None
Cindy | None
Priyanka | None
Katrina | None
Eryca | None
Ricardo | None
Avery | None
Marima | None
Lisa | None
Adam | None
wendy | None
Tammy | None
Bruce | None
Melody | None
Tiffany | None
Jessica | None
Bruce | None
Brett | None
Renita | None
Joel | None
Annie | None
Donald | None
Tanya | None
Stevie | None
Serra | None
Nancy | None
Mary | None
Marci | None
Kimberly | None
Anuja | None
Jon | None
Jon | None
Jessica | None
Jazzmin | None
Grant | None
Caitlin | None
Julia | None
Anthony | None
Fraser | None
Tere | None
Cuzzola | None
Denise | None
Sophie | None
Sam | None
Cole | None
Paul | None
Michael | None
Richell | None
James | None
Stanley | None
Nick | None
Tiffany | None
Terri | None
Sharmella | None
Rebecca | None
Margery | None
Abbey | None
Haley | None
Cindy | None
Chris | None
Lauren | None
Tom | None
Tiffany | None
Sharon | None
Sarah | None
Phil | None
Kim | None
Ruth | None
Janette | None
Jamie | None
Julie | None
Gary | None
David | None
Danny | None
Chris | None
Fritz | None
Samantha | None
Benton | None
Jaramie | None
Christopher | None
Connor | None
Amber | None
Jessica | None
Meredith | None
Jessica | None
Kim | None
Vanessa | None
Brandi | None
Vanessa | None
Cole | None
Eugenia | None
Melanie | None
Emily | None
Katherine | None
Jevon | None
Christopher | None
nicholas | None
lydia | None
megan | None
melissa | None
mon | None
natalie | None
paniyn | None
william | None
saibeth | None
samuel | None
stacey | None
teranee | None
luis | None
Grant | None
randi | None
logan | None
Jeremy | None
laurie | None
lisha | None
amanda | None
bonnie | None
cesar | None
dj | None
elic | None
emily | None
erica | None
jake | None
jaymie | None
jennifer | None
john | None
josh | None
juan | None
katelyn | None
francisco | None
Holli | None
Timothy | None
Lesley | None
Ashley | None
Juan | None
Olumide | None
allie | None
andrew | None
jadie | None
leah | None
m'chelle | None
stephanie | None
Mayra | None
nubia | None
melissa | None
cristel | None
Annie | None
Earl | None
Hassen | None
Matt | None
Tina | None
Yolie | None
jaci | None
emily | None
chloe | None
allegra | None
anthony | None
callie | None
Jason | None
Jasmin | None
Jennifer | None
stephanie | None
paul | None
laarni | None
krizzia | None
katherine | None
jerald | None
cindy | None
briana | None
Roderick | None
John | None
Tommy | None
Andy | None
Larissa | None
David | None
Mary | None
Emily | None
Alvina | None
Stephen | None
Sanjib | None
tad | None
michael | None
mark | None
lucas | None
george | None
Chris | None
Shaili | None
Rebecca | None
Jason | None
Ryan | None
Craig | None
libby | None
Tom | None
Thomas | None
Kanupriya | None
Chandra | None
Donna | None
Fardeen | None
Bobby | None
Jim | None
Suspended | None
lipa | None
Laurie | None
Frank | None
James | None
Yena | None
Fabián | None
Roberto | None
Carlos | None
Eduardo | None
Carolina | None
Andres | None
Lynn | None
Oscar | None
José | None
Rafael | None
Ariel | None
Joseph | None
Juan | None
Fernando | None
Gerardo | None
Luis | None
Daniel | None
Arthur | None
Javier | None
Armando | None
Wood | None
Joel | None
Michael | None
Simranpal | None
Stacy | None
Ryan | None
Eric | None
Helene | None
cheryl | None
sara | None
Brian | None
Hayley | None
Oliver | None
Gary | None
Chad | None
Peter | None
Rylan | None
Mary | None
Mary | None
Brenda | None
Rylan | None
Brenda | None
Rich | None
Kellen | None
Kellen | None
Maya | None
Gavin | None
Anton | None
Ling | None
Missie | None
Matt | None
Anthony | None
Iyanuoluwa | None
Rachel | None
makoto | None
Melissa | None
rachel | None
Derrick | None
Laurie | None
Sarah | None
Margo | None
Danielle | None
Maxwell | None
Amber | None
Chris | None
Erik | None
Jessica | None
Lisa | None
Fake Person For Test | None
